00:00 +0: loading D:/Mystery/programming/projects/PYTHON_PROJECTS/focus/focus_gg/focus_flutter/test/widget_test.dart
00:00 +0: App builds (smoke test)
ΓòÉΓòÉΓòí EXCEPTION CAUGHT BY RENDERING LIBRARY Γò₧ΓòÉΓòÉΓòÉΓòÉΓòÉΓòÉΓòÉΓòÉΓòÉΓòÉΓòÉΓòÉΓòÉΓòÉΓòÉΓòÉΓòÉΓòÉΓòÉΓòÉΓòÉΓòÉΓòÉΓòÉΓòÉΓòÉΓòÉΓòÉΓòÉΓòÉΓòÉΓòÉΓòÉΓòÉΓòÉΓòÉΓòÉΓòÉΓòÉΓòÉΓòÉΓòÉΓòÉΓòÉΓòÉΓòÉΓòÉΓòÉΓòÉΓòÉΓòÉΓòÉΓòÉΓòÉΓòÉΓòÉΓòÉ
The following assertion was thrown during performLayout():
RenderFlex children have non-zero flex but incoming width constraints are unbounded.
When a row is in a parent that does not provide a finite width constraint, for example if it is in a
horizontal scrollable, it will try to shrink-wrap its children along the horizontal axis. Setting a
flex on a child (e.g. using Expanded) indicates that the child is to expand to fill the remaining
space in the horizontal direction.
These two directives are mutually exclusive. If a parent is to shrink-wrap its child, the child
cannot simultaneously expand to fit its parent.
Consider setting mainAxisSize to MainAxisSize.min and using FlexFit.loose fits for the flexible
children (using Flexible rather than Expanded). This will allow the flexible children to size
themselves to less than the infinite remaining space they would otherwise be forced to take, and
then will cause the RenderFlex to shrink-wrap the children rather than expanding to fit the maximum
constraints provided by the parent.
If this message did not help you determine the problem, consider using debugDumpRenderTree():
  https://flutter.dev/to/debug-render-layer
  https://api.flutter.dev/flutter/rendering/debugDumpRenderTree.html
The affected RenderFlex is:
  RenderFlex#f9bde relayoutBoundary=up41 NEEDS-PAINT NEEDS-COMPOSITING-BITS-UPDATE(creator: Row ΓåÉ Align ΓåÉ Padding ΓåÉ Listener ΓåÉ RawGestureDetector ΓåÉ GestureDetector ΓåÉ Semantics ΓåÉ DefaultSelectionStyle ΓåÉ Builder ΓåÉ MouseRegion ΓåÉ Semantics ΓåÉ _FocusInheritedScope ΓåÉ Γï», parentData: offset=Offset(0.0, 0.0) (can use size), constraints: BoxConstraints(unconstrained), size: MISSING, direction: horizontal, mainAxisAlignment: center, mainAxisSize: max, crossAxisAlignment: center, textDirection: ltr, verticalDirection: down, spacing: 0.0)
The creator information is set to:
  Row ΓåÉ Align ΓåÉ Padding ΓåÉ Listener ΓåÉ RawGestureDetector ΓåÉ GestureDetector ΓåÉ Semantics ΓåÉ
  DefaultSelectionStyle ΓåÉ Builder ΓåÉ MouseRegion ΓåÉ Semantics ΓåÉ _FocusInheritedScope ΓåÉ Γï»
The nearest ancestor providing an unbounded width constraint is: RenderFlex#c9e0f relayoutBoundary=up27 NEEDS-LAYOUT NEEDS-PAINT NEEDS-COMPOSITING-BITS-UPDATE:
  creator: Row ΓåÉ Column ΓåÉ LayoutBuilder ΓåÉ Padding ΓåÉ Stack ΓåÉ Padding ΓåÉ DecoratedBox ΓåÉ Container ΓåÉ Stack
    ΓåÉ Listener ΓåÉ _GestureSemantics ΓåÉ RawGestureDetector ΓåÉ Γï»
  parentData: offset=Offset(0.0, 0.0); flex=null; fit=null (can use size)
  constraints: BoxConstraints(w=718.0, 0.0<=h<=Infinity)
  size: MISSING
  direction: horizontal
  mainAxisAlignment: start
  mainAxisSize: max
  crossAxisAlignment: start
  textDirection: ltr
  verticalDirection: down
  spacing: 0.0
See also: https://flutter.dev/unbounded-constraints
If none of the above helps enough to fix this problem, please don't hesitate to file a bug:
  https://github.com/flutter/flutter/issues/new?template=02_bug.yml

The relevant error-causing widget was:
  Row
  Row:file:///D:/Mystery/programming/projects/PYTHON_PROJECTS/focus/focus_gg/focus_flutter/lib/shared/widgets/cyber_button.dart:73:22

When the exception was thrown, this was the stack:
#0      RenderFlex.performLayout.<anonymous closure> (package:flutter/src/rendering/flex.dart:1252:9)
#1      RenderFlex.performLayout (package:flutter/src/rendering/flex.dart:1255:6)
#2      RenderObject.layout (package:flutter/src/rendering/object.dart:2775:7)
#3      RenderPositionedBox.performLayout (package:flutter/src/rendering/shifted_box.dart:465:14)
#4      RenderObject.layout (package:flutter/src/rendering/object.dart:2775:7)
#5      RenderPadding.performLayout (package:flutter/src/rendering/shifted_box.dart:243:12)
#6      RenderObject.layout (package:flutter/src/rendering/object.dart:2775:7)
#7      RenderProxyBoxMixin.performLayout (package:flutter/src/rendering/proxy_box.dart:115:18)
#8      RenderObject.layout (package:flutter/src/rendering/object.dart:2775:7)
#9      RenderProxyBoxMixin.performLayout (package:flutter/src/rendering/proxy_box.dart:115:18)
#10     RenderObject.layout (package:flutter/src/rendering/object.dart:2775:7)
#11     RenderProxyBoxMixin.performLayout (package:flutter/src/rendering/proxy_box.dart:115:18)
#12     RenderObject.layout (package:flutter/src/rendering/object.dart:2775:7)
#13     RenderProxyBoxMixin.performLayout (package:flutter/src/rendering/proxy_box.dart:115:18)
#14     RenderObject.layout (package:flutter/src/rendering/object.dart:2775:7)
#15     RenderProxyBoxMixin.performLayout (package:flutter/src/rendering/proxy_box.dart:115:18)
#16     RenderObject.layout (package:flutter/src/rendering/object.dart:2775:7)
#17     RenderProxyBoxMixin.performLayout (package:flutter/src/rendering/proxy_box.dart:115:18)
#18     RenderCustomPaint.performLayout (package:flutter/src/rendering/custom_paint.dart:574:11)
#19     RenderObject.layout (package:flutter/src/rendering/object.dart:2775:7)
#20     RenderProxyBoxMixin.performLayout (package:flutter/src/rendering/proxy_box.dart:115:18)
#21     _RenderCustomClip.performLayout (package:flutter/src/rendering/proxy_box.dart:1481:11)
#22     RenderObject.layout (package:flutter/src/rendering/object.dart:2775:7)
#23     RenderConstrainedBox.performLayout (package:flutter/src/rendering/proxy_box.dart:293:14)
#24     RenderObject.layout (package:flutter/src/rendering/object.dart:2775:7)
#25     ChildLayoutHelper.layoutChild (package:flutter/src/rendering/layout_helper.dart:62:11)
#26     _RenderInputPadding._computeSize (package:flutter/src/material/button_style_button.dart:698:41)
#27     _RenderInputPadding.performLayout (package:flutter/src/material/button_style_button.dart:728:12)
#28     RenderObject.layout (package:flutter/src/rendering/object.dart:2775:7)
#29     RenderProxyBoxMixin.performLayout (package:flutter/src/rendering/proxy_box.dart:115:18)
#30     RenderObject.layout (package:flutter/src/rendering/object.dart:2775:7)
#31     ChildLayoutHelper.layoutChild (package:flutter/src/rendering/layout_helper.dart:62:11)
#32     RenderFlex._computeSizes (package:flutter/src/rendering/flex.dart:1161:28)
#33     RenderFlex.performLayout (package:flutter/src/rendering/flex.dart:1257:32)
#34     RenderObject.layout (package:flutter/src/rendering/object.dart:2775:7)
#35     ChildLayoutHelper.layoutChild (package:flutter/src/rendering/layout_helper.dart:62:11)
#36     RenderFlex._computeSizes (package:flutter/src/rendering/flex.dart:1161:28)
#37     RenderFlex.performLayout (package:flutter/src/rendering/flex.dart:1257:32)
#38     RenderObject.layout (package:flutter/src/rendering/object.dart:2775:7)
#39     ChildLayoutHelper.layoutChild (package:flutter/src/rendering/layout_helper.dart:62:11)
#40     RenderFlex._computeSizes (package:flutter/src/rendering/flex.dart:1161:28)
#41     RenderFlex.performLayout (package:flutter/src/rendering/flex.dart:1257:32)
#42     RenderObject.layout (package:flutter/src/rendering/object.dart:2775:7)
#43     _RenderLayoutBuilder.performLayout (package:flutter/src/widgets/layout_builder.dart:450:14)
#44     RenderObject.layout (package:flutter/src/rendering/object.dart:2775:7)
#45     RenderPadding.performLayout (package:flutter/src/rendering/shifted_box.dart:243:12)
#46     RenderObject.layout (package:flutter/src/rendering/object.dart:2775:7)
#47     ChildLayoutHelper.layoutChild (package:flutter/src/rendering/layout_helper.dart:62:11)
#48     RenderStack._computeSize (package:flutter/src/rendering/stack.dart:645:43)
#49     RenderStack.performLayout (package:flutter/src/rendering/stack.dart:680:12)
#50     RenderObject.layout (package:flutter/src/rendering/object.dart:2775:7)
#51     RenderPadding.performLayout (package:flutter/src/rendering/shifted_box.dart:243:12)
#52     RenderObject.layout (package:flutter/src/rendering/object.dart:2775:7)
#53     RenderProxyBoxMixin.performLayout (package:flutter/src/rendering/proxy_box.dart:115:18)
#54     RenderObject.layout (package:flutter/src/rendering/object.dart:2775:7)
#55     ChildLayoutHelper.layoutChild (package:flutter/src/rendering/layout_helper.dart:62:11)
#56     RenderStack._computeSize (package:flutter/src/rendering/stack.dart:645:43)
#57     RenderStack.performLayout (package:flutter/src/rendering/stack.dart:680:12)
#58     RenderObject.layout (package:flutter/src/rendering/object.dart:2775:7)
#59     RenderProxyBoxMixin.performLayout (package:flutter/src/rendering/proxy_box.dart:115:18)
#60     RenderObject.layout (package:flutter/src/rendering/object.dart:2775:7)
#61     RenderProxyBoxMixin.performLayout (package:flutter/src/rendering/proxy_box.dart:115:18)
#62     RenderObject.layout (package:flutter/src/rendering/object.dart:2775:7)
#63     ChildLayoutHelper.layoutChild (package:flutter/src/rendering/layout_helper.dart:62:11)
#64     RenderStack._computeSize (package:flutter/src/rendering/stack.dart:645:43)
#65     RenderStack.performLayout (package:flutter/src/rendering/stack.dart:680:12)
#66     RenderObject.layout (package:flutter/src/rendering/object.dart:2775:7)
#67     RenderProxyBoxMixin.performLayout (package:flutter/src/rendering/proxy_box.dart:115:18)
#68     RenderObject.layout (package:flutter/src/rendering/object.dart:2775:7)
#69     RenderProxyBoxMixin.performLayout (package:flutter/src/rendering/proxy_box.dart:115:18)
#70     RenderObject.layout (package:flutter/src/rendering/object.dart:2775:7)
#71     ChildLayoutHelper.layoutChild (package:flutter/src/rendering/layout_helper.dart:62:11)
#72     RenderFlex._computeSizes (package:flutter/src/rendering/flex.dart:1161:28)
#73     RenderFlex.performLayout (package:flutter/src/rendering/flex.dart:1257:32)
#74     RenderObject.layout (package:flutter/src/rendering/object.dart:2775:7)
#75     RenderPadding.performLayout (package:flutter/src/rendering/shifted_box.dart:243:12)
#76     RenderObject.layout (package:flutter/src/rendering/object.dart:2775:7)
#77     RenderConstrainedBox.performLayout (package:flutter/src/rendering/proxy_box.dart:293:14)
#78     RenderObject.layout (package:flutter/src/rendering/object.dart:2775:7)
#79     RenderPositionedBox.performLayout (package:flutter/src/rendering/shifted_box.dart:465:14)
#80     RenderObject.layout (package:flutter/src/rendering/object.dart:2775:7)
#81     RenderPadding.performLayout (package:flutter/src/rendering/shifted_box.dart:243:12)
#82     RenderObject.layout (package:flutter/src/rendering/object.dart:2775:7)
#83     _RenderSingleChildViewport.performLayout (package:flutter/src/widgets/single_child_scroll_view.dart:502:14)
#84     RenderObject.layout (package:flutter/src/rendering/object.dart:2775:7)
#85     RenderProxyBoxMixin.performLayout (package:flutter/src/rendering/proxy_box.dart:115:18)
#86     RenderObject.layout (package:flutter/src/rendering/object.dart:2775:7)
#87     RenderProxyBoxMixin.performLayout (package:flutter/src/rendering/proxy_box.dart:115:18)
#88     RenderObject.layout (package:flutter/src/rendering/object.dart:2775:7)
#89     RenderProxyBoxMixin.performLayout (package:flutter/src/rendering/proxy_box.dart:115:18)
#90     RenderObject.layout (package:flutter/src/rendering/object.dart:2775:7)
#91     RenderProxyBoxMixin.performLayout (package:flutter/src/rendering/proxy_box.dart:115:18)
#92     RenderObject.layout (package:flutter/src/rendering/object.dart:2775:7)
#93     RenderProxyBoxMixin.performLayout (package:flutter/src/rendering/proxy_box.dart:115:18)
#94     RenderObject.layout (package:flutter/src/rendering/object.dart:2775:7)
#95     RenderProxyBoxMixin.performLayout (package:flutter/src/rendering/proxy_box.dart:115:18)
#96     RenderObject.layout (package:flutter/src/rendering/object.dart:2775:7)
#97     RenderProxyBoxMixin.performLayout (package:flutter/src/rendering/proxy_box.dart:115:18)
#98     RenderObject.layout (package:flutter/src/rendering/object.dart:2775:7)
#99     RenderProxyBoxMixin.performLayout (package:flutter/src/rendering/proxy_box.dart:115:18)
#100    _RenderCustomClip.performLayout (package:flutter/src/rendering/proxy_box.dart:1481:11)
#101    RenderObject.layout (package:flutter/src/rendering/object.dart:2775:7)
#102    MultiChildLayoutDelegate.layoutChild (package:flutter/src/rendering/custom_layout.dart:180:12)
#103    _ScaffoldLayout.performLayout (package:flutter/src/material/scaffold.dart:1112:7)
#104    MultiChildLayoutDelegate._callPerformLayout (package:flutter/src/rendering/custom_layout.dart:249:7)
#105    RenderCustomMultiChildLayoutBox.performLayout (package:flutter/src/rendering/custom_layout.dart:420:14)
#106    RenderObject.layout (package:flutter/src/rendering/object.dart:2775:7)
#107    RenderProxyBoxMixin.performLayout (package:flutter/src/rendering/proxy_box.dart:115:18)
#108    RenderObject.layout (package:flutter/src/rendering/object.dart:2775:7)
#109    RenderProxyBoxMixin.performLayout (package:flutter/src/rendering/proxy_box.dart:115:18)
#110    _RenderCustomClip.performLayout (package:flutter/src/rendering/proxy_box.dart:1481:11)
#111    RenderObject.layout (package:flutter/src/rendering/object.dart:2775:7)
#112    RenderProxyBoxMixin.performLayout (package:flutter/src/rendering/proxy_box.dart:115:18)
#113    RenderObject.layout (package:flutter/src/rendering/object.dart:2775:7)
#114    RenderProxyBoxMixin.performLayout (package:flutter/src/rendering/proxy_box.dart:115:18)
#115    RenderObject.layout (package:flutter/src/rendering/object.dart:2775:7)
#116    RenderProxyBoxMixin.performLayout (package:flutter/src/rendering/proxy_box.dart:115:18)
#117    RenderObject.layout (package:flutter/src/rendering/object.dart:2775:7)
#118    RenderProxyBoxMixin.performLayout (package:flutter/src/rendering/proxy_box.dart:115:18)
#119    RenderObject.layout (package:flutter/src/rendering/object.dart:2775:7)
#120    RenderProxyBoxMixin.performLayout (package:flutter/src/rendering/proxy_box.dart:115:18)
#121    RenderObject.layout (package:flutter/src/rendering/object.dart:2775:7)
#122    RenderProxyBoxMixin.performLayout (package:flutter/src/rendering/proxy_box.dart:115:18)
#123    RenderOffstage.performLayout (package:flutter/src/rendering/proxy_box.dart:3848:13)
#124    RenderObject.layout (package:flutter/src/rendering/object.dart:2775:7)
#125    RenderProxyBoxMixin.performLayout (package:flutter/src/rendering/proxy_box.dart:115:18)
#126    RenderObject.layout (package:flutter/src/rendering/object.dart:2775:7)
#127    _RenderTheaterMixin.layoutChild (package:flutter/src/widgets/overlay.dart:1084:13)
#128    _RenderTheater.performLayout (package:flutter/src/widgets/overlay.dart:1429:9)
#129    RenderObject.layout (package:flutter/src/rendering/object.dart:2775:7)
#130    RenderProxyBoxMixin.performLayout (package:flutter/src/rendering/proxy_box.dart:115:18)
#131    RenderObject.layout (package:flutter/src/rendering/object.dart:2775:7)
#132    RenderProxyBoxMixin.performLayout (package:flutter/src/rendering/proxy_box.dart:115:18)
#133    RenderObject.layout (package:flutter/src/rendering/object.dart:2775:7)
#134    MultiChildLayoutDelegate.layoutChild (package:flutter/src/rendering/custom_layout.dart:180:12)
#135    _ScaffoldLayout.performLayout (package:flutter/src/material/scaffold.dart:1112:7)
#136    MultiChildLayoutDelegate._callPerformLayout (package:flutter/src/rendering/custom_layout.dart:249:7)
#137    RenderCustomMultiChildLayoutBox.performLayout (package:flutter/src/rendering/custom_layout.dart:420:14)
#138    RenderObject.layout (package:flutter/src/rendering/object.dart:2775:7)
#139    RenderProxyBoxMixin.performLayout (package:flutter/src/rendering/proxy_box.dart:115:18)
#140    RenderObject.layout (package:flutter/src/rendering/object.dart:2775:7)
#141    RenderProxyBoxMixin.performLayout (package:flutter/src/rendering/proxy_box.dart:115:18)
#142    _RenderCustomClip.performLayout (package:flutter/src/rendering/proxy_box.dart:1481:11)
#143    RenderObject.layout (package:flutter/src/rendering/object.dart:2775:7)
#144    RenderProxyBoxMixin.performLayout (package:flutter/src/rendering/proxy_box.dart:115:18)
#145    RenderObject.layout (package:flutter/src/rendering/object.dart:2775:7)
#146    RenderProxyBoxMixin.performLayout (package:flutter/src/rendering/proxy_box.dart:115:18)
#147    RenderObject.layout (package:flutter/src/rendering/object.dart:2775:7)
#148    RenderProxyBoxMixin.performLayout (package:flutter/src/rendering/proxy_box.dart:115:18)
#149    RenderObject.layout (package:flutter/src/rendering/object.dart:2775:7)
#150    RenderProxyBoxMixin.performLayout (package:flutter/src/rendering/proxy_box.dart:115:18)
#151    RenderObject.layout (package:flutter/src/rendering/object.dart:2775:7)
#152    RenderProxyBoxMixin.performLayout (package:flutter/src/rendering/proxy_box.dart:115:18)
#153    RenderObject.layout (package:flutter/src/rendering/object.dart:2775:7)
#154    RenderProxyBoxMixin.performLayout (package:flutter/src/rendering/proxy_box.dart:115:18)
#155    RenderObject.layout (package:flutter/src/rendering/object.dart:2775:7)
#156    RenderProxyBoxMixin.performLayout (package:flutter/src/rendering/proxy_box.dart:115:18)
#157    RenderObject.layout (package:flutter/src/rendering/object.dart:2775:7)
#158    RenderProxyBoxMixin.performLayout (package:flutter/src/rendering/proxy_box.dart:115:18)
#159    RenderObject.layout (package:flutter/src/rendering/object.dart:2775:7)
#160    RenderProxyBoxMixin.performLayout (package:flutter/src/rendering/proxy_box.dart:115:18)
#161    RenderObject.layout (package:flutter/src/rendering/object.dart:2775:7)
#162    RenderProxyBoxMixin.performLayout (package:flutter/src/rendering/proxy_box.dart:115:18)
#163    RenderObject.layout (package:flutter/src/rendering/object.dart:2775:7)
#164    RenderProxyBoxMixin.performLayout (package:flutter/src/rendering/proxy_box.dart:115:18)
#165    RenderObject.layout (package:flutter/src/rendering/object.dart:2775:7)
#166    RenderProxyBoxMixin.performLayout (package:flutter/src/rendering/proxy_box.dart:115:18)
#167    RenderObject.layout (package:flutter/src/rendering/object.dart:2775:7)
#168    RenderProxyBoxMixin.performLayout (package:flutter/src/rendering/proxy_box.dart:115:18)
#169    RenderObject.layout (package:flutter/src/rendering/object.dart:2775:7)
#170    RenderProxyBoxMixin.performLayout (package:flutter/src/rendering/proxy_box.dart:115:18)
#171    RenderObject.layout (package:flutter/src/rendering/object.dart:2775:7)
#172    RenderProxyBoxMixin.performLayout (package:flutter/src/rendering/proxy_box.dart:115:18)
#173    RenderObject.layout (package:flutter/src/rendering/object.dart:2775:7)
#174    RenderProxyBoxMixin.performLayout (package:flutter/src/rendering/proxy_box.dart:115:18)
#175    RenderOffstage.performLayout (package:flutter/src/rendering/proxy_box.dart:3848:13)
#176    RenderObject.layout (package:flutter/src/rendering/object.dart:2775:7)
#177    RenderProxyBoxMixin.performLayout (package:flutter/src/rendering/proxy_box.dart:115:18)
#178    RenderObject.layout (package:flutter/src/rendering/object.dart:2775:7)
#179    _RenderTheaterMixin.layoutChild (package:flutter/src/widgets/overlay.dart:1084:13)
#180    _RenderTheater.performLayout (package:flutter/src/widgets/overlay.dart:1429:9)
#181    RenderObject.layout (package:flutter/src/rendering/object.dart:2775:7)
#182    RenderProxyBoxMixin.performLayout (package:flutter/src/rendering/proxy_box.dart:115:18)
#183    RenderObject.layout (package:flutter/src/rendering/object.dart:2775:7)
#184    RenderProxyBoxMixin.performLayout (package:flutter/src/rendering/proxy_box.dart:115:18)
#185    RenderObject.layout (package:flutter/src/rendering/object.dart:2775:7)
#186    ChildLayoutHelper.layoutChild (package:flutter/src/rendering/layout_helper.dart:62:11)
#187    RenderStack._computeSize (package:flutter/src/rendering/stack.dart:645:43)
#188    RenderStack.performLayout (package:flutter/src/rendering/stack.dart:680:12)
#189    RenderObject.layout (package:flutter/src/rendering/object.dart:2775:7)
#190    RenderProxyBoxMixin.performLayout (package:flutter/src/rendering/proxy_box.dart:115:18)
#191    RenderObject.layout (package:flutter/src/rendering/object.dart:2775:7)
#192    RenderProxyBoxMixin.performLayout (package:flutter/src/rendering/proxy_box.dart:115:18)
#193    RenderObject.layout (package:flutter/src/rendering/object.dart:2775:7)
#194    RenderProxyBoxMixin.performLayout (package:flutter/src/rendering/proxy_box.dart:115:18)
#195    RenderObject.layout (package:flutter/src/rendering/object.dart:2775:7)
#196    RenderProxyBoxMixin.performLayout (package:flutter/src/rendering/proxy_box.dart:115:18)
#197    RenderObject.layout (package:flutter/src/rendering/object.dart:2775:7)
#198    RenderProxyBoxMixin.performLayout (package:flutter/src/rendering/proxy_box.dart:115:18)
#199    RenderObject.layout (package:flutter/src/rendering/object.dart:2775:7)
#200    RenderProxyBoxMixin.performLayout (package:flutter/src/rendering/proxy_box.dart:115:18)
#201    RenderObject.layout (package:flutter/src/rendering/object.dart:2775:7)
#202    RenderView.performLayout (package:flutter/src/rendering/view.dart:294:12)
#203    RenderObject._layoutWithoutResize (package:flutter/src/rendering/object.dart:2623:7)
#204    PipelineOwner.flushLayout (package:flutter/src/rendering/object.dart:1170:18)
#205    PipelineOwner.flushLayout (package:flutter/src/rendering/object.dart:1183:15)
#206    AutomatedTestWidgetsFlutterBinding.drawFrame (package:flutter_test/src/binding.dart:1508:27)
#207    RendererBinding._handlePersistentFrameCallback (package:flutter/src/rendering/binding.dart:495:5)
#208    SchedulerBinding._invokeFrameCallback (package:flutter/src/scheduler/binding.dart:1434:15)
#209    SchedulerBinding.handleDrawFrame (package:flutter/src/scheduler/binding.dart:1347:9)
#210    AutomatedTestWidgetsFlutterBinding.pump.<anonymous closure> (package:flutter_test/src/binding.dart:1335:9)
#213    TestAsyncUtils.guard (package:flutter_test/src/test_async_utils.dart:74:41)
#214    AutomatedTestWidgetsFlutterBinding.pump (package:flutter_test/src/binding.dart:1324:27)
#215    WidgetTester.pumpWidget.<anonymous closure> (package:flutter_test/src/widget_tester.dart:598:22)
#218    TestAsyncUtils.guard (package:flutter_test/src/test_async_utils.dart:74:41)
#219    WidgetTester.pumpWidget (package:flutter_test/src/widget_tester.dart:595:27)
#220    main.<anonymous closure> (file:///D:/Mystery/programming/projects/PYTHON_PROJECTS/focus/focus_gg/focus_flutter/test/widget_test.dart:19:18)
#221    testWidgets.<anonymous closure>.<anonymous closure> (package:flutter_test/src/widget_tester.dart:192:29)
<asynchronous suspension>
#222    TestWidgetsFlutterBinding._runTestBody (package:flutter_test/src/binding.dart:1059:5)
<asynchronous suspension>
<asynchronous suspension>
(elided 5 frames from dart:async and package:stack_trace)

The following RenderObject was being processed when the exception was fired: RenderFlex#f9bde relayoutBoundary=up41 NEEDS-PAINT NEEDS-COMPOSITING-BITS-UPDATE:
  creator: Row ΓåÉ Align ΓåÉ Padding ΓåÉ Listener ΓåÉ RawGestureDetector ΓåÉ GestureDetector ΓåÉ Semantics ΓåÉ
    DefaultSelectionStyle ΓåÉ Builder ΓåÉ MouseRegion ΓåÉ Semantics ΓåÉ _FocusInheritedScope ΓåÉ Γï»
  parentData: offset=Offset(0.0, 0.0) (can use size)
  constraints: BoxConstraints(unconstrained)
  size: MISSING
  direction: horizontal
  mainAxisAlignment: center
  mainAxisSize: max
  crossAxisAlignment: center
  textDirection: ltr
  verticalDirection: down
  spacing: 0.0
This RenderObject had the following descendants (showing up to depth 5):
    child 1: RenderParagraph#f29fc NEEDS-LAYOUT NEEDS-PAINT
      text: TextSpan
ΓòÉΓòÉΓòÉΓòÉΓòÉΓòÉΓòÉΓòÉΓòÉΓòÉΓòÉΓòÉΓòÉΓòÉΓòÉΓòÉΓòÉΓòÉΓòÉΓòÉΓòÉΓòÉΓòÉΓòÉΓòÉΓòÉΓòÉΓòÉΓòÉΓòÉΓòÉΓòÉΓòÉΓòÉΓòÉΓòÉΓòÉΓòÉΓòÉΓòÉΓòÉΓòÉΓòÉΓòÉΓòÉΓòÉΓòÉΓòÉΓòÉΓòÉΓòÉΓòÉΓòÉΓòÉΓòÉΓòÉΓòÉΓòÉΓòÉΓòÉΓòÉΓòÉΓòÉΓòÉΓòÉΓòÉΓòÉΓòÉΓòÉΓòÉΓòÉΓòÉΓòÉΓòÉΓòÉΓòÉΓòÉΓòÉΓòÉΓòÉΓòÉΓòÉΓòÉΓòÉΓòÉΓòÉΓòÉΓòÉΓòÉΓòÉΓòÉΓòÉΓòÉΓòÉΓòÉΓòÉΓòÉΓòÉΓòÉΓòÉ
ΓòÉΓòÉΓòí EXCEPTION CAUGHT BY RENDERING LIBRARY Γò₧ΓòÉΓòÉΓòÉΓòÉΓòÉΓòÉΓòÉΓòÉΓòÉΓòÉΓòÉΓòÉΓòÉΓòÉΓòÉΓòÉΓòÉΓòÉΓòÉΓòÉΓòÉΓòÉΓòÉΓòÉΓòÉΓòÉΓòÉΓòÉΓòÉΓòÉΓòÉΓòÉΓòÉΓòÉΓòÉΓòÉΓòÉΓòÉΓòÉΓòÉΓòÉΓòÉΓòÉΓòÉΓòÉΓòÉΓòÉΓòÉΓòÉΓòÉΓòÉΓòÉΓòÉΓòÉΓòÉΓòÉΓòÉ
The following assertion was thrown during performLayout():
RenderBox was not laid out: RenderFlex#f9bde relayoutBoundary=up41 NEEDS-PAINT
NEEDS-COMPOSITING-BITS-UPDATE
'package:flutter/src/rendering/box.dart':
Failed assertion: line 2251 pos 12: 'hasSize'

Either the assertion indicates an error in the framework itself, or we should provide substantially
more information in this error message to help you determine and fix the underlying cause.
In either case, please report this assertion by filing a bug on GitHub:
  https://github.com/flutter/flutter/issues/new?template=02_bug.yml

The relevant error-causing widget was:
  ElevatedButton
  ElevatedButton:file:///D:/Mystery/programming/projects/PYTHON_PROJECTS/focus/focus_gg/focus_flutter/lib/shared/widgets/cyber_button.dart:97:12

When the exception was thrown, this was the stack:
#2      RenderBox.size (package:flutter/src/rendering/box.dart:2251:12)
#3      RenderPositionedBox.performLayout (package:flutter/src/rendering/shifted_box.dart:468:36)
#4      RenderObject.layout (package:flutter/src/rendering/object.dart:2775:7)
#5      RenderPadding.performLayout (package:flutter/src/rendering/shifted_box.dart:243:12)
#6      RenderObject.layout (package:flutter/src/rendering/object.dart:2775:7)
#7      RenderProxyBoxMixin.performLayout (package:flutter/src/rendering/proxy_box.dart:115:18)
#8      RenderObject.layout (package:flutter/src/rendering/object.dart:2775:7)
#9      RenderProxyBoxMixin.performLayout (package:flutter/src/rendering/proxy_box.dart:115:18)
#10     RenderObject.layout (package:flutter/src/rendering/object.dart:2775:7)
#11     RenderProxyBoxMixin.performLayout (package:flutter/src/rendering/proxy_box.dart:115:18)
#12     RenderObject.layout (package:flutter/src/rendering/object.dart:2775:7)
#13     RenderProxyBoxMixin.performLayout (package:flutter/src/rendering/proxy_box.dart:115:18)
#14     RenderObject.layout (package:flutter/src/rendering/object.dart:2775:7)
#15     RenderProxyBoxMixin.performLayout (package:flutter/src/rendering/proxy_box.dart:115:18)
#16     RenderObject.layout (package:flutter/src/rendering/object.dart:2775:7)
#17     RenderProxyBoxMixin.performLayout (package:flutter/src/rendering/proxy_box.dart:115:18)
#18     RenderCustomPaint.performLayout (package:flutter/src/rendering/custom_paint.dart:574:11)
#19     RenderObject.layout (package:flutter/src/rendering/object.dart:2775:7)
#20     RenderProxyBoxMixin.performLayout (package:flutter/src/rendering/proxy_box.dart:115:18)
#21     _RenderCustomClip.performLayout (package:flutter/src/rendering/proxy_box.dart:1481:11)
#22     RenderObject.layout (package:flutter/src/rendering/object.dart:2775:7)
#23     RenderConstrainedBox.performLayout (package:flutter/src/rendering/proxy_box.dart:293:14)
#24     RenderObject.layout (package:flutter/src/rendering/object.dart:2775:7)
#25     ChildLayoutHelper.layoutChild (package:flutter/src/rendering/layout_helper.dart:62:11)
#26     _RenderInputPadding._computeSize (package:flutter/src/material/button_style_button.dart:698:41)
#27     _RenderInputPadding.performLayout (package:flutter/src/material/button_style_button.dart:728:12)
#28     RenderObject.layout (package:flutter/src/rendering/object.dart:2775:7)
#29     RenderProxyBoxMixin.performLayout (package:flutter/src/rendering/proxy_box.dart:115:18)
#30     RenderObject.layout (package:flutter/src/rendering/object.dart:2775:7)
#31     ChildLayoutHelper.layoutChild (package:flutter/src/rendering/layout_helper.dart:62:11)
#32     RenderFlex._computeSizes (package:flutter/src/rendering/flex.dart:1161:28)
#33     RenderFlex.performLayout (package:flutter/src/rendering/flex.dart:1257:32)
#34     RenderObject.layout (package:flutter/src/rendering/object.dart:2775:7)
#35     ChildLayoutHelper.layoutChild (package:flutter/src/rendering/layout_helper.dart:62:11)
#36     RenderFlex._computeSizes (package:flutter/src/rendering/flex.dart:1161:28)
#37     RenderFlex.performLayout (package:flutter/src/rendering/flex.dart:1257:32)
#38     RenderObject.layout (package:flutter/src/rendering/object.dart:2775:7)
#39     ChildLayoutHelper.layoutChild (package:flutter/src/rendering/layout_helper.dart:62:11)
#40     RenderFlex._computeSizes (package:flutter/src/rendering/flex.dart:1161:28)
#41     RenderFlex.performLayout (package:flutter/src/rendering/flex.dart:1257:32)
#42     RenderObject.layout (package:flutter/src/rendering/object.dart:2775:7)
#43     _RenderLayoutBuilder.performLayout (package:flutter/src/widgets/layout_builder.dart:450:14)
#44     RenderObject.layout (package:flutter/src/rendering/object.dart:2775:7)
#45     RenderPadding.performLayout (package:flutter/src/rendering/shifted_box.dart:243:12)
#46     RenderObject.layout (package:flutter/src/rendering/object.dart:2775:7)
#47     ChildLayoutHelper.layoutChild (package:flutter/src/rendering/layout_helper.dart:62:11)
#48     RenderStack._computeSize (package:flutter/src/rendering/stack.dart:645:43)
#49     RenderStack.performLayout (package:flutter/src/rendering/stack.dart:680:12)
#50     RenderObject.layout (package:flutter/src/rendering/object.dart:2775:7)
#51     RenderPadding.performLayout (package:flutter/src/rendering/shifted_box.dart:243:12)
#52     RenderObject.layout (package:flutter/src/rendering/object.dart:2775:7)
#53     RenderProxyBoxMixin.performLayout (package:flutter/src/rendering/proxy_box.dart:115:18)
#54     RenderObject.layout (package:flutter/src/rendering/object.dart:2775:7)
#55     ChildLayoutHelper.layoutChild (package:flutter/src/rendering/layout_helper.dart:62:11)
#56     RenderStack._computeSize (package:flutter/src/rendering/stack.dart:645:43)
#57     RenderStack.performLayout (package:flutter/src/rendering/stack.dart:680:12)
#58     RenderObject.layout (package:flutter/src/rendering/object.dart:2775:7)
#59     RenderProxyBoxMixin.performLayout (package:flutter/src/rendering/proxy_box.dart:115:18)
#60     RenderObject.layout (package:flutter/src/rendering/object.dart:2775:7)
#61     RenderProxyBoxMixin.performLayout (package:flutter/src/rendering/proxy_box.dart:115:18)
#62     RenderObject.layout (package:flutter/src/rendering/object.dart:2775:7)
#63     ChildLayoutHelper.layoutChild (package:flutter/src/rendering/layout_helper.dart:62:11)
#64     RenderStack._computeSize (package:flutter/src/rendering/stack.dart:645:43)
#65     RenderStack.performLayout (package:flutter/src/rendering/stack.dart:680:12)
#66     RenderObject.layout (package:flutter/src/rendering/object.dart:2775:7)
#67     RenderProxyBoxMixin.performLayout (package:flutter/src/rendering/proxy_box.dart:115:18)
#68     RenderObject.layout (package:flutter/src/rendering/object.dart:2775:7)
#69     RenderProxyBoxMixin.performLayout (package:flutter/src/rendering/proxy_box.dart:115:18)
#70     RenderObject.layout (package:flutter/src/rendering/object.dart:2775:7)
#71     ChildLayoutHelper.layoutChild (package:flutter/src/rendering/layout_helper.dart:62:11)
#72     RenderFlex._computeSizes (package:flutter/src/rendering/flex.dart:1161:28)
#73     RenderFlex.performLayout (package:flutter/src/rendering/flex.dart:1257:32)
#74     RenderObject.layout (package:flutter/src/rendering/object.dart:2775:7)
#75     RenderPadding.performLayout (package:flutter/src/rendering/shifted_box.dart:243:12)
#76     RenderObject.layout (package:flutter/src/rendering/object.dart:2775:7)
#77     RenderConstrainedBox.performLayout (package:flutter/src/rendering/proxy_box.dart:293:14)
#78     RenderObject.layout (package:flutter/src/rendering/object.dart:2775:7)
#79     RenderPositionedBox.performLayout (package:flutter/src/rendering/shifted_box.dart:465:14)
#80     RenderObject.layout (package:flutter/src/rendering/object.dart:2775:7)
#81     RenderPadding.performLayout (package:flutter/src/rendering/shifted_box.dart:243:12)
#82     RenderObject.layout (package:flutter/src/rendering/object.dart:2775:7)
#83     _RenderSingleChildViewport.performLayout (package:flutter/src/widgets/single_child_scroll_view.dart:502:14)
#84     RenderObject.layout (package:flutter/src/rendering/object.dart:2775:7)
#85     RenderProxyBoxMixin.performLayout (package:flutter/src/rendering/proxy_box.dart:115:18)
#86     RenderObject.layout (package:flutter/src/rendering/object.dart:2775:7)
#87     RenderProxyBoxMixin.performLayout (package:flutter/src/rendering/proxy_box.dart:115:18)
#88     RenderObject.layout (package:flutter/src/rendering/object.dart:2775:7)
#89     RenderProxyBoxMixin.performLayout (package:flutter/src/rendering/proxy_box.dart:115:18)
#90     RenderObject.layout (package:flutter/src/rendering/object.dart:2775:7)
#91     RenderProxyBoxMixin.performLayout (package:flutter/src/rendering/proxy_box.dart:115:18)
#92     RenderObject.layout (package:flutter/src/rendering/object.dart:2775:7)
#93     RenderProxyBoxMixin.performLayout (package:flutter/src/rendering/proxy_box.dart:115:18)
#94     RenderObject.layout (package:flutter/src/rendering/object.dart:2775:7)
#95     RenderProxyBoxMixin.performLayout (package:flutter/src/rendering/proxy_box.dart:115:18)
#96     RenderObject.layout (package:flutter/src/rendering/object.dart:2775:7)
#97     RenderProxyBoxMixin.performLayout (package:flutter/src/rendering/proxy_box.dart:115:18)
#98     RenderObject.layout (package:flutter/src/rendering/object.dart:2775:7)
#99     RenderProxyBoxMixin.performLayout (package:flutter/src/rendering/proxy_box.dart:115:18)
#100    _RenderCustomClip.performLayout (package:flutter/src/rendering/proxy_box.dart:1481:11)
#101    RenderObject.layout (package:flutter/src/rendering/object.dart:2775:7)
#102    MultiChildLayoutDelegate.layoutChild (package:flutter/src/rendering/custom_layout.dart:180:12)
#103    _ScaffoldLayout.performLayout (package:flutter/src/material/scaffold.dart:1112:7)
#104    MultiChildLayoutDelegate._callPerformLayout (package:flutter/src/rendering/custom_layout.dart:249:7)
#105    RenderCustomMultiChildLayoutBox.performLayout (package:flutter/src/rendering/custom_layout.dart:420:14)
#106    RenderObject.layout (package:flutter/src/rendering/object.dart:2775:7)
#107    RenderProxyBoxMixin.performLayout (package:flutter/src/rendering/proxy_box.dart:115:18)
#108    RenderObject.layout (package:flutter/src/rendering/object.dart:2775:7)
#109    RenderProxyBoxMixin.performLayout (package:flutter/src/rendering/proxy_box.dart:115:18)
#110    _RenderCustomClip.performLayout (package:flutter/src/rendering/proxy_box.dart:1481:11)
#111    RenderObject.layout (package:flutter/src/rendering/object.dart:2775:7)
#112    RenderProxyBoxMixin.performLayout (package:flutter/src/rendering/proxy_box.dart:115:18)
#113    RenderObject.layout (package:flutter/src/rendering/object.dart:2775:7)
#114    RenderProxyBoxMixin.performLayout (package:flutter/src/rendering/proxy_box.dart:115:18)
#115    RenderObject.layout (package:flutter/src/rendering/object.dart:2775:7)
#116    RenderProxyBoxMixin.performLayout (package:flutter/src/rendering/proxy_box.dart:115:18)
#117    RenderObject.layout (package:flutter/src/rendering/object.dart:2775:7)
#118    RenderProxyBoxMixin.performLayout (package:flutter/src/rendering/proxy_box.dart:115:18)
#119    RenderObject.layout (package:flutter/src/rendering/object.dart:2775:7)
#120    RenderProxyBoxMixin.performLayout (package:flutter/src/rendering/proxy_box.dart:115:18)
#121    RenderObject.layout (package:flutter/src/rendering/object.dart:2775:7)
#122    RenderProxyBoxMixin.performLayout (package:flutter/src/rendering/proxy_box.dart:115:18)
#123    RenderOffstage.performLayout (package:flutter/src/rendering/proxy_box.dart:3848:13)
#124    RenderObject.layout (package:flutter/src/rendering/object.dart:2775:7)
#125    RenderProxyBoxMixin.performLayout (package:flutter/src/rendering/proxy_box.dart:115:18)
#126    RenderObject.layout (package:flutter/src/rendering/object.dart:2775:7)
#127    _RenderTheaterMixin.layoutChild (package:flutter/src/widgets/overlay.dart:1084:13)
#128    _RenderTheater.performLayout (package:flutter/src/widgets/overlay.dart:1429:9)
#129    RenderObject.layout (package:flutter/src/rendering/object.dart:2775:7)
#130    RenderProxyBoxMixin.performLayout (package:flutter/src/rendering/proxy_box.dart:115:18)
#131    RenderObject.layout (package:flutter/src/rendering/object.dart:2775:7)
#132    RenderProxyBoxMixin.performLayout (package:flutter/src/rendering/proxy_box.dart:115:18)
#133    RenderObject.layout (package:flutter/src/rendering/object.dart:2775:7)
#134    MultiChildLayoutDelegate.layoutChild (package:flutter/src/rendering/custom_layout.dart:180:12)
#135    _ScaffoldLayout.performLayout (package:flutter/src/material/scaffold.dart:1112:7)
#136    MultiChildLayoutDelegate._callPerformLayout (package:flutter/src/rendering/custom_layout.dart:249:7)
#137    RenderCustomMultiChildLayoutBox.performLayout (package:flutter/src/rendering/custom_layout.dart:420:14)
#138    RenderObject.layout (package:flutter/src/rendering/object.dart:2775:7)
#139    RenderProxyBoxMixin.performLayout (package:flutter/src/rendering/proxy_box.dart:115:18)
#140    RenderObject.layout (package:flutter/src/rendering/object.dart:2775:7)
#141    RenderProxyBoxMixin.performLayout (package:flutter/src/rendering/proxy_box.dart:115:18)
#142    _RenderCustomClip.performLayout (package:flutter/src/rendering/proxy_box.dart:1481:11)
#143    RenderObject.layout (package:flutter/src/rendering/object.dart:2775:7)
#144    RenderProxyBoxMixin.performLayout (package:flutter/src/rendering/proxy_box.dart:115:18)
#145    RenderObject.layout (package:flutter/src/rendering/object.dart:2775:7)
#146    RenderProxyBoxMixin.performLayout (package:flutter/src/rendering/proxy_box.dart:115:18)
#147    RenderObject.layout (package:flutter/src/rendering/object.dart:2775:7)
#148    RenderProxyBoxMixin.performLayout (package:flutter/src/rendering/proxy_box.dart:115:18)
#149    RenderObject.layout (package:flutter/src/rendering/object.dart:2775:7)
#150    RenderProxyBoxMixin.performLayout (package:flutter/src/rendering/proxy_box.dart:115:18)
#151    RenderObject.layout (package:flutter/src/rendering/object.dart:2775:7)
#152    RenderProxyBoxMixin.performLayout (package:flutter/src/rendering/proxy_box.dart:115:18)
#153    RenderObject.layout (package:flutter/src/rendering/object.dart:2775:7)
#154    RenderProxyBoxMixin.performLayout (package:flutter/src/rendering/proxy_box.dart:115:18)
#155    RenderObject.layout (package:flutter/src/rendering/object.dart:2775:7)
#156    RenderProxyBoxMixin.performLayout (package:flutter/src/rendering/proxy_box.dart:115:18)
#157    RenderObject.layout (package:flutter/src/rendering/object.dart:2775:7)
#158    RenderProxyBoxMixin.performLayout (package:flutter/src/rendering/proxy_box.dart:115:18)
#159    RenderObject.layout (package:flutter/src/rendering/object.dart:2775:7)
#160    RenderProxyBoxMixin.performLayout (package:flutter/src/rendering/proxy_box.dart:115:18)
#161    RenderObject.layout (package:flutter/src/rendering/object.dart:2775:7)
#162    RenderProxyBoxMixin.performLayout (package:flutter/src/rendering/proxy_box.dart:115:18)
#163    RenderObject.layout (package:flutter/src/rendering/object.dart:2775:7)
#164    RenderProxyBoxMixin.performLayout (package:flutter/src/rendering/proxy_box.dart:115:18)
#165    RenderObject.layout (package:flutter/src/rendering/object.dart:2775:7)
#166    RenderProxyBoxMixin.performLayout (package:flutter/src/rendering/proxy_box.dart:115:18)
#167    RenderObject.layout (package:flutter/src/rendering/object.dart:2775:7)
#168    RenderProxyBoxMixin.performLayout (package:flutter/src/rendering/proxy_box.dart:115:18)
#169    RenderObject.layout (package:flutter/src/rendering/object.dart:2775:7)
#170    RenderProxyBoxMixin.performLayout (package:flutter/src/rendering/proxy_box.dart:115:18)
#171    RenderObject.layout (package:flutter/src/rendering/object.dart:2775:7)
#172    RenderProxyBoxMixin.performLayout (package:flutter/src/rendering/proxy_box.dart:115:18)
#173    RenderObject.layout (package:flutter/src/rendering/object.dart:2775:7)
#174    RenderProxyBoxMixin.performLayout (package:flutter/src/rendering/proxy_box.dart:115:18)
#175    RenderOffstage.performLayout (package:flutter/src/rendering/proxy_box.dart:3848:13)
#176    RenderObject.layout (package:flutter/src/rendering/object.dart:2775:7)
#177    RenderProxyBoxMixin.performLayout (package:flutter/src/rendering/proxy_box.dart:115:18)
#178    RenderObject.layout (package:flutter/src/rendering/object.dart:2775:7)
#179    _RenderTheaterMixin.layoutChild (package:flutter/src/widgets/overlay.dart:1084:13)
#180    _RenderTheater.performLayout (package:flutter/src/widgets/overlay.dart:1429:9)
#181    RenderObject.layout (package:flutter/src/rendering/object.dart:2775:7)
#182    RenderProxyBoxMixin.performLayout (package:flutter/src/rendering/proxy_box.dart:115:18)
#183    RenderObject.layout (package:flutter/src/rendering/object.dart:2775:7)
#184    RenderProxyBoxMixin.performLayout (package:flutter/src/rendering/proxy_box.dart:115:18)
#185    RenderObject.layout (package:flutter/src/rendering/object.dart:2775:7)
#186    ChildLayoutHelper.layoutChild (package:flutter/src/rendering/layout_helper.dart:62:11)
#187    RenderStack._computeSize (package:flutter/src/rendering/stack.dart:645:43)
#188    RenderStack.performLayout (package:flutter/src/rendering/stack.dart:680:12)
#189    RenderObject.layout (package:flutter/src/rendering/object.dart:2775:7)
#190    RenderProxyBoxMixin.performLayout (package:flutter/src/rendering/proxy_box.dart:115:18)
#191    RenderObject.layout (package:flutter/src/rendering/object.dart:2775:7)
#192    RenderProxyBoxMixin.performLayout (package:flutter/src/rendering/proxy_box.dart:115:18)
#193    RenderObject.layout (package:flutter/src/rendering/object.dart:2775:7)
#194    RenderProxyBoxMixin.performLayout (package:flutter/src/rendering/proxy_box.dart:115:18)
#195    RenderObject.layout (package:flutter/src/rendering/object.dart:2775:7)
#196    RenderProxyBoxMixin.performLayout (package:flutter/src/rendering/proxy_box.dart:115:18)
#197    RenderObject.layout (package:flutter/src/rendering/object.dart:2775:7)
#198    RenderProxyBoxMixin.performLayout (package:flutter/src/rendering/proxy_box.dart:115:18)
#199    RenderObject.layout (package:flutter/src/rendering/object.dart:2775:7)
#200    RenderProxyBoxMixin.performLayout (package:flutter/src/rendering/proxy_box.dart:115:18)
#201    RenderObject.layout (package:flutter/src/rendering/object.dart:2775:7)
#202    RenderView.performLayout (package:flutter/src/rendering/view.dart:294:12)
#203    RenderObject._layoutWithoutResize (package:flutter/src/rendering/object.dart:2623:7)
#204    PipelineOwner.flushLayout (package:flutter/src/rendering/object.dart:1170:18)
#205    PipelineOwner.flushLayout (package:flutter/src/rendering/object.dart:1183:15)
#206    AutomatedTestWidgetsFlutterBinding.drawFrame (package:flutter_test/src/binding.dart:1508:27)
#207    RendererBinding._handlePersistentFrameCallback (package:flutter/src/rendering/binding.dart:495:5)
#208    SchedulerBinding._invokeFrameCallback (package:flutter/src/scheduler/binding.dart:1434:15)
#209    SchedulerBinding.handleDrawFrame (package:flutter/src/scheduler/binding.dart:1347:9)
#210    AutomatedTestWidgetsFlutterBinding.pump.<anonymous closure> (package:flutter_test/src/binding.dart:1335:9)
#213    TestAsyncUtils.guard (package:flutter_test/src/test_async_utils.dart:74:41)
#214    AutomatedTestWidgetsFlutterBinding.pump (package:flutter_test/src/binding.dart:1324:27)
#215    WidgetTester.pumpWidget.<anonymous closure> (package:flutter_test/src/widget_tester.dart:598:22)
#218    TestAsyncUtils.guard (package:flutter_test/src/test_async_utils.dart:74:41)
#219    WidgetTester.pumpWidget (package:flutter_test/src/widget_tester.dart:595:27)
#220    main.<anonymous closure> (file:///D:/Mystery/programming/projects/PYTHON_PROJECTS/focus/focus_gg/focus_flutter/test/widget_test.dart:19:18)
#221    testWidgets.<anonymous closure>.<anonymous closure> (package:flutter_test/src/widget_tester.dart:192:29)
<asynchronous suspension>
#222    TestWidgetsFlutterBinding._runTestBody (package:flutter_test/src/binding.dart:1059:5)
<asynchronous suspension>
<asynchronous suspension>
(elided 7 frames from class _AssertionError, dart:async, and package:stack_trace)

The following RenderObject was being processed when the exception was fired: RenderPositionedBox#127a8 relayoutBoundary=up40 NEEDS-LAYOUT NEEDS-PAINT NEEDS-COMPOSITING-BITS-UPDATE:
  creator: Align ΓåÉ Padding ΓåÉ Listener ΓåÉ RawGestureDetector ΓåÉ GestureDetector ΓåÉ Semantics ΓåÉ
    DefaultSelectionStyle ΓåÉ Builder ΓåÉ MouseRegion ΓåÉ Semantics ΓåÉ _FocusInheritedScope ΓåÉ Focus ΓåÉ Γï»
  parentData: offset=Offset(0.0, 0.0) (can use size)
  constraints: BoxConstraints(32.0<=w<=Infinity, 16.0<=h<=Infinity)
  size: MISSING
  alignment: Alignment.center
  textDirection: ltr
  widthFactor: 1.0
  heightFactor: 1.0
This RenderObject had the following descendants (showing up to depth 5):
    child: RenderFlex#f9bde relayoutBoundary=up41 NEEDS-PAINT NEEDS-COMPOSITING-BITS-UPDATE
      child 1: RenderParagraph#f29fc NEEDS-LAYOUT NEEDS-PAINT
        text: TextSpan
ΓòÉΓòÉΓòÉΓòÉΓòÉΓòÉΓòÉΓòÉΓòÉΓòÉΓòÉΓòÉΓòÉΓòÉΓòÉΓòÉΓòÉΓòÉΓòÉΓòÉΓòÉΓòÉΓòÉΓòÉΓòÉΓòÉΓòÉΓòÉΓòÉΓòÉΓòÉΓòÉΓòÉΓòÉΓòÉΓòÉΓòÉΓòÉΓòÉΓòÉΓòÉΓòÉΓòÉΓòÉΓòÉΓòÉΓòÉΓòÉΓòÉΓòÉΓòÉΓòÉΓòÉΓòÉΓòÉΓòÉΓòÉΓòÉΓòÉΓòÉΓòÉΓòÉΓòÉΓòÉΓòÉΓòÉΓòÉΓòÉΓòÉΓòÉΓòÉΓòÉΓòÉΓòÉΓòÉΓòÉΓòÉΓòÉΓòÉΓòÉΓòÉΓòÉΓòÉΓòÉΓòÉΓòÉΓòÉΓòÉΓòÉΓòÉΓòÉΓòÉΓòÉΓòÉΓòÉΓòÉΓòÉΓòÉΓòÉΓòÉ
ΓòÉΓòÉΓòí EXCEPTION CAUGHT BY RENDERING LIBRARY Γò₧ΓòÉΓòÉΓòÉΓòÉΓòÉΓòÉΓòÉΓòÉΓòÉΓòÉΓòÉΓòÉΓòÉΓòÉΓòÉΓòÉΓòÉΓòÉΓòÉΓòÉΓòÉΓòÉΓòÉΓòÉΓòÉΓòÉΓòÉΓòÉΓòÉΓòÉΓòÉΓòÉΓòÉΓòÉΓòÉΓòÉΓòÉΓòÉΓòÉΓòÉΓòÉΓòÉΓòÉΓòÉΓòÉΓòÉΓòÉΓòÉΓòÉΓòÉΓòÉΓòÉΓòÉΓòÉΓòÉΓòÉΓòÉ
The following assertion was thrown during performLayout():
RenderBox was not laid out: RenderPositionedBox#127a8 relayoutBoundary=up40 NEEDS-PAINT
NEEDS-COMPOSITING-BITS-UPDATE
'package:flutter/src/rendering/box.dart':
Failed assertion: line 2251 pos 12: 'hasSize'

Either the assertion indicates an error in the framework itself, or we should provide substantially
more information in this error message to help you determine and fix the underlying cause.
In either case, please report this assertion by filing a bug on GitHub:
  https://github.com/flutter/flutter/issues/new?template=02_bug.yml

The relevant error-causing widget was:
  ElevatedButton
  ElevatedButton:file:///D:/Mystery/programming/projects/PYTHON_PROJECTS/focus/focus_gg/focus_flutter/lib/shared/widgets/cyber_button.dart:97:12

When the exception was thrown, this was the stack:
#2      RenderBox.size (package:flutter/src/rendering/box.dart:2251:12)
#3      RenderPadding.performLayout (package:flutter/src/rendering/shifted_box.dart:247:40)
#4      RenderObject.layout (package:flutter/src/rendering/object.dart:2775:7)
#5      RenderProxyBoxMixin.performLayout (package:flutter/src/rendering/proxy_box.dart:115:18)
#6      RenderObject.layout (package:flutter/src/rendering/object.dart:2775:7)
#7      RenderProxyBoxMixin.performLayout (package:flutter/src/rendering/proxy_box.dart:115:18)
#8      RenderObject.layout (package:flutter/src/rendering/object.dart:2775:7)
#9      RenderProxyBoxMixin.performLayout (package:flutter/src/rendering/proxy_box.dart:115:18)
#10     RenderObject.layout (package:flutter/src/rendering/object.dart:2775:7)
#11     RenderProxyBoxMixin.performLayout (package:flutter/src/rendering/proxy_box.dart:115:18)
#12     RenderObject.layout (package:flutter/src/rendering/object.dart:2775:7)
#13     RenderProxyBoxMixin.performLayout (package:flutter/src/rendering/proxy_box.dart:115:18)
#14     RenderObject.layout (package:flutter/src/rendering/object.dart:2775:7)
#15     RenderProxyBoxMixin.performLayout (package:flutter/src/rendering/proxy_box.dart:115:18)
#16     RenderCustomPaint.performLayout (package:flutter/src/rendering/custom_paint.dart:574:11)
#17     RenderObject.layout (package:flutter/src/rendering/object.dart:2775:7)
#18     RenderProxyBoxMixin.performLayout (package:flutter/src/rendering/proxy_box.dart:115:18)
#19     _RenderCustomClip.performLayout (package:flutter/src/rendering/proxy_box.dart:1481:11)
#20     RenderObject.layout (package:flutter/src/rendering/object.dart:2775:7)
#21     RenderConstrainedBox.performLayout (package:flutter/src/rendering/proxy_box.dart:293:14)
#22     RenderObject.layout (package:flutter/src/rendering/object.dart:2775:7)
#23     ChildLayoutHelper.layoutChild (package:flutter/src/rendering/layout_helper.dart:62:11)
#24     _RenderInputPadding._computeSize (package:flutter/src/material/button_style_button.dart:698:41)
#25     _RenderInputPadding.performLayout (package:flutter/src/material/button_style_button.dart:728:12)
#26     RenderObject.layout (package:flutter/src/rendering/object.dart:2775:7)
#27     RenderProxyBoxMixin.performLayout (package:flutter/src/rendering/proxy_box.dart:115:18)
#28     RenderObject.layout (package:flutter/src/rendering/object.dart:2775:7)
#29     ChildLayoutHelper.layoutChild (package:flutter/src/rendering/layout_helper.dart:62:11)
#30     RenderFlex._computeSizes (package:flutter/src/rendering/flex.dart:1161:28)
#31     RenderFlex.performLayout (package:flutter/src/rendering/flex.dart:1257:32)
#32     RenderObject.layout (package:flutter/src/rendering/object.dart:2775:7)
#33     ChildLayoutHelper.layoutChild (package:flutter/src/rendering/layout_helper.dart:62:11)
#34     RenderFlex._computeSizes (package:flutter/src/rendering/flex.dart:1161:28)
#35     RenderFlex.performLayout (package:flutter/src/rendering/flex.dart:1257:32)
#36     RenderObject.layout (package:flutter/src/rendering/object.dart:2775:7)
#37     ChildLayoutHelper.layoutChild (package:flutter/src/rendering/layout_helper.dart:62:11)
#38     RenderFlex._computeSizes (package:flutter/src/rendering/flex.dart:1161:28)
#39     RenderFlex.performLayout (package:flutter/src/rendering/flex.dart:1257:32)
#40     RenderObject.layout (package:flutter/src/rendering/object.dart:2775:7)
#41     _RenderLayoutBuilder.performLayout (package:flutter/src/widgets/layout_builder.dart:450:14)
#42     RenderObject.layout (package:flutter/src/rendering/object.dart:2775:7)
#43     RenderPadding.performLayout (package:flutter/src/rendering/shifted_box.dart:243:12)
#44     RenderObject.layout (package:flutter/src/rendering/object.dart:2775:7)
#45     ChildLayoutHelper.layoutChild (package:flutter/src/rendering/layout_helper.dart:62:11)
#46     RenderStack._computeSize (package:flutter/src/rendering/stack.dart:645:43)
#47     RenderStack.performLayout (package:flutter/src/rendering/stack.dart:680:12)
#48     RenderObject.layout (package:flutter/src/rendering/object.dart:2775:7)
#49     RenderPadding.performLayout (package:flutter/src/rendering/shifted_box.dart:243:12)
#50     RenderObject.layout (package:flutter/src/rendering/object.dart:2775:7)
#51     RenderProxyBoxMixin.performLayout (package:flutter/src/rendering/proxy_box.dart:115:18)
#52     RenderObject.layout (package:flutter/src/rendering/object.dart:2775:7)
#53     ChildLayoutHelper.layoutChild (package:flutter/src/rendering/layout_helper.dart:62:11)
#54     RenderStack._computeSize (package:flutter/src/rendering/stack.dart:645:43)
#55     RenderStack.performLayout (package:flutter/src/rendering/stack.dart:680:12)
#56     RenderObject.layout (package:flutter/src/rendering/object.dart:2775:7)
#57     RenderProxyBoxMixin.performLayout (package:flutter/src/rendering/proxy_box.dart:115:18)
#58     RenderObject.layout (package:flutter/src/rendering/object.dart:2775:7)
#59     RenderProxyBoxMixin.performLayout (package:flutter/src/rendering/proxy_box.dart:115:18)
#60     RenderObject.layout (package:flutter/src/rendering/object.dart:2775:7)
#61     ChildLayoutHelper.layoutChild (package:flutter/src/rendering/layout_helper.dart:62:11)
#62     RenderStack._computeSize (package:flutter/src/rendering/stack.dart:645:43)
#63     RenderStack.performLayout (package:flutter/src/rendering/stack.dart:680:12)
#64     RenderObject.layout (package:flutter/src/rendering/object.dart:2775:7)
#65     RenderProxyBoxMixin.performLayout (package:flutter/src/rendering/proxy_box.dart:115:18)
#66     RenderObject.layout (package:flutter/src/rendering/object.dart:2775:7)
#67     RenderProxyBoxMixin.performLayout (package:flutter/src/rendering/proxy_box.dart:115:18)
#68     RenderObject.layout (package:flutter/src/rendering/object.dart:2775:7)
#69     ChildLayoutHelper.layoutChild (package:flutter/src/rendering/layout_helper.dart:62:11)
#70     RenderFlex._computeSizes (package:flutter/src/rendering/flex.dart:1161:28)
#71     RenderFlex.performLayout (package:flutter/src/rendering/flex.dart:1257:32)
#72     RenderObject.layout (package:flutter/src/rendering/object.dart:2775:7)
#73     RenderPadding.performLayout (package:flutter/src/rendering/shifted_box.dart:243:12)
#74     RenderObject.layout (package:flutter/src/rendering/object.dart:2775:7)
#75     RenderConstrainedBox.performLayout (package:flutter/src/rendering/proxy_box.dart:293:14)
#76     RenderObject.layout (package:flutter/src/rendering/object.dart:2775:7)
#77     RenderPositionedBox.performLayout (package:flutter/src/rendering/shifted_box.dart:465:14)
#78     RenderObject.layout (package:flutter/src/rendering/object.dart:2775:7)
#79     RenderPadding.performLayout (package:flutter/src/rendering/shifted_box.dart:243:12)
#80     RenderObject.layout (package:flutter/src/rendering/object.dart:2775:7)
#81     _RenderSingleChildViewport.performLayout (package:flutter/src/widgets/single_child_scroll_view.dart:502:14)
#82     RenderObject.layout (package:flutter/src/rendering/object.dart:2775:7)
#83     RenderProxyBoxMixin.performLayout (package:flutter/src/rendering/proxy_box.dart:115:18)
#84     RenderObject.layout (package:flutter/src/rendering/object.dart:2775:7)
#85     RenderProxyBoxMixin.performLayout (package:flutter/src/rendering/proxy_box.dart:115:18)
#86     RenderObject.layout (package:flutter/src/rendering/object.dart:2775:7)
#87     RenderProxyBoxMixin.performLayout (package:flutter/src/rendering/proxy_box.dart:115:18)
#88     RenderObject.layout (package:flutter/src/rendering/object.dart:2775:7)
#89     RenderProxyBoxMixin.performLayout (package:flutter/src/rendering/proxy_box.dart:115:18)
#90     RenderObject.layout (package:flutter/src/rendering/object.dart:2775:7)
#91     RenderProxyBoxMixin.performLayout (package:flutter/src/rendering/proxy_box.dart:115:18)
#92     RenderObject.layout (package:flutter/src/rendering/object.dart:2775:7)
#93     RenderProxyBoxMixin.performLayout (package:flutter/src/rendering/proxy_box.dart:115:18)
#94     RenderObject.layout (package:flutter/src/rendering/object.dart:2775:7)
#95     RenderProxyBoxMixin.performLayout (package:flutter/src/rendering/proxy_box.dart:115:18)
#96     RenderObject.layout (package:flutter/src/rendering/object.dart:2775:7)
#97     RenderProxyBoxMixin.performLayout (package:flutter/src/rendering/proxy_box.dart:115:18)
#98     _RenderCustomClip.performLayout (package:flutter/src/rendering/proxy_box.dart:1481:11)
#99     RenderObject.layout (package:flutter/src/rendering/object.dart:2775:7)
#100    MultiChildLayoutDelegate.layoutChild (package:flutter/src/rendering/custom_layout.dart:180:12)
#101    _ScaffoldLayout.performLayout (package:flutter/src/material/scaffold.dart:1112:7)
#102    MultiChildLayoutDelegate._callPerformLayout (package:flutter/src/rendering/custom_layout.dart:249:7)
#103    RenderCustomMultiChildLayoutBox.performLayout (package:flutter/src/rendering/custom_layout.dart:420:14)
#104    RenderObject.layout (package:flutter/src/rendering/object.dart:2775:7)
#105    RenderProxyBoxMixin.performLayout (package:flutter/src/rendering/proxy_box.dart:115:18)
#106    RenderObject.layout (package:flutter/src/rendering/object.dart:2775:7)
#107    RenderProxyBoxMixin.performLayout (package:flutter/src/rendering/proxy_box.dart:115:18)
#108    _RenderCustomClip.performLayout (package:flutter/src/rendering/proxy_box.dart:1481:11)
#109    RenderObject.layout (package:flutter/src/rendering/object.dart:2775:7)
#110    RenderProxyBoxMixin.performLayout (package:flutter/src/rendering/proxy_box.dart:115:18)
#111    RenderObject.layout (package:flutter/src/rendering/object.dart:2775:7)
#112    RenderProxyBoxMixin.performLayout (package:flutter/src/rendering/proxy_box.dart:115:18)
#113    RenderObject.layout (package:flutter/src/rendering/object.dart:2775:7)
#114    RenderProxyBoxMixin.performLayout (package:flutter/src/rendering/proxy_box.dart:115:18)
#115    RenderObject.layout (package:flutter/src/rendering/object.dart:2775:7)
#116    RenderProxyBoxMixin.performLayout (package:flutter/src/rendering/proxy_box.dart:115:18)
#117    RenderObject.layout (package:flutter/src/rendering/object.dart:2775:7)
#118    RenderProxyBoxMixin.performLayout (package:flutter/src/rendering/proxy_box.dart:115:18)
#119    RenderObject.layout (package:flutter/src/rendering/object.dart:2775:7)
#120    RenderProxyBoxMixin.performLayout (package:flutter/src/rendering/proxy_box.dart:115:18)
#121    RenderOffstage.performLayout (package:flutter/src/rendering/proxy_box.dart:3848:13)
#122    RenderObject.layout (package:flutter/src/rendering/object.dart:2775:7)
#123    RenderProxyBoxMixin.performLayout (package:flutter/src/rendering/proxy_box.dart:115:18)
#124    RenderObject.layout (package:flutter/src/rendering/object.dart:2775:7)
#125    _RenderTheaterMixin.layoutChild (package:flutter/src/widgets/overlay.dart:1084:13)
#126    _RenderTheater.performLayout (package:flutter/src/widgets/overlay.dart:1429:9)
#127    RenderObject.layout (package:flutter/src/rendering/object.dart:2775:7)
#128    RenderProxyBoxMixin.performLayout (package:flutter/src/rendering/proxy_box.dart:115:18)
#129    RenderObject.layout (package:flutter/src/rendering/object.dart:2775:7)
#130    RenderProxyBoxMixin.performLayout (package:flutter/src/rendering/proxy_box.dart:115:18)
#131    RenderObject.layout (package:flutter/src/rendering/object.dart:2775:7)
#132    MultiChildLayoutDelegate.layoutChild (package:flutter/src/rendering/custom_layout.dart:180:12)
#133    _ScaffoldLayout.performLayout (package:flutter/src/material/scaffold.dart:1112:7)
#134    MultiChildLayoutDelegate._callPerformLayout (package:flutter/src/rendering/custom_layout.dart:249:7)
#135    RenderCustomMultiChildLayoutBox.performLayout (package:flutter/src/rendering/custom_layout.dart:420:14)
#136    RenderObject.layout (package:flutter/src/rendering/object.dart:2775:7)
#137    RenderProxyBoxMixin.performLayout (package:flutter/src/rendering/proxy_box.dart:115:18)
#138    RenderObject.layout (package:flutter/src/rendering/object.dart:2775:7)
#139    RenderProxyBoxMixin.performLayout (package:flutter/src/rendering/proxy_box.dart:115:18)
#140    _RenderCustomClip.performLayout (package:flutter/src/rendering/proxy_box.dart:1481:11)
#141    RenderObject.layout (package:flutter/src/rendering/object.dart:2775:7)
#142    RenderProxyBoxMixin.performLayout (package:flutter/src/rendering/proxy_box.dart:115:18)
#143    RenderObject.layout (package:flutter/src/rendering/object.dart:2775:7)
#144    RenderProxyBoxMixin.performLayout (package:flutter/src/rendering/proxy_box.dart:115:18)
#145    RenderObject.layout (package:flutter/src/rendering/object.dart:2775:7)
#146    RenderProxyBoxMixin.performLayout (package:flutter/src/rendering/proxy_box.dart:115:18)
#147    RenderObject.layout (package:flutter/src/rendering/object.dart:2775:7)
#148    RenderProxyBoxMixin.performLayout (package:flutter/src/rendering/proxy_box.dart:115:18)
#149    RenderObject.layout (package:flutter/src/rendering/object.dart:2775:7)
#150    RenderProxyBoxMixin.performLayout (package:flutter/src/rendering/proxy_box.dart:115:18)
#151    RenderObject.layout (package:flutter/src/rendering/object.dart:2775:7)
#152    RenderProxyBoxMixin.performLayout (package:flutter/src/rendering/proxy_box.dart:115:18)
#153    RenderObject.layout (package:flutter/src/rendering/object.dart:2775:7)
#154    RenderProxyBoxMixin.performLayout (package:flutter/src/rendering/proxy_box.dart:115:18)
#155    RenderObject.layout (package:flutter/src/rendering/object.dart:2775:7)
#156    RenderProxyBoxMixin.performLayout (package:flutter/src/rendering/proxy_box.dart:115:18)
#157    RenderObject.layout (package:flutter/src/rendering/object.dart:2775:7)
#158    RenderProxyBoxMixin.performLayout (package:flutter/src/rendering/proxy_box.dart:115:18)
#159    RenderObject.layout (package:flutter/src/rendering/object.dart:2775:7)
#160    RenderProxyBoxMixin.performLayout (package:flutter/src/rendering/proxy_box.dart:115:18)
#161    RenderObject.layout (package:flutter/src/rendering/object.dart:2775:7)
#162    RenderProxyBoxMixin.performLayout (package:flutter/src/rendering/proxy_box.dart:115:18)
#163    RenderObject.layout (package:flutter/src/rendering/object.dart:2775:7)
#164    RenderProxyBoxMixin.performLayout (package:flutter/src/rendering/proxy_box.dart:115:18)
#165    RenderObject.layout (package:flutter/src/rendering/object.dart:2775:7)
#166    RenderProxyBoxMixin.performLayout (package:flutter/src/rendering/proxy_box.dart:115:18)
#167    RenderObject.layout (package:flutter/src/rendering/object.dart:2775:7)
#168    RenderProxyBoxMixin.performLayout (package:flutter/src/rendering/proxy_box.dart:115:18)
#169    RenderObject.layout (package:flutter/src/rendering/object.dart:2775:7)
#170    RenderProxyBoxMixin.performLayout (package:flutter/src/rendering/proxy_box.dart:115:18)
#171    RenderObject.layout (package:flutter/src/rendering/object.dart:2775:7)
#172    RenderProxyBoxMixin.performLayout (package:flutter/src/rendering/proxy_box.dart:115:18)
#173    RenderOffstage.performLayout (package:flutter/src/rendering/proxy_box.dart:3848:13)
#174    RenderObject.layout (package:flutter/src/rendering/object.dart:2775:7)
#175    RenderProxyBoxMixin.performLayout (package:flutter/src/rendering/proxy_box.dart:115:18)
#176    RenderObject.layout (package:flutter/src/rendering/object.dart:2775:7)
#177    _RenderTheaterMixin.layoutChild (package:flutter/src/widgets/overlay.dart:1084:13)
#178    _RenderTheater.performLayout (package:flutter/src/widgets/overlay.dart:1429:9)
#179    RenderObject.layout (package:flutter/src/rendering/object.dart:2775:7)
#180    RenderProxyBoxMixin.performLayout (package:flutter/src/rendering/proxy_box.dart:115:18)
#181    RenderObject.layout (package:flutter/src/rendering/object.dart:2775:7)
#182    RenderProxyBoxMixin.performLayout (package:flutter/src/rendering/proxy_box.dart:115:18)
#183    RenderObject.layout (package:flutter/src/rendering/object.dart:2775:7)
#184    ChildLayoutHelper.layoutChild (package:flutter/src/rendering/layout_helper.dart:62:11)
#185    RenderStack._computeSize (package:flutter/src/rendering/stack.dart:645:43)
#186    RenderStack.performLayout (package:flutter/src/rendering/stack.dart:680:12)
#187    RenderObject.layout (package:flutter/src/rendering/object.dart:2775:7)
#188    RenderProxyBoxMixin.performLayout (package:flutter/src/rendering/proxy_box.dart:115:18)
#189    RenderObject.layout (package:flutter/src/rendering/object.dart:2775:7)
#190    RenderProxyBoxMixin.performLayout (package:flutter/src/rendering/proxy_box.dart:115:18)
#191    RenderObject.layout (package:flutter/src/rendering/object.dart:2775:7)
#192    RenderProxyBoxMixin.performLayout (package:flutter/src/rendering/proxy_box.dart:115:18)
#193    RenderObject.layout (package:flutter/src/rendering/object.dart:2775:7)
#194    RenderProxyBoxMixin.performLayout (package:flutter/src/rendering/proxy_box.dart:115:18)
#195    RenderObject.layout (package:flutter/src/rendering/object.dart:2775:7)
#196    RenderProxyBoxMixin.performLayout (package:flutter/src/rendering/proxy_box.dart:115:18)
#197    RenderObject.layout (package:flutter/src/rendering/object.dart:2775:7)
#198    RenderProxyBoxMixin.performLayout (package:flutter/src/rendering/proxy_box.dart:115:18)
#199    RenderObject.layout (package:flutter/src/rendering/object.dart:2775:7)
#200    RenderView.performLayout (package:flutter/src/rendering/view.dart:294:12)
#201    RenderObject._layoutWithoutResize (package:flutter/src/rendering/object.dart:2623:7)
#202    PipelineOwner.flushLayout (package:flutter/src/rendering/object.dart:1170:18)
#203    PipelineOwner.flushLayout (package:flutter/src/rendering/object.dart:1183:15)
#204    AutomatedTestWidgetsFlutterBinding.drawFrame (package:flutter_test/src/binding.dart:1508:27)
#205    RendererBinding._handlePersistentFrameCallback (package:flutter/src/rendering/binding.dart:495:5)
#206    SchedulerBinding._invokeFrameCallback (package:flutter/src/scheduler/binding.dart:1434:15)
#207    SchedulerBinding.handleDrawFrame (package:flutter/src/scheduler/binding.dart:1347:9)
#208    AutomatedTestWidgetsFlutterBinding.pump.<anonymous closure> (package:flutter_test/src/binding.dart:1335:9)
#211    TestAsyncUtils.guard (package:flutter_test/src/test_async_utils.dart:74:41)
#212    AutomatedTestWidgetsFlutterBinding.pump (package:flutter_test/src/binding.dart:1324:27)
#213    WidgetTester.pumpWidget.<anonymous closure> (package:flutter_test/src/widget_tester.dart:598:22)
#216    TestAsyncUtils.guard (package:flutter_test/src/test_async_utils.dart:74:41)
#217    WidgetTester.pumpWidget (package:flutter_test/src/widget_tester.dart:595:27)
#218    main.<anonymous closure> (file:///D:/Mystery/programming/projects/PYTHON_PROJECTS/focus/focus_gg/focus_flutter/test/widget_test.dart:19:18)
#219    testWidgets.<anonymous closure>.<anonymous closure> (package:flutter_test/src/widget_tester.dart:192:29)
<asynchronous suspension>
#220    TestWidgetsFlutterBinding._runTestBody (package:flutter_test/src/binding.dart:1059:5)
<asynchronous suspension>
<asynchronous suspension>
(elided 7 frames from class _AssertionError, dart:async, and package:stack_trace)

The following RenderObject was being processed when the exception was fired: RenderPadding#9afb9 relayoutBoundary=up39 NEEDS-LAYOUT NEEDS-PAINT NEEDS-COMPOSITING-BITS-UPDATE:
  creator: Padding ΓåÉ Listener ΓåÉ RawGestureDetector ΓåÉ GestureDetector ΓåÉ Semantics ΓåÉ
    DefaultSelectionStyle ΓåÉ Builder ΓåÉ MouseRegion ΓåÉ Semantics ΓåÉ _FocusInheritedScope ΓåÉ Focus ΓåÉ
    _ActionsScope ΓåÉ Γï»
  parentData: <none> (can use size)
  constraints: BoxConstraints(64.0<=w<=Infinity, 40.0<=h<=Infinity)
  size: MISSING
  padding: EdgeInsets(16.0, 12.0, 16.0, 12.0)
  textDirection: ltr
This RenderObject had the following descendants (showing up to depth 5):
    child: RenderPositionedBox#127a8 relayoutBoundary=up40 NEEDS-PAINT NEEDS-COMPOSITING-BITS-UPDATE
      child: RenderFlex#f9bde relayoutBoundary=up41 NEEDS-PAINT NEEDS-COMPOSITING-BITS-UPDATE
        child 1: RenderParagraph#f29fc NEEDS-LAYOUT NEEDS-PAINT
          text: TextSpan
ΓòÉΓòÉΓòÉΓòÉΓòÉΓòÉΓòÉΓòÉΓòÉΓòÉΓòÉΓòÉΓòÉΓòÉΓòÉΓòÉΓòÉΓòÉΓòÉΓòÉΓòÉΓòÉΓòÉΓòÉΓòÉΓòÉΓòÉΓòÉΓòÉΓòÉΓòÉΓòÉΓòÉΓòÉΓòÉΓòÉΓòÉΓòÉΓòÉΓòÉΓòÉΓòÉΓòÉΓòÉΓòÉΓòÉΓòÉΓòÉΓòÉΓòÉΓòÉΓòÉΓòÉΓòÉΓòÉΓòÉΓòÉΓòÉΓòÉΓòÉΓòÉΓòÉΓòÉΓòÉΓòÉΓòÉΓòÉΓòÉΓòÉΓòÉΓòÉΓòÉΓòÉΓòÉΓòÉΓòÉΓòÉΓòÉΓòÉΓòÉΓòÉΓòÉΓòÉΓòÉΓòÉΓòÉΓòÉΓòÉΓòÉΓòÉΓòÉΓòÉΓòÉΓòÉΓòÉΓòÉΓòÉΓòÉΓòÉΓòÉ
ΓòÉΓòÉΓòí EXCEPTION CAUGHT BY RENDERING LIBRARY Γò₧ΓòÉΓòÉΓòÉΓòÉΓòÉΓòÉΓòÉΓòÉΓòÉΓòÉΓòÉΓòÉΓòÉΓòÉΓòÉΓòÉΓòÉΓòÉΓòÉΓòÉΓòÉΓòÉΓòÉΓòÉΓòÉΓòÉΓòÉΓòÉΓòÉΓòÉΓòÉΓòÉΓòÉΓòÉΓòÉΓòÉΓòÉΓòÉΓòÉΓòÉΓòÉΓòÉΓòÉΓòÉΓòÉΓòÉΓòÉΓòÉΓòÉΓòÉΓòÉΓòÉΓòÉΓòÉΓòÉΓòÉΓòÉ
The following assertion was thrown during performLayout():
RenderBox was not laid out: RenderPadding#9afb9 relayoutBoundary=up39 NEEDS-PAINT
NEEDS-COMPOSITING-BITS-UPDATE
'package:flutter/src/rendering/box.dart':
Failed assertion: line 2251 pos 12: 'hasSize'

Either the assertion indicates an error in the framework itself, or we should provide substantially
more information in this error message to help you determine and fix the underlying cause.
In either case, please report this assertion by filing a bug on GitHub:
  https://github.com/flutter/flutter/issues/new?template=02_bug.yml

The relevant error-causing widget was:
  ElevatedButton
  ElevatedButton:file:///D:/Mystery/programming/projects/PYTHON_PROJECTS/focus/focus_gg/focus_flutter/lib/shared/widgets/cyber_button.dart:97:12

When the exception was thrown, this was the stack:
#2      RenderBox.size (package:flutter/src/rendering/box.dart:2251:12)
#3      RenderProxyBoxMixin.performLayout (package:flutter/src/rendering/proxy_box.dart:115:62)
#4      RenderObject.layout (package:flutter/src/rendering/object.dart:2775:7)
#5      RenderProxyBoxMixin.performLayout (package:flutter/src/rendering/proxy_box.dart:115:18)
#6      RenderObject.layout (package:flutter/src/rendering/object.dart:2775:7)
#7      RenderProxyBoxMixin.performLayout (package:flutter/src/rendering/proxy_box.dart:115:18)
#8      RenderObject.layout (package:flutter/src/rendering/object.dart:2775:7)
#9      RenderProxyBoxMixin.performLayout (package:flutter/src/rendering/proxy_box.dart:115:18)
#10     RenderObject.layout (package:flutter/src/rendering/object.dart:2775:7)
#11     RenderProxyBoxMixin.performLayout (package:flutter/src/rendering/proxy_box.dart:115:18)
#12     RenderObject.layout (package:flutter/src/rendering/object.dart:2775:7)
#13     RenderProxyBoxMixin.performLayout (package:flutter/src/rendering/proxy_box.dart:115:18)
#14     RenderCustomPaint.performLayout (package:flutter/src/rendering/custom_paint.dart:574:11)
#15     RenderObject.layout (package:flutter/src/rendering/object.dart:2775:7)
#16     RenderProxyBoxMixin.performLayout (package:flutter/src/rendering/proxy_box.dart:115:18)
#17     _RenderCustomClip.performLayout (package:flutter/src/rendering/proxy_box.dart:1481:11)
#18     RenderObject.layout (package:flutter/src/rendering/object.dart:2775:7)
#19     RenderConstrainedBox.performLayout (package:flutter/src/rendering/proxy_box.dart:293:14)
#20     RenderObject.layout (package:flutter/src/rendering/object.dart:2775:7)
#21     ChildLayoutHelper.layoutChild (package:flutter/src/rendering/layout_helper.dart:62:11)
#22     _RenderInputPadding._computeSize (package:flutter/src/material/button_style_button.dart:698:41)
#23     _RenderInputPadding.performLayout (package:flutter/src/material/button_style_button.dart:728:12)
#24     RenderObject.layout (package:flutter/src/rendering/object.dart:2775:7)
#25     RenderProxyBoxMixin.performLayout (package:flutter/src/rendering/proxy_box.dart:115:18)
#26     RenderObject.layout (package:flutter/src/rendering/object.dart:2775:7)
#27     ChildLayoutHelper.layoutChild (package:flutter/src/rendering/layout_helper.dart:62:11)
#28     RenderFlex._computeSizes (package:flutter/src/rendering/flex.dart:1161:28)
#29     RenderFlex.performLayout (package:flutter/src/rendering/flex.dart:1257:32)
#30     RenderObject.layout (package:flutter/src/rendering/object.dart:2775:7)
#31     ChildLayoutHelper.layoutChild (package:flutter/src/rendering/layout_helper.dart:62:11)
#32     RenderFlex._computeSizes (package:flutter/src/rendering/flex.dart:1161:28)
#33     RenderFlex.performLayout (package:flutter/src/rendering/flex.dart:1257:32)
#34     RenderObject.layout (package:flutter/src/rendering/object.dart:2775:7)
#35     ChildLayoutHelper.layoutChild (package:flutter/src/rendering/layout_helper.dart:62:11)
#36     RenderFlex._computeSizes (package:flutter/src/rendering/flex.dart:1161:28)
#37     RenderFlex.performLayout (package:flutter/src/rendering/flex.dart:1257:32)
#38     RenderObject.layout (package:flutter/src/rendering/object.dart:2775:7)
#39     _RenderLayoutBuilder.performLayout (package:flutter/src/widgets/layout_builder.dart:450:14)
#40     RenderObject.layout (package:flutter/src/rendering/object.dart:2775:7)
#41     RenderPadding.performLayout (package:flutter/src/rendering/shifted_box.dart:243:12)
#42     RenderObject.layout (package:flutter/src/rendering/object.dart:2775:7)
#43     ChildLayoutHelper.layoutChild (package:flutter/src/rendering/layout_helper.dart:62:11)
#44     RenderStack._computeSize (package:flutter/src/rendering/stack.dart:645:43)
#45     RenderStack.performLayout (package:flutter/src/rendering/stack.dart:680:12)
#46     RenderObject.layout (package:flutter/src/rendering/object.dart:2775:7)
#47     RenderPadding.performLayout (package:flutter/src/rendering/shifted_box.dart:243:12)
#48     RenderObject.layout (package:flutter/src/rendering/object.dart:2775:7)
#49     RenderProxyBoxMixin.performLayout (package:flutter/src/rendering/proxy_box.dart:115:18)
#50     RenderObject.layout (package:flutter/src/rendering/object.dart:2775:7)
#51     ChildLayoutHelper.layoutChild (package:flutter/src/rendering/layout_helper.dart:62:11)
#52     RenderStack._computeSize (package:flutter/src/rendering/stack.dart:645:43)
#53     RenderStack.performLayout (package:flutter/src/rendering/stack.dart:680:12)
#54     RenderObject.layout (package:flutter/src/rendering/object.dart:2775:7)
#55     RenderProxyBoxMixin.performLayout (package:flutter/src/rendering/proxy_box.dart:115:18)
#56     RenderObject.layout (package:flutter/src/rendering/object.dart:2775:7)
#57     RenderProxyBoxMixin.performLayout (package:flutter/src/rendering/proxy_box.dart:115:18)
#58     RenderObject.layout (package:flutter/src/rendering/object.dart:2775:7)
#59     ChildLayoutHelper.layoutChild (package:flutter/src/rendering/layout_helper.dart:62:11)
#60     RenderStack._computeSize (package:flutter/src/rendering/stack.dart:645:43)
#61     RenderStack.performLayout (package:flutter/src/rendering/stack.dart:680:12)
#62     RenderObject.layout (package:flutter/src/rendering/object.dart:2775:7)
#63     RenderProxyBoxMixin.performLayout (package:flutter/src/rendering/proxy_box.dart:115:18)
#64     RenderObject.layout (package:flutter/src/rendering/object.dart:2775:7)
#65     RenderProxyBoxMixin.performLayout (package:flutter/src/rendering/proxy_box.dart:115:18)
#66     RenderObject.layout (package:flutter/src/rendering/object.dart:2775:7)
#67     ChildLayoutHelper.layoutChild (package:flutter/src/rendering/layout_helper.dart:62:11)
#68     RenderFlex._computeSizes (package:flutter/src/rendering/flex.dart:1161:28)
#69     RenderFlex.performLayout (package:flutter/src/rendering/flex.dart:1257:32)
#70     RenderObject.layout (package:flutter/src/rendering/object.dart:2775:7)
#71     RenderPadding.performLayout (package:flutter/src/rendering/shifted_box.dart:243:12)
#72     RenderObject.layout (package:flutter/src/rendering/object.dart:2775:7)
#73     RenderConstrainedBox.performLayout (package:flutter/src/rendering/proxy_box.dart:293:14)
#74     RenderObject.layout (package:flutter/src/rendering/object.dart:2775:7)
#75     RenderPositionedBox.performLayout (package:flutter/src/rendering/shifted_box.dart:465:14)
#76     RenderObject.layout (package:flutter/src/rendering/object.dart:2775:7)
#77     RenderPadding.performLayout (package:flutter/src/rendering/shifted_box.dart:243:12)
#78     RenderObject.layout (package:flutter/src/rendering/object.dart:2775:7)
#79     _RenderSingleChildViewport.performLayout (package:flutter/src/widgets/single_child_scroll_view.dart:502:14)
#80     RenderObject.layout (package:flutter/src/rendering/object.dart:2775:7)
#81     RenderProxyBoxMixin.performLayout (package:flutter/src/rendering/proxy_box.dart:115:18)
#82     RenderObject.layout (package:flutter/src/rendering/object.dart:2775:7)
#83     RenderProxyBoxMixin.performLayout (package:flutter/src/rendering/proxy_box.dart:115:18)
#84     RenderObject.layout (package:flutter/src/rendering/object.dart:2775:7)
#85     RenderProxyBoxMixin.performLayout (package:flutter/src/rendering/proxy_box.dart:115:18)
#86     RenderObject.layout (package:flutter/src/rendering/object.dart:2775:7)
#87     RenderProxyBoxMixin.performLayout (package:flutter/src/rendering/proxy_box.dart:115:18)
#88     RenderObject.layout (package:flutter/src/rendering/object.dart:2775:7)
#89     RenderProxyBoxMixin.performLayout (package:flutter/src/rendering/proxy_box.dart:115:18)
#90     RenderObject.layout (package:flutter/src/rendering/object.dart:2775:7)
#91     RenderProxyBoxMixin.performLayout (package:flutter/src/rendering/proxy_box.dart:115:18)
#92     RenderObject.layout (package:flutter/src/rendering/object.dart:2775:7)
#93     RenderProxyBoxMixin.performLayout (package:flutter/src/rendering/proxy_box.dart:115:18)
#94     RenderObject.layout (package:flutter/src/rendering/object.dart:2775:7)
#95     RenderProxyBoxMixin.performLayout (package:flutter/src/rendering/proxy_box.dart:115:18)
#96     _RenderCustomClip.performLayout (package:flutter/src/rendering/proxy_box.dart:1481:11)
#97     RenderObject.layout (package:flutter/src/rendering/object.dart:2775:7)
#98     MultiChildLayoutDelegate.layoutChild (package:flutter/src/rendering/custom_layout.dart:180:12)
#99     _ScaffoldLayout.performLayout (package:flutter/src/material/scaffold.dart:1112:7)
#100    MultiChildLayoutDelegate._callPerformLayout (package:flutter/src/rendering/custom_layout.dart:249:7)
#101    RenderCustomMultiChildLayoutBox.performLayout (package:flutter/src/rendering/custom_layout.dart:420:14)
#102    RenderObject.layout (package:flutter/src/rendering/object.dart:2775:7)
#103    RenderProxyBoxMixin.performLayout (package:flutter/src/rendering/proxy_box.dart:115:18)
#104    RenderObject.layout (package:flutter/src/rendering/object.dart:2775:7)
#105    RenderProxyBoxMixin.performLayout (package:flutter/src/rendering/proxy_box.dart:115:18)
#106    _RenderCustomClip.performLayout (package:flutter/src/rendering/proxy_box.dart:1481:11)
#107    RenderObject.layout (package:flutter/src/rendering/object.dart:2775:7)
#108    RenderProxyBoxMixin.performLayout (package:flutter/src/rendering/proxy_box.dart:115:18)
#109    RenderObject.layout (package:flutter/src/rendering/object.dart:2775:7)
#110    RenderProxyBoxMixin.performLayout (package:flutter/src/rendering/proxy_box.dart:115:18)
#111    RenderObject.layout (package:flutter/src/rendering/object.dart:2775:7)
#112    RenderProxyBoxMixin.performLayout (package:flutter/src/rendering/proxy_box.dart:115:18)
#113    RenderObject.layout (package:flutter/src/rendering/object.dart:2775:7)
#114    RenderProxyBoxMixin.performLayout (package:flutter/src/rendering/proxy_box.dart:115:18)
#115    RenderObject.layout (package:flutter/src/rendering/object.dart:2775:7)
#116    RenderProxyBoxMixin.performLayout (package:flutter/src/rendering/proxy_box.dart:115:18)
#117    RenderObject.layout (package:flutter/src/rendering/object.dart:2775:7)
#118    RenderProxyBoxMixin.performLayout (package:flutter/src/rendering/proxy_box.dart:115:18)
#119    RenderOffstage.performLayout (package:flutter/src/rendering/proxy_box.dart:3848:13)
#120    RenderObject.layout (package:flutter/src/rendering/object.dart:2775:7)
#121    RenderProxyBoxMixin.performLayout (package:flutter/src/rendering/proxy_box.dart:115:18)
#122    RenderObject.layout (package:flutter/src/rendering/object.dart:2775:7)
#123    _RenderTheaterMixin.layoutChild (package:flutter/src/widgets/overlay.dart:1084:13)
#124    _RenderTheater.performLayout (package:flutter/src/widgets/overlay.dart:1429:9)
#125    RenderObject.layout (package:flutter/src/rendering/object.dart:2775:7)
#126    RenderProxyBoxMixin.performLayout (package:flutter/src/rendering/proxy_box.dart:115:18)
#127    RenderObject.layout (package:flutter/src/rendering/object.dart:2775:7)
#128    RenderProxyBoxMixin.performLayout (package:flutter/src/rendering/proxy_box.dart:115:18)
#129    RenderObject.layout (package:flutter/src/rendering/object.dart:2775:7)
#130    MultiChildLayoutDelegate.layoutChild (package:flutter/src/rendering/custom_layout.dart:180:12)
#131    _ScaffoldLayout.performLayout (package:flutter/src/material/scaffold.dart:1112:7)
#132    MultiChildLayoutDelegate._callPerformLayout (package:flutter/src/rendering/custom_layout.dart:249:7)
#133    RenderCustomMultiChildLayoutBox.performLayout (package:flutter/src/rendering/custom_layout.dart:420:14)
#134    RenderObject.layout (package:flutter/src/rendering/object.dart:2775:7)
#135    RenderProxyBoxMixin.performLayout (package:flutter/src/rendering/proxy_box.dart:115:18)
#136    RenderObject.layout (package:flutter/src/rendering/object.dart:2775:7)
#137    RenderProxyBoxMixin.performLayout (package:flutter/src/rendering/proxy_box.dart:115:18)
#138    _RenderCustomClip.performLayout (package:flutter/src/rendering/proxy_box.dart:1481:11)
#139    RenderObject.layout (package:flutter/src/rendering/object.dart:2775:7)
#140    RenderProxyBoxMixin.performLayout (package:flutter/src/rendering/proxy_box.dart:115:18)
#141    RenderObject.layout (package:flutter/src/rendering/object.dart:2775:7)
#142    RenderProxyBoxMixin.performLayout (package:flutter/src/rendering/proxy_box.dart:115:18)
#143    RenderObject.layout (package:flutter/src/rendering/object.dart:2775:7)
#144    RenderProxyBoxMixin.performLayout (package:flutter/src/rendering/proxy_box.dart:115:18)
#145    RenderObject.layout (package:flutter/src/rendering/object.dart:2775:7)
#146    RenderProxyBoxMixin.performLayout (package:flutter/src/rendering/proxy_box.dart:115:18)
#147    RenderObject.layout (package:flutter/src/rendering/object.dart:2775:7)
#148    RenderProxyBoxMixin.performLayout (package:flutter/src/rendering/proxy_box.dart:115:18)
#149    RenderObject.layout (package:flutter/src/rendering/object.dart:2775:7)
#150    RenderProxyBoxMixin.performLayout (package:flutter/src/rendering/proxy_box.dart:115:18)
#151    RenderObject.layout (package:flutter/src/rendering/object.dart:2775:7)
#152    RenderProxyBoxMixin.performLayout (package:flutter/src/rendering/proxy_box.dart:115:18)
#153    RenderObject.layout (package:flutter/src/rendering/object.dart:2775:7)
#154    RenderProxyBoxMixin.performLayout (package:flutter/src/rendering/proxy_box.dart:115:18)
#155    RenderObject.layout (package:flutter/src/rendering/object.dart:2775:7)
#156    RenderProxyBoxMixin.performLayout (package:flutter/src/rendering/proxy_box.dart:115:18)
#157    RenderObject.layout (package:flutter/src/rendering/object.dart:2775:7)
#158    RenderProxyBoxMixin.performLayout (package:flutter/src/rendering/proxy_box.dart:115:18)
#159    RenderObject.layout (package:flutter/src/rendering/object.dart:2775:7)
#160    RenderProxyBoxMixin.performLayout (package:flutter/src/rendering/proxy_box.dart:115:18)
#161    RenderObject.layout (package:flutter/src/rendering/object.dart:2775:7)
#162    RenderProxyBoxMixin.performLayout (package:flutter/src/rendering/proxy_box.dart:115:18)
#163    RenderObject.layout (package:flutter/src/rendering/object.dart:2775:7)
#164    RenderProxyBoxMixin.performLayout (package:flutter/src/rendering/proxy_box.dart:115:18)
#165    RenderObject.layout (package:flutter/src/rendering/object.dart:2775:7)
#166    RenderProxyBoxMixin.performLayout (package:flutter/src/rendering/proxy_box.dart:115:18)
#167    RenderObject.layout (package:flutter/src/rendering/object.dart:2775:7)
#168    RenderProxyBoxMixin.performLayout (package:flutter/src/rendering/proxy_box.dart:115:18)
#169    RenderObject.layout (package:flutter/src/rendering/object.dart:2775:7)
#170    RenderProxyBoxMixin.performLayout (package:flutter/src/rendering/proxy_box.dart:115:18)
#171    RenderOffstage.performLayout (package:flutter/src/rendering/proxy_box.dart:3848:13)
#172    RenderObject.layout (package:flutter/src/rendering/object.dart:2775:7)
#173    RenderProxyBoxMixin.performLayout (package:flutter/src/rendering/proxy_box.dart:115:18)
#174    RenderObject.layout (package:flutter/src/rendering/object.dart:2775:7)
#175    _RenderTheaterMixin.layoutChild (package:flutter/src/widgets/overlay.dart:1084:13)
#176    _RenderTheater.performLayout (package:flutter/src/widgets/overlay.dart:1429:9)
#177    RenderObject.layout (package:flutter/src/rendering/object.dart:2775:7)
#178    RenderProxyBoxMixin.performLayout (package:flutter/src/rendering/proxy_box.dart:115:18)
#179    RenderObject.layout (package:flutter/src/rendering/object.dart:2775:7)
#180    RenderProxyBoxMixin.performLayout (package:flutter/src/rendering/proxy_box.dart:115:18)
#181    RenderObject.layout (package:flutter/src/rendering/object.dart:2775:7)
#182    ChildLayoutHelper.layoutChild (package:flutter/src/rendering/layout_helper.dart:62:11)
#183    RenderStack._computeSize (package:flutter/src/rendering/stack.dart:645:43)
#184    RenderStack.performLayout (package:flutter/src/rendering/stack.dart:680:12)
#185    RenderObject.layout (package:flutter/src/rendering/object.dart:2775:7)
#186    RenderProxyBoxMixin.performLayout (package:flutter/src/rendering/proxy_box.dart:115:18)
#187    RenderObject.layout (package:flutter/src/rendering/object.dart:2775:7)
#188    RenderProxyBoxMixin.performLayout (package:flutter/src/rendering/proxy_box.dart:115:18)
#189    RenderObject.layout (package:flutter/src/rendering/object.dart:2775:7)
#190    RenderProxyBoxMixin.performLayout (package:flutter/src/rendering/proxy_box.dart:115:18)
#191    RenderObject.layout (package:flutter/src/rendering/object.dart:2775:7)
#192    RenderProxyBoxMixin.performLayout (package:flutter/src/rendering/proxy_box.dart:115:18)
#193    RenderObject.layout (package:flutter/src/rendering/object.dart:2775:7)
#194    RenderProxyBoxMixin.performLayout (package:flutter/src/rendering/proxy_box.dart:115:18)
#195    RenderObject.layout (package:flutter/src/rendering/object.dart:2775:7)
#196    RenderProxyBoxMixin.performLayout (package:flutter/src/rendering/proxy_box.dart:115:18)
#197    RenderObject.layout (package:flutter/src/rendering/object.dart:2775:7)
#198    RenderView.performLayout (package:flutter/src/rendering/view.dart:294:12)
#199    RenderObject._layoutWithoutResize (package:flutter/src/rendering/object.dart:2623:7)
#200    PipelineOwner.flushLayout (package:flutter/src/rendering/object.dart:1170:18)
#201    PipelineOwner.flushLayout (package:flutter/src/rendering/object.dart:1183:15)
#202    AutomatedTestWidgetsFlutterBinding.drawFrame (package:flutter_test/src/binding.dart:1508:27)
#203    RendererBinding._handlePersistentFrameCallback (package:flutter/src/rendering/binding.dart:495:5)
#204    SchedulerBinding._invokeFrameCallback (package:flutter/src/scheduler/binding.dart:1434:15)
#205    SchedulerBinding.handleDrawFrame (package:flutter/src/scheduler/binding.dart:1347:9)
#206    AutomatedTestWidgetsFlutterBinding.pump.<anonymous closure> (package:flutter_test/src/binding.dart:1335:9)
#209    TestAsyncUtils.guard (package:flutter_test/src/test_async_utils.dart:74:41)
#210    AutomatedTestWidgetsFlutterBinding.pump (package:flutter_test/src/binding.dart:1324:27)
#211    WidgetTester.pumpWidget.<anonymous closure> (package:flutter_test/src/widget_tester.dart:598:22)
#214    TestAsyncUtils.guard (package:flutter_test/src/test_async_utils.dart:74:41)
#215    WidgetTester.pumpWidget (package:flutter_test/src/widget_tester.dart:595:27)
#216    main.<anonymous closure> (file:///D:/Mystery/programming/projects/PYTHON_PROJECTS/focus/focus_gg/focus_flutter/test/widget_test.dart:19:18)
#217    testWidgets.<anonymous closure>.<anonymous closure> (package:flutter_test/src/widget_tester.dart:192:29)
<asynchronous suspension>
#218    TestWidgetsFlutterBinding._runTestBody (package:flutter_test/src/binding.dart:1059:5)
<asynchronous suspension>
<asynchronous suspension>
(elided 7 frames from class _AssertionError, dart:async, and package:stack_trace)

The following RenderObject was being processed when the exception was fired: RenderPointerListener#7402f relayoutBoundary=up38 NEEDS-LAYOUT NEEDS-PAINT NEEDS-COMPOSITING-BITS-UPDATE:
  creator: Listener ΓåÉ RawGestureDetector ΓåÉ GestureDetector ΓåÉ Semantics ΓåÉ DefaultSelectionStyle ΓåÉ
    Builder ΓåÉ MouseRegion ΓåÉ Semantics ΓåÉ _FocusInheritedScope ΓåÉ Focus ΓåÉ _ActionsScope ΓåÉ Actions ΓåÉ Γï»
  parentData: <none> (can use size)
  constraints: BoxConstraints(64.0<=w<=Infinity, 40.0<=h<=Infinity)
  size: MISSING
  behavior: opaque
  listeners: down, panZoomStart
This RenderObject had the following descendants (showing up to depth 5):
    child: RenderPadding#9afb9 relayoutBoundary=up39 NEEDS-PAINT NEEDS-COMPOSITING-BITS-UPDATE
      child: RenderPositionedBox#127a8 relayoutBoundary=up40 NEEDS-PAINT NEEDS-COMPOSITING-BITS-UPDATE
        child: RenderFlex#f9bde relayoutBoundary=up41 NEEDS-PAINT NEEDS-COMPOSITING-BITS-UPDATE
          child 1: RenderParagraph#f29fc NEEDS-LAYOUT NEEDS-PAINT
            text: TextSpan
ΓòÉΓòÉΓòÉΓòÉΓòÉΓòÉΓòÉΓòÉΓòÉΓòÉΓòÉΓòÉΓòÉΓòÉΓòÉΓòÉΓòÉΓòÉΓòÉΓòÉΓòÉΓòÉΓòÉΓòÉΓòÉΓòÉΓòÉΓòÉΓòÉΓòÉΓòÉΓòÉΓòÉΓòÉΓòÉΓòÉΓòÉΓòÉΓòÉΓòÉΓòÉΓòÉΓòÉΓòÉΓòÉΓòÉΓòÉΓòÉΓòÉΓòÉΓòÉΓòÉΓòÉΓòÉΓòÉΓòÉΓòÉΓòÉΓòÉΓòÉΓòÉΓòÉΓòÉΓòÉΓòÉΓòÉΓòÉΓòÉΓòÉΓòÉΓòÉΓòÉΓòÉΓòÉΓòÉΓòÉΓòÉΓòÉΓòÉΓòÉΓòÉΓòÉΓòÉΓòÉΓòÉΓòÉΓòÉΓòÉΓòÉΓòÉΓòÉΓòÉΓòÉΓòÉΓòÉΓòÉΓòÉΓòÉΓòÉΓòÉ
ΓòÉΓòÉΓòí EXCEPTION CAUGHT BY RENDERING LIBRARY Γò₧ΓòÉΓòÉΓòÉΓòÉΓòÉΓòÉΓòÉΓòÉΓòÉΓòÉΓòÉΓòÉΓòÉΓòÉΓòÉΓòÉΓòÉΓòÉΓòÉΓòÉΓòÉΓòÉΓòÉΓòÉΓòÉΓòÉΓòÉΓòÉΓòÉΓòÉΓòÉΓòÉΓòÉΓòÉΓòÉΓòÉΓòÉΓòÉΓòÉΓòÉΓòÉΓòÉΓòÉΓòÉΓòÉΓòÉΓòÉΓòÉΓòÉΓòÉΓòÉΓòÉΓòÉΓòÉΓòÉΓòÉΓòÉ
The following assertion was thrown during performLayout():
RenderBox was not laid out: RenderPointerListener#7402f relayoutBoundary=up38 NEEDS-PAINT
NEEDS-COMPOSITING-BITS-UPDATE
'package:flutter/src/rendering/box.dart':
Failed assertion: line 2251 pos 12: 'hasSize'

Either the assertion indicates an error in the framework itself, or we should provide substantially
more information in this error message to help you determine and fix the underlying cause.
In either case, please report this assertion by filing a bug on GitHub:
  https://github.com/flutter/flutter/issues/new?template=02_bug.yml

The relevant error-causing widget was:
  ElevatedButton
  ElevatedButton:file:///D:/Mystery/programming/projects/PYTHON_PROJECTS/focus/focus_gg/focus_flutter/lib/shared/widgets/cyber_button.dart:97:12

When the exception was thrown, this was the stack:
#2      RenderBox.size (package:flutter/src/rendering/box.dart:2251:12)
#3      RenderProxyBoxMixin.performLayout (package:flutter/src/rendering/proxy_box.dart:115:62)
#4      RenderObject.layout (package:flutter/src/rendering/object.dart:2775:7)
#5      RenderProxyBoxMixin.performLayout (package:flutter/src/rendering/proxy_box.dart:115:18)
#6      RenderObject.layout (package:flutter/src/rendering/object.dart:2775:7)
#7      RenderProxyBoxMixin.performLayout (package:flutter/src/rendering/proxy_box.dart:115:18)
#8      RenderObject.layout (package:flutter/src/rendering/object.dart:2775:7)
#9      RenderProxyBoxMixin.performLayout (package:flutter/src/rendering/proxy_box.dart:115:18)
#10     RenderObject.layout (package:flutter/src/rendering/object.dart:2775:7)
#11     RenderProxyBoxMixin.performLayout (package:flutter/src/rendering/proxy_box.dart:115:18)
#12     RenderCustomPaint.performLayout (package:flutter/src/rendering/custom_paint.dart:574:11)
#13     RenderObject.layout (package:flutter/src/rendering/object.dart:2775:7)
#14     RenderProxyBoxMixin.performLayout (package:flutter/src/rendering/proxy_box.dart:115:18)
#15     _RenderCustomClip.performLayout (package:flutter/src/rendering/proxy_box.dart:1481:11)
#16     RenderObject.layout (package:flutter/src/rendering/object.dart:2775:7)
#17     RenderConstrainedBox.performLayout (package:flutter/src/rendering/proxy_box.dart:293:14)
#18     RenderObject.layout (package:flutter/src/rendering/object.dart:2775:7)
#19     ChildLayoutHelper.layoutChild (package:flutter/src/rendering/layout_helper.dart:62:11)
#20     _RenderInputPadding._computeSize (package:flutter/src/material/button_style_button.dart:698:41)
#21     _RenderInputPadding.performLayout (package:flutter/src/material/button_style_button.dart:728:12)
#22     RenderObject.layout (package:flutter/src/rendering/object.dart:2775:7)
#23     RenderProxyBoxMixin.performLayout (package:flutter/src/rendering/proxy_box.dart:115:18)
#24     RenderObject.layout (package:flutter/src/rendering/object.dart:2775:7)
#25     ChildLayoutHelper.layoutChild (package:flutter/src/rendering/layout_helper.dart:62:11)
#26     RenderFlex._computeSizes (package:flutter/src/rendering/flex.dart:1161:28)
#27     RenderFlex.performLayout (package:flutter/src/rendering/flex.dart:1257:32)
#28     RenderObject.layout (package:flutter/src/rendering/object.dart:2775:7)
#29     ChildLayoutHelper.layoutChild (package:flutter/src/rendering/layout_helper.dart:62:11)
#30     RenderFlex._computeSizes (package:flutter/src/rendering/flex.dart:1161:28)
#31     RenderFlex.performLayout (package:flutter/src/rendering/flex.dart:1257:32)
#32     RenderObject.layout (package:flutter/src/rendering/object.dart:2775:7)
#33     ChildLayoutHelper.layoutChild (package:flutter/src/rendering/layout_helper.dart:62:11)
#34     RenderFlex._computeSizes (package:flutter/src/rendering/flex.dart:1161:28)
#35     RenderFlex.performLayout (package:flutter/src/rendering/flex.dart:1257:32)
#36     RenderObject.layout (package:flutter/src/rendering/object.dart:2775:7)
#37     _RenderLayoutBuilder.performLayout (package:flutter/src/widgets/layout_builder.dart:450:14)
#38     RenderObject.layout (package:flutter/src/rendering/object.dart:2775:7)
#39     RenderPadding.performLayout (package:flutter/src/rendering/shifted_box.dart:243:12)
#40     RenderObject.layout (package:flutter/src/rendering/object.dart:2775:7)
#41     ChildLayoutHelper.layoutChild (package:flutter/src/rendering/layout_helper.dart:62:11)
#42     RenderStack._computeSize (package:flutter/src/rendering/stack.dart:645:43)
#43     RenderStack.performLayout (package:flutter/src/rendering/stack.dart:680:12)
#44     RenderObject.layout (package:flutter/src/rendering/object.dart:2775:7)
#45     RenderPadding.performLayout (package:flutter/src/rendering/shifted_box.dart:243:12)
#46     RenderObject.layout (package:flutter/src/rendering/object.dart:2775:7)
#47     RenderProxyBoxMixin.performLayout (package:flutter/src/rendering/proxy_box.dart:115:18)
#48     RenderObject.layout (package:flutter/src/rendering/object.dart:2775:7)
#49     ChildLayoutHelper.layoutChild (package:flutter/src/rendering/layout_helper.dart:62:11)
#50     RenderStack._computeSize (package:flutter/src/rendering/stack.dart:645:43)
#51     RenderStack.performLayout (package:flutter/src/rendering/stack.dart:680:12)
#52     RenderObject.layout (package:flutter/src/rendering/object.dart:2775:7)
#53     RenderProxyBoxMixin.performLayout (package:flutter/src/rendering/proxy_box.dart:115:18)
#54     RenderObject.layout (package:flutter/src/rendering/object.dart:2775:7)
#55     RenderProxyBoxMixin.performLayout (package:flutter/src/rendering/proxy_box.dart:115:18)
#56     RenderObject.layout (package:flutter/src/rendering/object.dart:2775:7)
#57     ChildLayoutHelper.layoutChild (package:flutter/src/rendering/layout_helper.dart:62:11)
#58     RenderStack._computeSize (package:flutter/src/rendering/stack.dart:645:43)
#59     RenderStack.performLayout (package:flutter/src/rendering/stack.dart:680:12)
#60     RenderObject.layout (package:flutter/src/rendering/object.dart:2775:7)
#61     RenderProxyBoxMixin.performLayout (package:flutter/src/rendering/proxy_box.dart:115:18)
#62     RenderObject.layout (package:flutter/src/rendering/object.dart:2775:7)
#63     RenderProxyBoxMixin.performLayout (package:flutter/src/rendering/proxy_box.dart:115:18)
#64     RenderObject.layout (package:flutter/src/rendering/object.dart:2775:7)
#65     ChildLayoutHelper.layoutChild (package:flutter/src/rendering/layout_helper.dart:62:11)
#66     RenderFlex._computeSizes (package:flutter/src/rendering/flex.dart:1161:28)
#67     RenderFlex.performLayout (package:flutter/src/rendering/flex.dart:1257:32)
#68     RenderObject.layout (package:flutter/src/rendering/object.dart:2775:7)
#69     RenderPadding.performLayout (package:flutter/src/rendering/shifted_box.dart:243:12)
#70     RenderObject.layout (package:flutter/src/rendering/object.dart:2775:7)
#71     RenderConstrainedBox.performLayout (package:flutter/src/rendering/proxy_box.dart:293:14)
#72     RenderObject.layout (package:flutter/src/rendering/object.dart:2775:7)
#73     RenderPositionedBox.performLayout (package:flutter/src/rendering/shifted_box.dart:465:14)
#74     RenderObject.layout (package:flutter/src/rendering/object.dart:2775:7)
#75     RenderPadding.performLayout (package:flutter/src/rendering/shifted_box.dart:243:12)
#76     RenderObject.layout (package:flutter/src/rendering/object.dart:2775:7)
#77     _RenderSingleChildViewport.performLayout (package:flutter/src/widgets/single_child_scroll_view.dart:502:14)
#78     RenderObject.layout (package:flutter/src/rendering/object.dart:2775:7)
#79     RenderProxyBoxMixin.performLayout (package:flutter/src/rendering/proxy_box.dart:115:18)
#80     RenderObject.layout (package:flutter/src/rendering/object.dart:2775:7)
#81     RenderProxyBoxMixin.performLayout (package:flutter/src/rendering/proxy_box.dart:115:18)
#82     RenderObject.layout (package:flutter/src/rendering/object.dart:2775:7)
#83     RenderProxyBoxMixin.performLayout (package:flutter/src/rendering/proxy_box.dart:115:18)
#84     RenderObject.layout (package:flutter/src/rendering/object.dart:2775:7)
#85     RenderProxyBoxMixin.performLayout (package:flutter/src/rendering/proxy_box.dart:115:18)
#86     RenderObject.layout (package:flutter/src/rendering/object.dart:2775:7)
#87     RenderProxyBoxMixin.performLayout (package:flutter/src/rendering/proxy_box.dart:115:18)
#88     RenderObject.layout (package:flutter/src/rendering/object.dart:2775:7)
#89     RenderProxyBoxMixin.performLayout (package:flutter/src/rendering/proxy_box.dart:115:18)
#90     RenderObject.layout (package:flutter/src/rendering/object.dart:2775:7)
#91     RenderProxyBoxMixin.performLayout (package:flutter/src/rendering/proxy_box.dart:115:18)
#92     RenderObject.layout (package:flutter/src/rendering/object.dart:2775:7)
#93     RenderProxyBoxMixin.performLayout (package:flutter/src/rendering/proxy_box.dart:115:18)
#94     _RenderCustomClip.performLayout (package:flutter/src/rendering/proxy_box.dart:1481:11)
#95     RenderObject.layout (package:flutter/src/rendering/object.dart:2775:7)
#96     MultiChildLayoutDelegate.layoutChild (package:flutter/src/rendering/custom_layout.dart:180:12)
#97     _ScaffoldLayout.performLayout (package:flutter/src/material/scaffold.dart:1112:7)
#98     MultiChildLayoutDelegate._callPerformLayout (package:flutter/src/rendering/custom_layout.dart:249:7)
#99     RenderCustomMultiChildLayoutBox.performLayout (package:flutter/src/rendering/custom_layout.dart:420:14)
#100    RenderObject.layout (package:flutter/src/rendering/object.dart:2775:7)
#101    RenderProxyBoxMixin.performLayout (package:flutter/src/rendering/proxy_box.dart:115:18)
#102    RenderObject.layout (package:flutter/src/rendering/object.dart:2775:7)
#103    RenderProxyBoxMixin.performLayout (package:flutter/src/rendering/proxy_box.dart:115:18)
#104    _RenderCustomClip.performLayout (package:flutter/src/rendering/proxy_box.dart:1481:11)
#105    RenderObject.layout (package:flutter/src/rendering/object.dart:2775:7)
#106    RenderProxyBoxMixin.performLayout (package:flutter/src/rendering/proxy_box.dart:115:18)
#107    RenderObject.layout (package:flutter/src/rendering/object.dart:2775:7)
#108    RenderProxyBoxMixin.performLayout (package:flutter/src/rendering/proxy_box.dart:115:18)
#109    RenderObject.layout (package:flutter/src/rendering/object.dart:2775:7)
#110    RenderProxyBoxMixin.performLayout (package:flutter/src/rendering/proxy_box.dart:115:18)
#111    RenderObject.layout (package:flutter/src/rendering/object.dart:2775:7)
#112    RenderProxyBoxMixin.performLayout (package:flutter/src/rendering/proxy_box.dart:115:18)
#113    RenderObject.layout (package:flutter/src/rendering/object.dart:2775:7)
#114    RenderProxyBoxMixin.performLayout (package:flutter/src/rendering/proxy_box.dart:115:18)
#115    RenderObject.layout (package:flutter/src/rendering/object.dart:2775:7)
#116    RenderProxyBoxMixin.performLayout (package:flutter/src/rendering/proxy_box.dart:115:18)
#117    RenderOffstage.performLayout (package:flutter/src/rendering/proxy_box.dart:3848:13)
#118    RenderObject.layout (package:flutter/src/rendering/object.dart:2775:7)
#119    RenderProxyBoxMixin.performLayout (package:flutter/src/rendering/proxy_box.dart:115:18)
#120    RenderObject.layout (package:flutter/src/rendering/object.dart:2775:7)
#121    _RenderTheaterMixin.layoutChild (package:flutter/src/widgets/overlay.dart:1084:13)
#122    _RenderTheater.performLayout (package:flutter/src/widgets/overlay.dart:1429:9)
#123    RenderObject.layout (package:flutter/src/rendering/object.dart:2775:7)
#124    RenderProxyBoxMixin.performLayout (package:flutter/src/rendering/proxy_box.dart:115:18)
#125    RenderObject.layout (package:flutter/src/rendering/object.dart:2775:7)
#126    RenderProxyBoxMixin.performLayout (package:flutter/src/rendering/proxy_box.dart:115:18)
#127    RenderObject.layout (package:flutter/src/rendering/object.dart:2775:7)
#128    MultiChildLayoutDelegate.layoutChild (package:flutter/src/rendering/custom_layout.dart:180:12)
#129    _ScaffoldLayout.performLayout (package:flutter/src/material/scaffold.dart:1112:7)
#130    MultiChildLayoutDelegate._callPerformLayout (package:flutter/src/rendering/custom_layout.dart:249:7)
#131    RenderCustomMultiChildLayoutBox.performLayout (package:flutter/src/rendering/custom_layout.dart:420:14)
#132    RenderObject.layout (package:flutter/src/rendering/object.dart:2775:7)
#133    RenderProxyBoxMixin.performLayout (package:flutter/src/rendering/proxy_box.dart:115:18)
#134    RenderObject.layout (package:flutter/src/rendering/object.dart:2775:7)
#135    RenderProxyBoxMixin.performLayout (package:flutter/src/rendering/proxy_box.dart:115:18)
#136    _RenderCustomClip.performLayout (package:flutter/src/rendering/proxy_box.dart:1481:11)
#137    RenderObject.layout (package:flutter/src/rendering/object.dart:2775:7)
#138    RenderProxyBoxMixin.performLayout (package:flutter/src/rendering/proxy_box.dart:115:18)
#139    RenderObject.layout (package:flutter/src/rendering/object.dart:2775:7)
#140    RenderProxyBoxMixin.performLayout (package:flutter/src/rendering/proxy_box.dart:115:18)
#141    RenderObject.layout (package:flutter/src/rendering/object.dart:2775:7)
#142    RenderProxyBoxMixin.performLayout (package:flutter/src/rendering/proxy_box.dart:115:18)
#143    RenderObject.layout (package:flutter/src/rendering/object.dart:2775:7)
#144    RenderProxyBoxMixin.performLayout (package:flutter/src/rendering/proxy_box.dart:115:18)
#145    RenderObject.layout (package:flutter/src/rendering/object.dart:2775:7)
#146    RenderProxyBoxMixin.performLayout (package:flutter/src/rendering/proxy_box.dart:115:18)
#147    RenderObject.layout (package:flutter/src/rendering/object.dart:2775:7)
#148    RenderProxyBoxMixin.performLayout (package:flutter/src/rendering/proxy_box.dart:115:18)
#149    RenderObject.layout (package:flutter/src/rendering/object.dart:2775:7)
#150    RenderProxyBoxMixin.performLayout (package:flutter/src/rendering/proxy_box.dart:115:18)
#151    RenderObject.layout (package:flutter/src/rendering/object.dart:2775:7)
#152    RenderProxyBoxMixin.performLayout (package:flutter/src/rendering/proxy_box.dart:115:18)
#153    RenderObject.layout (package:flutter/src/rendering/object.dart:2775:7)
#154    RenderProxyBoxMixin.performLayout (package:flutter/src/rendering/proxy_box.dart:115:18)
#155    RenderObject.layout (package:flutter/src/rendering/object.dart:2775:7)
#156    RenderProxyBoxMixin.performLayout (package:flutter/src/rendering/proxy_box.dart:115:18)
#157    RenderObject.layout (package:flutter/src/rendering/object.dart:2775:7)
#158    RenderProxyBoxMixin.performLayout (package:flutter/src/rendering/proxy_box.dart:115:18)
#159    RenderObject.layout (package:flutter/src/rendering/object.dart:2775:7)
#160    RenderProxyBoxMixin.performLayout (package:flutter/src/rendering/proxy_box.dart:115:18)
#161    RenderObject.layout (package:flutter/src/rendering/object.dart:2775:7)
#162    RenderProxyBoxMixin.performLayout (package:flutter/src/rendering/proxy_box.dart:115:18)
#163    RenderObject.layout (package:flutter/src/rendering/object.dart:2775:7)
#164    RenderProxyBoxMixin.performLayout (package:flutter/src/rendering/proxy_box.dart:115:18)
#165    RenderObject.layout (package:flutter/src/rendering/object.dart:2775:7)
#166    RenderProxyBoxMixin.performLayout (package:flutter/src/rendering/proxy_box.dart:115:18)
#167    RenderObject.layout (package:flutter/src/rendering/object.dart:2775:7)
#168    RenderProxyBoxMixin.performLayout (package:flutter/src/rendering/proxy_box.dart:115:18)
#169    RenderOffstage.performLayout (package:flutter/src/rendering/proxy_box.dart:3848:13)
#170    RenderObject.layout (package:flutter/src/rendering/object.dart:2775:7)
#171    RenderProxyBoxMixin.performLayout (package:flutter/src/rendering/proxy_box.dart:115:18)
#172    RenderObject.layout (package:flutter/src/rendering/object.dart:2775:7)
#173    _RenderTheaterMixin.layoutChild (package:flutter/src/widgets/overlay.dart:1084:13)
#174    _RenderTheater.performLayout (package:flutter/src/widgets/overlay.dart:1429:9)
#175    RenderObject.layout (package:flutter/src/rendering/object.dart:2775:7)
#176    RenderProxyBoxMixin.performLayout (package:flutter/src/rendering/proxy_box.dart:115:18)
#177    RenderObject.layout (package:flutter/src/rendering/object.dart:2775:7)
#178    RenderProxyBoxMixin.performLayout (package:flutter/src/rendering/proxy_box.dart:115:18)
#179    RenderObject.layout (package:flutter/src/rendering/object.dart:2775:7)
#180    ChildLayoutHelper.layoutChild (package:flutter/src/rendering/layout_helper.dart:62:11)
#181    RenderStack._computeSize (package:flutter/src/rendering/stack.dart:645:43)
#182    RenderStack.performLayout (package:flutter/src/rendering/stack.dart:680:12)
#183    RenderObject.layout (package:flutter/src/rendering/object.dart:2775:7)
#184    RenderProxyBoxMixin.performLayout (package:flutter/src/rendering/proxy_box.dart:115:18)
#185    RenderObject.layout (package:flutter/src/rendering/object.dart:2775:7)
#186    RenderProxyBoxMixin.performLayout (package:flutter/src/rendering/proxy_box.dart:115:18)
#187    RenderObject.layout (package:flutter/src/rendering/object.dart:2775:7)
#188    RenderProxyBoxMixin.performLayout (package:flutter/src/rendering/proxy_box.dart:115:18)
#189    RenderObject.layout (package:flutter/src/rendering/object.dart:2775:7)
#190    RenderProxyBoxMixin.performLayout (package:flutter/src/rendering/proxy_box.dart:115:18)
#191    RenderObject.layout (package:flutter/src/rendering/object.dart:2775:7)
#192    RenderProxyBoxMixin.performLayout (package:flutter/src/rendering/proxy_box.dart:115:18)
#193    RenderObject.layout (package:flutter/src/rendering/object.dart:2775:7)
#194    RenderProxyBoxMixin.performLayout (package:flutter/src/rendering/proxy_box.dart:115:18)
#195    RenderObject.layout (package:flutter/src/rendering/object.dart:2775:7)
#196    RenderView.performLayout (package:flutter/src/rendering/view.dart:294:12)
#197    RenderObject._layoutWithoutResize (package:flutter/src/rendering/object.dart:2623:7)
#198    PipelineOwner.flushLayout (package:flutter/src/rendering/object.dart:1170:18)
#199    PipelineOwner.flushLayout (package:flutter/src/rendering/object.dart:1183:15)
#200    AutomatedTestWidgetsFlutterBinding.drawFrame (package:flutter_test/src/binding.dart:1508:27)
#201    RendererBinding._handlePersistentFrameCallback (package:flutter/src/rendering/binding.dart:495:5)
#202    SchedulerBinding._invokeFrameCallback (package:flutter/src/scheduler/binding.dart:1434:15)
#203    SchedulerBinding.handleDrawFrame (package:flutter/src/scheduler/binding.dart:1347:9)
#204    AutomatedTestWidgetsFlutterBinding.pump.<anonymous closure> (package:flutter_test/src/binding.dart:1335:9)
#207    TestAsyncUtils.guard (package:flutter_test/src/test_async_utils.dart:74:41)
#208    AutomatedTestWidgetsFlutterBinding.pump (package:flutter_test/src/binding.dart:1324:27)
#209    WidgetTester.pumpWidget.<anonymous closure> (package:flutter_test/src/widget_tester.dart:598:22)
#212    TestAsyncUtils.guard (package:flutter_test/src/test_async_utils.dart:74:41)
#213    WidgetTester.pumpWidget (package:flutter_test/src/widget_tester.dart:595:27)
#214    main.<anonymous closure> (file:///D:/Mystery/programming/projects/PYTHON_PROJECTS/focus/focus_gg/focus_flutter/test/widget_test.dart:19:18)
#215    testWidgets.<anonymous closure>.<anonymous closure> (package:flutter_test/src/widget_tester.dart:192:29)
<asynchronous suspension>
#216    TestWidgetsFlutterBinding._runTestBody (package:flutter_test/src/binding.dart:1059:5)
<asynchronous suspension>
<asynchronous suspension>
(elided 7 frames from class _AssertionError, dart:async, and package:stack_trace)

The following RenderObject was being processed when the exception was fired: RenderSemanticsAnnotations#1ea8c relayoutBoundary=up37 NEEDS-LAYOUT NEEDS-PAINT NEEDS-COMPOSITING-BITS-UPDATE:
  creator: Semantics ΓåÉ DefaultSelectionStyle ΓåÉ Builder ΓåÉ MouseRegion ΓåÉ Semantics ΓåÉ
    _FocusInheritedScope ΓåÉ Focus ΓåÉ _ActionsScope ΓåÉ Actions ΓåÉ _ParentInkResponseProvider ΓåÉ
    _InkResponseStateWidget ΓåÉ InkWell ΓåÉ Γï»
  parentData: <none> (can use size)
  constraints: BoxConstraints(64.0<=w<=Infinity, 40.0<=h<=Infinity)
  size: MISSING
This RenderObject had the following descendants (showing up to depth 5):
    child: RenderPointerListener#7402f relayoutBoundary=up38 NEEDS-PAINT NEEDS-COMPOSITING-BITS-UPDATE
      child: RenderPadding#9afb9 relayoutBoundary=up39 NEEDS-PAINT NEEDS-COMPOSITING-BITS-UPDATE
        child: RenderPositionedBox#127a8 relayoutBoundary=up40 NEEDS-PAINT NEEDS-COMPOSITING-BITS-UPDATE
          child: RenderFlex#f9bde relayoutBoundary=up41 NEEDS-PAINT NEEDS-COMPOSITING-BITS-UPDATE
            child 1: RenderParagraph#f29fc NEEDS-LAYOUT NEEDS-PAINT
ΓòÉΓòÉΓòÉΓòÉΓòÉΓòÉΓòÉΓòÉΓòÉΓòÉΓòÉΓòÉΓòÉΓòÉΓòÉΓòÉΓòÉΓòÉΓòÉΓòÉΓòÉΓòÉΓòÉΓòÉΓòÉΓòÉΓòÉΓòÉΓòÉΓòÉΓòÉΓòÉΓòÉΓòÉΓòÉΓòÉΓòÉΓòÉΓòÉΓòÉΓòÉΓòÉΓòÉΓòÉΓòÉΓòÉΓòÉΓòÉΓòÉΓòÉΓòÉΓòÉΓòÉΓòÉΓòÉΓòÉΓòÉΓòÉΓòÉΓòÉΓòÉΓòÉΓòÉΓòÉΓòÉΓòÉΓòÉΓòÉΓòÉΓòÉΓòÉΓòÉΓòÉΓòÉΓòÉΓòÉΓòÉΓòÉΓòÉΓòÉΓòÉΓòÉΓòÉΓòÉΓòÉΓòÉΓòÉΓòÉΓòÉΓòÉΓòÉΓòÉΓòÉΓòÉΓòÉΓòÉΓòÉΓòÉΓòÉΓòÉ
ΓòÉΓòÉΓòí EXCEPTION CAUGHT BY RENDERING LIBRARY Γò₧ΓòÉΓòÉΓòÉΓòÉΓòÉΓòÉΓòÉΓòÉΓòÉΓòÉΓòÉΓòÉΓòÉΓòÉΓòÉΓòÉΓòÉΓòÉΓòÉΓòÉΓòÉΓòÉΓòÉΓòÉΓòÉΓòÉΓòÉΓòÉΓòÉΓòÉΓòÉΓòÉΓòÉΓòÉΓòÉΓòÉΓòÉΓòÉΓòÉΓòÉΓòÉΓòÉΓòÉΓòÉΓòÉΓòÉΓòÉΓòÉΓòÉΓòÉΓòÉΓòÉΓòÉΓòÉΓòÉΓòÉΓòÉ
The following assertion was thrown during performLayout():
RenderBox was not laid out: RenderSemanticsAnnotations#1ea8c relayoutBoundary=up37 NEEDS-PAINT
NEEDS-COMPOSITING-BITS-UPDATE
'package:flutter/src/rendering/box.dart':
Failed assertion: line 2251 pos 12: 'hasSize'

Either the assertion indicates an error in the framework itself, or we should provide substantially
more information in this error message to help you determine and fix the underlying cause.
In either case, please report this assertion by filing a bug on GitHub:
  https://github.com/flutter/flutter/issues/new?template=02_bug.yml

The relevant error-causing widget was:
  ElevatedButton
  ElevatedButton:file:///D:/Mystery/programming/projects/PYTHON_PROJECTS/focus/focus_gg/focus_flutter/lib/shared/widgets/cyber_button.dart:97:12

When the exception was thrown, this was the stack:
#2      RenderBox.size (package:flutter/src/rendering/box.dart:2251:12)
#3      RenderProxyBoxMixin.performLayout (package:flutter/src/rendering/proxy_box.dart:115:62)
#4      RenderObject.layout (package:flutter/src/rendering/object.dart:2775:7)
#5      RenderProxyBoxMixin.performLayout (package:flutter/src/rendering/proxy_box.dart:115:18)
#6      RenderObject.layout (package:flutter/src/rendering/object.dart:2775:7)
#7      RenderProxyBoxMixin.performLayout (package:flutter/src/rendering/proxy_box.dart:115:18)
#8      RenderObject.layout (package:flutter/src/rendering/object.dart:2775:7)
#9      RenderProxyBoxMixin.performLayout (package:flutter/src/rendering/proxy_box.dart:115:18)
#10     RenderCustomPaint.performLayout (package:flutter/src/rendering/custom_paint.dart:574:11)
#11     RenderObject.layout (package:flutter/src/rendering/object.dart:2775:7)
#12     RenderProxyBoxMixin.performLayout (package:flutter/src/rendering/proxy_box.dart:115:18)
#13     _RenderCustomClip.performLayout (package:flutter/src/rendering/proxy_box.dart:1481:11)
#14     RenderObject.layout (package:flutter/src/rendering/object.dart:2775:7)
#15     RenderConstrainedBox.performLayout (package:flutter/src/rendering/proxy_box.dart:293:14)
#16     RenderObject.layout (package:flutter/src/rendering/object.dart:2775:7)
#17     ChildLayoutHelper.layoutChild (package:flutter/src/rendering/layout_helper.dart:62:11)
#18     _RenderInputPadding._computeSize (package:flutter/src/material/button_style_button.dart:698:41)
#19     _RenderInputPadding.performLayout (package:flutter/src/material/button_style_button.dart:728:12)
#20     RenderObject.layout (package:flutter/src/rendering/object.dart:2775:7)
#21     RenderProxyBoxMixin.performLayout (package:flutter/src/rendering/proxy_box.dart:115:18)
#22     RenderObject.layout (package:flutter/src/rendering/object.dart:2775:7)
#23     ChildLayoutHelper.layoutChild (package:flutter/src/rendering/layout_helper.dart:62:11)
#24     RenderFlex._computeSizes (package:flutter/src/rendering/flex.dart:1161:28)
#25     RenderFlex.performLayout (package:flutter/src/rendering/flex.dart:1257:32)
#26     RenderObject.layout (package:flutter/src/rendering/object.dart:2775:7)
#27     ChildLayoutHelper.layoutChild (package:flutter/src/rendering/layout_helper.dart:62:11)
#28     RenderFlex._computeSizes (package:flutter/src/rendering/flex.dart:1161:28)
#29     RenderFlex.performLayout (package:flutter/src/rendering/flex.dart:1257:32)
#30     RenderObject.layout (package:flutter/src/rendering/object.dart:2775:7)
#31     ChildLayoutHelper.layoutChild (package:flutter/src/rendering/layout_helper.dart:62:11)
#32     RenderFlex._computeSizes (package:flutter/src/rendering/flex.dart:1161:28)
#33     RenderFlex.performLayout (package:flutter/src/rendering/flex.dart:1257:32)
#34     RenderObject.layout (package:flutter/src/rendering/object.dart:2775:7)
#35     _RenderLayoutBuilder.performLayout (package:flutter/src/widgets/layout_builder.dart:450:14)
#36     RenderObject.layout (package:flutter/src/rendering/object.dart:2775:7)
#37     RenderPadding.performLayout (package:flutter/src/rendering/shifted_box.dart:243:12)
#38     RenderObject.layout (package:flutter/src/rendering/object.dart:2775:7)
#39     ChildLayoutHelper.layoutChild (package:flutter/src/rendering/layout_helper.dart:62:11)
#40     RenderStack._computeSize (package:flutter/src/rendering/stack.dart:645:43)
#41     RenderStack.performLayout (package:flutter/src/rendering/stack.dart:680:12)
#42     RenderObject.layout (package:flutter/src/rendering/object.dart:2775:7)
#43     RenderPadding.performLayout (package:flutter/src/rendering/shifted_box.dart:243:12)
#44     RenderObject.layout (package:flutter/src/rendering/object.dart:2775:7)
#45     RenderProxyBoxMixin.performLayout (package:flutter/src/rendering/proxy_box.dart:115:18)
#46     RenderObject.layout (package:flutter/src/rendering/object.dart:2775:7)
#47     ChildLayoutHelper.layoutChild (package:flutter/src/rendering/layout_helper.dart:62:11)
#48     RenderStack._computeSize (package:flutter/src/rendering/stack.dart:645:43)
#49     RenderStack.performLayout (package:flutter/src/rendering/stack.dart:680:12)
#50     RenderObject.layout (package:flutter/src/rendering/object.dart:2775:7)
#51     RenderProxyBoxMixin.performLayout (package:flutter/src/rendering/proxy_box.dart:115:18)
#52     RenderObject.layout (package:flutter/src/rendering/object.dart:2775:7)
#53     RenderProxyBoxMixin.performLayout (package:flutter/src/rendering/proxy_box.dart:115:18)
#54     RenderObject.layout (package:flutter/src/rendering/object.dart:2775:7)
#55     ChildLayoutHelper.layoutChild (package:flutter/src/rendering/layout_helper.dart:62:11)
#56     RenderStack._computeSize (package:flutter/src/rendering/stack.dart:645:43)
#57     RenderStack.performLayout (package:flutter/src/rendering/stack.dart:680:12)
#58     RenderObject.layout (package:flutter/src/rendering/object.dart:2775:7)
#59     RenderProxyBoxMixin.performLayout (package:flutter/src/rendering/proxy_box.dart:115:18)
#60     RenderObject.layout (package:flutter/src/rendering/object.dart:2775:7)
#61     RenderProxyBoxMixin.performLayout (package:flutter/src/rendering/proxy_box.dart:115:18)
#62     RenderObject.layout (package:flutter/src/rendering/object.dart:2775:7)
#63     ChildLayoutHelper.layoutChild (package:flutter/src/rendering/layout_helper.dart:62:11)
#64     RenderFlex._computeSizes (package:flutter/src/rendering/flex.dart:1161:28)
#65     RenderFlex.performLayout (package:flutter/src/rendering/flex.dart:1257:32)
#66     RenderObject.layout (package:flutter/src/rendering/object.dart:2775:7)
#67     RenderPadding.performLayout (package:flutter/src/rendering/shifted_box.dart:243:12)
#68     RenderObject.layout (package:flutter/src/rendering/object.dart:2775:7)
#69     RenderConstrainedBox.performLayout (package:flutter/src/rendering/proxy_box.dart:293:14)
#70     RenderObject.layout (package:flutter/src/rendering/object.dart:2775:7)
#71     RenderPositionedBox.performLayout (package:flutter/src/rendering/shifted_box.dart:465:14)
#72     RenderObject.layout (package:flutter/src/rendering/object.dart:2775:7)
#73     RenderPadding.performLayout (package:flutter/src/rendering/shifted_box.dart:243:12)
#74     RenderObject.layout (package:flutter/src/rendering/object.dart:2775:7)
#75     _RenderSingleChildViewport.performLayout (package:flutter/src/widgets/single_child_scroll_view.dart:502:14)
#76     RenderObject.layout (package:flutter/src/rendering/object.dart:2775:7)
#77     RenderProxyBoxMixin.performLayout (package:flutter/src/rendering/proxy_box.dart:115:18)
#78     RenderObject.layout (package:flutter/src/rendering/object.dart:2775:7)
#79     RenderProxyBoxMixin.performLayout (package:flutter/src/rendering/proxy_box.dart:115:18)
#80     RenderObject.layout (package:flutter/src/rendering/object.dart:2775:7)
#81     RenderProxyBoxMixin.performLayout (package:flutter/src/rendering/proxy_box.dart:115:18)
#82     RenderObject.layout (package:flutter/src/rendering/object.dart:2775:7)
#83     RenderProxyBoxMixin.performLayout (package:flutter/src/rendering/proxy_box.dart:115:18)
#84     RenderObject.layout (package:flutter/src/rendering/object.dart:2775:7)
#85     RenderProxyBoxMixin.performLayout (package:flutter/src/rendering/proxy_box.dart:115:18)
#86     RenderObject.layout (package:flutter/src/rendering/object.dart:2775:7)
#87     RenderProxyBoxMixin.performLayout (package:flutter/src/rendering/proxy_box.dart:115:18)
#88     RenderObject.layout (package:flutter/src/rendering/object.dart:2775:7)
#89     RenderProxyBoxMixin.performLayout (package:flutter/src/rendering/proxy_box.dart:115:18)
#90     RenderObject.layout (package:flutter/src/rendering/object.dart:2775:7)
#91     RenderProxyBoxMixin.performLayout (package:flutter/src/rendering/proxy_box.dart:115:18)
#92     _RenderCustomClip.performLayout (package:flutter/src/rendering/proxy_box.dart:1481:11)
#93     RenderObject.layout (package:flutter/src/rendering/object.dart:2775:7)
#94     MultiChildLayoutDelegate.layoutChild (package:flutter/src/rendering/custom_layout.dart:180:12)
#95     _ScaffoldLayout.performLayout (package:flutter/src/material/scaffold.dart:1112:7)
#96     MultiChildLayoutDelegate._callPerformLayout (package:flutter/src/rendering/custom_layout.dart:249:7)
#97     RenderCustomMultiChildLayoutBox.performLayout (package:flutter/src/rendering/custom_layout.dart:420:14)
#98     RenderObject.layout (package:flutter/src/rendering/object.dart:2775:7)
#99     RenderProxyBoxMixin.performLayout (package:flutter/src/rendering/proxy_box.dart:115:18)
#100    RenderObject.layout (package:flutter/src/rendering/object.dart:2775:7)
#101    RenderProxyBoxMixin.performLayout (package:flutter/src/rendering/proxy_box.dart:115:18)
#102    _RenderCustomClip.performLayout (package:flutter/src/rendering/proxy_box.dart:1481:11)
#103    RenderObject.layout (package:flutter/src/rendering/object.dart:2775:7)
#104    RenderProxyBoxMixin.performLayout (package:flutter/src/rendering/proxy_box.dart:115:18)
#105    RenderObject.layout (package:flutter/src/rendering/object.dart:2775:7)
#106    RenderProxyBoxMixin.performLayout (package:flutter/src/rendering/proxy_box.dart:115:18)
#107    RenderObject.layout (package:flutter/src/rendering/object.dart:2775:7)
#108    RenderProxyBoxMixin.performLayout (package:flutter/src/rendering/proxy_box.dart:115:18)
#109    RenderObject.layout (package:flutter/src/rendering/object.dart:2775:7)
#110    RenderProxyBoxMixin.performLayout (package:flutter/src/rendering/proxy_box.dart:115:18)
#111    RenderObject.layout (package:flutter/src/rendering/object.dart:2775:7)
#112    RenderProxyBoxMixin.performLayout (package:flutter/src/rendering/proxy_box.dart:115:18)
#113    RenderObject.layout (package:flutter/src/rendering/object.dart:2775:7)
#114    RenderProxyBoxMixin.performLayout (package:flutter/src/rendering/proxy_box.dart:115:18)
#115    RenderOffstage.performLayout (package:flutter/src/rendering/proxy_box.dart:3848:13)
#116    RenderObject.layout (package:flutter/src/rendering/object.dart:2775:7)
#117    RenderProxyBoxMixin.performLayout (package:flutter/src/rendering/proxy_box.dart:115:18)
#118    RenderObject.layout (package:flutter/src/rendering/object.dart:2775:7)
#119    _RenderTheaterMixin.layoutChild (package:flutter/src/widgets/overlay.dart:1084:13)
#120    _RenderTheater.performLayout (package:flutter/src/widgets/overlay.dart:1429:9)
#121    RenderObject.layout (package:flutter/src/rendering/object.dart:2775:7)
#122    RenderProxyBoxMixin.performLayout (package:flutter/src/rendering/proxy_box.dart:115:18)
#123    RenderObject.layout (package:flutter/src/rendering/object.dart:2775:7)
#124    RenderProxyBoxMixin.performLayout (package:flutter/src/rendering/proxy_box.dart:115:18)
#125    RenderObject.layout (package:flutter/src/rendering/object.dart:2775:7)
#126    MultiChildLayoutDelegate.layoutChild (package:flutter/src/rendering/custom_layout.dart:180:12)
#127    _ScaffoldLayout.performLayout (package:flutter/src/material/scaffold.dart:1112:7)
#128    MultiChildLayoutDelegate._callPerformLayout (package:flutter/src/rendering/custom_layout.dart:249:7)
#129    RenderCustomMultiChildLayoutBox.performLayout (package:flutter/src/rendering/custom_layout.dart:420:14)
#130    RenderObject.layout (package:flutter/src/rendering/object.dart:2775:7)
#131    RenderProxyBoxMixin.performLayout (package:flutter/src/rendering/proxy_box.dart:115:18)
#132    RenderObject.layout (package:flutter/src/rendering/object.dart:2775:7)
#133    RenderProxyBoxMixin.performLayout (package:flutter/src/rendering/proxy_box.dart:115:18)
#134    _RenderCustomClip.performLayout (package:flutter/src/rendering/proxy_box.dart:1481:11)
#135    RenderObject.layout (package:flutter/src/rendering/object.dart:2775:7)
#136    RenderProxyBoxMixin.performLayout (package:flutter/src/rendering/proxy_box.dart:115:18)
#137    RenderObject.layout (package:flutter/src/rendering/object.dart:2775:7)
#138    RenderProxyBoxMixin.performLayout (package:flutter/src/rendering/proxy_box.dart:115:18)
#139    RenderObject.layout (package:flutter/src/rendering/object.dart:2775:7)
#140    RenderProxyBoxMixin.performLayout (package:flutter/src/rendering/proxy_box.dart:115:18)
#141    RenderObject.layout (package:flutter/src/rendering/object.dart:2775:7)
#142    RenderProxyBoxMixin.performLayout (package:flutter/src/rendering/proxy_box.dart:115:18)
#143    RenderObject.layout (package:flutter/src/rendering/object.dart:2775:7)
#144    RenderProxyBoxMixin.performLayout (package:flutter/src/rendering/proxy_box.dart:115:18)
#145    RenderObject.layout (package:flutter/src/rendering/object.dart:2775:7)
#146    RenderProxyBoxMixin.performLayout (package:flutter/src/rendering/proxy_box.dart:115:18)
#147    RenderObject.layout (package:flutter/src/rendering/object.dart:2775:7)
#148    RenderProxyBoxMixin.performLayout (package:flutter/src/rendering/proxy_box.dart:115:18)
#149    RenderObject.layout (package:flutter/src/rendering/object.dart:2775:7)
#150    RenderProxyBoxMixin.performLayout (package:flutter/src/rendering/proxy_box.dart:115:18)
#151    RenderObject.layout (package:flutter/src/rendering/object.dart:2775:7)
#152    RenderProxyBoxMixin.performLayout (package:flutter/src/rendering/proxy_box.dart:115:18)
#153    RenderObject.layout (package:flutter/src/rendering/object.dart:2775:7)
#154    RenderProxyBoxMixin.performLayout (package:flutter/src/rendering/proxy_box.dart:115:18)
#155    RenderObject.layout (package:flutter/src/rendering/object.dart:2775:7)
#156    RenderProxyBoxMixin.performLayout (package:flutter/src/rendering/proxy_box.dart:115:18)
#157    RenderObject.layout (package:flutter/src/rendering/object.dart:2775:7)
#158    RenderProxyBoxMixin.performLayout (package:flutter/src/rendering/proxy_box.dart:115:18)
#159    RenderObject.layout (package:flutter/src/rendering/object.dart:2775:7)
#160    RenderProxyBoxMixin.performLayout (package:flutter/src/rendering/proxy_box.dart:115:18)
#161    RenderObject.layout (package:flutter/src/rendering/object.dart:2775:7)
#162    RenderProxyBoxMixin.performLayout (package:flutter/src/rendering/proxy_box.dart:115:18)
#163    RenderObject.layout (package:flutter/src/rendering/object.dart:2775:7)
#164    RenderProxyBoxMixin.performLayout (package:flutter/src/rendering/proxy_box.dart:115:18)
#165    RenderObject.layout (package:flutter/src/rendering/object.dart:2775:7)
#166    RenderProxyBoxMixin.performLayout (package:flutter/src/rendering/proxy_box.dart:115:18)
#167    RenderOffstage.performLayout (package:flutter/src/rendering/proxy_box.dart:3848:13)
#168    RenderObject.layout (package:flutter/src/rendering/object.dart:2775:7)
#169    RenderProxyBoxMixin.performLayout (package:flutter/src/rendering/proxy_box.dart:115:18)
#170    RenderObject.layout (package:flutter/src/rendering/object.dart:2775:7)
#171    _RenderTheaterMixin.layoutChild (package:flutter/src/widgets/overlay.dart:1084:13)
#172    _RenderTheater.performLayout (package:flutter/src/widgets/overlay.dart:1429:9)
#173    RenderObject.layout (package:flutter/src/rendering/object.dart:2775:7)
#174    RenderProxyBoxMixin.performLayout (package:flutter/src/rendering/proxy_box.dart:115:18)
#175    RenderObject.layout (package:flutter/src/rendering/object.dart:2775:7)
#176    RenderProxyBoxMixin.performLayout (package:flutter/src/rendering/proxy_box.dart:115:18)
#177    RenderObject.layout (package:flutter/src/rendering/object.dart:2775:7)
#178    ChildLayoutHelper.layoutChild (package:flutter/src/rendering/layout_helper.dart:62:11)
#179    RenderStack._computeSize (package:flutter/src/rendering/stack.dart:645:43)
#180    RenderStack.performLayout (package:flutter/src/rendering/stack.dart:680:12)
#181    RenderObject.layout (package:flutter/src/rendering/object.dart:2775:7)
#182    RenderProxyBoxMixin.performLayout (package:flutter/src/rendering/proxy_box.dart:115:18)
#183    RenderObject.layout (package:flutter/src/rendering/object.dart:2775:7)
#184    RenderProxyBoxMixin.performLayout (package:flutter/src/rendering/proxy_box.dart:115:18)
#185    RenderObject.layout (package:flutter/src/rendering/object.dart:2775:7)
#186    RenderProxyBoxMixin.performLayout (package:flutter/src/rendering/proxy_box.dart:115:18)
#187    RenderObject.layout (package:flutter/src/rendering/object.dart:2775:7)
#188    RenderProxyBoxMixin.performLayout (package:flutter/src/rendering/proxy_box.dart:115:18)
#189    RenderObject.layout (package:flutter/src/rendering/object.dart:2775:7)
#190    RenderProxyBoxMixin.performLayout (package:flutter/src/rendering/proxy_box.dart:115:18)
#191    RenderObject.layout (package:flutter/src/rendering/object.dart:2775:7)
#192    RenderProxyBoxMixin.performLayout (package:flutter/src/rendering/proxy_box.dart:115:18)
#193    RenderObject.layout (package:flutter/src/rendering/object.dart:2775:7)
#194    RenderView.performLayout (package:flutter/src/rendering/view.dart:294:12)
#195    RenderObject._layoutWithoutResize (package:flutter/src/rendering/object.dart:2623:7)
#196    PipelineOwner.flushLayout (package:flutter/src/rendering/object.dart:1170:18)
#197    PipelineOwner.flushLayout (package:flutter/src/rendering/object.dart:1183:15)
#198    AutomatedTestWidgetsFlutterBinding.drawFrame (package:flutter_test/src/binding.dart:1508:27)
#199    RendererBinding._handlePersistentFrameCallback (package:flutter/src/rendering/binding.dart:495:5)
#200    SchedulerBinding._invokeFrameCallback (package:flutter/src/scheduler/binding.dart:1434:15)
#201    SchedulerBinding.handleDrawFrame (package:flutter/src/scheduler/binding.dart:1347:9)
#202    AutomatedTestWidgetsFlutterBinding.pump.<anonymous closure> (package:flutter_test/src/binding.dart:1335:9)
#205    TestAsyncUtils.guard (package:flutter_test/src/test_async_utils.dart:74:41)
#206    AutomatedTestWidgetsFlutterBinding.pump (package:flutter_test/src/binding.dart:1324:27)
#207    WidgetTester.pumpWidget.<anonymous closure> (package:flutter_test/src/widget_tester.dart:598:22)
#210    TestAsyncUtils.guard (package:flutter_test/src/test_async_utils.dart:74:41)
#211    WidgetTester.pumpWidget (package:flutter_test/src/widget_tester.dart:595:27)
#212    main.<anonymous closure> (file:///D:/Mystery/programming/projects/PYTHON_PROJECTS/focus/focus_gg/focus_flutter/test/widget_test.dart:19:18)
#213    testWidgets.<anonymous closure>.<anonymous closure> (package:flutter_test/src/widget_tester.dart:192:29)
<asynchronous suspension>
#214    TestWidgetsFlutterBinding._runTestBody (package:flutter_test/src/binding.dart:1059:5)
<asynchronous suspension>
<asynchronous suspension>
(elided 7 frames from class _AssertionError, dart:async, and package:stack_trace)

The following RenderObject was being processed when the exception was fired: RenderMouseRegion#04a61 relayoutBoundary=up36 NEEDS-LAYOUT NEEDS-PAINT NEEDS-COMPOSITING-BITS-UPDATE:
  creator: MouseRegion ΓåÉ Semantics ΓåÉ _FocusInheritedScope ΓåÉ Focus ΓåÉ _ActionsScope ΓåÉ Actions ΓåÉ
    _ParentInkResponseProvider ΓåÉ _InkResponseStateWidget ΓåÉ InkWell ΓåÉ DefaultSelectionStyle ΓåÉ IconTheme
    ΓåÉ IconTheme ΓåÉ Γï»
  parentData: <none> (can use size)
  constraints: BoxConstraints(64.0<=w<=Infinity, 40.0<=h<=Infinity)
  size: MISSING
  behavior: opaque
  listeners: enter, exit
  cursor: SystemMouseCursor(click)
This RenderObject had the following descendants (showing up to depth 5):
    child: RenderSemanticsAnnotations#1ea8c relayoutBoundary=up37 NEEDS-PAINT NEEDS-COMPOSITING-BITS-UPDATE
      child: RenderPointerListener#7402f relayoutBoundary=up38 NEEDS-PAINT NEEDS-COMPOSITING-BITS-UPDATE
        child: RenderPadding#9afb9 relayoutBoundary=up39 NEEDS-PAINT NEEDS-COMPOSITING-BITS-UPDATE
          child: RenderPositionedBox#127a8 relayoutBoundary=up40 NEEDS-PAINT NEEDS-COMPOSITING-BITS-UPDATE
            child: RenderFlex#f9bde relayoutBoundary=up41 NEEDS-PAINT NEEDS-COMPOSITING-BITS-UPDATE
ΓòÉΓòÉΓòÉΓòÉΓòÉΓòÉΓòÉΓòÉΓòÉΓòÉΓòÉΓòÉΓòÉΓòÉΓòÉΓòÉΓòÉΓòÉΓòÉΓòÉΓòÉΓòÉΓòÉΓòÉΓòÉΓòÉΓòÉΓòÉΓòÉΓòÉΓòÉΓòÉΓòÉΓòÉΓòÉΓòÉΓòÉΓòÉΓòÉΓòÉΓòÉΓòÉΓòÉΓòÉΓòÉΓòÉΓòÉΓòÉΓòÉΓòÉΓòÉΓòÉΓòÉΓòÉΓòÉΓòÉΓòÉΓòÉΓòÉΓòÉΓòÉΓòÉΓòÉΓòÉΓòÉΓòÉΓòÉΓòÉΓòÉΓòÉΓòÉΓòÉΓòÉΓòÉΓòÉΓòÉΓòÉΓòÉΓòÉΓòÉΓòÉΓòÉΓòÉΓòÉΓòÉΓòÉΓòÉΓòÉΓòÉΓòÉΓòÉΓòÉΓòÉΓòÉΓòÉΓòÉΓòÉΓòÉΓòÉΓòÉ
ΓòÉΓòÉΓòí EXCEPTION CAUGHT BY RENDERING LIBRARY Γò₧ΓòÉΓòÉΓòÉΓòÉΓòÉΓòÉΓòÉΓòÉΓòÉΓòÉΓòÉΓòÉΓòÉΓòÉΓòÉΓòÉΓòÉΓòÉΓòÉΓòÉΓòÉΓòÉΓòÉΓòÉΓòÉΓòÉΓòÉΓòÉΓòÉΓòÉΓòÉΓòÉΓòÉΓòÉΓòÉΓòÉΓòÉΓòÉΓòÉΓòÉΓòÉΓòÉΓòÉΓòÉΓòÉΓòÉΓòÉΓòÉΓòÉΓòÉΓòÉΓòÉΓòÉΓòÉΓòÉΓòÉΓòÉ
The following assertion was thrown during performLayout():
RenderBox was not laid out: RenderMouseRegion#04a61 relayoutBoundary=up36 NEEDS-PAINT
NEEDS-COMPOSITING-BITS-UPDATE
'package:flutter/src/rendering/box.dart':
Failed assertion: line 2251 pos 12: 'hasSize'

Either the assertion indicates an error in the framework itself, or we should provide substantially
more information in this error message to help you determine and fix the underlying cause.
In either case, please report this assertion by filing a bug on GitHub:
  https://github.com/flutter/flutter/issues/new?template=02_bug.yml

The relevant error-causing widget was:
  ElevatedButton
  ElevatedButton:file:///D:/Mystery/programming/projects/PYTHON_PROJECTS/focus/focus_gg/focus_flutter/lib/shared/widgets/cyber_button.dart:97:12

When the exception was thrown, this was the stack:
#2      RenderBox.size (package:flutter/src/rendering/box.dart:2251:12)
#3      RenderProxyBoxMixin.performLayout (package:flutter/src/rendering/proxy_box.dart:115:62)
#4      RenderObject.layout (package:flutter/src/rendering/object.dart:2775:7)
#5      RenderProxyBoxMixin.performLayout (package:flutter/src/rendering/proxy_box.dart:115:18)
#6      RenderObject.layout (package:flutter/src/rendering/object.dart:2775:7)
#7      RenderProxyBoxMixin.performLayout (package:flutter/src/rendering/proxy_box.dart:115:18)
#8      RenderCustomPaint.performLayout (package:flutter/src/rendering/custom_paint.dart:574:11)
#9      RenderObject.layout (package:flutter/src/rendering/object.dart:2775:7)
#10     RenderProxyBoxMixin.performLayout (package:flutter/src/rendering/proxy_box.dart:115:18)
#11     _RenderCustomClip.performLayout (package:flutter/src/rendering/proxy_box.dart:1481:11)
#12     RenderObject.layout (package:flutter/src/rendering/object.dart:2775:7)
#13     RenderConstrainedBox.performLayout (package:flutter/src/rendering/proxy_box.dart:293:14)
#14     RenderObject.layout (package:flutter/src/rendering/object.dart:2775:7)
#15     ChildLayoutHelper.layoutChild (package:flutter/src/rendering/layout_helper.dart:62:11)
#16     _RenderInputPadding._computeSize (package:flutter/src/material/button_style_button.dart:698:41)
#17     _RenderInputPadding.performLayout (package:flutter/src/material/button_style_button.dart:728:12)
#18     RenderObject.layout (package:flutter/src/rendering/object.dart:2775:7)
#19     RenderProxyBoxMixin.performLayout (package:flutter/src/rendering/proxy_box.dart:115:18)
#20     RenderObject.layout (package:flutter/src/rendering/object.dart:2775:7)
#21     ChildLayoutHelper.layoutChild (package:flutter/src/rendering/layout_helper.dart:62:11)
#22     RenderFlex._computeSizes (package:flutter/src/rendering/flex.dart:1161:28)
#23     RenderFlex.performLayout (package:flutter/src/rendering/flex.dart:1257:32)
#24     RenderObject.layout (package:flutter/src/rendering/object.dart:2775:7)
#25     ChildLayoutHelper.layoutChild (package:flutter/src/rendering/layout_helper.dart:62:11)
#26     RenderFlex._computeSizes (package:flutter/src/rendering/flex.dart:1161:28)
#27     RenderFlex.performLayout (package:flutter/src/rendering/flex.dart:1257:32)
#28     RenderObject.layout (package:flutter/src/rendering/object.dart:2775:7)
#29     ChildLayoutHelper.layoutChild (package:flutter/src/rendering/layout_helper.dart:62:11)
#30     RenderFlex._computeSizes (package:flutter/src/rendering/flex.dart:1161:28)
#31     RenderFlex.performLayout (package:flutter/src/rendering/flex.dart:1257:32)
#32     RenderObject.layout (package:flutter/src/rendering/object.dart:2775:7)
#33     _RenderLayoutBuilder.performLayout (package:flutter/src/widgets/layout_builder.dart:450:14)
#34     RenderObject.layout (package:flutter/src/rendering/object.dart:2775:7)
#35     RenderPadding.performLayout (package:flutter/src/rendering/shifted_box.dart:243:12)
#36     RenderObject.layout (package:flutter/src/rendering/object.dart:2775:7)
#37     ChildLayoutHelper.layoutChild (package:flutter/src/rendering/layout_helper.dart:62:11)
#38     RenderStack._computeSize (package:flutter/src/rendering/stack.dart:645:43)
#39     RenderStack.performLayout (package:flutter/src/rendering/stack.dart:680:12)
#40     RenderObject.layout (package:flutter/src/rendering/object.dart:2775:7)
#41     RenderPadding.performLayout (package:flutter/src/rendering/shifted_box.dart:243:12)
#42     RenderObject.layout (package:flutter/src/rendering/object.dart:2775:7)
#43     RenderProxyBoxMixin.performLayout (package:flutter/src/rendering/proxy_box.dart:115:18)
#44     RenderObject.layout (package:flutter/src/rendering/object.dart:2775:7)
#45     ChildLayoutHelper.layoutChild (package:flutter/src/rendering/layout_helper.dart:62:11)
#46     RenderStack._computeSize (package:flutter/src/rendering/stack.dart:645:43)
#47     RenderStack.performLayout (package:flutter/src/rendering/stack.dart:680:12)
#48     RenderObject.layout (package:flutter/src/rendering/object.dart:2775:7)
#49     RenderProxyBoxMixin.performLayout (package:flutter/src/rendering/proxy_box.dart:115:18)
#50     RenderObject.layout (package:flutter/src/rendering/object.dart:2775:7)
#51     RenderProxyBoxMixin.performLayout (package:flutter/src/rendering/proxy_box.dart:115:18)
#52     RenderObject.layout (package:flutter/src/rendering/object.dart:2775:7)
#53     ChildLayoutHelper.layoutChild (package:flutter/src/rendering/layout_helper.dart:62:11)
#54     RenderStack._computeSize (package:flutter/src/rendering/stack.dart:645:43)
#55     RenderStack.performLayout (package:flutter/src/rendering/stack.dart:680:12)
#56     RenderObject.layout (package:flutter/src/rendering/object.dart:2775:7)
#57     RenderProxyBoxMixin.performLayout (package:flutter/src/rendering/proxy_box.dart:115:18)
#58     RenderObject.layout (package:flutter/src/rendering/object.dart:2775:7)
#59     RenderProxyBoxMixin.performLayout (package:flutter/src/rendering/proxy_box.dart:115:18)
#60     RenderObject.layout (package:flutter/src/rendering/object.dart:2775:7)
#61     ChildLayoutHelper.layoutChild (package:flutter/src/rendering/layout_helper.dart:62:11)
#62     RenderFlex._computeSizes (package:flutter/src/rendering/flex.dart:1161:28)
#63     RenderFlex.performLayout (package:flutter/src/rendering/flex.dart:1257:32)
#64     RenderObject.layout (package:flutter/src/rendering/object.dart:2775:7)
#65     RenderPadding.performLayout (package:flutter/src/rendering/shifted_box.dart:243:12)
#66     RenderObject.layout (package:flutter/src/rendering/object.dart:2775:7)
#67     RenderConstrainedBox.performLayout (package:flutter/src/rendering/proxy_box.dart:293:14)
#68     RenderObject.layout (package:flutter/src/rendering/object.dart:2775:7)
#69     RenderPositionedBox.performLayout (package:flutter/src/rendering/shifted_box.dart:465:14)
#70     RenderObject.layout (package:flutter/src/rendering/object.dart:2775:7)
#71     RenderPadding.performLayout (package:flutter/src/rendering/shifted_box.dart:243:12)
#72     RenderObject.layout (package:flutter/src/rendering/object.dart:2775:7)
#73     _RenderSingleChildViewport.performLayout (package:flutter/src/widgets/single_child_scroll_view.dart:502:14)
#74     RenderObject.layout (package:flutter/src/rendering/object.dart:2775:7)
#75     RenderProxyBoxMixin.performLayout (package:flutter/src/rendering/proxy_box.dart:115:18)
#76     RenderObject.layout (package:flutter/src/rendering/object.dart:2775:7)
#77     RenderProxyBoxMixin.performLayout (package:flutter/src/rendering/proxy_box.dart:115:18)
#78     RenderObject.layout (package:flutter/src/rendering/object.dart:2775:7)
#79     RenderProxyBoxMixin.performLayout (package:flutter/src/rendering/proxy_box.dart:115:18)
#80     RenderObject.layout (package:flutter/src/rendering/object.dart:2775:7)
#81     RenderProxyBoxMixin.performLayout (package:flutter/src/rendering/proxy_box.dart:115:18)
#82     RenderObject.layout (package:flutter/src/rendering/object.dart:2775:7)
#83     RenderProxyBoxMixin.performLayout (package:flutter/src/rendering/proxy_box.dart:115:18)
#84     RenderObject.layout (package:flutter/src/rendering/object.dart:2775:7)
#85     RenderProxyBoxMixin.performLayout (package:flutter/src/rendering/proxy_box.dart:115:18)
#86     RenderObject.layout (package:flutter/src/rendering/object.dart:2775:7)
#87     RenderProxyBoxMixin.performLayout (package:flutter/src/rendering/proxy_box.dart:115:18)
#88     RenderObject.layout (package:flutter/src/rendering/object.dart:2775:7)
#89     RenderProxyBoxMixin.performLayout (package:flutter/src/rendering/proxy_box.dart:115:18)
#90     _RenderCustomClip.performLayout (package:flutter/src/rendering/proxy_box.dart:1481:11)
#91     RenderObject.layout (package:flutter/src/rendering/object.dart:2775:7)
#92     MultiChildLayoutDelegate.layoutChild (package:flutter/src/rendering/custom_layout.dart:180:12)
#93     _ScaffoldLayout.performLayout (package:flutter/src/material/scaffold.dart:1112:7)
#94     MultiChildLayoutDelegate._callPerformLayout (package:flutter/src/rendering/custom_layout.dart:249:7)
#95     RenderCustomMultiChildLayoutBox.performLayout (package:flutter/src/rendering/custom_layout.dart:420:14)
#96     RenderObject.layout (package:flutter/src/rendering/object.dart:2775:7)
#97     RenderProxyBoxMixin.performLayout (package:flutter/src/rendering/proxy_box.dart:115:18)
#98     RenderObject.layout (package:flutter/src/rendering/object.dart:2775:7)
#99     RenderProxyBoxMixin.performLayout (package:flutter/src/rendering/proxy_box.dart:115:18)
#100    _RenderCustomClip.performLayout (package:flutter/src/rendering/proxy_box.dart:1481:11)
#101    RenderObject.layout (package:flutter/src/rendering/object.dart:2775:7)
#102    RenderProxyBoxMixin.performLayout (package:flutter/src/rendering/proxy_box.dart:115:18)
#103    RenderObject.layout (package:flutter/src/rendering/object.dart:2775:7)
#104    RenderProxyBoxMixin.performLayout (package:flutter/src/rendering/proxy_box.dart:115:18)
#105    RenderObject.layout (package:flutter/src/rendering/object.dart:2775:7)
#106    RenderProxyBoxMixin.performLayout (package:flutter/src/rendering/proxy_box.dart:115:18)
#107    RenderObject.layout (package:flutter/src/rendering/object.dart:2775:7)
#108    RenderProxyBoxMixin.performLayout (package:flutter/src/rendering/proxy_box.dart:115:18)
#109    RenderObject.layout (package:flutter/src/rendering/object.dart:2775:7)
#110    RenderProxyBoxMixin.performLayout (package:flutter/src/rendering/proxy_box.dart:115:18)
#111    RenderObject.layout (package:flutter/src/rendering/object.dart:2775:7)
#112    RenderProxyBoxMixin.performLayout (package:flutter/src/rendering/proxy_box.dart:115:18)
#113    RenderOffstage.performLayout (package:flutter/src/rendering/proxy_box.dart:3848:13)
#114    RenderObject.layout (package:flutter/src/rendering/object.dart:2775:7)
#115    RenderProxyBoxMixin.performLayout (package:flutter/src/rendering/proxy_box.dart:115:18)
#116    RenderObject.layout (package:flutter/src/rendering/object.dart:2775:7)
#117    _RenderTheaterMixin.layoutChild (package:flutter/src/widgets/overlay.dart:1084:13)
#118    _RenderTheater.performLayout (package:flutter/src/widgets/overlay.dart:1429:9)
#119    RenderObject.layout (package:flutter/src/rendering/object.dart:2775:7)
#120    RenderProxyBoxMixin.performLayout (package:flutter/src/rendering/proxy_box.dart:115:18)
#121    RenderObject.layout (package:flutter/src/rendering/object.dart:2775:7)
#122    RenderProxyBoxMixin.performLayout (package:flutter/src/rendering/proxy_box.dart:115:18)
#123    RenderObject.layout (package:flutter/src/rendering/object.dart:2775:7)
#124    MultiChildLayoutDelegate.layoutChild (package:flutter/src/rendering/custom_layout.dart:180:12)
#125    _ScaffoldLayout.performLayout (package:flutter/src/material/scaffold.dart:1112:7)
#126    MultiChildLayoutDelegate._callPerformLayout (package:flutter/src/rendering/custom_layout.dart:249:7)
#127    RenderCustomMultiChildLayoutBox.performLayout (package:flutter/src/rendering/custom_layout.dart:420:14)
#128    RenderObject.layout (package:flutter/src/rendering/object.dart:2775:7)
#129    RenderProxyBoxMixin.performLayout (package:flutter/src/rendering/proxy_box.dart:115:18)
#130    RenderObject.layout (package:flutter/src/rendering/object.dart:2775:7)
#131    RenderProxyBoxMixin.performLayout (package:flutter/src/rendering/proxy_box.dart:115:18)
#132    _RenderCustomClip.performLayout (package:flutter/src/rendering/proxy_box.dart:1481:11)
#133    RenderObject.layout (package:flutter/src/rendering/object.dart:2775:7)
#134    RenderProxyBoxMixin.performLayout (package:flutter/src/rendering/proxy_box.dart:115:18)
#135    RenderObject.layout (package:flutter/src/rendering/object.dart:2775:7)
#136    RenderProxyBoxMixin.performLayout (package:flutter/src/rendering/proxy_box.dart:115:18)
#137    RenderObject.layout (package:flutter/src/rendering/object.dart:2775:7)
#138    RenderProxyBoxMixin.performLayout (package:flutter/src/rendering/proxy_box.dart:115:18)
#139    RenderObject.layout (package:flutter/src/rendering/object.dart:2775:7)
#140    RenderProxyBoxMixin.performLayout (package:flutter/src/rendering/proxy_box.dart:115:18)
#141    RenderObject.layout (package:flutter/src/rendering/object.dart:2775:7)
#142    RenderProxyBoxMixin.performLayout (package:flutter/src/rendering/proxy_box.dart:115:18)
#143    RenderObject.layout (package:flutter/src/rendering/object.dart:2775:7)
#144    RenderProxyBoxMixin.performLayout (package:flutter/src/rendering/proxy_box.dart:115:18)
#145    RenderObject.layout (package:flutter/src/rendering/object.dart:2775:7)
#146    RenderProxyBoxMixin.performLayout (package:flutter/src/rendering/proxy_box.dart:115:18)
#147    RenderObject.layout (package:flutter/src/rendering/object.dart:2775:7)
#148    RenderProxyBoxMixin.performLayout (package:flutter/src/rendering/proxy_box.dart:115:18)
#149    RenderObject.layout (package:flutter/src/rendering/object.dart:2775:7)
#150    RenderProxyBoxMixin.performLayout (package:flutter/src/rendering/proxy_box.dart:115:18)
#151    RenderObject.layout (package:flutter/src/rendering/object.dart:2775:7)
#152    RenderProxyBoxMixin.performLayout (package:flutter/src/rendering/proxy_box.dart:115:18)
#153    RenderObject.layout (package:flutter/src/rendering/object.dart:2775:7)
#154    RenderProxyBoxMixin.performLayout (package:flutter/src/rendering/proxy_box.dart:115:18)
#155    RenderObject.layout (package:flutter/src/rendering/object.dart:2775:7)
#156    RenderProxyBoxMixin.performLayout (package:flutter/src/rendering/proxy_box.dart:115:18)
#157    RenderObject.layout (package:flutter/src/rendering/object.dart:2775:7)
#158    RenderProxyBoxMixin.performLayout (package:flutter/src/rendering/proxy_box.dart:115:18)
#159    RenderObject.layout (package:flutter/src/rendering/object.dart:2775:7)
#160    RenderProxyBoxMixin.performLayout (package:flutter/src/rendering/proxy_box.dart:115:18)
#161    RenderObject.layout (package:flutter/src/rendering/object.dart:2775:7)
#162    RenderProxyBoxMixin.performLayout (package:flutter/src/rendering/proxy_box.dart:115:18)
#163    RenderObject.layout (package:flutter/src/rendering/object.dart:2775:7)
#164    RenderProxyBoxMixin.performLayout (package:flutter/src/rendering/proxy_box.dart:115:18)
#165    RenderOffstage.performLayout (package:flutter/src/rendering/proxy_box.dart:3848:13)
#166    RenderObject.layout (package:flutter/src/rendering/object.dart:2775:7)
#167    RenderProxyBoxMixin.performLayout (package:flutter/src/rendering/proxy_box.dart:115:18)
#168    RenderObject.layout (package:flutter/src/rendering/object.dart:2775:7)
#169    _RenderTheaterMixin.layoutChild (package:flutter/src/widgets/overlay.dart:1084:13)
#170    _RenderTheater.performLayout (package:flutter/src/widgets/overlay.dart:1429:9)
#171    RenderObject.layout (package:flutter/src/rendering/object.dart:2775:7)
#172    RenderProxyBoxMixin.performLayout (package:flutter/src/rendering/proxy_box.dart:115:18)
#173    RenderObject.layout (package:flutter/src/rendering/object.dart:2775:7)
#174    RenderProxyBoxMixin.performLayout (package:flutter/src/rendering/proxy_box.dart:115:18)
#175    RenderObject.layout (package:flutter/src/rendering/object.dart:2775:7)
#176    ChildLayoutHelper.layoutChild (package:flutter/src/rendering/layout_helper.dart:62:11)
#177    RenderStack._computeSize (package:flutter/src/rendering/stack.dart:645:43)
#178    RenderStack.performLayout (package:flutter/src/rendering/stack.dart:680:12)
#179    RenderObject.layout (package:flutter/src/rendering/object.dart:2775:7)
#180    RenderProxyBoxMixin.performLayout (package:flutter/src/rendering/proxy_box.dart:115:18)
#181    RenderObject.layout (package:flutter/src/rendering/object.dart:2775:7)
#182    RenderProxyBoxMixin.performLayout (package:flutter/src/rendering/proxy_box.dart:115:18)
#183    RenderObject.layout (package:flutter/src/rendering/object.dart:2775:7)
#184    RenderProxyBoxMixin.performLayout (package:flutter/src/rendering/proxy_box.dart:115:18)
#185    RenderObject.layout (package:flutter/src/rendering/object.dart:2775:7)
#186    RenderProxyBoxMixin.performLayout (package:flutter/src/rendering/proxy_box.dart:115:18)
#187    RenderObject.layout (package:flutter/src/rendering/object.dart:2775:7)
#188    RenderProxyBoxMixin.performLayout (package:flutter/src/rendering/proxy_box.dart:115:18)
#189    RenderObject.layout (package:flutter/src/rendering/object.dart:2775:7)
#190    RenderProxyBoxMixin.performLayout (package:flutter/src/rendering/proxy_box.dart:115:18)
#191    RenderObject.layout (package:flutter/src/rendering/object.dart:2775:7)
#192    RenderView.performLayout (package:flutter/src/rendering/view.dart:294:12)
#193    RenderObject._layoutWithoutResize (package:flutter/src/rendering/object.dart:2623:7)
#194    PipelineOwner.flushLayout (package:flutter/src/rendering/object.dart:1170:18)
#195    PipelineOwner.flushLayout (package:flutter/src/rendering/object.dart:1183:15)
#196    AutomatedTestWidgetsFlutterBinding.drawFrame (package:flutter_test/src/binding.dart:1508:27)
#197    RendererBinding._handlePersistentFrameCallback (package:flutter/src/rendering/binding.dart:495:5)
#198    SchedulerBinding._invokeFrameCallback (package:flutter/src/scheduler/binding.dart:1434:15)
#199    SchedulerBinding.handleDrawFrame (package:flutter/src/scheduler/binding.dart:1347:9)
#200    AutomatedTestWidgetsFlutterBinding.pump.<anonymous closure> (package:flutter_test/src/binding.dart:1335:9)
#203    TestAsyncUtils.guard (package:flutter_test/src/test_async_utils.dart:74:41)
#204    AutomatedTestWidgetsFlutterBinding.pump (package:flutter_test/src/binding.dart:1324:27)
#205    WidgetTester.pumpWidget.<anonymous closure> (package:flutter_test/src/widget_tester.dart:598:22)
#208    TestAsyncUtils.guard (package:flutter_test/src/test_async_utils.dart:74:41)
#209    WidgetTester.pumpWidget (package:flutter_test/src/widget_tester.dart:595:27)
#210    main.<anonymous closure> (file:///D:/Mystery/programming/projects/PYTHON_PROJECTS/focus/focus_gg/focus_flutter/test/widget_test.dart:19:18)
#211    testWidgets.<anonymous closure>.<anonymous closure> (package:flutter_test/src/widget_tester.dart:192:29)
<asynchronous suspension>
#212    TestWidgetsFlutterBinding._runTestBody (package:flutter_test/src/binding.dart:1059:5)
<asynchronous suspension>
<asynchronous suspension>
(elided 7 frames from class _AssertionError, dart:async, and package:stack_trace)

The following RenderObject was being processed when the exception was fired: RenderSemanticsAnnotations#3ab62 relayoutBoundary=up35 NEEDS-LAYOUT NEEDS-PAINT NEEDS-COMPOSITING-BITS-UPDATE:
  creator: Semantics ΓåÉ _FocusInheritedScope ΓåÉ Focus ΓåÉ _ActionsScope ΓåÉ Actions ΓåÉ
    _ParentInkResponseProvider ΓåÉ _InkResponseStateWidget ΓåÉ InkWell ΓåÉ DefaultSelectionStyle ΓåÉ IconTheme
    ΓåÉ IconTheme ΓåÉ InheritedCupertinoTheme ΓåÉ Γï»
  parentData: <none> (can use size)
  constraints: BoxConstraints(64.0<=w<=Infinity, 40.0<=h<=Infinity)
  size: MISSING
This RenderObject had the following descendants (showing up to depth 5):
    child: RenderMouseRegion#04a61 relayoutBoundary=up36 NEEDS-PAINT NEEDS-COMPOSITING-BITS-UPDATE
      child: RenderSemanticsAnnotations#1ea8c relayoutBoundary=up37 NEEDS-PAINT NEEDS-COMPOSITING-BITS-UPDATE
        child: RenderPointerListener#7402f relayoutBoundary=up38 NEEDS-PAINT NEEDS-COMPOSITING-BITS-UPDATE
          child: RenderPadding#9afb9 relayoutBoundary=up39 NEEDS-PAINT NEEDS-COMPOSITING-BITS-UPDATE
            child: RenderPositionedBox#127a8 relayoutBoundary=up40 NEEDS-PAINT NEEDS-COMPOSITING-BITS-UPDATE
ΓòÉΓòÉΓòÉΓòÉΓòÉΓòÉΓòÉΓòÉΓòÉΓòÉΓòÉΓòÉΓòÉΓòÉΓòÉΓòÉΓòÉΓòÉΓòÉΓòÉΓòÉΓòÉΓòÉΓòÉΓòÉΓòÉΓòÉΓòÉΓòÉΓòÉΓòÉΓòÉΓòÉΓòÉΓòÉΓòÉΓòÉΓòÉΓòÉΓòÉΓòÉΓòÉΓòÉΓòÉΓòÉΓòÉΓòÉΓòÉΓòÉΓòÉΓòÉΓòÉΓòÉΓòÉΓòÉΓòÉΓòÉΓòÉΓòÉΓòÉΓòÉΓòÉΓòÉΓòÉΓòÉΓòÉΓòÉΓòÉΓòÉΓòÉΓòÉΓòÉΓòÉΓòÉΓòÉΓòÉΓòÉΓòÉΓòÉΓòÉΓòÉΓòÉΓòÉΓòÉΓòÉΓòÉΓòÉΓòÉΓòÉΓòÉΓòÉΓòÉΓòÉΓòÉΓòÉΓòÉΓòÉΓòÉΓòÉΓòÉ
ΓòÉΓòÉΓòí EXCEPTION CAUGHT BY RENDERING LIBRARY Γò₧ΓòÉΓòÉΓòÉΓòÉΓòÉΓòÉΓòÉΓòÉΓòÉΓòÉΓòÉΓòÉΓòÉΓòÉΓòÉΓòÉΓòÉΓòÉΓòÉΓòÉΓòÉΓòÉΓòÉΓòÉΓòÉΓòÉΓòÉΓòÉΓòÉΓòÉΓòÉΓòÉΓòÉΓòÉΓòÉΓòÉΓòÉΓòÉΓòÉΓòÉΓòÉΓòÉΓòÉΓòÉΓòÉΓòÉΓòÉΓòÉΓòÉΓòÉΓòÉΓòÉΓòÉΓòÉΓòÉΓòÉΓòÉ
The following assertion was thrown during performLayout():
RenderBox was not laid out: RenderSemanticsAnnotations#3ab62 relayoutBoundary=up35 NEEDS-PAINT
NEEDS-COMPOSITING-BITS-UPDATE
'package:flutter/src/rendering/box.dart':
Failed assertion: line 2251 pos 12: 'hasSize'

Either the assertion indicates an error in the framework itself, or we should provide substantially
more information in this error message to help you determine and fix the underlying cause.
In either case, please report this assertion by filing a bug on GitHub:
  https://github.com/flutter/flutter/issues/new?template=02_bug.yml

The relevant error-causing widget was:
  ElevatedButton
  ElevatedButton:file:///D:/Mystery/programming/projects/PYTHON_PROJECTS/focus/focus_gg/focus_flutter/lib/shared/widgets/cyber_button.dart:97:12

When the exception was thrown, this was the stack:
#2      RenderBox.size (package:flutter/src/rendering/box.dart:2251:12)
#3      RenderProxyBoxMixin.performLayout (package:flutter/src/rendering/proxy_box.dart:115:62)
#4      RenderObject.layout (package:flutter/src/rendering/object.dart:2775:7)
#5      RenderProxyBoxMixin.performLayout (package:flutter/src/rendering/proxy_box.dart:115:18)
#6      RenderCustomPaint.performLayout (package:flutter/src/rendering/custom_paint.dart:574:11)
#7      RenderObject.layout (package:flutter/src/rendering/object.dart:2775:7)
#8      RenderProxyBoxMixin.performLayout (package:flutter/src/rendering/proxy_box.dart:115:18)
#9      _RenderCustomClip.performLayout (package:flutter/src/rendering/proxy_box.dart:1481:11)
#10     RenderObject.layout (package:flutter/src/rendering/object.dart:2775:7)
#11     RenderConstrainedBox.performLayout (package:flutter/src/rendering/proxy_box.dart:293:14)
#12     RenderObject.layout (package:flutter/src/rendering/object.dart:2775:7)
#13     ChildLayoutHelper.layoutChild (package:flutter/src/rendering/layout_helper.dart:62:11)
#14     _RenderInputPadding._computeSize (package:flutter/src/material/button_style_button.dart:698:41)
#15     _RenderInputPadding.performLayout (package:flutter/src/material/button_style_button.dart:728:12)
#16     RenderObject.layout (package:flutter/src/rendering/object.dart:2775:7)
#17     RenderProxyBoxMixin.performLayout (package:flutter/src/rendering/proxy_box.dart:115:18)
#18     RenderObject.layout (package:flutter/src/rendering/object.dart:2775:7)
#19     ChildLayoutHelper.layoutChild (package:flutter/src/rendering/layout_helper.dart:62:11)
#20     RenderFlex._computeSizes (package:flutter/src/rendering/flex.dart:1161:28)
#21     RenderFlex.performLayout (package:flutter/src/rendering/flex.dart:1257:32)
#22     RenderObject.layout (package:flutter/src/rendering/object.dart:2775:7)
#23     ChildLayoutHelper.layoutChild (package:flutter/src/rendering/layout_helper.dart:62:11)
#24     RenderFlex._computeSizes (package:flutter/src/rendering/flex.dart:1161:28)
#25     RenderFlex.performLayout (package:flutter/src/rendering/flex.dart:1257:32)
#26     RenderObject.layout (package:flutter/src/rendering/object.dart:2775:7)
#27     ChildLayoutHelper.layoutChild (package:flutter/src/rendering/layout_helper.dart:62:11)
#28     RenderFlex._computeSizes (package:flutter/src/rendering/flex.dart:1161:28)
#29     RenderFlex.performLayout (package:flutter/src/rendering/flex.dart:1257:32)
#30     RenderObject.layout (package:flutter/src/rendering/object.dart:2775:7)
#31     _RenderLayoutBuilder.performLayout (package:flutter/src/widgets/layout_builder.dart:450:14)
#32     RenderObject.layout (package:flutter/src/rendering/object.dart:2775:7)
#33     RenderPadding.performLayout (package:flutter/src/rendering/shifted_box.dart:243:12)
#34     RenderObject.layout (package:flutter/src/rendering/object.dart:2775:7)
#35     ChildLayoutHelper.layoutChild (package:flutter/src/rendering/layout_helper.dart:62:11)
#36     RenderStack._computeSize (package:flutter/src/rendering/stack.dart:645:43)
#37     RenderStack.performLayout (package:flutter/src/rendering/stack.dart:680:12)
#38     RenderObject.layout (package:flutter/src/rendering/object.dart:2775:7)
#39     RenderPadding.performLayout (package:flutter/src/rendering/shifted_box.dart:243:12)
#40     RenderObject.layout (package:flutter/src/rendering/object.dart:2775:7)
#41     RenderProxyBoxMixin.performLayout (package:flutter/src/rendering/proxy_box.dart:115:18)
#42     RenderObject.layout (package:flutter/src/rendering/object.dart:2775:7)
#43     ChildLayoutHelper.layoutChild (package:flutter/src/rendering/layout_helper.dart:62:11)
#44     RenderStack._computeSize (package:flutter/src/rendering/stack.dart:645:43)
#45     RenderStack.performLayout (package:flutter/src/rendering/stack.dart:680:12)
#46     RenderObject.layout (package:flutter/src/rendering/object.dart:2775:7)
#47     RenderProxyBoxMixin.performLayout (package:flutter/src/rendering/proxy_box.dart:115:18)
#48     RenderObject.layout (package:flutter/src/rendering/object.dart:2775:7)
#49     RenderProxyBoxMixin.performLayout (package:flutter/src/rendering/proxy_box.dart:115:18)
#50     RenderObject.layout (package:flutter/src/rendering/object.dart:2775:7)
#51     ChildLayoutHelper.layoutChild (package:flutter/src/rendering/layout_helper.dart:62:11)
#52     RenderStack._computeSize (package:flutter/src/rendering/stack.dart:645:43)
#53     RenderStack.performLayout (package:flutter/src/rendering/stack.dart:680:12)
#54     RenderObject.layout (package:flutter/src/rendering/object.dart:2775:7)
#55     RenderProxyBoxMixin.performLayout (package:flutter/src/rendering/proxy_box.dart:115:18)
#56     RenderObject.layout (package:flutter/src/rendering/object.dart:2775:7)
#57     RenderProxyBoxMixin.performLayout (package:flutter/src/rendering/proxy_box.dart:115:18)
#58     RenderObject.layout (package:flutter/src/rendering/object.dart:2775:7)
#59     ChildLayoutHelper.layoutChild (package:flutter/src/rendering/layout_helper.dart:62:11)
#60     RenderFlex._computeSizes (package:flutter/src/rendering/flex.dart:1161:28)
#61     RenderFlex.performLayout (package:flutter/src/rendering/flex.dart:1257:32)
#62     RenderObject.layout (package:flutter/src/rendering/object.dart:2775:7)
#63     RenderPadding.performLayout (package:flutter/src/rendering/shifted_box.dart:243:12)
#64     RenderObject.layout (package:flutter/src/rendering/object.dart:2775:7)
#65     RenderConstrainedBox.performLayout (package:flutter/src/rendering/proxy_box.dart:293:14)
#66     RenderObject.layout (package:flutter/src/rendering/object.dart:2775:7)
#67     RenderPositionedBox.performLayout (package:flutter/src/rendering/shifted_box.dart:465:14)
#68     RenderObject.layout (package:flutter/src/rendering/object.dart:2775:7)
#69     RenderPadding.performLayout (package:flutter/src/rendering/shifted_box.dart:243:12)
#70     RenderObject.layout (package:flutter/src/rendering/object.dart:2775:7)
#71     _RenderSingleChildViewport.performLayout (package:flutter/src/widgets/single_child_scroll_view.dart:502:14)
#72     RenderObject.layout (package:flutter/src/rendering/object.dart:2775:7)
#73     RenderProxyBoxMixin.performLayout (package:flutter/src/rendering/proxy_box.dart:115:18)
#74     RenderObject.layout (package:flutter/src/rendering/object.dart:2775:7)
#75     RenderProxyBoxMixin.performLayout (package:flutter/src/rendering/proxy_box.dart:115:18)
#76     RenderObject.layout (package:flutter/src/rendering/object.dart:2775:7)
#77     RenderProxyBoxMixin.performLayout (package:flutter/src/rendering/proxy_box.dart:115:18)
#78     RenderObject.layout (package:flutter/src/rendering/object.dart:2775:7)
#79     RenderProxyBoxMixin.performLayout (package:flutter/src/rendering/proxy_box.dart:115:18)
#80     RenderObject.layout (package:flutter/src/rendering/object.dart:2775:7)
#81     RenderProxyBoxMixin.performLayout (package:flutter/src/rendering/proxy_box.dart:115:18)
#82     RenderObject.layout (package:flutter/src/rendering/object.dart:2775:7)
#83     RenderProxyBoxMixin.performLayout (package:flutter/src/rendering/proxy_box.dart:115:18)
#84     RenderObject.layout (package:flutter/src/rendering/object.dart:2775:7)
#85     RenderProxyBoxMixin.performLayout (package:flutter/src/rendering/proxy_box.dart:115:18)
#86     RenderObject.layout (package:flutter/src/rendering/object.dart:2775:7)
#87     RenderProxyBoxMixin.performLayout (package:flutter/src/rendering/proxy_box.dart:115:18)
#88     _RenderCustomClip.performLayout (package:flutter/src/rendering/proxy_box.dart:1481:11)
#89     RenderObject.layout (package:flutter/src/rendering/object.dart:2775:7)
#90     MultiChildLayoutDelegate.layoutChild (package:flutter/src/rendering/custom_layout.dart:180:12)
#91     _ScaffoldLayout.performLayout (package:flutter/src/material/scaffold.dart:1112:7)
#92     MultiChildLayoutDelegate._callPerformLayout (package:flutter/src/rendering/custom_layout.dart:249:7)
#93     RenderCustomMultiChildLayoutBox.performLayout (package:flutter/src/rendering/custom_layout.dart:420:14)
#94     RenderObject.layout (package:flutter/src/rendering/object.dart:2775:7)
#95     RenderProxyBoxMixin.performLayout (package:flutter/src/rendering/proxy_box.dart:115:18)
#96     RenderObject.layout (package:flutter/src/rendering/object.dart:2775:7)
#97     RenderProxyBoxMixin.performLayout (package:flutter/src/rendering/proxy_box.dart:115:18)
#98     _RenderCustomClip.performLayout (package:flutter/src/rendering/proxy_box.dart:1481:11)
#99     RenderObject.layout (package:flutter/src/rendering/object.dart:2775:7)
#100    RenderProxyBoxMixin.performLayout (package:flutter/src/rendering/proxy_box.dart:115:18)
#101    RenderObject.layout (package:flutter/src/rendering/object.dart:2775:7)
#102    RenderProxyBoxMixin.performLayout (package:flutter/src/rendering/proxy_box.dart:115:18)
#103    RenderObject.layout (package:flutter/src/rendering/object.dart:2775:7)
#104    RenderProxyBoxMixin.performLayout (package:flutter/src/rendering/proxy_box.dart:115:18)
#105    RenderObject.layout (package:flutter/src/rendering/object.dart:2775:7)
#106    RenderProxyBoxMixin.performLayout (package:flutter/src/rendering/proxy_box.dart:115:18)
#107    RenderObject.layout (package:flutter/src/rendering/object.dart:2775:7)
#108    RenderProxyBoxMixin.performLayout (package:flutter/src/rendering/proxy_box.dart:115:18)
#109    RenderObject.layout (package:flutter/src/rendering/object.dart:2775:7)
#110    RenderProxyBoxMixin.performLayout (package:flutter/src/rendering/proxy_box.dart:115:18)
#111    RenderOffstage.performLayout (package:flutter/src/rendering/proxy_box.dart:3848:13)
#112    RenderObject.layout (package:flutter/src/rendering/object.dart:2775:7)
#113    RenderProxyBoxMixin.performLayout (package:flutter/src/rendering/proxy_box.dart:115:18)
#114    RenderObject.layout (package:flutter/src/rendering/object.dart:2775:7)
#115    _RenderTheaterMixin.layoutChild (package:flutter/src/widgets/overlay.dart:1084:13)
#116    _RenderTheater.performLayout (package:flutter/src/widgets/overlay.dart:1429:9)
#117    RenderObject.layout (package:flutter/src/rendering/object.dart:2775:7)
#118    RenderProxyBoxMixin.performLayout (package:flutter/src/rendering/proxy_box.dart:115:18)
#119    RenderObject.layout (package:flutter/src/rendering/object.dart:2775:7)
#120    RenderProxyBoxMixin.performLayout (package:flutter/src/rendering/proxy_box.dart:115:18)
#121    RenderObject.layout (package:flutter/src/rendering/object.dart:2775:7)
#122    MultiChildLayoutDelegate.layoutChild (package:flutter/src/rendering/custom_layout.dart:180:12)
#123    _ScaffoldLayout.performLayout (package:flutter/src/material/scaffold.dart:1112:7)
#124    MultiChildLayoutDelegate._callPerformLayout (package:flutter/src/rendering/custom_layout.dart:249:7)
#125    RenderCustomMultiChildLayoutBox.performLayout (package:flutter/src/rendering/custom_layout.dart:420:14)
#126    RenderObject.layout (package:flutter/src/rendering/object.dart:2775:7)
#127    RenderProxyBoxMixin.performLayout (package:flutter/src/rendering/proxy_box.dart:115:18)
#128    RenderObject.layout (package:flutter/src/rendering/object.dart:2775:7)
#129    RenderProxyBoxMixin.performLayout (package:flutter/src/rendering/proxy_box.dart:115:18)
#130    _RenderCustomClip.performLayout (package:flutter/src/rendering/proxy_box.dart:1481:11)
#131    RenderObject.layout (package:flutter/src/rendering/object.dart:2775:7)
#132    RenderProxyBoxMixin.performLayout (package:flutter/src/rendering/proxy_box.dart:115:18)
#133    RenderObject.layout (package:flutter/src/rendering/object.dart:2775:7)
#134    RenderProxyBoxMixin.performLayout (package:flutter/src/rendering/proxy_box.dart:115:18)
#135    RenderObject.layout (package:flutter/src/rendering/object.dart:2775:7)
#136    RenderProxyBoxMixin.performLayout (package:flutter/src/rendering/proxy_box.dart:115:18)
#137    RenderObject.layout (package:flutter/src/rendering/object.dart:2775:7)
#138    RenderProxyBoxMixin.performLayout (package:flutter/src/rendering/proxy_box.dart:115:18)
#139    RenderObject.layout (package:flutter/src/rendering/object.dart:2775:7)
#140    RenderProxyBoxMixin.performLayout (package:flutter/src/rendering/proxy_box.dart:115:18)
#141    RenderObject.layout (package:flutter/src/rendering/object.dart:2775:7)
#142    RenderProxyBoxMixin.performLayout (package:flutter/src/rendering/proxy_box.dart:115:18)
#143    RenderObject.layout (package:flutter/src/rendering/object.dart:2775:7)
#144    RenderProxyBoxMixin.performLayout (package:flutter/src/rendering/proxy_box.dart:115:18)
#145    RenderObject.layout (package:flutter/src/rendering/object.dart:2775:7)
#146    RenderProxyBoxMixin.performLayout (package:flutter/src/rendering/proxy_box.dart:115:18)
#147    RenderObject.layout (package:flutter/src/rendering/object.dart:2775:7)
#148    RenderProxyBoxMixin.performLayout (package:flutter/src/rendering/proxy_box.dart:115:18)
#149    RenderObject.layout (package:flutter/src/rendering/object.dart:2775:7)
#150    RenderProxyBoxMixin.performLayout (package:flutter/src/rendering/proxy_box.dart:115:18)
#151    RenderObject.layout (package:flutter/src/rendering/object.dart:2775:7)
#152    RenderProxyBoxMixin.performLayout (package:flutter/src/rendering/proxy_box.dart:115:18)
#153    RenderObject.layout (package:flutter/src/rendering/object.dart:2775:7)
#154    RenderProxyBoxMixin.performLayout (package:flutter/src/rendering/proxy_box.dart:115:18)
#155    RenderObject.layout (package:flutter/src/rendering/object.dart:2775:7)
#156    RenderProxyBoxMixin.performLayout (package:flutter/src/rendering/proxy_box.dart:115:18)
#157    RenderObject.layout (package:flutter/src/rendering/object.dart:2775:7)
#158    RenderProxyBoxMixin.performLayout (package:flutter/src/rendering/proxy_box.dart:115:18)
#159    RenderObject.layout (package:flutter/src/rendering/object.dart:2775:7)
#160    RenderProxyBoxMixin.performLayout (package:flutter/src/rendering/proxy_box.dart:115:18)
#161    RenderObject.layout (package:flutter/src/rendering/object.dart:2775:7)
#162    RenderProxyBoxMixin.performLayout (package:flutter/src/rendering/proxy_box.dart:115:18)
#163    RenderOffstage.performLayout (package:flutter/src/rendering/proxy_box.dart:3848:13)
#164    RenderObject.layout (package:flutter/src/rendering/object.dart:2775:7)
#165    RenderProxyBoxMixin.performLayout (package:flutter/src/rendering/proxy_box.dart:115:18)
#166    RenderObject.layout (package:flutter/src/rendering/object.dart:2775:7)
#167    _RenderTheaterMixin.layoutChild (package:flutter/src/widgets/overlay.dart:1084:13)
#168    _RenderTheater.performLayout (package:flutter/src/widgets/overlay.dart:1429:9)
#169    RenderObject.layout (package:flutter/src/rendering/object.dart:2775:7)
#170    RenderProxyBoxMixin.performLayout (package:flutter/src/rendering/proxy_box.dart:115:18)
#171    RenderObject.layout (package:flutter/src/rendering/object.dart:2775:7)
#172    RenderProxyBoxMixin.performLayout (package:flutter/src/rendering/proxy_box.dart:115:18)
#173    RenderObject.layout (package:flutter/src/rendering/object.dart:2775:7)
#174    ChildLayoutHelper.layoutChild (package:flutter/src/rendering/layout_helper.dart:62:11)
#175    RenderStack._computeSize (package:flutter/src/rendering/stack.dart:645:43)
#176    RenderStack.performLayout (package:flutter/src/rendering/stack.dart:680:12)
#177    RenderObject.layout (package:flutter/src/rendering/object.dart:2775:7)
#178    RenderProxyBoxMixin.performLayout (package:flutter/src/rendering/proxy_box.dart:115:18)
#179    RenderObject.layout (package:flutter/src/rendering/object.dart:2775:7)
#180    RenderProxyBoxMixin.performLayout (package:flutter/src/rendering/proxy_box.dart:115:18)
#181    RenderObject.layout (package:flutter/src/rendering/object.dart:2775:7)
#182    RenderProxyBoxMixin.performLayout (package:flutter/src/rendering/proxy_box.dart:115:18)
#183    RenderObject.layout (package:flutter/src/rendering/object.dart:2775:7)
#184    RenderProxyBoxMixin.performLayout (package:flutter/src/rendering/proxy_box.dart:115:18)
#185    RenderObject.layout (package:flutter/src/rendering/object.dart:2775:7)
#186    RenderProxyBoxMixin.performLayout (package:flutter/src/rendering/proxy_box.dart:115:18)
#187    RenderObject.layout (package:flutter/src/rendering/object.dart:2775:7)
#188    RenderProxyBoxMixin.performLayout (package:flutter/src/rendering/proxy_box.dart:115:18)
#189    RenderObject.layout (package:flutter/src/rendering/object.dart:2775:7)
#190    RenderView.performLayout (package:flutter/src/rendering/view.dart:294:12)
#191    RenderObject._layoutWithoutResize (package:flutter/src/rendering/object.dart:2623:7)
#192    PipelineOwner.flushLayout (package:flutter/src/rendering/object.dart:1170:18)
#193    PipelineOwner.flushLayout (package:flutter/src/rendering/object.dart:1183:15)
#194    AutomatedTestWidgetsFlutterBinding.drawFrame (package:flutter_test/src/binding.dart:1508:27)
#195    RendererBinding._handlePersistentFrameCallback (package:flutter/src/rendering/binding.dart:495:5)
#196    SchedulerBinding._invokeFrameCallback (package:flutter/src/scheduler/binding.dart:1434:15)
#197    SchedulerBinding.handleDrawFrame (package:flutter/src/scheduler/binding.dart:1347:9)
#198    AutomatedTestWidgetsFlutterBinding.pump.<anonymous closure> (package:flutter_test/src/binding.dart:1335:9)
#201    TestAsyncUtils.guard (package:flutter_test/src/test_async_utils.dart:74:41)
#202    AutomatedTestWidgetsFlutterBinding.pump (package:flutter_test/src/binding.dart:1324:27)
#203    WidgetTester.pumpWidget.<anonymous closure> (package:flutter_test/src/widget_tester.dart:598:22)
#206    TestAsyncUtils.guard (package:flutter_test/src/test_async_utils.dart:74:41)
#207    WidgetTester.pumpWidget (package:flutter_test/src/widget_tester.dart:595:27)
#208    main.<anonymous closure> (file:///D:/Mystery/programming/projects/PYTHON_PROJECTS/focus/focus_gg/focus_flutter/test/widget_test.dart:19:18)
#209    testWidgets.<anonymous closure>.<anonymous closure> (package:flutter_test/src/widget_tester.dart:192:29)
<asynchronous suspension>
#210    TestWidgetsFlutterBinding._runTestBody (package:flutter_test/src/binding.dart:1059:5)
<asynchronous suspension>
<asynchronous suspension>
(elided 7 frames from class _AssertionError, dart:async, and package:stack_trace)

The following RenderObject was being processed when the exception was fired: _RenderInkFeatures#3a619 relayoutBoundary=up34 NEEDS-LAYOUT NEEDS-PAINT NEEDS-COMPOSITING-BITS-UPDATE:
  creator: _InkFeatures-[GlobalKey#e2be3 ink renderer] ΓåÉ
    NotificationListener<LayoutChangedNotification> ΓåÉ CustomPaint ΓåÉ _ShapeBorderPaint ΓåÉ PhysicalShape
    ΓåÉ _MaterialInterior ΓåÉ Material ΓåÉ ConstrainedBox ΓåÉ _InputPadding ΓåÉ Semantics ΓåÉ ElevatedButton ΓåÉ
    CyberButton ΓåÉ Γï»
  parentData: <none> (can use size)
  constraints: BoxConstraints(64.0<=w<=Infinity, 40.0<=h<=Infinity)
  size: MISSING
This RenderObject had the following descendants (showing up to depth 5):
    child: RenderSemanticsAnnotations#3ab62 relayoutBoundary=up35 NEEDS-PAINT NEEDS-COMPOSITING-BITS-UPDATE
      child: RenderMouseRegion#04a61 relayoutBoundary=up36 NEEDS-PAINT NEEDS-COMPOSITING-BITS-UPDATE
        child: RenderSemanticsAnnotations#1ea8c relayoutBoundary=up37 NEEDS-PAINT NEEDS-COMPOSITING-BITS-UPDATE
          child: RenderPointerListener#7402f relayoutBoundary=up38 NEEDS-PAINT NEEDS-COMPOSITING-BITS-UPDATE
            child: RenderPadding#9afb9 relayoutBoundary=up39 NEEDS-PAINT NEEDS-COMPOSITING-BITS-UPDATE
ΓòÉΓòÉΓòÉΓòÉΓòÉΓòÉΓòÉΓòÉΓòÉΓòÉΓòÉΓòÉΓòÉΓòÉΓòÉΓòÉΓòÉΓòÉΓòÉΓòÉΓòÉΓòÉΓòÉΓòÉΓòÉΓòÉΓòÉΓòÉΓòÉΓòÉΓòÉΓòÉΓòÉΓòÉΓòÉΓòÉΓòÉΓòÉΓòÉΓòÉΓòÉΓòÉΓòÉΓòÉΓòÉΓòÉΓòÉΓòÉΓòÉΓòÉΓòÉΓòÉΓòÉΓòÉΓòÉΓòÉΓòÉΓòÉΓòÉΓòÉΓòÉΓòÉΓòÉΓòÉΓòÉΓòÉΓòÉΓòÉΓòÉΓòÉΓòÉΓòÉΓòÉΓòÉΓòÉΓòÉΓòÉΓòÉΓòÉΓòÉΓòÉΓòÉΓòÉΓòÉΓòÉΓòÉΓòÉΓòÉΓòÉΓòÉΓòÉΓòÉΓòÉΓòÉΓòÉΓòÉΓòÉΓòÉΓòÉΓòÉ
ΓòÉΓòÉΓòí EXCEPTION CAUGHT BY RENDERING LIBRARY Γò₧ΓòÉΓòÉΓòÉΓòÉΓòÉΓòÉΓòÉΓòÉΓòÉΓòÉΓòÉΓòÉΓòÉΓòÉΓòÉΓòÉΓòÉΓòÉΓòÉΓòÉΓòÉΓòÉΓòÉΓòÉΓòÉΓòÉΓòÉΓòÉΓòÉΓòÉΓòÉΓòÉΓòÉΓòÉΓòÉΓòÉΓòÉΓòÉΓòÉΓòÉΓòÉΓòÉΓòÉΓòÉΓòÉΓòÉΓòÉΓòÉΓòÉΓòÉΓòÉΓòÉΓòÉΓòÉΓòÉΓòÉΓòÉ
The following assertion was thrown during performLayout():
RenderBox was not laid out: _RenderInkFeatures#3a619 relayoutBoundary=up34 NEEDS-PAINT
NEEDS-COMPOSITING-BITS-UPDATE
'package:flutter/src/rendering/box.dart':
Failed assertion: line 2251 pos 12: 'hasSize'

Either the assertion indicates an error in the framework itself, or we should provide substantially
more information in this error message to help you determine and fix the underlying cause.
In either case, please report this assertion by filing a bug on GitHub:
  https://github.com/flutter/flutter/issues/new?template=02_bug.yml

The relevant error-causing widget was:
  ElevatedButton
  ElevatedButton:file:///D:/Mystery/programming/projects/PYTHON_PROJECTS/focus/focus_gg/focus_flutter/lib/shared/widgets/cyber_button.dart:97:12

When the exception was thrown, this was the stack:
#2      RenderBox.size (package:flutter/src/rendering/box.dart:2251:12)
#3      RenderProxyBoxMixin.performLayout (package:flutter/src/rendering/proxy_box.dart:115:62)
#4      RenderCustomPaint.performLayout (package:flutter/src/rendering/custom_paint.dart:574:11)
#5      RenderObject.layout (package:flutter/src/rendering/object.dart:2775:7)
#6      RenderProxyBoxMixin.performLayout (package:flutter/src/rendering/proxy_box.dart:115:18)
#7      _RenderCustomClip.performLayout (package:flutter/src/rendering/proxy_box.dart:1481:11)
#8      RenderObject.layout (package:flutter/src/rendering/object.dart:2775:7)
#9      RenderConstrainedBox.performLayout (package:flutter/src/rendering/proxy_box.dart:293:14)
#10     RenderObject.layout (package:flutter/src/rendering/object.dart:2775:7)
#11     ChildLayoutHelper.layoutChild (package:flutter/src/rendering/layout_helper.dart:62:11)
#12     _RenderInputPadding._computeSize (package:flutter/src/material/button_style_button.dart:698:41)
#13     _RenderInputPadding.performLayout (package:flutter/src/material/button_style_button.dart:728:12)
#14     RenderObject.layout (package:flutter/src/rendering/object.dart:2775:7)
#15     RenderProxyBoxMixin.performLayout (package:flutter/src/rendering/proxy_box.dart:115:18)
#16     RenderObject.layout (package:flutter/src/rendering/object.dart:2775:7)
#17     ChildLayoutHelper.layoutChild (package:flutter/src/rendering/layout_helper.dart:62:11)
#18     RenderFlex._computeSizes (package:flutter/src/rendering/flex.dart:1161:28)
#19     RenderFlex.performLayout (package:flutter/src/rendering/flex.dart:1257:32)
#20     RenderObject.layout (package:flutter/src/rendering/object.dart:2775:7)
#21     ChildLayoutHelper.layoutChild (package:flutter/src/rendering/layout_helper.dart:62:11)
#22     RenderFlex._computeSizes (package:flutter/src/rendering/flex.dart:1161:28)
#23     RenderFlex.performLayout (package:flutter/src/rendering/flex.dart:1257:32)
#24     RenderObject.layout (package:flutter/src/rendering/object.dart:2775:7)
#25     ChildLayoutHelper.layoutChild (package:flutter/src/rendering/layout_helper.dart:62:11)
#26     RenderFlex._computeSizes (package:flutter/src/rendering/flex.dart:1161:28)
#27     RenderFlex.performLayout (package:flutter/src/rendering/flex.dart:1257:32)
#28     RenderObject.layout (package:flutter/src/rendering/object.dart:2775:7)
#29     _RenderLayoutBuilder.performLayout (package:flutter/src/widgets/layout_builder.dart:450:14)
#30     RenderObject.layout (package:flutter/src/rendering/object.dart:2775:7)
#31     RenderPadding.performLayout (package:flutter/src/rendering/shifted_box.dart:243:12)
#32     RenderObject.layout (package:flutter/src/rendering/object.dart:2775:7)
#33     ChildLayoutHelper.layoutChild (package:flutter/src/rendering/layout_helper.dart:62:11)
#34     RenderStack._computeSize (package:flutter/src/rendering/stack.dart:645:43)
#35     RenderStack.performLayout (package:flutter/src/rendering/stack.dart:680:12)
#36     RenderObject.layout (package:flutter/src/rendering/object.dart:2775:7)
#37     RenderPadding.performLayout (package:flutter/src/rendering/shifted_box.dart:243:12)
#38     RenderObject.layout (package:flutter/src/rendering/object.dart:2775:7)
#39     RenderProxyBoxMixin.performLayout (package:flutter/src/rendering/proxy_box.dart:115:18)
#40     RenderObject.layout (package:flutter/src/rendering/object.dart:2775:7)
#41     ChildLayoutHelper.layoutChild (package:flutter/src/rendering/layout_helper.dart:62:11)
#42     RenderStack._computeSize (package:flutter/src/rendering/stack.dart:645:43)
#43     RenderStack.performLayout (package:flutter/src/rendering/stack.dart:680:12)
#44     RenderObject.layout (package:flutter/src/rendering/object.dart:2775:7)
#45     RenderProxyBoxMixin.performLayout (package:flutter/src/rendering/proxy_box.dart:115:18)
#46     RenderObject.layout (package:flutter/src/rendering/object.dart:2775:7)
#47     RenderProxyBoxMixin.performLayout (package:flutter/src/rendering/proxy_box.dart:115:18)
#48     RenderObject.layout (package:flutter/src/rendering/object.dart:2775:7)
#49     ChildLayoutHelper.layoutChild (package:flutter/src/rendering/layout_helper.dart:62:11)
#50     RenderStack._computeSize (package:flutter/src/rendering/stack.dart:645:43)
#51     RenderStack.performLayout (package:flutter/src/rendering/stack.dart:680:12)
#52     RenderObject.layout (package:flutter/src/rendering/object.dart:2775:7)
#53     RenderProxyBoxMixin.performLayout (package:flutter/src/rendering/proxy_box.dart:115:18)
#54     RenderObject.layout (package:flutter/src/rendering/object.dart:2775:7)
#55     RenderProxyBoxMixin.performLayout (package:flutter/src/rendering/proxy_box.dart:115:18)
#56     RenderObject.layout (package:flutter/src/rendering/object.dart:2775:7)
#57     ChildLayoutHelper.layoutChild (package:flutter/src/rendering/layout_helper.dart:62:11)
#58     RenderFlex._computeSizes (package:flutter/src/rendering/flex.dart:1161:28)
#59     RenderFlex.performLayout (package:flutter/src/rendering/flex.dart:1257:32)
#60     RenderObject.layout (package:flutter/src/rendering/object.dart:2775:7)
#61     RenderPadding.performLayout (package:flutter/src/rendering/shifted_box.dart:243:12)
#62     RenderObject.layout (package:flutter/src/rendering/object.dart:2775:7)
#63     RenderConstrainedBox.performLayout (package:flutter/src/rendering/proxy_box.dart:293:14)
#64     RenderObject.layout (package:flutter/src/rendering/object.dart:2775:7)
#65     RenderPositionedBox.performLayout (package:flutter/src/rendering/shifted_box.dart:465:14)
#66     RenderObject.layout (package:flutter/src/rendering/object.dart:2775:7)
#67     RenderPadding.performLayout (package:flutter/src/rendering/shifted_box.dart:243:12)
#68     RenderObject.layout (package:flutter/src/rendering/object.dart:2775:7)
#69     _RenderSingleChildViewport.performLayout (package:flutter/src/widgets/single_child_scroll_view.dart:502:14)
#70     RenderObject.layout (package:flutter/src/rendering/object.dart:2775:7)
#71     RenderProxyBoxMixin.performLayout (package:flutter/src/rendering/proxy_box.dart:115:18)
#72     RenderObject.layout (package:flutter/src/rendering/object.dart:2775:7)
#73     RenderProxyBoxMixin.performLayout (package:flutter/src/rendering/proxy_box.dart:115:18)
#74     RenderObject.layout (package:flutter/src/rendering/object.dart:2775:7)
#75     RenderProxyBoxMixin.performLayout (package:flutter/src/rendering/proxy_box.dart:115:18)
#76     RenderObject.layout (package:flutter/src/rendering/object.dart:2775:7)
#77     RenderProxyBoxMixin.performLayout (package:flutter/src/rendering/proxy_box.dart:115:18)
#78     RenderObject.layout (package:flutter/src/rendering/object.dart:2775:7)
#79     RenderProxyBoxMixin.performLayout (package:flutter/src/rendering/proxy_box.dart:115:18)
#80     RenderObject.layout (package:flutter/src/rendering/object.dart:2775:7)
#81     RenderProxyBoxMixin.performLayout (package:flutter/src/rendering/proxy_box.dart:115:18)
#82     RenderObject.layout (package:flutter/src/rendering/object.dart:2775:7)
#83     RenderProxyBoxMixin.performLayout (package:flutter/src/rendering/proxy_box.dart:115:18)
#84     RenderObject.layout (package:flutter/src/rendering/object.dart:2775:7)
#85     RenderProxyBoxMixin.performLayout (package:flutter/src/rendering/proxy_box.dart:115:18)
#86     _RenderCustomClip.performLayout (package:flutter/src/rendering/proxy_box.dart:1481:11)
#87     RenderObject.layout (package:flutter/src/rendering/object.dart:2775:7)
#88     MultiChildLayoutDelegate.layoutChild (package:flutter/src/rendering/custom_layout.dart:180:12)
#89     _ScaffoldLayout.performLayout (package:flutter/src/material/scaffold.dart:1112:7)
#90     MultiChildLayoutDelegate._callPerformLayout (package:flutter/src/rendering/custom_layout.dart:249:7)
#91     RenderCustomMultiChildLayoutBox.performLayout (package:flutter/src/rendering/custom_layout.dart:420:14)
#92     RenderObject.layout (package:flutter/src/rendering/object.dart:2775:7)
#93     RenderProxyBoxMixin.performLayout (package:flutter/src/rendering/proxy_box.dart:115:18)
#94     RenderObject.layout (package:flutter/src/rendering/object.dart:2775:7)
#95     RenderProxyBoxMixin.performLayout (package:flutter/src/rendering/proxy_box.dart:115:18)
#96     _RenderCustomClip.performLayout (package:flutter/src/rendering/proxy_box.dart:1481:11)
#97     RenderObject.layout (package:flutter/src/rendering/object.dart:2775:7)
#98     RenderProxyBoxMixin.performLayout (package:flutter/src/rendering/proxy_box.dart:115:18)
#99     RenderObject.layout (package:flutter/src/rendering/object.dart:2775:7)
#100    RenderProxyBoxMixin.performLayout (package:flutter/src/rendering/proxy_box.dart:115:18)
#101    RenderObject.layout (package:flutter/src/rendering/object.dart:2775:7)
#102    RenderProxyBoxMixin.performLayout (package:flutter/src/rendering/proxy_box.dart:115:18)
#103    RenderObject.layout (package:flutter/src/rendering/object.dart:2775:7)
#104    RenderProxyBoxMixin.performLayout (package:flutter/src/rendering/proxy_box.dart:115:18)
#105    RenderObject.layout (package:flutter/src/rendering/object.dart:2775:7)
#106    RenderProxyBoxMixin.performLayout (package:flutter/src/rendering/proxy_box.dart:115:18)
#107    RenderObject.layout (package:flutter/src/rendering/object.dart:2775:7)
#108    RenderProxyBoxMixin.performLayout (package:flutter/src/rendering/proxy_box.dart:115:18)
#109    RenderOffstage.performLayout (package:flutter/src/rendering/proxy_box.dart:3848:13)
#110    RenderObject.layout (package:flutter/src/rendering/object.dart:2775:7)
#111    RenderProxyBoxMixin.performLayout (package:flutter/src/rendering/proxy_box.dart:115:18)
#112    RenderObject.layout (package:flutter/src/rendering/object.dart:2775:7)
#113    _RenderTheaterMixin.layoutChild (package:flutter/src/widgets/overlay.dart:1084:13)
#114    _RenderTheater.performLayout (package:flutter/src/widgets/overlay.dart:1429:9)
#115    RenderObject.layout (package:flutter/src/rendering/object.dart:2775:7)
#116    RenderProxyBoxMixin.performLayout (package:flutter/src/rendering/proxy_box.dart:115:18)
#117    RenderObject.layout (package:flutter/src/rendering/object.dart:2775:7)
#118    RenderProxyBoxMixin.performLayout (package:flutter/src/rendering/proxy_box.dart:115:18)
#119    RenderObject.layout (package:flutter/src/rendering/object.dart:2775:7)
#120    MultiChildLayoutDelegate.layoutChild (package:flutter/src/rendering/custom_layout.dart:180:12)
#121    _ScaffoldLayout.performLayout (package:flutter/src/material/scaffold.dart:1112:7)
#122    MultiChildLayoutDelegate._callPerformLayout (package:flutter/src/rendering/custom_layout.dart:249:7)
#123    RenderCustomMultiChildLayoutBox.performLayout (package:flutter/src/rendering/custom_layout.dart:420:14)
#124    RenderObject.layout (package:flutter/src/rendering/object.dart:2775:7)
#125    RenderProxyBoxMixin.performLayout (package:flutter/src/rendering/proxy_box.dart:115:18)
#126    RenderObject.layout (package:flutter/src/rendering/object.dart:2775:7)
#127    RenderProxyBoxMixin.performLayout (package:flutter/src/rendering/proxy_box.dart:115:18)
#128    _RenderCustomClip.performLayout (package:flutter/src/rendering/proxy_box.dart:1481:11)
#129    RenderObject.layout (package:flutter/src/rendering/object.dart:2775:7)
#130    RenderProxyBoxMixin.performLayout (package:flutter/src/rendering/proxy_box.dart:115:18)
#131    RenderObject.layout (package:flutter/src/rendering/object.dart:2775:7)
#132    RenderProxyBoxMixin.performLayout (package:flutter/src/rendering/proxy_box.dart:115:18)
#133    RenderObject.layout (package:flutter/src/rendering/object.dart:2775:7)
#134    RenderProxyBoxMixin.performLayout (package:flutter/src/rendering/proxy_box.dart:115:18)
#135    RenderObject.layout (package:flutter/src/rendering/object.dart:2775:7)
#136    RenderProxyBoxMixin.performLayout (package:flutter/src/rendering/proxy_box.dart:115:18)
#137    RenderObject.layout (package:flutter/src/rendering/object.dart:2775:7)
#138    RenderProxyBoxMixin.performLayout (package:flutter/src/rendering/proxy_box.dart:115:18)
#139    RenderObject.layout (package:flutter/src/rendering/object.dart:2775:7)
#140    RenderProxyBoxMixin.performLayout (package:flutter/src/rendering/proxy_box.dart:115:18)
#141    RenderObject.layout (package:flutter/src/rendering/object.dart:2775:7)
#142    RenderProxyBoxMixin.performLayout (package:flutter/src/rendering/proxy_box.dart:115:18)
#143    RenderObject.layout (package:flutter/src/rendering/object.dart:2775:7)
#144    RenderProxyBoxMixin.performLayout (package:flutter/src/rendering/proxy_box.dart:115:18)
#145    RenderObject.layout (package:flutter/src/rendering/object.dart:2775:7)
#146    RenderProxyBoxMixin.performLayout (package:flutter/src/rendering/proxy_box.dart:115:18)
#147    RenderObject.layout (package:flutter/src/rendering/object.dart:2775:7)
#148    RenderProxyBoxMixin.performLayout (package:flutter/src/rendering/proxy_box.dart:115:18)
#149    RenderObject.layout (package:flutter/src/rendering/object.dart:2775:7)
#150    RenderProxyBoxMixin.performLayout (package:flutter/src/rendering/proxy_box.dart:115:18)
#151    RenderObject.layout (package:flutter/src/rendering/object.dart:2775:7)
#152    RenderProxyBoxMixin.performLayout (package:flutter/src/rendering/proxy_box.dart:115:18)
#153    RenderObject.layout (package:flutter/src/rendering/object.dart:2775:7)
#154    RenderProxyBoxMixin.performLayout (package:flutter/src/rendering/proxy_box.dart:115:18)
#155    RenderObject.layout (package:flutter/src/rendering/object.dart:2775:7)
#156    RenderProxyBoxMixin.performLayout (package:flutter/src/rendering/proxy_box.dart:115:18)
#157    RenderObject.layout (package:flutter/src/rendering/object.dart:2775:7)
#158    RenderProxyBoxMixin.performLayout (package:flutter/src/rendering/proxy_box.dart:115:18)
#159    RenderObject.layout (package:flutter/src/rendering/object.dart:2775:7)
#160    RenderProxyBoxMixin.performLayout (package:flutter/src/rendering/proxy_box.dart:115:18)
#161    RenderOffstage.performLayout (package:flutter/src/rendering/proxy_box.dart:3848:13)
#162    RenderObject.layout (package:flutter/src/rendering/object.dart:2775:7)
#163    RenderProxyBoxMixin.performLayout (package:flutter/src/rendering/proxy_box.dart:115:18)
#164    RenderObject.layout (package:flutter/src/rendering/object.dart:2775:7)
#165    _RenderTheaterMixin.layoutChild (package:flutter/src/widgets/overlay.dart:1084:13)
#166    _RenderTheater.performLayout (package:flutter/src/widgets/overlay.dart:1429:9)
#167    RenderObject.layout (package:flutter/src/rendering/object.dart:2775:7)
#168    RenderProxyBoxMixin.performLayout (package:flutter/src/rendering/proxy_box.dart:115:18)
#169    RenderObject.layout (package:flutter/src/rendering/object.dart:2775:7)
#170    RenderProxyBoxMixin.performLayout (package:flutter/src/rendering/proxy_box.dart:115:18)
#171    RenderObject.layout (package:flutter/src/rendering/object.dart:2775:7)
#172    ChildLayoutHelper.layoutChild (package:flutter/src/rendering/layout_helper.dart:62:11)
#173    RenderStack._computeSize (package:flutter/src/rendering/stack.dart:645:43)
#174    RenderStack.performLayout (package:flutter/src/rendering/stack.dart:680:12)
#175    RenderObject.layout (package:flutter/src/rendering/object.dart:2775:7)
#176    RenderProxyBoxMixin.performLayout (package:flutter/src/rendering/proxy_box.dart:115:18)
#177    RenderObject.layout (package:flutter/src/rendering/object.dart:2775:7)
#178    RenderProxyBoxMixin.performLayout (package:flutter/src/rendering/proxy_box.dart:115:18)
#179    RenderObject.layout (package:flutter/src/rendering/object.dart:2775:7)
#180    RenderProxyBoxMixin.performLayout (package:flutter/src/rendering/proxy_box.dart:115:18)
#181    RenderObject.layout (package:flutter/src/rendering/object.dart:2775:7)
#182    RenderProxyBoxMixin.performLayout (package:flutter/src/rendering/proxy_box.dart:115:18)
#183    RenderObject.layout (package:flutter/src/rendering/object.dart:2775:7)
#184    RenderProxyBoxMixin.performLayout (package:flutter/src/rendering/proxy_box.dart:115:18)
#185    RenderObject.layout (package:flutter/src/rendering/object.dart:2775:7)
#186    RenderProxyBoxMixin.performLayout (package:flutter/src/rendering/proxy_box.dart:115:18)
#187    RenderObject.layout (package:flutter/src/rendering/object.dart:2775:7)
#188    RenderView.performLayout (package:flutter/src/rendering/view.dart:294:12)
#189    RenderObject._layoutWithoutResize (package:flutter/src/rendering/object.dart:2623:7)
#190    PipelineOwner.flushLayout (package:flutter/src/rendering/object.dart:1170:18)
#191    PipelineOwner.flushLayout (package:flutter/src/rendering/object.dart:1183:15)
#192    AutomatedTestWidgetsFlutterBinding.drawFrame (package:flutter_test/src/binding.dart:1508:27)
#193    RendererBinding._handlePersistentFrameCallback (package:flutter/src/rendering/binding.dart:495:5)
#194    SchedulerBinding._invokeFrameCallback (package:flutter/src/scheduler/binding.dart:1434:15)
#195    SchedulerBinding.handleDrawFrame (package:flutter/src/scheduler/binding.dart:1347:9)
#196    AutomatedTestWidgetsFlutterBinding.pump.<anonymous closure> (package:flutter_test/src/binding.dart:1335:9)
#199    TestAsyncUtils.guard (package:flutter_test/src/test_async_utils.dart:74:41)
#200    AutomatedTestWidgetsFlutterBinding.pump (package:flutter_test/src/binding.dart:1324:27)
#201    WidgetTester.pumpWidget.<anonymous closure> (package:flutter_test/src/widget_tester.dart:598:22)
#204    TestAsyncUtils.guard (package:flutter_test/src/test_async_utils.dart:74:41)
#205    WidgetTester.pumpWidget (package:flutter_test/src/widget_tester.dart:595:27)
#206    main.<anonymous closure> (file:///D:/Mystery/programming/projects/PYTHON_PROJECTS/focus/focus_gg/focus_flutter/test/widget_test.dart:19:18)
#207    testWidgets.<anonymous closure>.<anonymous closure> (package:flutter_test/src/widget_tester.dart:192:29)
<asynchronous suspension>
#208    TestWidgetsFlutterBinding._runTestBody (package:flutter_test/src/binding.dart:1059:5)
<asynchronous suspension>
<asynchronous suspension>
(elided 7 frames from class _AssertionError, dart:async, and package:stack_trace)

The following RenderObject was being processed when the exception was fired: RenderCustomPaint#dd74e relayoutBoundary=up33 NEEDS-LAYOUT NEEDS-PAINT NEEDS-COMPOSITING-BITS-UPDATE:
  creator: CustomPaint ΓåÉ _ShapeBorderPaint ΓåÉ PhysicalShape ΓåÉ _MaterialInterior ΓåÉ Material ΓåÉ
    ConstrainedBox ΓåÉ _InputPadding ΓåÉ Semantics ΓåÉ ElevatedButton ΓåÉ CyberButton ΓåÉ Column ΓåÉ Row ΓåÉ Γï»
  parentData: <none> (can use size)
  constraints: BoxConstraints(64.0<=w<=Infinity, 40.0<=h<=Infinity)
  size: MISSING
  painter: _ShapeBorderPainter#c943a()
This RenderObject had the following descendants (showing up to depth 5):
    child: _RenderInkFeatures#3a619 relayoutBoundary=up34 NEEDS-PAINT NEEDS-COMPOSITING-BITS-UPDATE
      child: RenderSemanticsAnnotations#3ab62 relayoutBoundary=up35 NEEDS-PAINT NEEDS-COMPOSITING-BITS-UPDATE
        child: RenderMouseRegion#04a61 relayoutBoundary=up36 NEEDS-PAINT NEEDS-COMPOSITING-BITS-UPDATE
          child: RenderSemanticsAnnotations#1ea8c relayoutBoundary=up37 NEEDS-PAINT NEEDS-COMPOSITING-BITS-UPDATE
            child: RenderPointerListener#7402f relayoutBoundary=up38 NEEDS-PAINT NEEDS-COMPOSITING-BITS-UPDATE
ΓòÉΓòÉΓòÉΓòÉΓòÉΓòÉΓòÉΓòÉΓòÉΓòÉΓòÉΓòÉΓòÉΓòÉΓòÉΓòÉΓòÉΓòÉΓòÉΓòÉΓòÉΓòÉΓòÉΓòÉΓòÉΓòÉΓòÉΓòÉΓòÉΓòÉΓòÉΓòÉΓòÉΓòÉΓòÉΓòÉΓòÉΓòÉΓòÉΓòÉΓòÉΓòÉΓòÉΓòÉΓòÉΓòÉΓòÉΓòÉΓòÉΓòÉΓòÉΓòÉΓòÉΓòÉΓòÉΓòÉΓòÉΓòÉΓòÉΓòÉΓòÉΓòÉΓòÉΓòÉΓòÉΓòÉΓòÉΓòÉΓòÉΓòÉΓòÉΓòÉΓòÉΓòÉΓòÉΓòÉΓòÉΓòÉΓòÉΓòÉΓòÉΓòÉΓòÉΓòÉΓòÉΓòÉΓòÉΓòÉΓòÉΓòÉΓòÉΓòÉΓòÉΓòÉΓòÉΓòÉΓòÉΓòÉΓòÉΓòÉ
ΓòÉΓòÉΓòí EXCEPTION CAUGHT BY RENDERING LIBRARY Γò₧ΓòÉΓòÉΓòÉΓòÉΓòÉΓòÉΓòÉΓòÉΓòÉΓòÉΓòÉΓòÉΓòÉΓòÉΓòÉΓòÉΓòÉΓòÉΓòÉΓòÉΓòÉΓòÉΓòÉΓòÉΓòÉΓòÉΓòÉΓòÉΓòÉΓòÉΓòÉΓòÉΓòÉΓòÉΓòÉΓòÉΓòÉΓòÉΓòÉΓòÉΓòÉΓòÉΓòÉΓòÉΓòÉΓòÉΓòÉΓòÉΓòÉΓòÉΓòÉΓòÉΓòÉΓòÉΓòÉΓòÉΓòÉ
The following assertion was thrown during performLayout():
RenderBox was not laid out: RenderCustomPaint#dd74e relayoutBoundary=up33 NEEDS-PAINT
NEEDS-COMPOSITING-BITS-UPDATE
'package:flutter/src/rendering/box.dart':
Failed assertion: line 2251 pos 12: 'hasSize'

Either the assertion indicates an error in the framework itself, or we should provide substantially
more information in this error message to help you determine and fix the underlying cause.
In either case, please report this assertion by filing a bug on GitHub:
  https://github.com/flutter/flutter/issues/new?template=02_bug.yml

The relevant error-causing widget was:
  ElevatedButton
  ElevatedButton:file:///D:/Mystery/programming/projects/PYTHON_PROJECTS/focus/focus_gg/focus_flutter/lib/shared/widgets/cyber_button.dart:97:12

When the exception was thrown, this was the stack:
#2      RenderBox.size (package:flutter/src/rendering/box.dart:2251:12)
#3      RenderProxyBoxMixin.performLayout (package:flutter/src/rendering/proxy_box.dart:115:62)
#4      _RenderCustomClip.performLayout (package:flutter/src/rendering/proxy_box.dart:1481:11)
#5      RenderObject.layout (package:flutter/src/rendering/object.dart:2775:7)
#6      RenderConstrainedBox.performLayout (package:flutter/src/rendering/proxy_box.dart:293:14)
#7      RenderObject.layout (package:flutter/src/rendering/object.dart:2775:7)
#8      ChildLayoutHelper.layoutChild (package:flutter/src/rendering/layout_helper.dart:62:11)
#9      _RenderInputPadding._computeSize (package:flutter/src/material/button_style_button.dart:698:41)
#10     _RenderInputPadding.performLayout (package:flutter/src/material/button_style_button.dart:728:12)
#11     RenderObject.layout (package:flutter/src/rendering/object.dart:2775:7)
#12     RenderProxyBoxMixin.performLayout (package:flutter/src/rendering/proxy_box.dart:115:18)
#13     RenderObject.layout (package:flutter/src/rendering/object.dart:2775:7)
#14     ChildLayoutHelper.layoutChild (package:flutter/src/rendering/layout_helper.dart:62:11)
#15     RenderFlex._computeSizes (package:flutter/src/rendering/flex.dart:1161:28)
#16     RenderFlex.performLayout (package:flutter/src/rendering/flex.dart:1257:32)
#17     RenderObject.layout (package:flutter/src/rendering/object.dart:2775:7)
#18     ChildLayoutHelper.layoutChild (package:flutter/src/rendering/layout_helper.dart:62:11)
#19     RenderFlex._computeSizes (package:flutter/src/rendering/flex.dart:1161:28)
#20     RenderFlex.performLayout (package:flutter/src/rendering/flex.dart:1257:32)
#21     RenderObject.layout (package:flutter/src/rendering/object.dart:2775:7)
#22     ChildLayoutHelper.layoutChild (package:flutter/src/rendering/layout_helper.dart:62:11)
#23     RenderFlex._computeSizes (package:flutter/src/rendering/flex.dart:1161:28)
#24     RenderFlex.performLayout (package:flutter/src/rendering/flex.dart:1257:32)
#25     RenderObject.layout (package:flutter/src/rendering/object.dart:2775:7)
#26     _RenderLayoutBuilder.performLayout (package:flutter/src/widgets/layout_builder.dart:450:14)
#27     RenderObject.layout (package:flutter/src/rendering/object.dart:2775:7)
#28     RenderPadding.performLayout (package:flutter/src/rendering/shifted_box.dart:243:12)
#29     RenderObject.layout (package:flutter/src/rendering/object.dart:2775:7)
#30     ChildLayoutHelper.layoutChild (package:flutter/src/rendering/layout_helper.dart:62:11)
#31     RenderStack._computeSize (package:flutter/src/rendering/stack.dart:645:43)
#32     RenderStack.performLayout (package:flutter/src/rendering/stack.dart:680:12)
#33     RenderObject.layout (package:flutter/src/rendering/object.dart:2775:7)
#34     RenderPadding.performLayout (package:flutter/src/rendering/shifted_box.dart:243:12)
#35     RenderObject.layout (package:flutter/src/rendering/object.dart:2775:7)
#36     RenderProxyBoxMixin.performLayout (package:flutter/src/rendering/proxy_box.dart:115:18)
#37     RenderObject.layout (package:flutter/src/rendering/object.dart:2775:7)
#38     ChildLayoutHelper.layoutChild (package:flutter/src/rendering/layout_helper.dart:62:11)
#39     RenderStack._computeSize (package:flutter/src/rendering/stack.dart:645:43)
#40     RenderStack.performLayout (package:flutter/src/rendering/stack.dart:680:12)
#41     RenderObject.layout (package:flutter/src/rendering/object.dart:2775:7)
#42     RenderProxyBoxMixin.performLayout (package:flutter/src/rendering/proxy_box.dart:115:18)
#43     RenderObject.layout (package:flutter/src/rendering/object.dart:2775:7)
#44     RenderProxyBoxMixin.performLayout (package:flutter/src/rendering/proxy_box.dart:115:18)
#45     RenderObject.layout (package:flutter/src/rendering/object.dart:2775:7)
#46     ChildLayoutHelper.layoutChild (package:flutter/src/rendering/layout_helper.dart:62:11)
#47     RenderStack._computeSize (package:flutter/src/rendering/stack.dart:645:43)
#48     RenderStack.performLayout (package:flutter/src/rendering/stack.dart:680:12)
#49     RenderObject.layout (package:flutter/src/rendering/object.dart:2775:7)
#50     RenderProxyBoxMixin.performLayout (package:flutter/src/rendering/proxy_box.dart:115:18)
#51     RenderObject.layout (package:flutter/src/rendering/object.dart:2775:7)
#52     RenderProxyBoxMixin.performLayout (package:flutter/src/rendering/proxy_box.dart:115:18)
#53     RenderObject.layout (package:flutter/src/rendering/object.dart:2775:7)
#54     ChildLayoutHelper.layoutChild (package:flutter/src/rendering/layout_helper.dart:62:11)
#55     RenderFlex._computeSizes (package:flutter/src/rendering/flex.dart:1161:28)
#56     RenderFlex.performLayout (package:flutter/src/rendering/flex.dart:1257:32)
#57     RenderObject.layout (package:flutter/src/rendering/object.dart:2775:7)
#58     RenderPadding.performLayout (package:flutter/src/rendering/shifted_box.dart:243:12)
#59     RenderObject.layout (package:flutter/src/rendering/object.dart:2775:7)
#60     RenderConstrainedBox.performLayout (package:flutter/src/rendering/proxy_box.dart:293:14)
#61     RenderObject.layout (package:flutter/src/rendering/object.dart:2775:7)
#62     RenderPositionedBox.performLayout (package:flutter/src/rendering/shifted_box.dart:465:14)
#63     RenderObject.layout (package:flutter/src/rendering/object.dart:2775:7)
#64     RenderPadding.performLayout (package:flutter/src/rendering/shifted_box.dart:243:12)
#65     RenderObject.layout (package:flutter/src/rendering/object.dart:2775:7)
#66     _RenderSingleChildViewport.performLayout (package:flutter/src/widgets/single_child_scroll_view.dart:502:14)
#67     RenderObject.layout (package:flutter/src/rendering/object.dart:2775:7)
#68     RenderProxyBoxMixin.performLayout (package:flutter/src/rendering/proxy_box.dart:115:18)
#69     RenderObject.layout (package:flutter/src/rendering/object.dart:2775:7)
#70     RenderProxyBoxMixin.performLayout (package:flutter/src/rendering/proxy_box.dart:115:18)
#71     RenderObject.layout (package:flutter/src/rendering/object.dart:2775:7)
#72     RenderProxyBoxMixin.performLayout (package:flutter/src/rendering/proxy_box.dart:115:18)
#73     RenderObject.layout (package:flutter/src/rendering/object.dart:2775:7)
#74     RenderProxyBoxMixin.performLayout (package:flutter/src/rendering/proxy_box.dart:115:18)
#75     RenderObject.layout (package:flutter/src/rendering/object.dart:2775:7)
#76     RenderProxyBoxMixin.performLayout (package:flutter/src/rendering/proxy_box.dart:115:18)
#77     RenderObject.layout (package:flutter/src/rendering/object.dart:2775:7)
#78     RenderProxyBoxMixin.performLayout (package:flutter/src/rendering/proxy_box.dart:115:18)
#79     RenderObject.layout (package:flutter/src/rendering/object.dart:2775:7)
#80     RenderProxyBoxMixin.performLayout (package:flutter/src/rendering/proxy_box.dart:115:18)
#81     RenderObject.layout (package:flutter/src/rendering/object.dart:2775:7)
#82     RenderProxyBoxMixin.performLayout (package:flutter/src/rendering/proxy_box.dart:115:18)
#83     _RenderCustomClip.performLayout (package:flutter/src/rendering/proxy_box.dart:1481:11)
#84     RenderObject.layout (package:flutter/src/rendering/object.dart:2775:7)
#85     MultiChildLayoutDelegate.layoutChild (package:flutter/src/rendering/custom_layout.dart:180:12)
#86     _ScaffoldLayout.performLayout (package:flutter/src/material/scaffold.dart:1112:7)
#87     MultiChildLayoutDelegate._callPerformLayout (package:flutter/src/rendering/custom_layout.dart:249:7)
#88     RenderCustomMultiChildLayoutBox.performLayout (package:flutter/src/rendering/custom_layout.dart:420:14)
#89     RenderObject.layout (package:flutter/src/rendering/object.dart:2775:7)
#90     RenderProxyBoxMixin.performLayout (package:flutter/src/rendering/proxy_box.dart:115:18)
#91     RenderObject.layout (package:flutter/src/rendering/object.dart:2775:7)
#92     RenderProxyBoxMixin.performLayout (package:flutter/src/rendering/proxy_box.dart:115:18)
#93     _RenderCustomClip.performLayout (package:flutter/src/rendering/proxy_box.dart:1481:11)
#94     RenderObject.layout (package:flutter/src/rendering/object.dart:2775:7)
#95     RenderProxyBoxMixin.performLayout (package:flutter/src/rendering/proxy_box.dart:115:18)
#96     RenderObject.layout (package:flutter/src/rendering/object.dart:2775:7)
#97     RenderProxyBoxMixin.performLayout (package:flutter/src/rendering/proxy_box.dart:115:18)
#98     RenderObject.layout (package:flutter/src/rendering/object.dart:2775:7)
#99     RenderProxyBoxMixin.performLayout (package:flutter/src/rendering/proxy_box.dart:115:18)
#100    RenderObject.layout (package:flutter/src/rendering/object.dart:2775:7)
#101    RenderProxyBoxMixin.performLayout (package:flutter/src/rendering/proxy_box.dart:115:18)
#102    RenderObject.layout (package:flutter/src/rendering/object.dart:2775:7)
#103    RenderProxyBoxMixin.performLayout (package:flutter/src/rendering/proxy_box.dart:115:18)
#104    RenderObject.layout (package:flutter/src/rendering/object.dart:2775:7)
#105    RenderProxyBoxMixin.performLayout (package:flutter/src/rendering/proxy_box.dart:115:18)
#106    RenderOffstage.performLayout (package:flutter/src/rendering/proxy_box.dart:3848:13)
#107    RenderObject.layout (package:flutter/src/rendering/object.dart:2775:7)
#108    RenderProxyBoxMixin.performLayout (package:flutter/src/rendering/proxy_box.dart:115:18)
#109    RenderObject.layout (package:flutter/src/rendering/object.dart:2775:7)
#110    _RenderTheaterMixin.layoutChild (package:flutter/src/widgets/overlay.dart:1084:13)
#111    _RenderTheater.performLayout (package:flutter/src/widgets/overlay.dart:1429:9)
#112    RenderObject.layout (package:flutter/src/rendering/object.dart:2775:7)
#113    RenderProxyBoxMixin.performLayout (package:flutter/src/rendering/proxy_box.dart:115:18)
#114    RenderObject.layout (package:flutter/src/rendering/object.dart:2775:7)
#115    RenderProxyBoxMixin.performLayout (package:flutter/src/rendering/proxy_box.dart:115:18)
#116    RenderObject.layout (package:flutter/src/rendering/object.dart:2775:7)
#117    MultiChildLayoutDelegate.layoutChild (package:flutter/src/rendering/custom_layout.dart:180:12)
#118    _ScaffoldLayout.performLayout (package:flutter/src/material/scaffold.dart:1112:7)
#119    MultiChildLayoutDelegate._callPerformLayout (package:flutter/src/rendering/custom_layout.dart:249:7)
#120    RenderCustomMultiChildLayoutBox.performLayout (package:flutter/src/rendering/custom_layout.dart:420:14)
#121    RenderObject.layout (package:flutter/src/rendering/object.dart:2775:7)
#122    RenderProxyBoxMixin.performLayout (package:flutter/src/rendering/proxy_box.dart:115:18)
#123    RenderObject.layout (package:flutter/src/rendering/object.dart:2775:7)
#124    RenderProxyBoxMixin.performLayout (package:flutter/src/rendering/proxy_box.dart:115:18)
#125    _RenderCustomClip.performLayout (package:flutter/src/rendering/proxy_box.dart:1481:11)
#126    RenderObject.layout (package:flutter/src/rendering/object.dart:2775:7)
#127    RenderProxyBoxMixin.performLayout (package:flutter/src/rendering/proxy_box.dart:115:18)
#128    RenderObject.layout (package:flutter/src/rendering/object.dart:2775:7)
#129    RenderProxyBoxMixin.performLayout (package:flutter/src/rendering/proxy_box.dart:115:18)
#130    RenderObject.layout (package:flutter/src/rendering/object.dart:2775:7)
#131    RenderProxyBoxMixin.performLayout (package:flutter/src/rendering/proxy_box.dart:115:18)
#132    RenderObject.layout (package:flutter/src/rendering/object.dart:2775:7)
#133    RenderProxyBoxMixin.performLayout (package:flutter/src/rendering/proxy_box.dart:115:18)
#134    RenderObject.layout (package:flutter/src/rendering/object.dart:2775:7)
#135    RenderProxyBoxMixin.performLayout (package:flutter/src/rendering/proxy_box.dart:115:18)
#136    RenderObject.layout (package:flutter/src/rendering/object.dart:2775:7)
#137    RenderProxyBoxMixin.performLayout (package:flutter/src/rendering/proxy_box.dart:115:18)
#138    RenderObject.layout (package:flutter/src/rendering/object.dart:2775:7)
#139    RenderProxyBoxMixin.performLayout (package:flutter/src/rendering/proxy_box.dart:115:18)
#140    RenderObject.layout (package:flutter/src/rendering/object.dart:2775:7)
#141    RenderProxyBoxMixin.performLayout (package:flutter/src/rendering/proxy_box.dart:115:18)
#142    RenderObject.layout (package:flutter/src/rendering/object.dart:2775:7)
#143    RenderProxyBoxMixin.performLayout (package:flutter/src/rendering/proxy_box.dart:115:18)
#144    RenderObject.layout (package:flutter/src/rendering/object.dart:2775:7)
#145    RenderProxyBoxMixin.performLayout (package:flutter/src/rendering/proxy_box.dart:115:18)
#146    RenderObject.layout (package:flutter/src/rendering/object.dart:2775:7)
#147    RenderProxyBoxMixin.performLayout (package:flutter/src/rendering/proxy_box.dart:115:18)
#148    RenderObject.layout (package:flutter/src/rendering/object.dart:2775:7)
#149    RenderProxyBoxMixin.performLayout (package:flutter/src/rendering/proxy_box.dart:115:18)
#150    RenderObject.layout (package:flutter/src/rendering/object.dart:2775:7)
#151    RenderProxyBoxMixin.performLayout (package:flutter/src/rendering/proxy_box.dart:115:18)
#152    RenderObject.layout (package:flutter/src/rendering/object.dart:2775:7)
#153    RenderProxyBoxMixin.performLayout (package:flutter/src/rendering/proxy_box.dart:115:18)
#154    RenderObject.layout (package:flutter/src/rendering/object.dart:2775:7)
#155    RenderProxyBoxMixin.performLayout (package:flutter/src/rendering/proxy_box.dart:115:18)
#156    RenderObject.layout (package:flutter/src/rendering/object.dart:2775:7)
#157    RenderProxyBoxMixin.performLayout (package:flutter/src/rendering/proxy_box.dart:115:18)
#158    RenderOffstage.performLayout (package:flutter/src/rendering/proxy_box.dart:3848:13)
#159    RenderObject.layout (package:flutter/src/rendering/object.dart:2775:7)
#160    RenderProxyBoxMixin.performLayout (package:flutter/src/rendering/proxy_box.dart:115:18)
#161    RenderObject.layout (package:flutter/src/rendering/object.dart:2775:7)
#162    _RenderTheaterMixin.layoutChild (package:flutter/src/widgets/overlay.dart:1084:13)
#163    _RenderTheater.performLayout (package:flutter/src/widgets/overlay.dart:1429:9)
#164    RenderObject.layout (package:flutter/src/rendering/object.dart:2775:7)
#165    RenderProxyBoxMixin.performLayout (package:flutter/src/rendering/proxy_box.dart:115:18)
#166    RenderObject.layout (package:flutter/src/rendering/object.dart:2775:7)
#167    RenderProxyBoxMixin.performLayout (package:flutter/src/rendering/proxy_box.dart:115:18)
#168    RenderObject.layout (package:flutter/src/rendering/object.dart:2775:7)
#169    ChildLayoutHelper.layoutChild (package:flutter/src/rendering/layout_helper.dart:62:11)
#170    RenderStack._computeSize (package:flutter/src/rendering/stack.dart:645:43)
#171    RenderStack.performLayout (package:flutter/src/rendering/stack.dart:680:12)
#172    RenderObject.layout (package:flutter/src/rendering/object.dart:2775:7)
#173    RenderProxyBoxMixin.performLayout (package:flutter/src/rendering/proxy_box.dart:115:18)
#174    RenderObject.layout (package:flutter/src/rendering/object.dart:2775:7)
#175    RenderProxyBoxMixin.performLayout (package:flutter/src/rendering/proxy_box.dart:115:18)
#176    RenderObject.layout (package:flutter/src/rendering/object.dart:2775:7)
#177    RenderProxyBoxMixin.performLayout (package:flutter/src/rendering/proxy_box.dart:115:18)
#178    RenderObject.layout (package:flutter/src/rendering/object.dart:2775:7)
#179    RenderProxyBoxMixin.performLayout (package:flutter/src/rendering/proxy_box.dart:115:18)
#180    RenderObject.layout (package:flutter/src/rendering/object.dart:2775:7)
#181    RenderProxyBoxMixin.performLayout (package:flutter/src/rendering/proxy_box.dart:115:18)
#182    RenderObject.layout (package:flutter/src/rendering/object.dart:2775:7)
#183    RenderProxyBoxMixin.performLayout (package:flutter/src/rendering/proxy_box.dart:115:18)
#184    RenderObject.layout (package:flutter/src/rendering/object.dart:2775:7)
#185    RenderView.performLayout (package:flutter/src/rendering/view.dart:294:12)
#186    RenderObject._layoutWithoutResize (package:flutter/src/rendering/object.dart:2623:7)
#187    PipelineOwner.flushLayout (package:flutter/src/rendering/object.dart:1170:18)
#188    PipelineOwner.flushLayout (package:flutter/src/rendering/object.dart:1183:15)
#189    AutomatedTestWidgetsFlutterBinding.drawFrame (package:flutter_test/src/binding.dart:1508:27)
#190    RendererBinding._handlePersistentFrameCallback (package:flutter/src/rendering/binding.dart:495:5)
#191    SchedulerBinding._invokeFrameCallback (package:flutter/src/scheduler/binding.dart:1434:15)
#192    SchedulerBinding.handleDrawFrame (package:flutter/src/scheduler/binding.dart:1347:9)
#193    AutomatedTestWidgetsFlutterBinding.pump.<anonymous closure> (package:flutter_test/src/binding.dart:1335:9)
#196    TestAsyncUtils.guard (package:flutter_test/src/test_async_utils.dart:74:41)
#197    AutomatedTestWidgetsFlutterBinding.pump (package:flutter_test/src/binding.dart:1324:27)
#198    WidgetTester.pumpWidget.<anonymous closure> (package:flutter_test/src/widget_tester.dart:598:22)
#201    TestAsyncUtils.guard (package:flutter_test/src/test_async_utils.dart:74:41)
#202    WidgetTester.pumpWidget (package:flutter_test/src/widget_tester.dart:595:27)
#203    main.<anonymous closure> (file:///D:/Mystery/programming/projects/PYTHON_PROJECTS/focus/focus_gg/focus_flutter/test/widget_test.dart:19:18)
#204    testWidgets.<anonymous closure>.<anonymous closure> (package:flutter_test/src/widget_tester.dart:192:29)
<asynchronous suspension>
#205    TestWidgetsFlutterBinding._runTestBody (package:flutter_test/src/binding.dart:1059:5)
<asynchronous suspension>
<asynchronous suspension>
(elided 7 frames from class _AssertionError, dart:async, and package:stack_trace)

The following RenderObject was being processed when the exception was fired: RenderPhysicalShape#1624c relayoutBoundary=up32 NEEDS-LAYOUT NEEDS-PAINT NEEDS-COMPOSITING-BITS-UPDATE:
  creator: PhysicalShape ΓåÉ _MaterialInterior ΓåÉ Material ΓåÉ ConstrainedBox ΓåÉ _InputPadding ΓåÉ Semantics ΓåÉ
    ElevatedButton ΓåÉ CyberButton ΓåÉ Column ΓåÉ Row ΓåÉ Column ΓåÉ LayoutBuilder ΓåÉ Γï»
  parentData: <none> (can use size)
  constraints: BoxConstraints(64.0<=w<=Infinity, 40.0<=h<=Infinity)
  size: MISSING
  elevation: 1.0
  color: Color(alpha: 0.0000, red: 0.0000, green: 0.0000, blue: 0.0000, colorSpace: ColorSpace.sRGB)
  shadowColor: Color(alpha: 0.0000, red: 0.0000, green: 0.0000, blue: 0.0000, colorSpace:
    ColorSpace.sRGB)
  clipper: ShapeBorderClipper
This RenderObject had the following descendants (showing up to depth 5):
    child: RenderCustomPaint#dd74e relayoutBoundary=up33 NEEDS-PAINT NEEDS-COMPOSITING-BITS-UPDATE
      child: _RenderInkFeatures#3a619 relayoutBoundary=up34 NEEDS-PAINT NEEDS-COMPOSITING-BITS-UPDATE
        child: RenderSemanticsAnnotations#3ab62 relayoutBoundary=up35 NEEDS-PAINT NEEDS-COMPOSITING-BITS-UPDATE
          child: RenderMouseRegion#04a61 relayoutBoundary=up36 NEEDS-PAINT NEEDS-COMPOSITING-BITS-UPDATE
            child: RenderSemanticsAnnotations#1ea8c relayoutBoundary=up37 NEEDS-PAINT NEEDS-COMPOSITING-BITS-UPDATE
ΓòÉΓòÉΓòÉΓòÉΓòÉΓòÉΓòÉΓòÉΓòÉΓòÉΓòÉΓòÉΓòÉΓòÉΓòÉΓòÉΓòÉΓòÉΓòÉΓòÉΓòÉΓòÉΓòÉΓòÉΓòÉΓòÉΓòÉΓòÉΓòÉΓòÉΓòÉΓòÉΓòÉΓòÉΓòÉΓòÉΓòÉΓòÉΓòÉΓòÉΓòÉΓòÉΓòÉΓòÉΓòÉΓòÉΓòÉΓòÉΓòÉΓòÉΓòÉΓòÉΓòÉΓòÉΓòÉΓòÉΓòÉΓòÉΓòÉΓòÉΓòÉΓòÉΓòÉΓòÉΓòÉΓòÉΓòÉΓòÉΓòÉΓòÉΓòÉΓòÉΓòÉΓòÉΓòÉΓòÉΓòÉΓòÉΓòÉΓòÉΓòÉΓòÉΓòÉΓòÉΓòÉΓòÉΓòÉΓòÉΓòÉΓòÉΓòÉΓòÉΓòÉΓòÉΓòÉΓòÉΓòÉΓòÉΓòÉΓòÉ
ΓòÉΓòÉΓòí EXCEPTION CAUGHT BY RENDERING LIBRARY Γò₧ΓòÉΓòÉΓòÉΓòÉΓòÉΓòÉΓòÉΓòÉΓòÉΓòÉΓòÉΓòÉΓòÉΓòÉΓòÉΓòÉΓòÉΓòÉΓòÉΓòÉΓòÉΓòÉΓòÉΓòÉΓòÉΓòÉΓòÉΓòÉΓòÉΓòÉΓòÉΓòÉΓòÉΓòÉΓòÉΓòÉΓòÉΓòÉΓòÉΓòÉΓòÉΓòÉΓòÉΓòÉΓòÉΓòÉΓòÉΓòÉΓòÉΓòÉΓòÉΓòÉΓòÉΓòÉΓòÉΓòÉΓòÉ
The following assertion was thrown during performLayout():
RenderBox was not laid out: RenderPhysicalShape#1624c relayoutBoundary=up32 NEEDS-PAINT
NEEDS-COMPOSITING-BITS-UPDATE
'package:flutter/src/rendering/box.dart':
Failed assertion: line 2251 pos 12: 'hasSize'

Either the assertion indicates an error in the framework itself, or we should provide substantially
more information in this error message to help you determine and fix the underlying cause.
In either case, please report this assertion by filing a bug on GitHub:
  https://github.com/flutter/flutter/issues/new?template=02_bug.yml

The relevant error-causing widget was:
  ElevatedButton
  ElevatedButton:file:///D:/Mystery/programming/projects/PYTHON_PROJECTS/focus/focus_gg/focus_flutter/lib/shared/widgets/cyber_button.dart:97:12

When the exception was thrown, this was the stack:
#2      RenderBox.size (package:flutter/src/rendering/box.dart:2251:12)
#3      RenderConstrainedBox.performLayout (package:flutter/src/rendering/proxy_box.dart:294:21)
#4      RenderObject.layout (package:flutter/src/rendering/object.dart:2775:7)
#5      ChildLayoutHelper.layoutChild (package:flutter/src/rendering/layout_helper.dart:62:11)
#6      _RenderInputPadding._computeSize (package:flutter/src/material/button_style_button.dart:698:41)
#7      _RenderInputPadding.performLayout (package:flutter/src/material/button_style_button.dart:728:12)
#8      RenderObject.layout (package:flutter/src/rendering/object.dart:2775:7)
#9      RenderProxyBoxMixin.performLayout (package:flutter/src/rendering/proxy_box.dart:115:18)
#10     RenderObject.layout (package:flutter/src/rendering/object.dart:2775:7)
#11     ChildLayoutHelper.layoutChild (package:flutter/src/rendering/layout_helper.dart:62:11)
#12     RenderFlex._computeSizes (package:flutter/src/rendering/flex.dart:1161:28)
#13     RenderFlex.performLayout (package:flutter/src/rendering/flex.dart:1257:32)
#14     RenderObject.layout (package:flutter/src/rendering/object.dart:2775:7)
#15     ChildLayoutHelper.layoutChild (package:flutter/src/rendering/layout_helper.dart:62:11)
#16     RenderFlex._computeSizes (package:flutter/src/rendering/flex.dart:1161:28)
#17     RenderFlex.performLayout (package:flutter/src/rendering/flex.dart:1257:32)
#18     RenderObject.layout (package:flutter/src/rendering/object.dart:2775:7)
#19     ChildLayoutHelper.layoutChild (package:flutter/src/rendering/layout_helper.dart:62:11)
#20     RenderFlex._computeSizes (package:flutter/src/rendering/flex.dart:1161:28)
#21     RenderFlex.performLayout (package:flutter/src/rendering/flex.dart:1257:32)
#22     RenderObject.layout (package:flutter/src/rendering/object.dart:2775:7)
#23     _RenderLayoutBuilder.performLayout (package:flutter/src/widgets/layout_builder.dart:450:14)
#24     RenderObject.layout (package:flutter/src/rendering/object.dart:2775:7)
#25     RenderPadding.performLayout (package:flutter/src/rendering/shifted_box.dart:243:12)
#26     RenderObject.layout (package:flutter/src/rendering/object.dart:2775:7)
#27     ChildLayoutHelper.layoutChild (package:flutter/src/rendering/layout_helper.dart:62:11)
#28     RenderStack._computeSize (package:flutter/src/rendering/stack.dart:645:43)
#29     RenderStack.performLayout (package:flutter/src/rendering/stack.dart:680:12)
#30     RenderObject.layout (package:flutter/src/rendering/object.dart:2775:7)
#31     RenderPadding.performLayout (package:flutter/src/rendering/shifted_box.dart:243:12)
#32     RenderObject.layout (package:flutter/src/rendering/object.dart:2775:7)
#33     RenderProxyBoxMixin.performLayout (package:flutter/src/rendering/proxy_box.dart:115:18)
#34     RenderObject.layout (package:flutter/src/rendering/object.dart:2775:7)
#35     ChildLayoutHelper.layoutChild (package:flutter/src/rendering/layout_helper.dart:62:11)
#36     RenderStack._computeSize (package:flutter/src/rendering/stack.dart:645:43)
#37     RenderStack.performLayout (package:flutter/src/rendering/stack.dart:680:12)
#38     RenderObject.layout (package:flutter/src/rendering/object.dart:2775:7)
#39     RenderProxyBoxMixin.performLayout (package:flutter/src/rendering/proxy_box.dart:115:18)
#40     RenderObject.layout (package:flutter/src/rendering/object.dart:2775:7)
#41     RenderProxyBoxMixin.performLayout (package:flutter/src/rendering/proxy_box.dart:115:18)
#42     RenderObject.layout (package:flutter/src/rendering/object.dart:2775:7)
#43     ChildLayoutHelper.layoutChild (package:flutter/src/rendering/layout_helper.dart:62:11)
#44     RenderStack._computeSize (package:flutter/src/rendering/stack.dart:645:43)
#45     RenderStack.performLayout (package:flutter/src/rendering/stack.dart:680:12)
#46     RenderObject.layout (package:flutter/src/rendering/object.dart:2775:7)
#47     RenderProxyBoxMixin.performLayout (package:flutter/src/rendering/proxy_box.dart:115:18)
#48     RenderObject.layout (package:flutter/src/rendering/object.dart:2775:7)
#49     RenderProxyBoxMixin.performLayout (package:flutter/src/rendering/proxy_box.dart:115:18)
#50     RenderObject.layout (package:flutter/src/rendering/object.dart:2775:7)
#51     ChildLayoutHelper.layoutChild (package:flutter/src/rendering/layout_helper.dart:62:11)
#52     RenderFlex._computeSizes (package:flutter/src/rendering/flex.dart:1161:28)
#53     RenderFlex.performLayout (package:flutter/src/rendering/flex.dart:1257:32)
#54     RenderObject.layout (package:flutter/src/rendering/object.dart:2775:7)
#55     RenderPadding.performLayout (package:flutter/src/rendering/shifted_box.dart:243:12)
#56     RenderObject.layout (package:flutter/src/rendering/object.dart:2775:7)
#57     RenderConstrainedBox.performLayout (package:flutter/src/rendering/proxy_box.dart:293:14)
#58     RenderObject.layout (package:flutter/src/rendering/object.dart:2775:7)
#59     RenderPositionedBox.performLayout (package:flutter/src/rendering/shifted_box.dart:465:14)
#60     RenderObject.layout (package:flutter/src/rendering/object.dart:2775:7)
#61     RenderPadding.performLayout (package:flutter/src/rendering/shifted_box.dart:243:12)
#62     RenderObject.layout (package:flutter/src/rendering/object.dart:2775:7)
#63     _RenderSingleChildViewport.performLayout (package:flutter/src/widgets/single_child_scroll_view.dart:502:14)
#64     RenderObject.layout (package:flutter/src/rendering/object.dart:2775:7)
#65     RenderProxyBoxMixin.performLayout (package:flutter/src/rendering/proxy_box.dart:115:18)
#66     RenderObject.layout (package:flutter/src/rendering/object.dart:2775:7)
#67     RenderProxyBoxMixin.performLayout (package:flutter/src/rendering/proxy_box.dart:115:18)
#68     RenderObject.layout (package:flutter/src/rendering/object.dart:2775:7)
#69     RenderProxyBoxMixin.performLayout (package:flutter/src/rendering/proxy_box.dart:115:18)
#70     RenderObject.layout (package:flutter/src/rendering/object.dart:2775:7)
#71     RenderProxyBoxMixin.performLayout (package:flutter/src/rendering/proxy_box.dart:115:18)
#72     RenderObject.layout (package:flutter/src/rendering/object.dart:2775:7)
#73     RenderProxyBoxMixin.performLayout (package:flutter/src/rendering/proxy_box.dart:115:18)
#74     RenderObject.layout (package:flutter/src/rendering/object.dart:2775:7)
#75     RenderProxyBoxMixin.performLayout (package:flutter/src/rendering/proxy_box.dart:115:18)
#76     RenderObject.layout (package:flutter/src/rendering/object.dart:2775:7)
#77     RenderProxyBoxMixin.performLayout (package:flutter/src/rendering/proxy_box.dart:115:18)
#78     RenderObject.layout (package:flutter/src/rendering/object.dart:2775:7)
#79     RenderProxyBoxMixin.performLayout (package:flutter/src/rendering/proxy_box.dart:115:18)
#80     _RenderCustomClip.performLayout (package:flutter/src/rendering/proxy_box.dart:1481:11)
#81     RenderObject.layout (package:flutter/src/rendering/object.dart:2775:7)
#82     MultiChildLayoutDelegate.layoutChild (package:flutter/src/rendering/custom_layout.dart:180:12)
#83     _ScaffoldLayout.performLayout (package:flutter/src/material/scaffold.dart:1112:7)
#84     MultiChildLayoutDelegate._callPerformLayout (package:flutter/src/rendering/custom_layout.dart:249:7)
#85     RenderCustomMultiChildLayoutBox.performLayout (package:flutter/src/rendering/custom_layout.dart:420:14)
#86     RenderObject.layout (package:flutter/src/rendering/object.dart:2775:7)
#87     RenderProxyBoxMixin.performLayout (package:flutter/src/rendering/proxy_box.dart:115:18)
#88     RenderObject.layout (package:flutter/src/rendering/object.dart:2775:7)
#89     RenderProxyBoxMixin.performLayout (package:flutter/src/rendering/proxy_box.dart:115:18)
#90     _RenderCustomClip.performLayout (package:flutter/src/rendering/proxy_box.dart:1481:11)
#91     RenderObject.layout (package:flutter/src/rendering/object.dart:2775:7)
#92     RenderProxyBoxMixin.performLayout (package:flutter/src/rendering/proxy_box.dart:115:18)
#93     RenderObject.layout (package:flutter/src/rendering/object.dart:2775:7)
#94     RenderProxyBoxMixin.performLayout (package:flutter/src/rendering/proxy_box.dart:115:18)
#95     RenderObject.layout (package:flutter/src/rendering/object.dart:2775:7)
#96     RenderProxyBoxMixin.performLayout (package:flutter/src/rendering/proxy_box.dart:115:18)
#97     RenderObject.layout (package:flutter/src/rendering/object.dart:2775:7)
#98     RenderProxyBoxMixin.performLayout (package:flutter/src/rendering/proxy_box.dart:115:18)
#99     RenderObject.layout (package:flutter/src/rendering/object.dart:2775:7)
#100    RenderProxyBoxMixin.performLayout (package:flutter/src/rendering/proxy_box.dart:115:18)
#101    RenderObject.layout (package:flutter/src/rendering/object.dart:2775:7)
#102    RenderProxyBoxMixin.performLayout (package:flutter/src/rendering/proxy_box.dart:115:18)
#103    RenderOffstage.performLayout (package:flutter/src/rendering/proxy_box.dart:3848:13)
#104    RenderObject.layout (package:flutter/src/rendering/object.dart:2775:7)
#105    RenderProxyBoxMixin.performLayout (package:flutter/src/rendering/proxy_box.dart:115:18)
#106    RenderObject.layout (package:flutter/src/rendering/object.dart:2775:7)
#107    _RenderTheaterMixin.layoutChild (package:flutter/src/widgets/overlay.dart:1084:13)
#108    _RenderTheater.performLayout (package:flutter/src/widgets/overlay.dart:1429:9)
#109    RenderObject.layout (package:flutter/src/rendering/object.dart:2775:7)
#110    RenderProxyBoxMixin.performLayout (package:flutter/src/rendering/proxy_box.dart:115:18)
#111    RenderObject.layout (package:flutter/src/rendering/object.dart:2775:7)
#112    RenderProxyBoxMixin.performLayout (package:flutter/src/rendering/proxy_box.dart:115:18)
#113    RenderObject.layout (package:flutter/src/rendering/object.dart:2775:7)
#114    MultiChildLayoutDelegate.layoutChild (package:flutter/src/rendering/custom_layout.dart:180:12)
#115    _ScaffoldLayout.performLayout (package:flutter/src/material/scaffold.dart:1112:7)
#116    MultiChildLayoutDelegate._callPerformLayout (package:flutter/src/rendering/custom_layout.dart:249:7)
#117    RenderCustomMultiChildLayoutBox.performLayout (package:flutter/src/rendering/custom_layout.dart:420:14)
#118    RenderObject.layout (package:flutter/src/rendering/object.dart:2775:7)
#119    RenderProxyBoxMixin.performLayout (package:flutter/src/rendering/proxy_box.dart:115:18)
#120    RenderObject.layout (package:flutter/src/rendering/object.dart:2775:7)
#121    RenderProxyBoxMixin.performLayout (package:flutter/src/rendering/proxy_box.dart:115:18)
#122    _RenderCustomClip.performLayout (package:flutter/src/rendering/proxy_box.dart:1481:11)
#123    RenderObject.layout (package:flutter/src/rendering/object.dart:2775:7)
#124    RenderProxyBoxMixin.performLayout (package:flutter/src/rendering/proxy_box.dart:115:18)
#125    RenderObject.layout (package:flutter/src/rendering/object.dart:2775:7)
#126    RenderProxyBoxMixin.performLayout (package:flutter/src/rendering/proxy_box.dart:115:18)
#127    RenderObject.layout (package:flutter/src/rendering/object.dart:2775:7)
#128    RenderProxyBoxMixin.performLayout (package:flutter/src/rendering/proxy_box.dart:115:18)
#129    RenderObject.layout (package:flutter/src/rendering/object.dart:2775:7)
#130    RenderProxyBoxMixin.performLayout (package:flutter/src/rendering/proxy_box.dart:115:18)
#131    RenderObject.layout (package:flutter/src/rendering/object.dart:2775:7)
#132    RenderProxyBoxMixin.performLayout (package:flutter/src/rendering/proxy_box.dart:115:18)
#133    RenderObject.layout (package:flutter/src/rendering/object.dart:2775:7)
#134    RenderProxyBoxMixin.performLayout (package:flutter/src/rendering/proxy_box.dart:115:18)
#135    RenderObject.layout (package:flutter/src/rendering/object.dart:2775:7)
#136    RenderProxyBoxMixin.performLayout (package:flutter/src/rendering/proxy_box.dart:115:18)
#137    RenderObject.layout (package:flutter/src/rendering/object.dart:2775:7)
#138    RenderProxyBoxMixin.performLayout (package:flutter/src/rendering/proxy_box.dart:115:18)
#139    RenderObject.layout (package:flutter/src/rendering/object.dart:2775:7)
#140    RenderProxyBoxMixin.performLayout (package:flutter/src/rendering/proxy_box.dart:115:18)
#141    RenderObject.layout (package:flutter/src/rendering/object.dart:2775:7)
#142    RenderProxyBoxMixin.performLayout (package:flutter/src/rendering/proxy_box.dart:115:18)
#143    RenderObject.layout (package:flutter/src/rendering/object.dart:2775:7)
#144    RenderProxyBoxMixin.performLayout (package:flutter/src/rendering/proxy_box.dart:115:18)
#145    RenderObject.layout (package:flutter/src/rendering/object.dart:2775:7)
#146    RenderProxyBoxMixin.performLayout (package:flutter/src/rendering/proxy_box.dart:115:18)
#147    RenderObject.layout (package:flutter/src/rendering/object.dart:2775:7)
#148    RenderProxyBoxMixin.performLayout (package:flutter/src/rendering/proxy_box.dart:115:18)
#149    RenderObject.layout (package:flutter/src/rendering/object.dart:2775:7)
#150    RenderProxyBoxMixin.performLayout (package:flutter/src/rendering/proxy_box.dart:115:18)
#151    RenderObject.layout (package:flutter/src/rendering/object.dart:2775:7)
#152    RenderProxyBoxMixin.performLayout (package:flutter/src/rendering/proxy_box.dart:115:18)
#153    RenderObject.layout (package:flutter/src/rendering/object.dart:2775:7)
#154    RenderProxyBoxMixin.performLayout (package:flutter/src/rendering/proxy_box.dart:115:18)
#155    RenderOffstage.performLayout (package:flutter/src/rendering/proxy_box.dart:3848:13)
#156    RenderObject.layout (package:flutter/src/rendering/object.dart:2775:7)
#157    RenderProxyBoxMixin.performLayout (package:flutter/src/rendering/proxy_box.dart:115:18)
#158    RenderObject.layout (package:flutter/src/rendering/object.dart:2775:7)
#159    _RenderTheaterMixin.layoutChild (package:flutter/src/widgets/overlay.dart:1084:13)
#160    _RenderTheater.performLayout (package:flutter/src/widgets/overlay.dart:1429:9)
#161    RenderObject.layout (package:flutter/src/rendering/object.dart:2775:7)
#162    RenderProxyBoxMixin.performLayout (package:flutter/src/rendering/proxy_box.dart:115:18)
#163    RenderObject.layout (package:flutter/src/rendering/object.dart:2775:7)
#164    RenderProxyBoxMixin.performLayout (package:flutter/src/rendering/proxy_box.dart:115:18)
#165    RenderObject.layout (package:flutter/src/rendering/object.dart:2775:7)
#166    ChildLayoutHelper.layoutChild (package:flutter/src/rendering/layout_helper.dart:62:11)
#167    RenderStack._computeSize (package:flutter/src/rendering/stack.dart:645:43)
#168    RenderStack.performLayout (package:flutter/src/rendering/stack.dart:680:12)
#169    RenderObject.layout (package:flutter/src/rendering/object.dart:2775:7)
#170    RenderProxyBoxMixin.performLayout (package:flutter/src/rendering/proxy_box.dart:115:18)
#171    RenderObject.layout (package:flutter/src/rendering/object.dart:2775:7)
#172    RenderProxyBoxMixin.performLayout (package:flutter/src/rendering/proxy_box.dart:115:18)
#173    RenderObject.layout (package:flutter/src/rendering/object.dart:2775:7)
#174    RenderProxyBoxMixin.performLayout (package:flutter/src/rendering/proxy_box.dart:115:18)
#175    RenderObject.layout (package:flutter/src/rendering/object.dart:2775:7)
#176    RenderProxyBoxMixin.performLayout (package:flutter/src/rendering/proxy_box.dart:115:18)
#177    RenderObject.layout (package:flutter/src/rendering/object.dart:2775:7)
#178    RenderProxyBoxMixin.performLayout (package:flutter/src/rendering/proxy_box.dart:115:18)
#179    RenderObject.layout (package:flutter/src/rendering/object.dart:2775:7)
#180    RenderProxyBoxMixin.performLayout (package:flutter/src/rendering/proxy_box.dart:115:18)
#181    RenderObject.layout (package:flutter/src/rendering/object.dart:2775:7)
#182    RenderView.performLayout (package:flutter/src/rendering/view.dart:294:12)
#183    RenderObject._layoutWithoutResize (package:flutter/src/rendering/object.dart:2623:7)
#184    PipelineOwner.flushLayout (package:flutter/src/rendering/object.dart:1170:18)
#185    PipelineOwner.flushLayout (package:flutter/src/rendering/object.dart:1183:15)
#186    AutomatedTestWidgetsFlutterBinding.drawFrame (package:flutter_test/src/binding.dart:1508:27)
#187    RendererBinding._handlePersistentFrameCallback (package:flutter/src/rendering/binding.dart:495:5)
#188    SchedulerBinding._invokeFrameCallback (package:flutter/src/scheduler/binding.dart:1434:15)
#189    SchedulerBinding.handleDrawFrame (package:flutter/src/scheduler/binding.dart:1347:9)
#190    AutomatedTestWidgetsFlutterBinding.pump.<anonymous closure> (package:flutter_test/src/binding.dart:1335:9)
#193    TestAsyncUtils.guard (package:flutter_test/src/test_async_utils.dart:74:41)
#194    AutomatedTestWidgetsFlutterBinding.pump (package:flutter_test/src/binding.dart:1324:27)
#195    WidgetTester.pumpWidget.<anonymous closure> (package:flutter_test/src/widget_tester.dart:598:22)
#198    TestAsyncUtils.guard (package:flutter_test/src/test_async_utils.dart:74:41)
#199    WidgetTester.pumpWidget (package:flutter_test/src/widget_tester.dart:595:27)
#200    main.<anonymous closure> (file:///D:/Mystery/programming/projects/PYTHON_PROJECTS/focus/focus_gg/focus_flutter/test/widget_test.dart:19:18)
#201    testWidgets.<anonymous closure>.<anonymous closure> (package:flutter_test/src/widget_tester.dart:192:29)
<asynchronous suspension>
#202    TestWidgetsFlutterBinding._runTestBody (package:flutter_test/src/binding.dart:1059:5)
<asynchronous suspension>
<asynchronous suspension>
(elided 7 frames from class _AssertionError, dart:async, and package:stack_trace)

The following RenderObject was being processed when the exception was fired: RenderConstrainedBox#b735f relayoutBoundary=up31 NEEDS-LAYOUT NEEDS-PAINT NEEDS-COMPOSITING-BITS-UPDATE:
  creator: ConstrainedBox ΓåÉ _InputPadding ΓåÉ Semantics ΓåÉ ElevatedButton ΓåÉ CyberButton ΓåÉ Column ΓåÉ Row ΓåÉ
    Column ΓåÉ LayoutBuilder ΓåÉ Padding ΓåÉ Stack ΓåÉ Padding ΓåÉ Γï»
  parentData: offset=Offset(0.0, 0.0) (can use size)
  constraints: BoxConstraints(unconstrained)
  size: MISSING
  additionalConstraints: BoxConstraints(64.0<=w<=Infinity, 40.0<=h<=Infinity)
This RenderObject had the following descendants (showing up to depth 5):
    child: RenderPhysicalShape#1624c relayoutBoundary=up32 NEEDS-PAINT NEEDS-COMPOSITING-BITS-UPDATE
      child: RenderCustomPaint#dd74e relayoutBoundary=up33 NEEDS-PAINT NEEDS-COMPOSITING-BITS-UPDATE
        child: _RenderInkFeatures#3a619 relayoutBoundary=up34 NEEDS-PAINT NEEDS-COMPOSITING-BITS-UPDATE
          child: RenderSemanticsAnnotations#3ab62 relayoutBoundary=up35 NEEDS-PAINT NEEDS-COMPOSITING-BITS-UPDATE
            child: RenderMouseRegion#04a61 relayoutBoundary=up36 NEEDS-PAINT NEEDS-COMPOSITING-BITS-UPDATE
ΓòÉΓòÉΓòÉΓòÉΓòÉΓòÉΓòÉΓòÉΓòÉΓòÉΓòÉΓòÉΓòÉΓòÉΓòÉΓòÉΓòÉΓòÉΓòÉΓòÉΓòÉΓòÉΓòÉΓòÉΓòÉΓòÉΓòÉΓòÉΓòÉΓòÉΓòÉΓòÉΓòÉΓòÉΓòÉΓòÉΓòÉΓòÉΓòÉΓòÉΓòÉΓòÉΓòÉΓòÉΓòÉΓòÉΓòÉΓòÉΓòÉΓòÉΓòÉΓòÉΓòÉΓòÉΓòÉΓòÉΓòÉΓòÉΓòÉΓòÉΓòÉΓòÉΓòÉΓòÉΓòÉΓòÉΓòÉΓòÉΓòÉΓòÉΓòÉΓòÉΓòÉΓòÉΓòÉΓòÉΓòÉΓòÉΓòÉΓòÉΓòÉΓòÉΓòÉΓòÉΓòÉΓòÉΓòÉΓòÉΓòÉΓòÉΓòÉΓòÉΓòÉΓòÉΓòÉΓòÉΓòÉΓòÉΓòÉΓòÉ
ΓòÉΓòÉΓòí EXCEPTION CAUGHT BY RENDERING LIBRARY Γò₧ΓòÉΓòÉΓòÉΓòÉΓòÉΓòÉΓòÉΓòÉΓòÉΓòÉΓòÉΓòÉΓòÉΓòÉΓòÉΓòÉΓòÉΓòÉΓòÉΓòÉΓòÉΓòÉΓòÉΓòÉΓòÉΓòÉΓòÉΓòÉΓòÉΓòÉΓòÉΓòÉΓòÉΓòÉΓòÉΓòÉΓòÉΓòÉΓòÉΓòÉΓòÉΓòÉΓòÉΓòÉΓòÉΓòÉΓòÉΓòÉΓòÉΓòÉΓòÉΓòÉΓòÉΓòÉΓòÉΓòÉΓòÉ
The following assertion was thrown during performLayout():
RenderBox was not laid out: RenderConstrainedBox#b735f relayoutBoundary=up31 NEEDS-PAINT
NEEDS-COMPOSITING-BITS-UPDATE
'package:flutter/src/rendering/box.dart':
Failed assertion: line 2251 pos 12: 'hasSize'

Either the assertion indicates an error in the framework itself, or we should provide substantially
more information in this error message to help you determine and fix the underlying cause.
In either case, please report this assertion by filing a bug on GitHub:
  https://github.com/flutter/flutter/issues/new?template=02_bug.yml

The relevant error-causing widget was:
  ElevatedButton
  ElevatedButton:file:///D:/Mystery/programming/projects/PYTHON_PROJECTS/focus/focus_gg/focus_flutter/lib/shared/widgets/cyber_button.dart:97:12

When the exception was thrown, this was the stack:
#2      RenderBox.size (package:flutter/src/rendering/box.dart:2251:12)
#3      ChildLayoutHelper.layoutChild (package:flutter/src/rendering/layout_helper.dart:63:18)
#4      _RenderInputPadding._computeSize (package:flutter/src/material/button_style_button.dart:698:41)
#5      _RenderInputPadding.performLayout (package:flutter/src/material/button_style_button.dart:728:12)
#6      RenderObject.layout (package:flutter/src/rendering/object.dart:2775:7)
#7      RenderProxyBoxMixin.performLayout (package:flutter/src/rendering/proxy_box.dart:115:18)
#8      RenderObject.layout (package:flutter/src/rendering/object.dart:2775:7)
#9      ChildLayoutHelper.layoutChild (package:flutter/src/rendering/layout_helper.dart:62:11)
#10     RenderFlex._computeSizes (package:flutter/src/rendering/flex.dart:1161:28)
#11     RenderFlex.performLayout (package:flutter/src/rendering/flex.dart:1257:32)
#12     RenderObject.layout (package:flutter/src/rendering/object.dart:2775:7)
#13     ChildLayoutHelper.layoutChild (package:flutter/src/rendering/layout_helper.dart:62:11)
#14     RenderFlex._computeSizes (package:flutter/src/rendering/flex.dart:1161:28)
#15     RenderFlex.performLayout (package:flutter/src/rendering/flex.dart:1257:32)
#16     RenderObject.layout (package:flutter/src/rendering/object.dart:2775:7)
#17     ChildLayoutHelper.layoutChild (package:flutter/src/rendering/layout_helper.dart:62:11)
#18     RenderFlex._computeSizes (package:flutter/src/rendering/flex.dart:1161:28)
#19     RenderFlex.performLayout (package:flutter/src/rendering/flex.dart:1257:32)
#20     RenderObject.layout (package:flutter/src/rendering/object.dart:2775:7)
#21     _RenderLayoutBuilder.performLayout (package:flutter/src/widgets/layout_builder.dart:450:14)
#22     RenderObject.layout (package:flutter/src/rendering/object.dart:2775:7)
#23     RenderPadding.performLayout (package:flutter/src/rendering/shifted_box.dart:243:12)
#24     RenderObject.layout (package:flutter/src/rendering/object.dart:2775:7)
#25     ChildLayoutHelper.layoutChild (package:flutter/src/rendering/layout_helper.dart:62:11)
#26     RenderStack._computeSize (package:flutter/src/rendering/stack.dart:645:43)
#27     RenderStack.performLayout (package:flutter/src/rendering/stack.dart:680:12)
#28     RenderObject.layout (package:flutter/src/rendering/object.dart:2775:7)
#29     RenderPadding.performLayout (package:flutter/src/rendering/shifted_box.dart:243:12)
#30     RenderObject.layout (package:flutter/src/rendering/object.dart:2775:7)
#31     RenderProxyBoxMixin.performLayout (package:flutter/src/rendering/proxy_box.dart:115:18)
#32     RenderObject.layout (package:flutter/src/rendering/object.dart:2775:7)
#33     ChildLayoutHelper.layoutChild (package:flutter/src/rendering/layout_helper.dart:62:11)
#34     RenderStack._computeSize (package:flutter/src/rendering/stack.dart:645:43)
#35     RenderStack.performLayout (package:flutter/src/rendering/stack.dart:680:12)
#36     RenderObject.layout (package:flutter/src/rendering/object.dart:2775:7)
#37     RenderProxyBoxMixin.performLayout (package:flutter/src/rendering/proxy_box.dart:115:18)
#38     RenderObject.layout (package:flutter/src/rendering/object.dart:2775:7)
#39     RenderProxyBoxMixin.performLayout (package:flutter/src/rendering/proxy_box.dart:115:18)
#40     RenderObject.layout (package:flutter/src/rendering/object.dart:2775:7)
#41     ChildLayoutHelper.layoutChild (package:flutter/src/rendering/layout_helper.dart:62:11)
#42     RenderStack._computeSize (package:flutter/src/rendering/stack.dart:645:43)
#43     RenderStack.performLayout (package:flutter/src/rendering/stack.dart:680:12)
#44     RenderObject.layout (package:flutter/src/rendering/object.dart:2775:7)
#45     RenderProxyBoxMixin.performLayout (package:flutter/src/rendering/proxy_box.dart:115:18)
#46     RenderObject.layout (package:flutter/src/rendering/object.dart:2775:7)
#47     RenderProxyBoxMixin.performLayout (package:flutter/src/rendering/proxy_box.dart:115:18)
#48     RenderObject.layout (package:flutter/src/rendering/object.dart:2775:7)
#49     ChildLayoutHelper.layoutChild (package:flutter/src/rendering/layout_helper.dart:62:11)
#50     RenderFlex._computeSizes (package:flutter/src/rendering/flex.dart:1161:28)
#51     RenderFlex.performLayout (package:flutter/src/rendering/flex.dart:1257:32)
#52     RenderObject.layout (package:flutter/src/rendering/object.dart:2775:7)
#53     RenderPadding.performLayout (package:flutter/src/rendering/shifted_box.dart:243:12)
#54     RenderObject.layout (package:flutter/src/rendering/object.dart:2775:7)
#55     RenderConstrainedBox.performLayout (package:flutter/src/rendering/proxy_box.dart:293:14)
#56     RenderObject.layout (package:flutter/src/rendering/object.dart:2775:7)
#57     RenderPositionedBox.performLayout (package:flutter/src/rendering/shifted_box.dart:465:14)
#58     RenderObject.layout (package:flutter/src/rendering/object.dart:2775:7)
#59     RenderPadding.performLayout (package:flutter/src/rendering/shifted_box.dart:243:12)
#60     RenderObject.layout (package:flutter/src/rendering/object.dart:2775:7)
#61     _RenderSingleChildViewport.performLayout (package:flutter/src/widgets/single_child_scroll_view.dart:502:14)
#62     RenderObject.layout (package:flutter/src/rendering/object.dart:2775:7)
#63     RenderProxyBoxMixin.performLayout (package:flutter/src/rendering/proxy_box.dart:115:18)
#64     RenderObject.layout (package:flutter/src/rendering/object.dart:2775:7)
#65     RenderProxyBoxMixin.performLayout (package:flutter/src/rendering/proxy_box.dart:115:18)
#66     RenderObject.layout (package:flutter/src/rendering/object.dart:2775:7)
#67     RenderProxyBoxMixin.performLayout (package:flutter/src/rendering/proxy_box.dart:115:18)
#68     RenderObject.layout (package:flutter/src/rendering/object.dart:2775:7)
#69     RenderProxyBoxMixin.performLayout (package:flutter/src/rendering/proxy_box.dart:115:18)
#70     RenderObject.layout (package:flutter/src/rendering/object.dart:2775:7)
#71     RenderProxyBoxMixin.performLayout (package:flutter/src/rendering/proxy_box.dart:115:18)
#72     RenderObject.layout (package:flutter/src/rendering/object.dart:2775:7)
#73     RenderProxyBoxMixin.performLayout (package:flutter/src/rendering/proxy_box.dart:115:18)
#74     RenderObject.layout (package:flutter/src/rendering/object.dart:2775:7)
#75     RenderProxyBoxMixin.performLayout (package:flutter/src/rendering/proxy_box.dart:115:18)
#76     RenderObject.layout (package:flutter/src/rendering/object.dart:2775:7)
#77     RenderProxyBoxMixin.performLayout (package:flutter/src/rendering/proxy_box.dart:115:18)
#78     _RenderCustomClip.performLayout (package:flutter/src/rendering/proxy_box.dart:1481:11)
#79     RenderObject.layout (package:flutter/src/rendering/object.dart:2775:7)
#80     MultiChildLayoutDelegate.layoutChild (package:flutter/src/rendering/custom_layout.dart:180:12)
#81     _ScaffoldLayout.performLayout (package:flutter/src/material/scaffold.dart:1112:7)
#82     MultiChildLayoutDelegate._callPerformLayout (package:flutter/src/rendering/custom_layout.dart:249:7)
#83     RenderCustomMultiChildLayoutBox.performLayout (package:flutter/src/rendering/custom_layout.dart:420:14)
#84     RenderObject.layout (package:flutter/src/rendering/object.dart:2775:7)
#85     RenderProxyBoxMixin.performLayout (package:flutter/src/rendering/proxy_box.dart:115:18)
#86     RenderObject.layout (package:flutter/src/rendering/object.dart:2775:7)
#87     RenderProxyBoxMixin.performLayout (package:flutter/src/rendering/proxy_box.dart:115:18)
#88     _RenderCustomClip.performLayout (package:flutter/src/rendering/proxy_box.dart:1481:11)
#89     RenderObject.layout (package:flutter/src/rendering/object.dart:2775:7)
#90     RenderProxyBoxMixin.performLayout (package:flutter/src/rendering/proxy_box.dart:115:18)
#91     RenderObject.layout (package:flutter/src/rendering/object.dart:2775:7)
#92     RenderProxyBoxMixin.performLayout (package:flutter/src/rendering/proxy_box.dart:115:18)
#93     RenderObject.layout (package:flutter/src/rendering/object.dart:2775:7)
#94     RenderProxyBoxMixin.performLayout (package:flutter/src/rendering/proxy_box.dart:115:18)
#95     RenderObject.layout (package:flutter/src/rendering/object.dart:2775:7)
#96     RenderProxyBoxMixin.performLayout (package:flutter/src/rendering/proxy_box.dart:115:18)
#97     RenderObject.layout (package:flutter/src/rendering/object.dart:2775:7)
#98     RenderProxyBoxMixin.performLayout (package:flutter/src/rendering/proxy_box.dart:115:18)
#99     RenderObject.layout (package:flutter/src/rendering/object.dart:2775:7)
#100    RenderProxyBoxMixin.performLayout (package:flutter/src/rendering/proxy_box.dart:115:18)
#101    RenderOffstage.performLayout (package:flutter/src/rendering/proxy_box.dart:3848:13)
#102    RenderObject.layout (package:flutter/src/rendering/object.dart:2775:7)
#103    RenderProxyBoxMixin.performLayout (package:flutter/src/rendering/proxy_box.dart:115:18)
#104    RenderObject.layout (package:flutter/src/rendering/object.dart:2775:7)
#105    _RenderTheaterMixin.layoutChild (package:flutter/src/widgets/overlay.dart:1084:13)
#106    _RenderTheater.performLayout (package:flutter/src/widgets/overlay.dart:1429:9)
#107    RenderObject.layout (package:flutter/src/rendering/object.dart:2775:7)
#108    RenderProxyBoxMixin.performLayout (package:flutter/src/rendering/proxy_box.dart:115:18)
#109    RenderObject.layout (package:flutter/src/rendering/object.dart:2775:7)
#110    RenderProxyBoxMixin.performLayout (package:flutter/src/rendering/proxy_box.dart:115:18)
#111    RenderObject.layout (package:flutter/src/rendering/object.dart:2775:7)
#112    MultiChildLayoutDelegate.layoutChild (package:flutter/src/rendering/custom_layout.dart:180:12)
#113    _ScaffoldLayout.performLayout (package:flutter/src/material/scaffold.dart:1112:7)
#114    MultiChildLayoutDelegate._callPerformLayout (package:flutter/src/rendering/custom_layout.dart:249:7)
#115    RenderCustomMultiChildLayoutBox.performLayout (package:flutter/src/rendering/custom_layout.dart:420:14)
#116    RenderObject.layout (package:flutter/src/rendering/object.dart:2775:7)
#117    RenderProxyBoxMixin.performLayout (package:flutter/src/rendering/proxy_box.dart:115:18)
#118    RenderObject.layout (package:flutter/src/rendering/object.dart:2775:7)
#119    RenderProxyBoxMixin.performLayout (package:flutter/src/rendering/proxy_box.dart:115:18)
#120    _RenderCustomClip.performLayout (package:flutter/src/rendering/proxy_box.dart:1481:11)
#121    RenderObject.layout (package:flutter/src/rendering/object.dart:2775:7)
#122    RenderProxyBoxMixin.performLayout (package:flutter/src/rendering/proxy_box.dart:115:18)
#123    RenderObject.layout (package:flutter/src/rendering/object.dart:2775:7)
#124    RenderProxyBoxMixin.performLayout (package:flutter/src/rendering/proxy_box.dart:115:18)
#125    RenderObject.layout (package:flutter/src/rendering/object.dart:2775:7)
#126    RenderProxyBoxMixin.performLayout (package:flutter/src/rendering/proxy_box.dart:115:18)
#127    RenderObject.layout (package:flutter/src/rendering/object.dart:2775:7)
#128    RenderProxyBoxMixin.performLayout (package:flutter/src/rendering/proxy_box.dart:115:18)
#129    RenderObject.layout (package:flutter/src/rendering/object.dart:2775:7)
#130    RenderProxyBoxMixin.performLayout (package:flutter/src/rendering/proxy_box.dart:115:18)
#131    RenderObject.layout (package:flutter/src/rendering/object.dart:2775:7)
#132    RenderProxyBoxMixin.performLayout (package:flutter/src/rendering/proxy_box.dart:115:18)
#133    RenderObject.layout (package:flutter/src/rendering/object.dart:2775:7)
#134    RenderProxyBoxMixin.performLayout (package:flutter/src/rendering/proxy_box.dart:115:18)
#135    RenderObject.layout (package:flutter/src/rendering/object.dart:2775:7)
#136    RenderProxyBoxMixin.performLayout (package:flutter/src/rendering/proxy_box.dart:115:18)
#137    RenderObject.layout (package:flutter/src/rendering/object.dart:2775:7)
#138    RenderProxyBoxMixin.performLayout (package:flutter/src/rendering/proxy_box.dart:115:18)
#139    RenderObject.layout (package:flutter/src/rendering/object.dart:2775:7)
#140    RenderProxyBoxMixin.performLayout (package:flutter/src/rendering/proxy_box.dart:115:18)
#141    RenderObject.layout (package:flutter/src/rendering/object.dart:2775:7)
#142    RenderProxyBoxMixin.performLayout (package:flutter/src/rendering/proxy_box.dart:115:18)
#143    RenderObject.layout (package:flutter/src/rendering/object.dart:2775:7)
#144    RenderProxyBoxMixin.performLayout (package:flutter/src/rendering/proxy_box.dart:115:18)
#145    RenderObject.layout (package:flutter/src/rendering/object.dart:2775:7)
#146    RenderProxyBoxMixin.performLayout (package:flutter/src/rendering/proxy_box.dart:115:18)
#147    RenderObject.layout (package:flutter/src/rendering/object.dart:2775:7)
#148    RenderProxyBoxMixin.performLayout (package:flutter/src/rendering/proxy_box.dart:115:18)
#149    RenderObject.layout (package:flutter/src/rendering/object.dart:2775:7)
#150    RenderProxyBoxMixin.performLayout (package:flutter/src/rendering/proxy_box.dart:115:18)
#151    RenderObject.layout (package:flutter/src/rendering/object.dart:2775:7)
#152    RenderProxyBoxMixin.performLayout (package:flutter/src/rendering/proxy_box.dart:115:18)
#153    RenderOffstage.performLayout (package:flutter/src/rendering/proxy_box.dart:3848:13)
#154    RenderObject.layout (package:flutter/src/rendering/object.dart:2775:7)
#155    RenderProxyBoxMixin.performLayout (package:flutter/src/rendering/proxy_box.dart:115:18)
#156    RenderObject.layout (package:flutter/src/rendering/object.dart:2775:7)
#157    _RenderTheaterMixin.layoutChild (package:flutter/src/widgets/overlay.dart:1084:13)
#158    _RenderTheater.performLayout (package:flutter/src/widgets/overlay.dart:1429:9)
#159    RenderObject.layout (package:flutter/src/rendering/object.dart:2775:7)
#160    RenderProxyBoxMixin.performLayout (package:flutter/src/rendering/proxy_box.dart:115:18)
#161    RenderObject.layout (package:flutter/src/rendering/object.dart:2775:7)
#162    RenderProxyBoxMixin.performLayout (package:flutter/src/rendering/proxy_box.dart:115:18)
#163    RenderObject.layout (package:flutter/src/rendering/object.dart:2775:7)
#164    ChildLayoutHelper.layoutChild (package:flutter/src/rendering/layout_helper.dart:62:11)
#165    RenderStack._computeSize (package:flutter/src/rendering/stack.dart:645:43)
#166    RenderStack.performLayout (package:flutter/src/rendering/stack.dart:680:12)
#167    RenderObject.layout (package:flutter/src/rendering/object.dart:2775:7)
#168    RenderProxyBoxMixin.performLayout (package:flutter/src/rendering/proxy_box.dart:115:18)
#169    RenderObject.layout (package:flutter/src/rendering/object.dart:2775:7)
#170    RenderProxyBoxMixin.performLayout (package:flutter/src/rendering/proxy_box.dart:115:18)
#171    RenderObject.layout (package:flutter/src/rendering/object.dart:2775:7)
#172    RenderProxyBoxMixin.performLayout (package:flutter/src/rendering/proxy_box.dart:115:18)
#173    RenderObject.layout (package:flutter/src/rendering/object.dart:2775:7)
#174    RenderProxyBoxMixin.performLayout (package:flutter/src/rendering/proxy_box.dart:115:18)
#175    RenderObject.layout (package:flutter/src/rendering/object.dart:2775:7)
#176    RenderProxyBoxMixin.performLayout (package:flutter/src/rendering/proxy_box.dart:115:18)
#177    RenderObject.layout (package:flutter/src/rendering/object.dart:2775:7)
#178    RenderProxyBoxMixin.performLayout (package:flutter/src/rendering/proxy_box.dart:115:18)
#179    RenderObject.layout (package:flutter/src/rendering/object.dart:2775:7)
#180    RenderView.performLayout (package:flutter/src/rendering/view.dart:294:12)
#181    RenderObject._layoutWithoutResize (package:flutter/src/rendering/object.dart:2623:7)
#182    PipelineOwner.flushLayout (package:flutter/src/rendering/object.dart:1170:18)
#183    PipelineOwner.flushLayout (package:flutter/src/rendering/object.dart:1183:15)
#184    AutomatedTestWidgetsFlutterBinding.drawFrame (package:flutter_test/src/binding.dart:1508:27)
#185    RendererBinding._handlePersistentFrameCallback (package:flutter/src/rendering/binding.dart:495:5)
#186    SchedulerBinding._invokeFrameCallback (package:flutter/src/scheduler/binding.dart:1434:15)
#187    SchedulerBinding.handleDrawFrame (package:flutter/src/scheduler/binding.dart:1347:9)
#188    AutomatedTestWidgetsFlutterBinding.pump.<anonymous closure> (package:flutter_test/src/binding.dart:1335:9)
#191    TestAsyncUtils.guard (package:flutter_test/src/test_async_utils.dart:74:41)
#192    AutomatedTestWidgetsFlutterBinding.pump (package:flutter_test/src/binding.dart:1324:27)
#193    WidgetTester.pumpWidget.<anonymous closure> (package:flutter_test/src/widget_tester.dart:598:22)
#196    TestAsyncUtils.guard (package:flutter_test/src/test_async_utils.dart:74:41)
#197    WidgetTester.pumpWidget (package:flutter_test/src/widget_tester.dart:595:27)
#198    main.<anonymous closure> (file:///D:/Mystery/programming/projects/PYTHON_PROJECTS/focus/focus_gg/focus_flutter/test/widget_test.dart:19:18)
#199    testWidgets.<anonymous closure>.<anonymous closure> (package:flutter_test/src/widget_tester.dart:192:29)
<asynchronous suspension>
#200    TestWidgetsFlutterBinding._runTestBody (package:flutter_test/src/binding.dart:1059:5)
<asynchronous suspension>
<asynchronous suspension>
(elided 7 frames from class _AssertionError, dart:async, and package:stack_trace)

The following RenderObject was being processed when the exception was fired: _RenderInputPadding#7dc08 relayoutBoundary=up30 NEEDS-LAYOUT NEEDS-PAINT NEEDS-COMPOSITING-BITS-UPDATE:
  creator: _InputPadding ΓåÉ Semantics ΓåÉ ElevatedButton ΓåÉ CyberButton ΓåÉ Column ΓåÉ Row ΓåÉ Column ΓåÉ
    LayoutBuilder ΓåÉ Padding ΓåÉ Stack ΓåÉ Padding ΓåÉ DecoratedBox ΓåÉ Γï»
  parentData: <none> (can use size)
  constraints: BoxConstraints(unconstrained)
  size: MISSING
This RenderObject had the following descendants (showing up to depth 5):
    child: RenderConstrainedBox#b735f relayoutBoundary=up31 NEEDS-PAINT NEEDS-COMPOSITING-BITS-UPDATE
      child: RenderPhysicalShape#1624c relayoutBoundary=up32 NEEDS-PAINT NEEDS-COMPOSITING-BITS-UPDATE
        child: RenderCustomPaint#dd74e relayoutBoundary=up33 NEEDS-PAINT NEEDS-COMPOSITING-BITS-UPDATE
          child: _RenderInkFeatures#3a619 relayoutBoundary=up34 NEEDS-PAINT NEEDS-COMPOSITING-BITS-UPDATE
            child: RenderSemanticsAnnotations#3ab62 relayoutBoundary=up35 NEEDS-PAINT NEEDS-COMPOSITING-BITS-UPDATE
ΓòÉΓòÉΓòÉΓòÉΓòÉΓòÉΓòÉΓòÉΓòÉΓòÉΓòÉΓòÉΓòÉΓòÉΓòÉΓòÉΓòÉΓòÉΓòÉΓòÉΓòÉΓòÉΓòÉΓòÉΓòÉΓòÉΓòÉΓòÉΓòÉΓòÉΓòÉΓòÉΓòÉΓòÉΓòÉΓòÉΓòÉΓòÉΓòÉΓòÉΓòÉΓòÉΓòÉΓòÉΓòÉΓòÉΓòÉΓòÉΓòÉΓòÉΓòÉΓòÉΓòÉΓòÉΓòÉΓòÉΓòÉΓòÉΓòÉΓòÉΓòÉΓòÉΓòÉΓòÉΓòÉΓòÉΓòÉΓòÉΓòÉΓòÉΓòÉΓòÉΓòÉΓòÉΓòÉΓòÉΓòÉΓòÉΓòÉΓòÉΓòÉΓòÉΓòÉΓòÉΓòÉΓòÉΓòÉΓòÉΓòÉΓòÉΓòÉΓòÉΓòÉΓòÉΓòÉΓòÉΓòÉΓòÉΓòÉΓòÉ
ΓòÉΓòÉΓòí EXCEPTION CAUGHT BY RENDERING LIBRARY Γò₧ΓòÉΓòÉΓòÉΓòÉΓòÉΓòÉΓòÉΓòÉΓòÉΓòÉΓòÉΓòÉΓòÉΓòÉΓòÉΓòÉΓòÉΓòÉΓòÉΓòÉΓòÉΓòÉΓòÉΓòÉΓòÉΓòÉΓòÉΓòÉΓòÉΓòÉΓòÉΓòÉΓòÉΓòÉΓòÉΓòÉΓòÉΓòÉΓòÉΓòÉΓòÉΓòÉΓòÉΓòÉΓòÉΓòÉΓòÉΓòÉΓòÉΓòÉΓòÉΓòÉΓòÉΓòÉΓòÉΓòÉΓòÉ
The following assertion was thrown during performLayout():
RenderBox was not laid out: _RenderInputPadding#7dc08 relayoutBoundary=up30 NEEDS-PAINT
NEEDS-COMPOSITING-BITS-UPDATE
'package:flutter/src/rendering/box.dart':
Failed assertion: line 2251 pos 12: 'hasSize'

Either the assertion indicates an error in the framework itself, or we should provide substantially
more information in this error message to help you determine and fix the underlying cause.
In either case, please report this assertion by filing a bug on GitHub:
  https://github.com/flutter/flutter/issues/new?template=02_bug.yml

The relevant error-causing widget was:
  ElevatedButton
  ElevatedButton:file:///D:/Mystery/programming/projects/PYTHON_PROJECTS/focus/focus_gg/focus_flutter/lib/shared/widgets/cyber_button.dart:97:12

When the exception was thrown, this was the stack:
#2      RenderBox.size (package:flutter/src/rendering/box.dart:2251:12)
#3      RenderProxyBoxMixin.performLayout (package:flutter/src/rendering/proxy_box.dart:115:62)
#4      RenderObject.layout (package:flutter/src/rendering/object.dart:2775:7)
#5      ChildLayoutHelper.layoutChild (package:flutter/src/rendering/layout_helper.dart:62:11)
#6      RenderFlex._computeSizes (package:flutter/src/rendering/flex.dart:1161:28)
#7      RenderFlex.performLayout (package:flutter/src/rendering/flex.dart:1257:32)
#8      RenderObject.layout (package:flutter/src/rendering/object.dart:2775:7)
#9      ChildLayoutHelper.layoutChild (package:flutter/src/rendering/layout_helper.dart:62:11)
#10     RenderFlex._computeSizes (package:flutter/src/rendering/flex.dart:1161:28)
#11     RenderFlex.performLayout (package:flutter/src/rendering/flex.dart:1257:32)
#12     RenderObject.layout (package:flutter/src/rendering/object.dart:2775:7)
#13     ChildLayoutHelper.layoutChild (package:flutter/src/rendering/layout_helper.dart:62:11)
#14     RenderFlex._computeSizes (package:flutter/src/rendering/flex.dart:1161:28)
#15     RenderFlex.performLayout (package:flutter/src/rendering/flex.dart:1257:32)
#16     RenderObject.layout (package:flutter/src/rendering/object.dart:2775:7)
#17     _RenderLayoutBuilder.performLayout (package:flutter/src/widgets/layout_builder.dart:450:14)
#18     RenderObject.layout (package:flutter/src/rendering/object.dart:2775:7)
#19     RenderPadding.performLayout (package:flutter/src/rendering/shifted_box.dart:243:12)
#20     RenderObject.layout (package:flutter/src/rendering/object.dart:2775:7)
#21     ChildLayoutHelper.layoutChild (package:flutter/src/rendering/layout_helper.dart:62:11)
#22     RenderStack._computeSize (package:flutter/src/rendering/stack.dart:645:43)
#23     RenderStack.performLayout (package:flutter/src/rendering/stack.dart:680:12)
#24     RenderObject.layout (package:flutter/src/rendering/object.dart:2775:7)
#25     RenderPadding.performLayout (package:flutter/src/rendering/shifted_box.dart:243:12)
#26     RenderObject.layout (package:flutter/src/rendering/object.dart:2775:7)
#27     RenderProxyBoxMixin.performLayout (package:flutter/src/rendering/proxy_box.dart:115:18)
#28     RenderObject.layout (package:flutter/src/rendering/object.dart:2775:7)
#29     ChildLayoutHelper.layoutChild (package:flutter/src/rendering/layout_helper.dart:62:11)
#30     RenderStack._computeSize (package:flutter/src/rendering/stack.dart:645:43)
#31     RenderStack.performLayout (package:flutter/src/rendering/stack.dart:680:12)
#32     RenderObject.layout (package:flutter/src/rendering/object.dart:2775:7)
#33     RenderProxyBoxMixin.performLayout (package:flutter/src/rendering/proxy_box.dart:115:18)
#34     RenderObject.layout (package:flutter/src/rendering/object.dart:2775:7)
#35     RenderProxyBoxMixin.performLayout (package:flutter/src/rendering/proxy_box.dart:115:18)
#36     RenderObject.layout (package:flutter/src/rendering/object.dart:2775:7)
#37     ChildLayoutHelper.layoutChild (package:flutter/src/rendering/layout_helper.dart:62:11)
#38     RenderStack._computeSize (package:flutter/src/rendering/stack.dart:645:43)
#39     RenderStack.performLayout (package:flutter/src/rendering/stack.dart:680:12)
#40     RenderObject.layout (package:flutter/src/rendering/object.dart:2775:7)
#41     RenderProxyBoxMixin.performLayout (package:flutter/src/rendering/proxy_box.dart:115:18)
#42     RenderObject.layout (package:flutter/src/rendering/object.dart:2775:7)
#43     RenderProxyBoxMixin.performLayout (package:flutter/src/rendering/proxy_box.dart:115:18)
#44     RenderObject.layout (package:flutter/src/rendering/object.dart:2775:7)
#45     ChildLayoutHelper.layoutChild (package:flutter/src/rendering/layout_helper.dart:62:11)
#46     RenderFlex._computeSizes (package:flutter/src/rendering/flex.dart:1161:28)
#47     RenderFlex.performLayout (package:flutter/src/rendering/flex.dart:1257:32)
#48     RenderObject.layout (package:flutter/src/rendering/object.dart:2775:7)
#49     RenderPadding.performLayout (package:flutter/src/rendering/shifted_box.dart:243:12)
#50     RenderObject.layout (package:flutter/src/rendering/object.dart:2775:7)
#51     RenderConstrainedBox.performLayout (package:flutter/src/rendering/proxy_box.dart:293:14)
#52     RenderObject.layout (package:flutter/src/rendering/object.dart:2775:7)
#53     RenderPositionedBox.performLayout (package:flutter/src/rendering/shifted_box.dart:465:14)
#54     RenderObject.layout (package:flutter/src/rendering/object.dart:2775:7)
#55     RenderPadding.performLayout (package:flutter/src/rendering/shifted_box.dart:243:12)
#56     RenderObject.layout (package:flutter/src/rendering/object.dart:2775:7)
#57     _RenderSingleChildViewport.performLayout (package:flutter/src/widgets/single_child_scroll_view.dart:502:14)
#58     RenderObject.layout (package:flutter/src/rendering/object.dart:2775:7)
#59     RenderProxyBoxMixin.performLayout (package:flutter/src/rendering/proxy_box.dart:115:18)
#60     RenderObject.layout (package:flutter/src/rendering/object.dart:2775:7)
#61     RenderProxyBoxMixin.performLayout (package:flutter/src/rendering/proxy_box.dart:115:18)
#62     RenderObject.layout (package:flutter/src/rendering/object.dart:2775:7)
#63     RenderProxyBoxMixin.performLayout (package:flutter/src/rendering/proxy_box.dart:115:18)
#64     RenderObject.layout (package:flutter/src/rendering/object.dart:2775:7)
#65     RenderProxyBoxMixin.performLayout (package:flutter/src/rendering/proxy_box.dart:115:18)
#66     RenderObject.layout (package:flutter/src/rendering/object.dart:2775:7)
#67     RenderProxyBoxMixin.performLayout (package:flutter/src/rendering/proxy_box.dart:115:18)
#68     RenderObject.layout (package:flutter/src/rendering/object.dart:2775:7)
#69     RenderProxyBoxMixin.performLayout (package:flutter/src/rendering/proxy_box.dart:115:18)
#70     RenderObject.layout (package:flutter/src/rendering/object.dart:2775:7)
#71     RenderProxyBoxMixin.performLayout (package:flutter/src/rendering/proxy_box.dart:115:18)
#72     RenderObject.layout (package:flutter/src/rendering/object.dart:2775:7)
#73     RenderProxyBoxMixin.performLayout (package:flutter/src/rendering/proxy_box.dart:115:18)
#74     _RenderCustomClip.performLayout (package:flutter/src/rendering/proxy_box.dart:1481:11)
#75     RenderObject.layout (package:flutter/src/rendering/object.dart:2775:7)
#76     MultiChildLayoutDelegate.layoutChild (package:flutter/src/rendering/custom_layout.dart:180:12)
#77     _ScaffoldLayout.performLayout (package:flutter/src/material/scaffold.dart:1112:7)
#78     MultiChildLayoutDelegate._callPerformLayout (package:flutter/src/rendering/custom_layout.dart:249:7)
#79     RenderCustomMultiChildLayoutBox.performLayout (package:flutter/src/rendering/custom_layout.dart:420:14)
#80     RenderObject.layout (package:flutter/src/rendering/object.dart:2775:7)
#81     RenderProxyBoxMixin.performLayout (package:flutter/src/rendering/proxy_box.dart:115:18)
#82     RenderObject.layout (package:flutter/src/rendering/object.dart:2775:7)
#83     RenderProxyBoxMixin.performLayout (package:flutter/src/rendering/proxy_box.dart:115:18)
#84     _RenderCustomClip.performLayout (package:flutter/src/rendering/proxy_box.dart:1481:11)
#85     RenderObject.layout (package:flutter/src/rendering/object.dart:2775:7)
#86     RenderProxyBoxMixin.performLayout (package:flutter/src/rendering/proxy_box.dart:115:18)
#87     RenderObject.layout (package:flutter/src/rendering/object.dart:2775:7)
#88     RenderProxyBoxMixin.performLayout (package:flutter/src/rendering/proxy_box.dart:115:18)
#89     RenderObject.layout (package:flutter/src/rendering/object.dart:2775:7)
#90     RenderProxyBoxMixin.performLayout (package:flutter/src/rendering/proxy_box.dart:115:18)
#91     RenderObject.layout (package:flutter/src/rendering/object.dart:2775:7)
#92     RenderProxyBoxMixin.performLayout (package:flutter/src/rendering/proxy_box.dart:115:18)
#93     RenderObject.layout (package:flutter/src/rendering/object.dart:2775:7)
#94     RenderProxyBoxMixin.performLayout (package:flutter/src/rendering/proxy_box.dart:115:18)
#95     RenderObject.layout (package:flutter/src/rendering/object.dart:2775:7)
#96     RenderProxyBoxMixin.performLayout (package:flutter/src/rendering/proxy_box.dart:115:18)
#97     RenderOffstage.performLayout (package:flutter/src/rendering/proxy_box.dart:3848:13)
#98     RenderObject.layout (package:flutter/src/rendering/object.dart:2775:7)
#99     RenderProxyBoxMixin.performLayout (package:flutter/src/rendering/proxy_box.dart:115:18)
#100    RenderObject.layout (package:flutter/src/rendering/object.dart:2775:7)
#101    _RenderTheaterMixin.layoutChild (package:flutter/src/widgets/overlay.dart:1084:13)
#102    _RenderTheater.performLayout (package:flutter/src/widgets/overlay.dart:1429:9)
#103    RenderObject.layout (package:flutter/src/rendering/object.dart:2775:7)
#104    RenderProxyBoxMixin.performLayout (package:flutter/src/rendering/proxy_box.dart:115:18)
#105    RenderObject.layout (package:flutter/src/rendering/object.dart:2775:7)
#106    RenderProxyBoxMixin.performLayout (package:flutter/src/rendering/proxy_box.dart:115:18)
#107    RenderObject.layout (package:flutter/src/rendering/object.dart:2775:7)
#108    MultiChildLayoutDelegate.layoutChild (package:flutter/src/rendering/custom_layout.dart:180:12)
#109    _ScaffoldLayout.performLayout (package:flutter/src/material/scaffold.dart:1112:7)
#110    MultiChildLayoutDelegate._callPerformLayout (package:flutter/src/rendering/custom_layout.dart:249:7)
#111    RenderCustomMultiChildLayoutBox.performLayout (package:flutter/src/rendering/custom_layout.dart:420:14)
#112    RenderObject.layout (package:flutter/src/rendering/object.dart:2775:7)
#113    RenderProxyBoxMixin.performLayout (package:flutter/src/rendering/proxy_box.dart:115:18)
#114    RenderObject.layout (package:flutter/src/rendering/object.dart:2775:7)
#115    RenderProxyBoxMixin.performLayout (package:flutter/src/rendering/proxy_box.dart:115:18)
#116    _RenderCustomClip.performLayout (package:flutter/src/rendering/proxy_box.dart:1481:11)
#117    RenderObject.layout (package:flutter/src/rendering/object.dart:2775:7)
#118    RenderProxyBoxMixin.performLayout (package:flutter/src/rendering/proxy_box.dart:115:18)
#119    RenderObject.layout (package:flutter/src/rendering/object.dart:2775:7)
#120    RenderProxyBoxMixin.performLayout (package:flutter/src/rendering/proxy_box.dart:115:18)
#121    RenderObject.layout (package:flutter/src/rendering/object.dart:2775:7)
#122    RenderProxyBoxMixin.performLayout (package:flutter/src/rendering/proxy_box.dart:115:18)
#123    RenderObject.layout (package:flutter/src/rendering/object.dart:2775:7)
#124    RenderProxyBoxMixin.performLayout (package:flutter/src/rendering/proxy_box.dart:115:18)
#125    RenderObject.layout (package:flutter/src/rendering/object.dart:2775:7)
#126    RenderProxyBoxMixin.performLayout (package:flutter/src/rendering/proxy_box.dart:115:18)
#127    RenderObject.layout (package:flutter/src/rendering/object.dart:2775:7)
#128    RenderProxyBoxMixin.performLayout (package:flutter/src/rendering/proxy_box.dart:115:18)
#129    RenderObject.layout (package:flutter/src/rendering/object.dart:2775:7)
#130    RenderProxyBoxMixin.performLayout (package:flutter/src/rendering/proxy_box.dart:115:18)
#131    RenderObject.layout (package:flutter/src/rendering/object.dart:2775:7)
#132    RenderProxyBoxMixin.performLayout (package:flutter/src/rendering/proxy_box.dart:115:18)
#133    RenderObject.layout (package:flutter/src/rendering/object.dart:2775:7)
#134    RenderProxyBoxMixin.performLayout (package:flutter/src/rendering/proxy_box.dart:115:18)
#135    RenderObject.layout (package:flutter/src/rendering/object.dart:2775:7)
#136    RenderProxyBoxMixin.performLayout (package:flutter/src/rendering/proxy_box.dart:115:18)
#137    RenderObject.layout (package:flutter/src/rendering/object.dart:2775:7)
#138    RenderProxyBoxMixin.performLayout (package:flutter/src/rendering/proxy_box.dart:115:18)
#139    RenderObject.layout (package:flutter/src/rendering/object.dart:2775:7)
#140    RenderProxyBoxMixin.performLayout (package:flutter/src/rendering/proxy_box.dart:115:18)
#141    RenderObject.layout (package:flutter/src/rendering/object.dart:2775:7)
#142    RenderProxyBoxMixin.performLayout (package:flutter/src/rendering/proxy_box.dart:115:18)
#143    RenderObject.layout (package:flutter/src/rendering/object.dart:2775:7)
#144    RenderProxyBoxMixin.performLayout (package:flutter/src/rendering/proxy_box.dart:115:18)
#145    RenderObject.layout (package:flutter/src/rendering/object.dart:2775:7)
#146    RenderProxyBoxMixin.performLayout (package:flutter/src/rendering/proxy_box.dart:115:18)
#147    RenderObject.layout (package:flutter/src/rendering/object.dart:2775:7)
#148    RenderProxyBoxMixin.performLayout (package:flutter/src/rendering/proxy_box.dart:115:18)
#149    RenderOffstage.performLayout (package:flutter/src/rendering/proxy_box.dart:3848:13)
#150    RenderObject.layout (package:flutter/src/rendering/object.dart:2775:7)
#151    RenderProxyBoxMixin.performLayout (package:flutter/src/rendering/proxy_box.dart:115:18)
#152    RenderObject.layout (package:flutter/src/rendering/object.dart:2775:7)
#153    _RenderTheaterMixin.layoutChild (package:flutter/src/widgets/overlay.dart:1084:13)
#154    _RenderTheater.performLayout (package:flutter/src/widgets/overlay.dart:1429:9)
#155    RenderObject.layout (package:flutter/src/rendering/object.dart:2775:7)
#156    RenderProxyBoxMixin.performLayout (package:flutter/src/rendering/proxy_box.dart:115:18)
#157    RenderObject.layout (package:flutter/src/rendering/object.dart:2775:7)
#158    RenderProxyBoxMixin.performLayout (package:flutter/src/rendering/proxy_box.dart:115:18)
#159    RenderObject.layout (package:flutter/src/rendering/object.dart:2775:7)
#160    ChildLayoutHelper.layoutChild (package:flutter/src/rendering/layout_helper.dart:62:11)
#161    RenderStack._computeSize (package:flutter/src/rendering/stack.dart:645:43)
#162    RenderStack.performLayout (package:flutter/src/rendering/stack.dart:680:12)
#163    RenderObject.layout (package:flutter/src/rendering/object.dart:2775:7)
#164    RenderProxyBoxMixin.performLayout (package:flutter/src/rendering/proxy_box.dart:115:18)
#165    RenderObject.layout (package:flutter/src/rendering/object.dart:2775:7)
#166    RenderProxyBoxMixin.performLayout (package:flutter/src/rendering/proxy_box.dart:115:18)
#167    RenderObject.layout (package:flutter/src/rendering/object.dart:2775:7)
#168    RenderProxyBoxMixin.performLayout (package:flutter/src/rendering/proxy_box.dart:115:18)
#169    RenderObject.layout (package:flutter/src/rendering/object.dart:2775:7)
#170    RenderProxyBoxMixin.performLayout (package:flutter/src/rendering/proxy_box.dart:115:18)
#171    RenderObject.layout (package:flutter/src/rendering/object.dart:2775:7)
#172    RenderProxyBoxMixin.performLayout (package:flutter/src/rendering/proxy_box.dart:115:18)
#173    RenderObject.layout (package:flutter/src/rendering/object.dart:2775:7)
#174    RenderProxyBoxMixin.performLayout (package:flutter/src/rendering/proxy_box.dart:115:18)
#175    RenderObject.layout (package:flutter/src/rendering/object.dart:2775:7)
#176    RenderView.performLayout (package:flutter/src/rendering/view.dart:294:12)
#177    RenderObject._layoutWithoutResize (package:flutter/src/rendering/object.dart:2623:7)
#178    PipelineOwner.flushLayout (package:flutter/src/rendering/object.dart:1170:18)
#179    PipelineOwner.flushLayout (package:flutter/src/rendering/object.dart:1183:15)
#180    AutomatedTestWidgetsFlutterBinding.drawFrame (package:flutter_test/src/binding.dart:1508:27)
#181    RendererBinding._handlePersistentFrameCallback (package:flutter/src/rendering/binding.dart:495:5)
#182    SchedulerBinding._invokeFrameCallback (package:flutter/src/scheduler/binding.dart:1434:15)
#183    SchedulerBinding.handleDrawFrame (package:flutter/src/scheduler/binding.dart:1347:9)
#184    AutomatedTestWidgetsFlutterBinding.pump.<anonymous closure> (package:flutter_test/src/binding.dart:1335:9)
#187    TestAsyncUtils.guard (package:flutter_test/src/test_async_utils.dart:74:41)
#188    AutomatedTestWidgetsFlutterBinding.pump (package:flutter_test/src/binding.dart:1324:27)
#189    WidgetTester.pumpWidget.<anonymous closure> (package:flutter_test/src/widget_tester.dart:598:22)
#192    TestAsyncUtils.guard (package:flutter_test/src/test_async_utils.dart:74:41)
#193    WidgetTester.pumpWidget (package:flutter_test/src/widget_tester.dart:595:27)
#194    main.<anonymous closure> (file:///D:/Mystery/programming/projects/PYTHON_PROJECTS/focus/focus_gg/focus_flutter/test/widget_test.dart:19:18)
#195    testWidgets.<anonymous closure>.<anonymous closure> (package:flutter_test/src/widget_tester.dart:192:29)
<asynchronous suspension>
#196    TestWidgetsFlutterBinding._runTestBody (package:flutter_test/src/binding.dart:1059:5)
<asynchronous suspension>
<asynchronous suspension>
(elided 7 frames from class _AssertionError, dart:async, and package:stack_trace)

The following RenderObject was being processed when the exception was fired: RenderSemanticsAnnotations#c878a relayoutBoundary=up29 NEEDS-LAYOUT NEEDS-PAINT NEEDS-COMPOSITING-BITS-UPDATE:
  creator: Semantics ΓåÉ ElevatedButton ΓåÉ CyberButton ΓåÉ Column ΓåÉ Row ΓåÉ Column ΓåÉ LayoutBuilder ΓåÉ Padding
    ΓåÉ Stack ΓåÉ Padding ΓåÉ DecoratedBox ΓåÉ Container ΓåÉ Γï»
  parentData: offset=Offset(0.0, 0.0); flex=null; fit=null (can use size)
  constraints: BoxConstraints(unconstrained)
  semantic boundary
  size: MISSING
This RenderObject had the following descendants (showing up to depth 5):
    child: _RenderInputPadding#7dc08 relayoutBoundary=up30 NEEDS-PAINT NEEDS-COMPOSITING-BITS-UPDATE
      child: RenderConstrainedBox#b735f relayoutBoundary=up31 NEEDS-PAINT NEEDS-COMPOSITING-BITS-UPDATE
        child: RenderPhysicalShape#1624c relayoutBoundary=up32 NEEDS-PAINT NEEDS-COMPOSITING-BITS-UPDATE
          child: RenderCustomPaint#dd74e relayoutBoundary=up33 NEEDS-PAINT NEEDS-COMPOSITING-BITS-UPDATE
            child: _RenderInkFeatures#3a619 relayoutBoundary=up34 NEEDS-PAINT NEEDS-COMPOSITING-BITS-UPDATE
ΓòÉΓòÉΓòÉΓòÉΓòÉΓòÉΓòÉΓòÉΓòÉΓòÉΓòÉΓòÉΓòÉΓòÉΓòÉΓòÉΓòÉΓòÉΓòÉΓòÉΓòÉΓòÉΓòÉΓòÉΓòÉΓòÉΓòÉΓòÉΓòÉΓòÉΓòÉΓòÉΓòÉΓòÉΓòÉΓòÉΓòÉΓòÉΓòÉΓòÉΓòÉΓòÉΓòÉΓòÉΓòÉΓòÉΓòÉΓòÉΓòÉΓòÉΓòÉΓòÉΓòÉΓòÉΓòÉΓòÉΓòÉΓòÉΓòÉΓòÉΓòÉΓòÉΓòÉΓòÉΓòÉΓòÉΓòÉΓòÉΓòÉΓòÉΓòÉΓòÉΓòÉΓòÉΓòÉΓòÉΓòÉΓòÉΓòÉΓòÉΓòÉΓòÉΓòÉΓòÉΓòÉΓòÉΓòÉΓòÉΓòÉΓòÉΓòÉΓòÉΓòÉΓòÉΓòÉΓòÉΓòÉΓòÉΓòÉΓòÉ
ΓòÉΓòÉΓòí EXCEPTION CAUGHT BY RENDERING LIBRARY Γò₧ΓòÉΓòÉΓòÉΓòÉΓòÉΓòÉΓòÉΓòÉΓòÉΓòÉΓòÉΓòÉΓòÉΓòÉΓòÉΓòÉΓòÉΓòÉΓòÉΓòÉΓòÉΓòÉΓòÉΓòÉΓòÉΓòÉΓòÉΓòÉΓòÉΓòÉΓòÉΓòÉΓòÉΓòÉΓòÉΓòÉΓòÉΓòÉΓòÉΓòÉΓòÉΓòÉΓòÉΓòÉΓòÉΓòÉΓòÉΓòÉΓòÉΓòÉΓòÉΓòÉΓòÉΓòÉΓòÉΓòÉΓòÉ
The following assertion was thrown during performLayout():
RenderBox was not laid out: RenderSemanticsAnnotations#c878a relayoutBoundary=up29 NEEDS-PAINT
NEEDS-COMPOSITING-BITS-UPDATE
'package:flutter/src/rendering/box.dart':
Failed assertion: line 2251 pos 12: 'hasSize'

Either the assertion indicates an error in the framework itself, or we should provide substantially
more information in this error message to help you determine and fix the underlying cause.
In either case, please report this assertion by filing a bug on GitHub:
  https://github.com/flutter/flutter/issues/new?template=02_bug.yml

The relevant error-causing widget was:
  Column
  Column:file:///D:/Mystery/programming/projects/PYTHON_PROJECTS/focus/focus_gg/focus_flutter/lib/features/dashboard/dashboard_screen.dart:349:25

When the exception was thrown, this was the stack:
#2      RenderBox.size (package:flutter/src/rendering/box.dart:2251:12)
#3      ChildLayoutHelper.layoutChild (package:flutter/src/rendering/layout_helper.dart:63:18)
#4      RenderFlex._computeSizes (package:flutter/src/rendering/flex.dart:1161:28)
#5      RenderFlex.performLayout (package:flutter/src/rendering/flex.dart:1257:32)
#6      RenderObject.layout (package:flutter/src/rendering/object.dart:2775:7)
#7      ChildLayoutHelper.layoutChild (package:flutter/src/rendering/layout_helper.dart:62:11)
#8      RenderFlex._computeSizes (package:flutter/src/rendering/flex.dart:1161:28)
#9      RenderFlex.performLayout (package:flutter/src/rendering/flex.dart:1257:32)
#10     RenderObject.layout (package:flutter/src/rendering/object.dart:2775:7)
#11     ChildLayoutHelper.layoutChild (package:flutter/src/rendering/layout_helper.dart:62:11)
#12     RenderFlex._computeSizes (package:flutter/src/rendering/flex.dart:1161:28)
#13     RenderFlex.performLayout (package:flutter/src/rendering/flex.dart:1257:32)
#14     RenderObject.layout (package:flutter/src/rendering/object.dart:2775:7)
#15     _RenderLayoutBuilder.performLayout (package:flutter/src/widgets/layout_builder.dart:450:14)
#16     RenderObject.layout (package:flutter/src/rendering/object.dart:2775:7)
#17     RenderPadding.performLayout (package:flutter/src/rendering/shifted_box.dart:243:12)
#18     RenderObject.layout (package:flutter/src/rendering/object.dart:2775:7)
#19     ChildLayoutHelper.layoutChild (package:flutter/src/rendering/layout_helper.dart:62:11)
#20     RenderStack._computeSize (package:flutter/src/rendering/stack.dart:645:43)
#21     RenderStack.performLayout (package:flutter/src/rendering/stack.dart:680:12)
#22     RenderObject.layout (package:flutter/src/rendering/object.dart:2775:7)
#23     RenderPadding.performLayout (package:flutter/src/rendering/shifted_box.dart:243:12)
#24     RenderObject.layout (package:flutter/src/rendering/object.dart:2775:7)
#25     RenderProxyBoxMixin.performLayout (package:flutter/src/rendering/proxy_box.dart:115:18)
#26     RenderObject.layout (package:flutter/src/rendering/object.dart:2775:7)
#27     ChildLayoutHelper.layoutChild (package:flutter/src/rendering/layout_helper.dart:62:11)
#28     RenderStack._computeSize (package:flutter/src/rendering/stack.dart:645:43)
#29     RenderStack.performLayout (package:flutter/src/rendering/stack.dart:680:12)
#30     RenderObject.layout (package:flutter/src/rendering/object.dart:2775:7)
#31     RenderProxyBoxMixin.performLayout (package:flutter/src/rendering/proxy_box.dart:115:18)
#32     RenderObject.layout (package:flutter/src/rendering/object.dart:2775:7)
#33     RenderProxyBoxMixin.performLayout (package:flutter/src/rendering/proxy_box.dart:115:18)
#34     RenderObject.layout (package:flutter/src/rendering/object.dart:2775:7)
#35     ChildLayoutHelper.layoutChild (package:flutter/src/rendering/layout_helper.dart:62:11)
#36     RenderStack._computeSize (package:flutter/src/rendering/stack.dart:645:43)
#37     RenderStack.performLayout (package:flutter/src/rendering/stack.dart:680:12)
#38     RenderObject.layout (package:flutter/src/rendering/object.dart:2775:7)
#39     RenderProxyBoxMixin.performLayout (package:flutter/src/rendering/proxy_box.dart:115:18)
#40     RenderObject.layout (package:flutter/src/rendering/object.dart:2775:7)
#41     RenderProxyBoxMixin.performLayout (package:flutter/src/rendering/proxy_box.dart:115:18)
#42     RenderObject.layout (package:flutter/src/rendering/object.dart:2775:7)
#43     ChildLayoutHelper.layoutChild (package:flutter/src/rendering/layout_helper.dart:62:11)
#44     RenderFlex._computeSizes (package:flutter/src/rendering/flex.dart:1161:28)
#45     RenderFlex.performLayout (package:flutter/src/rendering/flex.dart:1257:32)
#46     RenderObject.layout (package:flutter/src/rendering/object.dart:2775:7)
#47     RenderPadding.performLayout (package:flutter/src/rendering/shifted_box.dart:243:12)
#48     RenderObject.layout (package:flutter/src/rendering/object.dart:2775:7)
#49     RenderConstrainedBox.performLayout (package:flutter/src/rendering/proxy_box.dart:293:14)
#50     RenderObject.layout (package:flutter/src/rendering/object.dart:2775:7)
#51     RenderPositionedBox.performLayout (package:flutter/src/rendering/shifted_box.dart:465:14)
#52     RenderObject.layout (package:flutter/src/rendering/object.dart:2775:7)
#53     RenderPadding.performLayout (package:flutter/src/rendering/shifted_box.dart:243:12)
#54     RenderObject.layout (package:flutter/src/rendering/object.dart:2775:7)
#55     _RenderSingleChildViewport.performLayout (package:flutter/src/widgets/single_child_scroll_view.dart:502:14)
#56     RenderObject.layout (package:flutter/src/rendering/object.dart:2775:7)
#57     RenderProxyBoxMixin.performLayout (package:flutter/src/rendering/proxy_box.dart:115:18)
#58     RenderObject.layout (package:flutter/src/rendering/object.dart:2775:7)
#59     RenderProxyBoxMixin.performLayout (package:flutter/src/rendering/proxy_box.dart:115:18)
#60     RenderObject.layout (package:flutter/src/rendering/object.dart:2775:7)
#61     RenderProxyBoxMixin.performLayout (package:flutter/src/rendering/proxy_box.dart:115:18)
#62     RenderObject.layout (package:flutter/src/rendering/object.dart:2775:7)
#63     RenderProxyBoxMixin.performLayout (package:flutter/src/rendering/proxy_box.dart:115:18)
#64     RenderObject.layout (package:flutter/src/rendering/object.dart:2775:7)
#65     RenderProxyBoxMixin.performLayout (package:flutter/src/rendering/proxy_box.dart:115:18)
#66     RenderObject.layout (package:flutter/src/rendering/object.dart:2775:7)
#67     RenderProxyBoxMixin.performLayout (package:flutter/src/rendering/proxy_box.dart:115:18)
#68     RenderObject.layout (package:flutter/src/rendering/object.dart:2775:7)
#69     RenderProxyBoxMixin.performLayout (package:flutter/src/rendering/proxy_box.dart:115:18)
#70     RenderObject.layout (package:flutter/src/rendering/object.dart:2775:7)
#71     RenderProxyBoxMixin.performLayout (package:flutter/src/rendering/proxy_box.dart:115:18)
#72     _RenderCustomClip.performLayout (package:flutter/src/rendering/proxy_box.dart:1481:11)
#73     RenderObject.layout (package:flutter/src/rendering/object.dart:2775:7)
#74     MultiChildLayoutDelegate.layoutChild (package:flutter/src/rendering/custom_layout.dart:180:12)
#75     _ScaffoldLayout.performLayout (package:flutter/src/material/scaffold.dart:1112:7)
#76     MultiChildLayoutDelegate._callPerformLayout (package:flutter/src/rendering/custom_layout.dart:249:7)
#77     RenderCustomMultiChildLayoutBox.performLayout (package:flutter/src/rendering/custom_layout.dart:420:14)
#78     RenderObject.layout (package:flutter/src/rendering/object.dart:2775:7)
#79     RenderProxyBoxMixin.performLayout (package:flutter/src/rendering/proxy_box.dart:115:18)
#80     RenderObject.layout (package:flutter/src/rendering/object.dart:2775:7)
#81     RenderProxyBoxMixin.performLayout (package:flutter/src/rendering/proxy_box.dart:115:18)
#82     _RenderCustomClip.performLayout (package:flutter/src/rendering/proxy_box.dart:1481:11)
#83     RenderObject.layout (package:flutter/src/rendering/object.dart:2775:7)
#84     RenderProxyBoxMixin.performLayout (package:flutter/src/rendering/proxy_box.dart:115:18)
#85     RenderObject.layout (package:flutter/src/rendering/object.dart:2775:7)
#86     RenderProxyBoxMixin.performLayout (package:flutter/src/rendering/proxy_box.dart:115:18)
#87     RenderObject.layout (package:flutter/src/rendering/object.dart:2775:7)
#88     RenderProxyBoxMixin.performLayout (package:flutter/src/rendering/proxy_box.dart:115:18)
#89     RenderObject.layout (package:flutter/src/rendering/object.dart:2775:7)
#90     RenderProxyBoxMixin.performLayout (package:flutter/src/rendering/proxy_box.dart:115:18)
#91     RenderObject.layout (package:flutter/src/rendering/object.dart:2775:7)
#92     RenderProxyBoxMixin.performLayout (package:flutter/src/rendering/proxy_box.dart:115:18)
#93     RenderObject.layout (package:flutter/src/rendering/object.dart:2775:7)
#94     RenderProxyBoxMixin.performLayout (package:flutter/src/rendering/proxy_box.dart:115:18)
#95     RenderOffstage.performLayout (package:flutter/src/rendering/proxy_box.dart:3848:13)
#96     RenderObject.layout (package:flutter/src/rendering/object.dart:2775:7)
#97     RenderProxyBoxMixin.performLayout (package:flutter/src/rendering/proxy_box.dart:115:18)
#98     RenderObject.layout (package:flutter/src/rendering/object.dart:2775:7)
#99     _RenderTheaterMixin.layoutChild (package:flutter/src/widgets/overlay.dart:1084:13)
#100    _RenderTheater.performLayout (package:flutter/src/widgets/overlay.dart:1429:9)
#101    RenderObject.layout (package:flutter/src/rendering/object.dart:2775:7)
#102    RenderProxyBoxMixin.performLayout (package:flutter/src/rendering/proxy_box.dart:115:18)
#103    RenderObject.layout (package:flutter/src/rendering/object.dart:2775:7)
#104    RenderProxyBoxMixin.performLayout (package:flutter/src/rendering/proxy_box.dart:115:18)
#105    RenderObject.layout (package:flutter/src/rendering/object.dart:2775:7)
#106    MultiChildLayoutDelegate.layoutChild (package:flutter/src/rendering/custom_layout.dart:180:12)
#107    _ScaffoldLayout.performLayout (package:flutter/src/material/scaffold.dart:1112:7)
#108    MultiChildLayoutDelegate._callPerformLayout (package:flutter/src/rendering/custom_layout.dart:249:7)
#109    RenderCustomMultiChildLayoutBox.performLayout (package:flutter/src/rendering/custom_layout.dart:420:14)
#110    RenderObject.layout (package:flutter/src/rendering/object.dart:2775:7)
#111    RenderProxyBoxMixin.performLayout (package:flutter/src/rendering/proxy_box.dart:115:18)
#112    RenderObject.layout (package:flutter/src/rendering/object.dart:2775:7)
#113    RenderProxyBoxMixin.performLayout (package:flutter/src/rendering/proxy_box.dart:115:18)
#114    _RenderCustomClip.performLayout (package:flutter/src/rendering/proxy_box.dart:1481:11)
#115    RenderObject.layout (package:flutter/src/rendering/object.dart:2775:7)
#116    RenderProxyBoxMixin.performLayout (package:flutter/src/rendering/proxy_box.dart:115:18)
#117    RenderObject.layout (package:flutter/src/rendering/object.dart:2775:7)
#118    RenderProxyBoxMixin.performLayout (package:flutter/src/rendering/proxy_box.dart:115:18)
#119    RenderObject.layout (package:flutter/src/rendering/object.dart:2775:7)
#120    RenderProxyBoxMixin.performLayout (package:flutter/src/rendering/proxy_box.dart:115:18)
#121    RenderObject.layout (package:flutter/src/rendering/object.dart:2775:7)
#122    RenderProxyBoxMixin.performLayout (package:flutter/src/rendering/proxy_box.dart:115:18)
#123    RenderObject.layout (package:flutter/src/rendering/object.dart:2775:7)
#124    RenderProxyBoxMixin.performLayout (package:flutter/src/rendering/proxy_box.dart:115:18)
#125    RenderObject.layout (package:flutter/src/rendering/object.dart:2775:7)
#126    RenderProxyBoxMixin.performLayout (package:flutter/src/rendering/proxy_box.dart:115:18)
#127    RenderObject.layout (package:flutter/src/rendering/object.dart:2775:7)
#128    RenderProxyBoxMixin.performLayout (package:flutter/src/rendering/proxy_box.dart:115:18)
#129    RenderObject.layout (package:flutter/src/rendering/object.dart:2775:7)
#130    RenderProxyBoxMixin.performLayout (package:flutter/src/rendering/proxy_box.dart:115:18)
#131    RenderObject.layout (package:flutter/src/rendering/object.dart:2775:7)
#132    RenderProxyBoxMixin.performLayout (package:flutter/src/rendering/proxy_box.dart:115:18)
#133    RenderObject.layout (package:flutter/src/rendering/object.dart:2775:7)
#134    RenderProxyBoxMixin.performLayout (package:flutter/src/rendering/proxy_box.dart:115:18)
#135    RenderObject.layout (package:flutter/src/rendering/object.dart:2775:7)
#136    RenderProxyBoxMixin.performLayout (package:flutter/src/rendering/proxy_box.dart:115:18)
#137    RenderObject.layout (package:flutter/src/rendering/object.dart:2775:7)
#138    RenderProxyBoxMixin.performLayout (package:flutter/src/rendering/proxy_box.dart:115:18)
#139    RenderObject.layout (package:flutter/src/rendering/object.dart:2775:7)
#140    RenderProxyBoxMixin.performLayout (package:flutter/src/rendering/proxy_box.dart:115:18)
#141    RenderObject.layout (package:flutter/src/rendering/object.dart:2775:7)
#142    RenderProxyBoxMixin.performLayout (package:flutter/src/rendering/proxy_box.dart:115:18)
#143    RenderObject.layout (package:flutter/src/rendering/object.dart:2775:7)
#144    RenderProxyBoxMixin.performLayout (package:flutter/src/rendering/proxy_box.dart:115:18)
#145    RenderObject.layout (package:flutter/src/rendering/object.dart:2775:7)
#146    RenderProxyBoxMixin.performLayout (package:flutter/src/rendering/proxy_box.dart:115:18)
#147    RenderOffstage.performLayout (package:flutter/src/rendering/proxy_box.dart:3848:13)
#148    RenderObject.layout (package:flutter/src/rendering/object.dart:2775:7)
#149    RenderProxyBoxMixin.performLayout (package:flutter/src/rendering/proxy_box.dart:115:18)
#150    RenderObject.layout (package:flutter/src/rendering/object.dart:2775:7)
#151    _RenderTheaterMixin.layoutChild (package:flutter/src/widgets/overlay.dart:1084:13)
#152    _RenderTheater.performLayout (package:flutter/src/widgets/overlay.dart:1429:9)
#153    RenderObject.layout (package:flutter/src/rendering/object.dart:2775:7)
#154    RenderProxyBoxMixin.performLayout (package:flutter/src/rendering/proxy_box.dart:115:18)
#155    RenderObject.layout (package:flutter/src/rendering/object.dart:2775:7)
#156    RenderProxyBoxMixin.performLayout (package:flutter/src/rendering/proxy_box.dart:115:18)
#157    RenderObject.layout (package:flutter/src/rendering/object.dart:2775:7)
#158    ChildLayoutHelper.layoutChild (package:flutter/src/rendering/layout_helper.dart:62:11)
#159    RenderStack._computeSize (package:flutter/src/rendering/stack.dart:645:43)
#160    RenderStack.performLayout (package:flutter/src/rendering/stack.dart:680:12)
#161    RenderObject.layout (package:flutter/src/rendering/object.dart:2775:7)
#162    RenderProxyBoxMixin.performLayout (package:flutter/src/rendering/proxy_box.dart:115:18)
#163    RenderObject.layout (package:flutter/src/rendering/object.dart:2775:7)
#164    RenderProxyBoxMixin.performLayout (package:flutter/src/rendering/proxy_box.dart:115:18)
#165    RenderObject.layout (package:flutter/src/rendering/object.dart:2775:7)
#166    RenderProxyBoxMixin.performLayout (package:flutter/src/rendering/proxy_box.dart:115:18)
#167    RenderObject.layout (package:flutter/src/rendering/object.dart:2775:7)
#168    RenderProxyBoxMixin.performLayout (package:flutter/src/rendering/proxy_box.dart:115:18)
#169    RenderObject.layout (package:flutter/src/rendering/object.dart:2775:7)
#170    RenderProxyBoxMixin.performLayout (package:flutter/src/rendering/proxy_box.dart:115:18)
#171    RenderObject.layout (package:flutter/src/rendering/object.dart:2775:7)
#172    RenderProxyBoxMixin.performLayout (package:flutter/src/rendering/proxy_box.dart:115:18)
#173    RenderObject.layout (package:flutter/src/rendering/object.dart:2775:7)
#174    RenderView.performLayout (package:flutter/src/rendering/view.dart:294:12)
#175    RenderObject._layoutWithoutResize (package:flutter/src/rendering/object.dart:2623:7)
#176    PipelineOwner.flushLayout (package:flutter/src/rendering/object.dart:1170:18)
#177    PipelineOwner.flushLayout (package:flutter/src/rendering/object.dart:1183:15)
#178    AutomatedTestWidgetsFlutterBinding.drawFrame (package:flutter_test/src/binding.dart:1508:27)
#179    RendererBinding._handlePersistentFrameCallback (package:flutter/src/rendering/binding.dart:495:5)
#180    SchedulerBinding._invokeFrameCallback (package:flutter/src/scheduler/binding.dart:1434:15)
#181    SchedulerBinding.handleDrawFrame (package:flutter/src/scheduler/binding.dart:1347:9)
#182    AutomatedTestWidgetsFlutterBinding.pump.<anonymous closure> (package:flutter_test/src/binding.dart:1335:9)
#185    TestAsyncUtils.guard (package:flutter_test/src/test_async_utils.dart:74:41)
#186    AutomatedTestWidgetsFlutterBinding.pump (package:flutter_test/src/binding.dart:1324:27)
#187    WidgetTester.pumpWidget.<anonymous closure> (package:flutter_test/src/widget_tester.dart:598:22)
#190    TestAsyncUtils.guard (package:flutter_test/src/test_async_utils.dart:74:41)
#191    WidgetTester.pumpWidget (package:flutter_test/src/widget_tester.dart:595:27)
#192    main.<anonymous closure> (file:///D:/Mystery/programming/projects/PYTHON_PROJECTS/focus/focus_gg/focus_flutter/test/widget_test.dart:19:18)
#193    testWidgets.<anonymous closure>.<anonymous closure> (package:flutter_test/src/widget_tester.dart:192:29)
<asynchronous suspension>
#194    TestWidgetsFlutterBinding._runTestBody (package:flutter_test/src/binding.dart:1059:5)
<asynchronous suspension>
<asynchronous suspension>
(elided 7 frames from class _AssertionError, dart:async, and package:stack_trace)

The following RenderObject was being processed when the exception was fired: RenderFlex#895b7 relayoutBoundary=up28 NEEDS-LAYOUT NEEDS-PAINT NEEDS-COMPOSITING-BITS-UPDATE:
  creator: Column ΓåÉ Row ΓåÉ Column ΓåÉ LayoutBuilder ΓåÉ Padding ΓåÉ Stack ΓåÉ Padding ΓåÉ DecoratedBox ΓåÉ
    Container ΓåÉ Stack ΓåÉ Listener ΓåÉ _GestureSemantics ΓåÉ Γï»
  parentData: offset=Offset(0.0, 0.0); flex=null; fit=null (can use size)
  constraints: BoxConstraints(unconstrained)
  size: MISSING
  direction: vertical
  mainAxisAlignment: start
  mainAxisSize: max
  crossAxisAlignment: end
  textDirection: ltr
  verticalDirection: down
  spacing: 0.0
This RenderObject had the following descendants (showing up to depth 5):
    child 1: RenderParagraph#6224b relayoutBoundary=up29 NEEDS-PAINT
      text: TextSpan
    child 2: RenderParagraph#661c9 relayoutBoundary=up29 NEEDS-PAINT
      text: TextSpan
    child 3: RenderConstrainedBox#40e09 relayoutBoundary=up29 NEEDS-PAINT
    child 4: RenderSemanticsAnnotations#c878a relayoutBoundary=up29 NEEDS-PAINT NEEDS-COMPOSITING-BITS-UPDATE
      child: _RenderInputPadding#7dc08 relayoutBoundary=up30 NEEDS-PAINT NEEDS-COMPOSITING-BITS-UPDATE
        child: RenderConstrainedBox#b735f relayoutBoundary=up31 NEEDS-PAINT NEEDS-COMPOSITING-BITS-UPDATE
          child: RenderPhysicalShape#1624c relayoutBoundary=up32 NEEDS-PAINT NEEDS-COMPOSITING-BITS-UPDATE
            child: RenderCustomPaint#dd74e relayoutBoundary=up33 NEEDS-PAINT NEEDS-COMPOSITING-BITS-UPDATE
ΓòÉΓòÉΓòÉΓòÉΓòÉΓòÉΓòÉΓòÉΓòÉΓòÉΓòÉΓòÉΓòÉΓòÉΓòÉΓòÉΓòÉΓòÉΓòÉΓòÉΓòÉΓòÉΓòÉΓòÉΓòÉΓòÉΓòÉΓòÉΓòÉΓòÉΓòÉΓòÉΓòÉΓòÉΓòÉΓòÉΓòÉΓòÉΓòÉΓòÉΓòÉΓòÉΓòÉΓòÉΓòÉΓòÉΓòÉΓòÉΓòÉΓòÉΓòÉΓòÉΓòÉΓòÉΓòÉΓòÉΓòÉΓòÉΓòÉΓòÉΓòÉΓòÉΓòÉΓòÉΓòÉΓòÉΓòÉΓòÉΓòÉΓòÉΓòÉΓòÉΓòÉΓòÉΓòÉΓòÉΓòÉΓòÉΓòÉΓòÉΓòÉΓòÉΓòÉΓòÉΓòÉΓòÉΓòÉΓòÉΓòÉΓòÉΓòÉΓòÉΓòÉΓòÉΓòÉΓòÉΓòÉΓòÉΓòÉΓòÉ
ΓòÉΓòÉΓòí EXCEPTION CAUGHT BY RENDERING LIBRARY Γò₧ΓòÉΓòÉΓòÉΓòÉΓòÉΓòÉΓòÉΓòÉΓòÉΓòÉΓòÉΓòÉΓòÉΓòÉΓòÉΓòÉΓòÉΓòÉΓòÉΓòÉΓòÉΓòÉΓòÉΓòÉΓòÉΓòÉΓòÉΓòÉΓòÉΓòÉΓòÉΓòÉΓòÉΓòÉΓòÉΓòÉΓòÉΓòÉΓòÉΓòÉΓòÉΓòÉΓòÉΓòÉΓòÉΓòÉΓòÉΓòÉΓòÉΓòÉΓòÉΓòÉΓòÉΓòÉΓòÉΓòÉΓòÉ
The following assertion was thrown during performLayout():
RenderBox was not laid out: RenderFlex#895b7 relayoutBoundary=up28 NEEDS-PAINT
NEEDS-COMPOSITING-BITS-UPDATE
'package:flutter/src/rendering/box.dart':
Failed assertion: line 2251 pos 12: 'hasSize'

Either the assertion indicates an error in the framework itself, or we should provide substantially
more information in this error message to help you determine and fix the underlying cause.
In either case, please report this assertion by filing a bug on GitHub:
  https://github.com/flutter/flutter/issues/new?template=02_bug.yml

The relevant error-causing widget was:
  Row
  Row:file:///D:/Mystery/programming/projects/PYTHON_PROJECTS/focus/focus_gg/focus_flutter/lib/features/dashboard/dashboard_screen.dart:344:21

When the exception was thrown, this was the stack:
#2      RenderBox.size (package:flutter/src/rendering/box.dart:2251:12)
#3      ChildLayoutHelper.layoutChild (package:flutter/src/rendering/layout_helper.dart:63:18)
#4      RenderFlex._computeSizes (package:flutter/src/rendering/flex.dart:1161:28)
#5      RenderFlex.performLayout (package:flutter/src/rendering/flex.dart:1257:32)
#6      RenderObject.layout (package:flutter/src/rendering/object.dart:2775:7)
#7      ChildLayoutHelper.layoutChild (package:flutter/src/rendering/layout_helper.dart:62:11)
#8      RenderFlex._computeSizes (package:flutter/src/rendering/flex.dart:1161:28)
#9      RenderFlex.performLayout (package:flutter/src/rendering/flex.dart:1257:32)
#10     RenderObject.layout (package:flutter/src/rendering/object.dart:2775:7)
#11     _RenderLayoutBuilder.performLayout (package:flutter/src/widgets/layout_builder.dart:450:14)
#12     RenderObject.layout (package:flutter/src/rendering/object.dart:2775:7)
#13     RenderPadding.performLayout (package:flutter/src/rendering/shifted_box.dart:243:12)
#14     RenderObject.layout (package:flutter/src/rendering/object.dart:2775:7)
#15     ChildLayoutHelper.layoutChild (package:flutter/src/rendering/layout_helper.dart:62:11)
#16     RenderStack._computeSize (package:flutter/src/rendering/stack.dart:645:43)
#17     RenderStack.performLayout (package:flutter/src/rendering/stack.dart:680:12)
#18     RenderObject.layout (package:flutter/src/rendering/object.dart:2775:7)
#19     RenderPadding.performLayout (package:flutter/src/rendering/shifted_box.dart:243:12)
#20     RenderObject.layout (package:flutter/src/rendering/object.dart:2775:7)
#21     RenderProxyBoxMixin.performLayout (package:flutter/src/rendering/proxy_box.dart:115:18)
#22     RenderObject.layout (package:flutter/src/rendering/object.dart:2775:7)
#23     ChildLayoutHelper.layoutChild (package:flutter/src/rendering/layout_helper.dart:62:11)
#24     RenderStack._computeSize (package:flutter/src/rendering/stack.dart:645:43)
#25     RenderStack.performLayout (package:flutter/src/rendering/stack.dart:680:12)
#26     RenderObject.layout (package:flutter/src/rendering/object.dart:2775:7)
#27     RenderProxyBoxMixin.performLayout (package:flutter/src/rendering/proxy_box.dart:115:18)
#28     RenderObject.layout (package:flutter/src/rendering/object.dart:2775:7)
#29     RenderProxyBoxMixin.performLayout (package:flutter/src/rendering/proxy_box.dart:115:18)
#30     RenderObject.layout (package:flutter/src/rendering/object.dart:2775:7)
#31     ChildLayoutHelper.layoutChild (package:flutter/src/rendering/layout_helper.dart:62:11)
#32     RenderStack._computeSize (package:flutter/src/rendering/stack.dart:645:43)
#33     RenderStack.performLayout (package:flutter/src/rendering/stack.dart:680:12)
#34     RenderObject.layout (package:flutter/src/rendering/object.dart:2775:7)
#35     RenderProxyBoxMixin.performLayout (package:flutter/src/rendering/proxy_box.dart:115:18)
#36     RenderObject.layout (package:flutter/src/rendering/object.dart:2775:7)
#37     RenderProxyBoxMixin.performLayout (package:flutter/src/rendering/proxy_box.dart:115:18)
#38     RenderObject.layout (package:flutter/src/rendering/object.dart:2775:7)
#39     ChildLayoutHelper.layoutChild (package:flutter/src/rendering/layout_helper.dart:62:11)
#40     RenderFlex._computeSizes (package:flutter/src/rendering/flex.dart:1161:28)
#41     RenderFlex.performLayout (package:flutter/src/rendering/flex.dart:1257:32)
#42     RenderObject.layout (package:flutter/src/rendering/object.dart:2775:7)
#43     RenderPadding.performLayout (package:flutter/src/rendering/shifted_box.dart:243:12)
#44     RenderObject.layout (package:flutter/src/rendering/object.dart:2775:7)
#45     RenderConstrainedBox.performLayout (package:flutter/src/rendering/proxy_box.dart:293:14)
#46     RenderObject.layout (package:flutter/src/rendering/object.dart:2775:7)
#47     RenderPositionedBox.performLayout (package:flutter/src/rendering/shifted_box.dart:465:14)
#48     RenderObject.layout (package:flutter/src/rendering/object.dart:2775:7)
#49     RenderPadding.performLayout (package:flutter/src/rendering/shifted_box.dart:243:12)
#50     RenderObject.layout (package:flutter/src/rendering/object.dart:2775:7)
#51     _RenderSingleChildViewport.performLayout (package:flutter/src/widgets/single_child_scroll_view.dart:502:14)
#52     RenderObject.layout (package:flutter/src/rendering/object.dart:2775:7)
#53     RenderProxyBoxMixin.performLayout (package:flutter/src/rendering/proxy_box.dart:115:18)
#54     RenderObject.layout (package:flutter/src/rendering/object.dart:2775:7)
#55     RenderProxyBoxMixin.performLayout (package:flutter/src/rendering/proxy_box.dart:115:18)
#56     RenderObject.layout (package:flutter/src/rendering/object.dart:2775:7)
#57     RenderProxyBoxMixin.performLayout (package:flutter/src/rendering/proxy_box.dart:115:18)
#58     RenderObject.layout (package:flutter/src/rendering/object.dart:2775:7)
#59     RenderProxyBoxMixin.performLayout (package:flutter/src/rendering/proxy_box.dart:115:18)
#60     RenderObject.layout (package:flutter/src/rendering/object.dart:2775:7)
#61     RenderProxyBoxMixin.performLayout (package:flutter/src/rendering/proxy_box.dart:115:18)
#62     RenderObject.layout (package:flutter/src/rendering/object.dart:2775:7)
#63     RenderProxyBoxMixin.performLayout (package:flutter/src/rendering/proxy_box.dart:115:18)
#64     RenderObject.layout (package:flutter/src/rendering/object.dart:2775:7)
#65     RenderProxyBoxMixin.performLayout (package:flutter/src/rendering/proxy_box.dart:115:18)
#66     RenderObject.layout (package:flutter/src/rendering/object.dart:2775:7)
#67     RenderProxyBoxMixin.performLayout (package:flutter/src/rendering/proxy_box.dart:115:18)
#68     _RenderCustomClip.performLayout (package:flutter/src/rendering/proxy_box.dart:1481:11)
#69     RenderObject.layout (package:flutter/src/rendering/object.dart:2775:7)
#70     MultiChildLayoutDelegate.layoutChild (package:flutter/src/rendering/custom_layout.dart:180:12)
#71     _ScaffoldLayout.performLayout (package:flutter/src/material/scaffold.dart:1112:7)
#72     MultiChildLayoutDelegate._callPerformLayout (package:flutter/src/rendering/custom_layout.dart:249:7)
#73     RenderCustomMultiChildLayoutBox.performLayout (package:flutter/src/rendering/custom_layout.dart:420:14)
#74     RenderObject.layout (package:flutter/src/rendering/object.dart:2775:7)
#75     RenderProxyBoxMixin.performLayout (package:flutter/src/rendering/proxy_box.dart:115:18)
#76     RenderObject.layout (package:flutter/src/rendering/object.dart:2775:7)
#77     RenderProxyBoxMixin.performLayout (package:flutter/src/rendering/proxy_box.dart:115:18)
#78     _RenderCustomClip.performLayout (package:flutter/src/rendering/proxy_box.dart:1481:11)
#79     RenderObject.layout (package:flutter/src/rendering/object.dart:2775:7)
#80     RenderProxyBoxMixin.performLayout (package:flutter/src/rendering/proxy_box.dart:115:18)
#81     RenderObject.layout (package:flutter/src/rendering/object.dart:2775:7)
#82     RenderProxyBoxMixin.performLayout (package:flutter/src/rendering/proxy_box.dart:115:18)
#83     RenderObject.layout (package:flutter/src/rendering/object.dart:2775:7)
#84     RenderProxyBoxMixin.performLayout (package:flutter/src/rendering/proxy_box.dart:115:18)
#85     RenderObject.layout (package:flutter/src/rendering/object.dart:2775:7)
#86     RenderProxyBoxMixin.performLayout (package:flutter/src/rendering/proxy_box.dart:115:18)
#87     RenderObject.layout (package:flutter/src/rendering/object.dart:2775:7)
#88     RenderProxyBoxMixin.performLayout (package:flutter/src/rendering/proxy_box.dart:115:18)
#89     RenderObject.layout (package:flutter/src/rendering/object.dart:2775:7)
#90     RenderProxyBoxMixin.performLayout (package:flutter/src/rendering/proxy_box.dart:115:18)
#91     RenderOffstage.performLayout (package:flutter/src/rendering/proxy_box.dart:3848:13)
#92     RenderObject.layout (package:flutter/src/rendering/object.dart:2775:7)
#93     RenderProxyBoxMixin.performLayout (package:flutter/src/rendering/proxy_box.dart:115:18)
#94     RenderObject.layout (package:flutter/src/rendering/object.dart:2775:7)
#95     _RenderTheaterMixin.layoutChild (package:flutter/src/widgets/overlay.dart:1084:13)
#96     _RenderTheater.performLayout (package:flutter/src/widgets/overlay.dart:1429:9)
#97     RenderObject.layout (package:flutter/src/rendering/object.dart:2775:7)
#98     RenderProxyBoxMixin.performLayout (package:flutter/src/rendering/proxy_box.dart:115:18)
#99     RenderObject.layout (package:flutter/src/rendering/object.dart:2775:7)
#100    RenderProxyBoxMixin.performLayout (package:flutter/src/rendering/proxy_box.dart:115:18)
#101    RenderObject.layout (package:flutter/src/rendering/object.dart:2775:7)
#102    MultiChildLayoutDelegate.layoutChild (package:flutter/src/rendering/custom_layout.dart:180:12)
#103    _ScaffoldLayout.performLayout (package:flutter/src/material/scaffold.dart:1112:7)
#104    MultiChildLayoutDelegate._callPerformLayout (package:flutter/src/rendering/custom_layout.dart:249:7)
#105    RenderCustomMultiChildLayoutBox.performLayout (package:flutter/src/rendering/custom_layout.dart:420:14)
#106    RenderObject.layout (package:flutter/src/rendering/object.dart:2775:7)
#107    RenderProxyBoxMixin.performLayout (package:flutter/src/rendering/proxy_box.dart:115:18)
#108    RenderObject.layout (package:flutter/src/rendering/object.dart:2775:7)
#109    RenderProxyBoxMixin.performLayout (package:flutter/src/rendering/proxy_box.dart:115:18)
#110    _RenderCustomClip.performLayout (package:flutter/src/rendering/proxy_box.dart:1481:11)
#111    RenderObject.layout (package:flutter/src/rendering/object.dart:2775:7)
#112    RenderProxyBoxMixin.performLayout (package:flutter/src/rendering/proxy_box.dart:115:18)
#113    RenderObject.layout (package:flutter/src/rendering/object.dart:2775:7)
#114    RenderProxyBoxMixin.performLayout (package:flutter/src/rendering/proxy_box.dart:115:18)
#115    RenderObject.layout (package:flutter/src/rendering/object.dart:2775:7)
#116    RenderProxyBoxMixin.performLayout (package:flutter/src/rendering/proxy_box.dart:115:18)
#117    RenderObject.layout (package:flutter/src/rendering/object.dart:2775:7)
#118    RenderProxyBoxMixin.performLayout (package:flutter/src/rendering/proxy_box.dart:115:18)
#119    RenderObject.layout (package:flutter/src/rendering/object.dart:2775:7)
#120    RenderProxyBoxMixin.performLayout (package:flutter/src/rendering/proxy_box.dart:115:18)
#121    RenderObject.layout (package:flutter/src/rendering/object.dart:2775:7)
#122    RenderProxyBoxMixin.performLayout (package:flutter/src/rendering/proxy_box.dart:115:18)
#123    RenderObject.layout (package:flutter/src/rendering/object.dart:2775:7)
#124    RenderProxyBoxMixin.performLayout (package:flutter/src/rendering/proxy_box.dart:115:18)
#125    RenderObject.layout (package:flutter/src/rendering/object.dart:2775:7)
#126    RenderProxyBoxMixin.performLayout (package:flutter/src/rendering/proxy_box.dart:115:18)
#127    RenderObject.layout (package:flutter/src/rendering/object.dart:2775:7)
#128    RenderProxyBoxMixin.performLayout (package:flutter/src/rendering/proxy_box.dart:115:18)
#129    RenderObject.layout (package:flutter/src/rendering/object.dart:2775:7)
#130    RenderProxyBoxMixin.performLayout (package:flutter/src/rendering/proxy_box.dart:115:18)
#131    RenderObject.layout (package:flutter/src/rendering/object.dart:2775:7)
#132    RenderProxyBoxMixin.performLayout (package:flutter/src/rendering/proxy_box.dart:115:18)
#133    RenderObject.layout (package:flutter/src/rendering/object.dart:2775:7)
#134    RenderProxyBoxMixin.performLayout (package:flutter/src/rendering/proxy_box.dart:115:18)
#135    RenderObject.layout (package:flutter/src/rendering/object.dart:2775:7)
#136    RenderProxyBoxMixin.performLayout (package:flutter/src/rendering/proxy_box.dart:115:18)
#137    RenderObject.layout (package:flutter/src/rendering/object.dart:2775:7)
#138    RenderProxyBoxMixin.performLayout (package:flutter/src/rendering/proxy_box.dart:115:18)
#139    RenderObject.layout (package:flutter/src/rendering/object.dart:2775:7)
#140    RenderProxyBoxMixin.performLayout (package:flutter/src/rendering/proxy_box.dart:115:18)
#141    RenderObject.layout (package:flutter/src/rendering/object.dart:2775:7)
#142    RenderProxyBoxMixin.performLayout (package:flutter/src/rendering/proxy_box.dart:115:18)
#143    RenderOffstage.performLayout (package:flutter/src/rendering/proxy_box.dart:3848:13)
#144    RenderObject.layout (package:flutter/src/rendering/object.dart:2775:7)
#145    RenderProxyBoxMixin.performLayout (package:flutter/src/rendering/proxy_box.dart:115:18)
#146    RenderObject.layout (package:flutter/src/rendering/object.dart:2775:7)
#147    _RenderTheaterMixin.layoutChild (package:flutter/src/widgets/overlay.dart:1084:13)
#148    _RenderTheater.performLayout (package:flutter/src/widgets/overlay.dart:1429:9)
#149    RenderObject.layout (package:flutter/src/rendering/object.dart:2775:7)
#150    RenderProxyBoxMixin.performLayout (package:flutter/src/rendering/proxy_box.dart:115:18)
#151    RenderObject.layout (package:flutter/src/rendering/object.dart:2775:7)
#152    RenderProxyBoxMixin.performLayout (package:flutter/src/rendering/proxy_box.dart:115:18)
#153    RenderObject.layout (package:flutter/src/rendering/object.dart:2775:7)
#154    ChildLayoutHelper.layoutChild (package:flutter/src/rendering/layout_helper.dart:62:11)
#155    RenderStack._computeSize (package:flutter/src/rendering/stack.dart:645:43)
#156    RenderStack.performLayout (package:flutter/src/rendering/stack.dart:680:12)
#157    RenderObject.layout (package:flutter/src/rendering/object.dart:2775:7)
#158    RenderProxyBoxMixin.performLayout (package:flutter/src/rendering/proxy_box.dart:115:18)
#159    RenderObject.layout (package:flutter/src/rendering/object.dart:2775:7)
#160    RenderProxyBoxMixin.performLayout (package:flutter/src/rendering/proxy_box.dart:115:18)
#161    RenderObject.layout (package:flutter/src/rendering/object.dart:2775:7)
#162    RenderProxyBoxMixin.performLayout (package:flutter/src/rendering/proxy_box.dart:115:18)
#163    RenderObject.layout (package:flutter/src/rendering/object.dart:2775:7)
#164    RenderProxyBoxMixin.performLayout (package:flutter/src/rendering/proxy_box.dart:115:18)
#165    RenderObject.layout (package:flutter/src/rendering/object.dart:2775:7)
#166    RenderProxyBoxMixin.performLayout (package:flutter/src/rendering/proxy_box.dart:115:18)
#167    RenderObject.layout (package:flutter/src/rendering/object.dart:2775:7)
#168    RenderProxyBoxMixin.performLayout (package:flutter/src/rendering/proxy_box.dart:115:18)
#169    RenderObject.layout (package:flutter/src/rendering/object.dart:2775:7)
#170    RenderView.performLayout (package:flutter/src/rendering/view.dart:294:12)
#171    RenderObject._layoutWithoutResize (package:flutter/src/rendering/object.dart:2623:7)
#172    PipelineOwner.flushLayout (package:flutter/src/rendering/object.dart:1170:18)
#173    PipelineOwner.flushLayout (package:flutter/src/rendering/object.dart:1183:15)
#174    AutomatedTestWidgetsFlutterBinding.drawFrame (package:flutter_test/src/binding.dart:1508:27)
#175    RendererBinding._handlePersistentFrameCallback (package:flutter/src/rendering/binding.dart:495:5)
#176    SchedulerBinding._invokeFrameCallback (package:flutter/src/scheduler/binding.dart:1434:15)
#177    SchedulerBinding.handleDrawFrame (package:flutter/src/scheduler/binding.dart:1347:9)
#178    AutomatedTestWidgetsFlutterBinding.pump.<anonymous closure> (package:flutter_test/src/binding.dart:1335:9)
#181    TestAsyncUtils.guard (package:flutter_test/src/test_async_utils.dart:74:41)
#182    AutomatedTestWidgetsFlutterBinding.pump (package:flutter_test/src/binding.dart:1324:27)
#183    WidgetTester.pumpWidget.<anonymous closure> (package:flutter_test/src/widget_tester.dart:598:22)
#186    TestAsyncUtils.guard (package:flutter_test/src/test_async_utils.dart:74:41)
#187    WidgetTester.pumpWidget (package:flutter_test/src/widget_tester.dart:595:27)
#188    main.<anonymous closure> (file:///D:/Mystery/programming/projects/PYTHON_PROJECTS/focus/focus_gg/focus_flutter/test/widget_test.dart:19:18)
#189    testWidgets.<anonymous closure>.<anonymous closure> (package:flutter_test/src/widget_tester.dart:192:29)
<asynchronous suspension>
#190    TestWidgetsFlutterBinding._runTestBody (package:flutter_test/src/binding.dart:1059:5)
<asynchronous suspension>
<asynchronous suspension>
(elided 7 frames from class _AssertionError, dart:async, and package:stack_trace)

The following RenderObject was being processed when the exception was fired: RenderFlex#c9e0f relayoutBoundary=up27 NEEDS-LAYOUT NEEDS-PAINT NEEDS-COMPOSITING-BITS-UPDATE:
  creator: Row ΓåÉ Column ΓåÉ LayoutBuilder ΓåÉ Padding ΓåÉ Stack ΓåÉ Padding ΓåÉ DecoratedBox ΓåÉ Container ΓåÉ Stack
    ΓåÉ Listener ΓåÉ _GestureSemantics ΓåÉ RawGestureDetector ΓåÉ Γï»
  parentData: offset=Offset(0.0, 0.0); flex=null; fit=null (can use size)
  constraints: BoxConstraints(w=718.0, 0.0<=h<=Infinity)
  size: MISSING
  direction: horizontal
  mainAxisAlignment: start
  mainAxisSize: max
  crossAxisAlignment: start
  textDirection: ltr
  verticalDirection: down
  spacing: 0.0
This RenderObject had the following descendants (showing up to depth 5):
    child 1: RenderWrap#c6f67 NEEDS-LAYOUT NEEDS-PAINT NEEDS-COMPOSITING-BITS-UPDATE
      child 1: RenderFittedBox#0ee63 NEEDS-LAYOUT NEEDS-PAINT NEEDS-COMPOSITING-BITS-UPDATE
        child: RenderFlex#3f3c3 NEEDS-LAYOUT NEEDS-PAINT NEEDS-COMPOSITING-BITS-UPDATE
          child 1: RenderSemanticsAnnotations#13d11 NEEDS-LAYOUT NEEDS-PAINT NEEDS-COMPOSITING-BITS-UPDATE
            child: RenderExcludeSemantics#b7564 NEEDS-LAYOUT NEEDS-PAINT NEEDS-COMPOSITING-BITS-UPDATE
          child 2: RenderConstrainedBox#bd1c7 NEEDS-LAYOUT NEEDS-PAINT
          child 3: RenderFlex#26336 NEEDS-LAYOUT NEEDS-PAINT NEEDS-COMPOSITING-BITS-UPDATE
            child 1: RenderParagraph#7b3cc NEEDS-LAYOUT NEEDS-PAINT
            child 2: RenderParagraph#f4d48 NEEDS-LAYOUT NEEDS-PAINT
      child 2: RenderFittedBox#94987 NEEDS-LAYOUT NEEDS-PAINT NEEDS-COMPOSITING-BITS-UPDATE
        child: RenderFlex#d16f1 NEEDS-LAYOUT NEEDS-PAINT NEEDS-COMPOSITING-BITS-UPDATE
          child 1: RenderSemanticsAnnotations#71606 NEEDS-LAYOUT NEEDS-PAINT NEEDS-COMPOSITING-BITS-UPDATE
            child: RenderExcludeSemantics#76e39 NEEDS-LAYOUT NEEDS-PAINT NEEDS-COMPOSITING-BITS-UPDATE
          child 2: RenderConstrainedBox#b5e8c NEEDS-LAYOUT NEEDS-PAINT
          child 3: RenderFlex#d5b1c NEEDS-LAYOUT NEEDS-PAINT NEEDS-COMPOSITING-BITS-UPDATE
            child 1: RenderParagraph#39a12 NEEDS-LAYOUT NEEDS-PAINT
            child 2: RenderParagraph#41cfa NEEDS-LAYOUT NEEDS-PAINT
      child 3: RenderFittedBox#4a326 NEEDS-LAYOUT NEEDS-PAINT NEEDS-COMPOSITING-BITS-UPDATE
        child: RenderFlex#768d3 NEEDS-LAYOUT NEEDS-PAINT NEEDS-COMPOSITING-BITS-UPDATE
          child 1: RenderSemanticsAnnotations#408ea NEEDS-LAYOUT NEEDS-PAINT NEEDS-COMPOSITING-BITS-UPDATE
            child: RenderExcludeSemantics#c086e NEEDS-LAYOUT NEEDS-PAINT NEEDS-COMPOSITING-BITS-UPDATE
          child 2: RenderConstrainedBox#2cc99 NEEDS-LAYOUT NEEDS-PAINT
          child 3: RenderFlex#cccb9 NEEDS-LAYOUT NEEDS-PAINT NEEDS-COMPOSITING-BITS-UPDATE
            child 1: RenderParagraph#49ec5 NEEDS-LAYOUT NEEDS-PAINT
            child 2: RenderParagraph#58ec4 NEEDS-LAYOUT NEEDS-PAINT
      child 4: RenderFittedBox#8d9c2 NEEDS-LAYOUT NEEDS-PAINT NEEDS-COMPOSITING-BITS-UPDATE
        child: RenderFlex#46a92 NEEDS-LAYOUT NEEDS-PAINT NEEDS-COMPOSITING-BITS-UPDATE
          child 1: RenderSemanticsAnnotations#3795a NEEDS-LAYOUT NEEDS-PAINT NEEDS-COMPOSITING-BITS-UPDATE
            child: RenderExcludeSemantics#1f75b NEEDS-LAYOUT NEEDS-PAINT NEEDS-COMPOSITING-BITS-UPDATE
ΓòÉΓòÉΓòÉΓòÉΓòÉΓòÉΓòÉΓòÉΓòÉΓòÉΓòÉΓòÉΓòÉΓòÉΓòÉΓòÉΓòÉΓòÉΓòÉΓòÉΓòÉΓòÉΓòÉΓòÉΓòÉΓòÉΓòÉΓòÉΓòÉΓòÉΓòÉΓòÉΓòÉΓòÉΓòÉΓòÉΓòÉΓòÉΓòÉΓòÉΓòÉΓòÉΓòÉΓòÉΓòÉΓòÉΓòÉΓòÉΓòÉΓòÉΓòÉΓòÉΓòÉΓòÉΓòÉΓòÉΓòÉΓòÉΓòÉΓòÉΓòÉΓòÉΓòÉΓòÉΓòÉΓòÉΓòÉΓòÉΓòÉΓòÉΓòÉΓòÉΓòÉΓòÉΓòÉΓòÉΓòÉΓòÉΓòÉΓòÉΓòÉΓòÉΓòÉΓòÉΓòÉΓòÉΓòÉΓòÉΓòÉΓòÉΓòÉΓòÉΓòÉΓòÉΓòÉΓòÉΓòÉΓòÉΓòÉΓòÉ
ΓòÉΓòÉΓòí EXCEPTION CAUGHT BY RENDERING LIBRARY Γò₧ΓòÉΓòÉΓòÉΓòÉΓòÉΓòÉΓòÉΓòÉΓòÉΓòÉΓòÉΓòÉΓòÉΓòÉΓòÉΓòÉΓòÉΓòÉΓòÉΓòÉΓòÉΓòÉΓòÉΓòÉΓòÉΓòÉΓòÉΓòÉΓòÉΓòÉΓòÉΓòÉΓòÉΓòÉΓòÉΓòÉΓòÉΓòÉΓòÉΓòÉΓòÉΓòÉΓòÉΓòÉΓòÉΓòÉΓòÉΓòÉΓòÉΓòÉΓòÉΓòÉΓòÉΓòÉΓòÉΓòÉΓòÉ
The following assertion was thrown during performLayout():
RenderBox was not laid out: RenderFlex#c9e0f relayoutBoundary=up27 NEEDS-PAINT
NEEDS-COMPOSITING-BITS-UPDATE
'package:flutter/src/rendering/box.dart':
Failed assertion: line 2251 pos 12: 'hasSize'

Either the assertion indicates an error in the framework itself, or we should provide substantially
more information in this error message to help you determine and fix the underlying cause.
In either case, please report this assertion by filing a bug on GitHub:
  https://github.com/flutter/flutter/issues/new?template=02_bug.yml

The relevant error-causing widget was:
  Column
  Column:file:///D:/Mystery/programming/projects/PYTHON_PROJECTS/focus/focus_gg/focus_flutter/lib/features/dashboard/dashboard_screen.dart:267:22

When the exception was thrown, this was the stack:
#2      RenderBox.size (package:flutter/src/rendering/box.dart:2251:12)
#3      ChildLayoutHelper.layoutChild (package:flutter/src/rendering/layout_helper.dart:63:18)
#4      RenderFlex._computeSizes (package:flutter/src/rendering/flex.dart:1161:28)
#5      RenderFlex.performLayout (package:flutter/src/rendering/flex.dart:1257:32)
#6      RenderObject.layout (package:flutter/src/rendering/object.dart:2775:7)
#7      _RenderLayoutBuilder.performLayout (package:flutter/src/widgets/layout_builder.dart:450:14)
#8      RenderObject.layout (package:flutter/src/rendering/object.dart:2775:7)
#9      RenderPadding.performLayout (package:flutter/src/rendering/shifted_box.dart:243:12)
#10     RenderObject.layout (package:flutter/src/rendering/object.dart:2775:7)
#11     ChildLayoutHelper.layoutChild (package:flutter/src/rendering/layout_helper.dart:62:11)
#12     RenderStack._computeSize (package:flutter/src/rendering/stack.dart:645:43)
#13     RenderStack.performLayout (package:flutter/src/rendering/stack.dart:680:12)
#14     RenderObject.layout (package:flutter/src/rendering/object.dart:2775:7)
#15     RenderPadding.performLayout (package:flutter/src/rendering/shifted_box.dart:243:12)
#16     RenderObject.layout (package:flutter/src/rendering/object.dart:2775:7)
#17     RenderProxyBoxMixin.performLayout (package:flutter/src/rendering/proxy_box.dart:115:18)
#18     RenderObject.layout (package:flutter/src/rendering/object.dart:2775:7)
#19     ChildLayoutHelper.layoutChild (package:flutter/src/rendering/layout_helper.dart:62:11)
#20     RenderStack._computeSize (package:flutter/src/rendering/stack.dart:645:43)
#21     RenderStack.performLayout (package:flutter/src/rendering/stack.dart:680:12)
#22     RenderObject.layout (package:flutter/src/rendering/object.dart:2775:7)
#23     RenderProxyBoxMixin.performLayout (package:flutter/src/rendering/proxy_box.dart:115:18)
#24     RenderObject.layout (package:flutter/src/rendering/object.dart:2775:7)
#25     RenderProxyBoxMixin.performLayout (package:flutter/src/rendering/proxy_box.dart:115:18)
#26     RenderObject.layout (package:flutter/src/rendering/object.dart:2775:7)
#27     ChildLayoutHelper.layoutChild (package:flutter/src/rendering/layout_helper.dart:62:11)
#28     RenderStack._computeSize (package:flutter/src/rendering/stack.dart:645:43)
#29     RenderStack.performLayout (package:flutter/src/rendering/stack.dart:680:12)
#30     RenderObject.layout (package:flutter/src/rendering/object.dart:2775:7)
#31     RenderProxyBoxMixin.performLayout (package:flutter/src/rendering/proxy_box.dart:115:18)
#32     RenderObject.layout (package:flutter/src/rendering/object.dart:2775:7)
#33     RenderProxyBoxMixin.performLayout (package:flutter/src/rendering/proxy_box.dart:115:18)
#34     RenderObject.layout (package:flutter/src/rendering/object.dart:2775:7)
#35     ChildLayoutHelper.layoutChild (package:flutter/src/rendering/layout_helper.dart:62:11)
#36     RenderFlex._computeSizes (package:flutter/src/rendering/flex.dart:1161:28)
#37     RenderFlex.performLayout (package:flutter/src/rendering/flex.dart:1257:32)
#38     RenderObject.layout (package:flutter/src/rendering/object.dart:2775:7)
#39     RenderPadding.performLayout (package:flutter/src/rendering/shifted_box.dart:243:12)
#40     RenderObject.layout (package:flutter/src/rendering/object.dart:2775:7)
#41     RenderConstrainedBox.performLayout (package:flutter/src/rendering/proxy_box.dart:293:14)
#42     RenderObject.layout (package:flutter/src/rendering/object.dart:2775:7)
#43     RenderPositionedBox.performLayout (package:flutter/src/rendering/shifted_box.dart:465:14)
#44     RenderObject.layout (package:flutter/src/rendering/object.dart:2775:7)
#45     RenderPadding.performLayout (package:flutter/src/rendering/shifted_box.dart:243:12)
#46     RenderObject.layout (package:flutter/src/rendering/object.dart:2775:7)
#47     _RenderSingleChildViewport.performLayout (package:flutter/src/widgets/single_child_scroll_view.dart:502:14)
#48     RenderObject.layout (package:flutter/src/rendering/object.dart:2775:7)
#49     RenderProxyBoxMixin.performLayout (package:flutter/src/rendering/proxy_box.dart:115:18)
#50     RenderObject.layout (package:flutter/src/rendering/object.dart:2775:7)
#51     RenderProxyBoxMixin.performLayout (package:flutter/src/rendering/proxy_box.dart:115:18)
#52     RenderObject.layout (package:flutter/src/rendering/object.dart:2775:7)
#53     RenderProxyBoxMixin.performLayout (package:flutter/src/rendering/proxy_box.dart:115:18)
#54     RenderObject.layout (package:flutter/src/rendering/object.dart:2775:7)
#55     RenderProxyBoxMixin.performLayout (package:flutter/src/rendering/proxy_box.dart:115:18)
#56     RenderObject.layout (package:flutter/src/rendering/object.dart:2775:7)
#57     RenderProxyBoxMixin.performLayout (package:flutter/src/rendering/proxy_box.dart:115:18)
#58     RenderObject.layout (package:flutter/src/rendering/object.dart:2775:7)
#59     RenderProxyBoxMixin.performLayout (package:flutter/src/rendering/proxy_box.dart:115:18)
#60     RenderObject.layout (package:flutter/src/rendering/object.dart:2775:7)
#61     RenderProxyBoxMixin.performLayout (package:flutter/src/rendering/proxy_box.dart:115:18)
#62     RenderObject.layout (package:flutter/src/rendering/object.dart:2775:7)
#63     RenderProxyBoxMixin.performLayout (package:flutter/src/rendering/proxy_box.dart:115:18)
#64     _RenderCustomClip.performLayout (package:flutter/src/rendering/proxy_box.dart:1481:11)
#65     RenderObject.layout (package:flutter/src/rendering/object.dart:2775:7)
#66     MultiChildLayoutDelegate.layoutChild (package:flutter/src/rendering/custom_layout.dart:180:12)
#67     _ScaffoldLayout.performLayout (package:flutter/src/material/scaffold.dart:1112:7)
#68     MultiChildLayoutDelegate._callPerformLayout (package:flutter/src/rendering/custom_layout.dart:249:7)
#69     RenderCustomMultiChildLayoutBox.performLayout (package:flutter/src/rendering/custom_layout.dart:420:14)
#70     RenderObject.layout (package:flutter/src/rendering/object.dart:2775:7)
#71     RenderProxyBoxMixin.performLayout (package:flutter/src/rendering/proxy_box.dart:115:18)
#72     RenderObject.layout (package:flutter/src/rendering/object.dart:2775:7)
#73     RenderProxyBoxMixin.performLayout (package:flutter/src/rendering/proxy_box.dart:115:18)
#74     _RenderCustomClip.performLayout (package:flutter/src/rendering/proxy_box.dart:1481:11)
#75     RenderObject.layout (package:flutter/src/rendering/object.dart:2775:7)
#76     RenderProxyBoxMixin.performLayout (package:flutter/src/rendering/proxy_box.dart:115:18)
#77     RenderObject.layout (package:flutter/src/rendering/object.dart:2775:7)
#78     RenderProxyBoxMixin.performLayout (package:flutter/src/rendering/proxy_box.dart:115:18)
#79     RenderObject.layout (package:flutter/src/rendering/object.dart:2775:7)
#80     RenderProxyBoxMixin.performLayout (package:flutter/src/rendering/proxy_box.dart:115:18)
#81     RenderObject.layout (package:flutter/src/rendering/object.dart:2775:7)
#82     RenderProxyBoxMixin.performLayout (package:flutter/src/rendering/proxy_box.dart:115:18)
#83     RenderObject.layout (package:flutter/src/rendering/object.dart:2775:7)
#84     RenderProxyBoxMixin.performLayout (package:flutter/src/rendering/proxy_box.dart:115:18)
#85     RenderObject.layout (package:flutter/src/rendering/object.dart:2775:7)
#86     RenderProxyBoxMixin.performLayout (package:flutter/src/rendering/proxy_box.dart:115:18)
#87     RenderOffstage.performLayout (package:flutter/src/rendering/proxy_box.dart:3848:13)
#88     RenderObject.layout (package:flutter/src/rendering/object.dart:2775:7)
#89     RenderProxyBoxMixin.performLayout (package:flutter/src/rendering/proxy_box.dart:115:18)
#90     RenderObject.layout (package:flutter/src/rendering/object.dart:2775:7)
#91     _RenderTheaterMixin.layoutChild (package:flutter/src/widgets/overlay.dart:1084:13)
#92     _RenderTheater.performLayout (package:flutter/src/widgets/overlay.dart:1429:9)
#93     RenderObject.layout (package:flutter/src/rendering/object.dart:2775:7)
#94     RenderProxyBoxMixin.performLayout (package:flutter/src/rendering/proxy_box.dart:115:18)
#95     RenderObject.layout (package:flutter/src/rendering/object.dart:2775:7)
#96     RenderProxyBoxMixin.performLayout (package:flutter/src/rendering/proxy_box.dart:115:18)
#97     RenderObject.layout (package:flutter/src/rendering/object.dart:2775:7)
#98     MultiChildLayoutDelegate.layoutChild (package:flutter/src/rendering/custom_layout.dart:180:12)
#99     _ScaffoldLayout.performLayout (package:flutter/src/material/scaffold.dart:1112:7)
#100    MultiChildLayoutDelegate._callPerformLayout (package:flutter/src/rendering/custom_layout.dart:249:7)
#101    RenderCustomMultiChildLayoutBox.performLayout (package:flutter/src/rendering/custom_layout.dart:420:14)
#102    RenderObject.layout (package:flutter/src/rendering/object.dart:2775:7)
#103    RenderProxyBoxMixin.performLayout (package:flutter/src/rendering/proxy_box.dart:115:18)
#104    RenderObject.layout (package:flutter/src/rendering/object.dart:2775:7)
#105    RenderProxyBoxMixin.performLayout (package:flutter/src/rendering/proxy_box.dart:115:18)
#106    _RenderCustomClip.performLayout (package:flutter/src/rendering/proxy_box.dart:1481:11)
#107    RenderObject.layout (package:flutter/src/rendering/object.dart:2775:7)
#108    RenderProxyBoxMixin.performLayout (package:flutter/src/rendering/proxy_box.dart:115:18)
#109    RenderObject.layout (package:flutter/src/rendering/object.dart:2775:7)
#110    RenderProxyBoxMixin.performLayout (package:flutter/src/rendering/proxy_box.dart:115:18)
#111    RenderObject.layout (package:flutter/src/rendering/object.dart:2775:7)
#112    RenderProxyBoxMixin.performLayout (package:flutter/src/rendering/proxy_box.dart:115:18)
#113    RenderObject.layout (package:flutter/src/rendering/object.dart:2775:7)
#114    RenderProxyBoxMixin.performLayout (package:flutter/src/rendering/proxy_box.dart:115:18)
#115    RenderObject.layout (package:flutter/src/rendering/object.dart:2775:7)
#116    RenderProxyBoxMixin.performLayout (package:flutter/src/rendering/proxy_box.dart:115:18)
#117    RenderObject.layout (package:flutter/src/rendering/object.dart:2775:7)
#118    RenderProxyBoxMixin.performLayout (package:flutter/src/rendering/proxy_box.dart:115:18)
#119    RenderObject.layout (package:flutter/src/rendering/object.dart:2775:7)
#120    RenderProxyBoxMixin.performLayout (package:flutter/src/rendering/proxy_box.dart:115:18)
#121    RenderObject.layout (package:flutter/src/rendering/object.dart:2775:7)
#122    RenderProxyBoxMixin.performLayout (package:flutter/src/rendering/proxy_box.dart:115:18)
#123    RenderObject.layout (package:flutter/src/rendering/object.dart:2775:7)
#124    RenderProxyBoxMixin.performLayout (package:flutter/src/rendering/proxy_box.dart:115:18)
#125    RenderObject.layout (package:flutter/src/rendering/object.dart:2775:7)
#126    RenderProxyBoxMixin.performLayout (package:flutter/src/rendering/proxy_box.dart:115:18)
#127    RenderObject.layout (package:flutter/src/rendering/object.dart:2775:7)
#128    RenderProxyBoxMixin.performLayout (package:flutter/src/rendering/proxy_box.dart:115:18)
#129    RenderObject.layout (package:flutter/src/rendering/object.dart:2775:7)
#130    RenderProxyBoxMixin.performLayout (package:flutter/src/rendering/proxy_box.dart:115:18)
#131    RenderObject.layout (package:flutter/src/rendering/object.dart:2775:7)
#132    RenderProxyBoxMixin.performLayout (package:flutter/src/rendering/proxy_box.dart:115:18)
#133    RenderObject.layout (package:flutter/src/rendering/object.dart:2775:7)
#134    RenderProxyBoxMixin.performLayout (package:flutter/src/rendering/proxy_box.dart:115:18)
#135    RenderObject.layout (package:flutter/src/rendering/object.dart:2775:7)
#136    RenderProxyBoxMixin.performLayout (package:flutter/src/rendering/proxy_box.dart:115:18)
#137    RenderObject.layout (package:flutter/src/rendering/object.dart:2775:7)
#138    RenderProxyBoxMixin.performLayout (package:flutter/src/rendering/proxy_box.dart:115:18)
#139    RenderOffstage.performLayout (package:flutter/src/rendering/proxy_box.dart:3848:13)
#140    RenderObject.layout (package:flutter/src/rendering/object.dart:2775:7)
#141    RenderProxyBoxMixin.performLayout (package:flutter/src/rendering/proxy_box.dart:115:18)
#142    RenderObject.layout (package:flutter/src/rendering/object.dart:2775:7)
#143    _RenderTheaterMixin.layoutChild (package:flutter/src/widgets/overlay.dart:1084:13)
#144    _RenderTheater.performLayout (package:flutter/src/widgets/overlay.dart:1429:9)
#145    RenderObject.layout (package:flutter/src/rendering/object.dart:2775:7)
#146    RenderProxyBoxMixin.performLayout (package:flutter/src/rendering/proxy_box.dart:115:18)
#147    RenderObject.layout (package:flutter/src/rendering/object.dart:2775:7)
#148    RenderProxyBoxMixin.performLayout (package:flutter/src/rendering/proxy_box.dart:115:18)
#149    RenderObject.layout (package:flutter/src/rendering/object.dart:2775:7)
#150    ChildLayoutHelper.layoutChild (package:flutter/src/rendering/layout_helper.dart:62:11)
#151    RenderStack._computeSize (package:flutter/src/rendering/stack.dart:645:43)
#152    RenderStack.performLayout (package:flutter/src/rendering/stack.dart:680:12)
#153    RenderObject.layout (package:flutter/src/rendering/object.dart:2775:7)
#154    RenderProxyBoxMixin.performLayout (package:flutter/src/rendering/proxy_box.dart:115:18)
#155    RenderObject.layout (package:flutter/src/rendering/object.dart:2775:7)
#156    RenderProxyBoxMixin.performLayout (package:flutter/src/rendering/proxy_box.dart:115:18)
#157    RenderObject.layout (package:flutter/src/rendering/object.dart:2775:7)
#158    RenderProxyBoxMixin.performLayout (package:flutter/src/rendering/proxy_box.dart:115:18)
#159    RenderObject.layout (package:flutter/src/rendering/object.dart:2775:7)
#160    RenderProxyBoxMixin.performLayout (package:flutter/src/rendering/proxy_box.dart:115:18)
#161    RenderObject.layout (package:flutter/src/rendering/object.dart:2775:7)
#162    RenderProxyBoxMixin.performLayout (package:flutter/src/rendering/proxy_box.dart:115:18)
#163    RenderObject.layout (package:flutter/src/rendering/object.dart:2775:7)
#164    RenderProxyBoxMixin.performLayout (package:flutter/src/rendering/proxy_box.dart:115:18)
#165    RenderObject.layout (package:flutter/src/rendering/object.dart:2775:7)
#166    RenderView.performLayout (package:flutter/src/rendering/view.dart:294:12)
#167    RenderObject._layoutWithoutResize (package:flutter/src/rendering/object.dart:2623:7)
#168    PipelineOwner.flushLayout (package:flutter/src/rendering/object.dart:1170:18)
#169    PipelineOwner.flushLayout (package:flutter/src/rendering/object.dart:1183:15)
#170    AutomatedTestWidgetsFlutterBinding.drawFrame (package:flutter_test/src/binding.dart:1508:27)
#171    RendererBinding._handlePersistentFrameCallback (package:flutter/src/rendering/binding.dart:495:5)
#172    SchedulerBinding._invokeFrameCallback (package:flutter/src/scheduler/binding.dart:1434:15)
#173    SchedulerBinding.handleDrawFrame (package:flutter/src/scheduler/binding.dart:1347:9)
#174    AutomatedTestWidgetsFlutterBinding.pump.<anonymous closure> (package:flutter_test/src/binding.dart:1335:9)
#177    TestAsyncUtils.guard (package:flutter_test/src/test_async_utils.dart:74:41)
#178    AutomatedTestWidgetsFlutterBinding.pump (package:flutter_test/src/binding.dart:1324:27)
#179    WidgetTester.pumpWidget.<anonymous closure> (package:flutter_test/src/widget_tester.dart:598:22)
#182    TestAsyncUtils.guard (package:flutter_test/src/test_async_utils.dart:74:41)
#183    WidgetTester.pumpWidget (package:flutter_test/src/widget_tester.dart:595:27)
#184    main.<anonymous closure> (file:///D:/Mystery/programming/projects/PYTHON_PROJECTS/focus/focus_gg/focus_flutter/test/widget_test.dart:19:18)
#185    testWidgets.<anonymous closure>.<anonymous closure> (package:flutter_test/src/widget_tester.dart:192:29)
<asynchronous suspension>
#186    TestWidgetsFlutterBinding._runTestBody (package:flutter_test/src/binding.dart:1059:5)
<asynchronous suspension>
<asynchronous suspension>
(elided 7 frames from class _AssertionError, dart:async, and package:stack_trace)

The following RenderObject was being processed when the exception was fired: RenderFlex#aa1cb relayoutBoundary=up26 NEEDS-LAYOUT NEEDS-PAINT NEEDS-COMPOSITING-BITS-UPDATE:
  creator: Column ΓåÉ LayoutBuilder ΓåÉ Padding ΓåÉ Stack ΓåÉ Padding ΓåÉ DecoratedBox ΓåÉ Container ΓåÉ Stack ΓåÉ
    Listener ΓåÉ _GestureSemantics ΓåÉ RawGestureDetector ΓåÉ GestureDetector ΓåÉ Γï»
  parentData: offset=Offset(0.0, 0.0) (can use size)
  constraints: BoxConstraints(0.0<=w<=718.0, 0.0<=h<=Infinity)
  size: MISSING
  direction: vertical
  mainAxisAlignment: start
  mainAxisSize: max
  crossAxisAlignment: stretch
  verticalDirection: down
  spacing: 0.0
This RenderObject had the following descendants (showing up to depth 5):
    child 1: RenderPositionedBox#5029c relayoutBoundary=up27 NEEDS-PAINT NEEDS-COMPOSITING-BITS-UPDATE
      child: RenderDecoratedBox#d57f4 relayoutBoundary=up28 NEEDS-PAINT NEEDS-COMPOSITING-BITS-UPDATE
        child: RenderPadding#50332 relayoutBoundary=up29 NEEDS-PAINT NEEDS-COMPOSITING-BITS-UPDATE
          child: RenderParagraph#90228 relayoutBoundary=up30 NEEDS-PAINT
            text: TextSpan
    child 2: RenderConstrainedBox#a0fd6 relayoutBoundary=up27 NEEDS-PAINT
    child 3: RenderFlex#b3cf9 relayoutBoundary=up27 NEEDS-PAINT NEEDS-COMPOSITING-BITS-UPDATE
      child 1: RenderFlex#f1f04 relayoutBoundary=up28 NEEDS-PAINT NEEDS-COMPOSITING-BITS-UPDATE
        child 1: RenderFittedBox#b6007 relayoutBoundary=up29 NEEDS-PAINT NEEDS-COMPOSITING-BITS-UPDATE
          child: RenderFlex#d6f17 relayoutBoundary=up30 NEEDS-PAINT NEEDS-COMPOSITING-BITS-UPDATE
            child 1: RenderParagraph#67186 relayoutBoundary=up31 NEEDS-PAINT
            child 2: RenderConstrainedBox#5085d relayoutBoundary=up31 NEEDS-PAINT
            child 3: RenderPadding#7cb01 relayoutBoundary=up31 NEEDS-PAINT NEEDS-COMPOSITING-BITS-UPDATE
        child 2: RenderConstrainedBox#6aabe relayoutBoundary=up29 NEEDS-PAINT
        child 3: RenderPadding#62bef relayoutBoundary=up29 NEEDS-PAINT NEEDS-COMPOSITING-BITS-UPDATE
          child: RenderFlex#7ce43 relayoutBoundary=up30 NEEDS-PAINT NEEDS-COMPOSITING-BITS-UPDATE
            child 1: RenderConstrainedBox#d52ad relayoutBoundary=up31 NEEDS-PAINT NEEDS-COMPOSITING-BITS-UPDATE
            child 2: RenderParagraph#8b3d0 relayoutBoundary=up31 NEEDS-PAINT
        child 4: RenderPadding#e6854 relayoutBoundary=up29 NEEDS-PAINT NEEDS-COMPOSITING-BITS-UPDATE
          child: RenderFlex#65ef6 relayoutBoundary=up30 NEEDS-PAINT NEEDS-COMPOSITING-BITS-UPDATE
            child 1: RenderConstrainedBox#fdc29 relayoutBoundary=up31 NEEDS-PAINT NEEDS-COMPOSITING-BITS-UPDATE
            child 2: RenderParagraph#bab90 relayoutBoundary=up31 NEEDS-PAINT
        child 5: RenderPadding#ab2e0 relayoutBoundary=up29 NEEDS-PAINT NEEDS-COMPOSITING-BITS-UPDATE
          child: RenderFlex#056f0 relayoutBoundary=up30 NEEDS-PAINT NEEDS-COMPOSITING-BITS-UPDATE
            child 1: RenderConstrainedBox#3f59d relayoutBoundary=up31 NEEDS-PAINT NEEDS-COMPOSITING-BITS-UPDATE
            child 2: RenderParagraph#76843 relayoutBoundary=up31 NEEDS-PAINT
    ...(descendants list truncated after 25 lines)
ΓòÉΓòÉΓòÉΓòÉΓòÉΓòÉΓòÉΓòÉΓòÉΓòÉΓòÉΓòÉΓòÉΓòÉΓòÉΓòÉΓòÉΓòÉΓòÉΓòÉΓòÉΓòÉΓòÉΓòÉΓòÉΓòÉΓòÉΓòÉΓòÉΓòÉΓòÉΓòÉΓòÉΓòÉΓòÉΓòÉΓòÉΓòÉΓòÉΓòÉΓòÉΓòÉΓòÉΓòÉΓòÉΓòÉΓòÉΓòÉΓòÉΓòÉΓòÉΓòÉΓòÉΓòÉΓòÉΓòÉΓòÉΓòÉΓòÉΓòÉΓòÉΓòÉΓòÉΓòÉΓòÉΓòÉΓòÉΓòÉΓòÉΓòÉΓòÉΓòÉΓòÉΓòÉΓòÉΓòÉΓòÉΓòÉΓòÉΓòÉΓòÉΓòÉΓòÉΓòÉΓòÉΓòÉΓòÉΓòÉΓòÉΓòÉΓòÉΓòÉΓòÉΓòÉΓòÉΓòÉΓòÉΓòÉΓòÉΓòÉ
ΓòÉΓòÉΓòí EXCEPTION CAUGHT BY RENDERING LIBRARY Γò₧ΓòÉΓòÉΓòÉΓòÉΓòÉΓòÉΓòÉΓòÉΓòÉΓòÉΓòÉΓòÉΓòÉΓòÉΓòÉΓòÉΓòÉΓòÉΓòÉΓòÉΓòÉΓòÉΓòÉΓòÉΓòÉΓòÉΓòÉΓòÉΓòÉΓòÉΓòÉΓòÉΓòÉΓòÉΓòÉΓòÉΓòÉΓòÉΓòÉΓòÉΓòÉΓòÉΓòÉΓòÉΓòÉΓòÉΓòÉΓòÉΓòÉΓòÉΓòÉΓòÉΓòÉΓòÉΓòÉΓòÉΓòÉ
The following assertion was thrown during performLayout():
RenderBox was not laid out: RenderFlex#aa1cb relayoutBoundary=up26 NEEDS-PAINT
NEEDS-COMPOSITING-BITS-UPDATE
'package:flutter/src/rendering/box.dart':
Failed assertion: line 2251 pos 12: 'hasSize'

Either the assertion indicates an error in the framework itself, or we should provide substantially
more information in this error message to help you determine and fix the underlying cause.
In either case, please report this assertion by filing a bug on GitHub:
  https://github.com/flutter/flutter/issues/new?template=02_bug.yml

The relevant error-causing widget was:
  LayoutBuilder
  LayoutBuilder:file:///D:/Mystery/programming/projects/PYTHON_PROJECTS/focus/focus_gg/focus_flutter/lib/features/dashboard/dashboard_screen.dart:197:18

When the exception was thrown, this was the stack:
#2      RenderBox.size (package:flutter/src/rendering/box.dart:2251:12)
#3      _RenderLayoutBuilder.performLayout (package:flutter/src/widgets/layout_builder.dart:451:43)
#4      RenderObject.layout (package:flutter/src/rendering/object.dart:2775:7)
#5      RenderPadding.performLayout (package:flutter/src/rendering/shifted_box.dart:243:12)
#6      RenderObject.layout (package:flutter/src/rendering/object.dart:2775:7)
#7      ChildLayoutHelper.layoutChild (package:flutter/src/rendering/layout_helper.dart:62:11)
#8      RenderStack._computeSize (package:flutter/src/rendering/stack.dart:645:43)
#9      RenderStack.performLayout (package:flutter/src/rendering/stack.dart:680:12)
#10     RenderObject.layout (package:flutter/src/rendering/object.dart:2775:7)
#11     RenderPadding.performLayout (package:flutter/src/rendering/shifted_box.dart:243:12)
#12     RenderObject.layout (package:flutter/src/rendering/object.dart:2775:7)
#13     RenderProxyBoxMixin.performLayout (package:flutter/src/rendering/proxy_box.dart:115:18)
#14     RenderObject.layout (package:flutter/src/rendering/object.dart:2775:7)
#15     ChildLayoutHelper.layoutChild (package:flutter/src/rendering/layout_helper.dart:62:11)
#16     RenderStack._computeSize (package:flutter/src/rendering/stack.dart:645:43)
#17     RenderStack.performLayout (package:flutter/src/rendering/stack.dart:680:12)
#18     RenderObject.layout (package:flutter/src/rendering/object.dart:2775:7)
#19     RenderProxyBoxMixin.performLayout (package:flutter/src/rendering/proxy_box.dart:115:18)
#20     RenderObject.layout (package:flutter/src/rendering/object.dart:2775:7)
#21     RenderProxyBoxMixin.performLayout (package:flutter/src/rendering/proxy_box.dart:115:18)
#22     RenderObject.layout (package:flutter/src/rendering/object.dart:2775:7)
#23     ChildLayoutHelper.layoutChild (package:flutter/src/rendering/layout_helper.dart:62:11)
#24     RenderStack._computeSize (package:flutter/src/rendering/stack.dart:645:43)
#25     RenderStack.performLayout (package:flutter/src/rendering/stack.dart:680:12)
#26     RenderObject.layout (package:flutter/src/rendering/object.dart:2775:7)
#27     RenderProxyBoxMixin.performLayout (package:flutter/src/rendering/proxy_box.dart:115:18)
#28     RenderObject.layout (package:flutter/src/rendering/object.dart:2775:7)
#29     RenderProxyBoxMixin.performLayout (package:flutter/src/rendering/proxy_box.dart:115:18)
#30     RenderObject.layout (package:flutter/src/rendering/object.dart:2775:7)
#31     ChildLayoutHelper.layoutChild (package:flutter/src/rendering/layout_helper.dart:62:11)
#32     RenderFlex._computeSizes (package:flutter/src/rendering/flex.dart:1161:28)
#33     RenderFlex.performLayout (package:flutter/src/rendering/flex.dart:1257:32)
#34     RenderObject.layout (package:flutter/src/rendering/object.dart:2775:7)
#35     RenderPadding.performLayout (package:flutter/src/rendering/shifted_box.dart:243:12)
#36     RenderObject.layout (package:flutter/src/rendering/object.dart:2775:7)
#37     RenderConstrainedBox.performLayout (package:flutter/src/rendering/proxy_box.dart:293:14)
#38     RenderObject.layout (package:flutter/src/rendering/object.dart:2775:7)
#39     RenderPositionedBox.performLayout (package:flutter/src/rendering/shifted_box.dart:465:14)
#40     RenderObject.layout (package:flutter/src/rendering/object.dart:2775:7)
#41     RenderPadding.performLayout (package:flutter/src/rendering/shifted_box.dart:243:12)
#42     RenderObject.layout (package:flutter/src/rendering/object.dart:2775:7)
#43     _RenderSingleChildViewport.performLayout (package:flutter/src/widgets/single_child_scroll_view.dart:502:14)
#44     RenderObject.layout (package:flutter/src/rendering/object.dart:2775:7)
#45     RenderProxyBoxMixin.performLayout (package:flutter/src/rendering/proxy_box.dart:115:18)
#46     RenderObject.layout (package:flutter/src/rendering/object.dart:2775:7)
#47     RenderProxyBoxMixin.performLayout (package:flutter/src/rendering/proxy_box.dart:115:18)
#48     RenderObject.layout (package:flutter/src/rendering/object.dart:2775:7)
#49     RenderProxyBoxMixin.performLayout (package:flutter/src/rendering/proxy_box.dart:115:18)
#50     RenderObject.layout (package:flutter/src/rendering/object.dart:2775:7)
#51     RenderProxyBoxMixin.performLayout (package:flutter/src/rendering/proxy_box.dart:115:18)
#52     RenderObject.layout (package:flutter/src/rendering/object.dart:2775:7)
#53     RenderProxyBoxMixin.performLayout (package:flutter/src/rendering/proxy_box.dart:115:18)
#54     RenderObject.layout (package:flutter/src/rendering/object.dart:2775:7)
#55     RenderProxyBoxMixin.performLayout (package:flutter/src/rendering/proxy_box.dart:115:18)
#56     RenderObject.layout (package:flutter/src/rendering/object.dart:2775:7)
#57     RenderProxyBoxMixin.performLayout (package:flutter/src/rendering/proxy_box.dart:115:18)
#58     RenderObject.layout (package:flutter/src/rendering/object.dart:2775:7)
#59     RenderProxyBoxMixin.performLayout (package:flutter/src/rendering/proxy_box.dart:115:18)
#60     _RenderCustomClip.performLayout (package:flutter/src/rendering/proxy_box.dart:1481:11)
#61     RenderObject.layout (package:flutter/src/rendering/object.dart:2775:7)
#62     MultiChildLayoutDelegate.layoutChild (package:flutter/src/rendering/custom_layout.dart:180:12)
#63     _ScaffoldLayout.performLayout (package:flutter/src/material/scaffold.dart:1112:7)
#64     MultiChildLayoutDelegate._callPerformLayout (package:flutter/src/rendering/custom_layout.dart:249:7)
#65     RenderCustomMultiChildLayoutBox.performLayout (package:flutter/src/rendering/custom_layout.dart:420:14)
#66     RenderObject.layout (package:flutter/src/rendering/object.dart:2775:7)
#67     RenderProxyBoxMixin.performLayout (package:flutter/src/rendering/proxy_box.dart:115:18)
#68     RenderObject.layout (package:flutter/src/rendering/object.dart:2775:7)
#69     RenderProxyBoxMixin.performLayout (package:flutter/src/rendering/proxy_box.dart:115:18)
#70     _RenderCustomClip.performLayout (package:flutter/src/rendering/proxy_box.dart:1481:11)
#71     RenderObject.layout (package:flutter/src/rendering/object.dart:2775:7)
#72     RenderProxyBoxMixin.performLayout (package:flutter/src/rendering/proxy_box.dart:115:18)
#73     RenderObject.layout (package:flutter/src/rendering/object.dart:2775:7)
#74     RenderProxyBoxMixin.performLayout (package:flutter/src/rendering/proxy_box.dart:115:18)
#75     RenderObject.layout (package:flutter/src/rendering/object.dart:2775:7)
#76     RenderProxyBoxMixin.performLayout (package:flutter/src/rendering/proxy_box.dart:115:18)
#77     RenderObject.layout (package:flutter/src/rendering/object.dart:2775:7)
#78     RenderProxyBoxMixin.performLayout (package:flutter/src/rendering/proxy_box.dart:115:18)
#79     RenderObject.layout (package:flutter/src/rendering/object.dart:2775:7)
#80     RenderProxyBoxMixin.performLayout (package:flutter/src/rendering/proxy_box.dart:115:18)
#81     RenderObject.layout (package:flutter/src/rendering/object.dart:2775:7)
#82     RenderProxyBoxMixin.performLayout (package:flutter/src/rendering/proxy_box.dart:115:18)
#83     RenderOffstage.performLayout (package:flutter/src/rendering/proxy_box.dart:3848:13)
#84     RenderObject.layout (package:flutter/src/rendering/object.dart:2775:7)
#85     RenderProxyBoxMixin.performLayout (package:flutter/src/rendering/proxy_box.dart:115:18)
#86     RenderObject.layout (package:flutter/src/rendering/object.dart:2775:7)
#87     _RenderTheaterMixin.layoutChild (package:flutter/src/widgets/overlay.dart:1084:13)
#88     _RenderTheater.performLayout (package:flutter/src/widgets/overlay.dart:1429:9)
#89     RenderObject.layout (package:flutter/src/rendering/object.dart:2775:7)
#90     RenderProxyBoxMixin.performLayout (package:flutter/src/rendering/proxy_box.dart:115:18)
#91     RenderObject.layout (package:flutter/src/rendering/object.dart:2775:7)
#92     RenderProxyBoxMixin.performLayout (package:flutter/src/rendering/proxy_box.dart:115:18)
#93     RenderObject.layout (package:flutter/src/rendering/object.dart:2775:7)
#94     MultiChildLayoutDelegate.layoutChild (package:flutter/src/rendering/custom_layout.dart:180:12)
#95     _ScaffoldLayout.performLayout (package:flutter/src/material/scaffold.dart:1112:7)
#96     MultiChildLayoutDelegate._callPerformLayout (package:flutter/src/rendering/custom_layout.dart:249:7)
#97     RenderCustomMultiChildLayoutBox.performLayout (package:flutter/src/rendering/custom_layout.dart:420:14)
#98     RenderObject.layout (package:flutter/src/rendering/object.dart:2775:7)
#99     RenderProxyBoxMixin.performLayout (package:flutter/src/rendering/proxy_box.dart:115:18)
#100    RenderObject.layout (package:flutter/src/rendering/object.dart:2775:7)
#101    RenderProxyBoxMixin.performLayout (package:flutter/src/rendering/proxy_box.dart:115:18)
#102    _RenderCustomClip.performLayout (package:flutter/src/rendering/proxy_box.dart:1481:11)
#103    RenderObject.layout (package:flutter/src/rendering/object.dart:2775:7)
#104    RenderProxyBoxMixin.performLayout (package:flutter/src/rendering/proxy_box.dart:115:18)
#105    RenderObject.layout (package:flutter/src/rendering/object.dart:2775:7)
#106    RenderProxyBoxMixin.performLayout (package:flutter/src/rendering/proxy_box.dart:115:18)
#107    RenderObject.layout (package:flutter/src/rendering/object.dart:2775:7)
#108    RenderProxyBoxMixin.performLayout (package:flutter/src/rendering/proxy_box.dart:115:18)
#109    RenderObject.layout (package:flutter/src/rendering/object.dart:2775:7)
#110    RenderProxyBoxMixin.performLayout (package:flutter/src/rendering/proxy_box.dart:115:18)
#111    RenderObject.layout (package:flutter/src/rendering/object.dart:2775:7)
#112    RenderProxyBoxMixin.performLayout (package:flutter/src/rendering/proxy_box.dart:115:18)
#113    RenderObject.layout (package:flutter/src/rendering/object.dart:2775:7)
#114    RenderProxyBoxMixin.performLayout (package:flutter/src/rendering/proxy_box.dart:115:18)
#115    RenderObject.layout (package:flutter/src/rendering/object.dart:2775:7)
#116    RenderProxyBoxMixin.performLayout (package:flutter/src/rendering/proxy_box.dart:115:18)
#117    RenderObject.layout (package:flutter/src/rendering/object.dart:2775:7)
#118    RenderProxyBoxMixin.performLayout (package:flutter/src/rendering/proxy_box.dart:115:18)
#119    RenderObject.layout (package:flutter/src/rendering/object.dart:2775:7)
#120    RenderProxyBoxMixin.performLayout (package:flutter/src/rendering/proxy_box.dart:115:18)
#121    RenderObject.layout (package:flutter/src/rendering/object.dart:2775:7)
#122    RenderProxyBoxMixin.performLayout (package:flutter/src/rendering/proxy_box.dart:115:18)
#123    RenderObject.layout (package:flutter/src/rendering/object.dart:2775:7)
#124    RenderProxyBoxMixin.performLayout (package:flutter/src/rendering/proxy_box.dart:115:18)
#125    RenderObject.layout (package:flutter/src/rendering/object.dart:2775:7)
#126    RenderProxyBoxMixin.performLayout (package:flutter/src/rendering/proxy_box.dart:115:18)
#127    RenderObject.layout (package:flutter/src/rendering/object.dart:2775:7)
#128    RenderProxyBoxMixin.performLayout (package:flutter/src/rendering/proxy_box.dart:115:18)
#129    RenderObject.layout (package:flutter/src/rendering/object.dart:2775:7)
#130    RenderProxyBoxMixin.performLayout (package:flutter/src/rendering/proxy_box.dart:115:18)
#131    RenderObject.layout (package:flutter/src/rendering/object.dart:2775:7)
#132    RenderProxyBoxMixin.performLayout (package:flutter/src/rendering/proxy_box.dart:115:18)
#133    RenderObject.layout (package:flutter/src/rendering/object.dart:2775:7)
#134    RenderProxyBoxMixin.performLayout (package:flutter/src/rendering/proxy_box.dart:115:18)
#135    RenderOffstage.performLayout (package:flutter/src/rendering/proxy_box.dart:3848:13)
#136    RenderObject.layout (package:flutter/src/rendering/object.dart:2775:7)
#137    RenderProxyBoxMixin.performLayout (package:flutter/src/rendering/proxy_box.dart:115:18)
#138    RenderObject.layout (package:flutter/src/rendering/object.dart:2775:7)
#139    _RenderTheaterMixin.layoutChild (package:flutter/src/widgets/overlay.dart:1084:13)
#140    _RenderTheater.performLayout (package:flutter/src/widgets/overlay.dart:1429:9)
#141    RenderObject.layout (package:flutter/src/rendering/object.dart:2775:7)
#142    RenderProxyBoxMixin.performLayout (package:flutter/src/rendering/proxy_box.dart:115:18)
#143    RenderObject.layout (package:flutter/src/rendering/object.dart:2775:7)
#144    RenderProxyBoxMixin.performLayout (package:flutter/src/rendering/proxy_box.dart:115:18)
#145    RenderObject.layout (package:flutter/src/rendering/object.dart:2775:7)
#146    ChildLayoutHelper.layoutChild (package:flutter/src/rendering/layout_helper.dart:62:11)
#147    RenderStack._computeSize (package:flutter/src/rendering/stack.dart:645:43)
#148    RenderStack.performLayout (package:flutter/src/rendering/stack.dart:680:12)
#149    RenderObject.layout (package:flutter/src/rendering/object.dart:2775:7)
#150    RenderProxyBoxMixin.performLayout (package:flutter/src/rendering/proxy_box.dart:115:18)
#151    RenderObject.layout (package:flutter/src/rendering/object.dart:2775:7)
#152    RenderProxyBoxMixin.performLayout (package:flutter/src/rendering/proxy_box.dart:115:18)
#153    RenderObject.layout (package:flutter/src/rendering/object.dart:2775:7)
#154    RenderProxyBoxMixin.performLayout (package:flutter/src/rendering/proxy_box.dart:115:18)
#155    RenderObject.layout (package:flutter/src/rendering/object.dart:2775:7)
#156    RenderProxyBoxMixin.performLayout (package:flutter/src/rendering/proxy_box.dart:115:18)
#157    RenderObject.layout (package:flutter/src/rendering/object.dart:2775:7)
#158    RenderProxyBoxMixin.performLayout (package:flutter/src/rendering/proxy_box.dart:115:18)
#159    RenderObject.layout (package:flutter/src/rendering/object.dart:2775:7)
#160    RenderProxyBoxMixin.performLayout (package:flutter/src/rendering/proxy_box.dart:115:18)
#161    RenderObject.layout (package:flutter/src/rendering/object.dart:2775:7)
#162    RenderView.performLayout (package:flutter/src/rendering/view.dart:294:12)
#163    RenderObject._layoutWithoutResize (package:flutter/src/rendering/object.dart:2623:7)
#164    PipelineOwner.flushLayout (package:flutter/src/rendering/object.dart:1170:18)
#165    PipelineOwner.flushLayout (package:flutter/src/rendering/object.dart:1183:15)
#166    AutomatedTestWidgetsFlutterBinding.drawFrame (package:flutter_test/src/binding.dart:1508:27)
#167    RendererBinding._handlePersistentFrameCallback (package:flutter/src/rendering/binding.dart:495:5)
#168    SchedulerBinding._invokeFrameCallback (package:flutter/src/scheduler/binding.dart:1434:15)
#169    SchedulerBinding.handleDrawFrame (package:flutter/src/scheduler/binding.dart:1347:9)
#170    AutomatedTestWidgetsFlutterBinding.pump.<anonymous closure> (package:flutter_test/src/binding.dart:1335:9)
#173    TestAsyncUtils.guard (package:flutter_test/src/test_async_utils.dart:74:41)
#174    AutomatedTestWidgetsFlutterBinding.pump (package:flutter_test/src/binding.dart:1324:27)
#175    WidgetTester.pumpWidget.<anonymous closure> (package:flutter_test/src/widget_tester.dart:598:22)
#178    TestAsyncUtils.guard (package:flutter_test/src/test_async_utils.dart:74:41)
#179    WidgetTester.pumpWidget (package:flutter_test/src/widget_tester.dart:595:27)
#180    main.<anonymous closure> (file:///D:/Mystery/programming/projects/PYTHON_PROJECTS/focus/focus_gg/focus_flutter/test/widget_test.dart:19:18)
#181    testWidgets.<anonymous closure>.<anonymous closure> (package:flutter_test/src/widget_tester.dart:192:29)
<asynchronous suspension>
#182    TestWidgetsFlutterBinding._runTestBody (package:flutter_test/src/binding.dart:1059:5)
<asynchronous suspension>
<asynchronous suspension>
(elided 7 frames from class _AssertionError, dart:async, and package:stack_trace)

The following RenderObject was being processed when the exception was fired: _RenderLayoutBuilder#af538 relayoutBoundary=up25 NEEDS-LAYOUT NEEDS-PAINT NEEDS-COMPOSITING-BITS-UPDATE:
  creator: LayoutBuilder ΓåÉ Padding ΓåÉ Stack ΓåÉ Padding ΓåÉ DecoratedBox ΓåÉ Container ΓåÉ Stack ΓåÉ Listener ΓåÉ
    _GestureSemantics ΓåÉ RawGestureDetector ΓåÉ GestureDetector ΓåÉ CyberCard ΓåÉ Γï»
  parentData: offset=Offset(0.0, 0.0) (can use size)
  constraints: BoxConstraints(0.0<=w<=718.0, 0.0<=h<=Infinity)
  size: MISSING
This RenderObject had the following descendants (showing up to depth 5):
    child: RenderFlex#aa1cb relayoutBoundary=up26 NEEDS-PAINT NEEDS-COMPOSITING-BITS-UPDATE
      child 1: RenderPositionedBox#5029c relayoutBoundary=up27 NEEDS-PAINT NEEDS-COMPOSITING-BITS-UPDATE
        child: RenderDecoratedBox#d57f4 relayoutBoundary=up28 NEEDS-PAINT NEEDS-COMPOSITING-BITS-UPDATE
          child: RenderPadding#50332 relayoutBoundary=up29 NEEDS-PAINT NEEDS-COMPOSITING-BITS-UPDATE
            child: RenderParagraph#90228 relayoutBoundary=up30 NEEDS-PAINT
      child 2: RenderConstrainedBox#a0fd6 relayoutBoundary=up27 NEEDS-PAINT
      child 3: RenderFlex#b3cf9 relayoutBoundary=up27 NEEDS-PAINT NEEDS-COMPOSITING-BITS-UPDATE
        child 1: RenderFlex#f1f04 relayoutBoundary=up28 NEEDS-PAINT NEEDS-COMPOSITING-BITS-UPDATE
          child 1: RenderFittedBox#b6007 relayoutBoundary=up29 NEEDS-PAINT NEEDS-COMPOSITING-BITS-UPDATE
            child: RenderFlex#d6f17 relayoutBoundary=up30 NEEDS-PAINT NEEDS-COMPOSITING-BITS-UPDATE
          child 2: RenderConstrainedBox#6aabe relayoutBoundary=up29 NEEDS-PAINT
          child 3: RenderPadding#62bef relayoutBoundary=up29 NEEDS-PAINT NEEDS-COMPOSITING-BITS-UPDATE
            child: RenderFlex#7ce43 relayoutBoundary=up30 NEEDS-PAINT NEEDS-COMPOSITING-BITS-UPDATE
          child 4: RenderPadding#e6854 relayoutBoundary=up29 NEEDS-PAINT NEEDS-COMPOSITING-BITS-UPDATE
            child: RenderFlex#65ef6 relayoutBoundary=up30 NEEDS-PAINT NEEDS-COMPOSITING-BITS-UPDATE
          child 5: RenderPadding#ab2e0 relayoutBoundary=up29 NEEDS-PAINT NEEDS-COMPOSITING-BITS-UPDATE
            child: RenderFlex#056f0 relayoutBoundary=up30 NEEDS-PAINT NEEDS-COMPOSITING-BITS-UPDATE
        child 2: RenderConstrainedBox#47fa4 relayoutBoundary=up28 NEEDS-PAINT
        child 3: RenderFlex#cfa20 relayoutBoundary=up28 NEEDS-PAINT NEEDS-COMPOSITING-BITS-UPDATE
          child 1: RenderFlex#e845d relayoutBoundary=up29 NEEDS-PAINT NEEDS-COMPOSITING-BITS-UPDATE
            child 1: RenderPadding#72fd1 relayoutBoundary=up30 NEEDS-PAINT NEEDS-COMPOSITING-BITS-UPDATE
            child 2: RenderPhysicalModel#e7b79 relayoutBoundary=up30 NEEDS-PAINT NEEDS-COMPOSITING-BITS-UPDATE
          child 2: RenderConstrainedBox#fe7ce relayoutBoundary=up29 NEEDS-PAINT
          child 3: RenderFlex#ca726 relayoutBoundary=up29 NEEDS-PAINT NEEDS-COMPOSITING-BITS-UPDATE
            child 1: RenderPadding#b96a6 relayoutBoundary=up30 NEEDS-PAINT NEEDS-COMPOSITING-BITS-UPDATE
            child 2: RenderPhysicalModel#3f598 relayoutBoundary=up30 NEEDS-PAINT NEEDS-COMPOSITING-BITS-UPDATE
          child 4: RenderConstrainedBox#6f87b relayoutBoundary=up29 NEEDS-PAINT
          child 5: RenderFlex#5d15d relayoutBoundary=up29 NEEDS-PAINT NEEDS-COMPOSITING-BITS-UPDATE
            child 1: RenderPadding#776a6 relayoutBoundary=up30 NEEDS-PAINT NEEDS-COMPOSITING-BITS-UPDATE
    ...(descendants list truncated after 25 lines)
ΓòÉΓòÉΓòÉΓòÉΓòÉΓòÉΓòÉΓòÉΓòÉΓòÉΓòÉΓòÉΓòÉΓòÉΓòÉΓòÉΓòÉΓòÉΓòÉΓòÉΓòÉΓòÉΓòÉΓòÉΓòÉΓòÉΓòÉΓòÉΓòÉΓòÉΓòÉΓòÉΓòÉΓòÉΓòÉΓòÉΓòÉΓòÉΓòÉΓòÉΓòÉΓòÉΓòÉΓòÉΓòÉΓòÉΓòÉΓòÉΓòÉΓòÉΓòÉΓòÉΓòÉΓòÉΓòÉΓòÉΓòÉΓòÉΓòÉΓòÉΓòÉΓòÉΓòÉΓòÉΓòÉΓòÉΓòÉΓòÉΓòÉΓòÉΓòÉΓòÉΓòÉΓòÉΓòÉΓòÉΓòÉΓòÉΓòÉΓòÉΓòÉΓòÉΓòÉΓòÉΓòÉΓòÉΓòÉΓòÉΓòÉΓòÉΓòÉΓòÉΓòÉΓòÉΓòÉΓòÉΓòÉΓòÉΓòÉΓòÉ
ΓòÉΓòÉΓòí EXCEPTION CAUGHT BY RENDERING LIBRARY Γò₧ΓòÉΓòÉΓòÉΓòÉΓòÉΓòÉΓòÉΓòÉΓòÉΓòÉΓòÉΓòÉΓòÉΓòÉΓòÉΓòÉΓòÉΓòÉΓòÉΓòÉΓòÉΓòÉΓòÉΓòÉΓòÉΓòÉΓòÉΓòÉΓòÉΓòÉΓòÉΓòÉΓòÉΓòÉΓòÉΓòÉΓòÉΓòÉΓòÉΓòÉΓòÉΓòÉΓòÉΓòÉΓòÉΓòÉΓòÉΓòÉΓòÉΓòÉΓòÉΓòÉΓòÉΓòÉΓòÉΓòÉΓòÉ
The following assertion was thrown during performLayout():
RenderBox was not laid out: _RenderLayoutBuilder#af538 relayoutBoundary=up25 NEEDS-PAINT
NEEDS-COMPOSITING-BITS-UPDATE
'package:flutter/src/rendering/box.dart':
Failed assertion: line 2251 pos 12: 'hasSize'

Either the assertion indicates an error in the framework itself, or we should provide substantially
more information in this error message to help you determine and fix the underlying cause.
In either case, please report this assertion by filing a bug on GitHub:
  https://github.com/flutter/flutter/issues/new?template=02_bug.yml

The relevant error-causing widget was:
  Padding
  Padding:file:///D:/Mystery/programming/projects/PYTHON_PROJECTS/focus/focus_gg/focus_flutter/lib/shared/widgets/cyber_card.dart:57:17

When the exception was thrown, this was the stack:
#2      RenderBox.size (package:flutter/src/rendering/box.dart:2251:12)
#3      RenderPadding.performLayout (package:flutter/src/rendering/shifted_box.dart:247:40)
#4      RenderObject.layout (package:flutter/src/rendering/object.dart:2775:7)
#5      ChildLayoutHelper.layoutChild (package:flutter/src/rendering/layout_helper.dart:62:11)
#6      RenderStack._computeSize (package:flutter/src/rendering/stack.dart:645:43)
#7      RenderStack.performLayout (package:flutter/src/rendering/stack.dart:680:12)
#8      RenderObject.layout (package:flutter/src/rendering/object.dart:2775:7)
#9      RenderPadding.performLayout (package:flutter/src/rendering/shifted_box.dart:243:12)
#10     RenderObject.layout (package:flutter/src/rendering/object.dart:2775:7)
#11     RenderProxyBoxMixin.performLayout (package:flutter/src/rendering/proxy_box.dart:115:18)
#12     RenderObject.layout (package:flutter/src/rendering/object.dart:2775:7)
#13     ChildLayoutHelper.layoutChild (package:flutter/src/rendering/layout_helper.dart:62:11)
#14     RenderStack._computeSize (package:flutter/src/rendering/stack.dart:645:43)
#15     RenderStack.performLayout (package:flutter/src/rendering/stack.dart:680:12)
#16     RenderObject.layout (package:flutter/src/rendering/object.dart:2775:7)
#17     RenderProxyBoxMixin.performLayout (package:flutter/src/rendering/proxy_box.dart:115:18)
#18     RenderObject.layout (package:flutter/src/rendering/object.dart:2775:7)
#19     RenderProxyBoxMixin.performLayout (package:flutter/src/rendering/proxy_box.dart:115:18)
#20     RenderObject.layout (package:flutter/src/rendering/object.dart:2775:7)
#21     ChildLayoutHelper.layoutChild (package:flutter/src/rendering/layout_helper.dart:62:11)
#22     RenderStack._computeSize (package:flutter/src/rendering/stack.dart:645:43)
#23     RenderStack.performLayout (package:flutter/src/rendering/stack.dart:680:12)
#24     RenderObject.layout (package:flutter/src/rendering/object.dart:2775:7)
#25     RenderProxyBoxMixin.performLayout (package:flutter/src/rendering/proxy_box.dart:115:18)
#26     RenderObject.layout (package:flutter/src/rendering/object.dart:2775:7)
#27     RenderProxyBoxMixin.performLayout (package:flutter/src/rendering/proxy_box.dart:115:18)
#28     RenderObject.layout (package:flutter/src/rendering/object.dart:2775:7)
#29     ChildLayoutHelper.layoutChild (package:flutter/src/rendering/layout_helper.dart:62:11)
#30     RenderFlex._computeSizes (package:flutter/src/rendering/flex.dart:1161:28)
#31     RenderFlex.performLayout (package:flutter/src/rendering/flex.dart:1257:32)
#32     RenderObject.layout (package:flutter/src/rendering/object.dart:2775:7)
#33     RenderPadding.performLayout (package:flutter/src/rendering/shifted_box.dart:243:12)
#34     RenderObject.layout (package:flutter/src/rendering/object.dart:2775:7)
#35     RenderConstrainedBox.performLayout (package:flutter/src/rendering/proxy_box.dart:293:14)
#36     RenderObject.layout (package:flutter/src/rendering/object.dart:2775:7)
#37     RenderPositionedBox.performLayout (package:flutter/src/rendering/shifted_box.dart:465:14)
#38     RenderObject.layout (package:flutter/src/rendering/object.dart:2775:7)
#39     RenderPadding.performLayout (package:flutter/src/rendering/shifted_box.dart:243:12)
#40     RenderObject.layout (package:flutter/src/rendering/object.dart:2775:7)
#41     _RenderSingleChildViewport.performLayout (package:flutter/src/widgets/single_child_scroll_view.dart:502:14)
#42     RenderObject.layout (package:flutter/src/rendering/object.dart:2775:7)
#43     RenderProxyBoxMixin.performLayout (package:flutter/src/rendering/proxy_box.dart:115:18)
#44     RenderObject.layout (package:flutter/src/rendering/object.dart:2775:7)
#45     RenderProxyBoxMixin.performLayout (package:flutter/src/rendering/proxy_box.dart:115:18)
#46     RenderObject.layout (package:flutter/src/rendering/object.dart:2775:7)
#47     RenderProxyBoxMixin.performLayout (package:flutter/src/rendering/proxy_box.dart:115:18)
#48     RenderObject.layout (package:flutter/src/rendering/object.dart:2775:7)
#49     RenderProxyBoxMixin.performLayout (package:flutter/src/rendering/proxy_box.dart:115:18)
#50     RenderObject.layout (package:flutter/src/rendering/object.dart:2775:7)
#51     RenderProxyBoxMixin.performLayout (package:flutter/src/rendering/proxy_box.dart:115:18)
#52     RenderObject.layout (package:flutter/src/rendering/object.dart:2775:7)
#53     RenderProxyBoxMixin.performLayout (package:flutter/src/rendering/proxy_box.dart:115:18)
#54     RenderObject.layout (package:flutter/src/rendering/object.dart:2775:7)
#55     RenderProxyBoxMixin.performLayout (package:flutter/src/rendering/proxy_box.dart:115:18)
#56     RenderObject.layout (package:flutter/src/rendering/object.dart:2775:7)
#57     RenderProxyBoxMixin.performLayout (package:flutter/src/rendering/proxy_box.dart:115:18)
#58     _RenderCustomClip.performLayout (package:flutter/src/rendering/proxy_box.dart:1481:11)
#59     RenderObject.layout (package:flutter/src/rendering/object.dart:2775:7)
#60     MultiChildLayoutDelegate.layoutChild (package:flutter/src/rendering/custom_layout.dart:180:12)
#61     _ScaffoldLayout.performLayout (package:flutter/src/material/scaffold.dart:1112:7)
#62     MultiChildLayoutDelegate._callPerformLayout (package:flutter/src/rendering/custom_layout.dart:249:7)
#63     RenderCustomMultiChildLayoutBox.performLayout (package:flutter/src/rendering/custom_layout.dart:420:14)
#64     RenderObject.layout (package:flutter/src/rendering/object.dart:2775:7)
#65     RenderProxyBoxMixin.performLayout (package:flutter/src/rendering/proxy_box.dart:115:18)
#66     RenderObject.layout (package:flutter/src/rendering/object.dart:2775:7)
#67     RenderProxyBoxMixin.performLayout (package:flutter/src/rendering/proxy_box.dart:115:18)
#68     _RenderCustomClip.performLayout (package:flutter/src/rendering/proxy_box.dart:1481:11)
#69     RenderObject.layout (package:flutter/src/rendering/object.dart:2775:7)
#70     RenderProxyBoxMixin.performLayout (package:flutter/src/rendering/proxy_box.dart:115:18)
#71     RenderObject.layout (package:flutter/src/rendering/object.dart:2775:7)
#72     RenderProxyBoxMixin.performLayout (package:flutter/src/rendering/proxy_box.dart:115:18)
#73     RenderObject.layout (package:flutter/src/rendering/object.dart:2775:7)
#74     RenderProxyBoxMixin.performLayout (package:flutter/src/rendering/proxy_box.dart:115:18)
#75     RenderObject.layout (package:flutter/src/rendering/object.dart:2775:7)
#76     RenderProxyBoxMixin.performLayout (package:flutter/src/rendering/proxy_box.dart:115:18)
#77     RenderObject.layout (package:flutter/src/rendering/object.dart:2775:7)
#78     RenderProxyBoxMixin.performLayout (package:flutter/src/rendering/proxy_box.dart:115:18)
#79     RenderObject.layout (package:flutter/src/rendering/object.dart:2775:7)
#80     RenderProxyBoxMixin.performLayout (package:flutter/src/rendering/proxy_box.dart:115:18)
#81     RenderOffstage.performLayout (package:flutter/src/rendering/proxy_box.dart:3848:13)
#82     RenderObject.layout (package:flutter/src/rendering/object.dart:2775:7)
#83     RenderProxyBoxMixin.performLayout (package:flutter/src/rendering/proxy_box.dart:115:18)
#84     RenderObject.layout (package:flutter/src/rendering/object.dart:2775:7)
#85     _RenderTheaterMixin.layoutChild (package:flutter/src/widgets/overlay.dart:1084:13)
#86     _RenderTheater.performLayout (package:flutter/src/widgets/overlay.dart:1429:9)
#87     RenderObject.layout (package:flutter/src/rendering/object.dart:2775:7)
#88     RenderProxyBoxMixin.performLayout (package:flutter/src/rendering/proxy_box.dart:115:18)
#89     RenderObject.layout (package:flutter/src/rendering/object.dart:2775:7)
#90     RenderProxyBoxMixin.performLayout (package:flutter/src/rendering/proxy_box.dart:115:18)
#91     RenderObject.layout (package:flutter/src/rendering/object.dart:2775:7)
#92     MultiChildLayoutDelegate.layoutChild (package:flutter/src/rendering/custom_layout.dart:180:12)
#93     _ScaffoldLayout.performLayout (package:flutter/src/material/scaffold.dart:1112:7)
#94     MultiChildLayoutDelegate._callPerformLayout (package:flutter/src/rendering/custom_layout.dart:249:7)
#95     RenderCustomMultiChildLayoutBox.performLayout (package:flutter/src/rendering/custom_layout.dart:420:14)
#96     RenderObject.layout (package:flutter/src/rendering/object.dart:2775:7)
#97     RenderProxyBoxMixin.performLayout (package:flutter/src/rendering/proxy_box.dart:115:18)
#98     RenderObject.layout (package:flutter/src/rendering/object.dart:2775:7)
#99     RenderProxyBoxMixin.performLayout (package:flutter/src/rendering/proxy_box.dart:115:18)
#100    _RenderCustomClip.performLayout (package:flutter/src/rendering/proxy_box.dart:1481:11)
#101    RenderObject.layout (package:flutter/src/rendering/object.dart:2775:7)
#102    RenderProxyBoxMixin.performLayout (package:flutter/src/rendering/proxy_box.dart:115:18)
#103    RenderObject.layout (package:flutter/src/rendering/object.dart:2775:7)
#104    RenderProxyBoxMixin.performLayout (package:flutter/src/rendering/proxy_box.dart:115:18)
#105    RenderObject.layout (package:flutter/src/rendering/object.dart:2775:7)
#106    RenderProxyBoxMixin.performLayout (package:flutter/src/rendering/proxy_box.dart:115:18)
#107    RenderObject.layout (package:flutter/src/rendering/object.dart:2775:7)
#108    RenderProxyBoxMixin.performLayout (package:flutter/src/rendering/proxy_box.dart:115:18)
#109    RenderObject.layout (package:flutter/src/rendering/object.dart:2775:7)
#110    RenderProxyBoxMixin.performLayout (package:flutter/src/rendering/proxy_box.dart:115:18)
#111    RenderObject.layout (package:flutter/src/rendering/object.dart:2775:7)
#112    RenderProxyBoxMixin.performLayout (package:flutter/src/rendering/proxy_box.dart:115:18)
#113    RenderObject.layout (package:flutter/src/rendering/object.dart:2775:7)
#114    RenderProxyBoxMixin.performLayout (package:flutter/src/rendering/proxy_box.dart:115:18)
#115    RenderObject.layout (package:flutter/src/rendering/object.dart:2775:7)
#116    RenderProxyBoxMixin.performLayout (package:flutter/src/rendering/proxy_box.dart:115:18)
#117    RenderObject.layout (package:flutter/src/rendering/object.dart:2775:7)
#118    RenderProxyBoxMixin.performLayout (package:flutter/src/rendering/proxy_box.dart:115:18)
#119    RenderObject.layout (package:flutter/src/rendering/object.dart:2775:7)
#120    RenderProxyBoxMixin.performLayout (package:flutter/src/rendering/proxy_box.dart:115:18)
#121    RenderObject.layout (package:flutter/src/rendering/object.dart:2775:7)
#122    RenderProxyBoxMixin.performLayout (package:flutter/src/rendering/proxy_box.dart:115:18)
#123    RenderObject.layout (package:flutter/src/rendering/object.dart:2775:7)
#124    RenderProxyBoxMixin.performLayout (package:flutter/src/rendering/proxy_box.dart:115:18)
#125    RenderObject.layout (package:flutter/src/rendering/object.dart:2775:7)
#126    RenderProxyBoxMixin.performLayout (package:flutter/src/rendering/proxy_box.dart:115:18)
#127    RenderObject.layout (package:flutter/src/rendering/object.dart:2775:7)
#128    RenderProxyBoxMixin.performLayout (package:flutter/src/rendering/proxy_box.dart:115:18)
#129    RenderObject.layout (package:flutter/src/rendering/object.dart:2775:7)
#130    RenderProxyBoxMixin.performLayout (package:flutter/src/rendering/proxy_box.dart:115:18)
#131    RenderObject.layout (package:flutter/src/rendering/object.dart:2775:7)
#132    RenderProxyBoxMixin.performLayout (package:flutter/src/rendering/proxy_box.dart:115:18)
#133    RenderOffstage.performLayout (package:flutter/src/rendering/proxy_box.dart:3848:13)
#134    RenderObject.layout (package:flutter/src/rendering/object.dart:2775:7)
#135    RenderProxyBoxMixin.performLayout (package:flutter/src/rendering/proxy_box.dart:115:18)
#136    RenderObject.layout (package:flutter/src/rendering/object.dart:2775:7)
#137    _RenderTheaterMixin.layoutChild (package:flutter/src/widgets/overlay.dart:1084:13)
#138    _RenderTheater.performLayout (package:flutter/src/widgets/overlay.dart:1429:9)
#139    RenderObject.layout (package:flutter/src/rendering/object.dart:2775:7)
#140    RenderProxyBoxMixin.performLayout (package:flutter/src/rendering/proxy_box.dart:115:18)
#141    RenderObject.layout (package:flutter/src/rendering/object.dart:2775:7)
#142    RenderProxyBoxMixin.performLayout (package:flutter/src/rendering/proxy_box.dart:115:18)
#143    RenderObject.layout (package:flutter/src/rendering/object.dart:2775:7)
#144    ChildLayoutHelper.layoutChild (package:flutter/src/rendering/layout_helper.dart:62:11)
#145    RenderStack._computeSize (package:flutter/src/rendering/stack.dart:645:43)
#146    RenderStack.performLayout (package:flutter/src/rendering/stack.dart:680:12)
#147    RenderObject.layout (package:flutter/src/rendering/object.dart:2775:7)
#148    RenderProxyBoxMixin.performLayout (package:flutter/src/rendering/proxy_box.dart:115:18)
#149    RenderObject.layout (package:flutter/src/rendering/object.dart:2775:7)
#150    RenderProxyBoxMixin.performLayout (package:flutter/src/rendering/proxy_box.dart:115:18)
#151    RenderObject.layout (package:flutter/src/rendering/object.dart:2775:7)
#152    RenderProxyBoxMixin.performLayout (package:flutter/src/rendering/proxy_box.dart:115:18)
#153    RenderObject.layout (package:flutter/src/rendering/object.dart:2775:7)
#154    RenderProxyBoxMixin.performLayout (package:flutter/src/rendering/proxy_box.dart:115:18)
#155    RenderObject.layout (package:flutter/src/rendering/object.dart:2775:7)
#156    RenderProxyBoxMixin.performLayout (package:flutter/src/rendering/proxy_box.dart:115:18)
#157    RenderObject.layout (package:flutter/src/rendering/object.dart:2775:7)
#158    RenderProxyBoxMixin.performLayout (package:flutter/src/rendering/proxy_box.dart:115:18)
#159    RenderObject.layout (package:flutter/src/rendering/object.dart:2775:7)
#160    RenderView.performLayout (package:flutter/src/rendering/view.dart:294:12)
#161    RenderObject._layoutWithoutResize (package:flutter/src/rendering/object.dart:2623:7)
#162    PipelineOwner.flushLayout (package:flutter/src/rendering/object.dart:1170:18)
#163    PipelineOwner.flushLayout (package:flutter/src/rendering/object.dart:1183:15)
#164    AutomatedTestWidgetsFlutterBinding.drawFrame (package:flutter_test/src/binding.dart:1508:27)
#165    RendererBinding._handlePersistentFrameCallback (package:flutter/src/rendering/binding.dart:495:5)
#166    SchedulerBinding._invokeFrameCallback (package:flutter/src/scheduler/binding.dart:1434:15)
#167    SchedulerBinding.handleDrawFrame (package:flutter/src/scheduler/binding.dart:1347:9)
#168    AutomatedTestWidgetsFlutterBinding.pump.<anonymous closure> (package:flutter_test/src/binding.dart:1335:9)
#171    TestAsyncUtils.guard (package:flutter_test/src/test_async_utils.dart:74:41)
#172    AutomatedTestWidgetsFlutterBinding.pump (package:flutter_test/src/binding.dart:1324:27)
#173    WidgetTester.pumpWidget.<anonymous closure> (package:flutter_test/src/widget_tester.dart:598:22)
#176    TestAsyncUtils.guard (package:flutter_test/src/test_async_utils.dart:74:41)
#177    WidgetTester.pumpWidget (package:flutter_test/src/widget_tester.dart:595:27)
#178    main.<anonymous closure> (file:///D:/Mystery/programming/projects/PYTHON_PROJECTS/focus/focus_gg/focus_flutter/test/widget_test.dart:19:18)
#179    testWidgets.<anonymous closure>.<anonymous closure> (package:flutter_test/src/widget_tester.dart:192:29)
<asynchronous suspension>
#180    TestWidgetsFlutterBinding._runTestBody (package:flutter_test/src/binding.dart:1059:5)
<asynchronous suspension>
<asynchronous suspension>
(elided 7 frames from class _AssertionError, dart:async, and package:stack_trace)

The following RenderObject was being processed when the exception was fired: RenderPadding#d05ee relayoutBoundary=up24 NEEDS-LAYOUT NEEDS-PAINT NEEDS-COMPOSITING-BITS-UPDATE:
  creator: Padding ΓåÉ Stack ΓåÉ Padding ΓåÉ DecoratedBox ΓåÉ Container ΓåÉ Stack ΓåÉ Listener ΓåÉ _GestureSemantics
    ΓåÉ RawGestureDetector ΓåÉ GestureDetector ΓåÉ CyberCard ΓåÉ Stack ΓåÉ Γï»
  parentData: not positioned; offset=Offset(0.0, 0.0) (can use size)
  constraints: BoxConstraints(0.0<=w<=750.0, 0.0<=h<=Infinity)
  size: MISSING
  padding: EdgeInsets.all(16.0)
  textDirection: ltr
This RenderObject had the following descendants (showing up to depth 5):
    child: _RenderLayoutBuilder#af538 relayoutBoundary=up25 NEEDS-PAINT NEEDS-COMPOSITING-BITS-UPDATE
      child: RenderFlex#aa1cb relayoutBoundary=up26 NEEDS-PAINT NEEDS-COMPOSITING-BITS-UPDATE
        child 1: RenderPositionedBox#5029c relayoutBoundary=up27 NEEDS-PAINT NEEDS-COMPOSITING-BITS-UPDATE
          child: RenderDecoratedBox#d57f4 relayoutBoundary=up28 NEEDS-PAINT NEEDS-COMPOSITING-BITS-UPDATE
            child: RenderPadding#50332 relayoutBoundary=up29 NEEDS-PAINT NEEDS-COMPOSITING-BITS-UPDATE
        child 2: RenderConstrainedBox#a0fd6 relayoutBoundary=up27 NEEDS-PAINT
        child 3: RenderFlex#b3cf9 relayoutBoundary=up27 NEEDS-PAINT NEEDS-COMPOSITING-BITS-UPDATE
          child 1: RenderFlex#f1f04 relayoutBoundary=up28 NEEDS-PAINT NEEDS-COMPOSITING-BITS-UPDATE
            child 1: RenderFittedBox#b6007 relayoutBoundary=up29 NEEDS-PAINT NEEDS-COMPOSITING-BITS-UPDATE
            child 2: RenderConstrainedBox#6aabe relayoutBoundary=up29 NEEDS-PAINT
            child 3: RenderPadding#62bef relayoutBoundary=up29 NEEDS-PAINT NEEDS-COMPOSITING-BITS-UPDATE
            child 4: RenderPadding#e6854 relayoutBoundary=up29 NEEDS-PAINT NEEDS-COMPOSITING-BITS-UPDATE
            child 5: RenderPadding#ab2e0 relayoutBoundary=up29 NEEDS-PAINT NEEDS-COMPOSITING-BITS-UPDATE
          child 2: RenderConstrainedBox#47fa4 relayoutBoundary=up28 NEEDS-PAINT
          child 3: RenderFlex#cfa20 relayoutBoundary=up28 NEEDS-PAINT NEEDS-COMPOSITING-BITS-UPDATE
            child 1: RenderFlex#e845d relayoutBoundary=up29 NEEDS-PAINT NEEDS-COMPOSITING-BITS-UPDATE
            child 2: RenderConstrainedBox#fe7ce relayoutBoundary=up29 NEEDS-PAINT
            child 3: RenderFlex#ca726 relayoutBoundary=up29 NEEDS-PAINT NEEDS-COMPOSITING-BITS-UPDATE
            child 4: RenderConstrainedBox#6f87b relayoutBoundary=up29 NEEDS-PAINT
            child 5: RenderFlex#5d15d relayoutBoundary=up29 NEEDS-PAINT NEEDS-COMPOSITING-BITS-UPDATE
            child 6: RenderConstrainedBox#54035 relayoutBoundary=up29 NEEDS-PAINT
            child 7: RenderFlex#25cc0 relayoutBoundary=up29 NEEDS-PAINT NEEDS-COMPOSITING-BITS-UPDATE
        child 4: RenderConstrainedBox#5d447 relayoutBoundary=up27 NEEDS-PAINT
        child 5: RenderFlex#c9e0f relayoutBoundary=up27 NEEDS-PAINT NEEDS-COMPOSITING-BITS-UPDATE
          child 1: RenderWrap#c6f67 NEEDS-LAYOUT NEEDS-PAINT NEEDS-COMPOSITING-BITS-UPDATE
            child 1: RenderFittedBox#0ee63 NEEDS-LAYOUT NEEDS-PAINT NEEDS-COMPOSITING-BITS-UPDATE
            child 2: RenderFittedBox#94987 NEEDS-LAYOUT NEEDS-PAINT NEEDS-COMPOSITING-BITS-UPDATE
            child 3: RenderFittedBox#4a326 NEEDS-LAYOUT NEEDS-PAINT NEEDS-COMPOSITING-BITS-UPDATE
            child 4: RenderFittedBox#8d9c2 NEEDS-LAYOUT NEEDS-PAINT NEEDS-COMPOSITING-BITS-UPDATE
    ...(descendants list truncated after 25 lines)
ΓòÉΓòÉΓòÉΓòÉΓòÉΓòÉΓòÉΓòÉΓòÉΓòÉΓòÉΓòÉΓòÉΓòÉΓòÉΓòÉΓòÉΓòÉΓòÉΓòÉΓòÉΓòÉΓòÉΓòÉΓòÉΓòÉΓòÉΓòÉΓòÉΓòÉΓòÉΓòÉΓòÉΓòÉΓòÉΓòÉΓòÉΓòÉΓòÉΓòÉΓòÉΓòÉΓòÉΓòÉΓòÉΓòÉΓòÉΓòÉΓòÉΓòÉΓòÉΓòÉΓòÉΓòÉΓòÉΓòÉΓòÉΓòÉΓòÉΓòÉΓòÉΓòÉΓòÉΓòÉΓòÉΓòÉΓòÉΓòÉΓòÉΓòÉΓòÉΓòÉΓòÉΓòÉΓòÉΓòÉΓòÉΓòÉΓòÉΓòÉΓòÉΓòÉΓòÉΓòÉΓòÉΓòÉΓòÉΓòÉΓòÉΓòÉΓòÉΓòÉΓòÉΓòÉΓòÉΓòÉΓòÉΓòÉΓòÉΓòÉ
ΓòÉΓòÉΓòí EXCEPTION CAUGHT BY RENDERING LIBRARY Γò₧ΓòÉΓòÉΓòÉΓòÉΓòÉΓòÉΓòÉΓòÉΓòÉΓòÉΓòÉΓòÉΓòÉΓòÉΓòÉΓòÉΓòÉΓòÉΓòÉΓòÉΓòÉΓòÉΓòÉΓòÉΓòÉΓòÉΓòÉΓòÉΓòÉΓòÉΓòÉΓòÉΓòÉΓòÉΓòÉΓòÉΓòÉΓòÉΓòÉΓòÉΓòÉΓòÉΓòÉΓòÉΓòÉΓòÉΓòÉΓòÉΓòÉΓòÉΓòÉΓòÉΓòÉΓòÉΓòÉΓòÉΓòÉ
The following assertion was thrown during performLayout():
RenderBox was not laid out: RenderPadding#d05ee relayoutBoundary=up24 NEEDS-PAINT
NEEDS-COMPOSITING-BITS-UPDATE
'package:flutter/src/rendering/box.dart':
Failed assertion: line 2251 pos 12: 'hasSize'

Either the assertion indicates an error in the framework itself, or we should provide substantially
more information in this error message to help you determine and fix the underlying cause.
In either case, please report this assertion by filing a bug on GitHub:
  https://github.com/flutter/flutter/issues/new?template=02_bug.yml

The relevant error-causing widget was:
  Stack
  Stack:file:///D:/Mystery/programming/projects/PYTHON_PROJECTS/focus/focus_gg/focus_flutter/lib/shared/widgets/cyber_card.dart:37:20

When the exception was thrown, this was the stack:
#2      RenderBox.size (package:flutter/src/rendering/box.dart:2251:12)
#3      ChildLayoutHelper.layoutChild (package:flutter/src/rendering/layout_helper.dart:63:18)
#4      RenderStack._computeSize (package:flutter/src/rendering/stack.dart:645:43)
#5      RenderStack.performLayout (package:flutter/src/rendering/stack.dart:680:12)
#6      RenderObject.layout (package:flutter/src/rendering/object.dart:2775:7)
#7      RenderPadding.performLayout (package:flutter/src/rendering/shifted_box.dart:243:12)
#8      RenderObject.layout (package:flutter/src/rendering/object.dart:2775:7)
#9      RenderProxyBoxMixin.performLayout (package:flutter/src/rendering/proxy_box.dart:115:18)
#10     RenderObject.layout (package:flutter/src/rendering/object.dart:2775:7)
#11     ChildLayoutHelper.layoutChild (package:flutter/src/rendering/layout_helper.dart:62:11)
#12     RenderStack._computeSize (package:flutter/src/rendering/stack.dart:645:43)
#13     RenderStack.performLayout (package:flutter/src/rendering/stack.dart:680:12)
#14     RenderObject.layout (package:flutter/src/rendering/object.dart:2775:7)
#15     RenderProxyBoxMixin.performLayout (package:flutter/src/rendering/proxy_box.dart:115:18)
#16     RenderObject.layout (package:flutter/src/rendering/object.dart:2775:7)
#17     RenderProxyBoxMixin.performLayout (package:flutter/src/rendering/proxy_box.dart:115:18)
#18     RenderObject.layout (package:flutter/src/rendering/object.dart:2775:7)
#19     ChildLayoutHelper.layoutChild (package:flutter/src/rendering/layout_helper.dart:62:11)
#20     RenderStack._computeSize (package:flutter/src/rendering/stack.dart:645:43)
#21     RenderStack.performLayout (package:flutter/src/rendering/stack.dart:680:12)
#22     RenderObject.layout (package:flutter/src/rendering/object.dart:2775:7)
#23     RenderProxyBoxMixin.performLayout (package:flutter/src/rendering/proxy_box.dart:115:18)
#24     RenderObject.layout (package:flutter/src/rendering/object.dart:2775:7)
#25     RenderProxyBoxMixin.performLayout (package:flutter/src/rendering/proxy_box.dart:115:18)
#26     RenderObject.layout (package:flutter/src/rendering/object.dart:2775:7)
#27     ChildLayoutHelper.layoutChild (package:flutter/src/rendering/layout_helper.dart:62:11)
#28     RenderFlex._computeSizes (package:flutter/src/rendering/flex.dart:1161:28)
#29     RenderFlex.performLayout (package:flutter/src/rendering/flex.dart:1257:32)
#30     RenderObject.layout (package:flutter/src/rendering/object.dart:2775:7)
#31     RenderPadding.performLayout (package:flutter/src/rendering/shifted_box.dart:243:12)
#32     RenderObject.layout (package:flutter/src/rendering/object.dart:2775:7)
#33     RenderConstrainedBox.performLayout (package:flutter/src/rendering/proxy_box.dart:293:14)
#34     RenderObject.layout (package:flutter/src/rendering/object.dart:2775:7)
#35     RenderPositionedBox.performLayout (package:flutter/src/rendering/shifted_box.dart:465:14)
#36     RenderObject.layout (package:flutter/src/rendering/object.dart:2775:7)
#37     RenderPadding.performLayout (package:flutter/src/rendering/shifted_box.dart:243:12)
#38     RenderObject.layout (package:flutter/src/rendering/object.dart:2775:7)
#39     _RenderSingleChildViewport.performLayout (package:flutter/src/widgets/single_child_scroll_view.dart:502:14)
#40     RenderObject.layout (package:flutter/src/rendering/object.dart:2775:7)
#41     RenderProxyBoxMixin.performLayout (package:flutter/src/rendering/proxy_box.dart:115:18)
#42     RenderObject.layout (package:flutter/src/rendering/object.dart:2775:7)
#43     RenderProxyBoxMixin.performLayout (package:flutter/src/rendering/proxy_box.dart:115:18)
#44     RenderObject.layout (package:flutter/src/rendering/object.dart:2775:7)
#45     RenderProxyBoxMixin.performLayout (package:flutter/src/rendering/proxy_box.dart:115:18)
#46     RenderObject.layout (package:flutter/src/rendering/object.dart:2775:7)
#47     RenderProxyBoxMixin.performLayout (package:flutter/src/rendering/proxy_box.dart:115:18)
#48     RenderObject.layout (package:flutter/src/rendering/object.dart:2775:7)
#49     RenderProxyBoxMixin.performLayout (package:flutter/src/rendering/proxy_box.dart:115:18)
#50     RenderObject.layout (package:flutter/src/rendering/object.dart:2775:7)
#51     RenderProxyBoxMixin.performLayout (package:flutter/src/rendering/proxy_box.dart:115:18)
#52     RenderObject.layout (package:flutter/src/rendering/object.dart:2775:7)
#53     RenderProxyBoxMixin.performLayout (package:flutter/src/rendering/proxy_box.dart:115:18)
#54     RenderObject.layout (package:flutter/src/rendering/object.dart:2775:7)
#55     RenderProxyBoxMixin.performLayout (package:flutter/src/rendering/proxy_box.dart:115:18)
#56     _RenderCustomClip.performLayout (package:flutter/src/rendering/proxy_box.dart:1481:11)
#57     RenderObject.layout (package:flutter/src/rendering/object.dart:2775:7)
#58     MultiChildLayoutDelegate.layoutChild (package:flutter/src/rendering/custom_layout.dart:180:12)
#59     _ScaffoldLayout.performLayout (package:flutter/src/material/scaffold.dart:1112:7)
#60     MultiChildLayoutDelegate._callPerformLayout (package:flutter/src/rendering/custom_layout.dart:249:7)
#61     RenderCustomMultiChildLayoutBox.performLayout (package:flutter/src/rendering/custom_layout.dart:420:14)
#62     RenderObject.layout (package:flutter/src/rendering/object.dart:2775:7)
#63     RenderProxyBoxMixin.performLayout (package:flutter/src/rendering/proxy_box.dart:115:18)
#64     RenderObject.layout (package:flutter/src/rendering/object.dart:2775:7)
#65     RenderProxyBoxMixin.performLayout (package:flutter/src/rendering/proxy_box.dart:115:18)
#66     _RenderCustomClip.performLayout (package:flutter/src/rendering/proxy_box.dart:1481:11)
#67     RenderObject.layout (package:flutter/src/rendering/object.dart:2775:7)
#68     RenderProxyBoxMixin.performLayout (package:flutter/src/rendering/proxy_box.dart:115:18)
#69     RenderObject.layout (package:flutter/src/rendering/object.dart:2775:7)
#70     RenderProxyBoxMixin.performLayout (package:flutter/src/rendering/proxy_box.dart:115:18)
#71     RenderObject.layout (package:flutter/src/rendering/object.dart:2775:7)
#72     RenderProxyBoxMixin.performLayout (package:flutter/src/rendering/proxy_box.dart:115:18)
#73     RenderObject.layout (package:flutter/src/rendering/object.dart:2775:7)
#74     RenderProxyBoxMixin.performLayout (package:flutter/src/rendering/proxy_box.dart:115:18)
#75     RenderObject.layout (package:flutter/src/rendering/object.dart:2775:7)
#76     RenderProxyBoxMixin.performLayout (package:flutter/src/rendering/proxy_box.dart:115:18)
#77     RenderObject.layout (package:flutter/src/rendering/object.dart:2775:7)
#78     RenderProxyBoxMixin.performLayout (package:flutter/src/rendering/proxy_box.dart:115:18)
#79     RenderOffstage.performLayout (package:flutter/src/rendering/proxy_box.dart:3848:13)
#80     RenderObject.layout (package:flutter/src/rendering/object.dart:2775:7)
#81     RenderProxyBoxMixin.performLayout (package:flutter/src/rendering/proxy_box.dart:115:18)
#82     RenderObject.layout (package:flutter/src/rendering/object.dart:2775:7)
#83     _RenderTheaterMixin.layoutChild (package:flutter/src/widgets/overlay.dart:1084:13)
#84     _RenderTheater.performLayout (package:flutter/src/widgets/overlay.dart:1429:9)
#85     RenderObject.layout (package:flutter/src/rendering/object.dart:2775:7)
#86     RenderProxyBoxMixin.performLayout (package:flutter/src/rendering/proxy_box.dart:115:18)
#87     RenderObject.layout (package:flutter/src/rendering/object.dart:2775:7)
#88     RenderProxyBoxMixin.performLayout (package:flutter/src/rendering/proxy_box.dart:115:18)
#89     RenderObject.layout (package:flutter/src/rendering/object.dart:2775:7)
#90     MultiChildLayoutDelegate.layoutChild (package:flutter/src/rendering/custom_layout.dart:180:12)
#91     _ScaffoldLayout.performLayout (package:flutter/src/material/scaffold.dart:1112:7)
#92     MultiChildLayoutDelegate._callPerformLayout (package:flutter/src/rendering/custom_layout.dart:249:7)
#93     RenderCustomMultiChildLayoutBox.performLayout (package:flutter/src/rendering/custom_layout.dart:420:14)
#94     RenderObject.layout (package:flutter/src/rendering/object.dart:2775:7)
#95     RenderProxyBoxMixin.performLayout (package:flutter/src/rendering/proxy_box.dart:115:18)
#96     RenderObject.layout (package:flutter/src/rendering/object.dart:2775:7)
#97     RenderProxyBoxMixin.performLayout (package:flutter/src/rendering/proxy_box.dart:115:18)
#98     _RenderCustomClip.performLayout (package:flutter/src/rendering/proxy_box.dart:1481:11)
#99     RenderObject.layout (package:flutter/src/rendering/object.dart:2775:7)
#100    RenderProxyBoxMixin.performLayout (package:flutter/src/rendering/proxy_box.dart:115:18)
#101    RenderObject.layout (package:flutter/src/rendering/object.dart:2775:7)
#102    RenderProxyBoxMixin.performLayout (package:flutter/src/rendering/proxy_box.dart:115:18)
#103    RenderObject.layout (package:flutter/src/rendering/object.dart:2775:7)
#104    RenderProxyBoxMixin.performLayout (package:flutter/src/rendering/proxy_box.dart:115:18)
#105    RenderObject.layout (package:flutter/src/rendering/object.dart:2775:7)
#106    RenderProxyBoxMixin.performLayout (package:flutter/src/rendering/proxy_box.dart:115:18)
#107    RenderObject.layout (package:flutter/src/rendering/object.dart:2775:7)
#108    RenderProxyBoxMixin.performLayout (package:flutter/src/rendering/proxy_box.dart:115:18)
#109    RenderObject.layout (package:flutter/src/rendering/object.dart:2775:7)
#110    RenderProxyBoxMixin.performLayout (package:flutter/src/rendering/proxy_box.dart:115:18)
#111    RenderObject.layout (package:flutter/src/rendering/object.dart:2775:7)
#112    RenderProxyBoxMixin.performLayout (package:flutter/src/rendering/proxy_box.dart:115:18)
#113    RenderObject.layout (package:flutter/src/rendering/object.dart:2775:7)
#114    RenderProxyBoxMixin.performLayout (package:flutter/src/rendering/proxy_box.dart:115:18)
#115    RenderObject.layout (package:flutter/src/rendering/object.dart:2775:7)
#116    RenderProxyBoxMixin.performLayout (package:flutter/src/rendering/proxy_box.dart:115:18)
#117    RenderObject.layout (package:flutter/src/rendering/object.dart:2775:7)
#118    RenderProxyBoxMixin.performLayout (package:flutter/src/rendering/proxy_box.dart:115:18)
#119    RenderObject.layout (package:flutter/src/rendering/object.dart:2775:7)
#120    RenderProxyBoxMixin.performLayout (package:flutter/src/rendering/proxy_box.dart:115:18)
#121    RenderObject.layout (package:flutter/src/rendering/object.dart:2775:7)
#122    RenderProxyBoxMixin.performLayout (package:flutter/src/rendering/proxy_box.dart:115:18)
#123    RenderObject.layout (package:flutter/src/rendering/object.dart:2775:7)
#124    RenderProxyBoxMixin.performLayout (package:flutter/src/rendering/proxy_box.dart:115:18)
#125    RenderObject.layout (package:flutter/src/rendering/object.dart:2775:7)
#126    RenderProxyBoxMixin.performLayout (package:flutter/src/rendering/proxy_box.dart:115:18)
#127    RenderObject.layout (package:flutter/src/rendering/object.dart:2775:7)
#128    RenderProxyBoxMixin.performLayout (package:flutter/src/rendering/proxy_box.dart:115:18)
#129    RenderObject.layout (package:flutter/src/rendering/object.dart:2775:7)
#130    RenderProxyBoxMixin.performLayout (package:flutter/src/rendering/proxy_box.dart:115:18)
#131    RenderOffstage.performLayout (package:flutter/src/rendering/proxy_box.dart:3848:13)
#132    RenderObject.layout (package:flutter/src/rendering/object.dart:2775:7)
#133    RenderProxyBoxMixin.performLayout (package:flutter/src/rendering/proxy_box.dart:115:18)
#134    RenderObject.layout (package:flutter/src/rendering/object.dart:2775:7)
#135    _RenderTheaterMixin.layoutChild (package:flutter/src/widgets/overlay.dart:1084:13)
#136    _RenderTheater.performLayout (package:flutter/src/widgets/overlay.dart:1429:9)
#137    RenderObject.layout (package:flutter/src/rendering/object.dart:2775:7)
#138    RenderProxyBoxMixin.performLayout (package:flutter/src/rendering/proxy_box.dart:115:18)
#139    RenderObject.layout (package:flutter/src/rendering/object.dart:2775:7)
#140    RenderProxyBoxMixin.performLayout (package:flutter/src/rendering/proxy_box.dart:115:18)
#141    RenderObject.layout (package:flutter/src/rendering/object.dart:2775:7)
#142    ChildLayoutHelper.layoutChild (package:flutter/src/rendering/layout_helper.dart:62:11)
#143    RenderStack._computeSize (package:flutter/src/rendering/stack.dart:645:43)
#144    RenderStack.performLayout (package:flutter/src/rendering/stack.dart:680:12)
#145    RenderObject.layout (package:flutter/src/rendering/object.dart:2775:7)
#146    RenderProxyBoxMixin.performLayout (package:flutter/src/rendering/proxy_box.dart:115:18)
#147    RenderObject.layout (package:flutter/src/rendering/object.dart:2775:7)
#148    RenderProxyBoxMixin.performLayout (package:flutter/src/rendering/proxy_box.dart:115:18)
#149    RenderObject.layout (package:flutter/src/rendering/object.dart:2775:7)
#150    RenderProxyBoxMixin.performLayout (package:flutter/src/rendering/proxy_box.dart:115:18)
#151    RenderObject.layout (package:flutter/src/rendering/object.dart:2775:7)
#152    RenderProxyBoxMixin.performLayout (package:flutter/src/rendering/proxy_box.dart:115:18)
#153    RenderObject.layout (package:flutter/src/rendering/object.dart:2775:7)
#154    RenderProxyBoxMixin.performLayout (package:flutter/src/rendering/proxy_box.dart:115:18)
#155    RenderObject.layout (package:flutter/src/rendering/object.dart:2775:7)
#156    RenderProxyBoxMixin.performLayout (package:flutter/src/rendering/proxy_box.dart:115:18)
#157    RenderObject.layout (package:flutter/src/rendering/object.dart:2775:7)
#158    RenderView.performLayout (package:flutter/src/rendering/view.dart:294:12)
#159    RenderObject._layoutWithoutResize (package:flutter/src/rendering/object.dart:2623:7)
#160    PipelineOwner.flushLayout (package:flutter/src/rendering/object.dart:1170:18)
#161    PipelineOwner.flushLayout (package:flutter/src/rendering/object.dart:1183:15)
#162    AutomatedTestWidgetsFlutterBinding.drawFrame (package:flutter_test/src/binding.dart:1508:27)
#163    RendererBinding._handlePersistentFrameCallback (package:flutter/src/rendering/binding.dart:495:5)
#164    SchedulerBinding._invokeFrameCallback (package:flutter/src/scheduler/binding.dart:1434:15)
#165    SchedulerBinding.handleDrawFrame (package:flutter/src/scheduler/binding.dart:1347:9)
#166    AutomatedTestWidgetsFlutterBinding.pump.<anonymous closure> (package:flutter_test/src/binding.dart:1335:9)
#169    TestAsyncUtils.guard (package:flutter_test/src/test_async_utils.dart:74:41)
#170    AutomatedTestWidgetsFlutterBinding.pump (package:flutter_test/src/binding.dart:1324:27)
#171    WidgetTester.pumpWidget.<anonymous closure> (package:flutter_test/src/widget_tester.dart:598:22)
#174    TestAsyncUtils.guard (package:flutter_test/src/test_async_utils.dart:74:41)
#175    WidgetTester.pumpWidget (package:flutter_test/src/widget_tester.dart:595:27)
#176    main.<anonymous closure> (file:///D:/Mystery/programming/projects/PYTHON_PROJECTS/focus/focus_gg/focus_flutter/test/widget_test.dart:19:18)
#177    testWidgets.<anonymous closure>.<anonymous closure> (package:flutter_test/src/widget_tester.dart:192:29)
<asynchronous suspension>
#178    TestWidgetsFlutterBinding._runTestBody (package:flutter_test/src/binding.dart:1059:5)
<asynchronous suspension>
<asynchronous suspension>
(elided 7 frames from class _AssertionError, dart:async, and package:stack_trace)

The following RenderObject was being processed when the exception was fired: RenderStack#53f33 relayoutBoundary=up23 NEEDS-LAYOUT NEEDS-PAINT NEEDS-COMPOSITING-BITS-UPDATE:
  creator: Stack ΓåÉ Padding ΓåÉ DecoratedBox ΓåÉ Container ΓåÉ Stack ΓåÉ Listener ΓåÉ _GestureSemantics ΓåÉ
    RawGestureDetector ΓåÉ GestureDetector ΓåÉ CyberCard ΓåÉ Stack ΓåÉ FadeTransition ΓåÉ Γï»
  parentData: offset=Offset(0.0, 0.0) (can use size)
  constraints: BoxConstraints(0.0<=w<=750.0, 0.0<=h<=Infinity)
  size: MISSING
  alignment: AlignmentDirectional.topStart
  textDirection: ltr
  fit: loose
This RenderObject had the following descendants (showing up to depth 5):
    child 1: RenderDecoratedBox#12987 NEEDS-LAYOUT NEEDS-PAINT NEEDS-COMPOSITING-BITS-UPDATE
      child: RenderPadding#bd09f NEEDS-LAYOUT NEEDS-PAINT NEEDS-COMPOSITING-BITS-UPDATE
        child: RenderLimitedBox#37e96 NEEDS-LAYOUT NEEDS-PAINT NEEDS-COMPOSITING-BITS-UPDATE
          child: RenderConstrainedBox#47b94 NEEDS-LAYOUT NEEDS-PAINT
    child 2: RenderConstrainedBox#e358e NEEDS-LAYOUT NEEDS-PAINT NEEDS-COMPOSITING-BITS-UPDATE
      child: RenderCustomPaint#50ced NEEDS-LAYOUT NEEDS-PAINT
    child 3: RenderConstrainedBox#246ee NEEDS-LAYOUT NEEDS-PAINT NEEDS-COMPOSITING-BITS-UPDATE
      child: RenderCustomPaint#3a0dc NEEDS-LAYOUT NEEDS-PAINT
    child 4: RenderConstrainedBox#9b710 NEEDS-LAYOUT NEEDS-PAINT NEEDS-COMPOSITING-BITS-UPDATE
      child: RenderCustomPaint#7df47 NEEDS-LAYOUT NEEDS-PAINT
    child 5: RenderConstrainedBox#c7b6f NEEDS-LAYOUT NEEDS-PAINT NEEDS-COMPOSITING-BITS-UPDATE
      child: RenderCustomPaint#d817b NEEDS-LAYOUT NEEDS-PAINT
    child 6: RenderPadding#d05ee relayoutBoundary=up24 NEEDS-PAINT NEEDS-COMPOSITING-BITS-UPDATE
      child: _RenderLayoutBuilder#af538 relayoutBoundary=up25 NEEDS-PAINT NEEDS-COMPOSITING-BITS-UPDATE
        child: RenderFlex#aa1cb relayoutBoundary=up26 NEEDS-PAINT NEEDS-COMPOSITING-BITS-UPDATE
          child 1: RenderPositionedBox#5029c relayoutBoundary=up27 NEEDS-PAINT NEEDS-COMPOSITING-BITS-UPDATE
            child: RenderDecoratedBox#d57f4 relayoutBoundary=up28 NEEDS-PAINT NEEDS-COMPOSITING-BITS-UPDATE
          child 2: RenderConstrainedBox#a0fd6 relayoutBoundary=up27 NEEDS-PAINT
          child 3: RenderFlex#b3cf9 relayoutBoundary=up27 NEEDS-PAINT NEEDS-COMPOSITING-BITS-UPDATE
            child 1: RenderFlex#f1f04 relayoutBoundary=up28 NEEDS-PAINT NEEDS-COMPOSITING-BITS-UPDATE
            child 2: RenderConstrainedBox#47fa4 relayoutBoundary=up28 NEEDS-PAINT
            child 3: RenderFlex#cfa20 relayoutBoundary=up28 NEEDS-PAINT NEEDS-COMPOSITING-BITS-UPDATE
          child 4: RenderConstrainedBox#5d447 relayoutBoundary=up27 NEEDS-PAINT
          child 5: RenderFlex#c9e0f relayoutBoundary=up27 NEEDS-PAINT NEEDS-COMPOSITING-BITS-UPDATE
            child 1: RenderWrap#c6f67 NEEDS-LAYOUT NEEDS-PAINT NEEDS-COMPOSITING-BITS-UPDATE
            child 2: RenderConstrainedBox#5f240 relayoutBoundary=up28 NEEDS-PAINT
            child 3: RenderFlex#895b7 relayoutBoundary=up28 NEEDS-PAINT NEEDS-COMPOSITING-BITS-UPDATE
ΓòÉΓòÉΓòÉΓòÉΓòÉΓòÉΓòÉΓòÉΓòÉΓòÉΓòÉΓòÉΓòÉΓòÉΓòÉΓòÉΓòÉΓòÉΓòÉΓòÉΓòÉΓòÉΓòÉΓòÉΓòÉΓòÉΓòÉΓòÉΓòÉΓòÉΓòÉΓòÉΓòÉΓòÉΓòÉΓòÉΓòÉΓòÉΓòÉΓòÉΓòÉΓòÉΓòÉΓòÉΓòÉΓòÉΓòÉΓòÉΓòÉΓòÉΓòÉΓòÉΓòÉΓòÉΓòÉΓòÉΓòÉΓòÉΓòÉΓòÉΓòÉΓòÉΓòÉΓòÉΓòÉΓòÉΓòÉΓòÉΓòÉΓòÉΓòÉΓòÉΓòÉΓòÉΓòÉΓòÉΓòÉΓòÉΓòÉΓòÉΓòÉΓòÉΓòÉΓòÉΓòÉΓòÉΓòÉΓòÉΓòÉΓòÉΓòÉΓòÉΓòÉΓòÉΓòÉΓòÉΓòÉΓòÉΓòÉΓòÉ
ΓòÉΓòÉΓòí EXCEPTION CAUGHT BY RENDERING LIBRARY Γò₧ΓòÉΓòÉΓòÉΓòÉΓòÉΓòÉΓòÉΓòÉΓòÉΓòÉΓòÉΓòÉΓòÉΓòÉΓòÉΓòÉΓòÉΓòÉΓòÉΓòÉΓòÉΓòÉΓòÉΓòÉΓòÉΓòÉΓòÉΓòÉΓòÉΓòÉΓòÉΓòÉΓòÉΓòÉΓòÉΓòÉΓòÉΓòÉΓòÉΓòÉΓòÉΓòÉΓòÉΓòÉΓòÉΓòÉΓòÉΓòÉΓòÉΓòÉΓòÉΓòÉΓòÉΓòÉΓòÉΓòÉΓòÉ
The following assertion was thrown during performLayout():
RenderBox was not laid out: RenderStack#53f33 relayoutBoundary=up23 NEEDS-PAINT
NEEDS-COMPOSITING-BITS-UPDATE
'package:flutter/src/rendering/box.dart':
Failed assertion: line 2251 pos 12: 'hasSize'

Either the assertion indicates an error in the framework itself, or we should provide substantially
more information in this error message to help you determine and fix the underlying cause.
In either case, please report this assertion by filing a bug on GitHub:
  https://github.com/flutter/flutter/issues/new?template=02_bug.yml

The relevant error-causing widget was:
  Container
  Container:file:///D:/Mystery/programming/projects/PYTHON_PROJECTS/focus/focus_gg/focus_flutter/lib/shared/widgets/cyber_card.dart:24:11

When the exception was thrown, this was the stack:
#2      RenderBox.size (package:flutter/src/rendering/box.dart:2251:12)
#3      RenderPadding.performLayout (package:flutter/src/rendering/shifted_box.dart:247:40)
#4      RenderObject.layout (package:flutter/src/rendering/object.dart:2775:7)
#5      RenderProxyBoxMixin.performLayout (package:flutter/src/rendering/proxy_box.dart:115:18)
#6      RenderObject.layout (package:flutter/src/rendering/object.dart:2775:7)
#7      ChildLayoutHelper.layoutChild (package:flutter/src/rendering/layout_helper.dart:62:11)
#8      RenderStack._computeSize (package:flutter/src/rendering/stack.dart:645:43)
#9      RenderStack.performLayout (package:flutter/src/rendering/stack.dart:680:12)
#10     RenderObject.layout (package:flutter/src/rendering/object.dart:2775:7)
#11     RenderProxyBoxMixin.performLayout (package:flutter/src/rendering/proxy_box.dart:115:18)
#12     RenderObject.layout (package:flutter/src/rendering/object.dart:2775:7)
#13     RenderProxyBoxMixin.performLayout (package:flutter/src/rendering/proxy_box.dart:115:18)
#14     RenderObject.layout (package:flutter/src/rendering/object.dart:2775:7)
#15     ChildLayoutHelper.layoutChild (package:flutter/src/rendering/layout_helper.dart:62:11)
#16     RenderStack._computeSize (package:flutter/src/rendering/stack.dart:645:43)
#17     RenderStack.performLayout (package:flutter/src/rendering/stack.dart:680:12)
#18     RenderObject.layout (package:flutter/src/rendering/object.dart:2775:7)
#19     RenderProxyBoxMixin.performLayout (package:flutter/src/rendering/proxy_box.dart:115:18)
#20     RenderObject.layout (package:flutter/src/rendering/object.dart:2775:7)
#21     RenderProxyBoxMixin.performLayout (package:flutter/src/rendering/proxy_box.dart:115:18)
#22     RenderObject.layout (package:flutter/src/rendering/object.dart:2775:7)
#23     ChildLayoutHelper.layoutChild (package:flutter/src/rendering/layout_helper.dart:62:11)
#24     RenderFlex._computeSizes (package:flutter/src/rendering/flex.dart:1161:28)
#25     RenderFlex.performLayout (package:flutter/src/rendering/flex.dart:1257:32)
#26     RenderObject.layout (package:flutter/src/rendering/object.dart:2775:7)
#27     RenderPadding.performLayout (package:flutter/src/rendering/shifted_box.dart:243:12)
#28     RenderObject.layout (package:flutter/src/rendering/object.dart:2775:7)
#29     RenderConstrainedBox.performLayout (package:flutter/src/rendering/proxy_box.dart:293:14)
#30     RenderObject.layout (package:flutter/src/rendering/object.dart:2775:7)
#31     RenderPositionedBox.performLayout (package:flutter/src/rendering/shifted_box.dart:465:14)
#32     RenderObject.layout (package:flutter/src/rendering/object.dart:2775:7)
#33     RenderPadding.performLayout (package:flutter/src/rendering/shifted_box.dart:243:12)
#34     RenderObject.layout (package:flutter/src/rendering/object.dart:2775:7)
#35     _RenderSingleChildViewport.performLayout (package:flutter/src/widgets/single_child_scroll_view.dart:502:14)
#36     RenderObject.layout (package:flutter/src/rendering/object.dart:2775:7)
#37     RenderProxyBoxMixin.performLayout (package:flutter/src/rendering/proxy_box.dart:115:18)
#38     RenderObject.layout (package:flutter/src/rendering/object.dart:2775:7)
#39     RenderProxyBoxMixin.performLayout (package:flutter/src/rendering/proxy_box.dart:115:18)
#40     RenderObject.layout (package:flutter/src/rendering/object.dart:2775:7)
#41     RenderProxyBoxMixin.performLayout (package:flutter/src/rendering/proxy_box.dart:115:18)
#42     RenderObject.layout (package:flutter/src/rendering/object.dart:2775:7)
#43     RenderProxyBoxMixin.performLayout (package:flutter/src/rendering/proxy_box.dart:115:18)
#44     RenderObject.layout (package:flutter/src/rendering/object.dart:2775:7)
#45     RenderProxyBoxMixin.performLayout (package:flutter/src/rendering/proxy_box.dart:115:18)
#46     RenderObject.layout (package:flutter/src/rendering/object.dart:2775:7)
#47     RenderProxyBoxMixin.performLayout (package:flutter/src/rendering/proxy_box.dart:115:18)
#48     RenderObject.layout (package:flutter/src/rendering/object.dart:2775:7)
#49     RenderProxyBoxMixin.performLayout (package:flutter/src/rendering/proxy_box.dart:115:18)
#50     RenderObject.layout (package:flutter/src/rendering/object.dart:2775:7)
#51     RenderProxyBoxMixin.performLayout (package:flutter/src/rendering/proxy_box.dart:115:18)
#52     _RenderCustomClip.performLayout (package:flutter/src/rendering/proxy_box.dart:1481:11)
#53     RenderObject.layout (package:flutter/src/rendering/object.dart:2775:7)
#54     MultiChildLayoutDelegate.layoutChild (package:flutter/src/rendering/custom_layout.dart:180:12)
#55     _ScaffoldLayout.performLayout (package:flutter/src/material/scaffold.dart:1112:7)
#56     MultiChildLayoutDelegate._callPerformLayout (package:flutter/src/rendering/custom_layout.dart:249:7)
#57     RenderCustomMultiChildLayoutBox.performLayout (package:flutter/src/rendering/custom_layout.dart:420:14)
#58     RenderObject.layout (package:flutter/src/rendering/object.dart:2775:7)
#59     RenderProxyBoxMixin.performLayout (package:flutter/src/rendering/proxy_box.dart:115:18)
#60     RenderObject.layout (package:flutter/src/rendering/object.dart:2775:7)
#61     RenderProxyBoxMixin.performLayout (package:flutter/src/rendering/proxy_box.dart:115:18)
#62     _RenderCustomClip.performLayout (package:flutter/src/rendering/proxy_box.dart:1481:11)
#63     RenderObject.layout (package:flutter/src/rendering/object.dart:2775:7)
#64     RenderProxyBoxMixin.performLayout (package:flutter/src/rendering/proxy_box.dart:115:18)
#65     RenderObject.layout (package:flutter/src/rendering/object.dart:2775:7)
#66     RenderProxyBoxMixin.performLayout (package:flutter/src/rendering/proxy_box.dart:115:18)
#67     RenderObject.layout (package:flutter/src/rendering/object.dart:2775:7)
#68     RenderProxyBoxMixin.performLayout (package:flutter/src/rendering/proxy_box.dart:115:18)
#69     RenderObject.layout (package:flutter/src/rendering/object.dart:2775:7)
#70     RenderProxyBoxMixin.performLayout (package:flutter/src/rendering/proxy_box.dart:115:18)
#71     RenderObject.layout (package:flutter/src/rendering/object.dart:2775:7)
#72     RenderProxyBoxMixin.performLayout (package:flutter/src/rendering/proxy_box.dart:115:18)
#73     RenderObject.layout (package:flutter/src/rendering/object.dart:2775:7)
#74     RenderProxyBoxMixin.performLayout (package:flutter/src/rendering/proxy_box.dart:115:18)
#75     RenderOffstage.performLayout (package:flutter/src/rendering/proxy_box.dart:3848:13)
#76     RenderObject.layout (package:flutter/src/rendering/object.dart:2775:7)
#77     RenderProxyBoxMixin.performLayout (package:flutter/src/rendering/proxy_box.dart:115:18)
#78     RenderObject.layout (package:flutter/src/rendering/object.dart:2775:7)
#79     _RenderTheaterMixin.layoutChild (package:flutter/src/widgets/overlay.dart:1084:13)
#80     _RenderTheater.performLayout (package:flutter/src/widgets/overlay.dart:1429:9)
#81     RenderObject.layout (package:flutter/src/rendering/object.dart:2775:7)
#82     RenderProxyBoxMixin.performLayout (package:flutter/src/rendering/proxy_box.dart:115:18)
#83     RenderObject.layout (package:flutter/src/rendering/object.dart:2775:7)
#84     RenderProxyBoxMixin.performLayout (package:flutter/src/rendering/proxy_box.dart:115:18)
#85     RenderObject.layout (package:flutter/src/rendering/object.dart:2775:7)
#86     MultiChildLayoutDelegate.layoutChild (package:flutter/src/rendering/custom_layout.dart:180:12)
#87     _ScaffoldLayout.performLayout (package:flutter/src/material/scaffold.dart:1112:7)
#88     MultiChildLayoutDelegate._callPerformLayout (package:flutter/src/rendering/custom_layout.dart:249:7)
#89     RenderCustomMultiChildLayoutBox.performLayout (package:flutter/src/rendering/custom_layout.dart:420:14)
#90     RenderObject.layout (package:flutter/src/rendering/object.dart:2775:7)
#91     RenderProxyBoxMixin.performLayout (package:flutter/src/rendering/proxy_box.dart:115:18)
#92     RenderObject.layout (package:flutter/src/rendering/object.dart:2775:7)
#93     RenderProxyBoxMixin.performLayout (package:flutter/src/rendering/proxy_box.dart:115:18)
#94     _RenderCustomClip.performLayout (package:flutter/src/rendering/proxy_box.dart:1481:11)
#95     RenderObject.layout (package:flutter/src/rendering/object.dart:2775:7)
#96     RenderProxyBoxMixin.performLayout (package:flutter/src/rendering/proxy_box.dart:115:18)
#97     RenderObject.layout (package:flutter/src/rendering/object.dart:2775:7)
#98     RenderProxyBoxMixin.performLayout (package:flutter/src/rendering/proxy_box.dart:115:18)
#99     RenderObject.layout (package:flutter/src/rendering/object.dart:2775:7)
#100    RenderProxyBoxMixin.performLayout (package:flutter/src/rendering/proxy_box.dart:115:18)
#101    RenderObject.layout (package:flutter/src/rendering/object.dart:2775:7)
#102    RenderProxyBoxMixin.performLayout (package:flutter/src/rendering/proxy_box.dart:115:18)
#103    RenderObject.layout (package:flutter/src/rendering/object.dart:2775:7)
#104    RenderProxyBoxMixin.performLayout (package:flutter/src/rendering/proxy_box.dart:115:18)
#105    RenderObject.layout (package:flutter/src/rendering/object.dart:2775:7)
#106    RenderProxyBoxMixin.performLayout (package:flutter/src/rendering/proxy_box.dart:115:18)
#107    RenderObject.layout (package:flutter/src/rendering/object.dart:2775:7)
#108    RenderProxyBoxMixin.performLayout (package:flutter/src/rendering/proxy_box.dart:115:18)
#109    RenderObject.layout (package:flutter/src/rendering/object.dart:2775:7)
#110    RenderProxyBoxMixin.performLayout (package:flutter/src/rendering/proxy_box.dart:115:18)
#111    RenderObject.layout (package:flutter/src/rendering/object.dart:2775:7)
#112    RenderProxyBoxMixin.performLayout (package:flutter/src/rendering/proxy_box.dart:115:18)
#113    RenderObject.layout (package:flutter/src/rendering/object.dart:2775:7)
#114    RenderProxyBoxMixin.performLayout (package:flutter/src/rendering/proxy_box.dart:115:18)
#115    RenderObject.layout (package:flutter/src/rendering/object.dart:2775:7)
#116    RenderProxyBoxMixin.performLayout (package:flutter/src/rendering/proxy_box.dart:115:18)
#117    RenderObject.layout (package:flutter/src/rendering/object.dart:2775:7)
#118    RenderProxyBoxMixin.performLayout (package:flutter/src/rendering/proxy_box.dart:115:18)
#119    RenderObject.layout (package:flutter/src/rendering/object.dart:2775:7)
#120    RenderProxyBoxMixin.performLayout (package:flutter/src/rendering/proxy_box.dart:115:18)
#121    RenderObject.layout (package:flutter/src/rendering/object.dart:2775:7)
#122    RenderProxyBoxMixin.performLayout (package:flutter/src/rendering/proxy_box.dart:115:18)
#123    RenderObject.layout (package:flutter/src/rendering/object.dart:2775:7)
#124    RenderProxyBoxMixin.performLayout (package:flutter/src/rendering/proxy_box.dart:115:18)
#125    RenderObject.layout (package:flutter/src/rendering/object.dart:2775:7)
#126    RenderProxyBoxMixin.performLayout (package:flutter/src/rendering/proxy_box.dart:115:18)
#127    RenderOffstage.performLayout (package:flutter/src/rendering/proxy_box.dart:3848:13)
#128    RenderObject.layout (package:flutter/src/rendering/object.dart:2775:7)
#129    RenderProxyBoxMixin.performLayout (package:flutter/src/rendering/proxy_box.dart:115:18)
#130    RenderObject.layout (package:flutter/src/rendering/object.dart:2775:7)
#131    _RenderTheaterMixin.layoutChild (package:flutter/src/widgets/overlay.dart:1084:13)
#132    _RenderTheater.performLayout (package:flutter/src/widgets/overlay.dart:1429:9)
#133    RenderObject.layout (package:flutter/src/rendering/object.dart:2775:7)
#134    RenderProxyBoxMixin.performLayout (package:flutter/src/rendering/proxy_box.dart:115:18)
#135    RenderObject.layout (package:flutter/src/rendering/object.dart:2775:7)
#136    RenderProxyBoxMixin.performLayout (package:flutter/src/rendering/proxy_box.dart:115:18)
#137    RenderObject.layout (package:flutter/src/rendering/object.dart:2775:7)
#138    ChildLayoutHelper.layoutChild (package:flutter/src/rendering/layout_helper.dart:62:11)
#139    RenderStack._computeSize (package:flutter/src/rendering/stack.dart:645:43)
#140    RenderStack.performLayout (package:flutter/src/rendering/stack.dart:680:12)
#141    RenderObject.layout (package:flutter/src/rendering/object.dart:2775:7)
#142    RenderProxyBoxMixin.performLayout (package:flutter/src/rendering/proxy_box.dart:115:18)
#143    RenderObject.layout (package:flutter/src/rendering/object.dart:2775:7)
#144    RenderProxyBoxMixin.performLayout (package:flutter/src/rendering/proxy_box.dart:115:18)
#145    RenderObject.layout (package:flutter/src/rendering/object.dart:2775:7)
#146    RenderProxyBoxMixin.performLayout (package:flutter/src/rendering/proxy_box.dart:115:18)
#147    RenderObject.layout (package:flutter/src/rendering/object.dart:2775:7)
#148    RenderProxyBoxMixin.performLayout (package:flutter/src/rendering/proxy_box.dart:115:18)
#149    RenderObject.layout (package:flutter/src/rendering/object.dart:2775:7)
#150    RenderProxyBoxMixin.performLayout (package:flutter/src/rendering/proxy_box.dart:115:18)
#151    RenderObject.layout (package:flutter/src/rendering/object.dart:2775:7)
#152    RenderProxyBoxMixin.performLayout (package:flutter/src/rendering/proxy_box.dart:115:18)
#153    RenderObject.layout (package:flutter/src/rendering/object.dart:2775:7)
#154    RenderView.performLayout (package:flutter/src/rendering/view.dart:294:12)
#155    RenderObject._layoutWithoutResize (package:flutter/src/rendering/object.dart:2623:7)
#156    PipelineOwner.flushLayout (package:flutter/src/rendering/object.dart:1170:18)
#157    PipelineOwner.flushLayout (package:flutter/src/rendering/object.dart:1183:15)
#158    AutomatedTestWidgetsFlutterBinding.drawFrame (package:flutter_test/src/binding.dart:1508:27)
#159    RendererBinding._handlePersistentFrameCallback (package:flutter/src/rendering/binding.dart:495:5)
#160    SchedulerBinding._invokeFrameCallback (package:flutter/src/scheduler/binding.dart:1434:15)
#161    SchedulerBinding.handleDrawFrame (package:flutter/src/scheduler/binding.dart:1347:9)
#162    AutomatedTestWidgetsFlutterBinding.pump.<anonymous closure> (package:flutter_test/src/binding.dart:1335:9)
#165    TestAsyncUtils.guard (package:flutter_test/src/test_async_utils.dart:74:41)
#166    AutomatedTestWidgetsFlutterBinding.pump (package:flutter_test/src/binding.dart:1324:27)
#167    WidgetTester.pumpWidget.<anonymous closure> (package:flutter_test/src/widget_tester.dart:598:22)
#170    TestAsyncUtils.guard (package:flutter_test/src/test_async_utils.dart:74:41)
#171    WidgetTester.pumpWidget (package:flutter_test/src/widget_tester.dart:595:27)
#172    main.<anonymous closure> (file:///D:/Mystery/programming/projects/PYTHON_PROJECTS/focus/focus_gg/focus_flutter/test/widget_test.dart:19:18)
#173    testWidgets.<anonymous closure>.<anonymous closure> (package:flutter_test/src/widget_tester.dart:192:29)
<asynchronous suspension>
#174    TestWidgetsFlutterBinding._runTestBody (package:flutter_test/src/binding.dart:1059:5)
<asynchronous suspension>
<asynchronous suspension>
(elided 7 frames from class _AssertionError, dart:async, and package:stack_trace)

The following RenderObject was being processed when the exception was fired: RenderPadding#8a8d9 relayoutBoundary=up22 NEEDS-LAYOUT NEEDS-PAINT NEEDS-COMPOSITING-BITS-UPDATE:
  creator: Padding ΓåÉ DecoratedBox ΓåÉ Container ΓåÉ Stack ΓåÉ Listener ΓåÉ _GestureSemantics ΓåÉ
    RawGestureDetector ΓåÉ GestureDetector ΓåÉ CyberCard ΓåÉ Stack ΓåÉ FadeTransition ΓåÉ FractionalTranslation
    ΓåÉ Γï»
  parentData: <none> (can use size)
  constraints: BoxConstraints(0.0<=w<=752.0, 0.0<=h<=Infinity)
  size: MISSING
  padding: EdgeInsets.all(1.0)
  textDirection: ltr
This RenderObject had the following descendants (showing up to depth 5):
    child: RenderStack#53f33 relayoutBoundary=up23 NEEDS-PAINT NEEDS-COMPOSITING-BITS-UPDATE
      child 1: RenderDecoratedBox#12987 NEEDS-LAYOUT NEEDS-PAINT NEEDS-COMPOSITING-BITS-UPDATE
        child: RenderPadding#bd09f NEEDS-LAYOUT NEEDS-PAINT NEEDS-COMPOSITING-BITS-UPDATE
          child: RenderLimitedBox#37e96 NEEDS-LAYOUT NEEDS-PAINT NEEDS-COMPOSITING-BITS-UPDATE
            child: RenderConstrainedBox#47b94 NEEDS-LAYOUT NEEDS-PAINT
      child 2: RenderConstrainedBox#e358e NEEDS-LAYOUT NEEDS-PAINT NEEDS-COMPOSITING-BITS-UPDATE
        child: RenderCustomPaint#50ced NEEDS-LAYOUT NEEDS-PAINT
      child 3: RenderConstrainedBox#246ee NEEDS-LAYOUT NEEDS-PAINT NEEDS-COMPOSITING-BITS-UPDATE
        child: RenderCustomPaint#3a0dc NEEDS-LAYOUT NEEDS-PAINT
      child 4: RenderConstrainedBox#9b710 NEEDS-LAYOUT NEEDS-PAINT NEEDS-COMPOSITING-BITS-UPDATE
        child: RenderCustomPaint#7df47 NEEDS-LAYOUT NEEDS-PAINT
      child 5: RenderConstrainedBox#c7b6f NEEDS-LAYOUT NEEDS-PAINT NEEDS-COMPOSITING-BITS-UPDATE
        child: RenderCustomPaint#d817b NEEDS-LAYOUT NEEDS-PAINT
      child 6: RenderPadding#d05ee relayoutBoundary=up24 NEEDS-PAINT NEEDS-COMPOSITING-BITS-UPDATE
        child: _RenderLayoutBuilder#af538 relayoutBoundary=up25 NEEDS-PAINT NEEDS-COMPOSITING-BITS-UPDATE
          child: RenderFlex#aa1cb relayoutBoundary=up26 NEEDS-PAINT NEEDS-COMPOSITING-BITS-UPDATE
            child 1: RenderPositionedBox#5029c relayoutBoundary=up27 NEEDS-PAINT NEEDS-COMPOSITING-BITS-UPDATE
            child 2: RenderConstrainedBox#a0fd6 relayoutBoundary=up27 NEEDS-PAINT
            child 3: RenderFlex#b3cf9 relayoutBoundary=up27 NEEDS-PAINT NEEDS-COMPOSITING-BITS-UPDATE
            child 4: RenderConstrainedBox#5d447 relayoutBoundary=up27 NEEDS-PAINT
            child 5: RenderFlex#c9e0f relayoutBoundary=up27 NEEDS-PAINT NEEDS-COMPOSITING-BITS-UPDATE
ΓòÉΓòÉΓòÉΓòÉΓòÉΓòÉΓòÉΓòÉΓòÉΓòÉΓòÉΓòÉΓòÉΓòÉΓòÉΓòÉΓòÉΓòÉΓòÉΓòÉΓòÉΓòÉΓòÉΓòÉΓòÉΓòÉΓòÉΓòÉΓòÉΓòÉΓòÉΓòÉΓòÉΓòÉΓòÉΓòÉΓòÉΓòÉΓòÉΓòÉΓòÉΓòÉΓòÉΓòÉΓòÉΓòÉΓòÉΓòÉΓòÉΓòÉΓòÉΓòÉΓòÉΓòÉΓòÉΓòÉΓòÉΓòÉΓòÉΓòÉΓòÉΓòÉΓòÉΓòÉΓòÉΓòÉΓòÉΓòÉΓòÉΓòÉΓòÉΓòÉΓòÉΓòÉΓòÉΓòÉΓòÉΓòÉΓòÉΓòÉΓòÉΓòÉΓòÉΓòÉΓòÉΓòÉΓòÉΓòÉΓòÉΓòÉΓòÉΓòÉΓòÉΓòÉΓòÉΓòÉΓòÉΓòÉΓòÉΓòÉ
ΓòÉΓòÉΓòí EXCEPTION CAUGHT BY RENDERING LIBRARY Γò₧ΓòÉΓòÉΓòÉΓòÉΓòÉΓòÉΓòÉΓòÉΓòÉΓòÉΓòÉΓòÉΓòÉΓòÉΓòÉΓòÉΓòÉΓòÉΓòÉΓòÉΓòÉΓòÉΓòÉΓòÉΓòÉΓòÉΓòÉΓòÉΓòÉΓòÉΓòÉΓòÉΓòÉΓòÉΓòÉΓòÉΓòÉΓòÉΓòÉΓòÉΓòÉΓòÉΓòÉΓòÉΓòÉΓòÉΓòÉΓòÉΓòÉΓòÉΓòÉΓòÉΓòÉΓòÉΓòÉΓòÉΓòÉ
The following assertion was thrown during performLayout():
RenderBox was not laid out: RenderPadding#8a8d9 relayoutBoundary=up22 NEEDS-PAINT
NEEDS-COMPOSITING-BITS-UPDATE
'package:flutter/src/rendering/box.dart':
Failed assertion: line 2251 pos 12: 'hasSize'

Either the assertion indicates an error in the framework itself, or we should provide substantially
more information in this error message to help you determine and fix the underlying cause.
In either case, please report this assertion by filing a bug on GitHub:
  https://github.com/flutter/flutter/issues/new?template=02_bug.yml

The relevant error-causing widget was:
  Container
  Container:file:///D:/Mystery/programming/projects/PYTHON_PROJECTS/focus/focus_gg/focus_flutter/lib/shared/widgets/cyber_card.dart:24:11

When the exception was thrown, this was the stack:
#2      RenderBox.size (package:flutter/src/rendering/box.dart:2251:12)
#3      RenderProxyBoxMixin.performLayout (package:flutter/src/rendering/proxy_box.dart:115:62)
#4      RenderObject.layout (package:flutter/src/rendering/object.dart:2775:7)
#5      ChildLayoutHelper.layoutChild (package:flutter/src/rendering/layout_helper.dart:62:11)
#6      RenderStack._computeSize (package:flutter/src/rendering/stack.dart:645:43)
#7      RenderStack.performLayout (package:flutter/src/rendering/stack.dart:680:12)
#8      RenderObject.layout (package:flutter/src/rendering/object.dart:2775:7)
#9      RenderProxyBoxMixin.performLayout (package:flutter/src/rendering/proxy_box.dart:115:18)
#10     RenderObject.layout (package:flutter/src/rendering/object.dart:2775:7)
#11     RenderProxyBoxMixin.performLayout (package:flutter/src/rendering/proxy_box.dart:115:18)
#12     RenderObject.layout (package:flutter/src/rendering/object.dart:2775:7)
#13     ChildLayoutHelper.layoutChild (package:flutter/src/rendering/layout_helper.dart:62:11)
#14     RenderStack._computeSize (package:flutter/src/rendering/stack.dart:645:43)
#15     RenderStack.performLayout (package:flutter/src/rendering/stack.dart:680:12)
#16     RenderObject.layout (package:flutter/src/rendering/object.dart:2775:7)
#17     RenderProxyBoxMixin.performLayout (package:flutter/src/rendering/proxy_box.dart:115:18)
#18     RenderObject.layout (package:flutter/src/rendering/object.dart:2775:7)
#19     RenderProxyBoxMixin.performLayout (package:flutter/src/rendering/proxy_box.dart:115:18)
#20     RenderObject.layout (package:flutter/src/rendering/object.dart:2775:7)
#21     ChildLayoutHelper.layoutChild (package:flutter/src/rendering/layout_helper.dart:62:11)
#22     RenderFlex._computeSizes (package:flutter/src/rendering/flex.dart:1161:28)
#23     RenderFlex.performLayout (package:flutter/src/rendering/flex.dart:1257:32)
#24     RenderObject.layout (package:flutter/src/rendering/object.dart:2775:7)
#25     RenderPadding.performLayout (package:flutter/src/rendering/shifted_box.dart:243:12)
#26     RenderObject.layout (package:flutter/src/rendering/object.dart:2775:7)
#27     RenderConstrainedBox.performLayout (package:flutter/src/rendering/proxy_box.dart:293:14)
#28     RenderObject.layout (package:flutter/src/rendering/object.dart:2775:7)
#29     RenderPositionedBox.performLayout (package:flutter/src/rendering/shifted_box.dart:465:14)
#30     RenderObject.layout (package:flutter/src/rendering/object.dart:2775:7)
#31     RenderPadding.performLayout (package:flutter/src/rendering/shifted_box.dart:243:12)
#32     RenderObject.layout (package:flutter/src/rendering/object.dart:2775:7)
#33     _RenderSingleChildViewport.performLayout (package:flutter/src/widgets/single_child_scroll_view.dart:502:14)
#34     RenderObject.layout (package:flutter/src/rendering/object.dart:2775:7)
#35     RenderProxyBoxMixin.performLayout (package:flutter/src/rendering/proxy_box.dart:115:18)
#36     RenderObject.layout (package:flutter/src/rendering/object.dart:2775:7)
#37     RenderProxyBoxMixin.performLayout (package:flutter/src/rendering/proxy_box.dart:115:18)
#38     RenderObject.layout (package:flutter/src/rendering/object.dart:2775:7)
#39     RenderProxyBoxMixin.performLayout (package:flutter/src/rendering/proxy_box.dart:115:18)
#40     RenderObject.layout (package:flutter/src/rendering/object.dart:2775:7)
#41     RenderProxyBoxMixin.performLayout (package:flutter/src/rendering/proxy_box.dart:115:18)
#42     RenderObject.layout (package:flutter/src/rendering/object.dart:2775:7)
#43     RenderProxyBoxMixin.performLayout (package:flutter/src/rendering/proxy_box.dart:115:18)
#44     RenderObject.layout (package:flutter/src/rendering/object.dart:2775:7)
#45     RenderProxyBoxMixin.performLayout (package:flutter/src/rendering/proxy_box.dart:115:18)
#46     RenderObject.layout (package:flutter/src/rendering/object.dart:2775:7)
#47     RenderProxyBoxMixin.performLayout (package:flutter/src/rendering/proxy_box.dart:115:18)
#48     RenderObject.layout (package:flutter/src/rendering/object.dart:2775:7)
#49     RenderProxyBoxMixin.performLayout (package:flutter/src/rendering/proxy_box.dart:115:18)
#50     _RenderCustomClip.performLayout (package:flutter/src/rendering/proxy_box.dart:1481:11)
#51     RenderObject.layout (package:flutter/src/rendering/object.dart:2775:7)
#52     MultiChildLayoutDelegate.layoutChild (package:flutter/src/rendering/custom_layout.dart:180:12)
#53     _ScaffoldLayout.performLayout (package:flutter/src/material/scaffold.dart:1112:7)
#54     MultiChildLayoutDelegate._callPerformLayout (package:flutter/src/rendering/custom_layout.dart:249:7)
#55     RenderCustomMultiChildLayoutBox.performLayout (package:flutter/src/rendering/custom_layout.dart:420:14)
#56     RenderObject.layout (package:flutter/src/rendering/object.dart:2775:7)
#57     RenderProxyBoxMixin.performLayout (package:flutter/src/rendering/proxy_box.dart:115:18)
#58     RenderObject.layout (package:flutter/src/rendering/object.dart:2775:7)
#59     RenderProxyBoxMixin.performLayout (package:flutter/src/rendering/proxy_box.dart:115:18)
#60     _RenderCustomClip.performLayout (package:flutter/src/rendering/proxy_box.dart:1481:11)
#61     RenderObject.layout (package:flutter/src/rendering/object.dart:2775:7)
#62     RenderProxyBoxMixin.performLayout (package:flutter/src/rendering/proxy_box.dart:115:18)
#63     RenderObject.layout (package:flutter/src/rendering/object.dart:2775:7)
#64     RenderProxyBoxMixin.performLayout (package:flutter/src/rendering/proxy_box.dart:115:18)
#65     RenderObject.layout (package:flutter/src/rendering/object.dart:2775:7)
#66     RenderProxyBoxMixin.performLayout (package:flutter/src/rendering/proxy_box.dart:115:18)
#67     RenderObject.layout (package:flutter/src/rendering/object.dart:2775:7)
#68     RenderProxyBoxMixin.performLayout (package:flutter/src/rendering/proxy_box.dart:115:18)
#69     RenderObject.layout (package:flutter/src/rendering/object.dart:2775:7)
#70     RenderProxyBoxMixin.performLayout (package:flutter/src/rendering/proxy_box.dart:115:18)
#71     RenderObject.layout (package:flutter/src/rendering/object.dart:2775:7)
#72     RenderProxyBoxMixin.performLayout (package:flutter/src/rendering/proxy_box.dart:115:18)
#73     RenderOffstage.performLayout (package:flutter/src/rendering/proxy_box.dart:3848:13)
#74     RenderObject.layout (package:flutter/src/rendering/object.dart:2775:7)
#75     RenderProxyBoxMixin.performLayout (package:flutter/src/rendering/proxy_box.dart:115:18)
#76     RenderObject.layout (package:flutter/src/rendering/object.dart:2775:7)
#77     _RenderTheaterMixin.layoutChild (package:flutter/src/widgets/overlay.dart:1084:13)
#78     _RenderTheater.performLayout (package:flutter/src/widgets/overlay.dart:1429:9)
#79     RenderObject.layout (package:flutter/src/rendering/object.dart:2775:7)
#80     RenderProxyBoxMixin.performLayout (package:flutter/src/rendering/proxy_box.dart:115:18)
#81     RenderObject.layout (package:flutter/src/rendering/object.dart:2775:7)
#82     RenderProxyBoxMixin.performLayout (package:flutter/src/rendering/proxy_box.dart:115:18)
#83     RenderObject.layout (package:flutter/src/rendering/object.dart:2775:7)
#84     MultiChildLayoutDelegate.layoutChild (package:flutter/src/rendering/custom_layout.dart:180:12)
#85     _ScaffoldLayout.performLayout (package:flutter/src/material/scaffold.dart:1112:7)
#86     MultiChildLayoutDelegate._callPerformLayout (package:flutter/src/rendering/custom_layout.dart:249:7)
#87     RenderCustomMultiChildLayoutBox.performLayout (package:flutter/src/rendering/custom_layout.dart:420:14)
#88     RenderObject.layout (package:flutter/src/rendering/object.dart:2775:7)
#89     RenderProxyBoxMixin.performLayout (package:flutter/src/rendering/proxy_box.dart:115:18)
#90     RenderObject.layout (package:flutter/src/rendering/object.dart:2775:7)
#91     RenderProxyBoxMixin.performLayout (package:flutter/src/rendering/proxy_box.dart:115:18)
#92     _RenderCustomClip.performLayout (package:flutter/src/rendering/proxy_box.dart:1481:11)
#93     RenderObject.layout (package:flutter/src/rendering/object.dart:2775:7)
#94     RenderProxyBoxMixin.performLayout (package:flutter/src/rendering/proxy_box.dart:115:18)
#95     RenderObject.layout (package:flutter/src/rendering/object.dart:2775:7)
#96     RenderProxyBoxMixin.performLayout (package:flutter/src/rendering/proxy_box.dart:115:18)
#97     RenderObject.layout (package:flutter/src/rendering/object.dart:2775:7)
#98     RenderProxyBoxMixin.performLayout (package:flutter/src/rendering/proxy_box.dart:115:18)
#99     RenderObject.layout (package:flutter/src/rendering/object.dart:2775:7)
#100    RenderProxyBoxMixin.performLayout (package:flutter/src/rendering/proxy_box.dart:115:18)
#101    RenderObject.layout (package:flutter/src/rendering/object.dart:2775:7)
#102    RenderProxyBoxMixin.performLayout (package:flutter/src/rendering/proxy_box.dart:115:18)
#103    RenderObject.layout (package:flutter/src/rendering/object.dart:2775:7)
#104    RenderProxyBoxMixin.performLayout (package:flutter/src/rendering/proxy_box.dart:115:18)
#105    RenderObject.layout (package:flutter/src/rendering/object.dart:2775:7)
#106    RenderProxyBoxMixin.performLayout (package:flutter/src/rendering/proxy_box.dart:115:18)
#107    RenderObject.layout (package:flutter/src/rendering/object.dart:2775:7)
#108    RenderProxyBoxMixin.performLayout (package:flutter/src/rendering/proxy_box.dart:115:18)
#109    RenderObject.layout (package:flutter/src/rendering/object.dart:2775:7)
#110    RenderProxyBoxMixin.performLayout (package:flutter/src/rendering/proxy_box.dart:115:18)
#111    RenderObject.layout (package:flutter/src/rendering/object.dart:2775:7)
#112    RenderProxyBoxMixin.performLayout (package:flutter/src/rendering/proxy_box.dart:115:18)
#113    RenderObject.layout (package:flutter/src/rendering/object.dart:2775:7)
#114    RenderProxyBoxMixin.performLayout (package:flutter/src/rendering/proxy_box.dart:115:18)
#115    RenderObject.layout (package:flutter/src/rendering/object.dart:2775:7)
#116    RenderProxyBoxMixin.performLayout (package:flutter/src/rendering/proxy_box.dart:115:18)
#117    RenderObject.layout (package:flutter/src/rendering/object.dart:2775:7)
#118    RenderProxyBoxMixin.performLayout (package:flutter/src/rendering/proxy_box.dart:115:18)
#119    RenderObject.layout (package:flutter/src/rendering/object.dart:2775:7)
#120    RenderProxyBoxMixin.performLayout (package:flutter/src/rendering/proxy_box.dart:115:18)
#121    RenderObject.layout (package:flutter/src/rendering/object.dart:2775:7)
#122    RenderProxyBoxMixin.performLayout (package:flutter/src/rendering/proxy_box.dart:115:18)
#123    RenderObject.layout (package:flutter/src/rendering/object.dart:2775:7)
#124    RenderProxyBoxMixin.performLayout (package:flutter/src/rendering/proxy_box.dart:115:18)
#125    RenderOffstage.performLayout (package:flutter/src/rendering/proxy_box.dart:3848:13)
#126    RenderObject.layout (package:flutter/src/rendering/object.dart:2775:7)
#127    RenderProxyBoxMixin.performLayout (package:flutter/src/rendering/proxy_box.dart:115:18)
#128    RenderObject.layout (package:flutter/src/rendering/object.dart:2775:7)
#129    _RenderTheaterMixin.layoutChild (package:flutter/src/widgets/overlay.dart:1084:13)
#130    _RenderTheater.performLayout (package:flutter/src/widgets/overlay.dart:1429:9)
#131    RenderObject.layout (package:flutter/src/rendering/object.dart:2775:7)
#132    RenderProxyBoxMixin.performLayout (package:flutter/src/rendering/proxy_box.dart:115:18)
#133    RenderObject.layout (package:flutter/src/rendering/object.dart:2775:7)
#134    RenderProxyBoxMixin.performLayout (package:flutter/src/rendering/proxy_box.dart:115:18)
#135    RenderObject.layout (package:flutter/src/rendering/object.dart:2775:7)
#136    ChildLayoutHelper.layoutChild (package:flutter/src/rendering/layout_helper.dart:62:11)
#137    RenderStack._computeSize (package:flutter/src/rendering/stack.dart:645:43)
#138    RenderStack.performLayout (package:flutter/src/rendering/stack.dart:680:12)
#139    RenderObject.layout (package:flutter/src/rendering/object.dart:2775:7)
#140    RenderProxyBoxMixin.performLayout (package:flutter/src/rendering/proxy_box.dart:115:18)
#141    RenderObject.layout (package:flutter/src/rendering/object.dart:2775:7)
#142    RenderProxyBoxMixin.performLayout (package:flutter/src/rendering/proxy_box.dart:115:18)
#143    RenderObject.layout (package:flutter/src/rendering/object.dart:2775:7)
#144    RenderProxyBoxMixin.performLayout (package:flutter/src/rendering/proxy_box.dart:115:18)
#145    RenderObject.layout (package:flutter/src/rendering/object.dart:2775:7)
#146    RenderProxyBoxMixin.performLayout (package:flutter/src/rendering/proxy_box.dart:115:18)
#147    RenderObject.layout (package:flutter/src/rendering/object.dart:2775:7)
#148    RenderProxyBoxMixin.performLayout (package:flutter/src/rendering/proxy_box.dart:115:18)
#149    RenderObject.layout (package:flutter/src/rendering/object.dart:2775:7)
#150    RenderProxyBoxMixin.performLayout (package:flutter/src/rendering/proxy_box.dart:115:18)
#151    RenderObject.layout (package:flutter/src/rendering/object.dart:2775:7)
#152    RenderView.performLayout (package:flutter/src/rendering/view.dart:294:12)
#153    RenderObject._layoutWithoutResize (package:flutter/src/rendering/object.dart:2623:7)
#154    PipelineOwner.flushLayout (package:flutter/src/rendering/object.dart:1170:18)
#155    PipelineOwner.flushLayout (package:flutter/src/rendering/object.dart:1183:15)
#156    AutomatedTestWidgetsFlutterBinding.drawFrame (package:flutter_test/src/binding.dart:1508:27)
#157    RendererBinding._handlePersistentFrameCallback (package:flutter/src/rendering/binding.dart:495:5)
#158    SchedulerBinding._invokeFrameCallback (package:flutter/src/scheduler/binding.dart:1434:15)
#159    SchedulerBinding.handleDrawFrame (package:flutter/src/scheduler/binding.dart:1347:9)
#160    AutomatedTestWidgetsFlutterBinding.pump.<anonymous closure> (package:flutter_test/src/binding.dart:1335:9)
#163    TestAsyncUtils.guard (package:flutter_test/src/test_async_utils.dart:74:41)
#164    AutomatedTestWidgetsFlutterBinding.pump (package:flutter_test/src/binding.dart:1324:27)
#165    WidgetTester.pumpWidget.<anonymous closure> (package:flutter_test/src/widget_tester.dart:598:22)
#168    TestAsyncUtils.guard (package:flutter_test/src/test_async_utils.dart:74:41)
#169    WidgetTester.pumpWidget (package:flutter_test/src/widget_tester.dart:595:27)
#170    main.<anonymous closure> (file:///D:/Mystery/programming/projects/PYTHON_PROJECTS/focus/focus_gg/focus_flutter/test/widget_test.dart:19:18)
#171    testWidgets.<anonymous closure>.<anonymous closure> (package:flutter_test/src/widget_tester.dart:192:29)
<asynchronous suspension>
#172    TestWidgetsFlutterBinding._runTestBody (package:flutter_test/src/binding.dart:1059:5)
<asynchronous suspension>
<asynchronous suspension>
(elided 7 frames from class _AssertionError, dart:async, and package:stack_trace)

The following RenderObject was being processed when the exception was fired: RenderDecoratedBox#db310 relayoutBoundary=up21 NEEDS-LAYOUT NEEDS-PAINT NEEDS-COMPOSITING-BITS-UPDATE:
  creator: DecoratedBox ΓåÉ Container ΓåÉ Stack ΓåÉ Listener ΓåÉ _GestureSemantics ΓåÉ RawGestureDetector ΓåÉ
    GestureDetector ΓåÉ CyberCard ΓåÉ Stack ΓåÉ FadeTransition ΓåÉ FractionalTranslation ΓåÉ SlideTransition ΓåÉ Γï»
  parentData: not positioned; offset=Offset(0.0, 0.0) (can use size)
  constraints: BoxConstraints(0.0<=w<=752.0, 0.0<=h<=Infinity)
  size: MISSING
  decoration: BoxDecoration:
    color: Color(alpha: 0.8000, red: 0.0392, green: 0.0549, blue: 0.0784, colorSpace: ColorSpace.sRGB)
    border: Border.all(BorderSide(color: Color(alpha: 0.3020, red: 0.2980, green: 0.7882, blue: 1.0000,
      colorSpace: ColorSpace.sRGB)))
    borderRadius: BorderRadius.circular(8.0)
    boxShadow: BoxShadow(Color(alpha: 0.1490, red: 0.2980, green: 0.7882, blue: 1.0000, colorSpace:
      ColorSpace.sRGB), Offset(0.0, 0.0), 15.0, 0.0, BlurStyle.normal)
  configuration: ImageConfiguration(bundle: PlatformAssetBundle#5070a(), devicePixelRatio: 3.0,
    locale: en_US, textDirection: TextDirection.ltr, platform: android)
This RenderObject had the following descendants (showing up to depth 5):
    child: RenderPadding#8a8d9 relayoutBoundary=up22 NEEDS-PAINT NEEDS-COMPOSITING-BITS-UPDATE
      child: RenderStack#53f33 relayoutBoundary=up23 NEEDS-PAINT NEEDS-COMPOSITING-BITS-UPDATE
        child 1: RenderDecoratedBox#12987 NEEDS-LAYOUT NEEDS-PAINT NEEDS-COMPOSITING-BITS-UPDATE
          child: RenderPadding#bd09f NEEDS-LAYOUT NEEDS-PAINT NEEDS-COMPOSITING-BITS-UPDATE
            child: RenderLimitedBox#37e96 NEEDS-LAYOUT NEEDS-PAINT NEEDS-COMPOSITING-BITS-UPDATE
        child 2: RenderConstrainedBox#e358e NEEDS-LAYOUT NEEDS-PAINT NEEDS-COMPOSITING-BITS-UPDATE
          child: RenderCustomPaint#50ced NEEDS-LAYOUT NEEDS-PAINT
        child 3: RenderConstrainedBox#246ee NEEDS-LAYOUT NEEDS-PAINT NEEDS-COMPOSITING-BITS-UPDATE
          child: RenderCustomPaint#3a0dc NEEDS-LAYOUT NEEDS-PAINT
        child 4: RenderConstrainedBox#9b710 NEEDS-LAYOUT NEEDS-PAINT NEEDS-COMPOSITING-BITS-UPDATE
          child: RenderCustomPaint#7df47 NEEDS-LAYOUT NEEDS-PAINT
        child 5: RenderConstrainedBox#c7b6f NEEDS-LAYOUT NEEDS-PAINT NEEDS-COMPOSITING-BITS-UPDATE
          child: RenderCustomPaint#d817b NEEDS-LAYOUT NEEDS-PAINT
        child 6: RenderPadding#d05ee relayoutBoundary=up24 NEEDS-PAINT NEEDS-COMPOSITING-BITS-UPDATE
          child: _RenderLayoutBuilder#af538 relayoutBoundary=up25 NEEDS-PAINT NEEDS-COMPOSITING-BITS-UPDATE
            child: RenderFlex#aa1cb relayoutBoundary=up26 NEEDS-PAINT NEEDS-COMPOSITING-BITS-UPDATE
ΓòÉΓòÉΓòÉΓòÉΓòÉΓòÉΓòÉΓòÉΓòÉΓòÉΓòÉΓòÉΓòÉΓòÉΓòÉΓòÉΓòÉΓòÉΓòÉΓòÉΓòÉΓòÉΓòÉΓòÉΓòÉΓòÉΓòÉΓòÉΓòÉΓòÉΓòÉΓòÉΓòÉΓòÉΓòÉΓòÉΓòÉΓòÉΓòÉΓòÉΓòÉΓòÉΓòÉΓòÉΓòÉΓòÉΓòÉΓòÉΓòÉΓòÉΓòÉΓòÉΓòÉΓòÉΓòÉΓòÉΓòÉΓòÉΓòÉΓòÉΓòÉΓòÉΓòÉΓòÉΓòÉΓòÉΓòÉΓòÉΓòÉΓòÉΓòÉΓòÉΓòÉΓòÉΓòÉΓòÉΓòÉΓòÉΓòÉΓòÉΓòÉΓòÉΓòÉΓòÉΓòÉΓòÉΓòÉΓòÉΓòÉΓòÉΓòÉΓòÉΓòÉΓòÉΓòÉΓòÉΓòÉΓòÉΓòÉΓòÉ
ΓòÉΓòÉΓòí EXCEPTION CAUGHT BY RENDERING LIBRARY Γò₧ΓòÉΓòÉΓòÉΓòÉΓòÉΓòÉΓòÉΓòÉΓòÉΓòÉΓòÉΓòÉΓòÉΓòÉΓòÉΓòÉΓòÉΓòÉΓòÉΓòÉΓòÉΓòÉΓòÉΓòÉΓòÉΓòÉΓòÉΓòÉΓòÉΓòÉΓòÉΓòÉΓòÉΓòÉΓòÉΓòÉΓòÉΓòÉΓòÉΓòÉΓòÉΓòÉΓòÉΓòÉΓòÉΓòÉΓòÉΓòÉΓòÉΓòÉΓòÉΓòÉΓòÉΓòÉΓòÉΓòÉΓòÉ
The following assertion was thrown during performLayout():
RenderBox was not laid out: RenderDecoratedBox#db310 relayoutBoundary=up21 NEEDS-PAINT
NEEDS-COMPOSITING-BITS-UPDATE
'package:flutter/src/rendering/box.dart':
Failed assertion: line 2251 pos 12: 'hasSize'

Either the assertion indicates an error in the framework itself, or we should provide substantially
more information in this error message to help you determine and fix the underlying cause.
In either case, please report this assertion by filing a bug on GitHub:
  https://github.com/flutter/flutter/issues/new?template=02_bug.yml

The relevant error-causing widget was:
  Stack
  Stack:file:///D:/Mystery/programming/projects/PYTHON_PROJECTS/focus/focus_gg/focus_flutter/lib/shared/widgets/cyber_card.dart:21:14

When the exception was thrown, this was the stack:
#2      RenderBox.size (package:flutter/src/rendering/box.dart:2251:12)
#3      ChildLayoutHelper.layoutChild (package:flutter/src/rendering/layout_helper.dart:63:18)
#4      RenderStack._computeSize (package:flutter/src/rendering/stack.dart:645:43)
#5      RenderStack.performLayout (package:flutter/src/rendering/stack.dart:680:12)
#6      RenderObject.layout (package:flutter/src/rendering/object.dart:2775:7)
#7      RenderProxyBoxMixin.performLayout (package:flutter/src/rendering/proxy_box.dart:115:18)
#8      RenderObject.layout (package:flutter/src/rendering/object.dart:2775:7)
#9      RenderProxyBoxMixin.performLayout (package:flutter/src/rendering/proxy_box.dart:115:18)
#10     RenderObject.layout (package:flutter/src/rendering/object.dart:2775:7)
#11     ChildLayoutHelper.layoutChild (package:flutter/src/rendering/layout_helper.dart:62:11)
#12     RenderStack._computeSize (package:flutter/src/rendering/stack.dart:645:43)
#13     RenderStack.performLayout (package:flutter/src/rendering/stack.dart:680:12)
#14     RenderObject.layout (package:flutter/src/rendering/object.dart:2775:7)
#15     RenderProxyBoxMixin.performLayout (package:flutter/src/rendering/proxy_box.dart:115:18)
#16     RenderObject.layout (package:flutter/src/rendering/object.dart:2775:7)
#17     RenderProxyBoxMixin.performLayout (package:flutter/src/rendering/proxy_box.dart:115:18)
#18     RenderObject.layout (package:flutter/src/rendering/object.dart:2775:7)
#19     ChildLayoutHelper.layoutChild (package:flutter/src/rendering/layout_helper.dart:62:11)
#20     RenderFlex._computeSizes (package:flutter/src/rendering/flex.dart:1161:28)
#21     RenderFlex.performLayout (package:flutter/src/rendering/flex.dart:1257:32)
#22     RenderObject.layout (package:flutter/src/rendering/object.dart:2775:7)
#23     RenderPadding.performLayout (package:flutter/src/rendering/shifted_box.dart:243:12)
#24     RenderObject.layout (package:flutter/src/rendering/object.dart:2775:7)
#25     RenderConstrainedBox.performLayout (package:flutter/src/rendering/proxy_box.dart:293:14)
#26     RenderObject.layout (package:flutter/src/rendering/object.dart:2775:7)
#27     RenderPositionedBox.performLayout (package:flutter/src/rendering/shifted_box.dart:465:14)
#28     RenderObject.layout (package:flutter/src/rendering/object.dart:2775:7)
#29     RenderPadding.performLayout (package:flutter/src/rendering/shifted_box.dart:243:12)
#30     RenderObject.layout (package:flutter/src/rendering/object.dart:2775:7)
#31     _RenderSingleChildViewport.performLayout (package:flutter/src/widgets/single_child_scroll_view.dart:502:14)
#32     RenderObject.layout (package:flutter/src/rendering/object.dart:2775:7)
#33     RenderProxyBoxMixin.performLayout (package:flutter/src/rendering/proxy_box.dart:115:18)
#34     RenderObject.layout (package:flutter/src/rendering/object.dart:2775:7)
#35     RenderProxyBoxMixin.performLayout (package:flutter/src/rendering/proxy_box.dart:115:18)
#36     RenderObject.layout (package:flutter/src/rendering/object.dart:2775:7)
#37     RenderProxyBoxMixin.performLayout (package:flutter/src/rendering/proxy_box.dart:115:18)
#38     RenderObject.layout (package:flutter/src/rendering/object.dart:2775:7)
#39     RenderProxyBoxMixin.performLayout (package:flutter/src/rendering/proxy_box.dart:115:18)
#40     RenderObject.layout (package:flutter/src/rendering/object.dart:2775:7)
#41     RenderProxyBoxMixin.performLayout (package:flutter/src/rendering/proxy_box.dart:115:18)
#42     RenderObject.layout (package:flutter/src/rendering/object.dart:2775:7)
#43     RenderProxyBoxMixin.performLayout (package:flutter/src/rendering/proxy_box.dart:115:18)
#44     RenderObject.layout (package:flutter/src/rendering/object.dart:2775:7)
#45     RenderProxyBoxMixin.performLayout (package:flutter/src/rendering/proxy_box.dart:115:18)
#46     RenderObject.layout (package:flutter/src/rendering/object.dart:2775:7)
#47     RenderProxyBoxMixin.performLayout (package:flutter/src/rendering/proxy_box.dart:115:18)
#48     _RenderCustomClip.performLayout (package:flutter/src/rendering/proxy_box.dart:1481:11)
#49     RenderObject.layout (package:flutter/src/rendering/object.dart:2775:7)
#50     MultiChildLayoutDelegate.layoutChild (package:flutter/src/rendering/custom_layout.dart:180:12)
#51     _ScaffoldLayout.performLayout (package:flutter/src/material/scaffold.dart:1112:7)
#52     MultiChildLayoutDelegate._callPerformLayout (package:flutter/src/rendering/custom_layout.dart:249:7)
#53     RenderCustomMultiChildLayoutBox.performLayout (package:flutter/src/rendering/custom_layout.dart:420:14)
#54     RenderObject.layout (package:flutter/src/rendering/object.dart:2775:7)
#55     RenderProxyBoxMixin.performLayout (package:flutter/src/rendering/proxy_box.dart:115:18)
#56     RenderObject.layout (package:flutter/src/rendering/object.dart:2775:7)
#57     RenderProxyBoxMixin.performLayout (package:flutter/src/rendering/proxy_box.dart:115:18)
#58     _RenderCustomClip.performLayout (package:flutter/src/rendering/proxy_box.dart:1481:11)
#59     RenderObject.layout (package:flutter/src/rendering/object.dart:2775:7)
#60     RenderProxyBoxMixin.performLayout (package:flutter/src/rendering/proxy_box.dart:115:18)
#61     RenderObject.layout (package:flutter/src/rendering/object.dart:2775:7)
#62     RenderProxyBoxMixin.performLayout (package:flutter/src/rendering/proxy_box.dart:115:18)
#63     RenderObject.layout (package:flutter/src/rendering/object.dart:2775:7)
#64     RenderProxyBoxMixin.performLayout (package:flutter/src/rendering/proxy_box.dart:115:18)
#65     RenderObject.layout (package:flutter/src/rendering/object.dart:2775:7)
#66     RenderProxyBoxMixin.performLayout (package:flutter/src/rendering/proxy_box.dart:115:18)
#67     RenderObject.layout (package:flutter/src/rendering/object.dart:2775:7)
#68     RenderProxyBoxMixin.performLayout (package:flutter/src/rendering/proxy_box.dart:115:18)
#69     RenderObject.layout (package:flutter/src/rendering/object.dart:2775:7)
#70     RenderProxyBoxMixin.performLayout (package:flutter/src/rendering/proxy_box.dart:115:18)
#71     RenderOffstage.performLayout (package:flutter/src/rendering/proxy_box.dart:3848:13)
#72     RenderObject.layout (package:flutter/src/rendering/object.dart:2775:7)
#73     RenderProxyBoxMixin.performLayout (package:flutter/src/rendering/proxy_box.dart:115:18)
#74     RenderObject.layout (package:flutter/src/rendering/object.dart:2775:7)
#75     _RenderTheaterMixin.layoutChild (package:flutter/src/widgets/overlay.dart:1084:13)
#76     _RenderTheater.performLayout (package:flutter/src/widgets/overlay.dart:1429:9)
#77     RenderObject.layout (package:flutter/src/rendering/object.dart:2775:7)
#78     RenderProxyBoxMixin.performLayout (package:flutter/src/rendering/proxy_box.dart:115:18)
#79     RenderObject.layout (package:flutter/src/rendering/object.dart:2775:7)
#80     RenderProxyBoxMixin.performLayout (package:flutter/src/rendering/proxy_box.dart:115:18)
#81     RenderObject.layout (package:flutter/src/rendering/object.dart:2775:7)
#82     MultiChildLayoutDelegate.layoutChild (package:flutter/src/rendering/custom_layout.dart:180:12)
#83     _ScaffoldLayout.performLayout (package:flutter/src/material/scaffold.dart:1112:7)
#84     MultiChildLayoutDelegate._callPerformLayout (package:flutter/src/rendering/custom_layout.dart:249:7)
#85     RenderCustomMultiChildLayoutBox.performLayout (package:flutter/src/rendering/custom_layout.dart:420:14)
#86     RenderObject.layout (package:flutter/src/rendering/object.dart:2775:7)
#87     RenderProxyBoxMixin.performLayout (package:flutter/src/rendering/proxy_box.dart:115:18)
#88     RenderObject.layout (package:flutter/src/rendering/object.dart:2775:7)
#89     RenderProxyBoxMixin.performLayout (package:flutter/src/rendering/proxy_box.dart:115:18)
#90     _RenderCustomClip.performLayout (package:flutter/src/rendering/proxy_box.dart:1481:11)
#91     RenderObject.layout (package:flutter/src/rendering/object.dart:2775:7)
#92     RenderProxyBoxMixin.performLayout (package:flutter/src/rendering/proxy_box.dart:115:18)
#93     RenderObject.layout (package:flutter/src/rendering/object.dart:2775:7)
#94     RenderProxyBoxMixin.performLayout (package:flutter/src/rendering/proxy_box.dart:115:18)
#95     RenderObject.layout (package:flutter/src/rendering/object.dart:2775:7)
#96     RenderProxyBoxMixin.performLayout (package:flutter/src/rendering/proxy_box.dart:115:18)
#97     RenderObject.layout (package:flutter/src/rendering/object.dart:2775:7)
#98     RenderProxyBoxMixin.performLayout (package:flutter/src/rendering/proxy_box.dart:115:18)
#99     RenderObject.layout (package:flutter/src/rendering/object.dart:2775:7)
#100    RenderProxyBoxMixin.performLayout (package:flutter/src/rendering/proxy_box.dart:115:18)
#101    RenderObject.layout (package:flutter/src/rendering/object.dart:2775:7)
#102    RenderProxyBoxMixin.performLayout (package:flutter/src/rendering/proxy_box.dart:115:18)
#103    RenderObject.layout (package:flutter/src/rendering/object.dart:2775:7)
#104    RenderProxyBoxMixin.performLayout (package:flutter/src/rendering/proxy_box.dart:115:18)
#105    RenderObject.layout (package:flutter/src/rendering/object.dart:2775:7)
#106    RenderProxyBoxMixin.performLayout (package:flutter/src/rendering/proxy_box.dart:115:18)
#107    RenderObject.layout (package:flutter/src/rendering/object.dart:2775:7)
#108    RenderProxyBoxMixin.performLayout (package:flutter/src/rendering/proxy_box.dart:115:18)
#109    RenderObject.layout (package:flutter/src/rendering/object.dart:2775:7)
#110    RenderProxyBoxMixin.performLayout (package:flutter/src/rendering/proxy_box.dart:115:18)
#111    RenderObject.layout (package:flutter/src/rendering/object.dart:2775:7)
#112    RenderProxyBoxMixin.performLayout (package:flutter/src/rendering/proxy_box.dart:115:18)
#113    RenderObject.layout (package:flutter/src/rendering/object.dart:2775:7)
#114    RenderProxyBoxMixin.performLayout (package:flutter/src/rendering/proxy_box.dart:115:18)
#115    RenderObject.layout (package:flutter/src/rendering/object.dart:2775:7)
#116    RenderProxyBoxMixin.performLayout (package:flutter/src/rendering/proxy_box.dart:115:18)
#117    RenderObject.layout (package:flutter/src/rendering/object.dart:2775:7)
#118    RenderProxyBoxMixin.performLayout (package:flutter/src/rendering/proxy_box.dart:115:18)
#119    RenderObject.layout (package:flutter/src/rendering/object.dart:2775:7)
#120    RenderProxyBoxMixin.performLayout (package:flutter/src/rendering/proxy_box.dart:115:18)
#121    RenderObject.layout (package:flutter/src/rendering/object.dart:2775:7)
#122    RenderProxyBoxMixin.performLayout (package:flutter/src/rendering/proxy_box.dart:115:18)
#123    RenderOffstage.performLayout (package:flutter/src/rendering/proxy_box.dart:3848:13)
#124    RenderObject.layout (package:flutter/src/rendering/object.dart:2775:7)
#125    RenderProxyBoxMixin.performLayout (package:flutter/src/rendering/proxy_box.dart:115:18)
#126    RenderObject.layout (package:flutter/src/rendering/object.dart:2775:7)
#127    _RenderTheaterMixin.layoutChild (package:flutter/src/widgets/overlay.dart:1084:13)
#128    _RenderTheater.performLayout (package:flutter/src/widgets/overlay.dart:1429:9)
#129    RenderObject.layout (package:flutter/src/rendering/object.dart:2775:7)
#130    RenderProxyBoxMixin.performLayout (package:flutter/src/rendering/proxy_box.dart:115:18)
#131    RenderObject.layout (package:flutter/src/rendering/object.dart:2775:7)
#132    RenderProxyBoxMixin.performLayout (package:flutter/src/rendering/proxy_box.dart:115:18)
#133    RenderObject.layout (package:flutter/src/rendering/object.dart:2775:7)
#134    ChildLayoutHelper.layoutChild (package:flutter/src/rendering/layout_helper.dart:62:11)
#135    RenderStack._computeSize (package:flutter/src/rendering/stack.dart:645:43)
#136    RenderStack.performLayout (package:flutter/src/rendering/stack.dart:680:12)
#137    RenderObject.layout (package:flutter/src/rendering/object.dart:2775:7)
#138    RenderProxyBoxMixin.performLayout (package:flutter/src/rendering/proxy_box.dart:115:18)
#139    RenderObject.layout (package:flutter/src/rendering/object.dart:2775:7)
#140    RenderProxyBoxMixin.performLayout (package:flutter/src/rendering/proxy_box.dart:115:18)
#141    RenderObject.layout (package:flutter/src/rendering/object.dart:2775:7)
#142    RenderProxyBoxMixin.performLayout (package:flutter/src/rendering/proxy_box.dart:115:18)
#143    RenderObject.layout (package:flutter/src/rendering/object.dart:2775:7)
#144    RenderProxyBoxMixin.performLayout (package:flutter/src/rendering/proxy_box.dart:115:18)
#145    RenderObject.layout (package:flutter/src/rendering/object.dart:2775:7)
#146    RenderProxyBoxMixin.performLayout (package:flutter/src/rendering/proxy_box.dart:115:18)
#147    RenderObject.layout (package:flutter/src/rendering/object.dart:2775:7)
#148    RenderProxyBoxMixin.performLayout (package:flutter/src/rendering/proxy_box.dart:115:18)
#149    RenderObject.layout (package:flutter/src/rendering/object.dart:2775:7)
#150    RenderView.performLayout (package:flutter/src/rendering/view.dart:294:12)
#151    RenderObject._layoutWithoutResize (package:flutter/src/rendering/object.dart:2623:7)
#152    PipelineOwner.flushLayout (package:flutter/src/rendering/object.dart:1170:18)
#153    PipelineOwner.flushLayout (package:flutter/src/rendering/object.dart:1183:15)
#154    AutomatedTestWidgetsFlutterBinding.drawFrame (package:flutter_test/src/binding.dart:1508:27)
#155    RendererBinding._handlePersistentFrameCallback (package:flutter/src/rendering/binding.dart:495:5)
#156    SchedulerBinding._invokeFrameCallback (package:flutter/src/scheduler/binding.dart:1434:15)
#157    SchedulerBinding.handleDrawFrame (package:flutter/src/scheduler/binding.dart:1347:9)
#158    AutomatedTestWidgetsFlutterBinding.pump.<anonymous closure> (package:flutter_test/src/binding.dart:1335:9)
#161    TestAsyncUtils.guard (package:flutter_test/src/test_async_utils.dart:74:41)
#162    AutomatedTestWidgetsFlutterBinding.pump (package:flutter_test/src/binding.dart:1324:27)
#163    WidgetTester.pumpWidget.<anonymous closure> (package:flutter_test/src/widget_tester.dart:598:22)
#166    TestAsyncUtils.guard (package:flutter_test/src/test_async_utils.dart:74:41)
#167    WidgetTester.pumpWidget (package:flutter_test/src/widget_tester.dart:595:27)
#168    main.<anonymous closure> (file:///D:/Mystery/programming/projects/PYTHON_PROJECTS/focus/focus_gg/focus_flutter/test/widget_test.dart:19:18)
#169    testWidgets.<anonymous closure>.<anonymous closure> (package:flutter_test/src/widget_tester.dart:192:29)
<asynchronous suspension>
#170    TestWidgetsFlutterBinding._runTestBody (package:flutter_test/src/binding.dart:1059:5)
<asynchronous suspension>
<asynchronous suspension>
(elided 7 frames from class _AssertionError, dart:async, and package:stack_trace)

The following RenderObject was being processed when the exception was fired: RenderStack#9d9e2 relayoutBoundary=up20 NEEDS-LAYOUT NEEDS-PAINT NEEDS-COMPOSITING-BITS-UPDATE:
  creator: Stack ΓåÉ Listener ΓåÉ _GestureSemantics ΓåÉ RawGestureDetector ΓåÉ GestureDetector ΓåÉ CyberCard ΓåÉ
    Stack ΓåÉ FadeTransition ΓåÉ FractionalTranslation ΓåÉ SlideTransition ΓåÉ Animate ΓåÉ Column ΓåÉ Γï»
  parentData: <none> (can use size)
  constraints: BoxConstraints(0.0<=w<=752.0, 0.0<=h<=Infinity)
  size: MISSING
  alignment: AlignmentDirectional.topStart
  textDirection: ltr
  fit: loose
This RenderObject had the following descendants (showing up to depth 5):
    child 1: RenderDecoratedBox#db310 relayoutBoundary=up21 NEEDS-PAINT NEEDS-COMPOSITING-BITS-UPDATE
      child: RenderPadding#8a8d9 relayoutBoundary=up22 NEEDS-PAINT NEEDS-COMPOSITING-BITS-UPDATE
        child: RenderStack#53f33 relayoutBoundary=up23 NEEDS-PAINT NEEDS-COMPOSITING-BITS-UPDATE
          child 1: RenderDecoratedBox#12987 NEEDS-LAYOUT NEEDS-PAINT NEEDS-COMPOSITING-BITS-UPDATE
            child: RenderPadding#bd09f NEEDS-LAYOUT NEEDS-PAINT NEEDS-COMPOSITING-BITS-UPDATE
          child 2: RenderConstrainedBox#e358e NEEDS-LAYOUT NEEDS-PAINT NEEDS-COMPOSITING-BITS-UPDATE
            child: RenderCustomPaint#50ced NEEDS-LAYOUT NEEDS-PAINT
          child 3: RenderConstrainedBox#246ee NEEDS-LAYOUT NEEDS-PAINT NEEDS-COMPOSITING-BITS-UPDATE
            child: RenderCustomPaint#3a0dc NEEDS-LAYOUT NEEDS-PAINT
          child 4: RenderConstrainedBox#9b710 NEEDS-LAYOUT NEEDS-PAINT NEEDS-COMPOSITING-BITS-UPDATE
            child: RenderCustomPaint#7df47 NEEDS-LAYOUT NEEDS-PAINT
          child 5: RenderConstrainedBox#c7b6f NEEDS-LAYOUT NEEDS-PAINT NEEDS-COMPOSITING-BITS-UPDATE
            child: RenderCustomPaint#d817b NEEDS-LAYOUT NEEDS-PAINT
          child 6: RenderPadding#d05ee relayoutBoundary=up24 NEEDS-PAINT NEEDS-COMPOSITING-BITS-UPDATE
            child: _RenderLayoutBuilder#af538 relayoutBoundary=up25 NEEDS-PAINT NEEDS-COMPOSITING-BITS-UPDATE
ΓòÉΓòÉΓòÉΓòÉΓòÉΓòÉΓòÉΓòÉΓòÉΓòÉΓòÉΓòÉΓòÉΓòÉΓòÉΓòÉΓòÉΓòÉΓòÉΓòÉΓòÉΓòÉΓòÉΓòÉΓòÉΓòÉΓòÉΓòÉΓòÉΓòÉΓòÉΓòÉΓòÉΓòÉΓòÉΓòÉΓòÉΓòÉΓòÉΓòÉΓòÉΓòÉΓòÉΓòÉΓòÉΓòÉΓòÉΓòÉΓòÉΓòÉΓòÉΓòÉΓòÉΓòÉΓòÉΓòÉΓòÉΓòÉΓòÉΓòÉΓòÉΓòÉΓòÉΓòÉΓòÉΓòÉΓòÉΓòÉΓòÉΓòÉΓòÉΓòÉΓòÉΓòÉΓòÉΓòÉΓòÉΓòÉΓòÉΓòÉΓòÉΓòÉΓòÉΓòÉΓòÉΓòÉΓòÉΓòÉΓòÉΓòÉΓòÉΓòÉΓòÉΓòÉΓòÉΓòÉΓòÉΓòÉΓòÉΓòÉ
ΓòÉΓòÉΓòí EXCEPTION CAUGHT BY RENDERING LIBRARY Γò₧ΓòÉΓòÉΓòÉΓòÉΓòÉΓòÉΓòÉΓòÉΓòÉΓòÉΓòÉΓòÉΓòÉΓòÉΓòÉΓòÉΓòÉΓòÉΓòÉΓòÉΓòÉΓòÉΓòÉΓòÉΓòÉΓòÉΓòÉΓòÉΓòÉΓòÉΓòÉΓòÉΓòÉΓòÉΓòÉΓòÉΓòÉΓòÉΓòÉΓòÉΓòÉΓòÉΓòÉΓòÉΓòÉΓòÉΓòÉΓòÉΓòÉΓòÉΓòÉΓòÉΓòÉΓòÉΓòÉΓòÉΓòÉ
The following assertion was thrown during performLayout():
RenderBox was not laid out: RenderStack#9d9e2 relayoutBoundary=up20 NEEDS-PAINT
NEEDS-COMPOSITING-BITS-UPDATE
'package:flutter/src/rendering/box.dart':
Failed assertion: line 2251 pos 12: 'hasSize'

Either the assertion indicates an error in the framework itself, or we should provide substantially
more information in this error message to help you determine and fix the underlying cause.
In either case, please report this assertion by filing a bug on GitHub:
  https://github.com/flutter/flutter/issues/new?template=02_bug.yml

The relevant error-causing widget was:
  GestureDetector
  GestureDetector:file:///D:/Mystery/programming/projects/PYTHON_PROJECTS/focus/focus_gg/focus_flutter/lib/shared/widgets/cyber_card.dart:19:12

When the exception was thrown, this was the stack:
#2      RenderBox.size (package:flutter/src/rendering/box.dart:2251:12)
#3      RenderProxyBoxMixin.performLayout (package:flutter/src/rendering/proxy_box.dart:115:62)
#4      RenderObject.layout (package:flutter/src/rendering/object.dart:2775:7)
#5      RenderProxyBoxMixin.performLayout (package:flutter/src/rendering/proxy_box.dart:115:18)
#6      RenderObject.layout (package:flutter/src/rendering/object.dart:2775:7)
#7      ChildLayoutHelper.layoutChild (package:flutter/src/rendering/layout_helper.dart:62:11)
#8      RenderStack._computeSize (package:flutter/src/rendering/stack.dart:645:43)
#9      RenderStack.performLayout (package:flutter/src/rendering/stack.dart:680:12)
#10     RenderObject.layout (package:flutter/src/rendering/object.dart:2775:7)
#11     RenderProxyBoxMixin.performLayout (package:flutter/src/rendering/proxy_box.dart:115:18)
#12     RenderObject.layout (package:flutter/src/rendering/object.dart:2775:7)
#13     RenderProxyBoxMixin.performLayout (package:flutter/src/rendering/proxy_box.dart:115:18)
#14     RenderObject.layout (package:flutter/src/rendering/object.dart:2775:7)
#15     ChildLayoutHelper.layoutChild (package:flutter/src/rendering/layout_helper.dart:62:11)
#16     RenderFlex._computeSizes (package:flutter/src/rendering/flex.dart:1161:28)
#17     RenderFlex.performLayout (package:flutter/src/rendering/flex.dart:1257:32)
#18     RenderObject.layout (package:flutter/src/rendering/object.dart:2775:7)
#19     RenderPadding.performLayout (package:flutter/src/rendering/shifted_box.dart:243:12)
#20     RenderObject.layout (package:flutter/src/rendering/object.dart:2775:7)
#21     RenderConstrainedBox.performLayout (package:flutter/src/rendering/proxy_box.dart:293:14)
#22     RenderObject.layout (package:flutter/src/rendering/object.dart:2775:7)
#23     RenderPositionedBox.performLayout (package:flutter/src/rendering/shifted_box.dart:465:14)
#24     RenderObject.layout (package:flutter/src/rendering/object.dart:2775:7)
#25     RenderPadding.performLayout (package:flutter/src/rendering/shifted_box.dart:243:12)
#26     RenderObject.layout (package:flutter/src/rendering/object.dart:2775:7)
#27     _RenderSingleChildViewport.performLayout (package:flutter/src/widgets/single_child_scroll_view.dart:502:14)
#28     RenderObject.layout (package:flutter/src/rendering/object.dart:2775:7)
#29     RenderProxyBoxMixin.performLayout (package:flutter/src/rendering/proxy_box.dart:115:18)
#30     RenderObject.layout (package:flutter/src/rendering/object.dart:2775:7)
#31     RenderProxyBoxMixin.performLayout (package:flutter/src/rendering/proxy_box.dart:115:18)
#32     RenderObject.layout (package:flutter/src/rendering/object.dart:2775:7)
#33     RenderProxyBoxMixin.performLayout (package:flutter/src/rendering/proxy_box.dart:115:18)
#34     RenderObject.layout (package:flutter/src/rendering/object.dart:2775:7)
#35     RenderProxyBoxMixin.performLayout (package:flutter/src/rendering/proxy_box.dart:115:18)
#36     RenderObject.layout (package:flutter/src/rendering/object.dart:2775:7)
#37     RenderProxyBoxMixin.performLayout (package:flutter/src/rendering/proxy_box.dart:115:18)
#38     RenderObject.layout (package:flutter/src/rendering/object.dart:2775:7)
#39     RenderProxyBoxMixin.performLayout (package:flutter/src/rendering/proxy_box.dart:115:18)
#40     RenderObject.layout (package:flutter/src/rendering/object.dart:2775:7)
#41     RenderProxyBoxMixin.performLayout (package:flutter/src/rendering/proxy_box.dart:115:18)
#42     RenderObject.layout (package:flutter/src/rendering/object.dart:2775:7)
#43     RenderProxyBoxMixin.performLayout (package:flutter/src/rendering/proxy_box.dart:115:18)
#44     _RenderCustomClip.performLayout (package:flutter/src/rendering/proxy_box.dart:1481:11)
#45     RenderObject.layout (package:flutter/src/rendering/object.dart:2775:7)
#46     MultiChildLayoutDelegate.layoutChild (package:flutter/src/rendering/custom_layout.dart:180:12)
#47     _ScaffoldLayout.performLayout (package:flutter/src/material/scaffold.dart:1112:7)
#48     MultiChildLayoutDelegate._callPerformLayout (package:flutter/src/rendering/custom_layout.dart:249:7)
#49     RenderCustomMultiChildLayoutBox.performLayout (package:flutter/src/rendering/custom_layout.dart:420:14)
#50     RenderObject.layout (package:flutter/src/rendering/object.dart:2775:7)
#51     RenderProxyBoxMixin.performLayout (package:flutter/src/rendering/proxy_box.dart:115:18)
#52     RenderObject.layout (package:flutter/src/rendering/object.dart:2775:7)
#53     RenderProxyBoxMixin.performLayout (package:flutter/src/rendering/proxy_box.dart:115:18)
#54     _RenderCustomClip.performLayout (package:flutter/src/rendering/proxy_box.dart:1481:11)
#55     RenderObject.layout (package:flutter/src/rendering/object.dart:2775:7)
#56     RenderProxyBoxMixin.performLayout (package:flutter/src/rendering/proxy_box.dart:115:18)
#57     RenderObject.layout (package:flutter/src/rendering/object.dart:2775:7)
#58     RenderProxyBoxMixin.performLayout (package:flutter/src/rendering/proxy_box.dart:115:18)
#59     RenderObject.layout (package:flutter/src/rendering/object.dart:2775:7)
#60     RenderProxyBoxMixin.performLayout (package:flutter/src/rendering/proxy_box.dart:115:18)
#61     RenderObject.layout (package:flutter/src/rendering/object.dart:2775:7)
#62     RenderProxyBoxMixin.performLayout (package:flutter/src/rendering/proxy_box.dart:115:18)
#63     RenderObject.layout (package:flutter/src/rendering/object.dart:2775:7)
#64     RenderProxyBoxMixin.performLayout (package:flutter/src/rendering/proxy_box.dart:115:18)
#65     RenderObject.layout (package:flutter/src/rendering/object.dart:2775:7)
#66     RenderProxyBoxMixin.performLayout (package:flutter/src/rendering/proxy_box.dart:115:18)
#67     RenderOffstage.performLayout (package:flutter/src/rendering/proxy_box.dart:3848:13)
#68     RenderObject.layout (package:flutter/src/rendering/object.dart:2775:7)
#69     RenderProxyBoxMixin.performLayout (package:flutter/src/rendering/proxy_box.dart:115:18)
#70     RenderObject.layout (package:flutter/src/rendering/object.dart:2775:7)
#71     _RenderTheaterMixin.layoutChild (package:flutter/src/widgets/overlay.dart:1084:13)
#72     _RenderTheater.performLayout (package:flutter/src/widgets/overlay.dart:1429:9)
#73     RenderObject.layout (package:flutter/src/rendering/object.dart:2775:7)
#74     RenderProxyBoxMixin.performLayout (package:flutter/src/rendering/proxy_box.dart:115:18)
#75     RenderObject.layout (package:flutter/src/rendering/object.dart:2775:7)
#76     RenderProxyBoxMixin.performLayout (package:flutter/src/rendering/proxy_box.dart:115:18)
#77     RenderObject.layout (package:flutter/src/rendering/object.dart:2775:7)
#78     MultiChildLayoutDelegate.layoutChild (package:flutter/src/rendering/custom_layout.dart:180:12)
#79     _ScaffoldLayout.performLayout (package:flutter/src/material/scaffold.dart:1112:7)
#80     MultiChildLayoutDelegate._callPerformLayout (package:flutter/src/rendering/custom_layout.dart:249:7)
#81     RenderCustomMultiChildLayoutBox.performLayout (package:flutter/src/rendering/custom_layout.dart:420:14)
#82     RenderObject.layout (package:flutter/src/rendering/object.dart:2775:7)
#83     RenderProxyBoxMixin.performLayout (package:flutter/src/rendering/proxy_box.dart:115:18)
#84     RenderObject.layout (package:flutter/src/rendering/object.dart:2775:7)
#85     RenderProxyBoxMixin.performLayout (package:flutter/src/rendering/proxy_box.dart:115:18)
#86     _RenderCustomClip.performLayout (package:flutter/src/rendering/proxy_box.dart:1481:11)
#87     RenderObject.layout (package:flutter/src/rendering/object.dart:2775:7)
#88     RenderProxyBoxMixin.performLayout (package:flutter/src/rendering/proxy_box.dart:115:18)
#89     RenderObject.layout (package:flutter/src/rendering/object.dart:2775:7)
#90     RenderProxyBoxMixin.performLayout (package:flutter/src/rendering/proxy_box.dart:115:18)
#91     RenderObject.layout (package:flutter/src/rendering/object.dart:2775:7)
#92     RenderProxyBoxMixin.performLayout (package:flutter/src/rendering/proxy_box.dart:115:18)
#93     RenderObject.layout (package:flutter/src/rendering/object.dart:2775:7)
#94     RenderProxyBoxMixin.performLayout (package:flutter/src/rendering/proxy_box.dart:115:18)
#95     RenderObject.layout (package:flutter/src/rendering/object.dart:2775:7)
#96     RenderProxyBoxMixin.performLayout (package:flutter/src/rendering/proxy_box.dart:115:18)
#97     RenderObject.layout (package:flutter/src/rendering/object.dart:2775:7)
#98     RenderProxyBoxMixin.performLayout (package:flutter/src/rendering/proxy_box.dart:115:18)
#99     RenderObject.layout (package:flutter/src/rendering/object.dart:2775:7)
#100    RenderProxyBoxMixin.performLayout (package:flutter/src/rendering/proxy_box.dart:115:18)
#101    RenderObject.layout (package:flutter/src/rendering/object.dart:2775:7)
#102    RenderProxyBoxMixin.performLayout (package:flutter/src/rendering/proxy_box.dart:115:18)
#103    RenderObject.layout (package:flutter/src/rendering/object.dart:2775:7)
#104    RenderProxyBoxMixin.performLayout (package:flutter/src/rendering/proxy_box.dart:115:18)
#105    RenderObject.layout (package:flutter/src/rendering/object.dart:2775:7)
#106    RenderProxyBoxMixin.performLayout (package:flutter/src/rendering/proxy_box.dart:115:18)
#107    RenderObject.layout (package:flutter/src/rendering/object.dart:2775:7)
#108    RenderProxyBoxMixin.performLayout (package:flutter/src/rendering/proxy_box.dart:115:18)
#109    RenderObject.layout (package:flutter/src/rendering/object.dart:2775:7)
#110    RenderProxyBoxMixin.performLayout (package:flutter/src/rendering/proxy_box.dart:115:18)
#111    RenderObject.layout (package:flutter/src/rendering/object.dart:2775:7)
#112    RenderProxyBoxMixin.performLayout (package:flutter/src/rendering/proxy_box.dart:115:18)
#113    RenderObject.layout (package:flutter/src/rendering/object.dart:2775:7)
#114    RenderProxyBoxMixin.performLayout (package:flutter/src/rendering/proxy_box.dart:115:18)
#115    RenderObject.layout (package:flutter/src/rendering/object.dart:2775:7)
#116    RenderProxyBoxMixin.performLayout (package:flutter/src/rendering/proxy_box.dart:115:18)
#117    RenderObject.layout (package:flutter/src/rendering/object.dart:2775:7)
#118    RenderProxyBoxMixin.performLayout (package:flutter/src/rendering/proxy_box.dart:115:18)
#119    RenderOffstage.performLayout (package:flutter/src/rendering/proxy_box.dart:3848:13)
#120    RenderObject.layout (package:flutter/src/rendering/object.dart:2775:7)
#121    RenderProxyBoxMixin.performLayout (package:flutter/src/rendering/proxy_box.dart:115:18)
#122    RenderObject.layout (package:flutter/src/rendering/object.dart:2775:7)
#123    _RenderTheaterMixin.layoutChild (package:flutter/src/widgets/overlay.dart:1084:13)
#124    _RenderTheater.performLayout (package:flutter/src/widgets/overlay.dart:1429:9)
#125    RenderObject.layout (package:flutter/src/rendering/object.dart:2775:7)
#126    RenderProxyBoxMixin.performLayout (package:flutter/src/rendering/proxy_box.dart:115:18)
#127    RenderObject.layout (package:flutter/src/rendering/object.dart:2775:7)
#128    RenderProxyBoxMixin.performLayout (package:flutter/src/rendering/proxy_box.dart:115:18)
#129    RenderObject.layout (package:flutter/src/rendering/object.dart:2775:7)
#130    ChildLayoutHelper.layoutChild (package:flutter/src/rendering/layout_helper.dart:62:11)
#131    RenderStack._computeSize (package:flutter/src/rendering/stack.dart:645:43)
#132    RenderStack.performLayout (package:flutter/src/rendering/stack.dart:680:12)
#133    RenderObject.layout (package:flutter/src/rendering/object.dart:2775:7)
#134    RenderProxyBoxMixin.performLayout (package:flutter/src/rendering/proxy_box.dart:115:18)
#135    RenderObject.layout (package:flutter/src/rendering/object.dart:2775:7)
#136    RenderProxyBoxMixin.performLayout (package:flutter/src/rendering/proxy_box.dart:115:18)
#137    RenderObject.layout (package:flutter/src/rendering/object.dart:2775:7)
#138    RenderProxyBoxMixin.performLayout (package:flutter/src/rendering/proxy_box.dart:115:18)
#139    RenderObject.layout (package:flutter/src/rendering/object.dart:2775:7)
#140    RenderProxyBoxMixin.performLayout (package:flutter/src/rendering/proxy_box.dart:115:18)
#141    RenderObject.layout (package:flutter/src/rendering/object.dart:2775:7)
#142    RenderProxyBoxMixin.performLayout (package:flutter/src/rendering/proxy_box.dart:115:18)
#143    RenderObject.layout (package:flutter/src/rendering/object.dart:2775:7)
#144    RenderProxyBoxMixin.performLayout (package:flutter/src/rendering/proxy_box.dart:115:18)
#145    RenderObject.layout (package:flutter/src/rendering/object.dart:2775:7)
#146    RenderView.performLayout (package:flutter/src/rendering/view.dart:294:12)
#147    RenderObject._layoutWithoutResize (package:flutter/src/rendering/object.dart:2623:7)
#148    PipelineOwner.flushLayout (package:flutter/src/rendering/object.dart:1170:18)
#149    PipelineOwner.flushLayout (package:flutter/src/rendering/object.dart:1183:15)
#150    AutomatedTestWidgetsFlutterBinding.drawFrame (package:flutter_test/src/binding.dart:1508:27)
#151    RendererBinding._handlePersistentFrameCallback (package:flutter/src/rendering/binding.dart:495:5)
#152    SchedulerBinding._invokeFrameCallback (package:flutter/src/scheduler/binding.dart:1434:15)
#153    SchedulerBinding.handleDrawFrame (package:flutter/src/scheduler/binding.dart:1347:9)
#154    AutomatedTestWidgetsFlutterBinding.pump.<anonymous closure> (package:flutter_test/src/binding.dart:1335:9)
#157    TestAsyncUtils.guard (package:flutter_test/src/test_async_utils.dart:74:41)
#158    AutomatedTestWidgetsFlutterBinding.pump (package:flutter_test/src/binding.dart:1324:27)
#159    WidgetTester.pumpWidget.<anonymous closure> (package:flutter_test/src/widget_tester.dart:598:22)
#162    TestAsyncUtils.guard (package:flutter_test/src/test_async_utils.dart:74:41)
#163    WidgetTester.pumpWidget (package:flutter_test/src/widget_tester.dart:595:27)
#164    main.<anonymous closure> (file:///D:/Mystery/programming/projects/PYTHON_PROJECTS/focus/focus_gg/focus_flutter/test/widget_test.dart:19:18)
#165    testWidgets.<anonymous closure>.<anonymous closure> (package:flutter_test/src/widget_tester.dart:192:29)
<asynchronous suspension>
#166    TestWidgetsFlutterBinding._runTestBody (package:flutter_test/src/binding.dart:1059:5)
<asynchronous suspension>
<asynchronous suspension>
(elided 7 frames from class _AssertionError, dart:async, and package:stack_trace)

The following RenderObject was being processed when the exception was fired: RenderPointerListener#9059c relayoutBoundary=up19 NEEDS-LAYOUT NEEDS-PAINT NEEDS-COMPOSITING-BITS-UPDATE:
  creator: Listener ΓåÉ _GestureSemantics ΓåÉ RawGestureDetector ΓåÉ GestureDetector ΓåÉ CyberCard ΓåÉ Stack ΓåÉ
    FadeTransition ΓåÉ FractionalTranslation ΓåÉ SlideTransition ΓåÉ Animate ΓåÉ Column ΓåÉ Padding ΓåÉ Γï»
  parentData: <none> (can use size)
  constraints: BoxConstraints(0.0<=w<=752.0, 0.0<=h<=Infinity)
  size: MISSING
  behavior: deferToChild
  listeners: down, panZoomStart
This RenderObject had the following descendants (showing up to depth 5):
    child: RenderStack#9d9e2 relayoutBoundary=up20 NEEDS-PAINT NEEDS-COMPOSITING-BITS-UPDATE
      child 1: RenderDecoratedBox#db310 relayoutBoundary=up21 NEEDS-PAINT NEEDS-COMPOSITING-BITS-UPDATE
        child: RenderPadding#8a8d9 relayoutBoundary=up22 NEEDS-PAINT NEEDS-COMPOSITING-BITS-UPDATE
          child: RenderStack#53f33 relayoutBoundary=up23 NEEDS-PAINT NEEDS-COMPOSITING-BITS-UPDATE
            child 1: RenderDecoratedBox#12987 NEEDS-LAYOUT NEEDS-PAINT NEEDS-COMPOSITING-BITS-UPDATE
            child 2: RenderConstrainedBox#e358e NEEDS-LAYOUT NEEDS-PAINT NEEDS-COMPOSITING-BITS-UPDATE
            child 3: RenderConstrainedBox#246ee NEEDS-LAYOUT NEEDS-PAINT NEEDS-COMPOSITING-BITS-UPDATE
            child 4: RenderConstrainedBox#9b710 NEEDS-LAYOUT NEEDS-PAINT NEEDS-COMPOSITING-BITS-UPDATE
            child 5: RenderConstrainedBox#c7b6f NEEDS-LAYOUT NEEDS-PAINT NEEDS-COMPOSITING-BITS-UPDATE
            child 6: RenderPadding#d05ee relayoutBoundary=up24 NEEDS-PAINT NEEDS-COMPOSITING-BITS-UPDATE
ΓòÉΓòÉΓòÉΓòÉΓòÉΓòÉΓòÉΓòÉΓòÉΓòÉΓòÉΓòÉΓòÉΓòÉΓòÉΓòÉΓòÉΓòÉΓòÉΓòÉΓòÉΓòÉΓòÉΓòÉΓòÉΓòÉΓòÉΓòÉΓòÉΓòÉΓòÉΓòÉΓòÉΓòÉΓòÉΓòÉΓòÉΓòÉΓòÉΓòÉΓòÉΓòÉΓòÉΓòÉΓòÉΓòÉΓòÉΓòÉΓòÉΓòÉΓòÉΓòÉΓòÉΓòÉΓòÉΓòÉΓòÉΓòÉΓòÉΓòÉΓòÉΓòÉΓòÉΓòÉΓòÉΓòÉΓòÉΓòÉΓòÉΓòÉΓòÉΓòÉΓòÉΓòÉΓòÉΓòÉΓòÉΓòÉΓòÉΓòÉΓòÉΓòÉΓòÉΓòÉΓòÉΓòÉΓòÉΓòÉΓòÉΓòÉΓòÉΓòÉΓòÉΓòÉΓòÉΓòÉΓòÉΓòÉΓòÉΓòÉ
ΓòÉΓòÉΓòí EXCEPTION CAUGHT BY RENDERING LIBRARY Γò₧ΓòÉΓòÉΓòÉΓòÉΓòÉΓòÉΓòÉΓòÉΓòÉΓòÉΓòÉΓòÉΓòÉΓòÉΓòÉΓòÉΓòÉΓòÉΓòÉΓòÉΓòÉΓòÉΓòÉΓòÉΓòÉΓòÉΓòÉΓòÉΓòÉΓòÉΓòÉΓòÉΓòÉΓòÉΓòÉΓòÉΓòÉΓòÉΓòÉΓòÉΓòÉΓòÉΓòÉΓòÉΓòÉΓòÉΓòÉΓòÉΓòÉΓòÉΓòÉΓòÉΓòÉΓòÉΓòÉΓòÉΓòÉ
The following assertion was thrown during performLayout():
RenderBox was not laid out: RenderPointerListener#9059c relayoutBoundary=up19 NEEDS-PAINT
NEEDS-COMPOSITING-BITS-UPDATE
'package:flutter/src/rendering/box.dart':
Failed assertion: line 2251 pos 12: 'hasSize'

Either the assertion indicates an error in the framework itself, or we should provide substantially
more information in this error message to help you determine and fix the underlying cause.
In either case, please report this assertion by filing a bug on GitHub:
  https://github.com/flutter/flutter/issues/new?template=02_bug.yml

The relevant error-causing widget was:
  GestureDetector
  GestureDetector:file:///D:/Mystery/programming/projects/PYTHON_PROJECTS/focus/focus_gg/focus_flutter/lib/shared/widgets/cyber_card.dart:19:12

When the exception was thrown, this was the stack:
#2      RenderBox.size (package:flutter/src/rendering/box.dart:2251:12)
#3      RenderProxyBoxMixin.performLayout (package:flutter/src/rendering/proxy_box.dart:115:62)
#4      RenderObject.layout (package:flutter/src/rendering/object.dart:2775:7)
#5      ChildLayoutHelper.layoutChild (package:flutter/src/rendering/layout_helper.dart:62:11)
#6      RenderStack._computeSize (package:flutter/src/rendering/stack.dart:645:43)
#7      RenderStack.performLayout (package:flutter/src/rendering/stack.dart:680:12)
#8      RenderObject.layout (package:flutter/src/rendering/object.dart:2775:7)
#9      RenderProxyBoxMixin.performLayout (package:flutter/src/rendering/proxy_box.dart:115:18)
#10     RenderObject.layout (package:flutter/src/rendering/object.dart:2775:7)
#11     RenderProxyBoxMixin.performLayout (package:flutter/src/rendering/proxy_box.dart:115:18)
#12     RenderObject.layout (package:flutter/src/rendering/object.dart:2775:7)
#13     ChildLayoutHelper.layoutChild (package:flutter/src/rendering/layout_helper.dart:62:11)
#14     RenderFlex._computeSizes (package:flutter/src/rendering/flex.dart:1161:28)
#15     RenderFlex.performLayout (package:flutter/src/rendering/flex.dart:1257:32)
#16     RenderObject.layout (package:flutter/src/rendering/object.dart:2775:7)
#17     RenderPadding.performLayout (package:flutter/src/rendering/shifted_box.dart:243:12)
#18     RenderObject.layout (package:flutter/src/rendering/object.dart:2775:7)
#19     RenderConstrainedBox.performLayout (package:flutter/src/rendering/proxy_box.dart:293:14)
#20     RenderObject.layout (package:flutter/src/rendering/object.dart:2775:7)
#21     RenderPositionedBox.performLayout (package:flutter/src/rendering/shifted_box.dart:465:14)
#22     RenderObject.layout (package:flutter/src/rendering/object.dart:2775:7)
#23     RenderPadding.performLayout (package:flutter/src/rendering/shifted_box.dart:243:12)
#24     RenderObject.layout (package:flutter/src/rendering/object.dart:2775:7)
#25     _RenderSingleChildViewport.performLayout (package:flutter/src/widgets/single_child_scroll_view.dart:502:14)
#26     RenderObject.layout (package:flutter/src/rendering/object.dart:2775:7)
#27     RenderProxyBoxMixin.performLayout (package:flutter/src/rendering/proxy_box.dart:115:18)
#28     RenderObject.layout (package:flutter/src/rendering/object.dart:2775:7)
#29     RenderProxyBoxMixin.performLayout (package:flutter/src/rendering/proxy_box.dart:115:18)
#30     RenderObject.layout (package:flutter/src/rendering/object.dart:2775:7)
#31     RenderProxyBoxMixin.performLayout (package:flutter/src/rendering/proxy_box.dart:115:18)
#32     RenderObject.layout (package:flutter/src/rendering/object.dart:2775:7)
#33     RenderProxyBoxMixin.performLayout (package:flutter/src/rendering/proxy_box.dart:115:18)
#34     RenderObject.layout (package:flutter/src/rendering/object.dart:2775:7)
#35     RenderProxyBoxMixin.performLayout (package:flutter/src/rendering/proxy_box.dart:115:18)
#36     RenderObject.layout (package:flutter/src/rendering/object.dart:2775:7)
#37     RenderProxyBoxMixin.performLayout (package:flutter/src/rendering/proxy_box.dart:115:18)
#38     RenderObject.layout (package:flutter/src/rendering/object.dart:2775:7)
#39     RenderProxyBoxMixin.performLayout (package:flutter/src/rendering/proxy_box.dart:115:18)
#40     RenderObject.layout (package:flutter/src/rendering/object.dart:2775:7)
#41     RenderProxyBoxMixin.performLayout (package:flutter/src/rendering/proxy_box.dart:115:18)
#42     _RenderCustomClip.performLayout (package:flutter/src/rendering/proxy_box.dart:1481:11)
#43     RenderObject.layout (package:flutter/src/rendering/object.dart:2775:7)
#44     MultiChildLayoutDelegate.layoutChild (package:flutter/src/rendering/custom_layout.dart:180:12)
#45     _ScaffoldLayout.performLayout (package:flutter/src/material/scaffold.dart:1112:7)
#46     MultiChildLayoutDelegate._callPerformLayout (package:flutter/src/rendering/custom_layout.dart:249:7)
#47     RenderCustomMultiChildLayoutBox.performLayout (package:flutter/src/rendering/custom_layout.dart:420:14)
#48     RenderObject.layout (package:flutter/src/rendering/object.dart:2775:7)
#49     RenderProxyBoxMixin.performLayout (package:flutter/src/rendering/proxy_box.dart:115:18)
#50     RenderObject.layout (package:flutter/src/rendering/object.dart:2775:7)
#51     RenderProxyBoxMixin.performLayout (package:flutter/src/rendering/proxy_box.dart:115:18)
#52     _RenderCustomClip.performLayout (package:flutter/src/rendering/proxy_box.dart:1481:11)
#53     RenderObject.layout (package:flutter/src/rendering/object.dart:2775:7)
#54     RenderProxyBoxMixin.performLayout (package:flutter/src/rendering/proxy_box.dart:115:18)
#55     RenderObject.layout (package:flutter/src/rendering/object.dart:2775:7)
#56     RenderProxyBoxMixin.performLayout (package:flutter/src/rendering/proxy_box.dart:115:18)
#57     RenderObject.layout (package:flutter/src/rendering/object.dart:2775:7)
#58     RenderProxyBoxMixin.performLayout (package:flutter/src/rendering/proxy_box.dart:115:18)
#59     RenderObject.layout (package:flutter/src/rendering/object.dart:2775:7)
#60     RenderProxyBoxMixin.performLayout (package:flutter/src/rendering/proxy_box.dart:115:18)
#61     RenderObject.layout (package:flutter/src/rendering/object.dart:2775:7)
#62     RenderProxyBoxMixin.performLayout (package:flutter/src/rendering/proxy_box.dart:115:18)
#63     RenderObject.layout (package:flutter/src/rendering/object.dart:2775:7)
#64     RenderProxyBoxMixin.performLayout (package:flutter/src/rendering/proxy_box.dart:115:18)
#65     RenderOffstage.performLayout (package:flutter/src/rendering/proxy_box.dart:3848:13)
#66     RenderObject.layout (package:flutter/src/rendering/object.dart:2775:7)
#67     RenderProxyBoxMixin.performLayout (package:flutter/src/rendering/proxy_box.dart:115:18)
#68     RenderObject.layout (package:flutter/src/rendering/object.dart:2775:7)
#69     _RenderTheaterMixin.layoutChild (package:flutter/src/widgets/overlay.dart:1084:13)
#70     _RenderTheater.performLayout (package:flutter/src/widgets/overlay.dart:1429:9)
#71     RenderObject.layout (package:flutter/src/rendering/object.dart:2775:7)
#72     RenderProxyBoxMixin.performLayout (package:flutter/src/rendering/proxy_box.dart:115:18)
#73     RenderObject.layout (package:flutter/src/rendering/object.dart:2775:7)
#74     RenderProxyBoxMixin.performLayout (package:flutter/src/rendering/proxy_box.dart:115:18)
#75     RenderObject.layout (package:flutter/src/rendering/object.dart:2775:7)
#76     MultiChildLayoutDelegate.layoutChild (package:flutter/src/rendering/custom_layout.dart:180:12)
#77     _ScaffoldLayout.performLayout (package:flutter/src/material/scaffold.dart:1112:7)
#78     MultiChildLayoutDelegate._callPerformLayout (package:flutter/src/rendering/custom_layout.dart:249:7)
#79     RenderCustomMultiChildLayoutBox.performLayout (package:flutter/src/rendering/custom_layout.dart:420:14)
#80     RenderObject.layout (package:flutter/src/rendering/object.dart:2775:7)
#81     RenderProxyBoxMixin.performLayout (package:flutter/src/rendering/proxy_box.dart:115:18)
#82     RenderObject.layout (package:flutter/src/rendering/object.dart:2775:7)
#83     RenderProxyBoxMixin.performLayout (package:flutter/src/rendering/proxy_box.dart:115:18)
#84     _RenderCustomClip.performLayout (package:flutter/src/rendering/proxy_box.dart:1481:11)
#85     RenderObject.layout (package:flutter/src/rendering/object.dart:2775:7)
#86     RenderProxyBoxMixin.performLayout (package:flutter/src/rendering/proxy_box.dart:115:18)
#87     RenderObject.layout (package:flutter/src/rendering/object.dart:2775:7)
#88     RenderProxyBoxMixin.performLayout (package:flutter/src/rendering/proxy_box.dart:115:18)
#89     RenderObject.layout (package:flutter/src/rendering/object.dart:2775:7)
#90     RenderProxyBoxMixin.performLayout (package:flutter/src/rendering/proxy_box.dart:115:18)
#91     RenderObject.layout (package:flutter/src/rendering/object.dart:2775:7)
#92     RenderProxyBoxMixin.performLayout (package:flutter/src/rendering/proxy_box.dart:115:18)
#93     RenderObject.layout (package:flutter/src/rendering/object.dart:2775:7)
#94     RenderProxyBoxMixin.performLayout (package:flutter/src/rendering/proxy_box.dart:115:18)
#95     RenderObject.layout (package:flutter/src/rendering/object.dart:2775:7)
#96     RenderProxyBoxMixin.performLayout (package:flutter/src/rendering/proxy_box.dart:115:18)
#97     RenderObject.layout (package:flutter/src/rendering/object.dart:2775:7)
#98     RenderProxyBoxMixin.performLayout (package:flutter/src/rendering/proxy_box.dart:115:18)
#99     RenderObject.layout (package:flutter/src/rendering/object.dart:2775:7)
#100    RenderProxyBoxMixin.performLayout (package:flutter/src/rendering/proxy_box.dart:115:18)
#101    RenderObject.layout (package:flutter/src/rendering/object.dart:2775:7)
#102    RenderProxyBoxMixin.performLayout (package:flutter/src/rendering/proxy_box.dart:115:18)
#103    RenderObject.layout (package:flutter/src/rendering/object.dart:2775:7)
#104    RenderProxyBoxMixin.performLayout (package:flutter/src/rendering/proxy_box.dart:115:18)
#105    RenderObject.layout (package:flutter/src/rendering/object.dart:2775:7)
#106    RenderProxyBoxMixin.performLayout (package:flutter/src/rendering/proxy_box.dart:115:18)
#107    RenderObject.layout (package:flutter/src/rendering/object.dart:2775:7)
#108    RenderProxyBoxMixin.performLayout (package:flutter/src/rendering/proxy_box.dart:115:18)
#109    RenderObject.layout (package:flutter/src/rendering/object.dart:2775:7)
#110    RenderProxyBoxMixin.performLayout (package:flutter/src/rendering/proxy_box.dart:115:18)
#111    RenderObject.layout (package:flutter/src/rendering/object.dart:2775:7)
#112    RenderProxyBoxMixin.performLayout (package:flutter/src/rendering/proxy_box.dart:115:18)
#113    RenderObject.layout (package:flutter/src/rendering/object.dart:2775:7)
#114    RenderProxyBoxMixin.performLayout (package:flutter/src/rendering/proxy_box.dart:115:18)
#115    RenderObject.layout (package:flutter/src/rendering/object.dart:2775:7)
#116    RenderProxyBoxMixin.performLayout (package:flutter/src/rendering/proxy_box.dart:115:18)
#117    RenderOffstage.performLayout (package:flutter/src/rendering/proxy_box.dart:3848:13)
#118    RenderObject.layout (package:flutter/src/rendering/object.dart:2775:7)
#119    RenderProxyBoxMixin.performLayout (package:flutter/src/rendering/proxy_box.dart:115:18)
#120    RenderObject.layout (package:flutter/src/rendering/object.dart:2775:7)
#121    _RenderTheaterMixin.layoutChild (package:flutter/src/widgets/overlay.dart:1084:13)
#122    _RenderTheater.performLayout (package:flutter/src/widgets/overlay.dart:1429:9)
#123    RenderObject.layout (package:flutter/src/rendering/object.dart:2775:7)
#124    RenderProxyBoxMixin.performLayout (package:flutter/src/rendering/proxy_box.dart:115:18)
#125    RenderObject.layout (package:flutter/src/rendering/object.dart:2775:7)
#126    RenderProxyBoxMixin.performLayout (package:flutter/src/rendering/proxy_box.dart:115:18)
#127    RenderObject.layout (package:flutter/src/rendering/object.dart:2775:7)
#128    ChildLayoutHelper.layoutChild (package:flutter/src/rendering/layout_helper.dart:62:11)
#129    RenderStack._computeSize (package:flutter/src/rendering/stack.dart:645:43)
#130    RenderStack.performLayout (package:flutter/src/rendering/stack.dart:680:12)
#131    RenderObject.layout (package:flutter/src/rendering/object.dart:2775:7)
#132    RenderProxyBoxMixin.performLayout (package:flutter/src/rendering/proxy_box.dart:115:18)
#133    RenderObject.layout (package:flutter/src/rendering/object.dart:2775:7)
#134    RenderProxyBoxMixin.performLayout (package:flutter/src/rendering/proxy_box.dart:115:18)
#135    RenderObject.layout (package:flutter/src/rendering/object.dart:2775:7)
#136    RenderProxyBoxMixin.performLayout (package:flutter/src/rendering/proxy_box.dart:115:18)
#137    RenderObject.layout (package:flutter/src/rendering/object.dart:2775:7)
#138    RenderProxyBoxMixin.performLayout (package:flutter/src/rendering/proxy_box.dart:115:18)
#139    RenderObject.layout (package:flutter/src/rendering/object.dart:2775:7)
#140    RenderProxyBoxMixin.performLayout (package:flutter/src/rendering/proxy_box.dart:115:18)
#141    RenderObject.layout (package:flutter/src/rendering/object.dart:2775:7)
#142    RenderProxyBoxMixin.performLayout (package:flutter/src/rendering/proxy_box.dart:115:18)
#143    RenderObject.layout (package:flutter/src/rendering/object.dart:2775:7)
#144    RenderView.performLayout (package:flutter/src/rendering/view.dart:294:12)
#145    RenderObject._layoutWithoutResize (package:flutter/src/rendering/object.dart:2623:7)
#146    PipelineOwner.flushLayout (package:flutter/src/rendering/object.dart:1170:18)
#147    PipelineOwner.flushLayout (package:flutter/src/rendering/object.dart:1183:15)
#148    AutomatedTestWidgetsFlutterBinding.drawFrame (package:flutter_test/src/binding.dart:1508:27)
#149    RendererBinding._handlePersistentFrameCallback (package:flutter/src/rendering/binding.dart:495:5)
#150    SchedulerBinding._invokeFrameCallback (package:flutter/src/scheduler/binding.dart:1434:15)
#151    SchedulerBinding.handleDrawFrame (package:flutter/src/scheduler/binding.dart:1347:9)
#152    AutomatedTestWidgetsFlutterBinding.pump.<anonymous closure> (package:flutter_test/src/binding.dart:1335:9)
#155    TestAsyncUtils.guard (package:flutter_test/src/test_async_utils.dart:74:41)
#156    AutomatedTestWidgetsFlutterBinding.pump (package:flutter_test/src/binding.dart:1324:27)
#157    WidgetTester.pumpWidget.<anonymous closure> (package:flutter_test/src/widget_tester.dart:598:22)
#160    TestAsyncUtils.guard (package:flutter_test/src/test_async_utils.dart:74:41)
#161    WidgetTester.pumpWidget (package:flutter_test/src/widget_tester.dart:595:27)
#162    main.<anonymous closure> (file:///D:/Mystery/programming/projects/PYTHON_PROJECTS/focus/focus_gg/focus_flutter/test/widget_test.dart:19:18)
#163    testWidgets.<anonymous closure>.<anonymous closure> (package:flutter_test/src/widget_tester.dart:192:29)
<asynchronous suspension>
#164    TestWidgetsFlutterBinding._runTestBody (package:flutter_test/src/binding.dart:1059:5)
<asynchronous suspension>
<asynchronous suspension>
(elided 7 frames from class _AssertionError, dart:async, and package:stack_trace)

The following RenderObject was being processed when the exception was fired: RenderSemanticsGestureHandler#fcad4 relayoutBoundary=up18 NEEDS-LAYOUT NEEDS-PAINT NEEDS-COMPOSITING-BITS-UPDATE:
  creator: _GestureSemantics ΓåÉ RawGestureDetector ΓåÉ GestureDetector ΓåÉ CyberCard ΓåÉ Stack ΓåÉ
    FadeTransition ΓåÉ FractionalTranslation ΓåÉ SlideTransition ΓåÉ Animate ΓåÉ Column ΓåÉ Padding ΓåÉ
    ConstrainedBox ΓåÉ Γï»
  parentData: not positioned; offset=Offset(0.0, 0.0) (can use size)
  constraints: BoxConstraints(0.0<=w<=752.0, 0.0<=h<=Infinity)
  size: MISSING
  behavior: deferToChild
  gestures: <none>
This RenderObject had the following descendants (showing up to depth 5):
    child: RenderPointerListener#9059c relayoutBoundary=up19 NEEDS-PAINT NEEDS-COMPOSITING-BITS-UPDATE
      child: RenderStack#9d9e2 relayoutBoundary=up20 NEEDS-PAINT NEEDS-COMPOSITING-BITS-UPDATE
        child 1: RenderDecoratedBox#db310 relayoutBoundary=up21 NEEDS-PAINT NEEDS-COMPOSITING-BITS-UPDATE
          child: RenderPadding#8a8d9 relayoutBoundary=up22 NEEDS-PAINT NEEDS-COMPOSITING-BITS-UPDATE
            child: RenderStack#53f33 relayoutBoundary=up23 NEEDS-PAINT NEEDS-COMPOSITING-BITS-UPDATE
ΓòÉΓòÉΓòÉΓòÉΓòÉΓòÉΓòÉΓòÉΓòÉΓòÉΓòÉΓòÉΓòÉΓòÉΓòÉΓòÉΓòÉΓòÉΓòÉΓòÉΓòÉΓòÉΓòÉΓòÉΓòÉΓòÉΓòÉΓòÉΓòÉΓòÉΓòÉΓòÉΓòÉΓòÉΓòÉΓòÉΓòÉΓòÉΓòÉΓòÉΓòÉΓòÉΓòÉΓòÉΓòÉΓòÉΓòÉΓòÉΓòÉΓòÉΓòÉΓòÉΓòÉΓòÉΓòÉΓòÉΓòÉΓòÉΓòÉΓòÉΓòÉΓòÉΓòÉΓòÉΓòÉΓòÉΓòÉΓòÉΓòÉΓòÉΓòÉΓòÉΓòÉΓòÉΓòÉΓòÉΓòÉΓòÉΓòÉΓòÉΓòÉΓòÉΓòÉΓòÉΓòÉΓòÉΓòÉΓòÉΓòÉΓòÉΓòÉΓòÉΓòÉΓòÉΓòÉΓòÉΓòÉΓòÉΓòÉΓòÉ
ΓòÉΓòÉΓòí EXCEPTION CAUGHT BY RENDERING LIBRARY Γò₧ΓòÉΓòÉΓòÉΓòÉΓòÉΓòÉΓòÉΓòÉΓòÉΓòÉΓòÉΓòÉΓòÉΓòÉΓòÉΓòÉΓòÉΓòÉΓòÉΓòÉΓòÉΓòÉΓòÉΓòÉΓòÉΓòÉΓòÉΓòÉΓòÉΓòÉΓòÉΓòÉΓòÉΓòÉΓòÉΓòÉΓòÉΓòÉΓòÉΓòÉΓòÉΓòÉΓòÉΓòÉΓòÉΓòÉΓòÉΓòÉΓòÉΓòÉΓòÉΓòÉΓòÉΓòÉΓòÉΓòÉΓòÉ
The following assertion was thrown during performLayout():
RenderBox was not laid out: RenderSemanticsGestureHandler#fcad4 relayoutBoundary=up18 NEEDS-PAINT
NEEDS-COMPOSITING-BITS-UPDATE
'package:flutter/src/rendering/box.dart':
Failed assertion: line 2251 pos 12: 'hasSize'

Either the assertion indicates an error in the framework itself, or we should provide substantially
more information in this error message to help you determine and fix the underlying cause.
In either case, please report this assertion by filing a bug on GitHub:
  https://github.com/flutter/flutter/issues/new?template=02_bug.yml

The relevant error-causing widget was:
  Stack
  Stack:file:///D:/Mystery/programming/projects/PYTHON_PROJECTS/focus/focus_gg/focus_flutter/lib/features/dashboard/dashboard_screen.dart:177:12

When the exception was thrown, this was the stack:
#2      RenderBox.size (package:flutter/src/rendering/box.dart:2251:12)
#3      ChildLayoutHelper.layoutChild (package:flutter/src/rendering/layout_helper.dart:63:18)
#4      RenderStack._computeSize (package:flutter/src/rendering/stack.dart:645:43)
#5      RenderStack.performLayout (package:flutter/src/rendering/stack.dart:680:12)
#6      RenderObject.layout (package:flutter/src/rendering/object.dart:2775:7)
#7      RenderProxyBoxMixin.performLayout (package:flutter/src/rendering/proxy_box.dart:115:18)
#8      RenderObject.layout (package:flutter/src/rendering/object.dart:2775:7)
#9      RenderProxyBoxMixin.performLayout (package:flutter/src/rendering/proxy_box.dart:115:18)
#10     RenderObject.layout (package:flutter/src/rendering/object.dart:2775:7)
#11     ChildLayoutHelper.layoutChild (package:flutter/src/rendering/layout_helper.dart:62:11)
#12     RenderFlex._computeSizes (package:flutter/src/rendering/flex.dart:1161:28)
#13     RenderFlex.performLayout (package:flutter/src/rendering/flex.dart:1257:32)
#14     RenderObject.layout (package:flutter/src/rendering/object.dart:2775:7)
#15     RenderPadding.performLayout (package:flutter/src/rendering/shifted_box.dart:243:12)
#16     RenderObject.layout (package:flutter/src/rendering/object.dart:2775:7)
#17     RenderConstrainedBox.performLayout (package:flutter/src/rendering/proxy_box.dart:293:14)
#18     RenderObject.layout (package:flutter/src/rendering/object.dart:2775:7)
#19     RenderPositionedBox.performLayout (package:flutter/src/rendering/shifted_box.dart:465:14)
#20     RenderObject.layout (package:flutter/src/rendering/object.dart:2775:7)
#21     RenderPadding.performLayout (package:flutter/src/rendering/shifted_box.dart:243:12)
#22     RenderObject.layout (package:flutter/src/rendering/object.dart:2775:7)
#23     _RenderSingleChildViewport.performLayout (package:flutter/src/widgets/single_child_scroll_view.dart:502:14)
#24     RenderObject.layout (package:flutter/src/rendering/object.dart:2775:7)
#25     RenderProxyBoxMixin.performLayout (package:flutter/src/rendering/proxy_box.dart:115:18)
#26     RenderObject.layout (package:flutter/src/rendering/object.dart:2775:7)
#27     RenderProxyBoxMixin.performLayout (package:flutter/src/rendering/proxy_box.dart:115:18)
#28     RenderObject.layout (package:flutter/src/rendering/object.dart:2775:7)
#29     RenderProxyBoxMixin.performLayout (package:flutter/src/rendering/proxy_box.dart:115:18)
#30     RenderObject.layout (package:flutter/src/rendering/object.dart:2775:7)
#31     RenderProxyBoxMixin.performLayout (package:flutter/src/rendering/proxy_box.dart:115:18)
#32     RenderObject.layout (package:flutter/src/rendering/object.dart:2775:7)
#33     RenderProxyBoxMixin.performLayout (package:flutter/src/rendering/proxy_box.dart:115:18)
#34     RenderObject.layout (package:flutter/src/rendering/object.dart:2775:7)
#35     RenderProxyBoxMixin.performLayout (package:flutter/src/rendering/proxy_box.dart:115:18)
#36     RenderObject.layout (package:flutter/src/rendering/object.dart:2775:7)
#37     RenderProxyBoxMixin.performLayout (package:flutter/src/rendering/proxy_box.dart:115:18)
#38     RenderObject.layout (package:flutter/src/rendering/object.dart:2775:7)
#39     RenderProxyBoxMixin.performLayout (package:flutter/src/rendering/proxy_box.dart:115:18)
#40     _RenderCustomClip.performLayout (package:flutter/src/rendering/proxy_box.dart:1481:11)
#41     RenderObject.layout (package:flutter/src/rendering/object.dart:2775:7)
#42     MultiChildLayoutDelegate.layoutChild (package:flutter/src/rendering/custom_layout.dart:180:12)
#43     _ScaffoldLayout.performLayout (package:flutter/src/material/scaffold.dart:1112:7)
#44     MultiChildLayoutDelegate._callPerformLayout (package:flutter/src/rendering/custom_layout.dart:249:7)
#45     RenderCustomMultiChildLayoutBox.performLayout (package:flutter/src/rendering/custom_layout.dart:420:14)
#46     RenderObject.layout (package:flutter/src/rendering/object.dart:2775:7)
#47     RenderProxyBoxMixin.performLayout (package:flutter/src/rendering/proxy_box.dart:115:18)
#48     RenderObject.layout (package:flutter/src/rendering/object.dart:2775:7)
#49     RenderProxyBoxMixin.performLayout (package:flutter/src/rendering/proxy_box.dart:115:18)
#50     _RenderCustomClip.performLayout (package:flutter/src/rendering/proxy_box.dart:1481:11)
#51     RenderObject.layout (package:flutter/src/rendering/object.dart:2775:7)
#52     RenderProxyBoxMixin.performLayout (package:flutter/src/rendering/proxy_box.dart:115:18)
#53     RenderObject.layout (package:flutter/src/rendering/object.dart:2775:7)
#54     RenderProxyBoxMixin.performLayout (package:flutter/src/rendering/proxy_box.dart:115:18)
#55     RenderObject.layout (package:flutter/src/rendering/object.dart:2775:7)
#56     RenderProxyBoxMixin.performLayout (package:flutter/src/rendering/proxy_box.dart:115:18)
#57     RenderObject.layout (package:flutter/src/rendering/object.dart:2775:7)
#58     RenderProxyBoxMixin.performLayout (package:flutter/src/rendering/proxy_box.dart:115:18)
#59     RenderObject.layout (package:flutter/src/rendering/object.dart:2775:7)
#60     RenderProxyBoxMixin.performLayout (package:flutter/src/rendering/proxy_box.dart:115:18)
#61     RenderObject.layout (package:flutter/src/rendering/object.dart:2775:7)
#62     RenderProxyBoxMixin.performLayout (package:flutter/src/rendering/proxy_box.dart:115:18)
#63     RenderOffstage.performLayout (package:flutter/src/rendering/proxy_box.dart:3848:13)
#64     RenderObject.layout (package:flutter/src/rendering/object.dart:2775:7)
#65     RenderProxyBoxMixin.performLayout (package:flutter/src/rendering/proxy_box.dart:115:18)
#66     RenderObject.layout (package:flutter/src/rendering/object.dart:2775:7)
#67     _RenderTheaterMixin.layoutChild (package:flutter/src/widgets/overlay.dart:1084:13)
#68     _RenderTheater.performLayout (package:flutter/src/widgets/overlay.dart:1429:9)
#69     RenderObject.layout (package:flutter/src/rendering/object.dart:2775:7)
#70     RenderProxyBoxMixin.performLayout (package:flutter/src/rendering/proxy_box.dart:115:18)
#71     RenderObject.layout (package:flutter/src/rendering/object.dart:2775:7)
#72     RenderProxyBoxMixin.performLayout (package:flutter/src/rendering/proxy_box.dart:115:18)
#73     RenderObject.layout (package:flutter/src/rendering/object.dart:2775:7)
#74     MultiChildLayoutDelegate.layoutChild (package:flutter/src/rendering/custom_layout.dart:180:12)
#75     _ScaffoldLayout.performLayout (package:flutter/src/material/scaffold.dart:1112:7)
#76     MultiChildLayoutDelegate._callPerformLayout (package:flutter/src/rendering/custom_layout.dart:249:7)
#77     RenderCustomMultiChildLayoutBox.performLayout (package:flutter/src/rendering/custom_layout.dart:420:14)
#78     RenderObject.layout (package:flutter/src/rendering/object.dart:2775:7)
#79     RenderProxyBoxMixin.performLayout (package:flutter/src/rendering/proxy_box.dart:115:18)
#80     RenderObject.layout (package:flutter/src/rendering/object.dart:2775:7)
#81     RenderProxyBoxMixin.performLayout (package:flutter/src/rendering/proxy_box.dart:115:18)
#82     _RenderCustomClip.performLayout (package:flutter/src/rendering/proxy_box.dart:1481:11)
#83     RenderObject.layout (package:flutter/src/rendering/object.dart:2775:7)
#84     RenderProxyBoxMixin.performLayout (package:flutter/src/rendering/proxy_box.dart:115:18)
#85     RenderObject.layout (package:flutter/src/rendering/object.dart:2775:7)
#86     RenderProxyBoxMixin.performLayout (package:flutter/src/rendering/proxy_box.dart:115:18)
#87     RenderObject.layout (package:flutter/src/rendering/object.dart:2775:7)
#88     RenderProxyBoxMixin.performLayout (package:flutter/src/rendering/proxy_box.dart:115:18)
#89     RenderObject.layout (package:flutter/src/rendering/object.dart:2775:7)
#90     RenderProxyBoxMixin.performLayout (package:flutter/src/rendering/proxy_box.dart:115:18)
#91     RenderObject.layout (package:flutter/src/rendering/object.dart:2775:7)
#92     RenderProxyBoxMixin.performLayout (package:flutter/src/rendering/proxy_box.dart:115:18)
#93     RenderObject.layout (package:flutter/src/rendering/object.dart:2775:7)
#94     RenderProxyBoxMixin.performLayout (package:flutter/src/rendering/proxy_box.dart:115:18)
#95     RenderObject.layout (package:flutter/src/rendering/object.dart:2775:7)
#96     RenderProxyBoxMixin.performLayout (package:flutter/src/rendering/proxy_box.dart:115:18)
#97     RenderObject.layout (package:flutter/src/rendering/object.dart:2775:7)
#98     RenderProxyBoxMixin.performLayout (package:flutter/src/rendering/proxy_box.dart:115:18)
#99     RenderObject.layout (package:flutter/src/rendering/object.dart:2775:7)
#100    RenderProxyBoxMixin.performLayout (package:flutter/src/rendering/proxy_box.dart:115:18)
#101    RenderObject.layout (package:flutter/src/rendering/object.dart:2775:7)
#102    RenderProxyBoxMixin.performLayout (package:flutter/src/rendering/proxy_box.dart:115:18)
#103    RenderObject.layout (package:flutter/src/rendering/object.dart:2775:7)
#104    RenderProxyBoxMixin.performLayout (package:flutter/src/rendering/proxy_box.dart:115:18)
#105    RenderObject.layout (package:flutter/src/rendering/object.dart:2775:7)
#106    RenderProxyBoxMixin.performLayout (package:flutter/src/rendering/proxy_box.dart:115:18)
#107    RenderObject.layout (package:flutter/src/rendering/object.dart:2775:7)
#108    RenderProxyBoxMixin.performLayout (package:flutter/src/rendering/proxy_box.dart:115:18)
#109    RenderObject.layout (package:flutter/src/rendering/object.dart:2775:7)
#110    RenderProxyBoxMixin.performLayout (package:flutter/src/rendering/proxy_box.dart:115:18)
#111    RenderObject.layout (package:flutter/src/rendering/object.dart:2775:7)
#112    RenderProxyBoxMixin.performLayout (package:flutter/src/rendering/proxy_box.dart:115:18)
#113    RenderObject.layout (package:flutter/src/rendering/object.dart:2775:7)
#114    RenderProxyBoxMixin.performLayout (package:flutter/src/rendering/proxy_box.dart:115:18)
#115    RenderOffstage.performLayout (package:flutter/src/rendering/proxy_box.dart:3848:13)
#116    RenderObject.layout (package:flutter/src/rendering/object.dart:2775:7)
#117    RenderProxyBoxMixin.performLayout (package:flutter/src/rendering/proxy_box.dart:115:18)
#118    RenderObject.layout (package:flutter/src/rendering/object.dart:2775:7)
#119    _RenderTheaterMixin.layoutChild (package:flutter/src/widgets/overlay.dart:1084:13)
#120    _RenderTheater.performLayout (package:flutter/src/widgets/overlay.dart:1429:9)
#121    RenderObject.layout (package:flutter/src/rendering/object.dart:2775:7)
#122    RenderProxyBoxMixin.performLayout (package:flutter/src/rendering/proxy_box.dart:115:18)
#123    RenderObject.layout (package:flutter/src/rendering/object.dart:2775:7)
#124    RenderProxyBoxMixin.performLayout (package:flutter/src/rendering/proxy_box.dart:115:18)
#125    RenderObject.layout (package:flutter/src/rendering/object.dart:2775:7)
#126    ChildLayoutHelper.layoutChild (package:flutter/src/rendering/layout_helper.dart:62:11)
#127    RenderStack._computeSize (package:flutter/src/rendering/stack.dart:645:43)
#128    RenderStack.performLayout (package:flutter/src/rendering/stack.dart:680:12)
#129    RenderObject.layout (package:flutter/src/rendering/object.dart:2775:7)
#130    RenderProxyBoxMixin.performLayout (package:flutter/src/rendering/proxy_box.dart:115:18)
#131    RenderObject.layout (package:flutter/src/rendering/object.dart:2775:7)
#132    RenderProxyBoxMixin.performLayout (package:flutter/src/rendering/proxy_box.dart:115:18)
#133    RenderObject.layout (package:flutter/src/rendering/object.dart:2775:7)
#134    RenderProxyBoxMixin.performLayout (package:flutter/src/rendering/proxy_box.dart:115:18)
#135    RenderObject.layout (package:flutter/src/rendering/object.dart:2775:7)
#136    RenderProxyBoxMixin.performLayout (package:flutter/src/rendering/proxy_box.dart:115:18)
#137    RenderObject.layout (package:flutter/src/rendering/object.dart:2775:7)
#138    RenderProxyBoxMixin.performLayout (package:flutter/src/rendering/proxy_box.dart:115:18)
#139    RenderObject.layout (package:flutter/src/rendering/object.dart:2775:7)
#140    RenderProxyBoxMixin.performLayout (package:flutter/src/rendering/proxy_box.dart:115:18)
#141    RenderObject.layout (package:flutter/src/rendering/object.dart:2775:7)
#142    RenderView.performLayout (package:flutter/src/rendering/view.dart:294:12)
#143    RenderObject._layoutWithoutResize (package:flutter/src/rendering/object.dart:2623:7)
#144    PipelineOwner.flushLayout (package:flutter/src/rendering/object.dart:1170:18)
#145    PipelineOwner.flushLayout (package:flutter/src/rendering/object.dart:1183:15)
#146    AutomatedTestWidgetsFlutterBinding.drawFrame (package:flutter_test/src/binding.dart:1508:27)
#147    RendererBinding._handlePersistentFrameCallback (package:flutter/src/rendering/binding.dart:495:5)
#148    SchedulerBinding._invokeFrameCallback (package:flutter/src/scheduler/binding.dart:1434:15)
#149    SchedulerBinding.handleDrawFrame (package:flutter/src/scheduler/binding.dart:1347:9)
#150    AutomatedTestWidgetsFlutterBinding.pump.<anonymous closure> (package:flutter_test/src/binding.dart:1335:9)
#153    TestAsyncUtils.guard (package:flutter_test/src/test_async_utils.dart:74:41)
#154    AutomatedTestWidgetsFlutterBinding.pump (package:flutter_test/src/binding.dart:1324:27)
#155    WidgetTester.pumpWidget.<anonymous closure> (package:flutter_test/src/widget_tester.dart:598:22)
#158    TestAsyncUtils.guard (package:flutter_test/src/test_async_utils.dart:74:41)
#159    WidgetTester.pumpWidget (package:flutter_test/src/widget_tester.dart:595:27)
#160    main.<anonymous closure> (file:///D:/Mystery/programming/projects/PYTHON_PROJECTS/focus/focus_gg/focus_flutter/test/widget_test.dart:19:18)
#161    testWidgets.<anonymous closure>.<anonymous closure> (package:flutter_test/src/widget_tester.dart:192:29)
<asynchronous suspension>
#162    TestWidgetsFlutterBinding._runTestBody (package:flutter_test/src/binding.dart:1059:5)
<asynchronous suspension>
<asynchronous suspension>
(elided 7 frames from class _AssertionError, dart:async, and package:stack_trace)

The following RenderObject was being processed when the exception was fired: RenderStack#942f2 relayoutBoundary=up17 NEEDS-LAYOUT NEEDS-PAINT NEEDS-COMPOSITING-BITS-UPDATE:
  creator: Stack ΓåÉ FadeTransition ΓåÉ FractionalTranslation ΓåÉ SlideTransition ΓåÉ Animate ΓåÉ Column ΓåÉ
    Padding ΓåÉ ConstrainedBox ΓåÉ Align ΓåÉ PageContainer ΓåÉ Padding ΓåÉ _SingleChildViewport ΓåÉ Γï»
  parentData: <none> (can use size)
  constraints: BoxConstraints(w=752.0, 0.0<=h<=Infinity)
  size: MISSING
  alignment: AlignmentDirectional.topStart
  textDirection: ltr
  fit: loose
This RenderObject had the following descendants (showing up to depth 5):
    child 1: RenderDecoratedBox#2388f NEEDS-LAYOUT NEEDS-PAINT NEEDS-COMPOSITING-BITS-UPDATE
      child: RenderPadding#b6df0 NEEDS-LAYOUT NEEDS-PAINT NEEDS-COMPOSITING-BITS-UPDATE
        child: RenderLimitedBox#53077 NEEDS-LAYOUT NEEDS-PAINT NEEDS-COMPOSITING-BITS-UPDATE
          child: RenderConstrainedBox#10065 NEEDS-LAYOUT NEEDS-PAINT
    child 2: RenderSemanticsGestureHandler#fcad4 relayoutBoundary=up18 NEEDS-PAINT NEEDS-COMPOSITING-BITS-UPDATE
      child: RenderPointerListener#9059c relayoutBoundary=up19 NEEDS-PAINT NEEDS-COMPOSITING-BITS-UPDATE
        child: RenderStack#9d9e2 relayoutBoundary=up20 NEEDS-PAINT NEEDS-COMPOSITING-BITS-UPDATE
          child 1: RenderDecoratedBox#db310 relayoutBoundary=up21 NEEDS-PAINT NEEDS-COMPOSITING-BITS-UPDATE
            child: RenderPadding#8a8d9 relayoutBoundary=up22 NEEDS-PAINT NEEDS-COMPOSITING-BITS-UPDATE
ΓòÉΓòÉΓòÉΓòÉΓòÉΓòÉΓòÉΓòÉΓòÉΓòÉΓòÉΓòÉΓòÉΓòÉΓòÉΓòÉΓòÉΓòÉΓòÉΓòÉΓòÉΓòÉΓòÉΓòÉΓòÉΓòÉΓòÉΓòÉΓòÉΓòÉΓòÉΓòÉΓòÉΓòÉΓòÉΓòÉΓòÉΓòÉΓòÉΓòÉΓòÉΓòÉΓòÉΓòÉΓòÉΓòÉΓòÉΓòÉΓòÉΓòÉΓòÉΓòÉΓòÉΓòÉΓòÉΓòÉΓòÉΓòÉΓòÉΓòÉΓòÉΓòÉΓòÉΓòÉΓòÉΓòÉΓòÉΓòÉΓòÉΓòÉΓòÉΓòÉΓòÉΓòÉΓòÉΓòÉΓòÉΓòÉΓòÉΓòÉΓòÉΓòÉΓòÉΓòÉΓòÉΓòÉΓòÉΓòÉΓòÉΓòÉΓòÉΓòÉΓòÉΓòÉΓòÉΓòÉΓòÉΓòÉΓòÉΓòÉ
ΓòÉΓòÉΓòí EXCEPTION CAUGHT BY RENDERING LIBRARY Γò₧ΓòÉΓòÉΓòÉΓòÉΓòÉΓòÉΓòÉΓòÉΓòÉΓòÉΓòÉΓòÉΓòÉΓòÉΓòÉΓòÉΓòÉΓòÉΓòÉΓòÉΓòÉΓòÉΓòÉΓòÉΓòÉΓòÉΓòÉΓòÉΓòÉΓòÉΓòÉΓòÉΓòÉΓòÉΓòÉΓòÉΓòÉΓòÉΓòÉΓòÉΓòÉΓòÉΓòÉΓòÉΓòÉΓòÉΓòÉΓòÉΓòÉΓòÉΓòÉΓòÉΓòÉΓòÉΓòÉΓòÉΓòÉ
The following assertion was thrown during performLayout():
RenderBox was not laid out: RenderStack#942f2 relayoutBoundary=up17 NEEDS-PAINT
NEEDS-COMPOSITING-BITS-UPDATE
'package:flutter/src/rendering/box.dart':
Failed assertion: line 2251 pos 12: 'hasSize'

Either the assertion indicates an error in the framework itself, or we should provide substantially
more information in this error message to help you determine and fix the underlying cause.
In either case, please report this assertion by filing a bug on GitHub:
  https://github.com/flutter/flutter/issues/new?template=02_bug.yml

The relevant error-causing widget was:
  FadeTransition
  FadeTransition:file:///C:/Users/LENOVO/AppData/Local/Pub/Cache/hosted/pub.dev/flutter_animate-4.5.2/lib/src/effects/fade_effect.dart:31:12

When the exception was thrown, this was the stack:
#2      RenderBox.size (package:flutter/src/rendering/box.dart:2251:12)
#3      RenderProxyBoxMixin.performLayout (package:flutter/src/rendering/proxy_box.dart:115:62)
#4      RenderObject.layout (package:flutter/src/rendering/object.dart:2775:7)
#5      RenderProxyBoxMixin.performLayout (package:flutter/src/rendering/proxy_box.dart:115:18)
#6      RenderObject.layout (package:flutter/src/rendering/object.dart:2775:7)
#7      ChildLayoutHelper.layoutChild (package:flutter/src/rendering/layout_helper.dart:62:11)
#8      RenderFlex._computeSizes (package:flutter/src/rendering/flex.dart:1161:28)
#9      RenderFlex.performLayout (package:flutter/src/rendering/flex.dart:1257:32)
#10     RenderObject.layout (package:flutter/src/rendering/object.dart:2775:7)
#11     RenderPadding.performLayout (package:flutter/src/rendering/shifted_box.dart:243:12)
#12     RenderObject.layout (package:flutter/src/rendering/object.dart:2775:7)
#13     RenderConstrainedBox.performLayout (package:flutter/src/rendering/proxy_box.dart:293:14)
#14     RenderObject.layout (package:flutter/src/rendering/object.dart:2775:7)
#15     RenderPositionedBox.performLayout (package:flutter/src/rendering/shifted_box.dart:465:14)
#16     RenderObject.layout (package:flutter/src/rendering/object.dart:2775:7)
#17     RenderPadding.performLayout (package:flutter/src/rendering/shifted_box.dart:243:12)
#18     RenderObject.layout (package:flutter/src/rendering/object.dart:2775:7)
#19     _RenderSingleChildViewport.performLayout (package:flutter/src/widgets/single_child_scroll_view.dart:502:14)
#20     RenderObject.layout (package:flutter/src/rendering/object.dart:2775:7)
#21     RenderProxyBoxMixin.performLayout (package:flutter/src/rendering/proxy_box.dart:115:18)
#22     RenderObject.layout (package:flutter/src/rendering/object.dart:2775:7)
#23     RenderProxyBoxMixin.performLayout (package:flutter/src/rendering/proxy_box.dart:115:18)
#24     RenderObject.layout (package:flutter/src/rendering/object.dart:2775:7)
#25     RenderProxyBoxMixin.performLayout (package:flutter/src/rendering/proxy_box.dart:115:18)
#26     RenderObject.layout (package:flutter/src/rendering/object.dart:2775:7)
#27     RenderProxyBoxMixin.performLayout (package:flutter/src/rendering/proxy_box.dart:115:18)
#28     RenderObject.layout (package:flutter/src/rendering/object.dart:2775:7)
#29     RenderProxyBoxMixin.performLayout (package:flutter/src/rendering/proxy_box.dart:115:18)
#30     RenderObject.layout (package:flutter/src/rendering/object.dart:2775:7)
#31     RenderProxyBoxMixin.performLayout (package:flutter/src/rendering/proxy_box.dart:115:18)
#32     RenderObject.layout (package:flutter/src/rendering/object.dart:2775:7)
#33     RenderProxyBoxMixin.performLayout (package:flutter/src/rendering/proxy_box.dart:115:18)
#34     RenderObject.layout (package:flutter/src/rendering/object.dart:2775:7)
#35     RenderProxyBoxMixin.performLayout (package:flutter/src/rendering/proxy_box.dart:115:18)
#36     _RenderCustomClip.performLayout (package:flutter/src/rendering/proxy_box.dart:1481:11)
#37     RenderObject.layout (package:flutter/src/rendering/object.dart:2775:7)
#38     MultiChildLayoutDelegate.layoutChild (package:flutter/src/rendering/custom_layout.dart:180:12)
#39     _ScaffoldLayout.performLayout (package:flutter/src/material/scaffold.dart:1112:7)
#40     MultiChildLayoutDelegate._callPerformLayout (package:flutter/src/rendering/custom_layout.dart:249:7)
#41     RenderCustomMultiChildLayoutBox.performLayout (package:flutter/src/rendering/custom_layout.dart:420:14)
#42     RenderObject.layout (package:flutter/src/rendering/object.dart:2775:7)
#43     RenderProxyBoxMixin.performLayout (package:flutter/src/rendering/proxy_box.dart:115:18)
#44     RenderObject.layout (package:flutter/src/rendering/object.dart:2775:7)
#45     RenderProxyBoxMixin.performLayout (package:flutter/src/rendering/proxy_box.dart:115:18)
#46     _RenderCustomClip.performLayout (package:flutter/src/rendering/proxy_box.dart:1481:11)
#47     RenderObject.layout (package:flutter/src/rendering/object.dart:2775:7)
#48     RenderProxyBoxMixin.performLayout (package:flutter/src/rendering/proxy_box.dart:115:18)
#49     RenderObject.layout (package:flutter/src/rendering/object.dart:2775:7)
#50     RenderProxyBoxMixin.performLayout (package:flutter/src/rendering/proxy_box.dart:115:18)
#51     RenderObject.layout (package:flutter/src/rendering/object.dart:2775:7)
#52     RenderProxyBoxMixin.performLayout (package:flutter/src/rendering/proxy_box.dart:115:18)
#53     RenderObject.layout (package:flutter/src/rendering/object.dart:2775:7)
#54     RenderProxyBoxMixin.performLayout (package:flutter/src/rendering/proxy_box.dart:115:18)
#55     RenderObject.layout (package:flutter/src/rendering/object.dart:2775:7)
#56     RenderProxyBoxMixin.performLayout (package:flutter/src/rendering/proxy_box.dart:115:18)
#57     RenderObject.layout (package:flutter/src/rendering/object.dart:2775:7)
#58     RenderProxyBoxMixin.performLayout (package:flutter/src/rendering/proxy_box.dart:115:18)
#59     RenderOffstage.performLayout (package:flutter/src/rendering/proxy_box.dart:3848:13)
#60     RenderObject.layout (package:flutter/src/rendering/object.dart:2775:7)
#61     RenderProxyBoxMixin.performLayout (package:flutter/src/rendering/proxy_box.dart:115:18)
#62     RenderObject.layout (package:flutter/src/rendering/object.dart:2775:7)
#63     _RenderTheaterMixin.layoutChild (package:flutter/src/widgets/overlay.dart:1084:13)
#64     _RenderTheater.performLayout (package:flutter/src/widgets/overlay.dart:1429:9)
#65     RenderObject.layout (package:flutter/src/rendering/object.dart:2775:7)
#66     RenderProxyBoxMixin.performLayout (package:flutter/src/rendering/proxy_box.dart:115:18)
#67     RenderObject.layout (package:flutter/src/rendering/object.dart:2775:7)
#68     RenderProxyBoxMixin.performLayout (package:flutter/src/rendering/proxy_box.dart:115:18)
#69     RenderObject.layout (package:flutter/src/rendering/object.dart:2775:7)
#70     MultiChildLayoutDelegate.layoutChild (package:flutter/src/rendering/custom_layout.dart:180:12)
#71     _ScaffoldLayout.performLayout (package:flutter/src/material/scaffold.dart:1112:7)
#72     MultiChildLayoutDelegate._callPerformLayout (package:flutter/src/rendering/custom_layout.dart:249:7)
#73     RenderCustomMultiChildLayoutBox.performLayout (package:flutter/src/rendering/custom_layout.dart:420:14)
#74     RenderObject.layout (package:flutter/src/rendering/object.dart:2775:7)
#75     RenderProxyBoxMixin.performLayout (package:flutter/src/rendering/proxy_box.dart:115:18)
#76     RenderObject.layout (package:flutter/src/rendering/object.dart:2775:7)
#77     RenderProxyBoxMixin.performLayout (package:flutter/src/rendering/proxy_box.dart:115:18)
#78     _RenderCustomClip.performLayout (package:flutter/src/rendering/proxy_box.dart:1481:11)
#79     RenderObject.layout (package:flutter/src/rendering/object.dart:2775:7)
#80     RenderProxyBoxMixin.performLayout (package:flutter/src/rendering/proxy_box.dart:115:18)
#81     RenderObject.layout (package:flutter/src/rendering/object.dart:2775:7)
#82     RenderProxyBoxMixin.performLayout (package:flutter/src/rendering/proxy_box.dart:115:18)
#83     RenderObject.layout (package:flutter/src/rendering/object.dart:2775:7)
#84     RenderProxyBoxMixin.performLayout (package:flutter/src/rendering/proxy_box.dart:115:18)
#85     RenderObject.layout (package:flutter/src/rendering/object.dart:2775:7)
#86     RenderProxyBoxMixin.performLayout (package:flutter/src/rendering/proxy_box.dart:115:18)
#87     RenderObject.layout (package:flutter/src/rendering/object.dart:2775:7)
#88     RenderProxyBoxMixin.performLayout (package:flutter/src/rendering/proxy_box.dart:115:18)
#89     RenderObject.layout (package:flutter/src/rendering/object.dart:2775:7)
#90     RenderProxyBoxMixin.performLayout (package:flutter/src/rendering/proxy_box.dart:115:18)
#91     RenderObject.layout (package:flutter/src/rendering/object.dart:2775:7)
#92     RenderProxyBoxMixin.performLayout (package:flutter/src/rendering/proxy_box.dart:115:18)
#93     RenderObject.layout (package:flutter/src/rendering/object.dart:2775:7)
#94     RenderProxyBoxMixin.performLayout (package:flutter/src/rendering/proxy_box.dart:115:18)
#95     RenderObject.layout (package:flutter/src/rendering/object.dart:2775:7)
#96     RenderProxyBoxMixin.performLayout (package:flutter/src/rendering/proxy_box.dart:115:18)
#97     RenderObject.layout (package:flutter/src/rendering/object.dart:2775:7)
#98     RenderProxyBoxMixin.performLayout (package:flutter/src/rendering/proxy_box.dart:115:18)
#99     RenderObject.layout (package:flutter/src/rendering/object.dart:2775:7)
#100    RenderProxyBoxMixin.performLayout (package:flutter/src/rendering/proxy_box.dart:115:18)
#101    RenderObject.layout (package:flutter/src/rendering/object.dart:2775:7)
#102    RenderProxyBoxMixin.performLayout (package:flutter/src/rendering/proxy_box.dart:115:18)
#103    RenderObject.layout (package:flutter/src/rendering/object.dart:2775:7)
#104    RenderProxyBoxMixin.performLayout (package:flutter/src/rendering/proxy_box.dart:115:18)
#105    RenderObject.layout (package:flutter/src/rendering/object.dart:2775:7)
#106    RenderProxyBoxMixin.performLayout (package:flutter/src/rendering/proxy_box.dart:115:18)
#107    RenderObject.layout (package:flutter/src/rendering/object.dart:2775:7)
#108    RenderProxyBoxMixin.performLayout (package:flutter/src/rendering/proxy_box.dart:115:18)
#109    RenderObject.layout (package:flutter/src/rendering/object.dart:2775:7)
#110    RenderProxyBoxMixin.performLayout (package:flutter/src/rendering/proxy_box.dart:115:18)
#111    RenderOffstage.performLayout (package:flutter/src/rendering/proxy_box.dart:3848:13)
#112    RenderObject.layout (package:flutter/src/rendering/object.dart:2775:7)
#113    RenderProxyBoxMixin.performLayout (package:flutter/src/rendering/proxy_box.dart:115:18)
#114    RenderObject.layout (package:flutter/src/rendering/object.dart:2775:7)
#115    _RenderTheaterMixin.layoutChild (package:flutter/src/widgets/overlay.dart:1084:13)
#116    _RenderTheater.performLayout (package:flutter/src/widgets/overlay.dart:1429:9)
#117    RenderObject.layout (package:flutter/src/rendering/object.dart:2775:7)
#118    RenderProxyBoxMixin.performLayout (package:flutter/src/rendering/proxy_box.dart:115:18)
#119    RenderObject.layout (package:flutter/src/rendering/object.dart:2775:7)
#120    RenderProxyBoxMixin.performLayout (package:flutter/src/rendering/proxy_box.dart:115:18)
#121    RenderObject.layout (package:flutter/src/rendering/object.dart:2775:7)
#122    ChildLayoutHelper.layoutChild (package:flutter/src/rendering/layout_helper.dart:62:11)
#123    RenderStack._computeSize (package:flutter/src/rendering/stack.dart:645:43)
#124    RenderStack.performLayout (package:flutter/src/rendering/stack.dart:680:12)
#125    RenderObject.layout (package:flutter/src/rendering/object.dart:2775:7)
#126    RenderProxyBoxMixin.performLayout (package:flutter/src/rendering/proxy_box.dart:115:18)
#127    RenderObject.layout (package:flutter/src/rendering/object.dart:2775:7)
#128    RenderProxyBoxMixin.performLayout (package:flutter/src/rendering/proxy_box.dart:115:18)
#129    RenderObject.layout (package:flutter/src/rendering/object.dart:2775:7)
#130    RenderProxyBoxMixin.performLayout (package:flutter/src/rendering/proxy_box.dart:115:18)
#131    RenderObject.layout (package:flutter/src/rendering/object.dart:2775:7)
#132    RenderProxyBoxMixin.performLayout (package:flutter/src/rendering/proxy_box.dart:115:18)
#133    RenderObject.layout (package:flutter/src/rendering/object.dart:2775:7)
#134    RenderProxyBoxMixin.performLayout (package:flutter/src/rendering/proxy_box.dart:115:18)
#135    RenderObject.layout (package:flutter/src/rendering/object.dart:2775:7)
#136    RenderProxyBoxMixin.performLayout (package:flutter/src/rendering/proxy_box.dart:115:18)
#137    RenderObject.layout (package:flutter/src/rendering/object.dart:2775:7)
#138    RenderView.performLayout (package:flutter/src/rendering/view.dart:294:12)
#139    RenderObject._layoutWithoutResize (package:flutter/src/rendering/object.dart:2623:7)
#140    PipelineOwner.flushLayout (package:flutter/src/rendering/object.dart:1170:18)
#141    PipelineOwner.flushLayout (package:flutter/src/rendering/object.dart:1183:15)
#142    AutomatedTestWidgetsFlutterBinding.drawFrame (package:flutter_test/src/binding.dart:1508:27)
#143    RendererBinding._handlePersistentFrameCallback (package:flutter/src/rendering/binding.dart:495:5)
#144    SchedulerBinding._invokeFrameCallback (package:flutter/src/scheduler/binding.dart:1434:15)
#145    SchedulerBinding.handleDrawFrame (package:flutter/src/scheduler/binding.dart:1347:9)
#146    AutomatedTestWidgetsFlutterBinding.pump.<anonymous closure> (package:flutter_test/src/binding.dart:1335:9)
#149    TestAsyncUtils.guard (package:flutter_test/src/test_async_utils.dart:74:41)
#150    AutomatedTestWidgetsFlutterBinding.pump (package:flutter_test/src/binding.dart:1324:27)
#151    WidgetTester.pumpWidget.<anonymous closure> (package:flutter_test/src/widget_tester.dart:598:22)
#154    TestAsyncUtils.guard (package:flutter_test/src/test_async_utils.dart:74:41)
#155    WidgetTester.pumpWidget (package:flutter_test/src/widget_tester.dart:595:27)
#156    main.<anonymous closure> (file:///D:/Mystery/programming/projects/PYTHON_PROJECTS/focus/focus_gg/focus_flutter/test/widget_test.dart:19:18)
#157    testWidgets.<anonymous closure>.<anonymous closure> (package:flutter_test/src/widget_tester.dart:192:29)
<asynchronous suspension>
#158    TestWidgetsFlutterBinding._runTestBody (package:flutter_test/src/binding.dart:1059:5)
<asynchronous suspension>
<asynchronous suspension>
(elided 7 frames from class _AssertionError, dart:async, and package:stack_trace)

The following RenderObject was being processed when the exception was fired: RenderAnimatedOpacity#376cd relayoutBoundary=up16 NEEDS-LAYOUT NEEDS-PAINT NEEDS-COMPOSITING-BITS-UPDATE:
  creator: FadeTransition ΓåÉ FractionalTranslation ΓåÉ SlideTransition ΓåÉ Animate ΓåÉ Column ΓåÉ Padding ΓåÉ
    ConstrainedBox ΓåÉ Align ΓåÉ PageContainer ΓåÉ Padding ΓåÉ _SingleChildViewport ΓåÉ
    IgnorePointer-[GlobalKey#2ac55] ΓåÉ Γï»
  parentData: <none> (can use size)
  constraints: BoxConstraints(w=752.0, 0.0<=h<=Infinity)
  size: MISSING
  opacity: AnimationController#7383f(ΓÅ« 0.000; paused)Γ₧⌐Interval(0.0Γï»1.0)Γ₧⌐Cubic(0.00, 0.00, 0.58,
    1.00)Γ₧⌐Tween<double>(0.0 ΓåÆ 1.0)Γ₧⌐0.0
This RenderObject had the following descendants (showing up to depth 5):
    child: RenderStack#942f2 relayoutBoundary=up17 NEEDS-PAINT NEEDS-COMPOSITING-BITS-UPDATE
      child 1: RenderDecoratedBox#2388f NEEDS-LAYOUT NEEDS-PAINT NEEDS-COMPOSITING-BITS-UPDATE
        child: RenderPadding#b6df0 NEEDS-LAYOUT NEEDS-PAINT NEEDS-COMPOSITING-BITS-UPDATE
          child: RenderLimitedBox#53077 NEEDS-LAYOUT NEEDS-PAINT NEEDS-COMPOSITING-BITS-UPDATE
            child: RenderConstrainedBox#10065 NEEDS-LAYOUT NEEDS-PAINT
      child 2: RenderSemanticsGestureHandler#fcad4 relayoutBoundary=up18 NEEDS-PAINT NEEDS-COMPOSITING-BITS-UPDATE
        child: RenderPointerListener#9059c relayoutBoundary=up19 NEEDS-PAINT NEEDS-COMPOSITING-BITS-UPDATE
          child: RenderStack#9d9e2 relayoutBoundary=up20 NEEDS-PAINT NEEDS-COMPOSITING-BITS-UPDATE
            child 1: RenderDecoratedBox#db310 relayoutBoundary=up21 NEEDS-PAINT NEEDS-COMPOSITING-BITS-UPDATE
ΓòÉΓòÉΓòÉΓòÉΓòÉΓòÉΓòÉΓòÉΓòÉΓòÉΓòÉΓòÉΓòÉΓòÉΓòÉΓòÉΓòÉΓòÉΓòÉΓòÉΓòÉΓòÉΓòÉΓòÉΓòÉΓòÉΓòÉΓòÉΓòÉΓòÉΓòÉΓòÉΓòÉΓòÉΓòÉΓòÉΓòÉΓòÉΓòÉΓòÉΓòÉΓòÉΓòÉΓòÉΓòÉΓòÉΓòÉΓòÉΓòÉΓòÉΓòÉΓòÉΓòÉΓòÉΓòÉΓòÉΓòÉΓòÉΓòÉΓòÉΓòÉΓòÉΓòÉΓòÉΓòÉΓòÉΓòÉΓòÉΓòÉΓòÉΓòÉΓòÉΓòÉΓòÉΓòÉΓòÉΓòÉΓòÉΓòÉΓòÉΓòÉΓòÉΓòÉΓòÉΓòÉΓòÉΓòÉΓòÉΓòÉΓòÉΓòÉΓòÉΓòÉΓòÉΓòÉΓòÉΓòÉΓòÉΓòÉΓòÉ
ΓòÉΓòÉΓòí EXCEPTION CAUGHT BY RENDERING LIBRARY Γò₧ΓòÉΓòÉΓòÉΓòÉΓòÉΓòÉΓòÉΓòÉΓòÉΓòÉΓòÉΓòÉΓòÉΓòÉΓòÉΓòÉΓòÉΓòÉΓòÉΓòÉΓòÉΓòÉΓòÉΓòÉΓòÉΓòÉΓòÉΓòÉΓòÉΓòÉΓòÉΓòÉΓòÉΓòÉΓòÉΓòÉΓòÉΓòÉΓòÉΓòÉΓòÉΓòÉΓòÉΓòÉΓòÉΓòÉΓòÉΓòÉΓòÉΓòÉΓòÉΓòÉΓòÉΓòÉΓòÉΓòÉΓòÉ
The following assertion was thrown during performLayout():
RenderBox was not laid out: RenderAnimatedOpacity#376cd relayoutBoundary=up16 NEEDS-PAINT
NEEDS-COMPOSITING-BITS-UPDATE
'package:flutter/src/rendering/box.dart':
Failed assertion: line 2251 pos 12: 'hasSize'

Either the assertion indicates an error in the framework itself, or we should provide substantially
more information in this error message to help you determine and fix the underlying cause.
In either case, please report this assertion by filing a bug on GitHub:
  https://github.com/flutter/flutter/issues/new?template=02_bug.yml

The relevant error-causing widget was:
  SlideTransition
  SlideTransition:file:///C:/Users/LENOVO/AppData/Local/Pub/Cache/hosted/pub.dev/flutter_animate-4.5.2/lib/src/effects/slide_effect.dart:37:12

When the exception was thrown, this was the stack:
#2      RenderBox.size (package:flutter/src/rendering/box.dart:2251:12)
#3      RenderProxyBoxMixin.performLayout (package:flutter/src/rendering/proxy_box.dart:115:62)
#4      RenderObject.layout (package:flutter/src/rendering/object.dart:2775:7)
#5      ChildLayoutHelper.layoutChild (package:flutter/src/rendering/layout_helper.dart:62:11)
#6      RenderFlex._computeSizes (package:flutter/src/rendering/flex.dart:1161:28)
#7      RenderFlex.performLayout (package:flutter/src/rendering/flex.dart:1257:32)
#8      RenderObject.layout (package:flutter/src/rendering/object.dart:2775:7)
#9      RenderPadding.performLayout (package:flutter/src/rendering/shifted_box.dart:243:12)
#10     RenderObject.layout (package:flutter/src/rendering/object.dart:2775:7)
#11     RenderConstrainedBox.performLayout (package:flutter/src/rendering/proxy_box.dart:293:14)
#12     RenderObject.layout (package:flutter/src/rendering/object.dart:2775:7)
#13     RenderPositionedBox.performLayout (package:flutter/src/rendering/shifted_box.dart:465:14)
#14     RenderObject.layout (package:flutter/src/rendering/object.dart:2775:7)
#15     RenderPadding.performLayout (package:flutter/src/rendering/shifted_box.dart:243:12)
#16     RenderObject.layout (package:flutter/src/rendering/object.dart:2775:7)
#17     _RenderSingleChildViewport.performLayout (package:flutter/src/widgets/single_child_scroll_view.dart:502:14)
#18     RenderObject.layout (package:flutter/src/rendering/object.dart:2775:7)
#19     RenderProxyBoxMixin.performLayout (package:flutter/src/rendering/proxy_box.dart:115:18)
#20     RenderObject.layout (package:flutter/src/rendering/object.dart:2775:7)
#21     RenderProxyBoxMixin.performLayout (package:flutter/src/rendering/proxy_box.dart:115:18)
#22     RenderObject.layout (package:flutter/src/rendering/object.dart:2775:7)
#23     RenderProxyBoxMixin.performLayout (package:flutter/src/rendering/proxy_box.dart:115:18)
#24     RenderObject.layout (package:flutter/src/rendering/object.dart:2775:7)
#25     RenderProxyBoxMixin.performLayout (package:flutter/src/rendering/proxy_box.dart:115:18)
#26     RenderObject.layout (package:flutter/src/rendering/object.dart:2775:7)
#27     RenderProxyBoxMixin.performLayout (package:flutter/src/rendering/proxy_box.dart:115:18)
#28     RenderObject.layout (package:flutter/src/rendering/object.dart:2775:7)
#29     RenderProxyBoxMixin.performLayout (package:flutter/src/rendering/proxy_box.dart:115:18)
#30     RenderObject.layout (package:flutter/src/rendering/object.dart:2775:7)
#31     RenderProxyBoxMixin.performLayout (package:flutter/src/rendering/proxy_box.dart:115:18)
#32     RenderObject.layout (package:flutter/src/rendering/object.dart:2775:7)
#33     RenderProxyBoxMixin.performLayout (package:flutter/src/rendering/proxy_box.dart:115:18)
#34     _RenderCustomClip.performLayout (package:flutter/src/rendering/proxy_box.dart:1481:11)
#35     RenderObject.layout (package:flutter/src/rendering/object.dart:2775:7)
#36     MultiChildLayoutDelegate.layoutChild (package:flutter/src/rendering/custom_layout.dart:180:12)
#37     _ScaffoldLayout.performLayout (package:flutter/src/material/scaffold.dart:1112:7)
#38     MultiChildLayoutDelegate._callPerformLayout (package:flutter/src/rendering/custom_layout.dart:249:7)
#39     RenderCustomMultiChildLayoutBox.performLayout (package:flutter/src/rendering/custom_layout.dart:420:14)
#40     RenderObject.layout (package:flutter/src/rendering/object.dart:2775:7)
#41     RenderProxyBoxMixin.performLayout (package:flutter/src/rendering/proxy_box.dart:115:18)
#42     RenderObject.layout (package:flutter/src/rendering/object.dart:2775:7)
#43     RenderProxyBoxMixin.performLayout (package:flutter/src/rendering/proxy_box.dart:115:18)
#44     _RenderCustomClip.performLayout (package:flutter/src/rendering/proxy_box.dart:1481:11)
#45     RenderObject.layout (package:flutter/src/rendering/object.dart:2775:7)
#46     RenderProxyBoxMixin.performLayout (package:flutter/src/rendering/proxy_box.dart:115:18)
#47     RenderObject.layout (package:flutter/src/rendering/object.dart:2775:7)
#48     RenderProxyBoxMixin.performLayout (package:flutter/src/rendering/proxy_box.dart:115:18)
#49     RenderObject.layout (package:flutter/src/rendering/object.dart:2775:7)
#50     RenderProxyBoxMixin.performLayout (package:flutter/src/rendering/proxy_box.dart:115:18)
#51     RenderObject.layout (package:flutter/src/rendering/object.dart:2775:7)
#52     RenderProxyBoxMixin.performLayout (package:flutter/src/rendering/proxy_box.dart:115:18)
#53     RenderObject.layout (package:flutter/src/rendering/object.dart:2775:7)
#54     RenderProxyBoxMixin.performLayout (package:flutter/src/rendering/proxy_box.dart:115:18)
#55     RenderObject.layout (package:flutter/src/rendering/object.dart:2775:7)
#56     RenderProxyBoxMixin.performLayout (package:flutter/src/rendering/proxy_box.dart:115:18)
#57     RenderOffstage.performLayout (package:flutter/src/rendering/proxy_box.dart:3848:13)
#58     RenderObject.layout (package:flutter/src/rendering/object.dart:2775:7)
#59     RenderProxyBoxMixin.performLayout (package:flutter/src/rendering/proxy_box.dart:115:18)
#60     RenderObject.layout (package:flutter/src/rendering/object.dart:2775:7)
#61     _RenderTheaterMixin.layoutChild (package:flutter/src/widgets/overlay.dart:1084:13)
#62     _RenderTheater.performLayout (package:flutter/src/widgets/overlay.dart:1429:9)
#63     RenderObject.layout (package:flutter/src/rendering/object.dart:2775:7)
#64     RenderProxyBoxMixin.performLayout (package:flutter/src/rendering/proxy_box.dart:115:18)
#65     RenderObject.layout (package:flutter/src/rendering/object.dart:2775:7)
#66     RenderProxyBoxMixin.performLayout (package:flutter/src/rendering/proxy_box.dart:115:18)
#67     RenderObject.layout (package:flutter/src/rendering/object.dart:2775:7)
#68     MultiChildLayoutDelegate.layoutChild (package:flutter/src/rendering/custom_layout.dart:180:12)
#69     _ScaffoldLayout.performLayout (package:flutter/src/material/scaffold.dart:1112:7)
#70     MultiChildLayoutDelegate._callPerformLayout (package:flutter/src/rendering/custom_layout.dart:249:7)
#71     RenderCustomMultiChildLayoutBox.performLayout (package:flutter/src/rendering/custom_layout.dart:420:14)
#72     RenderObject.layout (package:flutter/src/rendering/object.dart:2775:7)
#73     RenderProxyBoxMixin.performLayout (package:flutter/src/rendering/proxy_box.dart:115:18)
#74     RenderObject.layout (package:flutter/src/rendering/object.dart:2775:7)
#75     RenderProxyBoxMixin.performLayout (package:flutter/src/rendering/proxy_box.dart:115:18)
#76     _RenderCustomClip.performLayout (package:flutter/src/rendering/proxy_box.dart:1481:11)
#77     RenderObject.layout (package:flutter/src/rendering/object.dart:2775:7)
#78     RenderProxyBoxMixin.performLayout (package:flutter/src/rendering/proxy_box.dart:115:18)
#79     RenderObject.layout (package:flutter/src/rendering/object.dart:2775:7)
#80     RenderProxyBoxMixin.performLayout (package:flutter/src/rendering/proxy_box.dart:115:18)
#81     RenderObject.layout (package:flutter/src/rendering/object.dart:2775:7)
#82     RenderProxyBoxMixin.performLayout (package:flutter/src/rendering/proxy_box.dart:115:18)
#83     RenderObject.layout (package:flutter/src/rendering/object.dart:2775:7)
#84     RenderProxyBoxMixin.performLayout (package:flutter/src/rendering/proxy_box.dart:115:18)
#85     RenderObject.layout (package:flutter/src/rendering/object.dart:2775:7)
#86     RenderProxyBoxMixin.performLayout (package:flutter/src/rendering/proxy_box.dart:115:18)
#87     RenderObject.layout (package:flutter/src/rendering/object.dart:2775:7)
#88     RenderProxyBoxMixin.performLayout (package:flutter/src/rendering/proxy_box.dart:115:18)
#89     RenderObject.layout (package:flutter/src/rendering/object.dart:2775:7)
#90     RenderProxyBoxMixin.performLayout (package:flutter/src/rendering/proxy_box.dart:115:18)
#91     RenderObject.layout (package:flutter/src/rendering/object.dart:2775:7)
#92     RenderProxyBoxMixin.performLayout (package:flutter/src/rendering/proxy_box.dart:115:18)
#93     RenderObject.layout (package:flutter/src/rendering/object.dart:2775:7)
#94     RenderProxyBoxMixin.performLayout (package:flutter/src/rendering/proxy_box.dart:115:18)
#95     RenderObject.layout (package:flutter/src/rendering/object.dart:2775:7)
#96     RenderProxyBoxMixin.performLayout (package:flutter/src/rendering/proxy_box.dart:115:18)
#97     RenderObject.layout (package:flutter/src/rendering/object.dart:2775:7)
#98     RenderProxyBoxMixin.performLayout (package:flutter/src/rendering/proxy_box.dart:115:18)
#99     RenderObject.layout (package:flutter/src/rendering/object.dart:2775:7)
#100    RenderProxyBoxMixin.performLayout (package:flutter/src/rendering/proxy_box.dart:115:18)
#101    RenderObject.layout (package:flutter/src/rendering/object.dart:2775:7)
#102    RenderProxyBoxMixin.performLayout (package:flutter/src/rendering/proxy_box.dart:115:18)
#103    RenderObject.layout (package:flutter/src/rendering/object.dart:2775:7)
#104    RenderProxyBoxMixin.performLayout (package:flutter/src/rendering/proxy_box.dart:115:18)
#105    RenderObject.layout (package:flutter/src/rendering/object.dart:2775:7)
#106    RenderProxyBoxMixin.performLayout (package:flutter/src/rendering/proxy_box.dart:115:18)
#107    RenderObject.layout (package:flutter/src/rendering/object.dart:2775:7)
#108    RenderProxyBoxMixin.performLayout (package:flutter/src/rendering/proxy_box.dart:115:18)
#109    RenderOffstage.performLayout (package:flutter/src/rendering/proxy_box.dart:3848:13)
#110    RenderObject.layout (package:flutter/src/rendering/object.dart:2775:7)
#111    RenderProxyBoxMixin.performLayout (package:flutter/src/rendering/proxy_box.dart:115:18)
#112    RenderObject.layout (package:flutter/src/rendering/object.dart:2775:7)
#113    _RenderTheaterMixin.layoutChild (package:flutter/src/widgets/overlay.dart:1084:13)
#114    _RenderTheater.performLayout (package:flutter/src/widgets/overlay.dart:1429:9)
#115    RenderObject.layout (package:flutter/src/rendering/object.dart:2775:7)
#116    RenderProxyBoxMixin.performLayout (package:flutter/src/rendering/proxy_box.dart:115:18)
#117    RenderObject.layout (package:flutter/src/rendering/object.dart:2775:7)
#118    RenderProxyBoxMixin.performLayout (package:flutter/src/rendering/proxy_box.dart:115:18)
#119    RenderObject.layout (package:flutter/src/rendering/object.dart:2775:7)
#120    ChildLayoutHelper.layoutChild (package:flutter/src/rendering/layout_helper.dart:62:11)
#121    RenderStack._computeSize (package:flutter/src/rendering/stack.dart:645:43)
#122    RenderStack.performLayout (package:flutter/src/rendering/stack.dart:680:12)
#123    RenderObject.layout (package:flutter/src/rendering/object.dart:2775:7)
#124    RenderProxyBoxMixin.performLayout (package:flutter/src/rendering/proxy_box.dart:115:18)
#125    RenderObject.layout (package:flutter/src/rendering/object.dart:2775:7)
#126    RenderProxyBoxMixin.performLayout (package:flutter/src/rendering/proxy_box.dart:115:18)
#127    RenderObject.layout (package:flutter/src/rendering/object.dart:2775:7)
#128    RenderProxyBoxMixin.performLayout (package:flutter/src/rendering/proxy_box.dart:115:18)
#129    RenderObject.layout (package:flutter/src/rendering/object.dart:2775:7)
#130    RenderProxyBoxMixin.performLayout (package:flutter/src/rendering/proxy_box.dart:115:18)
#131    RenderObject.layout (package:flutter/src/rendering/object.dart:2775:7)
#132    RenderProxyBoxMixin.performLayout (package:flutter/src/rendering/proxy_box.dart:115:18)
#133    RenderObject.layout (package:flutter/src/rendering/object.dart:2775:7)
#134    RenderProxyBoxMixin.performLayout (package:flutter/src/rendering/proxy_box.dart:115:18)
#135    RenderObject.layout (package:flutter/src/rendering/object.dart:2775:7)
#136    RenderView.performLayout (package:flutter/src/rendering/view.dart:294:12)
#137    RenderObject._layoutWithoutResize (package:flutter/src/rendering/object.dart:2623:7)
#138    PipelineOwner.flushLayout (package:flutter/src/rendering/object.dart:1170:18)
#139    PipelineOwner.flushLayout (package:flutter/src/rendering/object.dart:1183:15)
#140    AutomatedTestWidgetsFlutterBinding.drawFrame (package:flutter_test/src/binding.dart:1508:27)
#141    RendererBinding._handlePersistentFrameCallback (package:flutter/src/rendering/binding.dart:495:5)
#142    SchedulerBinding._invokeFrameCallback (package:flutter/src/scheduler/binding.dart:1434:15)
#143    SchedulerBinding.handleDrawFrame (package:flutter/src/scheduler/binding.dart:1347:9)
#144    AutomatedTestWidgetsFlutterBinding.pump.<anonymous closure> (package:flutter_test/src/binding.dart:1335:9)
#147    TestAsyncUtils.guard (package:flutter_test/src/test_async_utils.dart:74:41)
#148    AutomatedTestWidgetsFlutterBinding.pump (package:flutter_test/src/binding.dart:1324:27)
#149    WidgetTester.pumpWidget.<anonymous closure> (package:flutter_test/src/widget_tester.dart:598:22)
#152    TestAsyncUtils.guard (package:flutter_test/src/test_async_utils.dart:74:41)
#153    WidgetTester.pumpWidget (package:flutter_test/src/widget_tester.dart:595:27)
#154    main.<anonymous closure> (file:///D:/Mystery/programming/projects/PYTHON_PROJECTS/focus/focus_gg/focus_flutter/test/widget_test.dart:19:18)
#155    testWidgets.<anonymous closure>.<anonymous closure> (package:flutter_test/src/widget_tester.dart:192:29)
<asynchronous suspension>
#156    TestWidgetsFlutterBinding._runTestBody (package:flutter_test/src/binding.dart:1059:5)
<asynchronous suspension>
<asynchronous suspension>
(elided 7 frames from class _AssertionError, dart:async, and package:stack_trace)

The following RenderObject was being processed when the exception was fired: RenderFractionalTranslation#3e3c5 relayoutBoundary=up15 NEEDS-LAYOUT NEEDS-PAINT NEEDS-COMPOSITING-BITS-UPDATE:
  creator: FractionalTranslation ΓåÉ SlideTransition ΓåÉ Animate ΓåÉ Column ΓåÉ Padding ΓåÉ ConstrainedBox ΓåÉ
    Align ΓåÉ PageContainer ΓåÉ Padding ΓåÉ _SingleChildViewport ΓåÉ IgnorePointer-[GlobalKey#2ac55] ΓåÉ
    Semantics ΓåÉ Γï»
  parentData: offset=Offset(0.0, 0.0); flex=null; fit=null (can use size)
  constraints: BoxConstraints(w=752.0, 0.0<=h<=Infinity)
  size: MISSING
  translation: Offset(0.0, 0.1)
  transformHitTests: true
This RenderObject had the following descendants (showing up to depth 5):
    child: RenderAnimatedOpacity#376cd relayoutBoundary=up16 NEEDS-PAINT NEEDS-COMPOSITING-BITS-UPDATE
      child: RenderStack#942f2 relayoutBoundary=up17 NEEDS-PAINT NEEDS-COMPOSITING-BITS-UPDATE
        child 1: RenderDecoratedBox#2388f NEEDS-LAYOUT NEEDS-PAINT NEEDS-COMPOSITING-BITS-UPDATE
          child: RenderPadding#b6df0 NEEDS-LAYOUT NEEDS-PAINT NEEDS-COMPOSITING-BITS-UPDATE
            child: RenderLimitedBox#53077 NEEDS-LAYOUT NEEDS-PAINT NEEDS-COMPOSITING-BITS-UPDATE
        child 2: RenderSemanticsGestureHandler#fcad4 relayoutBoundary=up18 NEEDS-PAINT NEEDS-COMPOSITING-BITS-UPDATE
          child: RenderPointerListener#9059c relayoutBoundary=up19 NEEDS-PAINT NEEDS-COMPOSITING-BITS-UPDATE
            child: RenderStack#9d9e2 relayoutBoundary=up20 NEEDS-PAINT NEEDS-COMPOSITING-BITS-UPDATE
ΓòÉΓòÉΓòÉΓòÉΓòÉΓòÉΓòÉΓòÉΓòÉΓòÉΓòÉΓòÉΓòÉΓòÉΓòÉΓòÉΓòÉΓòÉΓòÉΓòÉΓòÉΓòÉΓòÉΓòÉΓòÉΓòÉΓòÉΓòÉΓòÉΓòÉΓòÉΓòÉΓòÉΓòÉΓòÉΓòÉΓòÉΓòÉΓòÉΓòÉΓòÉΓòÉΓòÉΓòÉΓòÉΓòÉΓòÉΓòÉΓòÉΓòÉΓòÉΓòÉΓòÉΓòÉΓòÉΓòÉΓòÉΓòÉΓòÉΓòÉΓòÉΓòÉΓòÉΓòÉΓòÉΓòÉΓòÉΓòÉΓòÉΓòÉΓòÉΓòÉΓòÉΓòÉΓòÉΓòÉΓòÉΓòÉΓòÉΓòÉΓòÉΓòÉΓòÉΓòÉΓòÉΓòÉΓòÉΓòÉΓòÉΓòÉΓòÉΓòÉΓòÉΓòÉΓòÉΓòÉΓòÉΓòÉΓòÉΓòÉ
ΓòÉΓòÉΓòí EXCEPTION CAUGHT BY RENDERING LIBRARY Γò₧ΓòÉΓòÉΓòÉΓòÉΓòÉΓòÉΓòÉΓòÉΓòÉΓòÉΓòÉΓòÉΓòÉΓòÉΓòÉΓòÉΓòÉΓòÉΓòÉΓòÉΓòÉΓòÉΓòÉΓòÉΓòÉΓòÉΓòÉΓòÉΓòÉΓòÉΓòÉΓòÉΓòÉΓòÉΓòÉΓòÉΓòÉΓòÉΓòÉΓòÉΓòÉΓòÉΓòÉΓòÉΓòÉΓòÉΓòÉΓòÉΓòÉΓòÉΓòÉΓòÉΓòÉΓòÉΓòÉΓòÉΓòÉ
The following assertion was thrown during performLayout():
RenderBox was not laid out: RenderFractionalTranslation#3e3c5 relayoutBoundary=up15 NEEDS-PAINT
NEEDS-COMPOSITING-BITS-UPDATE
'package:flutter/src/rendering/box.dart':
Failed assertion: line 2251 pos 12: 'hasSize'

Either the assertion indicates an error in the framework itself, or we should provide substantially
more information in this error message to help you determine and fix the underlying cause.
In either case, please report this assertion by filing a bug on GitHub:
  https://github.com/flutter/flutter/issues/new?template=02_bug.yml

The relevant error-causing widget was:
  Column
  Column:file:///D:/Mystery/programming/projects/PYTHON_PROJECTS/focus/focus_gg/focus_flutter/lib/features/dashboard/dashboard_screen.dart:135:18

When the exception was thrown, this was the stack:
#2      RenderBox.size (package:flutter/src/rendering/box.dart:2251:12)
#3      ChildLayoutHelper.layoutChild (package:flutter/src/rendering/layout_helper.dart:63:18)
#4      RenderFlex._computeSizes (package:flutter/src/rendering/flex.dart:1161:28)
#5      RenderFlex.performLayout (package:flutter/src/rendering/flex.dart:1257:32)
#6      RenderObject.layout (package:flutter/src/rendering/object.dart:2775:7)
#7      RenderPadding.performLayout (package:flutter/src/rendering/shifted_box.dart:243:12)
#8      RenderObject.layout (package:flutter/src/rendering/object.dart:2775:7)
#9      RenderConstrainedBox.performLayout (package:flutter/src/rendering/proxy_box.dart:293:14)
#10     RenderObject.layout (package:flutter/src/rendering/object.dart:2775:7)
#11     RenderPositionedBox.performLayout (package:flutter/src/rendering/shifted_box.dart:465:14)
#12     RenderObject.layout (package:flutter/src/rendering/object.dart:2775:7)
#13     RenderPadding.performLayout (package:flutter/src/rendering/shifted_box.dart:243:12)
#14     RenderObject.layout (package:flutter/src/rendering/object.dart:2775:7)
#15     _RenderSingleChildViewport.performLayout (package:flutter/src/widgets/single_child_scroll_view.dart:502:14)
#16     RenderObject.layout (package:flutter/src/rendering/object.dart:2775:7)
#17     RenderProxyBoxMixin.performLayout (package:flutter/src/rendering/proxy_box.dart:115:18)
#18     RenderObject.layout (package:flutter/src/rendering/object.dart:2775:7)
#19     RenderProxyBoxMixin.performLayout (package:flutter/src/rendering/proxy_box.dart:115:18)
#20     RenderObject.layout (package:flutter/src/rendering/object.dart:2775:7)
#21     RenderProxyBoxMixin.performLayout (package:flutter/src/rendering/proxy_box.dart:115:18)
#22     RenderObject.layout (package:flutter/src/rendering/object.dart:2775:7)
#23     RenderProxyBoxMixin.performLayout (package:flutter/src/rendering/proxy_box.dart:115:18)
#24     RenderObject.layout (package:flutter/src/rendering/object.dart:2775:7)
#25     RenderProxyBoxMixin.performLayout (package:flutter/src/rendering/proxy_box.dart:115:18)
#26     RenderObject.layout (package:flutter/src/rendering/object.dart:2775:7)
#27     RenderProxyBoxMixin.performLayout (package:flutter/src/rendering/proxy_box.dart:115:18)
#28     RenderObject.layout (package:flutter/src/rendering/object.dart:2775:7)
#29     RenderProxyBoxMixin.performLayout (package:flutter/src/rendering/proxy_box.dart:115:18)
#30     RenderObject.layout (package:flutter/src/rendering/object.dart:2775:7)
#31     RenderProxyBoxMixin.performLayout (package:flutter/src/rendering/proxy_box.dart:115:18)
#32     _RenderCustomClip.performLayout (package:flutter/src/rendering/proxy_box.dart:1481:11)
#33     RenderObject.layout (package:flutter/src/rendering/object.dart:2775:7)
#34     MultiChildLayoutDelegate.layoutChild (package:flutter/src/rendering/custom_layout.dart:180:12)
#35     _ScaffoldLayout.performLayout (package:flutter/src/material/scaffold.dart:1112:7)
#36     MultiChildLayoutDelegate._callPerformLayout (package:flutter/src/rendering/custom_layout.dart:249:7)
#37     RenderCustomMultiChildLayoutBox.performLayout (package:flutter/src/rendering/custom_layout.dart:420:14)
#38     RenderObject.layout (package:flutter/src/rendering/object.dart:2775:7)
#39     RenderProxyBoxMixin.performLayout (package:flutter/src/rendering/proxy_box.dart:115:18)
#40     RenderObject.layout (package:flutter/src/rendering/object.dart:2775:7)
#41     RenderProxyBoxMixin.performLayout (package:flutter/src/rendering/proxy_box.dart:115:18)
#42     _RenderCustomClip.performLayout (package:flutter/src/rendering/proxy_box.dart:1481:11)
#43     RenderObject.layout (package:flutter/src/rendering/object.dart:2775:7)
#44     RenderProxyBoxMixin.performLayout (package:flutter/src/rendering/proxy_box.dart:115:18)
#45     RenderObject.layout (package:flutter/src/rendering/object.dart:2775:7)
#46     RenderProxyBoxMixin.performLayout (package:flutter/src/rendering/proxy_box.dart:115:18)
#47     RenderObject.layout (package:flutter/src/rendering/object.dart:2775:7)
#48     RenderProxyBoxMixin.performLayout (package:flutter/src/rendering/proxy_box.dart:115:18)
#49     RenderObject.layout (package:flutter/src/rendering/object.dart:2775:7)
#50     RenderProxyBoxMixin.performLayout (package:flutter/src/rendering/proxy_box.dart:115:18)
#51     RenderObject.layout (package:flutter/src/rendering/object.dart:2775:7)
#52     RenderProxyBoxMixin.performLayout (package:flutter/src/rendering/proxy_box.dart:115:18)
#53     RenderObject.layout (package:flutter/src/rendering/object.dart:2775:7)
#54     RenderProxyBoxMixin.performLayout (package:flutter/src/rendering/proxy_box.dart:115:18)
#55     RenderOffstage.performLayout (package:flutter/src/rendering/proxy_box.dart:3848:13)
#56     RenderObject.layout (package:flutter/src/rendering/object.dart:2775:7)
#57     RenderProxyBoxMixin.performLayout (package:flutter/src/rendering/proxy_box.dart:115:18)
#58     RenderObject.layout (package:flutter/src/rendering/object.dart:2775:7)
#59     _RenderTheaterMixin.layoutChild (package:flutter/src/widgets/overlay.dart:1084:13)
#60     _RenderTheater.performLayout (package:flutter/src/widgets/overlay.dart:1429:9)
#61     RenderObject.layout (package:flutter/src/rendering/object.dart:2775:7)
#62     RenderProxyBoxMixin.performLayout (package:flutter/src/rendering/proxy_box.dart:115:18)
#63     RenderObject.layout (package:flutter/src/rendering/object.dart:2775:7)
#64     RenderProxyBoxMixin.performLayout (package:flutter/src/rendering/proxy_box.dart:115:18)
#65     RenderObject.layout (package:flutter/src/rendering/object.dart:2775:7)
#66     MultiChildLayoutDelegate.layoutChild (package:flutter/src/rendering/custom_layout.dart:180:12)
#67     _ScaffoldLayout.performLayout (package:flutter/src/material/scaffold.dart:1112:7)
#68     MultiChildLayoutDelegate._callPerformLayout (package:flutter/src/rendering/custom_layout.dart:249:7)
#69     RenderCustomMultiChildLayoutBox.performLayout (package:flutter/src/rendering/custom_layout.dart:420:14)
#70     RenderObject.layout (package:flutter/src/rendering/object.dart:2775:7)
#71     RenderProxyBoxMixin.performLayout (package:flutter/src/rendering/proxy_box.dart:115:18)
#72     RenderObject.layout (package:flutter/src/rendering/object.dart:2775:7)
#73     RenderProxyBoxMixin.performLayout (package:flutter/src/rendering/proxy_box.dart:115:18)
#74     _RenderCustomClip.performLayout (package:flutter/src/rendering/proxy_box.dart:1481:11)
#75     RenderObject.layout (package:flutter/src/rendering/object.dart:2775:7)
#76     RenderProxyBoxMixin.performLayout (package:flutter/src/rendering/proxy_box.dart:115:18)
#77     RenderObject.layout (package:flutter/src/rendering/object.dart:2775:7)
#78     RenderProxyBoxMixin.performLayout (package:flutter/src/rendering/proxy_box.dart:115:18)
#79     RenderObject.layout (package:flutter/src/rendering/object.dart:2775:7)
#80     RenderProxyBoxMixin.performLayout (package:flutter/src/rendering/proxy_box.dart:115:18)
#81     RenderObject.layout (package:flutter/src/rendering/object.dart:2775:7)
#82     RenderProxyBoxMixin.performLayout (package:flutter/src/rendering/proxy_box.dart:115:18)
#83     RenderObject.layout (package:flutter/src/rendering/object.dart:2775:7)
#84     RenderProxyBoxMixin.performLayout (package:flutter/src/rendering/proxy_box.dart:115:18)
#85     RenderObject.layout (package:flutter/src/rendering/object.dart:2775:7)
#86     RenderProxyBoxMixin.performLayout (package:flutter/src/rendering/proxy_box.dart:115:18)
#87     RenderObject.layout (package:flutter/src/rendering/object.dart:2775:7)
#88     RenderProxyBoxMixin.performLayout (package:flutter/src/rendering/proxy_box.dart:115:18)
#89     RenderObject.layout (package:flutter/src/rendering/object.dart:2775:7)
#90     RenderProxyBoxMixin.performLayout (package:flutter/src/rendering/proxy_box.dart:115:18)
#91     RenderObject.layout (package:flutter/src/rendering/object.dart:2775:7)
#92     RenderProxyBoxMixin.performLayout (package:flutter/src/rendering/proxy_box.dart:115:18)
#93     RenderObject.layout (package:flutter/src/rendering/object.dart:2775:7)
#94     RenderProxyBoxMixin.performLayout (package:flutter/src/rendering/proxy_box.dart:115:18)
#95     RenderObject.layout (package:flutter/src/rendering/object.dart:2775:7)
#96     RenderProxyBoxMixin.performLayout (package:flutter/src/rendering/proxy_box.dart:115:18)
#97     RenderObject.layout (package:flutter/src/rendering/object.dart:2775:7)
#98     RenderProxyBoxMixin.performLayout (package:flutter/src/rendering/proxy_box.dart:115:18)
#99     RenderObject.layout (package:flutter/src/rendering/object.dart:2775:7)
#100    RenderProxyBoxMixin.performLayout (package:flutter/src/rendering/proxy_box.dart:115:18)
#101    RenderObject.layout (package:flutter/src/rendering/object.dart:2775:7)
#102    RenderProxyBoxMixin.performLayout (package:flutter/src/rendering/proxy_box.dart:115:18)
#103    RenderObject.layout (package:flutter/src/rendering/object.dart:2775:7)
#104    RenderProxyBoxMixin.performLayout (package:flutter/src/rendering/proxy_box.dart:115:18)
#105    RenderObject.layout (package:flutter/src/rendering/object.dart:2775:7)
#106    RenderProxyBoxMixin.performLayout (package:flutter/src/rendering/proxy_box.dart:115:18)
#107    RenderOffstage.performLayout (package:flutter/src/rendering/proxy_box.dart:3848:13)
#108    RenderObject.layout (package:flutter/src/rendering/object.dart:2775:7)
#109    RenderProxyBoxMixin.performLayout (package:flutter/src/rendering/proxy_box.dart:115:18)
#110    RenderObject.layout (package:flutter/src/rendering/object.dart:2775:7)
#111    _RenderTheaterMixin.layoutChild (package:flutter/src/widgets/overlay.dart:1084:13)
#112    _RenderTheater.performLayout (package:flutter/src/widgets/overlay.dart:1429:9)
#113    RenderObject.layout (package:flutter/src/rendering/object.dart:2775:7)
#114    RenderProxyBoxMixin.performLayout (package:flutter/src/rendering/proxy_box.dart:115:18)
#115    RenderObject.layout (package:flutter/src/rendering/object.dart:2775:7)
#116    RenderProxyBoxMixin.performLayout (package:flutter/src/rendering/proxy_box.dart:115:18)
#117    RenderObject.layout (package:flutter/src/rendering/object.dart:2775:7)
#118    ChildLayoutHelper.layoutChild (package:flutter/src/rendering/layout_helper.dart:62:11)
#119    RenderStack._computeSize (package:flutter/src/rendering/stack.dart:645:43)
#120    RenderStack.performLayout (package:flutter/src/rendering/stack.dart:680:12)
#121    RenderObject.layout (package:flutter/src/rendering/object.dart:2775:7)
#122    RenderProxyBoxMixin.performLayout (package:flutter/src/rendering/proxy_box.dart:115:18)
#123    RenderObject.layout (package:flutter/src/rendering/object.dart:2775:7)
#124    RenderProxyBoxMixin.performLayout (package:flutter/src/rendering/proxy_box.dart:115:18)
#125    RenderObject.layout (package:flutter/src/rendering/object.dart:2775:7)
#126    RenderProxyBoxMixin.performLayout (package:flutter/src/rendering/proxy_box.dart:115:18)
#127    RenderObject.layout (package:flutter/src/rendering/object.dart:2775:7)
#128    RenderProxyBoxMixin.performLayout (package:flutter/src/rendering/proxy_box.dart:115:18)
#129    RenderObject.layout (package:flutter/src/rendering/object.dart:2775:7)
#130    RenderProxyBoxMixin.performLayout (package:flutter/src/rendering/proxy_box.dart:115:18)
#131    RenderObject.layout (package:flutter/src/rendering/object.dart:2775:7)
#132    RenderProxyBoxMixin.performLayout (package:flutter/src/rendering/proxy_box.dart:115:18)
#133    RenderObject.layout (package:flutter/src/rendering/object.dart:2775:7)
#134    RenderView.performLayout (package:flutter/src/rendering/view.dart:294:12)
#135    RenderObject._layoutWithoutResize (package:flutter/src/rendering/object.dart:2623:7)
#136    PipelineOwner.flushLayout (package:flutter/src/rendering/object.dart:1170:18)
#137    PipelineOwner.flushLayout (package:flutter/src/rendering/object.dart:1183:15)
#138    AutomatedTestWidgetsFlutterBinding.drawFrame (package:flutter_test/src/binding.dart:1508:27)
#139    RendererBinding._handlePersistentFrameCallback (package:flutter/src/rendering/binding.dart:495:5)
#140    SchedulerBinding._invokeFrameCallback (package:flutter/src/scheduler/binding.dart:1434:15)
#141    SchedulerBinding.handleDrawFrame (package:flutter/src/scheduler/binding.dart:1347:9)
#142    AutomatedTestWidgetsFlutterBinding.pump.<anonymous closure> (package:flutter_test/src/binding.dart:1335:9)
#145    TestAsyncUtils.guard (package:flutter_test/src/test_async_utils.dart:74:41)
#146    AutomatedTestWidgetsFlutterBinding.pump (package:flutter_test/src/binding.dart:1324:27)
#147    WidgetTester.pumpWidget.<anonymous closure> (package:flutter_test/src/widget_tester.dart:598:22)
#150    TestAsyncUtils.guard (package:flutter_test/src/test_async_utils.dart:74:41)
#151    WidgetTester.pumpWidget (package:flutter_test/src/widget_tester.dart:595:27)
#152    main.<anonymous closure> (file:///D:/Mystery/programming/projects/PYTHON_PROJECTS/focus/focus_gg/focus_flutter/test/widget_test.dart:19:18)
#153    testWidgets.<anonymous closure>.<anonymous closure> (package:flutter_test/src/widget_tester.dart:192:29)
<asynchronous suspension>
#154    TestWidgetsFlutterBinding._runTestBody (package:flutter_test/src/binding.dart:1059:5)
<asynchronous suspension>
<asynchronous suspension>
(elided 7 frames from class _AssertionError, dart:async, and package:stack_trace)

The following RenderObject was being processed when the exception was fired: RenderFlex#141d3 relayoutBoundary=up14 NEEDS-LAYOUT NEEDS-PAINT NEEDS-COMPOSITING-BITS-UPDATE:
  creator: Column ΓåÉ Padding ΓåÉ ConstrainedBox ΓåÉ Align ΓåÉ PageContainer ΓåÉ Padding ΓåÉ _SingleChildViewport
    ΓåÉ IgnorePointer-[GlobalKey#2ac55] ΓåÉ Semantics ΓåÉ Listener ΓåÉ _GestureSemantics ΓåÉ
    RawGestureDetector-[LabeledGlobalKey<RawGestureDetectorState>#b16d0] ΓåÉ Γï»
  parentData: offset=Offset(0.0, 0.0) (can use size)
  constraints: BoxConstraints(0.0<=w<=752.0, 0.0<=h<=Infinity)
  size: MISSING
  direction: vertical
  mainAxisAlignment: start
  mainAxisSize: max
  crossAxisAlignment: stretch
  verticalDirection: down
  spacing: 0.0
This RenderObject had the following descendants (showing up to depth 5):
    child 1: RenderFractionalTranslation#3e3c5 relayoutBoundary=up15 NEEDS-PAINT NEEDS-COMPOSITING-BITS-UPDATE
      child: RenderAnimatedOpacity#376cd relayoutBoundary=up16 NEEDS-PAINT NEEDS-COMPOSITING-BITS-UPDATE
        child: RenderStack#942f2 relayoutBoundary=up17 NEEDS-PAINT NEEDS-COMPOSITING-BITS-UPDATE
          child 1: RenderDecoratedBox#2388f NEEDS-LAYOUT NEEDS-PAINT NEEDS-COMPOSITING-BITS-UPDATE
            child: RenderPadding#b6df0 NEEDS-LAYOUT NEEDS-PAINT NEEDS-COMPOSITING-BITS-UPDATE
          child 2: RenderSemanticsGestureHandler#fcad4 relayoutBoundary=up18 NEEDS-PAINT NEEDS-COMPOSITING-BITS-UPDATE
            child: RenderPointerListener#9059c relayoutBoundary=up19 NEEDS-PAINT NEEDS-COMPOSITING-BITS-UPDATE
    child 2: RenderConstrainedBox#86da0 NEEDS-LAYOUT NEEDS-PAINT
    child 3: RenderAnimatedOpacity#c08d6 NEEDS-LAYOUT NEEDS-PAINT NEEDS-COMPOSITING-BITS-UPDATE
      child: RenderSemanticsGestureHandler#ce73c NEEDS-LAYOUT NEEDS-PAINT NEEDS-COMPOSITING-BITS-UPDATE
        child: RenderPointerListener#91e90 NEEDS-LAYOUT NEEDS-PAINT NEEDS-COMPOSITING-BITS-UPDATE
          child: RenderStack#80f29 NEEDS-LAYOUT NEEDS-PAINT NEEDS-COMPOSITING-BITS-UPDATE
            child 1: RenderDecoratedBox#6c0c1 NEEDS-LAYOUT NEEDS-PAINT NEEDS-COMPOSITING-BITS-UPDATE
    child 4: RenderConstrainedBox#a5c3d NEEDS-LAYOUT NEEDS-PAINT
    child 5: RenderFractionalTranslation#28703 NEEDS-LAYOUT NEEDS-PAINT NEEDS-COMPOSITING-BITS-UPDATE
      child: RenderAnimatedOpacity#051b4 NEEDS-LAYOUT NEEDS-PAINT NEEDS-COMPOSITING-BITS-UPDATE
        child: RenderSemanticsGestureHandler#4fefe NEEDS-LAYOUT NEEDS-PAINT NEEDS-COMPOSITING-BITS-UPDATE
          child: RenderPointerListener#d70a8 NEEDS-LAYOUT NEEDS-PAINT NEEDS-COMPOSITING-BITS-UPDATE
            child: RenderStack#3b30d NEEDS-LAYOUT NEEDS-PAINT NEEDS-COMPOSITING-BITS-UPDATE
    child 6: RenderConstrainedBox#0380c NEEDS-LAYOUT NEEDS-PAINT
    child 7: RenderAnimatedOpacity#0f73f NEEDS-LAYOUT NEEDS-PAINT NEEDS-COMPOSITING-BITS-UPDATE
      child: RenderFlex#70c3c NEEDS-LAYOUT NEEDS-PAINT NEEDS-COMPOSITING-BITS-UPDATE
        child 1: RenderParagraph#70a78 NEEDS-LAYOUT NEEDS-PAINT
          text: TextSpan
        child 2: RenderSemanticsAnnotations#ad4cd NEEDS-LAYOUT NEEDS-PAINT NEEDS-COMPOSITING-BITS-UPDATE
          child: _RenderInputPadding#b1a97 NEEDS-LAYOUT NEEDS-PAINT NEEDS-COMPOSITING-BITS-UPDATE
            child: RenderConstrainedBox#d70ad NEEDS-LAYOUT NEEDS-PAINT NEEDS-COMPOSITING-BITS-UPDATE
ΓòÉΓòÉΓòÉΓòÉΓòÉΓòÉΓòÉΓòÉΓòÉΓòÉΓòÉΓòÉΓòÉΓòÉΓòÉΓòÉΓòÉΓòÉΓòÉΓòÉΓòÉΓòÉΓòÉΓòÉΓòÉΓòÉΓòÉΓòÉΓòÉΓòÉΓòÉΓòÉΓòÉΓòÉΓòÉΓòÉΓòÉΓòÉΓòÉΓòÉΓòÉΓòÉΓòÉΓòÉΓòÉΓòÉΓòÉΓòÉΓòÉΓòÉΓòÉΓòÉΓòÉΓòÉΓòÉΓòÉΓòÉΓòÉΓòÉΓòÉΓòÉΓòÉΓòÉΓòÉΓòÉΓòÉΓòÉΓòÉΓòÉΓòÉΓòÉΓòÉΓòÉΓòÉΓòÉΓòÉΓòÉΓòÉΓòÉΓòÉΓòÉΓòÉΓòÉΓòÉΓòÉΓòÉΓòÉΓòÉΓòÉΓòÉΓòÉΓòÉΓòÉΓòÉΓòÉΓòÉΓòÉΓòÉΓòÉΓòÉ
ΓòÉΓòÉΓòí EXCEPTION CAUGHT BY RENDERING LIBRARY Γò₧ΓòÉΓòÉΓòÉΓòÉΓòÉΓòÉΓòÉΓòÉΓòÉΓòÉΓòÉΓòÉΓòÉΓòÉΓòÉΓòÉΓòÉΓòÉΓòÉΓòÉΓòÉΓòÉΓòÉΓòÉΓòÉΓòÉΓòÉΓòÉΓòÉΓòÉΓòÉΓòÉΓòÉΓòÉΓòÉΓòÉΓòÉΓòÉΓòÉΓòÉΓòÉΓòÉΓòÉΓòÉΓòÉΓòÉΓòÉΓòÉΓòÉΓòÉΓòÉΓòÉΓòÉΓòÉΓòÉΓòÉΓòÉ
The following assertion was thrown during performLayout():
RenderBox was not laid out: RenderFlex#141d3 relayoutBoundary=up14 NEEDS-PAINT
NEEDS-COMPOSITING-BITS-UPDATE
'package:flutter/src/rendering/box.dart':
Failed assertion: line 2251 pos 12: 'hasSize'

Either the assertion indicates an error in the framework itself, or we should provide substantially
more information in this error message to help you determine and fix the underlying cause.
In either case, please report this assertion by filing a bug on GitHub:
  https://github.com/flutter/flutter/issues/new?template=02_bug.yml

The relevant error-causing widget was:
  Padding
  Padding:file:///D:/Mystery/programming/projects/PYTHON_PROJECTS/focus/focus_gg/focus_flutter/lib/shared/widgets/page_container.dart:25:16

When the exception was thrown, this was the stack:
#2      RenderBox.size (package:flutter/src/rendering/box.dart:2251:12)
#3      RenderPadding.performLayout (package:flutter/src/rendering/shifted_box.dart:247:40)
#4      RenderObject.layout (package:flutter/src/rendering/object.dart:2775:7)
#5      RenderConstrainedBox.performLayout (package:flutter/src/rendering/proxy_box.dart:293:14)
#6      RenderObject.layout (package:flutter/src/rendering/object.dart:2775:7)
#7      RenderPositionedBox.performLayout (package:flutter/src/rendering/shifted_box.dart:465:14)
#8      RenderObject.layout (package:flutter/src/rendering/object.dart:2775:7)
#9      RenderPadding.performLayout (package:flutter/src/rendering/shifted_box.dart:243:12)
#10     RenderObject.layout (package:flutter/src/rendering/object.dart:2775:7)
#11     _RenderSingleChildViewport.performLayout (package:flutter/src/widgets/single_child_scroll_view.dart:502:14)
#12     RenderObject.layout (package:flutter/src/rendering/object.dart:2775:7)
#13     RenderProxyBoxMixin.performLayout (package:flutter/src/rendering/proxy_box.dart:115:18)
#14     RenderObject.layout (package:flutter/src/rendering/object.dart:2775:7)
#15     RenderProxyBoxMixin.performLayout (package:flutter/src/rendering/proxy_box.dart:115:18)
#16     RenderObject.layout (package:flutter/src/rendering/object.dart:2775:7)
#17     RenderProxyBoxMixin.performLayout (package:flutter/src/rendering/proxy_box.dart:115:18)
#18     RenderObject.layout (package:flutter/src/rendering/object.dart:2775:7)
#19     RenderProxyBoxMixin.performLayout (package:flutter/src/rendering/proxy_box.dart:115:18)
#20     RenderObject.layout (package:flutter/src/rendering/object.dart:2775:7)
#21     RenderProxyBoxMixin.performLayout (package:flutter/src/rendering/proxy_box.dart:115:18)
#22     RenderObject.layout (package:flutter/src/rendering/object.dart:2775:7)
#23     RenderProxyBoxMixin.performLayout (package:flutter/src/rendering/proxy_box.dart:115:18)
#24     RenderObject.layout (package:flutter/src/rendering/object.dart:2775:7)
#25     RenderProxyBoxMixin.performLayout (package:flutter/src/rendering/proxy_box.dart:115:18)
#26     RenderObject.layout (package:flutter/src/rendering/object.dart:2775:7)
#27     RenderProxyBoxMixin.performLayout (package:flutter/src/rendering/proxy_box.dart:115:18)
#28     _RenderCustomClip.performLayout (package:flutter/src/rendering/proxy_box.dart:1481:11)
#29     RenderObject.layout (package:flutter/src/rendering/object.dart:2775:7)
#30     MultiChildLayoutDelegate.layoutChild (package:flutter/src/rendering/custom_layout.dart:180:12)
#31     _ScaffoldLayout.performLayout (package:flutter/src/material/scaffold.dart:1112:7)
#32     MultiChildLayoutDelegate._callPerformLayout (package:flutter/src/rendering/custom_layout.dart:249:7)
#33     RenderCustomMultiChildLayoutBox.performLayout (package:flutter/src/rendering/custom_layout.dart:420:14)
#34     RenderObject.layout (package:flutter/src/rendering/object.dart:2775:7)
#35     RenderProxyBoxMixin.performLayout (package:flutter/src/rendering/proxy_box.dart:115:18)
#36     RenderObject.layout (package:flutter/src/rendering/object.dart:2775:7)
#37     RenderProxyBoxMixin.performLayout (package:flutter/src/rendering/proxy_box.dart:115:18)
#38     _RenderCustomClip.performLayout (package:flutter/src/rendering/proxy_box.dart:1481:11)
#39     RenderObject.layout (package:flutter/src/rendering/object.dart:2775:7)
#40     RenderProxyBoxMixin.performLayout (package:flutter/src/rendering/proxy_box.dart:115:18)
#41     RenderObject.layout (package:flutter/src/rendering/object.dart:2775:7)
#42     RenderProxyBoxMixin.performLayout (package:flutter/src/rendering/proxy_box.dart:115:18)
#43     RenderObject.layout (package:flutter/src/rendering/object.dart:2775:7)
#44     RenderProxyBoxMixin.performLayout (package:flutter/src/rendering/proxy_box.dart:115:18)
#45     RenderObject.layout (package:flutter/src/rendering/object.dart:2775:7)
#46     RenderProxyBoxMixin.performLayout (package:flutter/src/rendering/proxy_box.dart:115:18)
#47     RenderObject.layout (package:flutter/src/rendering/object.dart:2775:7)
#48     RenderProxyBoxMixin.performLayout (package:flutter/src/rendering/proxy_box.dart:115:18)
#49     RenderObject.layout (package:flutter/src/rendering/object.dart:2775:7)
#50     RenderProxyBoxMixin.performLayout (package:flutter/src/rendering/proxy_box.dart:115:18)
#51     RenderOffstage.performLayout (package:flutter/src/rendering/proxy_box.dart:3848:13)
#52     RenderObject.layout (package:flutter/src/rendering/object.dart:2775:7)
#53     RenderProxyBoxMixin.performLayout (package:flutter/src/rendering/proxy_box.dart:115:18)
#54     RenderObject.layout (package:flutter/src/rendering/object.dart:2775:7)
#55     _RenderTheaterMixin.layoutChild (package:flutter/src/widgets/overlay.dart:1084:13)
#56     _RenderTheater.performLayout (package:flutter/src/widgets/overlay.dart:1429:9)
#57     RenderObject.layout (package:flutter/src/rendering/object.dart:2775:7)
#58     RenderProxyBoxMixin.performLayout (package:flutter/src/rendering/proxy_box.dart:115:18)
#59     RenderObject.layout (package:flutter/src/rendering/object.dart:2775:7)
#60     RenderProxyBoxMixin.performLayout (package:flutter/src/rendering/proxy_box.dart:115:18)
#61     RenderObject.layout (package:flutter/src/rendering/object.dart:2775:7)
#62     MultiChildLayoutDelegate.layoutChild (package:flutter/src/rendering/custom_layout.dart:180:12)
#63     _ScaffoldLayout.performLayout (package:flutter/src/material/scaffold.dart:1112:7)
#64     MultiChildLayoutDelegate._callPerformLayout (package:flutter/src/rendering/custom_layout.dart:249:7)
#65     RenderCustomMultiChildLayoutBox.performLayout (package:flutter/src/rendering/custom_layout.dart:420:14)
#66     RenderObject.layout (package:flutter/src/rendering/object.dart:2775:7)
#67     RenderProxyBoxMixin.performLayout (package:flutter/src/rendering/proxy_box.dart:115:18)
#68     RenderObject.layout (package:flutter/src/rendering/object.dart:2775:7)
#69     RenderProxyBoxMixin.performLayout (package:flutter/src/rendering/proxy_box.dart:115:18)
#70     _RenderCustomClip.performLayout (package:flutter/src/rendering/proxy_box.dart:1481:11)
#71     RenderObject.layout (package:flutter/src/rendering/object.dart:2775:7)
#72     RenderProxyBoxMixin.performLayout (package:flutter/src/rendering/proxy_box.dart:115:18)
#73     RenderObject.layout (package:flutter/src/rendering/object.dart:2775:7)
#74     RenderProxyBoxMixin.performLayout (package:flutter/src/rendering/proxy_box.dart:115:18)
#75     RenderObject.layout (package:flutter/src/rendering/object.dart:2775:7)
#76     RenderProxyBoxMixin.performLayout (package:flutter/src/rendering/proxy_box.dart:115:18)
#77     RenderObject.layout (package:flutter/src/rendering/object.dart:2775:7)
#78     RenderProxyBoxMixin.performLayout (package:flutter/src/rendering/proxy_box.dart:115:18)
#79     RenderObject.layout (package:flutter/src/rendering/object.dart:2775:7)
#80     RenderProxyBoxMixin.performLayout (package:flutter/src/rendering/proxy_box.dart:115:18)
#81     RenderObject.layout (package:flutter/src/rendering/object.dart:2775:7)
#82     RenderProxyBoxMixin.performLayout (package:flutter/src/rendering/proxy_box.dart:115:18)
#83     RenderObject.layout (package:flutter/src/rendering/object.dart:2775:7)
#84     RenderProxyBoxMixin.performLayout (package:flutter/src/rendering/proxy_box.dart:115:18)
#85     RenderObject.layout (package:flutter/src/rendering/object.dart:2775:7)
#86     RenderProxyBoxMixin.performLayout (package:flutter/src/rendering/proxy_box.dart:115:18)
#87     RenderObject.layout (package:flutter/src/rendering/object.dart:2775:7)
#88     RenderProxyBoxMixin.performLayout (package:flutter/src/rendering/proxy_box.dart:115:18)
#89     RenderObject.layout (package:flutter/src/rendering/object.dart:2775:7)
#90     RenderProxyBoxMixin.performLayout (package:flutter/src/rendering/proxy_box.dart:115:18)
#91     RenderObject.layout (package:flutter/src/rendering/object.dart:2775:7)
#92     RenderProxyBoxMixin.performLayout (package:flutter/src/rendering/proxy_box.dart:115:18)
#93     RenderObject.layout (package:flutter/src/rendering/object.dart:2775:7)
#94     RenderProxyBoxMixin.performLayout (package:flutter/src/rendering/proxy_box.dart:115:18)
#95     RenderObject.layout (package:flutter/src/rendering/object.dart:2775:7)
#96     RenderProxyBoxMixin.performLayout (package:flutter/src/rendering/proxy_box.dart:115:18)
#97     RenderObject.layout (package:flutter/src/rendering/object.dart:2775:7)
#98     RenderProxyBoxMixin.performLayout (package:flutter/src/rendering/proxy_box.dart:115:18)
#99     RenderObject.layout (package:flutter/src/rendering/object.dart:2775:7)
#100    RenderProxyBoxMixin.performLayout (package:flutter/src/rendering/proxy_box.dart:115:18)
#101    RenderObject.layout (package:flutter/src/rendering/object.dart:2775:7)
#102    RenderProxyBoxMixin.performLayout (package:flutter/src/rendering/proxy_box.dart:115:18)
#103    RenderOffstage.performLayout (package:flutter/src/rendering/proxy_box.dart:3848:13)
#104    RenderObject.layout (package:flutter/src/rendering/object.dart:2775:7)
#105    RenderProxyBoxMixin.performLayout (package:flutter/src/rendering/proxy_box.dart:115:18)
#106    RenderObject.layout (package:flutter/src/rendering/object.dart:2775:7)
#107    _RenderTheaterMixin.layoutChild (package:flutter/src/widgets/overlay.dart:1084:13)
#108    _RenderTheater.performLayout (package:flutter/src/widgets/overlay.dart:1429:9)
#109    RenderObject.layout (package:flutter/src/rendering/object.dart:2775:7)
#110    RenderProxyBoxMixin.performLayout (package:flutter/src/rendering/proxy_box.dart:115:18)
#111    RenderObject.layout (package:flutter/src/rendering/object.dart:2775:7)
#112    RenderProxyBoxMixin.performLayout (package:flutter/src/rendering/proxy_box.dart:115:18)
#113    RenderObject.layout (package:flutter/src/rendering/object.dart:2775:7)
#114    ChildLayoutHelper.layoutChild (package:flutter/src/rendering/layout_helper.dart:62:11)
#115    RenderStack._computeSize (package:flutter/src/rendering/stack.dart:645:43)
#116    RenderStack.performLayout (package:flutter/src/rendering/stack.dart:680:12)
#117    RenderObject.layout (package:flutter/src/rendering/object.dart:2775:7)
#118    RenderProxyBoxMixin.performLayout (package:flutter/src/rendering/proxy_box.dart:115:18)
#119    RenderObject.layout (package:flutter/src/rendering/object.dart:2775:7)
#120    RenderProxyBoxMixin.performLayout (package:flutter/src/rendering/proxy_box.dart:115:18)
#121    RenderObject.layout (package:flutter/src/rendering/object.dart:2775:7)
#122    RenderProxyBoxMixin.performLayout (package:flutter/src/rendering/proxy_box.dart:115:18)
#123    RenderObject.layout (package:flutter/src/rendering/object.dart:2775:7)
#124    RenderProxyBoxMixin.performLayout (package:flutter/src/rendering/proxy_box.dart:115:18)
#125    RenderObject.layout (package:flutter/src/rendering/object.dart:2775:7)
#126    RenderProxyBoxMixin.performLayout (package:flutter/src/rendering/proxy_box.dart:115:18)
#127    RenderObject.layout (package:flutter/src/rendering/object.dart:2775:7)
#128    RenderProxyBoxMixin.performLayout (package:flutter/src/rendering/proxy_box.dart:115:18)
#129    RenderObject.layout (package:flutter/src/rendering/object.dart:2775:7)
#130    RenderView.performLayout (package:flutter/src/rendering/view.dart:294:12)
#131    RenderObject._layoutWithoutResize (package:flutter/src/rendering/object.dart:2623:7)
#132    PipelineOwner.flushLayout (package:flutter/src/rendering/object.dart:1170:18)
#133    PipelineOwner.flushLayout (package:flutter/src/rendering/object.dart:1183:15)
#134    AutomatedTestWidgetsFlutterBinding.drawFrame (package:flutter_test/src/binding.dart:1508:27)
#135    RendererBinding._handlePersistentFrameCallback (package:flutter/src/rendering/binding.dart:495:5)
#136    SchedulerBinding._invokeFrameCallback (package:flutter/src/scheduler/binding.dart:1434:15)
#137    SchedulerBinding.handleDrawFrame (package:flutter/src/scheduler/binding.dart:1347:9)
#138    AutomatedTestWidgetsFlutterBinding.pump.<anonymous closure> (package:flutter_test/src/binding.dart:1335:9)
#141    TestAsyncUtils.guard (package:flutter_test/src/test_async_utils.dart:74:41)
#142    AutomatedTestWidgetsFlutterBinding.pump (package:flutter_test/src/binding.dart:1324:27)
#143    WidgetTester.pumpWidget.<anonymous closure> (package:flutter_test/src/widget_tester.dart:598:22)
#146    TestAsyncUtils.guard (package:flutter_test/src/test_async_utils.dart:74:41)
#147    WidgetTester.pumpWidget (package:flutter_test/src/widget_tester.dart:595:27)
#148    main.<anonymous closure> (file:///D:/Mystery/programming/projects/PYTHON_PROJECTS/focus/focus_gg/focus_flutter/test/widget_test.dart:19:18)
#149    testWidgets.<anonymous closure>.<anonymous closure> (package:flutter_test/src/widget_tester.dart:192:29)
<asynchronous suspension>
#150    TestWidgetsFlutterBinding._runTestBody (package:flutter_test/src/binding.dart:1059:5)
<asynchronous suspension>
<asynchronous suspension>
(elided 7 frames from class _AssertionError, dart:async, and package:stack_trace)

The following RenderObject was being processed when the exception was fired: RenderPadding#91361 relayoutBoundary=up13 NEEDS-LAYOUT NEEDS-PAINT NEEDS-COMPOSITING-BITS-UPDATE:
  creator: Padding ΓåÉ ConstrainedBox ΓåÉ Align ΓåÉ PageContainer ΓåÉ Padding ΓåÉ _SingleChildViewport ΓåÉ
    IgnorePointer-[GlobalKey#2ac55] ΓåÉ Semantics ΓåÉ Listener ΓåÉ _GestureSemantics ΓåÉ
    RawGestureDetector-[LabeledGlobalKey<RawGestureDetectorState>#b16d0] ΓåÉ Listener ΓåÉ Γï»
  parentData: <none> (can use size)
  constraints: BoxConstraints(0.0<=w<=800.0, 0.0<=h<=Infinity)
  size: MISSING
  padding: EdgeInsets(24.0, 16.0, 24.0, 16.0)
  textDirection: ltr
This RenderObject had the following descendants (showing up to depth 5):
    child: RenderFlex#141d3 relayoutBoundary=up14 NEEDS-PAINT NEEDS-COMPOSITING-BITS-UPDATE
      child 1: RenderFractionalTranslation#3e3c5 relayoutBoundary=up15 NEEDS-PAINT NEEDS-COMPOSITING-BITS-UPDATE
        child: RenderAnimatedOpacity#376cd relayoutBoundary=up16 NEEDS-PAINT NEEDS-COMPOSITING-BITS-UPDATE
          child: RenderStack#942f2 relayoutBoundary=up17 NEEDS-PAINT NEEDS-COMPOSITING-BITS-UPDATE
            child 1: RenderDecoratedBox#2388f NEEDS-LAYOUT NEEDS-PAINT NEEDS-COMPOSITING-BITS-UPDATE
            child 2: RenderSemanticsGestureHandler#fcad4 relayoutBoundary=up18 NEEDS-PAINT NEEDS-COMPOSITING-BITS-UPDATE
      child 2: RenderConstrainedBox#86da0 NEEDS-LAYOUT NEEDS-PAINT
      child 3: RenderAnimatedOpacity#c08d6 NEEDS-LAYOUT NEEDS-PAINT NEEDS-COMPOSITING-BITS-UPDATE
        child: RenderSemanticsGestureHandler#ce73c NEEDS-LAYOUT NEEDS-PAINT NEEDS-COMPOSITING-BITS-UPDATE
          child: RenderPointerListener#91e90 NEEDS-LAYOUT NEEDS-PAINT NEEDS-COMPOSITING-BITS-UPDATE
            child: RenderStack#80f29 NEEDS-LAYOUT NEEDS-PAINT NEEDS-COMPOSITING-BITS-UPDATE
      child 4: RenderConstrainedBox#a5c3d NEEDS-LAYOUT NEEDS-PAINT
      child 5: RenderFractionalTranslation#28703 NEEDS-LAYOUT NEEDS-PAINT NEEDS-COMPOSITING-BITS-UPDATE
        child: RenderAnimatedOpacity#051b4 NEEDS-LAYOUT NEEDS-PAINT NEEDS-COMPOSITING-BITS-UPDATE
          child: RenderSemanticsGestureHandler#4fefe NEEDS-LAYOUT NEEDS-PAINT NEEDS-COMPOSITING-BITS-UPDATE
            child: RenderPointerListener#d70a8 NEEDS-LAYOUT NEEDS-PAINT NEEDS-COMPOSITING-BITS-UPDATE
      child 6: RenderConstrainedBox#0380c NEEDS-LAYOUT NEEDS-PAINT
      child 7: RenderAnimatedOpacity#0f73f NEEDS-LAYOUT NEEDS-PAINT NEEDS-COMPOSITING-BITS-UPDATE
        child: RenderFlex#70c3c NEEDS-LAYOUT NEEDS-PAINT NEEDS-COMPOSITING-BITS-UPDATE
          child 1: RenderParagraph#70a78 NEEDS-LAYOUT NEEDS-PAINT
            text: TextSpan
          child 2: RenderSemanticsAnnotations#ad4cd NEEDS-LAYOUT NEEDS-PAINT NEEDS-COMPOSITING-BITS-UPDATE
            child: _RenderInputPadding#b1a97 NEEDS-LAYOUT NEEDS-PAINT NEEDS-COMPOSITING-BITS-UPDATE
      child 8: RenderConstrainedBox#d560d NEEDS-LAYOUT NEEDS-PAINT
      child 9: RenderAnimatedOpacity#0f4f6 NEEDS-LAYOUT NEEDS-PAINT NEEDS-COMPOSITING-BITS-UPDATE
        child: RenderSemanticsGestureHandler#0bd1a NEEDS-LAYOUT NEEDS-PAINT NEEDS-COMPOSITING-BITS-UPDATE
          child: RenderPointerListener#30531 NEEDS-LAYOUT NEEDS-PAINT NEEDS-COMPOSITING-BITS-UPDATE
            child: RenderStack#05a03 NEEDS-LAYOUT NEEDS-PAINT NEEDS-COMPOSITING-BITS-UPDATE
ΓòÉΓòÉΓòÉΓòÉΓòÉΓòÉΓòÉΓòÉΓòÉΓòÉΓòÉΓòÉΓòÉΓòÉΓòÉΓòÉΓòÉΓòÉΓòÉΓòÉΓòÉΓòÉΓòÉΓòÉΓòÉΓòÉΓòÉΓòÉΓòÉΓòÉΓòÉΓòÉΓòÉΓòÉΓòÉΓòÉΓòÉΓòÉΓòÉΓòÉΓòÉΓòÉΓòÉΓòÉΓòÉΓòÉΓòÉΓòÉΓòÉΓòÉΓòÉΓòÉΓòÉΓòÉΓòÉΓòÉΓòÉΓòÉΓòÉΓòÉΓòÉΓòÉΓòÉΓòÉΓòÉΓòÉΓòÉΓòÉΓòÉΓòÉΓòÉΓòÉΓòÉΓòÉΓòÉΓòÉΓòÉΓòÉΓòÉΓòÉΓòÉΓòÉΓòÉΓòÉΓòÉΓòÉΓòÉΓòÉΓòÉΓòÉΓòÉΓòÉΓòÉΓòÉΓòÉΓòÉΓòÉΓòÉΓòÉΓòÉ
ΓòÉΓòÉΓòí EXCEPTION CAUGHT BY RENDERING LIBRARY Γò₧ΓòÉΓòÉΓòÉΓòÉΓòÉΓòÉΓòÉΓòÉΓòÉΓòÉΓòÉΓòÉΓòÉΓòÉΓòÉΓòÉΓòÉΓòÉΓòÉΓòÉΓòÉΓòÉΓòÉΓòÉΓòÉΓòÉΓòÉΓòÉΓòÉΓòÉΓòÉΓòÉΓòÉΓòÉΓòÉΓòÉΓòÉΓòÉΓòÉΓòÉΓòÉΓòÉΓòÉΓòÉΓòÉΓòÉΓòÉΓòÉΓòÉΓòÉΓòÉΓòÉΓòÉΓòÉΓòÉΓòÉΓòÉ
The following assertion was thrown during performLayout():
RenderBox was not laid out: RenderPadding#91361 relayoutBoundary=up13 NEEDS-PAINT
NEEDS-COMPOSITING-BITS-UPDATE
'package:flutter/src/rendering/box.dart':
Failed assertion: line 2251 pos 12: 'hasSize'

Either the assertion indicates an error in the framework itself, or we should provide substantially
more information in this error message to help you determine and fix the underlying cause.
In either case, please report this assertion by filing a bug on GitHub:
  https://github.com/flutter/flutter/issues/new?template=02_bug.yml

The relevant error-causing widget was:
  ConstrainedBox
  ConstrainedBox:file:///D:/Mystery/programming/projects/PYTHON_PROJECTS/focus/focus_gg/focus_flutter/lib/shared/widgets/page_container.dart:23:14

When the exception was thrown, this was the stack:
#2      RenderBox.size (package:flutter/src/rendering/box.dart:2251:12)
#3      RenderConstrainedBox.performLayout (package:flutter/src/rendering/proxy_box.dart:294:21)
#4      RenderObject.layout (package:flutter/src/rendering/object.dart:2775:7)
#5      RenderPositionedBox.performLayout (package:flutter/src/rendering/shifted_box.dart:465:14)
#6      RenderObject.layout (package:flutter/src/rendering/object.dart:2775:7)
#7      RenderPadding.performLayout (package:flutter/src/rendering/shifted_box.dart:243:12)
#8      RenderObject.layout (package:flutter/src/rendering/object.dart:2775:7)
#9      _RenderSingleChildViewport.performLayout (package:flutter/src/widgets/single_child_scroll_view.dart:502:14)
#10     RenderObject.layout (package:flutter/src/rendering/object.dart:2775:7)
#11     RenderProxyBoxMixin.performLayout (package:flutter/src/rendering/proxy_box.dart:115:18)
#12     RenderObject.layout (package:flutter/src/rendering/object.dart:2775:7)
#13     RenderProxyBoxMixin.performLayout (package:flutter/src/rendering/proxy_box.dart:115:18)
#14     RenderObject.layout (package:flutter/src/rendering/object.dart:2775:7)
#15     RenderProxyBoxMixin.performLayout (package:flutter/src/rendering/proxy_box.dart:115:18)
#16     RenderObject.layout (package:flutter/src/rendering/object.dart:2775:7)
#17     RenderProxyBoxMixin.performLayout (package:flutter/src/rendering/proxy_box.dart:115:18)
#18     RenderObject.layout (package:flutter/src/rendering/object.dart:2775:7)
#19     RenderProxyBoxMixin.performLayout (package:flutter/src/rendering/proxy_box.dart:115:18)
#20     RenderObject.layout (package:flutter/src/rendering/object.dart:2775:7)
#21     RenderProxyBoxMixin.performLayout (package:flutter/src/rendering/proxy_box.dart:115:18)
#22     RenderObject.layout (package:flutter/src/rendering/object.dart:2775:7)
#23     RenderProxyBoxMixin.performLayout (package:flutter/src/rendering/proxy_box.dart:115:18)
#24     RenderObject.layout (package:flutter/src/rendering/object.dart:2775:7)
#25     RenderProxyBoxMixin.performLayout (package:flutter/src/rendering/proxy_box.dart:115:18)
#26     _RenderCustomClip.performLayout (package:flutter/src/rendering/proxy_box.dart:1481:11)
#27     RenderObject.layout (package:flutter/src/rendering/object.dart:2775:7)
#28     MultiChildLayoutDelegate.layoutChild (package:flutter/src/rendering/custom_layout.dart:180:12)
#29     _ScaffoldLayout.performLayout (package:flutter/src/material/scaffold.dart:1112:7)
#30     MultiChildLayoutDelegate._callPerformLayout (package:flutter/src/rendering/custom_layout.dart:249:7)
#31     RenderCustomMultiChildLayoutBox.performLayout (package:flutter/src/rendering/custom_layout.dart:420:14)
#32     RenderObject.layout (package:flutter/src/rendering/object.dart:2775:7)
#33     RenderProxyBoxMixin.performLayout (package:flutter/src/rendering/proxy_box.dart:115:18)
#34     RenderObject.layout (package:flutter/src/rendering/object.dart:2775:7)
#35     RenderProxyBoxMixin.performLayout (package:flutter/src/rendering/proxy_box.dart:115:18)
#36     _RenderCustomClip.performLayout (package:flutter/src/rendering/proxy_box.dart:1481:11)
#37     RenderObject.layout (package:flutter/src/rendering/object.dart:2775:7)
#38     RenderProxyBoxMixin.performLayout (package:flutter/src/rendering/proxy_box.dart:115:18)
#39     RenderObject.layout (package:flutter/src/rendering/object.dart:2775:7)
#40     RenderProxyBoxMixin.performLayout (package:flutter/src/rendering/proxy_box.dart:115:18)
#41     RenderObject.layout (package:flutter/src/rendering/object.dart:2775:7)
#42     RenderProxyBoxMixin.performLayout (package:flutter/src/rendering/proxy_box.dart:115:18)
#43     RenderObject.layout (package:flutter/src/rendering/object.dart:2775:7)
#44     RenderProxyBoxMixin.performLayout (package:flutter/src/rendering/proxy_box.dart:115:18)
#45     RenderObject.layout (package:flutter/src/rendering/object.dart:2775:7)
#46     RenderProxyBoxMixin.performLayout (package:flutter/src/rendering/proxy_box.dart:115:18)
#47     RenderObject.layout (package:flutter/src/rendering/object.dart:2775:7)
#48     RenderProxyBoxMixin.performLayout (package:flutter/src/rendering/proxy_box.dart:115:18)
#49     RenderOffstage.performLayout (package:flutter/src/rendering/proxy_box.dart:3848:13)
#50     RenderObject.layout (package:flutter/src/rendering/object.dart:2775:7)
#51     RenderProxyBoxMixin.performLayout (package:flutter/src/rendering/proxy_box.dart:115:18)
#52     RenderObject.layout (package:flutter/src/rendering/object.dart:2775:7)
#53     _RenderTheaterMixin.layoutChild (package:flutter/src/widgets/overlay.dart:1084:13)
#54     _RenderTheater.performLayout (package:flutter/src/widgets/overlay.dart:1429:9)
#55     RenderObject.layout (package:flutter/src/rendering/object.dart:2775:7)
#56     RenderProxyBoxMixin.performLayout (package:flutter/src/rendering/proxy_box.dart:115:18)
#57     RenderObject.layout (package:flutter/src/rendering/object.dart:2775:7)
#58     RenderProxyBoxMixin.performLayout (package:flutter/src/rendering/proxy_box.dart:115:18)
#59     RenderObject.layout (package:flutter/src/rendering/object.dart:2775:7)
#60     MultiChildLayoutDelegate.layoutChild (package:flutter/src/rendering/custom_layout.dart:180:12)
#61     _ScaffoldLayout.performLayout (package:flutter/src/material/scaffold.dart:1112:7)
#62     MultiChildLayoutDelegate._callPerformLayout (package:flutter/src/rendering/custom_layout.dart:249:7)
#63     RenderCustomMultiChildLayoutBox.performLayout (package:flutter/src/rendering/custom_layout.dart:420:14)
#64     RenderObject.layout (package:flutter/src/rendering/object.dart:2775:7)
#65     RenderProxyBoxMixin.performLayout (package:flutter/src/rendering/proxy_box.dart:115:18)
#66     RenderObject.layout (package:flutter/src/rendering/object.dart:2775:7)
#67     RenderProxyBoxMixin.performLayout (package:flutter/src/rendering/proxy_box.dart:115:18)
#68     _RenderCustomClip.performLayout (package:flutter/src/rendering/proxy_box.dart:1481:11)
#69     RenderObject.layout (package:flutter/src/rendering/object.dart:2775:7)
#70     RenderProxyBoxMixin.performLayout (package:flutter/src/rendering/proxy_box.dart:115:18)
#71     RenderObject.layout (package:flutter/src/rendering/object.dart:2775:7)
#72     RenderProxyBoxMixin.performLayout (package:flutter/src/rendering/proxy_box.dart:115:18)
#73     RenderObject.layout (package:flutter/src/rendering/object.dart:2775:7)
#74     RenderProxyBoxMixin.performLayout (package:flutter/src/rendering/proxy_box.dart:115:18)
#75     RenderObject.layout (package:flutter/src/rendering/object.dart:2775:7)
#76     RenderProxyBoxMixin.performLayout (package:flutter/src/rendering/proxy_box.dart:115:18)
#77     RenderObject.layout (package:flutter/src/rendering/object.dart:2775:7)
#78     RenderProxyBoxMixin.performLayout (package:flutter/src/rendering/proxy_box.dart:115:18)
#79     RenderObject.layout (package:flutter/src/rendering/object.dart:2775:7)
#80     RenderProxyBoxMixin.performLayout (package:flutter/src/rendering/proxy_box.dart:115:18)
#81     RenderObject.layout (package:flutter/src/rendering/object.dart:2775:7)
#82     RenderProxyBoxMixin.performLayout (package:flutter/src/rendering/proxy_box.dart:115:18)
#83     RenderObject.layout (package:flutter/src/rendering/object.dart:2775:7)
#84     RenderProxyBoxMixin.performLayout (package:flutter/src/rendering/proxy_box.dart:115:18)
#85     RenderObject.layout (package:flutter/src/rendering/object.dart:2775:7)
#86     RenderProxyBoxMixin.performLayout (package:flutter/src/rendering/proxy_box.dart:115:18)
#87     RenderObject.layout (package:flutter/src/rendering/object.dart:2775:7)
#88     RenderProxyBoxMixin.performLayout (package:flutter/src/rendering/proxy_box.dart:115:18)
#89     RenderObject.layout (package:flutter/src/rendering/object.dart:2775:7)
#90     RenderProxyBoxMixin.performLayout (package:flutter/src/rendering/proxy_box.dart:115:18)
#91     RenderObject.layout (package:flutter/src/rendering/object.dart:2775:7)
#92     RenderProxyBoxMixin.performLayout (package:flutter/src/rendering/proxy_box.dart:115:18)
#93     RenderObject.layout (package:flutter/src/rendering/object.dart:2775:7)
#94     RenderProxyBoxMixin.performLayout (package:flutter/src/rendering/proxy_box.dart:115:18)
#95     RenderObject.layout (package:flutter/src/rendering/object.dart:2775:7)
#96     RenderProxyBoxMixin.performLayout (package:flutter/src/rendering/proxy_box.dart:115:18)
#97     RenderObject.layout (package:flutter/src/rendering/object.dart:2775:7)
#98     RenderProxyBoxMixin.performLayout (package:flutter/src/rendering/proxy_box.dart:115:18)
#99     RenderObject.layout (package:flutter/src/rendering/object.dart:2775:7)
#100    RenderProxyBoxMixin.performLayout (package:flutter/src/rendering/proxy_box.dart:115:18)
#101    RenderOffstage.performLayout (package:flutter/src/rendering/proxy_box.dart:3848:13)
#102    RenderObject.layout (package:flutter/src/rendering/object.dart:2775:7)
#103    RenderProxyBoxMixin.performLayout (package:flutter/src/rendering/proxy_box.dart:115:18)
#104    RenderObject.layout (package:flutter/src/rendering/object.dart:2775:7)
#105    _RenderTheaterMixin.layoutChild (package:flutter/src/widgets/overlay.dart:1084:13)
#106    _RenderTheater.performLayout (package:flutter/src/widgets/overlay.dart:1429:9)
#107    RenderObject.layout (package:flutter/src/rendering/object.dart:2775:7)
#108    RenderProxyBoxMixin.performLayout (package:flutter/src/rendering/proxy_box.dart:115:18)
#109    RenderObject.layout (package:flutter/src/rendering/object.dart:2775:7)
#110    RenderProxyBoxMixin.performLayout (package:flutter/src/rendering/proxy_box.dart:115:18)
#111    RenderObject.layout (package:flutter/src/rendering/object.dart:2775:7)
#112    ChildLayoutHelper.layoutChild (package:flutter/src/rendering/layout_helper.dart:62:11)
#113    RenderStack._computeSize (package:flutter/src/rendering/stack.dart:645:43)
#114    RenderStack.performLayout (package:flutter/src/rendering/stack.dart:680:12)
#115    RenderObject.layout (package:flutter/src/rendering/object.dart:2775:7)
#116    RenderProxyBoxMixin.performLayout (package:flutter/src/rendering/proxy_box.dart:115:18)
#117    RenderObject.layout (package:flutter/src/rendering/object.dart:2775:7)
#118    RenderProxyBoxMixin.performLayout (package:flutter/src/rendering/proxy_box.dart:115:18)
#119    RenderObject.layout (package:flutter/src/rendering/object.dart:2775:7)
#120    RenderProxyBoxMixin.performLayout (package:flutter/src/rendering/proxy_box.dart:115:18)
#121    RenderObject.layout (package:flutter/src/rendering/object.dart:2775:7)
#122    RenderProxyBoxMixin.performLayout (package:flutter/src/rendering/proxy_box.dart:115:18)
#123    RenderObject.layout (package:flutter/src/rendering/object.dart:2775:7)
#124    RenderProxyBoxMixin.performLayout (package:flutter/src/rendering/proxy_box.dart:115:18)
#125    RenderObject.layout (package:flutter/src/rendering/object.dart:2775:7)
#126    RenderProxyBoxMixin.performLayout (package:flutter/src/rendering/proxy_box.dart:115:18)
#127    RenderObject.layout (package:flutter/src/rendering/object.dart:2775:7)
#128    RenderView.performLayout (package:flutter/src/rendering/view.dart:294:12)
#129    RenderObject._layoutWithoutResize (package:flutter/src/rendering/object.dart:2623:7)
#130    PipelineOwner.flushLayout (package:flutter/src/rendering/object.dart:1170:18)
#131    PipelineOwner.flushLayout (package:flutter/src/rendering/object.dart:1183:15)
#132    AutomatedTestWidgetsFlutterBinding.drawFrame (package:flutter_test/src/binding.dart:1508:27)
#133    RendererBinding._handlePersistentFrameCallback (package:flutter/src/rendering/binding.dart:495:5)
#134    SchedulerBinding._invokeFrameCallback (package:flutter/src/scheduler/binding.dart:1434:15)
#135    SchedulerBinding.handleDrawFrame (package:flutter/src/scheduler/binding.dart:1347:9)
#136    AutomatedTestWidgetsFlutterBinding.pump.<anonymous closure> (package:flutter_test/src/binding.dart:1335:9)
#139    TestAsyncUtils.guard (package:flutter_test/src/test_async_utils.dart:74:41)
#140    AutomatedTestWidgetsFlutterBinding.pump (package:flutter_test/src/binding.dart:1324:27)
#141    WidgetTester.pumpWidget.<anonymous closure> (package:flutter_test/src/widget_tester.dart:598:22)
#144    TestAsyncUtils.guard (package:flutter_test/src/test_async_utils.dart:74:41)
#145    WidgetTester.pumpWidget (package:flutter_test/src/widget_tester.dart:595:27)
#146    main.<anonymous closure> (file:///D:/Mystery/programming/projects/PYTHON_PROJECTS/focus/focus_gg/focus_flutter/test/widget_test.dart:19:18)
#147    testWidgets.<anonymous closure>.<anonymous closure> (package:flutter_test/src/widget_tester.dart:192:29)
<asynchronous suspension>
#148    TestWidgetsFlutterBinding._runTestBody (package:flutter_test/src/binding.dart:1059:5)
<asynchronous suspension>
<asynchronous suspension>
(elided 7 frames from class _AssertionError, dart:async, and package:stack_trace)

The following RenderObject was being processed when the exception was fired: RenderConstrainedBox#89b07 relayoutBoundary=up12 NEEDS-LAYOUT NEEDS-PAINT NEEDS-COMPOSITING-BITS-UPDATE:
  creator: ConstrainedBox ΓåÉ Align ΓåÉ PageContainer ΓåÉ Padding ΓåÉ _SingleChildViewport ΓåÉ
    IgnorePointer-[GlobalKey#2ac55] ΓåÉ Semantics ΓåÉ Listener ΓåÉ _GestureSemantics ΓåÉ
    RawGestureDetector-[LabeledGlobalKey<RawGestureDetectorState>#b16d0] ΓåÉ Listener ΓåÉ _ScrollableScope
    ΓåÉ Γï»
  parentData: offset=Offset(0.0, 0.0) (can use size)
  constraints: BoxConstraints(0.0<=w<=800.0, 0.0<=h<=Infinity)
  size: MISSING
  additionalConstraints: BoxConstraints(0.0<=w<=1120.0, 0.0<=h<=Infinity)
This RenderObject had the following descendants (showing up to depth 5):
    child: RenderPadding#91361 relayoutBoundary=up13 NEEDS-PAINT NEEDS-COMPOSITING-BITS-UPDATE
      child: RenderFlex#141d3 relayoutBoundary=up14 NEEDS-PAINT NEEDS-COMPOSITING-BITS-UPDATE
        child 1: RenderFractionalTranslation#3e3c5 relayoutBoundary=up15 NEEDS-PAINT NEEDS-COMPOSITING-BITS-UPDATE
          child: RenderAnimatedOpacity#376cd relayoutBoundary=up16 NEEDS-PAINT NEEDS-COMPOSITING-BITS-UPDATE
            child: RenderStack#942f2 relayoutBoundary=up17 NEEDS-PAINT NEEDS-COMPOSITING-BITS-UPDATE
        child 2: RenderConstrainedBox#86da0 NEEDS-LAYOUT NEEDS-PAINT
        child 3: RenderAnimatedOpacity#c08d6 NEEDS-LAYOUT NEEDS-PAINT NEEDS-COMPOSITING-BITS-UPDATE
          child: RenderSemanticsGestureHandler#ce73c NEEDS-LAYOUT NEEDS-PAINT NEEDS-COMPOSITING-BITS-UPDATE
            child: RenderPointerListener#91e90 NEEDS-LAYOUT NEEDS-PAINT NEEDS-COMPOSITING-BITS-UPDATE
        child 4: RenderConstrainedBox#a5c3d NEEDS-LAYOUT NEEDS-PAINT
        child 5: RenderFractionalTranslation#28703 NEEDS-LAYOUT NEEDS-PAINT NEEDS-COMPOSITING-BITS-UPDATE
          child: RenderAnimatedOpacity#051b4 NEEDS-LAYOUT NEEDS-PAINT NEEDS-COMPOSITING-BITS-UPDATE
            child: RenderSemanticsGestureHandler#4fefe NEEDS-LAYOUT NEEDS-PAINT NEEDS-COMPOSITING-BITS-UPDATE
        child 6: RenderConstrainedBox#0380c NEEDS-LAYOUT NEEDS-PAINT
        child 7: RenderAnimatedOpacity#0f73f NEEDS-LAYOUT NEEDS-PAINT NEEDS-COMPOSITING-BITS-UPDATE
          child: RenderFlex#70c3c NEEDS-LAYOUT NEEDS-PAINT NEEDS-COMPOSITING-BITS-UPDATE
            child 1: RenderParagraph#70a78 NEEDS-LAYOUT NEEDS-PAINT
            child 2: RenderSemanticsAnnotations#ad4cd NEEDS-LAYOUT NEEDS-PAINT NEEDS-COMPOSITING-BITS-UPDATE
        child 8: RenderConstrainedBox#d560d NEEDS-LAYOUT NEEDS-PAINT
        child 9: RenderAnimatedOpacity#0f4f6 NEEDS-LAYOUT NEEDS-PAINT NEEDS-COMPOSITING-BITS-UPDATE
          child: RenderSemanticsGestureHandler#0bd1a NEEDS-LAYOUT NEEDS-PAINT NEEDS-COMPOSITING-BITS-UPDATE
            child: RenderPointerListener#30531 NEEDS-LAYOUT NEEDS-PAINT NEEDS-COMPOSITING-BITS-UPDATE
        child 10: RenderConstrainedBox#fe898 NEEDS-LAYOUT NEEDS-PAINT
        child 11: RenderAnimatedOpacity#bfbeb NEEDS-LAYOUT NEEDS-PAINT NEEDS-COMPOSITING-BITS-UPDATE
          child: RenderFlex#9184b NEEDS-LAYOUT NEEDS-PAINT NEEDS-COMPOSITING-BITS-UPDATE
            child 1: RenderParagraph#d268a NEEDS-LAYOUT NEEDS-PAINT
            child 2: RenderSemanticsAnnotations#6f17d NEEDS-LAYOUT NEEDS-PAINT NEEDS-COMPOSITING-BITS-UPDATE
    ...(descendants list truncated after 25 lines)
ΓòÉΓòÉΓòÉΓòÉΓòÉΓòÉΓòÉΓòÉΓòÉΓòÉΓòÉΓòÉΓòÉΓòÉΓòÉΓòÉΓòÉΓòÉΓòÉΓòÉΓòÉΓòÉΓòÉΓòÉΓòÉΓòÉΓòÉΓòÉΓòÉΓòÉΓòÉΓòÉΓòÉΓòÉΓòÉΓòÉΓòÉΓòÉΓòÉΓòÉΓòÉΓòÉΓòÉΓòÉΓòÉΓòÉΓòÉΓòÉΓòÉΓòÉΓòÉΓòÉΓòÉΓòÉΓòÉΓòÉΓòÉΓòÉΓòÉΓòÉΓòÉΓòÉΓòÉΓòÉΓòÉΓòÉΓòÉΓòÉΓòÉΓòÉΓòÉΓòÉΓòÉΓòÉΓòÉΓòÉΓòÉΓòÉΓòÉΓòÉΓòÉΓòÉΓòÉΓòÉΓòÉΓòÉΓòÉΓòÉΓòÉΓòÉΓòÉΓòÉΓòÉΓòÉΓòÉΓòÉΓòÉΓòÉΓòÉΓòÉ
ΓòÉΓòÉΓòí EXCEPTION CAUGHT BY RENDERING LIBRARY Γò₧ΓòÉΓòÉΓòÉΓòÉΓòÉΓòÉΓòÉΓòÉΓòÉΓòÉΓòÉΓòÉΓòÉΓòÉΓòÉΓòÉΓòÉΓòÉΓòÉΓòÉΓòÉΓòÉΓòÉΓòÉΓòÉΓòÉΓòÉΓòÉΓòÉΓòÉΓòÉΓòÉΓòÉΓòÉΓòÉΓòÉΓòÉΓòÉΓòÉΓòÉΓòÉΓòÉΓòÉΓòÉΓòÉΓòÉΓòÉΓòÉΓòÉΓòÉΓòÉΓòÉΓòÉΓòÉΓòÉΓòÉΓòÉ
The following assertion was thrown during performLayout():
RenderBox was not laid out: RenderConstrainedBox#89b07 relayoutBoundary=up12 NEEDS-PAINT
NEEDS-COMPOSITING-BITS-UPDATE
'package:flutter/src/rendering/box.dart':
Failed assertion: line 2251 pos 12: 'hasSize'

Either the assertion indicates an error in the framework itself, or we should provide substantially
more information in this error message to help you determine and fix the underlying cause.
In either case, please report this assertion by filing a bug on GitHub:
  https://github.com/flutter/flutter/issues/new?template=02_bug.yml

The relevant error-causing widget was:
  Align
  Align:file:///D:/Mystery/programming/projects/PYTHON_PROJECTS/focus/focus_gg/focus_flutter/lib/shared/widgets/page_container.dart:21:12

When the exception was thrown, this was the stack:
#2      RenderBox.size (package:flutter/src/rendering/box.dart:2251:12)
#3      RenderPositionedBox.performLayout (package:flutter/src/rendering/shifted_box.dart:469:37)
#4      RenderObject.layout (package:flutter/src/rendering/object.dart:2775:7)
#5      RenderPadding.performLayout (package:flutter/src/rendering/shifted_box.dart:243:12)
#6      RenderObject.layout (package:flutter/src/rendering/object.dart:2775:7)
#7      _RenderSingleChildViewport.performLayout (package:flutter/src/widgets/single_child_scroll_view.dart:502:14)
#8      RenderObject.layout (package:flutter/src/rendering/object.dart:2775:7)
#9      RenderProxyBoxMixin.performLayout (package:flutter/src/rendering/proxy_box.dart:115:18)
#10     RenderObject.layout (package:flutter/src/rendering/object.dart:2775:7)
#11     RenderProxyBoxMixin.performLayout (package:flutter/src/rendering/proxy_box.dart:115:18)
#12     RenderObject.layout (package:flutter/src/rendering/object.dart:2775:7)
#13     RenderProxyBoxMixin.performLayout (package:flutter/src/rendering/proxy_box.dart:115:18)
#14     RenderObject.layout (package:flutter/src/rendering/object.dart:2775:7)
#15     RenderProxyBoxMixin.performLayout (package:flutter/src/rendering/proxy_box.dart:115:18)
#16     RenderObject.layout (package:flutter/src/rendering/object.dart:2775:7)
#17     RenderProxyBoxMixin.performLayout (package:flutter/src/rendering/proxy_box.dart:115:18)
#18     RenderObject.layout (package:flutter/src/rendering/object.dart:2775:7)
#19     RenderProxyBoxMixin.performLayout (package:flutter/src/rendering/proxy_box.dart:115:18)
#20     RenderObject.layout (package:flutter/src/rendering/object.dart:2775:7)
#21     RenderProxyBoxMixin.performLayout (package:flutter/src/rendering/proxy_box.dart:115:18)
#22     RenderObject.layout (package:flutter/src/rendering/object.dart:2775:7)
#23     RenderProxyBoxMixin.performLayout (package:flutter/src/rendering/proxy_box.dart:115:18)
#24     _RenderCustomClip.performLayout (package:flutter/src/rendering/proxy_box.dart:1481:11)
#25     RenderObject.layout (package:flutter/src/rendering/object.dart:2775:7)
#26     MultiChildLayoutDelegate.layoutChild (package:flutter/src/rendering/custom_layout.dart:180:12)
#27     _ScaffoldLayout.performLayout (package:flutter/src/material/scaffold.dart:1112:7)
#28     MultiChildLayoutDelegate._callPerformLayout (package:flutter/src/rendering/custom_layout.dart:249:7)
#29     RenderCustomMultiChildLayoutBox.performLayout (package:flutter/src/rendering/custom_layout.dart:420:14)
#30     RenderObject.layout (package:flutter/src/rendering/object.dart:2775:7)
#31     RenderProxyBoxMixin.performLayout (package:flutter/src/rendering/proxy_box.dart:115:18)
#32     RenderObject.layout (package:flutter/src/rendering/object.dart:2775:7)
#33     RenderProxyBoxMixin.performLayout (package:flutter/src/rendering/proxy_box.dart:115:18)
#34     _RenderCustomClip.performLayout (package:flutter/src/rendering/proxy_box.dart:1481:11)
#35     RenderObject.layout (package:flutter/src/rendering/object.dart:2775:7)
#36     RenderProxyBoxMixin.performLayout (package:flutter/src/rendering/proxy_box.dart:115:18)
#37     RenderObject.layout (package:flutter/src/rendering/object.dart:2775:7)
#38     RenderProxyBoxMixin.performLayout (package:flutter/src/rendering/proxy_box.dart:115:18)
#39     RenderObject.layout (package:flutter/src/rendering/object.dart:2775:7)
#40     RenderProxyBoxMixin.performLayout (package:flutter/src/rendering/proxy_box.dart:115:18)
#41     RenderObject.layout (package:flutter/src/rendering/object.dart:2775:7)
#42     RenderProxyBoxMixin.performLayout (package:flutter/src/rendering/proxy_box.dart:115:18)
#43     RenderObject.layout (package:flutter/src/rendering/object.dart:2775:7)
#44     RenderProxyBoxMixin.performLayout (package:flutter/src/rendering/proxy_box.dart:115:18)
#45     RenderObject.layout (package:flutter/src/rendering/object.dart:2775:7)
#46     RenderProxyBoxMixin.performLayout (package:flutter/src/rendering/proxy_box.dart:115:18)
#47     RenderOffstage.performLayout (package:flutter/src/rendering/proxy_box.dart:3848:13)
#48     RenderObject.layout (package:flutter/src/rendering/object.dart:2775:7)
#49     RenderProxyBoxMixin.performLayout (package:flutter/src/rendering/proxy_box.dart:115:18)
#50     RenderObject.layout (package:flutter/src/rendering/object.dart:2775:7)
#51     _RenderTheaterMixin.layoutChild (package:flutter/src/widgets/overlay.dart:1084:13)
#52     _RenderTheater.performLayout (package:flutter/src/widgets/overlay.dart:1429:9)
#53     RenderObject.layout (package:flutter/src/rendering/object.dart:2775:7)
#54     RenderProxyBoxMixin.performLayout (package:flutter/src/rendering/proxy_box.dart:115:18)
#55     RenderObject.layout (package:flutter/src/rendering/object.dart:2775:7)
#56     RenderProxyBoxMixin.performLayout (package:flutter/src/rendering/proxy_box.dart:115:18)
#57     RenderObject.layout (package:flutter/src/rendering/object.dart:2775:7)
#58     MultiChildLayoutDelegate.layoutChild (package:flutter/src/rendering/custom_layout.dart:180:12)
#59     _ScaffoldLayout.performLayout (package:flutter/src/material/scaffold.dart:1112:7)
#60     MultiChildLayoutDelegate._callPerformLayout (package:flutter/src/rendering/custom_layout.dart:249:7)
#61     RenderCustomMultiChildLayoutBox.performLayout (package:flutter/src/rendering/custom_layout.dart:420:14)
#62     RenderObject.layout (package:flutter/src/rendering/object.dart:2775:7)
#63     RenderProxyBoxMixin.performLayout (package:flutter/src/rendering/proxy_box.dart:115:18)
#64     RenderObject.layout (package:flutter/src/rendering/object.dart:2775:7)
#65     RenderProxyBoxMixin.performLayout (package:flutter/src/rendering/proxy_box.dart:115:18)
#66     _RenderCustomClip.performLayout (package:flutter/src/rendering/proxy_box.dart:1481:11)
#67     RenderObject.layout (package:flutter/src/rendering/object.dart:2775:7)
#68     RenderProxyBoxMixin.performLayout (package:flutter/src/rendering/proxy_box.dart:115:18)
#69     RenderObject.layout (package:flutter/src/rendering/object.dart:2775:7)
#70     RenderProxyBoxMixin.performLayout (package:flutter/src/rendering/proxy_box.dart:115:18)
#71     RenderObject.layout (package:flutter/src/rendering/object.dart:2775:7)
#72     RenderProxyBoxMixin.performLayout (package:flutter/src/rendering/proxy_box.dart:115:18)
#73     RenderObject.layout (package:flutter/src/rendering/object.dart:2775:7)
#74     RenderProxyBoxMixin.performLayout (package:flutter/src/rendering/proxy_box.dart:115:18)
#75     RenderObject.layout (package:flutter/src/rendering/object.dart:2775:7)
#76     RenderProxyBoxMixin.performLayout (package:flutter/src/rendering/proxy_box.dart:115:18)
#77     RenderObject.layout (package:flutter/src/rendering/object.dart:2775:7)
#78     RenderProxyBoxMixin.performLayout (package:flutter/src/rendering/proxy_box.dart:115:18)
#79     RenderObject.layout (package:flutter/src/rendering/object.dart:2775:7)
#80     RenderProxyBoxMixin.performLayout (package:flutter/src/rendering/proxy_box.dart:115:18)
#81     RenderObject.layout (package:flutter/src/rendering/object.dart:2775:7)
#82     RenderProxyBoxMixin.performLayout (package:flutter/src/rendering/proxy_box.dart:115:18)
#83     RenderObject.layout (package:flutter/src/rendering/object.dart:2775:7)
#84     RenderProxyBoxMixin.performLayout (package:flutter/src/rendering/proxy_box.dart:115:18)
#85     RenderObject.layout (package:flutter/src/rendering/object.dart:2775:7)
#86     RenderProxyBoxMixin.performLayout (package:flutter/src/rendering/proxy_box.dart:115:18)
#87     RenderObject.layout (package:flutter/src/rendering/object.dart:2775:7)
#88     RenderProxyBoxMixin.performLayout (package:flutter/src/rendering/proxy_box.dart:115:18)
#89     RenderObject.layout (package:flutter/src/rendering/object.dart:2775:7)
#90     RenderProxyBoxMixin.performLayout (package:flutter/src/rendering/proxy_box.dart:115:18)
#91     RenderObject.layout (package:flutter/src/rendering/object.dart:2775:7)
#92     RenderProxyBoxMixin.performLayout (package:flutter/src/rendering/proxy_box.dart:115:18)
#93     RenderObject.layout (package:flutter/src/rendering/object.dart:2775:7)
#94     RenderProxyBoxMixin.performLayout (package:flutter/src/rendering/proxy_box.dart:115:18)
#95     RenderObject.layout (package:flutter/src/rendering/object.dart:2775:7)
#96     RenderProxyBoxMixin.performLayout (package:flutter/src/rendering/proxy_box.dart:115:18)
#97     RenderObject.layout (package:flutter/src/rendering/object.dart:2775:7)
#98     RenderProxyBoxMixin.performLayout (package:flutter/src/rendering/proxy_box.dart:115:18)
#99     RenderOffstage.performLayout (package:flutter/src/rendering/proxy_box.dart:3848:13)
#100    RenderObject.layout (package:flutter/src/rendering/object.dart:2775:7)
#101    RenderProxyBoxMixin.performLayout (package:flutter/src/rendering/proxy_box.dart:115:18)
#102    RenderObject.layout (package:flutter/src/rendering/object.dart:2775:7)
#103    _RenderTheaterMixin.layoutChild (package:flutter/src/widgets/overlay.dart:1084:13)
#104    _RenderTheater.performLayout (package:flutter/src/widgets/overlay.dart:1429:9)
#105    RenderObject.layout (package:flutter/src/rendering/object.dart:2775:7)
#106    RenderProxyBoxMixin.performLayout (package:flutter/src/rendering/proxy_box.dart:115:18)
#107    RenderObject.layout (package:flutter/src/rendering/object.dart:2775:7)
#108    RenderProxyBoxMixin.performLayout (package:flutter/src/rendering/proxy_box.dart:115:18)
#109    RenderObject.layout (package:flutter/src/rendering/object.dart:2775:7)
#110    ChildLayoutHelper.layoutChild (package:flutter/src/rendering/layout_helper.dart:62:11)
#111    RenderStack._computeSize (package:flutter/src/rendering/stack.dart:645:43)
#112    RenderStack.performLayout (package:flutter/src/rendering/stack.dart:680:12)
#113    RenderObject.layout (package:flutter/src/rendering/object.dart:2775:7)
#114    RenderProxyBoxMixin.performLayout (package:flutter/src/rendering/proxy_box.dart:115:18)
#115    RenderObject.layout (package:flutter/src/rendering/object.dart:2775:7)
#116    RenderProxyBoxMixin.performLayout (package:flutter/src/rendering/proxy_box.dart:115:18)
#117    RenderObject.layout (package:flutter/src/rendering/object.dart:2775:7)
#118    RenderProxyBoxMixin.performLayout (package:flutter/src/rendering/proxy_box.dart:115:18)
#119    RenderObject.layout (package:flutter/src/rendering/object.dart:2775:7)
#120    RenderProxyBoxMixin.performLayout (package:flutter/src/rendering/proxy_box.dart:115:18)
#121    RenderObject.layout (package:flutter/src/rendering/object.dart:2775:7)
#122    RenderProxyBoxMixin.performLayout (package:flutter/src/rendering/proxy_box.dart:115:18)
#123    RenderObject.layout (package:flutter/src/rendering/object.dart:2775:7)
#124    RenderProxyBoxMixin.performLayout (package:flutter/src/rendering/proxy_box.dart:115:18)
#125    RenderObject.layout (package:flutter/src/rendering/object.dart:2775:7)
#126    RenderView.performLayout (package:flutter/src/rendering/view.dart:294:12)
#127    RenderObject._layoutWithoutResize (package:flutter/src/rendering/object.dart:2623:7)
#128    PipelineOwner.flushLayout (package:flutter/src/rendering/object.dart:1170:18)
#129    PipelineOwner.flushLayout (package:flutter/src/rendering/object.dart:1183:15)
#130    AutomatedTestWidgetsFlutterBinding.drawFrame (package:flutter_test/src/binding.dart:1508:27)
#131    RendererBinding._handlePersistentFrameCallback (package:flutter/src/rendering/binding.dart:495:5)
#132    SchedulerBinding._invokeFrameCallback (package:flutter/src/scheduler/binding.dart:1434:15)
#133    SchedulerBinding.handleDrawFrame (package:flutter/src/scheduler/binding.dart:1347:9)
#134    AutomatedTestWidgetsFlutterBinding.pump.<anonymous closure> (package:flutter_test/src/binding.dart:1335:9)
#137    TestAsyncUtils.guard (package:flutter_test/src/test_async_utils.dart:74:41)
#138    AutomatedTestWidgetsFlutterBinding.pump (package:flutter_test/src/binding.dart:1324:27)
#139    WidgetTester.pumpWidget.<anonymous closure> (package:flutter_test/src/widget_tester.dart:598:22)
#142    TestAsyncUtils.guard (package:flutter_test/src/test_async_utils.dart:74:41)
#143    WidgetTester.pumpWidget (package:flutter_test/src/widget_tester.dart:595:27)
#144    main.<anonymous closure> (file:///D:/Mystery/programming/projects/PYTHON_PROJECTS/focus/focus_gg/focus_flutter/test/widget_test.dart:19:18)
#145    testWidgets.<anonymous closure>.<anonymous closure> (package:flutter_test/src/widget_tester.dart:192:29)
<asynchronous suspension>
#146    TestWidgetsFlutterBinding._runTestBody (package:flutter_test/src/binding.dart:1059:5)
<asynchronous suspension>
<asynchronous suspension>
(elided 7 frames from class _AssertionError, dart:async, and package:stack_trace)

The following RenderObject was being processed when the exception was fired: RenderPositionedBox#201c0 relayoutBoundary=up11 NEEDS-LAYOUT NEEDS-PAINT NEEDS-COMPOSITING-BITS-UPDATE:
  creator: Align ΓåÉ PageContainer ΓåÉ Padding ΓåÉ _SingleChildViewport ΓåÉ IgnorePointer-[GlobalKey#2ac55] ΓåÉ
    Semantics ΓåÉ Listener ΓåÉ _GestureSemantics ΓåÉ
    RawGestureDetector-[LabeledGlobalKey<RawGestureDetectorState>#b16d0] ΓåÉ Listener ΓåÉ _ScrollableScope
    ΓåÉ _ScrollSemantics-[GlobalKey#1fa52] ΓåÉ Γï»
  parentData: offset=Offset(0.0, 0.0) (can use size)
  constraints: BoxConstraints(0.0<=w<=800.0, 0.0<=h<=Infinity)
  size: MISSING
  alignment: Alignment.topCenter
  textDirection: ltr
  widthFactor: expand
  heightFactor: expand
This RenderObject had the following descendants (showing up to depth 5):
    child: RenderConstrainedBox#89b07 relayoutBoundary=up12 NEEDS-PAINT NEEDS-COMPOSITING-BITS-UPDATE
      child: RenderPadding#91361 relayoutBoundary=up13 NEEDS-PAINT NEEDS-COMPOSITING-BITS-UPDATE
        child: RenderFlex#141d3 relayoutBoundary=up14 NEEDS-PAINT NEEDS-COMPOSITING-BITS-UPDATE
          child 1: RenderFractionalTranslation#3e3c5 relayoutBoundary=up15 NEEDS-PAINT NEEDS-COMPOSITING-BITS-UPDATE
            child: RenderAnimatedOpacity#376cd relayoutBoundary=up16 NEEDS-PAINT NEEDS-COMPOSITING-BITS-UPDATE
          child 2: RenderConstrainedBox#86da0 NEEDS-LAYOUT NEEDS-PAINT
          child 3: RenderAnimatedOpacity#c08d6 NEEDS-LAYOUT NEEDS-PAINT NEEDS-COMPOSITING-BITS-UPDATE
            child: RenderSemanticsGestureHandler#ce73c NEEDS-LAYOUT NEEDS-PAINT NEEDS-COMPOSITING-BITS-UPDATE
          child 4: RenderConstrainedBox#a5c3d NEEDS-LAYOUT NEEDS-PAINT
          child 5: RenderFractionalTranslation#28703 NEEDS-LAYOUT NEEDS-PAINT NEEDS-COMPOSITING-BITS-UPDATE
            child: RenderAnimatedOpacity#051b4 NEEDS-LAYOUT NEEDS-PAINT NEEDS-COMPOSITING-BITS-UPDATE
          child 6: RenderConstrainedBox#0380c NEEDS-LAYOUT NEEDS-PAINT
          child 7: RenderAnimatedOpacity#0f73f NEEDS-LAYOUT NEEDS-PAINT NEEDS-COMPOSITING-BITS-UPDATE
            child: RenderFlex#70c3c NEEDS-LAYOUT NEEDS-PAINT NEEDS-COMPOSITING-BITS-UPDATE
          child 8: RenderConstrainedBox#d560d NEEDS-LAYOUT NEEDS-PAINT
          child 9: RenderAnimatedOpacity#0f4f6 NEEDS-LAYOUT NEEDS-PAINT NEEDS-COMPOSITING-BITS-UPDATE
            child: RenderSemanticsGestureHandler#0bd1a NEEDS-LAYOUT NEEDS-PAINT NEEDS-COMPOSITING-BITS-UPDATE
          child 10: RenderConstrainedBox#fe898 NEEDS-LAYOUT NEEDS-PAINT
          child 11: RenderAnimatedOpacity#bfbeb NEEDS-LAYOUT NEEDS-PAINT NEEDS-COMPOSITING-BITS-UPDATE
            child: RenderFlex#9184b NEEDS-LAYOUT NEEDS-PAINT NEEDS-COMPOSITING-BITS-UPDATE
          child 12: RenderConstrainedBox#708d6 NEEDS-LAYOUT NEEDS-PAINT
          child 13: RenderAnimatedOpacity#3dcdb NEEDS-LAYOUT NEEDS-PAINT NEEDS-COMPOSITING-BITS-UPDATE
            child: RenderWrap#c830f NEEDS-LAYOUT NEEDS-PAINT NEEDS-COMPOSITING-BITS-UPDATE
ΓòÉΓòÉΓòÉΓòÉΓòÉΓòÉΓòÉΓòÉΓòÉΓòÉΓòÉΓòÉΓòÉΓòÉΓòÉΓòÉΓòÉΓòÉΓòÉΓòÉΓòÉΓòÉΓòÉΓòÉΓòÉΓòÉΓòÉΓòÉΓòÉΓòÉΓòÉΓòÉΓòÉΓòÉΓòÉΓòÉΓòÉΓòÉΓòÉΓòÉΓòÉΓòÉΓòÉΓòÉΓòÉΓòÉΓòÉΓòÉΓòÉΓòÉΓòÉΓòÉΓòÉΓòÉΓòÉΓòÉΓòÉΓòÉΓòÉΓòÉΓòÉΓòÉΓòÉΓòÉΓòÉΓòÉΓòÉΓòÉΓòÉΓòÉΓòÉΓòÉΓòÉΓòÉΓòÉΓòÉΓòÉΓòÉΓòÉΓòÉΓòÉΓòÉΓòÉΓòÉΓòÉΓòÉΓòÉΓòÉΓòÉΓòÉΓòÉΓòÉΓòÉΓòÉΓòÉΓòÉΓòÉΓòÉΓòÉΓòÉ
ΓòÉΓòÉΓòí EXCEPTION CAUGHT BY RENDERING LIBRARY Γò₧ΓòÉΓòÉΓòÉΓòÉΓòÉΓòÉΓòÉΓòÉΓòÉΓòÉΓòÉΓòÉΓòÉΓòÉΓòÉΓòÉΓòÉΓòÉΓòÉΓòÉΓòÉΓòÉΓòÉΓòÉΓòÉΓòÉΓòÉΓòÉΓòÉΓòÉΓòÉΓòÉΓòÉΓòÉΓòÉΓòÉΓòÉΓòÉΓòÉΓòÉΓòÉΓòÉΓòÉΓòÉΓòÉΓòÉΓòÉΓòÉΓòÉΓòÉΓòÉΓòÉΓòÉΓòÉΓòÉΓòÉΓòÉ
The following assertion was thrown during performLayout():
RenderBox was not laid out: RenderPositionedBox#201c0 relayoutBoundary=up11 NEEDS-PAINT
NEEDS-COMPOSITING-BITS-UPDATE
'package:flutter/src/rendering/box.dart':
Failed assertion: line 2251 pos 12: 'hasSize'

Either the assertion indicates an error in the framework itself, or we should provide substantially
more information in this error message to help you determine and fix the underlying cause.
In either case, please report this assertion by filing a bug on GitHub:
  https://github.com/flutter/flutter/issues/new?template=02_bug.yml

The relevant error-causing widget was:
  SingleChildScrollView
  SingleChildScrollView:file:///D:/Mystery/programming/projects/PYTHON_PROJECTS/focus/focus_gg/focus_flutter/lib/features/dashboard/dashboard_screen.dart:132:13

When the exception was thrown, this was the stack:
#2      RenderBox.size (package:flutter/src/rendering/box.dart:2251:12)
#3      RenderPadding.performLayout (package:flutter/src/rendering/shifted_box.dart:247:40)
#4      RenderObject.layout (package:flutter/src/rendering/object.dart:2775:7)
#5      _RenderSingleChildViewport.performLayout (package:flutter/src/widgets/single_child_scroll_view.dart:502:14)
#6      RenderObject.layout (package:flutter/src/rendering/object.dart:2775:7)
#7      RenderProxyBoxMixin.performLayout (package:flutter/src/rendering/proxy_box.dart:115:18)
#8      RenderObject.layout (package:flutter/src/rendering/object.dart:2775:7)
#9      RenderProxyBoxMixin.performLayout (package:flutter/src/rendering/proxy_box.dart:115:18)
#10     RenderObject.layout (package:flutter/src/rendering/object.dart:2775:7)
#11     RenderProxyBoxMixin.performLayout (package:flutter/src/rendering/proxy_box.dart:115:18)
#12     RenderObject.layout (package:flutter/src/rendering/object.dart:2775:7)
#13     RenderProxyBoxMixin.performLayout (package:flutter/src/rendering/proxy_box.dart:115:18)
#14     RenderObject.layout (package:flutter/src/rendering/object.dart:2775:7)
#15     RenderProxyBoxMixin.performLayout (package:flutter/src/rendering/proxy_box.dart:115:18)
#16     RenderObject.layout (package:flutter/src/rendering/object.dart:2775:7)
#17     RenderProxyBoxMixin.performLayout (package:flutter/src/rendering/proxy_box.dart:115:18)
#18     RenderObject.layout (package:flutter/src/rendering/object.dart:2775:7)
#19     RenderProxyBoxMixin.performLayout (package:flutter/src/rendering/proxy_box.dart:115:18)
#20     RenderObject.layout (package:flutter/src/rendering/object.dart:2775:7)
#21     RenderProxyBoxMixin.performLayout (package:flutter/src/rendering/proxy_box.dart:115:18)
#22     _RenderCustomClip.performLayout (package:flutter/src/rendering/proxy_box.dart:1481:11)
#23     RenderObject.layout (package:flutter/src/rendering/object.dart:2775:7)
#24     MultiChildLayoutDelegate.layoutChild (package:flutter/src/rendering/custom_layout.dart:180:12)
#25     _ScaffoldLayout.performLayout (package:flutter/src/material/scaffold.dart:1112:7)
#26     MultiChildLayoutDelegate._callPerformLayout (package:flutter/src/rendering/custom_layout.dart:249:7)
#27     RenderCustomMultiChildLayoutBox.performLayout (package:flutter/src/rendering/custom_layout.dart:420:14)
#28     RenderObject.layout (package:flutter/src/rendering/object.dart:2775:7)
#29     RenderProxyBoxMixin.performLayout (package:flutter/src/rendering/proxy_box.dart:115:18)
#30     RenderObject.layout (package:flutter/src/rendering/object.dart:2775:7)
#31     RenderProxyBoxMixin.performLayout (package:flutter/src/rendering/proxy_box.dart:115:18)
#32     _RenderCustomClip.performLayout (package:flutter/src/rendering/proxy_box.dart:1481:11)
#33     RenderObject.layout (package:flutter/src/rendering/object.dart:2775:7)
#34     RenderProxyBoxMixin.performLayout (package:flutter/src/rendering/proxy_box.dart:115:18)
#35     RenderObject.layout (package:flutter/src/rendering/object.dart:2775:7)
#36     RenderProxyBoxMixin.performLayout (package:flutter/src/rendering/proxy_box.dart:115:18)
#37     RenderObject.layout (package:flutter/src/rendering/object.dart:2775:7)
#38     RenderProxyBoxMixin.performLayout (package:flutter/src/rendering/proxy_box.dart:115:18)
#39     RenderObject.layout (package:flutter/src/rendering/object.dart:2775:7)
#40     RenderProxyBoxMixin.performLayout (package:flutter/src/rendering/proxy_box.dart:115:18)
#41     RenderObject.layout (package:flutter/src/rendering/object.dart:2775:7)
#42     RenderProxyBoxMixin.performLayout (package:flutter/src/rendering/proxy_box.dart:115:18)
#43     RenderObject.layout (package:flutter/src/rendering/object.dart:2775:7)
#44     RenderProxyBoxMixin.performLayout (package:flutter/src/rendering/proxy_box.dart:115:18)
#45     RenderOffstage.performLayout (package:flutter/src/rendering/proxy_box.dart:3848:13)
#46     RenderObject.layout (package:flutter/src/rendering/object.dart:2775:7)
#47     RenderProxyBoxMixin.performLayout (package:flutter/src/rendering/proxy_box.dart:115:18)
#48     RenderObject.layout (package:flutter/src/rendering/object.dart:2775:7)
#49     _RenderTheaterMixin.layoutChild (package:flutter/src/widgets/overlay.dart:1084:13)
#50     _RenderTheater.performLayout (package:flutter/src/widgets/overlay.dart:1429:9)
#51     RenderObject.layout (package:flutter/src/rendering/object.dart:2775:7)
#52     RenderProxyBoxMixin.performLayout (package:flutter/src/rendering/proxy_box.dart:115:18)
#53     RenderObject.layout (package:flutter/src/rendering/object.dart:2775:7)
#54     RenderProxyBoxMixin.performLayout (package:flutter/src/rendering/proxy_box.dart:115:18)
#55     RenderObject.layout (package:flutter/src/rendering/object.dart:2775:7)
#56     MultiChildLayoutDelegate.layoutChild (package:flutter/src/rendering/custom_layout.dart:180:12)
#57     _ScaffoldLayout.performLayout (package:flutter/src/material/scaffold.dart:1112:7)
#58     MultiChildLayoutDelegate._callPerformLayout (package:flutter/src/rendering/custom_layout.dart:249:7)
#59     RenderCustomMultiChildLayoutBox.performLayout (package:flutter/src/rendering/custom_layout.dart:420:14)
#60     RenderObject.layout (package:flutter/src/rendering/object.dart:2775:7)
#61     RenderProxyBoxMixin.performLayout (package:flutter/src/rendering/proxy_box.dart:115:18)
#62     RenderObject.layout (package:flutter/src/rendering/object.dart:2775:7)
#63     RenderProxyBoxMixin.performLayout (package:flutter/src/rendering/proxy_box.dart:115:18)
#64     _RenderCustomClip.performLayout (package:flutter/src/rendering/proxy_box.dart:1481:11)
#65     RenderObject.layout (package:flutter/src/rendering/object.dart:2775:7)
#66     RenderProxyBoxMixin.performLayout (package:flutter/src/rendering/proxy_box.dart:115:18)
#67     RenderObject.layout (package:flutter/src/rendering/object.dart:2775:7)
#68     RenderProxyBoxMixin.performLayout (package:flutter/src/rendering/proxy_box.dart:115:18)
#69     RenderObject.layout (package:flutter/src/rendering/object.dart:2775:7)
#70     RenderProxyBoxMixin.performLayout (package:flutter/src/rendering/proxy_box.dart:115:18)
#71     RenderObject.layout (package:flutter/src/rendering/object.dart:2775:7)
#72     RenderProxyBoxMixin.performLayout (package:flutter/src/rendering/proxy_box.dart:115:18)
#73     RenderObject.layout (package:flutter/src/rendering/object.dart:2775:7)
#74     RenderProxyBoxMixin.performLayout (package:flutter/src/rendering/proxy_box.dart:115:18)
#75     RenderObject.layout (package:flutter/src/rendering/object.dart:2775:7)
#76     RenderProxyBoxMixin.performLayout (package:flutter/src/rendering/proxy_box.dart:115:18)
#77     RenderObject.layout (package:flutter/src/rendering/object.dart:2775:7)
#78     RenderProxyBoxMixin.performLayout (package:flutter/src/rendering/proxy_box.dart:115:18)
#79     RenderObject.layout (package:flutter/src/rendering/object.dart:2775:7)
#80     RenderProxyBoxMixin.performLayout (package:flutter/src/rendering/proxy_box.dart:115:18)
#81     RenderObject.layout (package:flutter/src/rendering/object.dart:2775:7)
#82     RenderProxyBoxMixin.performLayout (package:flutter/src/rendering/proxy_box.dart:115:18)
#83     RenderObject.layout (package:flutter/src/rendering/object.dart:2775:7)
#84     RenderProxyBoxMixin.performLayout (package:flutter/src/rendering/proxy_box.dart:115:18)
#85     RenderObject.layout (package:flutter/src/rendering/object.dart:2775:7)
#86     RenderProxyBoxMixin.performLayout (package:flutter/src/rendering/proxy_box.dart:115:18)
#87     RenderObject.layout (package:flutter/src/rendering/object.dart:2775:7)
#88     RenderProxyBoxMixin.performLayout (package:flutter/src/rendering/proxy_box.dart:115:18)
#89     RenderObject.layout (package:flutter/src/rendering/object.dart:2775:7)
#90     RenderProxyBoxMixin.performLayout (package:flutter/src/rendering/proxy_box.dart:115:18)
#91     RenderObject.layout (package:flutter/src/rendering/object.dart:2775:7)
#92     RenderProxyBoxMixin.performLayout (package:flutter/src/rendering/proxy_box.dart:115:18)
#93     RenderObject.layout (package:flutter/src/rendering/object.dart:2775:7)
#94     RenderProxyBoxMixin.performLayout (package:flutter/src/rendering/proxy_box.dart:115:18)
#95     RenderObject.layout (package:flutter/src/rendering/object.dart:2775:7)
#96     RenderProxyBoxMixin.performLayout (package:flutter/src/rendering/proxy_box.dart:115:18)
#97     RenderOffstage.performLayout (package:flutter/src/rendering/proxy_box.dart:3848:13)
#98     RenderObject.layout (package:flutter/src/rendering/object.dart:2775:7)
#99     RenderProxyBoxMixin.performLayout (package:flutter/src/rendering/proxy_box.dart:115:18)
#100    RenderObject.layout (package:flutter/src/rendering/object.dart:2775:7)
#101    _RenderTheaterMixin.layoutChild (package:flutter/src/widgets/overlay.dart:1084:13)
#102    _RenderTheater.performLayout (package:flutter/src/widgets/overlay.dart:1429:9)
#103    RenderObject.layout (package:flutter/src/rendering/object.dart:2775:7)
#104    RenderProxyBoxMixin.performLayout (package:flutter/src/rendering/proxy_box.dart:115:18)
#105    RenderObject.layout (package:flutter/src/rendering/object.dart:2775:7)
#106    RenderProxyBoxMixin.performLayout (package:flutter/src/rendering/proxy_box.dart:115:18)
#107    RenderObject.layout (package:flutter/src/rendering/object.dart:2775:7)
#108    ChildLayoutHelper.layoutChild (package:flutter/src/rendering/layout_helper.dart:62:11)
#109    RenderStack._computeSize (package:flutter/src/rendering/stack.dart:645:43)
#110    RenderStack.performLayout (package:flutter/src/rendering/stack.dart:680:12)
#111    RenderObject.layout (package:flutter/src/rendering/object.dart:2775:7)
#112    RenderProxyBoxMixin.performLayout (package:flutter/src/rendering/proxy_box.dart:115:18)
#113    RenderObject.layout (package:flutter/src/rendering/object.dart:2775:7)
#114    RenderProxyBoxMixin.performLayout (package:flutter/src/rendering/proxy_box.dart:115:18)
#115    RenderObject.layout (package:flutter/src/rendering/object.dart:2775:7)
#116    RenderProxyBoxMixin.performLayout (package:flutter/src/rendering/proxy_box.dart:115:18)
#117    RenderObject.layout (package:flutter/src/rendering/object.dart:2775:7)
#118    RenderProxyBoxMixin.performLayout (package:flutter/src/rendering/proxy_box.dart:115:18)
#119    RenderObject.layout (package:flutter/src/rendering/object.dart:2775:7)
#120    RenderProxyBoxMixin.performLayout (package:flutter/src/rendering/proxy_box.dart:115:18)
#121    RenderObject.layout (package:flutter/src/rendering/object.dart:2775:7)
#122    RenderProxyBoxMixin.performLayout (package:flutter/src/rendering/proxy_box.dart:115:18)
#123    RenderObject.layout (package:flutter/src/rendering/object.dart:2775:7)
#124    RenderView.performLayout (package:flutter/src/rendering/view.dart:294:12)
#125    RenderObject._layoutWithoutResize (package:flutter/src/rendering/object.dart:2623:7)
#126    PipelineOwner.flushLayout (package:flutter/src/rendering/object.dart:1170:18)
#127    PipelineOwner.flushLayout (package:flutter/src/rendering/object.dart:1183:15)
#128    AutomatedTestWidgetsFlutterBinding.drawFrame (package:flutter_test/src/binding.dart:1508:27)
#129    RendererBinding._handlePersistentFrameCallback (package:flutter/src/rendering/binding.dart:495:5)
#130    SchedulerBinding._invokeFrameCallback (package:flutter/src/scheduler/binding.dart:1434:15)
#131    SchedulerBinding.handleDrawFrame (package:flutter/src/scheduler/binding.dart:1347:9)
#132    AutomatedTestWidgetsFlutterBinding.pump.<anonymous closure> (package:flutter_test/src/binding.dart:1335:9)
#135    TestAsyncUtils.guard (package:flutter_test/src/test_async_utils.dart:74:41)
#136    AutomatedTestWidgetsFlutterBinding.pump (package:flutter_test/src/binding.dart:1324:27)
#137    WidgetTester.pumpWidget.<anonymous closure> (package:flutter_test/src/widget_tester.dart:598:22)
#140    TestAsyncUtils.guard (package:flutter_test/src/test_async_utils.dart:74:41)
#141    WidgetTester.pumpWidget (package:flutter_test/src/widget_tester.dart:595:27)
#142    main.<anonymous closure> (file:///D:/Mystery/programming/projects/PYTHON_PROJECTS/focus/focus_gg/focus_flutter/test/widget_test.dart:19:18)
#143    testWidgets.<anonymous closure>.<anonymous closure> (package:flutter_test/src/widget_tester.dart:192:29)
<asynchronous suspension>
#144    TestWidgetsFlutterBinding._runTestBody (package:flutter_test/src/binding.dart:1059:5)
<asynchronous suspension>
<asynchronous suspension>
(elided 7 frames from class _AssertionError, dart:async, and package:stack_trace)

The following RenderObject was being processed when the exception was fired: RenderPadding#05935 relayoutBoundary=up10 NEEDS-LAYOUT NEEDS-PAINT NEEDS-COMPOSITING-BITS-UPDATE:
  creator: Padding ΓåÉ _SingleChildViewport ΓåÉ IgnorePointer-[GlobalKey#2ac55] ΓåÉ Semantics ΓåÉ Listener ΓåÉ
    _GestureSemantics ΓåÉ RawGestureDetector-[LabeledGlobalKey<RawGestureDetectorState>#b16d0] ΓåÉ
    Listener ΓåÉ _ScrollableScope ΓåÉ _ScrollSemantics-[GlobalKey#1fa52] ΓåÉ
    NotificationListener<ScrollMetricsNotification> ΓåÉ Transform ΓåÉ Γï»
  parentData: <none> (can use size)
  constraints: BoxConstraints(0.0<=w<=800.0, 0.0<=h<=Infinity)
  size: MISSING
  padding: EdgeInsets(0.0, 0.0, 0.0, 96.0)
  textDirection: ltr
This RenderObject had the following descendants (showing up to depth 5):
    child: RenderPositionedBox#201c0 relayoutBoundary=up11 NEEDS-PAINT NEEDS-COMPOSITING-BITS-UPDATE
      child: RenderConstrainedBox#89b07 relayoutBoundary=up12 NEEDS-PAINT NEEDS-COMPOSITING-BITS-UPDATE
        child: RenderPadding#91361 relayoutBoundary=up13 NEEDS-PAINT NEEDS-COMPOSITING-BITS-UPDATE
          child: RenderFlex#141d3 relayoutBoundary=up14 NEEDS-PAINT NEEDS-COMPOSITING-BITS-UPDATE
            child 1: RenderFractionalTranslation#3e3c5 relayoutBoundary=up15 NEEDS-PAINT NEEDS-COMPOSITING-BITS-UPDATE
            child 2: RenderConstrainedBox#86da0 NEEDS-LAYOUT NEEDS-PAINT
            child 3: RenderAnimatedOpacity#c08d6 NEEDS-LAYOUT NEEDS-PAINT NEEDS-COMPOSITING-BITS-UPDATE
            child 4: RenderConstrainedBox#a5c3d NEEDS-LAYOUT NEEDS-PAINT
            child 5: RenderFractionalTranslation#28703 NEEDS-LAYOUT NEEDS-PAINT NEEDS-COMPOSITING-BITS-UPDATE
            child 6: RenderConstrainedBox#0380c NEEDS-LAYOUT NEEDS-PAINT
            child 7: RenderAnimatedOpacity#0f73f NEEDS-LAYOUT NEEDS-PAINT NEEDS-COMPOSITING-BITS-UPDATE
            child 8: RenderConstrainedBox#d560d NEEDS-LAYOUT NEEDS-PAINT
            child 9: RenderAnimatedOpacity#0f4f6 NEEDS-LAYOUT NEEDS-PAINT NEEDS-COMPOSITING-BITS-UPDATE
            child 10: RenderConstrainedBox#fe898 NEEDS-LAYOUT NEEDS-PAINT
            child 11: RenderAnimatedOpacity#bfbeb NEEDS-LAYOUT NEEDS-PAINT NEEDS-COMPOSITING-BITS-UPDATE
            child 12: RenderConstrainedBox#708d6 NEEDS-LAYOUT NEEDS-PAINT
            child 13: RenderAnimatedOpacity#3dcdb NEEDS-LAYOUT NEEDS-PAINT NEEDS-COMPOSITING-BITS-UPDATE
ΓòÉΓòÉΓòÉΓòÉΓòÉΓòÉΓòÉΓòÉΓòÉΓòÉΓòÉΓòÉΓòÉΓòÉΓòÉΓòÉΓòÉΓòÉΓòÉΓòÉΓòÉΓòÉΓòÉΓòÉΓòÉΓòÉΓòÉΓòÉΓòÉΓòÉΓòÉΓòÉΓòÉΓòÉΓòÉΓòÉΓòÉΓòÉΓòÉΓòÉΓòÉΓòÉΓòÉΓòÉΓòÉΓòÉΓòÉΓòÉΓòÉΓòÉΓòÉΓòÉΓòÉΓòÉΓòÉΓòÉΓòÉΓòÉΓòÉΓòÉΓòÉΓòÉΓòÉΓòÉΓòÉΓòÉΓòÉΓòÉΓòÉΓòÉΓòÉΓòÉΓòÉΓòÉΓòÉΓòÉΓòÉΓòÉΓòÉΓòÉΓòÉΓòÉΓòÉΓòÉΓòÉΓòÉΓòÉΓòÉΓòÉΓòÉΓòÉΓòÉΓòÉΓòÉΓòÉΓòÉΓòÉΓòÉΓòÉΓòÉ
ΓòÉΓòÉΓòí EXCEPTION CAUGHT BY RENDERING LIBRARY Γò₧ΓòÉΓòÉΓòÉΓòÉΓòÉΓòÉΓòÉΓòÉΓòÉΓòÉΓòÉΓòÉΓòÉΓòÉΓòÉΓòÉΓòÉΓòÉΓòÉΓòÉΓòÉΓòÉΓòÉΓòÉΓòÉΓòÉΓòÉΓòÉΓòÉΓòÉΓòÉΓòÉΓòÉΓòÉΓòÉΓòÉΓòÉΓòÉΓòÉΓòÉΓòÉΓòÉΓòÉΓòÉΓòÉΓòÉΓòÉΓòÉΓòÉΓòÉΓòÉΓòÉΓòÉΓòÉΓòÉΓòÉΓòÉ
The following assertion was thrown during performLayout():
RenderBox was not laid out: RenderPadding#05935 relayoutBoundary=up10 NEEDS-PAINT
NEEDS-COMPOSITING-BITS-UPDATE
'package:flutter/src/rendering/box.dart':
Failed assertion: line 2251 pos 12: 'hasSize'

Either the assertion indicates an error in the framework itself, or we should provide substantially
more information in this error message to help you determine and fix the underlying cause.
In either case, please report this assertion by filing a bug on GitHub:
  https://github.com/flutter/flutter/issues/new?template=02_bug.yml

The relevant error-causing widget was:
  SingleChildScrollView
  SingleChildScrollView:file:///D:/Mystery/programming/projects/PYTHON_PROJECTS/focus/focus_gg/focus_flutter/lib/features/dashboard/dashboard_screen.dart:132:13

When the exception was thrown, this was the stack:
#2      RenderBox.size (package:flutter/src/rendering/box.dart:2251:12)
#3      _RenderSingleChildViewport.performLayout (package:flutter/src/widgets/single_child_scroll_view.dart:503:43)
#4      RenderObject.layout (package:flutter/src/rendering/object.dart:2775:7)
#5      RenderProxyBoxMixin.performLayout (package:flutter/src/rendering/proxy_box.dart:115:18)
#6      RenderObject.layout (package:flutter/src/rendering/object.dart:2775:7)
#7      RenderProxyBoxMixin.performLayout (package:flutter/src/rendering/proxy_box.dart:115:18)
#8      RenderObject.layout (package:flutter/src/rendering/object.dart:2775:7)
#9      RenderProxyBoxMixin.performLayout (package:flutter/src/rendering/proxy_box.dart:115:18)
#10     RenderObject.layout (package:flutter/src/rendering/object.dart:2775:7)
#11     RenderProxyBoxMixin.performLayout (package:flutter/src/rendering/proxy_box.dart:115:18)
#12     RenderObject.layout (package:flutter/src/rendering/object.dart:2775:7)
#13     RenderProxyBoxMixin.performLayout (package:flutter/src/rendering/proxy_box.dart:115:18)
#14     RenderObject.layout (package:flutter/src/rendering/object.dart:2775:7)
#15     RenderProxyBoxMixin.performLayout (package:flutter/src/rendering/proxy_box.dart:115:18)
#16     RenderObject.layout (package:flutter/src/rendering/object.dart:2775:7)
#17     RenderProxyBoxMixin.performLayout (package:flutter/src/rendering/proxy_box.dart:115:18)
#18     RenderObject.layout (package:flutter/src/rendering/object.dart:2775:7)
#19     RenderProxyBoxMixin.performLayout (package:flutter/src/rendering/proxy_box.dart:115:18)
#20     _RenderCustomClip.performLayout (package:flutter/src/rendering/proxy_box.dart:1481:11)
#21     RenderObject.layout (package:flutter/src/rendering/object.dart:2775:7)
#22     MultiChildLayoutDelegate.layoutChild (package:flutter/src/rendering/custom_layout.dart:180:12)
#23     _ScaffoldLayout.performLayout (package:flutter/src/material/scaffold.dart:1112:7)
#24     MultiChildLayoutDelegate._callPerformLayout (package:flutter/src/rendering/custom_layout.dart:249:7)
#25     RenderCustomMultiChildLayoutBox.performLayout (package:flutter/src/rendering/custom_layout.dart:420:14)
#26     RenderObject.layout (package:flutter/src/rendering/object.dart:2775:7)
#27     RenderProxyBoxMixin.performLayout (package:flutter/src/rendering/proxy_box.dart:115:18)
#28     RenderObject.layout (package:flutter/src/rendering/object.dart:2775:7)
#29     RenderProxyBoxMixin.performLayout (package:flutter/src/rendering/proxy_box.dart:115:18)
#30     _RenderCustomClip.performLayout (package:flutter/src/rendering/proxy_box.dart:1481:11)
#31     RenderObject.layout (package:flutter/src/rendering/object.dart:2775:7)
#32     RenderProxyBoxMixin.performLayout (package:flutter/src/rendering/proxy_box.dart:115:18)
#33     RenderObject.layout (package:flutter/src/rendering/object.dart:2775:7)
#34     RenderProxyBoxMixin.performLayout (package:flutter/src/rendering/proxy_box.dart:115:18)
#35     RenderObject.layout (package:flutter/src/rendering/object.dart:2775:7)
#36     RenderProxyBoxMixin.performLayout (package:flutter/src/rendering/proxy_box.dart:115:18)
#37     RenderObject.layout (package:flutter/src/rendering/object.dart:2775:7)
#38     RenderProxyBoxMixin.performLayout (package:flutter/src/rendering/proxy_box.dart:115:18)
#39     RenderObject.layout (package:flutter/src/rendering/object.dart:2775:7)
#40     RenderProxyBoxMixin.performLayout (package:flutter/src/rendering/proxy_box.dart:115:18)
#41     RenderObject.layout (package:flutter/src/rendering/object.dart:2775:7)
#42     RenderProxyBoxMixin.performLayout (package:flutter/src/rendering/proxy_box.dart:115:18)
#43     RenderOffstage.performLayout (package:flutter/src/rendering/proxy_box.dart:3848:13)
#44     RenderObject.layout (package:flutter/src/rendering/object.dart:2775:7)
#45     RenderProxyBoxMixin.performLayout (package:flutter/src/rendering/proxy_box.dart:115:18)
#46     RenderObject.layout (package:flutter/src/rendering/object.dart:2775:7)
#47     _RenderTheaterMixin.layoutChild (package:flutter/src/widgets/overlay.dart:1084:13)
#48     _RenderTheater.performLayout (package:flutter/src/widgets/overlay.dart:1429:9)
#49     RenderObject.layout (package:flutter/src/rendering/object.dart:2775:7)
#50     RenderProxyBoxMixin.performLayout (package:flutter/src/rendering/proxy_box.dart:115:18)
#51     RenderObject.layout (package:flutter/src/rendering/object.dart:2775:7)
#52     RenderProxyBoxMixin.performLayout (package:flutter/src/rendering/proxy_box.dart:115:18)
#53     RenderObject.layout (package:flutter/src/rendering/object.dart:2775:7)
#54     MultiChildLayoutDelegate.layoutChild (package:flutter/src/rendering/custom_layout.dart:180:12)
#55     _ScaffoldLayout.performLayout (package:flutter/src/material/scaffold.dart:1112:7)
#56     MultiChildLayoutDelegate._callPerformLayout (package:flutter/src/rendering/custom_layout.dart:249:7)
#57     RenderCustomMultiChildLayoutBox.performLayout (package:flutter/src/rendering/custom_layout.dart:420:14)
#58     RenderObject.layout (package:flutter/src/rendering/object.dart:2775:7)
#59     RenderProxyBoxMixin.performLayout (package:flutter/src/rendering/proxy_box.dart:115:18)
#60     RenderObject.layout (package:flutter/src/rendering/object.dart:2775:7)
#61     RenderProxyBoxMixin.performLayout (package:flutter/src/rendering/proxy_box.dart:115:18)
#62     _RenderCustomClip.performLayout (package:flutter/src/rendering/proxy_box.dart:1481:11)
#63     RenderObject.layout (package:flutter/src/rendering/object.dart:2775:7)
#64     RenderProxyBoxMixin.performLayout (package:flutter/src/rendering/proxy_box.dart:115:18)
#65     RenderObject.layout (package:flutter/src/rendering/object.dart:2775:7)
#66     RenderProxyBoxMixin.performLayout (package:flutter/src/rendering/proxy_box.dart:115:18)
#67     RenderObject.layout (package:flutter/src/rendering/object.dart:2775:7)
#68     RenderProxyBoxMixin.performLayout (package:flutter/src/rendering/proxy_box.dart:115:18)
#69     RenderObject.layout (package:flutter/src/rendering/object.dart:2775:7)
#70     RenderProxyBoxMixin.performLayout (package:flutter/src/rendering/proxy_box.dart:115:18)
#71     RenderObject.layout (package:flutter/src/rendering/object.dart:2775:7)
#72     RenderProxyBoxMixin.performLayout (package:flutter/src/rendering/proxy_box.dart:115:18)
#73     RenderObject.layout (package:flutter/src/rendering/object.dart:2775:7)
#74     RenderProxyBoxMixin.performLayout (package:flutter/src/rendering/proxy_box.dart:115:18)
#75     RenderObject.layout (package:flutter/src/rendering/object.dart:2775:7)
#76     RenderProxyBoxMixin.performLayout (package:flutter/src/rendering/proxy_box.dart:115:18)
#77     RenderObject.layout (package:flutter/src/rendering/object.dart:2775:7)
#78     RenderProxyBoxMixin.performLayout (package:flutter/src/rendering/proxy_box.dart:115:18)
#79     RenderObject.layout (package:flutter/src/rendering/object.dart:2775:7)
#80     RenderProxyBoxMixin.performLayout (package:flutter/src/rendering/proxy_box.dart:115:18)
#81     RenderObject.layout (package:flutter/src/rendering/object.dart:2775:7)
#82     RenderProxyBoxMixin.performLayout (package:flutter/src/rendering/proxy_box.dart:115:18)
#83     RenderObject.layout (package:flutter/src/rendering/object.dart:2775:7)
#84     RenderProxyBoxMixin.performLayout (package:flutter/src/rendering/proxy_box.dart:115:18)
#85     RenderObject.layout (package:flutter/src/rendering/object.dart:2775:7)
#86     RenderProxyBoxMixin.performLayout (package:flutter/src/rendering/proxy_box.dart:115:18)
#87     RenderObject.layout (package:flutter/src/rendering/object.dart:2775:7)
#88     RenderProxyBoxMixin.performLayout (package:flutter/src/rendering/proxy_box.dart:115:18)
#89     RenderObject.layout (package:flutter/src/rendering/object.dart:2775:7)
#90     RenderProxyBoxMixin.performLayout (package:flutter/src/rendering/proxy_box.dart:115:18)
#91     RenderObject.layout (package:flutter/src/rendering/object.dart:2775:7)
#92     RenderProxyBoxMixin.performLayout (package:flutter/src/rendering/proxy_box.dart:115:18)
#93     RenderObject.layout (package:flutter/src/rendering/object.dart:2775:7)
#94     RenderProxyBoxMixin.performLayout (package:flutter/src/rendering/proxy_box.dart:115:18)
#95     RenderOffstage.performLayout (package:flutter/src/rendering/proxy_box.dart:3848:13)
#96     RenderObject.layout (package:flutter/src/rendering/object.dart:2775:7)
#97     RenderProxyBoxMixin.performLayout (package:flutter/src/rendering/proxy_box.dart:115:18)
#98     RenderObject.layout (package:flutter/src/rendering/object.dart:2775:7)
#99     _RenderTheaterMixin.layoutChild (package:flutter/src/widgets/overlay.dart:1084:13)
#100    _RenderTheater.performLayout (package:flutter/src/widgets/overlay.dart:1429:9)
#101    RenderObject.layout (package:flutter/src/rendering/object.dart:2775:7)
#102    RenderProxyBoxMixin.performLayout (package:flutter/src/rendering/proxy_box.dart:115:18)
#103    RenderObject.layout (package:flutter/src/rendering/object.dart:2775:7)
#104    RenderProxyBoxMixin.performLayout (package:flutter/src/rendering/proxy_box.dart:115:18)
#105    RenderObject.layout (package:flutter/src/rendering/object.dart:2775:7)
#106    ChildLayoutHelper.layoutChild (package:flutter/src/rendering/layout_helper.dart:62:11)
#107    RenderStack._computeSize (package:flutter/src/rendering/stack.dart:645:43)
#108    RenderStack.performLayout (package:flutter/src/rendering/stack.dart:680:12)
#109    RenderObject.layout (package:flutter/src/rendering/object.dart:2775:7)
#110    RenderProxyBoxMixin.performLayout (package:flutter/src/rendering/proxy_box.dart:115:18)
#111    RenderObject.layout (package:flutter/src/rendering/object.dart:2775:7)
#112    RenderProxyBoxMixin.performLayout (package:flutter/src/rendering/proxy_box.dart:115:18)
#113    RenderObject.layout (package:flutter/src/rendering/object.dart:2775:7)
#114    RenderProxyBoxMixin.performLayout (package:flutter/src/rendering/proxy_box.dart:115:18)
#115    RenderObject.layout (package:flutter/src/rendering/object.dart:2775:7)
#116    RenderProxyBoxMixin.performLayout (package:flutter/src/rendering/proxy_box.dart:115:18)
#117    RenderObject.layout (package:flutter/src/rendering/object.dart:2775:7)
#118    RenderProxyBoxMixin.performLayout (package:flutter/src/rendering/proxy_box.dart:115:18)
#119    RenderObject.layout (package:flutter/src/rendering/object.dart:2775:7)
#120    RenderProxyBoxMixin.performLayout (package:flutter/src/rendering/proxy_box.dart:115:18)
#121    RenderObject.layout (package:flutter/src/rendering/object.dart:2775:7)
#122    RenderView.performLayout (package:flutter/src/rendering/view.dart:294:12)
#123    RenderObject._layoutWithoutResize (package:flutter/src/rendering/object.dart:2623:7)
#124    PipelineOwner.flushLayout (package:flutter/src/rendering/object.dart:1170:18)
#125    PipelineOwner.flushLayout (package:flutter/src/rendering/object.dart:1183:15)
#126    AutomatedTestWidgetsFlutterBinding.drawFrame (package:flutter_test/src/binding.dart:1508:27)
#127    RendererBinding._handlePersistentFrameCallback (package:flutter/src/rendering/binding.dart:495:5)
#128    SchedulerBinding._invokeFrameCallback (package:flutter/src/scheduler/binding.dart:1434:15)
#129    SchedulerBinding.handleDrawFrame (package:flutter/src/scheduler/binding.dart:1347:9)
#130    AutomatedTestWidgetsFlutterBinding.pump.<anonymous closure> (package:flutter_test/src/binding.dart:1335:9)
#133    TestAsyncUtils.guard (package:flutter_test/src/test_async_utils.dart:74:41)
#134    AutomatedTestWidgetsFlutterBinding.pump (package:flutter_test/src/binding.dart:1324:27)
#135    WidgetTester.pumpWidget.<anonymous closure> (package:flutter_test/src/widget_tester.dart:598:22)
#138    TestAsyncUtils.guard (package:flutter_test/src/test_async_utils.dart:74:41)
#139    WidgetTester.pumpWidget (package:flutter_test/src/widget_tester.dart:595:27)
#140    main.<anonymous closure> (file:///D:/Mystery/programming/projects/PYTHON_PROJECTS/focus/focus_gg/focus_flutter/test/widget_test.dart:19:18)
#141    testWidgets.<anonymous closure>.<anonymous closure> (package:flutter_test/src/widget_tester.dart:192:29)
<asynchronous suspension>
#142    TestWidgetsFlutterBinding._runTestBody (package:flutter_test/src/binding.dart:1059:5)
<asynchronous suspension>
<asynchronous suspension>
(elided 7 frames from class _AssertionError, dart:async, and package:stack_trace)

The following RenderObject was being processed when the exception was fired: _RenderSingleChildViewport#06cd3 relayoutBoundary=up9 NEEDS-LAYOUT NEEDS-PAINT NEEDS-COMPOSITING-BITS-UPDATE:
  needs compositing
  creator: _SingleChildViewport ΓåÉ IgnorePointer-[GlobalKey#2ac55] ΓåÉ Semantics ΓåÉ Listener ΓåÉ
    _GestureSemantics ΓåÉ RawGestureDetector-[LabeledGlobalKey<RawGestureDetectorState>#b16d0] ΓåÉ
    Listener ΓåÉ _ScrollableScope ΓåÉ _ScrollSemantics-[GlobalKey#1fa52] ΓåÉ
    NotificationListener<ScrollMetricsNotification> ΓåÉ Transform ΓåÉ StretchEffect ΓåÉ Γï»
  parentData: <none> (can use size)
  constraints: BoxConstraints(0.0<=w<=800.0, 0.0<=h<=534.0)
  size: MISSING
  offset: Offset(0.0, -0.0)
This RenderObject had the following descendants (showing up to depth 5):
    child: RenderPadding#05935 relayoutBoundary=up10 NEEDS-PAINT NEEDS-COMPOSITING-BITS-UPDATE
      child: RenderPositionedBox#201c0 relayoutBoundary=up11 NEEDS-PAINT NEEDS-COMPOSITING-BITS-UPDATE
        child: RenderConstrainedBox#89b07 relayoutBoundary=up12 NEEDS-PAINT NEEDS-COMPOSITING-BITS-UPDATE
          child: RenderPadding#91361 relayoutBoundary=up13 NEEDS-PAINT NEEDS-COMPOSITING-BITS-UPDATE
            child: RenderFlex#141d3 relayoutBoundary=up14 NEEDS-PAINT NEEDS-COMPOSITING-BITS-UPDATE
ΓòÉΓòÉΓòÉΓòÉΓòÉΓòÉΓòÉΓòÉΓòÉΓòÉΓòÉΓòÉΓòÉΓòÉΓòÉΓòÉΓòÉΓòÉΓòÉΓòÉΓòÉΓòÉΓòÉΓòÉΓòÉΓòÉΓòÉΓòÉΓòÉΓòÉΓòÉΓòÉΓòÉΓòÉΓòÉΓòÉΓòÉΓòÉΓòÉΓòÉΓòÉΓòÉΓòÉΓòÉΓòÉΓòÉΓòÉΓòÉΓòÉΓòÉΓòÉΓòÉΓòÉΓòÉΓòÉΓòÉΓòÉΓòÉΓòÉΓòÉΓòÉΓòÉΓòÉΓòÉΓòÉΓòÉΓòÉΓòÉΓòÉΓòÉΓòÉΓòÉΓòÉΓòÉΓòÉΓòÉΓòÉΓòÉΓòÉΓòÉΓòÉΓòÉΓòÉΓòÉΓòÉΓòÉΓòÉΓòÉΓòÉΓòÉΓòÉΓòÉΓòÉΓòÉΓòÉΓòÉΓòÉΓòÉΓòÉΓòÉ
ΓòÉΓòÉΓòí EXCEPTION CAUGHT BY RENDERING LIBRARY Γò₧ΓòÉΓòÉΓòÉΓòÉΓòÉΓòÉΓòÉΓòÉΓòÉΓòÉΓòÉΓòÉΓòÉΓòÉΓòÉΓòÉΓòÉΓòÉΓòÉΓòÉΓòÉΓòÉΓòÉΓòÉΓòÉΓòÉΓòÉΓòÉΓòÉΓòÉΓòÉΓòÉΓòÉΓòÉΓòÉΓòÉΓòÉΓòÉΓòÉΓòÉΓòÉΓòÉΓòÉΓòÉΓòÉΓòÉΓòÉΓòÉΓòÉΓòÉΓòÉΓòÉΓòÉΓòÉΓòÉΓòÉΓòÉ
The following assertion was thrown during performLayout():
RenderBox was not laid out: _RenderSingleChildViewport#06cd3 relayoutBoundary=up9 NEEDS-PAINT
NEEDS-COMPOSITING-BITS-UPDATE
'package:flutter/src/rendering/box.dart':
Failed assertion: line 2251 pos 12: 'hasSize'

Either the assertion indicates an error in the framework itself, or we should provide substantially
more information in this error message to help you determine and fix the underlying cause.
In either case, please report this assertion by filing a bug on GitHub:
  https://github.com/flutter/flutter/issues/new?template=02_bug.yml

The relevant error-causing widget was:
  SingleChildScrollView
  SingleChildScrollView:file:///D:/Mystery/programming/projects/PYTHON_PROJECTS/focus/focus_gg/focus_flutter/lib/features/dashboard/dashboard_screen.dart:132:13

When the exception was thrown, this was the stack:
#2      RenderBox.size (package:flutter/src/rendering/box.dart:2251:12)
#3      RenderProxyBoxMixin.performLayout (package:flutter/src/rendering/proxy_box.dart:115:62)
#4      RenderObject.layout (package:flutter/src/rendering/object.dart:2775:7)
#5      RenderProxyBoxMixin.performLayout (package:flutter/src/rendering/proxy_box.dart:115:18)
#6      RenderObject.layout (package:flutter/src/rendering/object.dart:2775:7)
#7      RenderProxyBoxMixin.performLayout (package:flutter/src/rendering/proxy_box.dart:115:18)
#8      RenderObject.layout (package:flutter/src/rendering/object.dart:2775:7)
#9      RenderProxyBoxMixin.performLayout (package:flutter/src/rendering/proxy_box.dart:115:18)
#10     RenderObject.layout (package:flutter/src/rendering/object.dart:2775:7)
#11     RenderProxyBoxMixin.performLayout (package:flutter/src/rendering/proxy_box.dart:115:18)
#12     RenderObject.layout (package:flutter/src/rendering/object.dart:2775:7)
#13     RenderProxyBoxMixin.performLayout (package:flutter/src/rendering/proxy_box.dart:115:18)
#14     RenderObject.layout (package:flutter/src/rendering/object.dart:2775:7)
#15     RenderProxyBoxMixin.performLayout (package:flutter/src/rendering/proxy_box.dart:115:18)
#16     RenderObject.layout (package:flutter/src/rendering/object.dart:2775:7)
#17     RenderProxyBoxMixin.performLayout (package:flutter/src/rendering/proxy_box.dart:115:18)
#18     _RenderCustomClip.performLayout (package:flutter/src/rendering/proxy_box.dart:1481:11)
#19     RenderObject.layout (package:flutter/src/rendering/object.dart:2775:7)
#20     MultiChildLayoutDelegate.layoutChild (package:flutter/src/rendering/custom_layout.dart:180:12)
#21     _ScaffoldLayout.performLayout (package:flutter/src/material/scaffold.dart:1112:7)
#22     MultiChildLayoutDelegate._callPerformLayout (package:flutter/src/rendering/custom_layout.dart:249:7)
#23     RenderCustomMultiChildLayoutBox.performLayout (package:flutter/src/rendering/custom_layout.dart:420:14)
#24     RenderObject.layout (package:flutter/src/rendering/object.dart:2775:7)
#25     RenderProxyBoxMixin.performLayout (package:flutter/src/rendering/proxy_box.dart:115:18)
#26     RenderObject.layout (package:flutter/src/rendering/object.dart:2775:7)
#27     RenderProxyBoxMixin.performLayout (package:flutter/src/rendering/proxy_box.dart:115:18)
#28     _RenderCustomClip.performLayout (package:flutter/src/rendering/proxy_box.dart:1481:11)
#29     RenderObject.layout (package:flutter/src/rendering/object.dart:2775:7)
#30     RenderProxyBoxMixin.performLayout (package:flutter/src/rendering/proxy_box.dart:115:18)
#31     RenderObject.layout (package:flutter/src/rendering/object.dart:2775:7)
#32     RenderProxyBoxMixin.performLayout (package:flutter/src/rendering/proxy_box.dart:115:18)
#33     RenderObject.layout (package:flutter/src/rendering/object.dart:2775:7)
#34     RenderProxyBoxMixin.performLayout (package:flutter/src/rendering/proxy_box.dart:115:18)
#35     RenderObject.layout (package:flutter/src/rendering/object.dart:2775:7)
#36     RenderProxyBoxMixin.performLayout (package:flutter/src/rendering/proxy_box.dart:115:18)
#37     RenderObject.layout (package:flutter/src/rendering/object.dart:2775:7)
#38     RenderProxyBoxMixin.performLayout (package:flutter/src/rendering/proxy_box.dart:115:18)
#39     RenderObject.layout (package:flutter/src/rendering/object.dart:2775:7)
#40     RenderProxyBoxMixin.performLayout (package:flutter/src/rendering/proxy_box.dart:115:18)
#41     RenderOffstage.performLayout (package:flutter/src/rendering/proxy_box.dart:3848:13)
#42     RenderObject.layout (package:flutter/src/rendering/object.dart:2775:7)
#43     RenderProxyBoxMixin.performLayout (package:flutter/src/rendering/proxy_box.dart:115:18)
#44     RenderObject.layout (package:flutter/src/rendering/object.dart:2775:7)
#45     _RenderTheaterMixin.layoutChild (package:flutter/src/widgets/overlay.dart:1084:13)
#46     _RenderTheater.performLayout (package:flutter/src/widgets/overlay.dart:1429:9)
#47     RenderObject.layout (package:flutter/src/rendering/object.dart:2775:7)
#48     RenderProxyBoxMixin.performLayout (package:flutter/src/rendering/proxy_box.dart:115:18)
#49     RenderObject.layout (package:flutter/src/rendering/object.dart:2775:7)
#50     RenderProxyBoxMixin.performLayout (package:flutter/src/rendering/proxy_box.dart:115:18)
#51     RenderObject.layout (package:flutter/src/rendering/object.dart:2775:7)
#52     MultiChildLayoutDelegate.layoutChild (package:flutter/src/rendering/custom_layout.dart:180:12)
#53     _ScaffoldLayout.performLayout (package:flutter/src/material/scaffold.dart:1112:7)
#54     MultiChildLayoutDelegate._callPerformLayout (package:flutter/src/rendering/custom_layout.dart:249:7)
#55     RenderCustomMultiChildLayoutBox.performLayout (package:flutter/src/rendering/custom_layout.dart:420:14)
#56     RenderObject.layout (package:flutter/src/rendering/object.dart:2775:7)
#57     RenderProxyBoxMixin.performLayout (package:flutter/src/rendering/proxy_box.dart:115:18)
#58     RenderObject.layout (package:flutter/src/rendering/object.dart:2775:7)
#59     RenderProxyBoxMixin.performLayout (package:flutter/src/rendering/proxy_box.dart:115:18)
#60     _RenderCustomClip.performLayout (package:flutter/src/rendering/proxy_box.dart:1481:11)
#61     RenderObject.layout (package:flutter/src/rendering/object.dart:2775:7)
#62     RenderProxyBoxMixin.performLayout (package:flutter/src/rendering/proxy_box.dart:115:18)
#63     RenderObject.layout (package:flutter/src/rendering/object.dart:2775:7)
#64     RenderProxyBoxMixin.performLayout (package:flutter/src/rendering/proxy_box.dart:115:18)
#65     RenderObject.layout (package:flutter/src/rendering/object.dart:2775:7)
#66     RenderProxyBoxMixin.performLayout (package:flutter/src/rendering/proxy_box.dart:115:18)
#67     RenderObject.layout (package:flutter/src/rendering/object.dart:2775:7)
#68     RenderProxyBoxMixin.performLayout (package:flutter/src/rendering/proxy_box.dart:115:18)
#69     RenderObject.layout (package:flutter/src/rendering/object.dart:2775:7)
#70     RenderProxyBoxMixin.performLayout (package:flutter/src/rendering/proxy_box.dart:115:18)
#71     RenderObject.layout (package:flutter/src/rendering/object.dart:2775:7)
#72     RenderProxyBoxMixin.performLayout (package:flutter/src/rendering/proxy_box.dart:115:18)
#73     RenderObject.layout (package:flutter/src/rendering/object.dart:2775:7)
#74     RenderProxyBoxMixin.performLayout (package:flutter/src/rendering/proxy_box.dart:115:18)
#75     RenderObject.layout (package:flutter/src/rendering/object.dart:2775:7)
#76     RenderProxyBoxMixin.performLayout (package:flutter/src/rendering/proxy_box.dart:115:18)
#77     RenderObject.layout (package:flutter/src/rendering/object.dart:2775:7)
#78     RenderProxyBoxMixin.performLayout (package:flutter/src/rendering/proxy_box.dart:115:18)
#79     RenderObject.layout (package:flutter/src/rendering/object.dart:2775:7)
#80     RenderProxyBoxMixin.performLayout (package:flutter/src/rendering/proxy_box.dart:115:18)
#81     RenderObject.layout (package:flutter/src/rendering/object.dart:2775:7)
#82     RenderProxyBoxMixin.performLayout (package:flutter/src/rendering/proxy_box.dart:115:18)
#83     RenderObject.layout (package:flutter/src/rendering/object.dart:2775:7)
#84     RenderProxyBoxMixin.performLayout (package:flutter/src/rendering/proxy_box.dart:115:18)
#85     RenderObject.layout (package:flutter/src/rendering/object.dart:2775:7)
#86     RenderProxyBoxMixin.performLayout (package:flutter/src/rendering/proxy_box.dart:115:18)
#87     RenderObject.layout (package:flutter/src/rendering/object.dart:2775:7)
#88     RenderProxyBoxMixin.performLayout (package:flutter/src/rendering/proxy_box.dart:115:18)
#89     RenderObject.layout (package:flutter/src/rendering/object.dart:2775:7)
#90     RenderProxyBoxMixin.performLayout (package:flutter/src/rendering/proxy_box.dart:115:18)
#91     RenderObject.layout (package:flutter/src/rendering/object.dart:2775:7)
#92     RenderProxyBoxMixin.performLayout (package:flutter/src/rendering/proxy_box.dart:115:18)
#93     RenderOffstage.performLayout (package:flutter/src/rendering/proxy_box.dart:3848:13)
#94     RenderObject.layout (package:flutter/src/rendering/object.dart:2775:7)
#95     RenderProxyBoxMixin.performLayout (package:flutter/src/rendering/proxy_box.dart:115:18)
#96     RenderObject.layout (package:flutter/src/rendering/object.dart:2775:7)
#97     _RenderTheaterMixin.layoutChild (package:flutter/src/widgets/overlay.dart:1084:13)
#98     _RenderTheater.performLayout (package:flutter/src/widgets/overlay.dart:1429:9)
#99     RenderObject.layout (package:flutter/src/rendering/object.dart:2775:7)
#100    RenderProxyBoxMixin.performLayout (package:flutter/src/rendering/proxy_box.dart:115:18)
#101    RenderObject.layout (package:flutter/src/rendering/object.dart:2775:7)
#102    RenderProxyBoxMixin.performLayout (package:flutter/src/rendering/proxy_box.dart:115:18)
#103    RenderObject.layout (package:flutter/src/rendering/object.dart:2775:7)
#104    ChildLayoutHelper.layoutChild (package:flutter/src/rendering/layout_helper.dart:62:11)
#105    RenderStack._computeSize (package:flutter/src/rendering/stack.dart:645:43)
#106    RenderStack.performLayout (package:flutter/src/rendering/stack.dart:680:12)
#107    RenderObject.layout (package:flutter/src/rendering/object.dart:2775:7)
#108    RenderProxyBoxMixin.performLayout (package:flutter/src/rendering/proxy_box.dart:115:18)
#109    RenderObject.layout (package:flutter/src/rendering/object.dart:2775:7)
#110    RenderProxyBoxMixin.performLayout (package:flutter/src/rendering/proxy_box.dart:115:18)
#111    RenderObject.layout (package:flutter/src/rendering/object.dart:2775:7)
#112    RenderProxyBoxMixin.performLayout (package:flutter/src/rendering/proxy_box.dart:115:18)
#113    RenderObject.layout (package:flutter/src/rendering/object.dart:2775:7)
#114    RenderProxyBoxMixin.performLayout (package:flutter/src/rendering/proxy_box.dart:115:18)
#115    RenderObject.layout (package:flutter/src/rendering/object.dart:2775:7)
#116    RenderProxyBoxMixin.performLayout (package:flutter/src/rendering/proxy_box.dart:115:18)
#117    RenderObject.layout (package:flutter/src/rendering/object.dart:2775:7)
#118    RenderProxyBoxMixin.performLayout (package:flutter/src/rendering/proxy_box.dart:115:18)
#119    RenderObject.layout (package:flutter/src/rendering/object.dart:2775:7)
#120    RenderView.performLayout (package:flutter/src/rendering/view.dart:294:12)
#121    RenderObject._layoutWithoutResize (package:flutter/src/rendering/object.dart:2623:7)
#122    PipelineOwner.flushLayout (package:flutter/src/rendering/object.dart:1170:18)
#123    PipelineOwner.flushLayout (package:flutter/src/rendering/object.dart:1183:15)
#124    AutomatedTestWidgetsFlutterBinding.drawFrame (package:flutter_test/src/binding.dart:1508:27)
#125    RendererBinding._handlePersistentFrameCallback (package:flutter/src/rendering/binding.dart:495:5)
#126    SchedulerBinding._invokeFrameCallback (package:flutter/src/scheduler/binding.dart:1434:15)
#127    SchedulerBinding.handleDrawFrame (package:flutter/src/scheduler/binding.dart:1347:9)
#128    AutomatedTestWidgetsFlutterBinding.pump.<anonymous closure> (package:flutter_test/src/binding.dart:1335:9)
#131    TestAsyncUtils.guard (package:flutter_test/src/test_async_utils.dart:74:41)
#132    AutomatedTestWidgetsFlutterBinding.pump (package:flutter_test/src/binding.dart:1324:27)
#133    WidgetTester.pumpWidget.<anonymous closure> (package:flutter_test/src/widget_tester.dart:598:22)
#136    TestAsyncUtils.guard (package:flutter_test/src/test_async_utils.dart:74:41)
#137    WidgetTester.pumpWidget (package:flutter_test/src/widget_tester.dart:595:27)
#138    main.<anonymous closure> (file:///D:/Mystery/programming/projects/PYTHON_PROJECTS/focus/focus_gg/focus_flutter/test/widget_test.dart:19:18)
#139    testWidgets.<anonymous closure>.<anonymous closure> (package:flutter_test/src/widget_tester.dart:192:29)
<asynchronous suspension>
#140    TestWidgetsFlutterBinding._runTestBody (package:flutter_test/src/binding.dart:1059:5)
<asynchronous suspension>
<asynchronous suspension>
(elided 7 frames from class _AssertionError, dart:async, and package:stack_trace)

The following RenderObject was being processed when the exception was fired: RenderIgnorePointer#2211b relayoutBoundary=up8 NEEDS-LAYOUT NEEDS-PAINT NEEDS-COMPOSITING-BITS-UPDATE:
  creator: IgnorePointer-[GlobalKey#2ac55] ΓåÉ Semantics ΓåÉ Listener ΓåÉ _GestureSemantics ΓåÉ
    RawGestureDetector-[LabeledGlobalKey<RawGestureDetectorState>#b16d0] ΓåÉ Listener ΓåÉ _ScrollableScope
    ΓåÉ _ScrollSemantics-[GlobalKey#1fa52] ΓåÉ NotificationListener<ScrollMetricsNotification> ΓåÉ Transform
    ΓåÉ StretchEffect ΓåÉ ClipRect ΓåÉ Γï»
  parentData: <none> (can use size)
  constraints: BoxConstraints(0.0<=w<=800.0, 0.0<=h<=534.0)
  size: MISSING
  ignoring: false
  ignoringSemantics: null
This RenderObject had the following descendants (showing up to depth 5):
    child: _RenderSingleChildViewport#06cd3 relayoutBoundary=up9 NEEDS-PAINT NEEDS-COMPOSITING-BITS-UPDATE
      child: RenderPadding#05935 relayoutBoundary=up10 NEEDS-PAINT NEEDS-COMPOSITING-BITS-UPDATE
        child: RenderPositionedBox#201c0 relayoutBoundary=up11 NEEDS-PAINT NEEDS-COMPOSITING-BITS-UPDATE
          child: RenderConstrainedBox#89b07 relayoutBoundary=up12 NEEDS-PAINT NEEDS-COMPOSITING-BITS-UPDATE
            child: RenderPadding#91361 relayoutBoundary=up13 NEEDS-PAINT NEEDS-COMPOSITING-BITS-UPDATE
ΓòÉΓòÉΓòÉΓòÉΓòÉΓòÉΓòÉΓòÉΓòÉΓòÉΓòÉΓòÉΓòÉΓòÉΓòÉΓòÉΓòÉΓòÉΓòÉΓòÉΓòÉΓòÉΓòÉΓòÉΓòÉΓòÉΓòÉΓòÉΓòÉΓòÉΓòÉΓòÉΓòÉΓòÉΓòÉΓòÉΓòÉΓòÉΓòÉΓòÉΓòÉΓòÉΓòÉΓòÉΓòÉΓòÉΓòÉΓòÉΓòÉΓòÉΓòÉΓòÉΓòÉΓòÉΓòÉΓòÉΓòÉΓòÉΓòÉΓòÉΓòÉΓòÉΓòÉΓòÉΓòÉΓòÉΓòÉΓòÉΓòÉΓòÉΓòÉΓòÉΓòÉΓòÉΓòÉΓòÉΓòÉΓòÉΓòÉΓòÉΓòÉΓòÉΓòÉΓòÉΓòÉΓòÉΓòÉΓòÉΓòÉΓòÉΓòÉΓòÉΓòÉΓòÉΓòÉΓòÉΓòÉΓòÉΓòÉΓòÉ
ΓòÉΓòÉΓòí EXCEPTION CAUGHT BY RENDERING LIBRARY Γò₧ΓòÉΓòÉΓòÉΓòÉΓòÉΓòÉΓòÉΓòÉΓòÉΓòÉΓòÉΓòÉΓòÉΓòÉΓòÉΓòÉΓòÉΓòÉΓòÉΓòÉΓòÉΓòÉΓòÉΓòÉΓòÉΓòÉΓòÉΓòÉΓòÉΓòÉΓòÉΓòÉΓòÉΓòÉΓòÉΓòÉΓòÉΓòÉΓòÉΓòÉΓòÉΓòÉΓòÉΓòÉΓòÉΓòÉΓòÉΓòÉΓòÉΓòÉΓòÉΓòÉΓòÉΓòÉΓòÉΓòÉΓòÉ
The following assertion was thrown during performLayout():
RenderBox was not laid out: RenderIgnorePointer#2211b relayoutBoundary=up8 NEEDS-PAINT
NEEDS-COMPOSITING-BITS-UPDATE
'package:flutter/src/rendering/box.dart':
Failed assertion: line 2251 pos 12: 'hasSize'

Either the assertion indicates an error in the framework itself, or we should provide substantially
more information in this error message to help you determine and fix the underlying cause.
In either case, please report this assertion by filing a bug on GitHub:
  https://github.com/flutter/flutter/issues/new?template=02_bug.yml

The relevant error-causing widget was:
  SingleChildScrollView
  SingleChildScrollView:file:///D:/Mystery/programming/projects/PYTHON_PROJECTS/focus/focus_gg/focus_flutter/lib/features/dashboard/dashboard_screen.dart:132:13

When the exception was thrown, this was the stack:
#2      RenderBox.size (package:flutter/src/rendering/box.dart:2251:12)
#3      RenderProxyBoxMixin.performLayout (package:flutter/src/rendering/proxy_box.dart:115:62)
#4      RenderObject.layout (package:flutter/src/rendering/object.dart:2775:7)
#5      RenderProxyBoxMixin.performLayout (package:flutter/src/rendering/proxy_box.dart:115:18)
#6      RenderObject.layout (package:flutter/src/rendering/object.dart:2775:7)
#7      RenderProxyBoxMixin.performLayout (package:flutter/src/rendering/proxy_box.dart:115:18)
#8      RenderObject.layout (package:flutter/src/rendering/object.dart:2775:7)
#9      RenderProxyBoxMixin.performLayout (package:flutter/src/rendering/proxy_box.dart:115:18)
#10     RenderObject.layout (package:flutter/src/rendering/object.dart:2775:7)
#11     RenderProxyBoxMixin.performLayout (package:flutter/src/rendering/proxy_box.dart:115:18)
#12     RenderObject.layout (package:flutter/src/rendering/object.dart:2775:7)
#13     RenderProxyBoxMixin.performLayout (package:flutter/src/rendering/proxy_box.dart:115:18)
#14     RenderObject.layout (package:flutter/src/rendering/object.dart:2775:7)
#15     RenderProxyBoxMixin.performLayout (package:flutter/src/rendering/proxy_box.dart:115:18)
#16     _RenderCustomClip.performLayout (package:flutter/src/rendering/proxy_box.dart:1481:11)
#17     RenderObject.layout (package:flutter/src/rendering/object.dart:2775:7)
#18     MultiChildLayoutDelegate.layoutChild (package:flutter/src/rendering/custom_layout.dart:180:12)
#19     _ScaffoldLayout.performLayout (package:flutter/src/material/scaffold.dart:1112:7)
#20     MultiChildLayoutDelegate._callPerformLayout (package:flutter/src/rendering/custom_layout.dart:249:7)
#21     RenderCustomMultiChildLayoutBox.performLayout (package:flutter/src/rendering/custom_layout.dart:420:14)
#22     RenderObject.layout (package:flutter/src/rendering/object.dart:2775:7)
#23     RenderProxyBoxMixin.performLayout (package:flutter/src/rendering/proxy_box.dart:115:18)
#24     RenderObject.layout (package:flutter/src/rendering/object.dart:2775:7)
#25     RenderProxyBoxMixin.performLayout (package:flutter/src/rendering/proxy_box.dart:115:18)
#26     _RenderCustomClip.performLayout (package:flutter/src/rendering/proxy_box.dart:1481:11)
#27     RenderObject.layout (package:flutter/src/rendering/object.dart:2775:7)
#28     RenderProxyBoxMixin.performLayout (package:flutter/src/rendering/proxy_box.dart:115:18)
#29     RenderObject.layout (package:flutter/src/rendering/object.dart:2775:7)
#30     RenderProxyBoxMixin.performLayout (package:flutter/src/rendering/proxy_box.dart:115:18)
#31     RenderObject.layout (package:flutter/src/rendering/object.dart:2775:7)
#32     RenderProxyBoxMixin.performLayout (package:flutter/src/rendering/proxy_box.dart:115:18)
#33     RenderObject.layout (package:flutter/src/rendering/object.dart:2775:7)
#34     RenderProxyBoxMixin.performLayout (package:flutter/src/rendering/proxy_box.dart:115:18)
#35     RenderObject.layout (package:flutter/src/rendering/object.dart:2775:7)
#36     RenderProxyBoxMixin.performLayout (package:flutter/src/rendering/proxy_box.dart:115:18)
#37     RenderObject.layout (package:flutter/src/rendering/object.dart:2775:7)
#38     RenderProxyBoxMixin.performLayout (package:flutter/src/rendering/proxy_box.dart:115:18)
#39     RenderOffstage.performLayout (package:flutter/src/rendering/proxy_box.dart:3848:13)
#40     RenderObject.layout (package:flutter/src/rendering/object.dart:2775:7)
#41     RenderProxyBoxMixin.performLayout (package:flutter/src/rendering/proxy_box.dart:115:18)
#42     RenderObject.layout (package:flutter/src/rendering/object.dart:2775:7)
#43     _RenderTheaterMixin.layoutChild (package:flutter/src/widgets/overlay.dart:1084:13)
#44     _RenderTheater.performLayout (package:flutter/src/widgets/overlay.dart:1429:9)
#45     RenderObject.layout (package:flutter/src/rendering/object.dart:2775:7)
#46     RenderProxyBoxMixin.performLayout (package:flutter/src/rendering/proxy_box.dart:115:18)
#47     RenderObject.layout (package:flutter/src/rendering/object.dart:2775:7)
#48     RenderProxyBoxMixin.performLayout (package:flutter/src/rendering/proxy_box.dart:115:18)
#49     RenderObject.layout (package:flutter/src/rendering/object.dart:2775:7)
#50     MultiChildLayoutDelegate.layoutChild (package:flutter/src/rendering/custom_layout.dart:180:12)
#51     _ScaffoldLayout.performLayout (package:flutter/src/material/scaffold.dart:1112:7)
#52     MultiChildLayoutDelegate._callPerformLayout (package:flutter/src/rendering/custom_layout.dart:249:7)
#53     RenderCustomMultiChildLayoutBox.performLayout (package:flutter/src/rendering/custom_layout.dart:420:14)
#54     RenderObject.layout (package:flutter/src/rendering/object.dart:2775:7)
#55     RenderProxyBoxMixin.performLayout (package:flutter/src/rendering/proxy_box.dart:115:18)
#56     RenderObject.layout (package:flutter/src/rendering/object.dart:2775:7)
#57     RenderProxyBoxMixin.performLayout (package:flutter/src/rendering/proxy_box.dart:115:18)
#58     _RenderCustomClip.performLayout (package:flutter/src/rendering/proxy_box.dart:1481:11)
#59     RenderObject.layout (package:flutter/src/rendering/object.dart:2775:7)
#60     RenderProxyBoxMixin.performLayout (package:flutter/src/rendering/proxy_box.dart:115:18)
#61     RenderObject.layout (package:flutter/src/rendering/object.dart:2775:7)
#62     RenderProxyBoxMixin.performLayout (package:flutter/src/rendering/proxy_box.dart:115:18)
#63     RenderObject.layout (package:flutter/src/rendering/object.dart:2775:7)
#64     RenderProxyBoxMixin.performLayout (package:flutter/src/rendering/proxy_box.dart:115:18)
#65     RenderObject.layout (package:flutter/src/rendering/object.dart:2775:7)
#66     RenderProxyBoxMixin.performLayout (package:flutter/src/rendering/proxy_box.dart:115:18)
#67     RenderObject.layout (package:flutter/src/rendering/object.dart:2775:7)
#68     RenderProxyBoxMixin.performLayout (package:flutter/src/rendering/proxy_box.dart:115:18)
#69     RenderObject.layout (package:flutter/src/rendering/object.dart:2775:7)
#70     RenderProxyBoxMixin.performLayout (package:flutter/src/rendering/proxy_box.dart:115:18)
#71     RenderObject.layout (package:flutter/src/rendering/object.dart:2775:7)
#72     RenderProxyBoxMixin.performLayout (package:flutter/src/rendering/proxy_box.dart:115:18)
#73     RenderObject.layout (package:flutter/src/rendering/object.dart:2775:7)
#74     RenderProxyBoxMixin.performLayout (package:flutter/src/rendering/proxy_box.dart:115:18)
#75     RenderObject.layout (package:flutter/src/rendering/object.dart:2775:7)
#76     RenderProxyBoxMixin.performLayout (package:flutter/src/rendering/proxy_box.dart:115:18)
#77     RenderObject.layout (package:flutter/src/rendering/object.dart:2775:7)
#78     RenderProxyBoxMixin.performLayout (package:flutter/src/rendering/proxy_box.dart:115:18)
#79     RenderObject.layout (package:flutter/src/rendering/object.dart:2775:7)
#80     RenderProxyBoxMixin.performLayout (package:flutter/src/rendering/proxy_box.dart:115:18)
#81     RenderObject.layout (package:flutter/src/rendering/object.dart:2775:7)
#82     RenderProxyBoxMixin.performLayout (package:flutter/src/rendering/proxy_box.dart:115:18)
#83     RenderObject.layout (package:flutter/src/rendering/object.dart:2775:7)
#84     RenderProxyBoxMixin.performLayout (package:flutter/src/rendering/proxy_box.dart:115:18)
#85     RenderObject.layout (package:flutter/src/rendering/object.dart:2775:7)
#86     RenderProxyBoxMixin.performLayout (package:flutter/src/rendering/proxy_box.dart:115:18)
#87     RenderObject.layout (package:flutter/src/rendering/object.dart:2775:7)
#88     RenderProxyBoxMixin.performLayout (package:flutter/src/rendering/proxy_box.dart:115:18)
#89     RenderObject.layout (package:flutter/src/rendering/object.dart:2775:7)
#90     RenderProxyBoxMixin.performLayout (package:flutter/src/rendering/proxy_box.dart:115:18)
#91     RenderOffstage.performLayout (package:flutter/src/rendering/proxy_box.dart:3848:13)
#92     RenderObject.layout (package:flutter/src/rendering/object.dart:2775:7)
#93     RenderProxyBoxMixin.performLayout (package:flutter/src/rendering/proxy_box.dart:115:18)
#94     RenderObject.layout (package:flutter/src/rendering/object.dart:2775:7)
#95     _RenderTheaterMixin.layoutChild (package:flutter/src/widgets/overlay.dart:1084:13)
#96     _RenderTheater.performLayout (package:flutter/src/widgets/overlay.dart:1429:9)
#97     RenderObject.layout (package:flutter/src/rendering/object.dart:2775:7)
#98     RenderProxyBoxMixin.performLayout (package:flutter/src/rendering/proxy_box.dart:115:18)
#99     RenderObject.layout (package:flutter/src/rendering/object.dart:2775:7)
#100    RenderProxyBoxMixin.performLayout (package:flutter/src/rendering/proxy_box.dart:115:18)
#101    RenderObject.layout (package:flutter/src/rendering/object.dart:2775:7)
#102    ChildLayoutHelper.layoutChild (package:flutter/src/rendering/layout_helper.dart:62:11)
#103    RenderStack._computeSize (package:flutter/src/rendering/stack.dart:645:43)
#104    RenderStack.performLayout (package:flutter/src/rendering/stack.dart:680:12)
#105    RenderObject.layout (package:flutter/src/rendering/object.dart:2775:7)
#106    RenderProxyBoxMixin.performLayout (package:flutter/src/rendering/proxy_box.dart:115:18)
#107    RenderObject.layout (package:flutter/src/rendering/object.dart:2775:7)
#108    RenderProxyBoxMixin.performLayout (package:flutter/src/rendering/proxy_box.dart:115:18)
#109    RenderObject.layout (package:flutter/src/rendering/object.dart:2775:7)
#110    RenderProxyBoxMixin.performLayout (package:flutter/src/rendering/proxy_box.dart:115:18)
#111    RenderObject.layout (package:flutter/src/rendering/object.dart:2775:7)
#112    RenderProxyBoxMixin.performLayout (package:flutter/src/rendering/proxy_box.dart:115:18)
#113    RenderObject.layout (package:flutter/src/rendering/object.dart:2775:7)
#114    RenderProxyBoxMixin.performLayout (package:flutter/src/rendering/proxy_box.dart:115:18)
#115    RenderObject.layout (package:flutter/src/rendering/object.dart:2775:7)
#116    RenderProxyBoxMixin.performLayout (package:flutter/src/rendering/proxy_box.dart:115:18)
#117    RenderObject.layout (package:flutter/src/rendering/object.dart:2775:7)
#118    RenderView.performLayout (package:flutter/src/rendering/view.dart:294:12)
#119    RenderObject._layoutWithoutResize (package:flutter/src/rendering/object.dart:2623:7)
#120    PipelineOwner.flushLayout (package:flutter/src/rendering/object.dart:1170:18)
#121    PipelineOwner.flushLayout (package:flutter/src/rendering/object.dart:1183:15)
#122    AutomatedTestWidgetsFlutterBinding.drawFrame (package:flutter_test/src/binding.dart:1508:27)
#123    RendererBinding._handlePersistentFrameCallback (package:flutter/src/rendering/binding.dart:495:5)
#124    SchedulerBinding._invokeFrameCallback (package:flutter/src/scheduler/binding.dart:1434:15)
#125    SchedulerBinding.handleDrawFrame (package:flutter/src/scheduler/binding.dart:1347:9)
#126    AutomatedTestWidgetsFlutterBinding.pump.<anonymous closure> (package:flutter_test/src/binding.dart:1335:9)
#129    TestAsyncUtils.guard (package:flutter_test/src/test_async_utils.dart:74:41)
#130    AutomatedTestWidgetsFlutterBinding.pump (package:flutter_test/src/binding.dart:1324:27)
#131    WidgetTester.pumpWidget.<anonymous closure> (package:flutter_test/src/widget_tester.dart:598:22)
#134    TestAsyncUtils.guard (package:flutter_test/src/test_async_utils.dart:74:41)
#135    WidgetTester.pumpWidget (package:flutter_test/src/widget_tester.dart:595:27)
#136    main.<anonymous closure> (file:///D:/Mystery/programming/projects/PYTHON_PROJECTS/focus/focus_gg/focus_flutter/test/widget_test.dart:19:18)
#137    testWidgets.<anonymous closure>.<anonymous closure> (package:flutter_test/src/widget_tester.dart:192:29)
<asynchronous suspension>
#138    TestWidgetsFlutterBinding._runTestBody (package:flutter_test/src/binding.dart:1059:5)
<asynchronous suspension>
<asynchronous suspension>
(elided 7 frames from class _AssertionError, dart:async, and package:stack_trace)

The following RenderObject was being processed when the exception was fired: RenderSemanticsAnnotations#4d9bb relayoutBoundary=up7 NEEDS-LAYOUT NEEDS-PAINT NEEDS-COMPOSITING-BITS-UPDATE:
  creator: Semantics ΓåÉ Listener ΓåÉ _GestureSemantics ΓåÉ
    RawGestureDetector-[LabeledGlobalKey<RawGestureDetectorState>#b16d0] ΓåÉ Listener ΓåÉ _ScrollableScope
    ΓåÉ _ScrollSemantics-[GlobalKey#1fa52] ΓåÉ NotificationListener<ScrollMetricsNotification> ΓåÉ Transform
    ΓåÉ StretchEffect ΓåÉ ClipRect ΓåÉ AnimatedBuilder ΓåÉ Γï»
  parentData: <none> (can use size)
  constraints: BoxConstraints(0.0<=w<=800.0, 0.0<=h<=534.0)
  size: MISSING
This RenderObject had the following descendants (showing up to depth 5):
    child: RenderIgnorePointer#2211b relayoutBoundary=up8 NEEDS-PAINT NEEDS-COMPOSITING-BITS-UPDATE
      child: _RenderSingleChildViewport#06cd3 relayoutBoundary=up9 NEEDS-PAINT NEEDS-COMPOSITING-BITS-UPDATE
        child: RenderPadding#05935 relayoutBoundary=up10 NEEDS-PAINT NEEDS-COMPOSITING-BITS-UPDATE
          child: RenderPositionedBox#201c0 relayoutBoundary=up11 NEEDS-PAINT NEEDS-COMPOSITING-BITS-UPDATE
            child: RenderConstrainedBox#89b07 relayoutBoundary=up12 NEEDS-PAINT NEEDS-COMPOSITING-BITS-UPDATE
ΓòÉΓòÉΓòÉΓòÉΓòÉΓòÉΓòÉΓòÉΓòÉΓòÉΓòÉΓòÉΓòÉΓòÉΓòÉΓòÉΓòÉΓòÉΓòÉΓòÉΓòÉΓòÉΓòÉΓòÉΓòÉΓòÉΓòÉΓòÉΓòÉΓòÉΓòÉΓòÉΓòÉΓòÉΓòÉΓòÉΓòÉΓòÉΓòÉΓòÉΓòÉΓòÉΓòÉΓòÉΓòÉΓòÉΓòÉΓòÉΓòÉΓòÉΓòÉΓòÉΓòÉΓòÉΓòÉΓòÉΓòÉΓòÉΓòÉΓòÉΓòÉΓòÉΓòÉΓòÉΓòÉΓòÉΓòÉΓòÉΓòÉΓòÉΓòÉΓòÉΓòÉΓòÉΓòÉΓòÉΓòÉΓòÉΓòÉΓòÉΓòÉΓòÉΓòÉΓòÉΓòÉΓòÉΓòÉΓòÉΓòÉΓòÉΓòÉΓòÉΓòÉΓòÉΓòÉΓòÉΓòÉΓòÉΓòÉΓòÉ
ΓòÉΓòÉΓòí EXCEPTION CAUGHT BY RENDERING LIBRARY Γò₧ΓòÉΓòÉΓòÉΓòÉΓòÉΓòÉΓòÉΓòÉΓòÉΓòÉΓòÉΓòÉΓòÉΓòÉΓòÉΓòÉΓòÉΓòÉΓòÉΓòÉΓòÉΓòÉΓòÉΓòÉΓòÉΓòÉΓòÉΓòÉΓòÉΓòÉΓòÉΓòÉΓòÉΓòÉΓòÉΓòÉΓòÉΓòÉΓòÉΓòÉΓòÉΓòÉΓòÉΓòÉΓòÉΓòÉΓòÉΓòÉΓòÉΓòÉΓòÉΓòÉΓòÉΓòÉΓòÉΓòÉΓòÉ
The following assertion was thrown during performLayout():
RenderBox was not laid out: RenderSemanticsAnnotations#4d9bb relayoutBoundary=up7 NEEDS-PAINT
NEEDS-COMPOSITING-BITS-UPDATE
'package:flutter/src/rendering/box.dart':
Failed assertion: line 2251 pos 12: 'hasSize'

Either the assertion indicates an error in the framework itself, or we should provide substantially
more information in this error message to help you determine and fix the underlying cause.
In either case, please report this assertion by filing a bug on GitHub:
  https://github.com/flutter/flutter/issues/new?template=02_bug.yml

The relevant error-causing widget was:
  SingleChildScrollView
  SingleChildScrollView:file:///D:/Mystery/programming/projects/PYTHON_PROJECTS/focus/focus_gg/focus_flutter/lib/features/dashboard/dashboard_screen.dart:132:13

When the exception was thrown, this was the stack:
#2      RenderBox.size (package:flutter/src/rendering/box.dart:2251:12)
#3      RenderProxyBoxMixin.performLayout (package:flutter/src/rendering/proxy_box.dart:115:62)
#4      RenderObject.layout (package:flutter/src/rendering/object.dart:2775:7)
#5      RenderProxyBoxMixin.performLayout (package:flutter/src/rendering/proxy_box.dart:115:18)
#6      RenderObject.layout (package:flutter/src/rendering/object.dart:2775:7)
#7      RenderProxyBoxMixin.performLayout (package:flutter/src/rendering/proxy_box.dart:115:18)
#8      RenderObject.layout (package:flutter/src/rendering/object.dart:2775:7)
#9      RenderProxyBoxMixin.performLayout (package:flutter/src/rendering/proxy_box.dart:115:18)
#10     RenderObject.layout (package:flutter/src/rendering/object.dart:2775:7)
#11     RenderProxyBoxMixin.performLayout (package:flutter/src/rendering/proxy_box.dart:115:18)
#12     RenderObject.layout (package:flutter/src/rendering/object.dart:2775:7)
#13     RenderProxyBoxMixin.performLayout (package:flutter/src/rendering/proxy_box.dart:115:18)
#14     _RenderCustomClip.performLayout (package:flutter/src/rendering/proxy_box.dart:1481:11)
#15     RenderObject.layout (package:flutter/src/rendering/object.dart:2775:7)
#16     MultiChildLayoutDelegate.layoutChild (package:flutter/src/rendering/custom_layout.dart:180:12)
#17     _ScaffoldLayout.performLayout (package:flutter/src/material/scaffold.dart:1112:7)
#18     MultiChildLayoutDelegate._callPerformLayout (package:flutter/src/rendering/custom_layout.dart:249:7)
#19     RenderCustomMultiChildLayoutBox.performLayout (package:flutter/src/rendering/custom_layout.dart:420:14)
#20     RenderObject.layout (package:flutter/src/rendering/object.dart:2775:7)
#21     RenderProxyBoxMixin.performLayout (package:flutter/src/rendering/proxy_box.dart:115:18)
#22     RenderObject.layout (package:flutter/src/rendering/object.dart:2775:7)
#23     RenderProxyBoxMixin.performLayout (package:flutter/src/rendering/proxy_box.dart:115:18)
#24     _RenderCustomClip.performLayout (package:flutter/src/rendering/proxy_box.dart:1481:11)
#25     RenderObject.layout (package:flutter/src/rendering/object.dart:2775:7)
#26     RenderProxyBoxMixin.performLayout (package:flutter/src/rendering/proxy_box.dart:115:18)
#27     RenderObject.layout (package:flutter/src/rendering/object.dart:2775:7)
#28     RenderProxyBoxMixin.performLayout (package:flutter/src/rendering/proxy_box.dart:115:18)
#29     RenderObject.layout (package:flutter/src/rendering/object.dart:2775:7)
#30     RenderProxyBoxMixin.performLayout (package:flutter/src/rendering/proxy_box.dart:115:18)
#31     RenderObject.layout (package:flutter/src/rendering/object.dart:2775:7)
#32     RenderProxyBoxMixin.performLayout (package:flutter/src/rendering/proxy_box.dart:115:18)
#33     RenderObject.layout (package:flutter/src/rendering/object.dart:2775:7)
#34     RenderProxyBoxMixin.performLayout (package:flutter/src/rendering/proxy_box.dart:115:18)
#35     RenderObject.layout (package:flutter/src/rendering/object.dart:2775:7)
#36     RenderProxyBoxMixin.performLayout (package:flutter/src/rendering/proxy_box.dart:115:18)
#37     RenderOffstage.performLayout (package:flutter/src/rendering/proxy_box.dart:3848:13)
#38     RenderObject.layout (package:flutter/src/rendering/object.dart:2775:7)
#39     RenderProxyBoxMixin.performLayout (package:flutter/src/rendering/proxy_box.dart:115:18)
#40     RenderObject.layout (package:flutter/src/rendering/object.dart:2775:7)
#41     _RenderTheaterMixin.layoutChild (package:flutter/src/widgets/overlay.dart:1084:13)
#42     _RenderTheater.performLayout (package:flutter/src/widgets/overlay.dart:1429:9)
#43     RenderObject.layout (package:flutter/src/rendering/object.dart:2775:7)
#44     RenderProxyBoxMixin.performLayout (package:flutter/src/rendering/proxy_box.dart:115:18)
#45     RenderObject.layout (package:flutter/src/rendering/object.dart:2775:7)
#46     RenderProxyBoxMixin.performLayout (package:flutter/src/rendering/proxy_box.dart:115:18)
#47     RenderObject.layout (package:flutter/src/rendering/object.dart:2775:7)
#48     MultiChildLayoutDelegate.layoutChild (package:flutter/src/rendering/custom_layout.dart:180:12)
#49     _ScaffoldLayout.performLayout (package:flutter/src/material/scaffold.dart:1112:7)
#50     MultiChildLayoutDelegate._callPerformLayout (package:flutter/src/rendering/custom_layout.dart:249:7)
#51     RenderCustomMultiChildLayoutBox.performLayout (package:flutter/src/rendering/custom_layout.dart:420:14)
#52     RenderObject.layout (package:flutter/src/rendering/object.dart:2775:7)
#53     RenderProxyBoxMixin.performLayout (package:flutter/src/rendering/proxy_box.dart:115:18)
#54     RenderObject.layout (package:flutter/src/rendering/object.dart:2775:7)
#55     RenderProxyBoxMixin.performLayout (package:flutter/src/rendering/proxy_box.dart:115:18)
#56     _RenderCustomClip.performLayout (package:flutter/src/rendering/proxy_box.dart:1481:11)
#57     RenderObject.layout (package:flutter/src/rendering/object.dart:2775:7)
#58     RenderProxyBoxMixin.performLayout (package:flutter/src/rendering/proxy_box.dart:115:18)
#59     RenderObject.layout (package:flutter/src/rendering/object.dart:2775:7)
#60     RenderProxyBoxMixin.performLayout (package:flutter/src/rendering/proxy_box.dart:115:18)
#61     RenderObject.layout (package:flutter/src/rendering/object.dart:2775:7)
#62     RenderProxyBoxMixin.performLayout (package:flutter/src/rendering/proxy_box.dart:115:18)
#63     RenderObject.layout (package:flutter/src/rendering/object.dart:2775:7)
#64     RenderProxyBoxMixin.performLayout (package:flutter/src/rendering/proxy_box.dart:115:18)
#65     RenderObject.layout (package:flutter/src/rendering/object.dart:2775:7)
#66     RenderProxyBoxMixin.performLayout (package:flutter/src/rendering/proxy_box.dart:115:18)
#67     RenderObject.layout (package:flutter/src/rendering/object.dart:2775:7)
#68     RenderProxyBoxMixin.performLayout (package:flutter/src/rendering/proxy_box.dart:115:18)
#69     RenderObject.layout (package:flutter/src/rendering/object.dart:2775:7)
#70     RenderProxyBoxMixin.performLayout (package:flutter/src/rendering/proxy_box.dart:115:18)
#71     RenderObject.layout (package:flutter/src/rendering/object.dart:2775:7)
#72     RenderProxyBoxMixin.performLayout (package:flutter/src/rendering/proxy_box.dart:115:18)
#73     RenderObject.layout (package:flutter/src/rendering/object.dart:2775:7)
#74     RenderProxyBoxMixin.performLayout (package:flutter/src/rendering/proxy_box.dart:115:18)
#75     RenderObject.layout (package:flutter/src/rendering/object.dart:2775:7)
#76     RenderProxyBoxMixin.performLayout (package:flutter/src/rendering/proxy_box.dart:115:18)
#77     RenderObject.layout (package:flutter/src/rendering/object.dart:2775:7)
#78     RenderProxyBoxMixin.performLayout (package:flutter/src/rendering/proxy_box.dart:115:18)
#79     RenderObject.layout (package:flutter/src/rendering/object.dart:2775:7)
#80     RenderProxyBoxMixin.performLayout (package:flutter/src/rendering/proxy_box.dart:115:18)
#81     RenderObject.layout (package:flutter/src/rendering/object.dart:2775:7)
#82     RenderProxyBoxMixin.performLayout (package:flutter/src/rendering/proxy_box.dart:115:18)
#83     RenderObject.layout (package:flutter/src/rendering/object.dart:2775:7)
#84     RenderProxyBoxMixin.performLayout (package:flutter/src/rendering/proxy_box.dart:115:18)
#85     RenderObject.layout (package:flutter/src/rendering/object.dart:2775:7)
#86     RenderProxyBoxMixin.performLayout (package:flutter/src/rendering/proxy_box.dart:115:18)
#87     RenderObject.layout (package:flutter/src/rendering/object.dart:2775:7)
#88     RenderProxyBoxMixin.performLayout (package:flutter/src/rendering/proxy_box.dart:115:18)
#89     RenderOffstage.performLayout (package:flutter/src/rendering/proxy_box.dart:3848:13)
#90     RenderObject.layout (package:flutter/src/rendering/object.dart:2775:7)
#91     RenderProxyBoxMixin.performLayout (package:flutter/src/rendering/proxy_box.dart:115:18)
#92     RenderObject.layout (package:flutter/src/rendering/object.dart:2775:7)
#93     _RenderTheaterMixin.layoutChild (package:flutter/src/widgets/overlay.dart:1084:13)
#94     _RenderTheater.performLayout (package:flutter/src/widgets/overlay.dart:1429:9)
#95     RenderObject.layout (package:flutter/src/rendering/object.dart:2775:7)
#96     RenderProxyBoxMixin.performLayout (package:flutter/src/rendering/proxy_box.dart:115:18)
#97     RenderObject.layout (package:flutter/src/rendering/object.dart:2775:7)
#98     RenderProxyBoxMixin.performLayout (package:flutter/src/rendering/proxy_box.dart:115:18)
#99     RenderObject.layout (package:flutter/src/rendering/object.dart:2775:7)
#100    ChildLayoutHelper.layoutChild (package:flutter/src/rendering/layout_helper.dart:62:11)
#101    RenderStack._computeSize (package:flutter/src/rendering/stack.dart:645:43)
#102    RenderStack.performLayout (package:flutter/src/rendering/stack.dart:680:12)
#103    RenderObject.layout (package:flutter/src/rendering/object.dart:2775:7)
#104    RenderProxyBoxMixin.performLayout (package:flutter/src/rendering/proxy_box.dart:115:18)
#105    RenderObject.layout (package:flutter/src/rendering/object.dart:2775:7)
#106    RenderProxyBoxMixin.performLayout (package:flutter/src/rendering/proxy_box.dart:115:18)
#107    RenderObject.layout (package:flutter/src/rendering/object.dart:2775:7)
#108    RenderProxyBoxMixin.performLayout (package:flutter/src/rendering/proxy_box.dart:115:18)
#109    RenderObject.layout (package:flutter/src/rendering/object.dart:2775:7)
#110    RenderProxyBoxMixin.performLayout (package:flutter/src/rendering/proxy_box.dart:115:18)
#111    RenderObject.layout (package:flutter/src/rendering/object.dart:2775:7)
#112    RenderProxyBoxMixin.performLayout (package:flutter/src/rendering/proxy_box.dart:115:18)
#113    RenderObject.layout (package:flutter/src/rendering/object.dart:2775:7)
#114    RenderProxyBoxMixin.performLayout (package:flutter/src/rendering/proxy_box.dart:115:18)
#115    RenderObject.layout (package:flutter/src/rendering/object.dart:2775:7)
#116    RenderView.performLayout (package:flutter/src/rendering/view.dart:294:12)
#117    RenderObject._layoutWithoutResize (package:flutter/src/rendering/object.dart:2623:7)
#118    PipelineOwner.flushLayout (package:flutter/src/rendering/object.dart:1170:18)
#119    PipelineOwner.flushLayout (package:flutter/src/rendering/object.dart:1183:15)
#120    AutomatedTestWidgetsFlutterBinding.drawFrame (package:flutter_test/src/binding.dart:1508:27)
#121    RendererBinding._handlePersistentFrameCallback (package:flutter/src/rendering/binding.dart:495:5)
#122    SchedulerBinding._invokeFrameCallback (package:flutter/src/scheduler/binding.dart:1434:15)
#123    SchedulerBinding.handleDrawFrame (package:flutter/src/scheduler/binding.dart:1347:9)
#124    AutomatedTestWidgetsFlutterBinding.pump.<anonymous closure> (package:flutter_test/src/binding.dart:1335:9)
#127    TestAsyncUtils.guard (package:flutter_test/src/test_async_utils.dart:74:41)
#128    AutomatedTestWidgetsFlutterBinding.pump (package:flutter_test/src/binding.dart:1324:27)
#129    WidgetTester.pumpWidget.<anonymous closure> (package:flutter_test/src/widget_tester.dart:598:22)
#132    TestAsyncUtils.guard (package:flutter_test/src/test_async_utils.dart:74:41)
#133    WidgetTester.pumpWidget (package:flutter_test/src/widget_tester.dart:595:27)
#134    main.<anonymous closure> (file:///D:/Mystery/programming/projects/PYTHON_PROJECTS/focus/focus_gg/focus_flutter/test/widget_test.dart:19:18)
#135    testWidgets.<anonymous closure>.<anonymous closure> (package:flutter_test/src/widget_tester.dart:192:29)
<asynchronous suspension>
#136    TestWidgetsFlutterBinding._runTestBody (package:flutter_test/src/binding.dart:1059:5)
<asynchronous suspension>
<asynchronous suspension>
(elided 7 frames from class _AssertionError, dart:async, and package:stack_trace)

The following RenderObject was being processed when the exception was fired: RenderPointerListener#6d0ca relayoutBoundary=up6 NEEDS-LAYOUT NEEDS-PAINT NEEDS-COMPOSITING-BITS-UPDATE:
  creator: Listener ΓåÉ _GestureSemantics ΓåÉ
    RawGestureDetector-[LabeledGlobalKey<RawGestureDetectorState>#b16d0] ΓåÉ Listener ΓåÉ _ScrollableScope
    ΓåÉ _ScrollSemantics-[GlobalKey#1fa52] ΓåÉ NotificationListener<ScrollMetricsNotification> ΓåÉ Transform
    ΓåÉ StretchEffect ΓåÉ ClipRect ΓåÉ AnimatedBuilder ΓåÉ NotificationListener<ScrollNotification> ΓåÉ Γï»
  parentData: <none> (can use size)
  constraints: BoxConstraints(0.0<=w<=800.0, 0.0<=h<=534.0)
  size: MISSING
  behavior: opaque
  listeners: down, panZoomStart
This RenderObject had the following descendants (showing up to depth 5):
    child: RenderSemanticsAnnotations#4d9bb relayoutBoundary=up7 NEEDS-PAINT NEEDS-COMPOSITING-BITS-UPDATE
      child: RenderIgnorePointer#2211b relayoutBoundary=up8 NEEDS-PAINT NEEDS-COMPOSITING-BITS-UPDATE
        child: _RenderSingleChildViewport#06cd3 relayoutBoundary=up9 NEEDS-PAINT NEEDS-COMPOSITING-BITS-UPDATE
          child: RenderPadding#05935 relayoutBoundary=up10 NEEDS-PAINT NEEDS-COMPOSITING-BITS-UPDATE
            child: RenderPositionedBox#201c0 relayoutBoundary=up11 NEEDS-PAINT NEEDS-COMPOSITING-BITS-UPDATE
ΓòÉΓòÉΓòÉΓòÉΓòÉΓòÉΓòÉΓòÉΓòÉΓòÉΓòÉΓòÉΓòÉΓòÉΓòÉΓòÉΓòÉΓòÉΓòÉΓòÉΓòÉΓòÉΓòÉΓòÉΓòÉΓòÉΓòÉΓòÉΓòÉΓòÉΓòÉΓòÉΓòÉΓòÉΓòÉΓòÉΓòÉΓòÉΓòÉΓòÉΓòÉΓòÉΓòÉΓòÉΓòÉΓòÉΓòÉΓòÉΓòÉΓòÉΓòÉΓòÉΓòÉΓòÉΓòÉΓòÉΓòÉΓòÉΓòÉΓòÉΓòÉΓòÉΓòÉΓòÉΓòÉΓòÉΓòÉΓòÉΓòÉΓòÉΓòÉΓòÉΓòÉΓòÉΓòÉΓòÉΓòÉΓòÉΓòÉΓòÉΓòÉΓòÉΓòÉΓòÉΓòÉΓòÉΓòÉΓòÉΓòÉΓòÉΓòÉΓòÉΓòÉΓòÉΓòÉΓòÉΓòÉΓòÉΓòÉΓòÉ
ΓòÉΓòÉΓòí EXCEPTION CAUGHT BY RENDERING LIBRARY Γò₧ΓòÉΓòÉΓòÉΓòÉΓòÉΓòÉΓòÉΓòÉΓòÉΓòÉΓòÉΓòÉΓòÉΓòÉΓòÉΓòÉΓòÉΓòÉΓòÉΓòÉΓòÉΓòÉΓòÉΓòÉΓòÉΓòÉΓòÉΓòÉΓòÉΓòÉΓòÉΓòÉΓòÉΓòÉΓòÉΓòÉΓòÉΓòÉΓòÉΓòÉΓòÉΓòÉΓòÉΓòÉΓòÉΓòÉΓòÉΓòÉΓòÉΓòÉΓòÉΓòÉΓòÉΓòÉΓòÉΓòÉΓòÉ
The following assertion was thrown during performLayout():
RenderBox was not laid out: RenderPointerListener#6d0ca relayoutBoundary=up6 NEEDS-PAINT
NEEDS-COMPOSITING-BITS-UPDATE
'package:flutter/src/rendering/box.dart':
Failed assertion: line 2251 pos 12: 'hasSize'

Either the assertion indicates an error in the framework itself, or we should provide substantially
more information in this error message to help you determine and fix the underlying cause.
In either case, please report this assertion by filing a bug on GitHub:
  https://github.com/flutter/flutter/issues/new?template=02_bug.yml

The relevant error-causing widget was:
  SingleChildScrollView
  SingleChildScrollView:file:///D:/Mystery/programming/projects/PYTHON_PROJECTS/focus/focus_gg/focus_flutter/lib/features/dashboard/dashboard_screen.dart:132:13

When the exception was thrown, this was the stack:
#2      RenderBox.size (package:flutter/src/rendering/box.dart:2251:12)
#3      RenderProxyBoxMixin.performLayout (package:flutter/src/rendering/proxy_box.dart:115:62)
#4      RenderObject.layout (package:flutter/src/rendering/object.dart:2775:7)
#5      RenderProxyBoxMixin.performLayout (package:flutter/src/rendering/proxy_box.dart:115:18)
#6      RenderObject.layout (package:flutter/src/rendering/object.dart:2775:7)
#7      RenderProxyBoxMixin.performLayout (package:flutter/src/rendering/proxy_box.dart:115:18)
#8      RenderObject.layout (package:flutter/src/rendering/object.dart:2775:7)
#9      RenderProxyBoxMixin.performLayout (package:flutter/src/rendering/proxy_box.dart:115:18)
#10     RenderObject.layout (package:flutter/src/rendering/object.dart:2775:7)
#11     RenderProxyBoxMixin.performLayout (package:flutter/src/rendering/proxy_box.dart:115:18)
#12     _RenderCustomClip.performLayout (package:flutter/src/rendering/proxy_box.dart:1481:11)
#13     RenderObject.layout (package:flutter/src/rendering/object.dart:2775:7)
#14     MultiChildLayoutDelegate.layoutChild (package:flutter/src/rendering/custom_layout.dart:180:12)
#15     _ScaffoldLayout.performLayout (package:flutter/src/material/scaffold.dart:1112:7)
#16     MultiChildLayoutDelegate._callPerformLayout (package:flutter/src/rendering/custom_layout.dart:249:7)
#17     RenderCustomMultiChildLayoutBox.performLayout (package:flutter/src/rendering/custom_layout.dart:420:14)
#18     RenderObject.layout (package:flutter/src/rendering/object.dart:2775:7)
#19     RenderProxyBoxMixin.performLayout (package:flutter/src/rendering/proxy_box.dart:115:18)
#20     RenderObject.layout (package:flutter/src/rendering/object.dart:2775:7)
#21     RenderProxyBoxMixin.performLayout (package:flutter/src/rendering/proxy_box.dart:115:18)
#22     _RenderCustomClip.performLayout (package:flutter/src/rendering/proxy_box.dart:1481:11)
#23     RenderObject.layout (package:flutter/src/rendering/object.dart:2775:7)
#24     RenderProxyBoxMixin.performLayout (package:flutter/src/rendering/proxy_box.dart:115:18)
#25     RenderObject.layout (package:flutter/src/rendering/object.dart:2775:7)
#26     RenderProxyBoxMixin.performLayout (package:flutter/src/rendering/proxy_box.dart:115:18)
#27     RenderObject.layout (package:flutter/src/rendering/object.dart:2775:7)
#28     RenderProxyBoxMixin.performLayout (package:flutter/src/rendering/proxy_box.dart:115:18)
#29     RenderObject.layout (package:flutter/src/rendering/object.dart:2775:7)
#30     RenderProxyBoxMixin.performLayout (package:flutter/src/rendering/proxy_box.dart:115:18)
#31     RenderObject.layout (package:flutter/src/rendering/object.dart:2775:7)
#32     RenderProxyBoxMixin.performLayout (package:flutter/src/rendering/proxy_box.dart:115:18)
#33     RenderObject.layout (package:flutter/src/rendering/object.dart:2775:7)
#34     RenderProxyBoxMixin.performLayout (package:flutter/src/rendering/proxy_box.dart:115:18)
#35     RenderOffstage.performLayout (package:flutter/src/rendering/proxy_box.dart:3848:13)
#36     RenderObject.layout (package:flutter/src/rendering/object.dart:2775:7)
#37     RenderProxyBoxMixin.performLayout (package:flutter/src/rendering/proxy_box.dart:115:18)
#38     RenderObject.layout (package:flutter/src/rendering/object.dart:2775:7)
#39     _RenderTheaterMixin.layoutChild (package:flutter/src/widgets/overlay.dart:1084:13)
#40     _RenderTheater.performLayout (package:flutter/src/widgets/overlay.dart:1429:9)
#41     RenderObject.layout (package:flutter/src/rendering/object.dart:2775:7)
#42     RenderProxyBoxMixin.performLayout (package:flutter/src/rendering/proxy_box.dart:115:18)
#43     RenderObject.layout (package:flutter/src/rendering/object.dart:2775:7)
#44     RenderProxyBoxMixin.performLayout (package:flutter/src/rendering/proxy_box.dart:115:18)
#45     RenderObject.layout (package:flutter/src/rendering/object.dart:2775:7)
#46     MultiChildLayoutDelegate.layoutChild (package:flutter/src/rendering/custom_layout.dart:180:12)
#47     _ScaffoldLayout.performLayout (package:flutter/src/material/scaffold.dart:1112:7)
#48     MultiChildLayoutDelegate._callPerformLayout (package:flutter/src/rendering/custom_layout.dart:249:7)
#49     RenderCustomMultiChildLayoutBox.performLayout (package:flutter/src/rendering/custom_layout.dart:420:14)
#50     RenderObject.layout (package:flutter/src/rendering/object.dart:2775:7)
#51     RenderProxyBoxMixin.performLayout (package:flutter/src/rendering/proxy_box.dart:115:18)
#52     RenderObject.layout (package:flutter/src/rendering/object.dart:2775:7)
#53     RenderProxyBoxMixin.performLayout (package:flutter/src/rendering/proxy_box.dart:115:18)
#54     _RenderCustomClip.performLayout (package:flutter/src/rendering/proxy_box.dart:1481:11)
#55     RenderObject.layout (package:flutter/src/rendering/object.dart:2775:7)
#56     RenderProxyBoxMixin.performLayout (package:flutter/src/rendering/proxy_box.dart:115:18)
#57     RenderObject.layout (package:flutter/src/rendering/object.dart:2775:7)
#58     RenderProxyBoxMixin.performLayout (package:flutter/src/rendering/proxy_box.dart:115:18)
#59     RenderObject.layout (package:flutter/src/rendering/object.dart:2775:7)
#60     RenderProxyBoxMixin.performLayout (package:flutter/src/rendering/proxy_box.dart:115:18)
#61     RenderObject.layout (package:flutter/src/rendering/object.dart:2775:7)
#62     RenderProxyBoxMixin.performLayout (package:flutter/src/rendering/proxy_box.dart:115:18)
#63     RenderObject.layout (package:flutter/src/rendering/object.dart:2775:7)
#64     RenderProxyBoxMixin.performLayout (package:flutter/src/rendering/proxy_box.dart:115:18)
#65     RenderObject.layout (package:flutter/src/rendering/object.dart:2775:7)
#66     RenderProxyBoxMixin.performLayout (package:flutter/src/rendering/proxy_box.dart:115:18)
#67     RenderObject.layout (package:flutter/src/rendering/object.dart:2775:7)
#68     RenderProxyBoxMixin.performLayout (package:flutter/src/rendering/proxy_box.dart:115:18)
#69     RenderObject.layout (package:flutter/src/rendering/object.dart:2775:7)
#70     RenderProxyBoxMixin.performLayout (package:flutter/src/rendering/proxy_box.dart:115:18)
#71     RenderObject.layout (package:flutter/src/rendering/object.dart:2775:7)
#72     RenderProxyBoxMixin.performLayout (package:flutter/src/rendering/proxy_box.dart:115:18)
#73     RenderObject.layout (package:flutter/src/rendering/object.dart:2775:7)
#74     RenderProxyBoxMixin.performLayout (package:flutter/src/rendering/proxy_box.dart:115:18)
#75     RenderObject.layout (package:flutter/src/rendering/object.dart:2775:7)
#76     RenderProxyBoxMixin.performLayout (package:flutter/src/rendering/proxy_box.dart:115:18)
#77     RenderObject.layout (package:flutter/src/rendering/object.dart:2775:7)
#78     RenderProxyBoxMixin.performLayout (package:flutter/src/rendering/proxy_box.dart:115:18)
#79     RenderObject.layout (package:flutter/src/rendering/object.dart:2775:7)
#80     RenderProxyBoxMixin.performLayout (package:flutter/src/rendering/proxy_box.dart:115:18)
#81     RenderObject.layout (package:flutter/src/rendering/object.dart:2775:7)
#82     RenderProxyBoxMixin.performLayout (package:flutter/src/rendering/proxy_box.dart:115:18)
#83     RenderObject.layout (package:flutter/src/rendering/object.dart:2775:7)
#84     RenderProxyBoxMixin.performLayout (package:flutter/src/rendering/proxy_box.dart:115:18)
#85     RenderObject.layout (package:flutter/src/rendering/object.dart:2775:7)
#86     RenderProxyBoxMixin.performLayout (package:flutter/src/rendering/proxy_box.dart:115:18)
#87     RenderOffstage.performLayout (package:flutter/src/rendering/proxy_box.dart:3848:13)
#88     RenderObject.layout (package:flutter/src/rendering/object.dart:2775:7)
#89     RenderProxyBoxMixin.performLayout (package:flutter/src/rendering/proxy_box.dart:115:18)
#90     RenderObject.layout (package:flutter/src/rendering/object.dart:2775:7)
#91     _RenderTheaterMixin.layoutChild (package:flutter/src/widgets/overlay.dart:1084:13)
#92     _RenderTheater.performLayout (package:flutter/src/widgets/overlay.dart:1429:9)
#93     RenderObject.layout (package:flutter/src/rendering/object.dart:2775:7)
#94     RenderProxyBoxMixin.performLayout (package:flutter/src/rendering/proxy_box.dart:115:18)
#95     RenderObject.layout (package:flutter/src/rendering/object.dart:2775:7)
#96     RenderProxyBoxMixin.performLayout (package:flutter/src/rendering/proxy_box.dart:115:18)
#97     RenderObject.layout (package:flutter/src/rendering/object.dart:2775:7)
#98     ChildLayoutHelper.layoutChild (package:flutter/src/rendering/layout_helper.dart:62:11)
#99     RenderStack._computeSize (package:flutter/src/rendering/stack.dart:645:43)
#100    RenderStack.performLayout (package:flutter/src/rendering/stack.dart:680:12)
#101    RenderObject.layout (package:flutter/src/rendering/object.dart:2775:7)
#102    RenderProxyBoxMixin.performLayout (package:flutter/src/rendering/proxy_box.dart:115:18)
#103    RenderObject.layout (package:flutter/src/rendering/object.dart:2775:7)
#104    RenderProxyBoxMixin.performLayout (package:flutter/src/rendering/proxy_box.dart:115:18)
#105    RenderObject.layout (package:flutter/src/rendering/object.dart:2775:7)
#106    RenderProxyBoxMixin.performLayout (package:flutter/src/rendering/proxy_box.dart:115:18)
#107    RenderObject.layout (package:flutter/src/rendering/object.dart:2775:7)
#108    RenderProxyBoxMixin.performLayout (package:flutter/src/rendering/proxy_box.dart:115:18)
#109    RenderObject.layout (package:flutter/src/rendering/object.dart:2775:7)
#110    RenderProxyBoxMixin.performLayout (package:flutter/src/rendering/proxy_box.dart:115:18)
#111    RenderObject.layout (package:flutter/src/rendering/object.dart:2775:7)
#112    RenderProxyBoxMixin.performLayout (package:flutter/src/rendering/proxy_box.dart:115:18)
#113    RenderObject.layout (package:flutter/src/rendering/object.dart:2775:7)
#114    RenderView.performLayout (package:flutter/src/rendering/view.dart:294:12)
#115    RenderObject._layoutWithoutResize (package:flutter/src/rendering/object.dart:2623:7)
#116    PipelineOwner.flushLayout (package:flutter/src/rendering/object.dart:1170:18)
#117    PipelineOwner.flushLayout (package:flutter/src/rendering/object.dart:1183:15)
#118    AutomatedTestWidgetsFlutterBinding.drawFrame (package:flutter_test/src/binding.dart:1508:27)
#119    RendererBinding._handlePersistentFrameCallback (package:flutter/src/rendering/binding.dart:495:5)
#120    SchedulerBinding._invokeFrameCallback (package:flutter/src/scheduler/binding.dart:1434:15)
#121    SchedulerBinding.handleDrawFrame (package:flutter/src/scheduler/binding.dart:1347:9)
#122    AutomatedTestWidgetsFlutterBinding.pump.<anonymous closure> (package:flutter_test/src/binding.dart:1335:9)
#125    TestAsyncUtils.guard (package:flutter_test/src/test_async_utils.dart:74:41)
#126    AutomatedTestWidgetsFlutterBinding.pump (package:flutter_test/src/binding.dart:1324:27)
#127    WidgetTester.pumpWidget.<anonymous closure> (package:flutter_test/src/widget_tester.dart:598:22)
#130    TestAsyncUtils.guard (package:flutter_test/src/test_async_utils.dart:74:41)
#131    WidgetTester.pumpWidget (package:flutter_test/src/widget_tester.dart:595:27)
#132    main.<anonymous closure> (file:///D:/Mystery/programming/projects/PYTHON_PROJECTS/focus/focus_gg/focus_flutter/test/widget_test.dart:19:18)
#133    testWidgets.<anonymous closure>.<anonymous closure> (package:flutter_test/src/widget_tester.dart:192:29)
<asynchronous suspension>
#134    TestWidgetsFlutterBinding._runTestBody (package:flutter_test/src/binding.dart:1059:5)
<asynchronous suspension>
<asynchronous suspension>
(elided 7 frames from class _AssertionError, dart:async, and package:stack_trace)

The following RenderObject was being processed when the exception was fired: RenderSemanticsGestureHandler#bece2 relayoutBoundary=up5 NEEDS-LAYOUT NEEDS-PAINT NEEDS-COMPOSITING-BITS-UPDATE:
  creator: _GestureSemantics ΓåÉ RawGestureDetector-[LabeledGlobalKey<RawGestureDetectorState>#b16d0] ΓåÉ
    Listener ΓåÉ _ScrollableScope ΓåÉ _ScrollSemantics-[GlobalKey#1fa52] ΓåÉ
    NotificationListener<ScrollMetricsNotification> ΓåÉ Transform ΓåÉ StretchEffect ΓåÉ ClipRect ΓåÉ
    AnimatedBuilder ΓåÉ NotificationListener<ScrollNotification> ΓåÉ StretchingOverscrollIndicator ΓåÉ Γï»
  parentData: <none> (can use size)
  constraints: BoxConstraints(0.0<=w<=800.0, 0.0<=h<=534.0)
  size: MISSING
  behavior: opaque
  gestures: <none>
This RenderObject had the following descendants (showing up to depth 5):
    child: RenderPointerListener#6d0ca relayoutBoundary=up6 NEEDS-PAINT NEEDS-COMPOSITING-BITS-UPDATE
      child: RenderSemanticsAnnotations#4d9bb relayoutBoundary=up7 NEEDS-PAINT NEEDS-COMPOSITING-BITS-UPDATE
        child: RenderIgnorePointer#2211b relayoutBoundary=up8 NEEDS-PAINT NEEDS-COMPOSITING-BITS-UPDATE
          child: _RenderSingleChildViewport#06cd3 relayoutBoundary=up9 NEEDS-PAINT NEEDS-COMPOSITING-BITS-UPDATE
            child: RenderPadding#05935 relayoutBoundary=up10 NEEDS-PAINT NEEDS-COMPOSITING-BITS-UPDATE
ΓòÉΓòÉΓòÉΓòÉΓòÉΓòÉΓòÉΓòÉΓòÉΓòÉΓòÉΓòÉΓòÉΓòÉΓòÉΓòÉΓòÉΓòÉΓòÉΓòÉΓòÉΓòÉΓòÉΓòÉΓòÉΓòÉΓòÉΓòÉΓòÉΓòÉΓòÉΓòÉΓòÉΓòÉΓòÉΓòÉΓòÉΓòÉΓòÉΓòÉΓòÉΓòÉΓòÉΓòÉΓòÉΓòÉΓòÉΓòÉΓòÉΓòÉΓòÉΓòÉΓòÉΓòÉΓòÉΓòÉΓòÉΓòÉΓòÉΓòÉΓòÉΓòÉΓòÉΓòÉΓòÉΓòÉΓòÉΓòÉΓòÉΓòÉΓòÉΓòÉΓòÉΓòÉΓòÉΓòÉΓòÉΓòÉΓòÉΓòÉΓòÉΓòÉΓòÉΓòÉΓòÉΓòÉΓòÉΓòÉΓòÉΓòÉΓòÉΓòÉΓòÉΓòÉΓòÉΓòÉΓòÉΓòÉΓòÉΓòÉ
ΓòÉΓòÉΓòí EXCEPTION CAUGHT BY RENDERING LIBRARY Γò₧ΓòÉΓòÉΓòÉΓòÉΓòÉΓòÉΓòÉΓòÉΓòÉΓòÉΓòÉΓòÉΓòÉΓòÉΓòÉΓòÉΓòÉΓòÉΓòÉΓòÉΓòÉΓòÉΓòÉΓòÉΓòÉΓòÉΓòÉΓòÉΓòÉΓòÉΓòÉΓòÉΓòÉΓòÉΓòÉΓòÉΓòÉΓòÉΓòÉΓòÉΓòÉΓòÉΓòÉΓòÉΓòÉΓòÉΓòÉΓòÉΓòÉΓòÉΓòÉΓòÉΓòÉΓòÉΓòÉΓòÉΓòÉ
The following assertion was thrown during performLayout():
RenderBox was not laid out: RenderSemanticsGestureHandler#bece2 relayoutBoundary=up5 NEEDS-PAINT
NEEDS-COMPOSITING-BITS-UPDATE
'package:flutter/src/rendering/box.dart':
Failed assertion: line 2251 pos 12: 'hasSize'

Either the assertion indicates an error in the framework itself, or we should provide substantially
more information in this error message to help you determine and fix the underlying cause.
In either case, please report this assertion by filing a bug on GitHub:
  https://github.com/flutter/flutter/issues/new?template=02_bug.yml

The relevant error-causing widget was:
  SingleChildScrollView
  SingleChildScrollView:file:///D:/Mystery/programming/projects/PYTHON_PROJECTS/focus/focus_gg/focus_flutter/lib/features/dashboard/dashboard_screen.dart:132:13

When the exception was thrown, this was the stack:
#2      RenderBox.size (package:flutter/src/rendering/box.dart:2251:12)
#3      RenderProxyBoxMixin.performLayout (package:flutter/src/rendering/proxy_box.dart:115:62)
#4      RenderObject.layout (package:flutter/src/rendering/object.dart:2775:7)
#5      RenderProxyBoxMixin.performLayout (package:flutter/src/rendering/proxy_box.dart:115:18)
#6      RenderObject.layout (package:flutter/src/rendering/object.dart:2775:7)
#7      RenderProxyBoxMixin.performLayout (package:flutter/src/rendering/proxy_box.dart:115:18)
#8      RenderObject.layout (package:flutter/src/rendering/object.dart:2775:7)
#9      RenderProxyBoxMixin.performLayout (package:flutter/src/rendering/proxy_box.dart:115:18)
#10     _RenderCustomClip.performLayout (package:flutter/src/rendering/proxy_box.dart:1481:11)
#11     RenderObject.layout (package:flutter/src/rendering/object.dart:2775:7)
#12     MultiChildLayoutDelegate.layoutChild (package:flutter/src/rendering/custom_layout.dart:180:12)
#13     _ScaffoldLayout.performLayout (package:flutter/src/material/scaffold.dart:1112:7)
#14     MultiChildLayoutDelegate._callPerformLayout (package:flutter/src/rendering/custom_layout.dart:249:7)
#15     RenderCustomMultiChildLayoutBox.performLayout (package:flutter/src/rendering/custom_layout.dart:420:14)
#16     RenderObject.layout (package:flutter/src/rendering/object.dart:2775:7)
#17     RenderProxyBoxMixin.performLayout (package:flutter/src/rendering/proxy_box.dart:115:18)
#18     RenderObject.layout (package:flutter/src/rendering/object.dart:2775:7)
#19     RenderProxyBoxMixin.performLayout (package:flutter/src/rendering/proxy_box.dart:115:18)
#20     _RenderCustomClip.performLayout (package:flutter/src/rendering/proxy_box.dart:1481:11)
#21     RenderObject.layout (package:flutter/src/rendering/object.dart:2775:7)
#22     RenderProxyBoxMixin.performLayout (package:flutter/src/rendering/proxy_box.dart:115:18)
#23     RenderObject.layout (package:flutter/src/rendering/object.dart:2775:7)
#24     RenderProxyBoxMixin.performLayout (package:flutter/src/rendering/proxy_box.dart:115:18)
#25     RenderObject.layout (package:flutter/src/rendering/object.dart:2775:7)
#26     RenderProxyBoxMixin.performLayout (package:flutter/src/rendering/proxy_box.dart:115:18)
#27     RenderObject.layout (package:flutter/src/rendering/object.dart:2775:7)
#28     RenderProxyBoxMixin.performLayout (package:flutter/src/rendering/proxy_box.dart:115:18)
#29     RenderObject.layout (package:flutter/src/rendering/object.dart:2775:7)
#30     RenderProxyBoxMixin.performLayout (package:flutter/src/rendering/proxy_box.dart:115:18)
#31     RenderObject.layout (package:flutter/src/rendering/object.dart:2775:7)
#32     RenderProxyBoxMixin.performLayout (package:flutter/src/rendering/proxy_box.dart:115:18)
#33     RenderOffstage.performLayout (package:flutter/src/rendering/proxy_box.dart:3848:13)
#34     RenderObject.layout (package:flutter/src/rendering/object.dart:2775:7)
#35     RenderProxyBoxMixin.performLayout (package:flutter/src/rendering/proxy_box.dart:115:18)
#36     RenderObject.layout (package:flutter/src/rendering/object.dart:2775:7)
#37     _RenderTheaterMixin.layoutChild (package:flutter/src/widgets/overlay.dart:1084:13)
#38     _RenderTheater.performLayout (package:flutter/src/widgets/overlay.dart:1429:9)
#39     RenderObject.layout (package:flutter/src/rendering/object.dart:2775:7)
#40     RenderProxyBoxMixin.performLayout (package:flutter/src/rendering/proxy_box.dart:115:18)
#41     RenderObject.layout (package:flutter/src/rendering/object.dart:2775:7)
#42     RenderProxyBoxMixin.performLayout (package:flutter/src/rendering/proxy_box.dart:115:18)
#43     RenderObject.layout (package:flutter/src/rendering/object.dart:2775:7)
#44     MultiChildLayoutDelegate.layoutChild (package:flutter/src/rendering/custom_layout.dart:180:12)
#45     _ScaffoldLayout.performLayout (package:flutter/src/material/scaffold.dart:1112:7)
#46     MultiChildLayoutDelegate._callPerformLayout (package:flutter/src/rendering/custom_layout.dart:249:7)
#47     RenderCustomMultiChildLayoutBox.performLayout (package:flutter/src/rendering/custom_layout.dart:420:14)
#48     RenderObject.layout (package:flutter/src/rendering/object.dart:2775:7)
#49     RenderProxyBoxMixin.performLayout (package:flutter/src/rendering/proxy_box.dart:115:18)
#50     RenderObject.layout (package:flutter/src/rendering/object.dart:2775:7)
#51     RenderProxyBoxMixin.performLayout (package:flutter/src/rendering/proxy_box.dart:115:18)
#52     _RenderCustomClip.performLayout (package:flutter/src/rendering/proxy_box.dart:1481:11)
#53     RenderObject.layout (package:flutter/src/rendering/object.dart:2775:7)
#54     RenderProxyBoxMixin.performLayout (package:flutter/src/rendering/proxy_box.dart:115:18)
#55     RenderObject.layout (package:flutter/src/rendering/object.dart:2775:7)
#56     RenderProxyBoxMixin.performLayout (package:flutter/src/rendering/proxy_box.dart:115:18)
#57     RenderObject.layout (package:flutter/src/rendering/object.dart:2775:7)
#58     RenderProxyBoxMixin.performLayout (package:flutter/src/rendering/proxy_box.dart:115:18)
#59     RenderObject.layout (package:flutter/src/rendering/object.dart:2775:7)
#60     RenderProxyBoxMixin.performLayout (package:flutter/src/rendering/proxy_box.dart:115:18)
#61     RenderObject.layout (package:flutter/src/rendering/object.dart:2775:7)
#62     RenderProxyBoxMixin.performLayout (package:flutter/src/rendering/proxy_box.dart:115:18)
#63     RenderObject.layout (package:flutter/src/rendering/object.dart:2775:7)
#64     RenderProxyBoxMixin.performLayout (package:flutter/src/rendering/proxy_box.dart:115:18)
#65     RenderObject.layout (package:flutter/src/rendering/object.dart:2775:7)
#66     RenderProxyBoxMixin.performLayout (package:flutter/src/rendering/proxy_box.dart:115:18)
#67     RenderObject.layout (package:flutter/src/rendering/object.dart:2775:7)
#68     RenderProxyBoxMixin.performLayout (package:flutter/src/rendering/proxy_box.dart:115:18)
#69     RenderObject.layout (package:flutter/src/rendering/object.dart:2775:7)
#70     RenderProxyBoxMixin.performLayout (package:flutter/src/rendering/proxy_box.dart:115:18)
#71     RenderObject.layout (package:flutter/src/rendering/object.dart:2775:7)
#72     RenderProxyBoxMixin.performLayout (package:flutter/src/rendering/proxy_box.dart:115:18)
#73     RenderObject.layout (package:flutter/src/rendering/object.dart:2775:7)
#74     RenderProxyBoxMixin.performLayout (package:flutter/src/rendering/proxy_box.dart:115:18)
#75     RenderObject.layout (package:flutter/src/rendering/object.dart:2775:7)
#76     RenderProxyBoxMixin.performLayout (package:flutter/src/rendering/proxy_box.dart:115:18)
#77     RenderObject.layout (package:flutter/src/rendering/object.dart:2775:7)
#78     RenderProxyBoxMixin.performLayout (package:flutter/src/rendering/proxy_box.dart:115:18)
#79     RenderObject.layout (package:flutter/src/rendering/object.dart:2775:7)
#80     RenderProxyBoxMixin.performLayout (package:flutter/src/rendering/proxy_box.dart:115:18)
#81     RenderObject.layout (package:flutter/src/rendering/object.dart:2775:7)
#82     RenderProxyBoxMixin.performLayout (package:flutter/src/rendering/proxy_box.dart:115:18)
#83     RenderObject.layout (package:flutter/src/rendering/object.dart:2775:7)
#84     RenderProxyBoxMixin.performLayout (package:flutter/src/rendering/proxy_box.dart:115:18)
#85     RenderOffstage.performLayout (package:flutter/src/rendering/proxy_box.dart:3848:13)
#86     RenderObject.layout (package:flutter/src/rendering/object.dart:2775:7)
#87     RenderProxyBoxMixin.performLayout (package:flutter/src/rendering/proxy_box.dart:115:18)
#88     RenderObject.layout (package:flutter/src/rendering/object.dart:2775:7)
#89     _RenderTheaterMixin.layoutChild (package:flutter/src/widgets/overlay.dart:1084:13)
#90     _RenderTheater.performLayout (package:flutter/src/widgets/overlay.dart:1429:9)
#91     RenderObject.layout (package:flutter/src/rendering/object.dart:2775:7)
#92     RenderProxyBoxMixin.performLayout (package:flutter/src/rendering/proxy_box.dart:115:18)
#93     RenderObject.layout (package:flutter/src/rendering/object.dart:2775:7)
#94     RenderProxyBoxMixin.performLayout (package:flutter/src/rendering/proxy_box.dart:115:18)
#95     RenderObject.layout (package:flutter/src/rendering/object.dart:2775:7)
#96     ChildLayoutHelper.layoutChild (package:flutter/src/rendering/layout_helper.dart:62:11)
#97     RenderStack._computeSize (package:flutter/src/rendering/stack.dart:645:43)
#98     RenderStack.performLayout (package:flutter/src/rendering/stack.dart:680:12)
#99     RenderObject.layout (package:flutter/src/rendering/object.dart:2775:7)
#100    RenderProxyBoxMixin.performLayout (package:flutter/src/rendering/proxy_box.dart:115:18)
#101    RenderObject.layout (package:flutter/src/rendering/object.dart:2775:7)
#102    RenderProxyBoxMixin.performLayout (package:flutter/src/rendering/proxy_box.dart:115:18)
#103    RenderObject.layout (package:flutter/src/rendering/object.dart:2775:7)
#104    RenderProxyBoxMixin.performLayout (package:flutter/src/rendering/proxy_box.dart:115:18)
#105    RenderObject.layout (package:flutter/src/rendering/object.dart:2775:7)
#106    RenderProxyBoxMixin.performLayout (package:flutter/src/rendering/proxy_box.dart:115:18)
#107    RenderObject.layout (package:flutter/src/rendering/object.dart:2775:7)
#108    RenderProxyBoxMixin.performLayout (package:flutter/src/rendering/proxy_box.dart:115:18)
#109    RenderObject.layout (package:flutter/src/rendering/object.dart:2775:7)
#110    RenderProxyBoxMixin.performLayout (package:flutter/src/rendering/proxy_box.dart:115:18)
#111    RenderObject.layout (package:flutter/src/rendering/object.dart:2775:7)
#112    RenderView.performLayout (package:flutter/src/rendering/view.dart:294:12)
#113    RenderObject._layoutWithoutResize (package:flutter/src/rendering/object.dart:2623:7)
#114    PipelineOwner.flushLayout (package:flutter/src/rendering/object.dart:1170:18)
#115    PipelineOwner.flushLayout (package:flutter/src/rendering/object.dart:1183:15)
#116    AutomatedTestWidgetsFlutterBinding.drawFrame (package:flutter_test/src/binding.dart:1508:27)
#117    RendererBinding._handlePersistentFrameCallback (package:flutter/src/rendering/binding.dart:495:5)
#118    SchedulerBinding._invokeFrameCallback (package:flutter/src/scheduler/binding.dart:1434:15)
#119    SchedulerBinding.handleDrawFrame (package:flutter/src/scheduler/binding.dart:1347:9)
#120    AutomatedTestWidgetsFlutterBinding.pump.<anonymous closure> (package:flutter_test/src/binding.dart:1335:9)
#123    TestAsyncUtils.guard (package:flutter_test/src/test_async_utils.dart:74:41)
#124    AutomatedTestWidgetsFlutterBinding.pump (package:flutter_test/src/binding.dart:1324:27)
#125    WidgetTester.pumpWidget.<anonymous closure> (package:flutter_test/src/widget_tester.dart:598:22)
#128    TestAsyncUtils.guard (package:flutter_test/src/test_async_utils.dart:74:41)
#129    WidgetTester.pumpWidget (package:flutter_test/src/widget_tester.dart:595:27)
#130    main.<anonymous closure> (file:///D:/Mystery/programming/projects/PYTHON_PROJECTS/focus/focus_gg/focus_flutter/test/widget_test.dart:19:18)
#131    testWidgets.<anonymous closure>.<anonymous closure> (package:flutter_test/src/widget_tester.dart:192:29)
<asynchronous suspension>
#132    TestWidgetsFlutterBinding._runTestBody (package:flutter_test/src/binding.dart:1059:5)
<asynchronous suspension>
<asynchronous suspension>
(elided 7 frames from class _AssertionError, dart:async, and package:stack_trace)

The following RenderObject was being processed when the exception was fired: RenderPointerListener#1e896 relayoutBoundary=up4 NEEDS-LAYOUT NEEDS-PAINT NEEDS-COMPOSITING-BITS-UPDATE:
  creator: Listener ΓåÉ _ScrollableScope ΓåÉ _ScrollSemantics-[GlobalKey#1fa52] ΓåÉ
    NotificationListener<ScrollMetricsNotification> ΓåÉ Transform ΓåÉ StretchEffect ΓåÉ ClipRect ΓåÉ
    AnimatedBuilder ΓåÉ NotificationListener<ScrollNotification> ΓåÉ StretchingOverscrollIndicator ΓåÉ
    Scrollable ΓåÉ PrimaryScrollController ΓåÉ Γï»
  parentData: <none> (can use size)
  constraints: BoxConstraints(0.0<=w<=800.0, 0.0<=h<=534.0)
  size: MISSING
  behavior: deferToChild
  listeners: signal
This RenderObject had the following descendants (showing up to depth 5):
    child: RenderSemanticsGestureHandler#bece2 relayoutBoundary=up5 NEEDS-PAINT NEEDS-COMPOSITING-BITS-UPDATE
      child: RenderPointerListener#6d0ca relayoutBoundary=up6 NEEDS-PAINT NEEDS-COMPOSITING-BITS-UPDATE
        child: RenderSemanticsAnnotations#4d9bb relayoutBoundary=up7 NEEDS-PAINT NEEDS-COMPOSITING-BITS-UPDATE
          child: RenderIgnorePointer#2211b relayoutBoundary=up8 NEEDS-PAINT NEEDS-COMPOSITING-BITS-UPDATE
            child: _RenderSingleChildViewport#06cd3 relayoutBoundary=up9 NEEDS-PAINT NEEDS-COMPOSITING-BITS-UPDATE
ΓòÉΓòÉΓòÉΓòÉΓòÉΓòÉΓòÉΓòÉΓòÉΓòÉΓòÉΓòÉΓòÉΓòÉΓòÉΓòÉΓòÉΓòÉΓòÉΓòÉΓòÉΓòÉΓòÉΓòÉΓòÉΓòÉΓòÉΓòÉΓòÉΓòÉΓòÉΓòÉΓòÉΓòÉΓòÉΓòÉΓòÉΓòÉΓòÉΓòÉΓòÉΓòÉΓòÉΓòÉΓòÉΓòÉΓòÉΓòÉΓòÉΓòÉΓòÉΓòÉΓòÉΓòÉΓòÉΓòÉΓòÉΓòÉΓòÉΓòÉΓòÉΓòÉΓòÉΓòÉΓòÉΓòÉΓòÉΓòÉΓòÉΓòÉΓòÉΓòÉΓòÉΓòÉΓòÉΓòÉΓòÉΓòÉΓòÉΓòÉΓòÉΓòÉΓòÉΓòÉΓòÉΓòÉΓòÉΓòÉΓòÉΓòÉΓòÉΓòÉΓòÉΓòÉΓòÉΓòÉΓòÉΓòÉΓòÉΓòÉ
ΓòÉΓòÉΓòí EXCEPTION CAUGHT BY RENDERING LIBRARY Γò₧ΓòÉΓòÉΓòÉΓòÉΓòÉΓòÉΓòÉΓòÉΓòÉΓòÉΓòÉΓòÉΓòÉΓòÉΓòÉΓòÉΓòÉΓòÉΓòÉΓòÉΓòÉΓòÉΓòÉΓòÉΓòÉΓòÉΓòÉΓòÉΓòÉΓòÉΓòÉΓòÉΓòÉΓòÉΓòÉΓòÉΓòÉΓòÉΓòÉΓòÉΓòÉΓòÉΓòÉΓòÉΓòÉΓòÉΓòÉΓòÉΓòÉΓòÉΓòÉΓòÉΓòÉΓòÉΓòÉΓòÉΓòÉ
The following assertion was thrown during performLayout():
RenderBox was not laid out: RenderPointerListener#1e896 relayoutBoundary=up4 NEEDS-PAINT
NEEDS-COMPOSITING-BITS-UPDATE
'package:flutter/src/rendering/box.dart':
Failed assertion: line 2251 pos 12: 'hasSize'

Either the assertion indicates an error in the framework itself, or we should provide substantially
more information in this error message to help you determine and fix the underlying cause.
In either case, please report this assertion by filing a bug on GitHub:
  https://github.com/flutter/flutter/issues/new?template=02_bug.yml

The relevant error-causing widget was:
  SingleChildScrollView
  SingleChildScrollView:file:///D:/Mystery/programming/projects/PYTHON_PROJECTS/focus/focus_gg/focus_flutter/lib/features/dashboard/dashboard_screen.dart:132:13

When the exception was thrown, this was the stack:
#2      RenderBox.size (package:flutter/src/rendering/box.dart:2251:12)
#3      RenderProxyBoxMixin.performLayout (package:flutter/src/rendering/proxy_box.dart:115:62)
#4      RenderObject.layout (package:flutter/src/rendering/object.dart:2775:7)
#5      RenderProxyBoxMixin.performLayout (package:flutter/src/rendering/proxy_box.dart:115:18)
#6      RenderObject.layout (package:flutter/src/rendering/object.dart:2775:7)
#7      RenderProxyBoxMixin.performLayout (package:flutter/src/rendering/proxy_box.dart:115:18)
#8      _RenderCustomClip.performLayout (package:flutter/src/rendering/proxy_box.dart:1481:11)
#9      RenderObject.layout (package:flutter/src/rendering/object.dart:2775:7)
#10     MultiChildLayoutDelegate.layoutChild (package:flutter/src/rendering/custom_layout.dart:180:12)
#11     _ScaffoldLayout.performLayout (package:flutter/src/material/scaffold.dart:1112:7)
#12     MultiChildLayoutDelegate._callPerformLayout (package:flutter/src/rendering/custom_layout.dart:249:7)
#13     RenderCustomMultiChildLayoutBox.performLayout (package:flutter/src/rendering/custom_layout.dart:420:14)
#14     RenderObject.layout (package:flutter/src/rendering/object.dart:2775:7)
#15     RenderProxyBoxMixin.performLayout (package:flutter/src/rendering/proxy_box.dart:115:18)
#16     RenderObject.layout (package:flutter/src/rendering/object.dart:2775:7)
#17     RenderProxyBoxMixin.performLayout (package:flutter/src/rendering/proxy_box.dart:115:18)
#18     _RenderCustomClip.performLayout (package:flutter/src/rendering/proxy_box.dart:1481:11)
#19     RenderObject.layout (package:flutter/src/rendering/object.dart:2775:7)
#20     RenderProxyBoxMixin.performLayout (package:flutter/src/rendering/proxy_box.dart:115:18)
#21     RenderObject.layout (package:flutter/src/rendering/object.dart:2775:7)
#22     RenderProxyBoxMixin.performLayout (package:flutter/src/rendering/proxy_box.dart:115:18)
#23     RenderObject.layout (package:flutter/src/rendering/object.dart:2775:7)
#24     RenderProxyBoxMixin.performLayout (package:flutter/src/rendering/proxy_box.dart:115:18)
#25     RenderObject.layout (package:flutter/src/rendering/object.dart:2775:7)
#26     RenderProxyBoxMixin.performLayout (package:flutter/src/rendering/proxy_box.dart:115:18)
#27     RenderObject.layout (package:flutter/src/rendering/object.dart:2775:7)
#28     RenderProxyBoxMixin.performLayout (package:flutter/src/rendering/proxy_box.dart:115:18)
#29     RenderObject.layout (package:flutter/src/rendering/object.dart:2775:7)
#30     RenderProxyBoxMixin.performLayout (package:flutter/src/rendering/proxy_box.dart:115:18)
#31     RenderOffstage.performLayout (package:flutter/src/rendering/proxy_box.dart:3848:13)
#32     RenderObject.layout (package:flutter/src/rendering/object.dart:2775:7)
#33     RenderProxyBoxMixin.performLayout (package:flutter/src/rendering/proxy_box.dart:115:18)
#34     RenderObject.layout (package:flutter/src/rendering/object.dart:2775:7)
#35     _RenderTheaterMixin.layoutChild (package:flutter/src/widgets/overlay.dart:1084:13)
#36     _RenderTheater.performLayout (package:flutter/src/widgets/overlay.dart:1429:9)
#37     RenderObject.layout (package:flutter/src/rendering/object.dart:2775:7)
#38     RenderProxyBoxMixin.performLayout (package:flutter/src/rendering/proxy_box.dart:115:18)
#39     RenderObject.layout (package:flutter/src/rendering/object.dart:2775:7)
#40     RenderProxyBoxMixin.performLayout (package:flutter/src/rendering/proxy_box.dart:115:18)
#41     RenderObject.layout (package:flutter/src/rendering/object.dart:2775:7)
#42     MultiChildLayoutDelegate.layoutChild (package:flutter/src/rendering/custom_layout.dart:180:12)
#43     _ScaffoldLayout.performLayout (package:flutter/src/material/scaffold.dart:1112:7)
#44     MultiChildLayoutDelegate._callPerformLayout (package:flutter/src/rendering/custom_layout.dart:249:7)
#45     RenderCustomMultiChildLayoutBox.performLayout (package:flutter/src/rendering/custom_layout.dart:420:14)
#46     RenderObject.layout (package:flutter/src/rendering/object.dart:2775:7)
#47     RenderProxyBoxMixin.performLayout (package:flutter/src/rendering/proxy_box.dart:115:18)
#48     RenderObject.layout (package:flutter/src/rendering/object.dart:2775:7)
#49     RenderProxyBoxMixin.performLayout (package:flutter/src/rendering/proxy_box.dart:115:18)
#50     _RenderCustomClip.performLayout (package:flutter/src/rendering/proxy_box.dart:1481:11)
#51     RenderObject.layout (package:flutter/src/rendering/object.dart:2775:7)
#52     RenderProxyBoxMixin.performLayout (package:flutter/src/rendering/proxy_box.dart:115:18)
#53     RenderObject.layout (package:flutter/src/rendering/object.dart:2775:7)
#54     RenderProxyBoxMixin.performLayout (package:flutter/src/rendering/proxy_box.dart:115:18)
#55     RenderObject.layout (package:flutter/src/rendering/object.dart:2775:7)
#56     RenderProxyBoxMixin.performLayout (package:flutter/src/rendering/proxy_box.dart:115:18)
#57     RenderObject.layout (package:flutter/src/rendering/object.dart:2775:7)
#58     RenderProxyBoxMixin.performLayout (package:flutter/src/rendering/proxy_box.dart:115:18)
#59     RenderObject.layout (package:flutter/src/rendering/object.dart:2775:7)
#60     RenderProxyBoxMixin.performLayout (package:flutter/src/rendering/proxy_box.dart:115:18)
#61     RenderObject.layout (package:flutter/src/rendering/object.dart:2775:7)
#62     RenderProxyBoxMixin.performLayout (package:flutter/src/rendering/proxy_box.dart:115:18)
#63     RenderObject.layout (package:flutter/src/rendering/object.dart:2775:7)
#64     RenderProxyBoxMixin.performLayout (package:flutter/src/rendering/proxy_box.dart:115:18)
#65     RenderObject.layout (package:flutter/src/rendering/object.dart:2775:7)
#66     RenderProxyBoxMixin.performLayout (package:flutter/src/rendering/proxy_box.dart:115:18)
#67     RenderObject.layout (package:flutter/src/rendering/object.dart:2775:7)
#68     RenderProxyBoxMixin.performLayout (package:flutter/src/rendering/proxy_box.dart:115:18)
#69     RenderObject.layout (package:flutter/src/rendering/object.dart:2775:7)
#70     RenderProxyBoxMixin.performLayout (package:flutter/src/rendering/proxy_box.dart:115:18)
#71     RenderObject.layout (package:flutter/src/rendering/object.dart:2775:7)
#72     RenderProxyBoxMixin.performLayout (package:flutter/src/rendering/proxy_box.dart:115:18)
#73     RenderObject.layout (package:flutter/src/rendering/object.dart:2775:7)
#74     RenderProxyBoxMixin.performLayout (package:flutter/src/rendering/proxy_box.dart:115:18)
#75     RenderObject.layout (package:flutter/src/rendering/object.dart:2775:7)
#76     RenderProxyBoxMixin.performLayout (package:flutter/src/rendering/proxy_box.dart:115:18)
#77     RenderObject.layout (package:flutter/src/rendering/object.dart:2775:7)
#78     RenderProxyBoxMixin.performLayout (package:flutter/src/rendering/proxy_box.dart:115:18)
#79     RenderObject.layout (package:flutter/src/rendering/object.dart:2775:7)
#80     RenderProxyBoxMixin.performLayout (package:flutter/src/rendering/proxy_box.dart:115:18)
#81     RenderObject.layout (package:flutter/src/rendering/object.dart:2775:7)
#82     RenderProxyBoxMixin.performLayout (package:flutter/src/rendering/proxy_box.dart:115:18)
#83     RenderOffstage.performLayout (package:flutter/src/rendering/proxy_box.dart:3848:13)
#84     RenderObject.layout (package:flutter/src/rendering/object.dart:2775:7)
#85     RenderProxyBoxMixin.performLayout (package:flutter/src/rendering/proxy_box.dart:115:18)
#86     RenderObject.layout (package:flutter/src/rendering/object.dart:2775:7)
#87     _RenderTheaterMixin.layoutChild (package:flutter/src/widgets/overlay.dart:1084:13)
#88     _RenderTheater.performLayout (package:flutter/src/widgets/overlay.dart:1429:9)
#89     RenderObject.layout (package:flutter/src/rendering/object.dart:2775:7)
#90     RenderProxyBoxMixin.performLayout (package:flutter/src/rendering/proxy_box.dart:115:18)
#91     RenderObject.layout (package:flutter/src/rendering/object.dart:2775:7)
#92     RenderProxyBoxMixin.performLayout (package:flutter/src/rendering/proxy_box.dart:115:18)
#93     RenderObject.layout (package:flutter/src/rendering/object.dart:2775:7)
#94     ChildLayoutHelper.layoutChild (package:flutter/src/rendering/layout_helper.dart:62:11)
#95     RenderStack._computeSize (package:flutter/src/rendering/stack.dart:645:43)
#96     RenderStack.performLayout (package:flutter/src/rendering/stack.dart:680:12)
#97     RenderObject.layout (package:flutter/src/rendering/object.dart:2775:7)
#98     RenderProxyBoxMixin.performLayout (package:flutter/src/rendering/proxy_box.dart:115:18)
#99     RenderObject.layout (package:flutter/src/rendering/object.dart:2775:7)
#100    RenderProxyBoxMixin.performLayout (package:flutter/src/rendering/proxy_box.dart:115:18)
#101    RenderObject.layout (package:flutter/src/rendering/object.dart:2775:7)
#102    RenderProxyBoxMixin.performLayout (package:flutter/src/rendering/proxy_box.dart:115:18)
#103    RenderObject.layout (package:flutter/src/rendering/object.dart:2775:7)
#104    RenderProxyBoxMixin.performLayout (package:flutter/src/rendering/proxy_box.dart:115:18)
#105    RenderObject.layout (package:flutter/src/rendering/object.dart:2775:7)
#106    RenderProxyBoxMixin.performLayout (package:flutter/src/rendering/proxy_box.dart:115:18)
#107    RenderObject.layout (package:flutter/src/rendering/object.dart:2775:7)
#108    RenderProxyBoxMixin.performLayout (package:flutter/src/rendering/proxy_box.dart:115:18)
#109    RenderObject.layout (package:flutter/src/rendering/object.dart:2775:7)
#110    RenderView.performLayout (package:flutter/src/rendering/view.dart:294:12)
#111    RenderObject._layoutWithoutResize (package:flutter/src/rendering/object.dart:2623:7)
#112    PipelineOwner.flushLayout (package:flutter/src/rendering/object.dart:1170:18)
#113    PipelineOwner.flushLayout (package:flutter/src/rendering/object.dart:1183:15)
#114    AutomatedTestWidgetsFlutterBinding.drawFrame (package:flutter_test/src/binding.dart:1508:27)
#115    RendererBinding._handlePersistentFrameCallback (package:flutter/src/rendering/binding.dart:495:5)
#116    SchedulerBinding._invokeFrameCallback (package:flutter/src/scheduler/binding.dart:1434:15)
#117    SchedulerBinding.handleDrawFrame (package:flutter/src/scheduler/binding.dart:1347:9)
#118    AutomatedTestWidgetsFlutterBinding.pump.<anonymous closure> (package:flutter_test/src/binding.dart:1335:9)
#121    TestAsyncUtils.guard (package:flutter_test/src/test_async_utils.dart:74:41)
#122    AutomatedTestWidgetsFlutterBinding.pump (package:flutter_test/src/binding.dart:1324:27)
#123    WidgetTester.pumpWidget.<anonymous closure> (package:flutter_test/src/widget_tester.dart:598:22)
#126    TestAsyncUtils.guard (package:flutter_test/src/test_async_utils.dart:74:41)
#127    WidgetTester.pumpWidget (package:flutter_test/src/widget_tester.dart:595:27)
#128    main.<anonymous closure> (file:///D:/Mystery/programming/projects/PYTHON_PROJECTS/focus/focus_gg/focus_flutter/test/widget_test.dart:19:18)
#129    testWidgets.<anonymous closure>.<anonymous closure> (package:flutter_test/src/widget_tester.dart:192:29)
<asynchronous suspension>
#130    TestWidgetsFlutterBinding._runTestBody (package:flutter_test/src/binding.dart:1059:5)
<asynchronous suspension>
<asynchronous suspension>
(elided 7 frames from class _AssertionError, dart:async, and package:stack_trace)

The following RenderObject was being processed when the exception was fired: _RenderScrollSemantics#ebf7b relayoutBoundary=up3 NEEDS-LAYOUT NEEDS-PAINT NEEDS-COMPOSITING-BITS-UPDATE:
  creator: _ScrollSemantics-[GlobalKey#1fa52] ΓåÉ NotificationListener<ScrollMetricsNotification> ΓåÉ
    Transform ΓåÉ StretchEffect ΓåÉ ClipRect ΓåÉ AnimatedBuilder ΓåÉ NotificationListener<ScrollNotification>
    ΓåÉ StretchingOverscrollIndicator ΓåÉ Scrollable ΓåÉ PrimaryScrollController ΓåÉ SingleChildScrollView ΓåÉ
    KeyedSubtree-[GlobalKey#15fcd] ΓåÉ Γï»
  parentData: <none> (can use size)
  constraints: BoxConstraints(0.0<=w<=800.0, 0.0<=h<=534.0)
  semantic boundary
  size: MISSING
This RenderObject had the following descendants (showing up to depth 5):
    child: RenderPointerListener#1e896 relayoutBoundary=up4 NEEDS-PAINT NEEDS-COMPOSITING-BITS-UPDATE
      child: RenderSemanticsGestureHandler#bece2 relayoutBoundary=up5 NEEDS-PAINT NEEDS-COMPOSITING-BITS-UPDATE
        child: RenderPointerListener#6d0ca relayoutBoundary=up6 NEEDS-PAINT NEEDS-COMPOSITING-BITS-UPDATE
          child: RenderSemanticsAnnotations#4d9bb relayoutBoundary=up7 NEEDS-PAINT NEEDS-COMPOSITING-BITS-UPDATE
            child: RenderIgnorePointer#2211b relayoutBoundary=up8 NEEDS-PAINT NEEDS-COMPOSITING-BITS-UPDATE
ΓòÉΓòÉΓòÉΓòÉΓòÉΓòÉΓòÉΓòÉΓòÉΓòÉΓòÉΓòÉΓòÉΓòÉΓòÉΓòÉΓòÉΓòÉΓòÉΓòÉΓòÉΓòÉΓòÉΓòÉΓòÉΓòÉΓòÉΓòÉΓòÉΓòÉΓòÉΓòÉΓòÉΓòÉΓòÉΓòÉΓòÉΓòÉΓòÉΓòÉΓòÉΓòÉΓòÉΓòÉΓòÉΓòÉΓòÉΓòÉΓòÉΓòÉΓòÉΓòÉΓòÉΓòÉΓòÉΓòÉΓòÉΓòÉΓòÉΓòÉΓòÉΓòÉΓòÉΓòÉΓòÉΓòÉΓòÉΓòÉΓòÉΓòÉΓòÉΓòÉΓòÉΓòÉΓòÉΓòÉΓòÉΓòÉΓòÉΓòÉΓòÉΓòÉΓòÉΓòÉΓòÉΓòÉΓòÉΓòÉΓòÉΓòÉΓòÉΓòÉΓòÉΓòÉΓòÉΓòÉΓòÉΓòÉΓòÉΓòÉ
ΓòÉΓòÉΓòí EXCEPTION CAUGHT BY RENDERING LIBRARY Γò₧ΓòÉΓòÉΓòÉΓòÉΓòÉΓòÉΓòÉΓòÉΓòÉΓòÉΓòÉΓòÉΓòÉΓòÉΓòÉΓòÉΓòÉΓòÉΓòÉΓòÉΓòÉΓòÉΓòÉΓòÉΓòÉΓòÉΓòÉΓòÉΓòÉΓòÉΓòÉΓòÉΓòÉΓòÉΓòÉΓòÉΓòÉΓòÉΓòÉΓòÉΓòÉΓòÉΓòÉΓòÉΓòÉΓòÉΓòÉΓòÉΓòÉΓòÉΓòÉΓòÉΓòÉΓòÉΓòÉΓòÉΓòÉ
The following assertion was thrown during performLayout():
RenderBox was not laid out: _RenderScrollSemantics#ebf7b relayoutBoundary=up3 NEEDS-PAINT
NEEDS-COMPOSITING-BITS-UPDATE
'package:flutter/src/rendering/box.dart':
Failed assertion: line 2251 pos 12: 'hasSize'

Either the assertion indicates an error in the framework itself, or we should provide substantially
more information in this error message to help you determine and fix the underlying cause.
In either case, please report this assertion by filing a bug on GitHub:
  https://github.com/flutter/flutter/issues/new?template=02_bug.yml

The relevant error-causing widget was:
  SingleChildScrollView
  SingleChildScrollView:file:///D:/Mystery/programming/projects/PYTHON_PROJECTS/focus/focus_gg/focus_flutter/lib/features/dashboard/dashboard_screen.dart:132:13

When the exception was thrown, this was the stack:
#2      RenderBox.size (package:flutter/src/rendering/box.dart:2251:12)
#3      RenderProxyBoxMixin.performLayout (package:flutter/src/rendering/proxy_box.dart:115:62)
#4      RenderObject.layout (package:flutter/src/rendering/object.dart:2775:7)
#5      RenderProxyBoxMixin.performLayout (package:flutter/src/rendering/proxy_box.dart:115:18)
#6      _RenderCustomClip.performLayout (package:flutter/src/rendering/proxy_box.dart:1481:11)
#7      RenderObject.layout (package:flutter/src/rendering/object.dart:2775:7)
#8      MultiChildLayoutDelegate.layoutChild (package:flutter/src/rendering/custom_layout.dart:180:12)
#9      _ScaffoldLayout.performLayout (package:flutter/src/material/scaffold.dart:1112:7)
#10     MultiChildLayoutDelegate._callPerformLayout (package:flutter/src/rendering/custom_layout.dart:249:7)
#11     RenderCustomMultiChildLayoutBox.performLayout (package:flutter/src/rendering/custom_layout.dart:420:14)
#12     RenderObject.layout (package:flutter/src/rendering/object.dart:2775:7)
#13     RenderProxyBoxMixin.performLayout (package:flutter/src/rendering/proxy_box.dart:115:18)
#14     RenderObject.layout (package:flutter/src/rendering/object.dart:2775:7)
#15     RenderProxyBoxMixin.performLayout (package:flutter/src/rendering/proxy_box.dart:115:18)
#16     _RenderCustomClip.performLayout (package:flutter/src/rendering/proxy_box.dart:1481:11)
#17     RenderObject.layout (package:flutter/src/rendering/object.dart:2775:7)
#18     RenderProxyBoxMixin.performLayout (package:flutter/src/rendering/proxy_box.dart:115:18)
#19     RenderObject.layout (package:flutter/src/rendering/object.dart:2775:7)
#20     RenderProxyBoxMixin.performLayout (package:flutter/src/rendering/proxy_box.dart:115:18)
#21     RenderObject.layout (package:flutter/src/rendering/object.dart:2775:7)
#22     RenderProxyBoxMixin.performLayout (package:flutter/src/rendering/proxy_box.dart:115:18)
#23     RenderObject.layout (package:flutter/src/rendering/object.dart:2775:7)
#24     RenderProxyBoxMixin.performLayout (package:flutter/src/rendering/proxy_box.dart:115:18)
#25     RenderObject.layout (package:flutter/src/rendering/object.dart:2775:7)
#26     RenderProxyBoxMixin.performLayout (package:flutter/src/rendering/proxy_box.dart:115:18)
#27     RenderObject.layout (package:flutter/src/rendering/object.dart:2775:7)
#28     RenderProxyBoxMixin.performLayout (package:flutter/src/rendering/proxy_box.dart:115:18)
#29     RenderOffstage.performLayout (package:flutter/src/rendering/proxy_box.dart:3848:13)
#30     RenderObject.layout (package:flutter/src/rendering/object.dart:2775:7)
#31     RenderProxyBoxMixin.performLayout (package:flutter/src/rendering/proxy_box.dart:115:18)
#32     RenderObject.layout (package:flutter/src/rendering/object.dart:2775:7)
#33     _RenderTheaterMixin.layoutChild (package:flutter/src/widgets/overlay.dart:1084:13)
#34     _RenderTheater.performLayout (package:flutter/src/widgets/overlay.dart:1429:9)
#35     RenderObject.layout (package:flutter/src/rendering/object.dart:2775:7)
#36     RenderProxyBoxMixin.performLayout (package:flutter/src/rendering/proxy_box.dart:115:18)
#37     RenderObject.layout (package:flutter/src/rendering/object.dart:2775:7)
#38     RenderProxyBoxMixin.performLayout (package:flutter/src/rendering/proxy_box.dart:115:18)
#39     RenderObject.layout (package:flutter/src/rendering/object.dart:2775:7)
#40     MultiChildLayoutDelegate.layoutChild (package:flutter/src/rendering/custom_layout.dart:180:12)
#41     _ScaffoldLayout.performLayout (package:flutter/src/material/scaffold.dart:1112:7)
#42     MultiChildLayoutDelegate._callPerformLayout (package:flutter/src/rendering/custom_layout.dart:249:7)
#43     RenderCustomMultiChildLayoutBox.performLayout (package:flutter/src/rendering/custom_layout.dart:420:14)
#44     RenderObject.layout (package:flutter/src/rendering/object.dart:2775:7)
#45     RenderProxyBoxMixin.performLayout (package:flutter/src/rendering/proxy_box.dart:115:18)
#46     RenderObject.layout (package:flutter/src/rendering/object.dart:2775:7)
#47     RenderProxyBoxMixin.performLayout (package:flutter/src/rendering/proxy_box.dart:115:18)
#48     _RenderCustomClip.performLayout (package:flutter/src/rendering/proxy_box.dart:1481:11)
#49     RenderObject.layout (package:flutter/src/rendering/object.dart:2775:7)
#50     RenderProxyBoxMixin.performLayout (package:flutter/src/rendering/proxy_box.dart:115:18)
#51     RenderObject.layout (package:flutter/src/rendering/object.dart:2775:7)
#52     RenderProxyBoxMixin.performLayout (package:flutter/src/rendering/proxy_box.dart:115:18)
#53     RenderObject.layout (package:flutter/src/rendering/object.dart:2775:7)
#54     RenderProxyBoxMixin.performLayout (package:flutter/src/rendering/proxy_box.dart:115:18)
#55     RenderObject.layout (package:flutter/src/rendering/object.dart:2775:7)
#56     RenderProxyBoxMixin.performLayout (package:flutter/src/rendering/proxy_box.dart:115:18)
#57     RenderObject.layout (package:flutter/src/rendering/object.dart:2775:7)
#58     RenderProxyBoxMixin.performLayout (package:flutter/src/rendering/proxy_box.dart:115:18)
#59     RenderObject.layout (package:flutter/src/rendering/object.dart:2775:7)
#60     RenderProxyBoxMixin.performLayout (package:flutter/src/rendering/proxy_box.dart:115:18)
#61     RenderObject.layout (package:flutter/src/rendering/object.dart:2775:7)
#62     RenderProxyBoxMixin.performLayout (package:flutter/src/rendering/proxy_box.dart:115:18)
#63     RenderObject.layout (package:flutter/src/rendering/object.dart:2775:7)
#64     RenderProxyBoxMixin.performLayout (package:flutter/src/rendering/proxy_box.dart:115:18)
#65     RenderObject.layout (package:flutter/src/rendering/object.dart:2775:7)
#66     RenderProxyBoxMixin.performLayout (package:flutter/src/rendering/proxy_box.dart:115:18)
#67     RenderObject.layout (package:flutter/src/rendering/object.dart:2775:7)
#68     RenderProxyBoxMixin.performLayout (package:flutter/src/rendering/proxy_box.dart:115:18)
#69     RenderObject.layout (package:flutter/src/rendering/object.dart:2775:7)
#70     RenderProxyBoxMixin.performLayout (package:flutter/src/rendering/proxy_box.dart:115:18)
#71     RenderObject.layout (package:flutter/src/rendering/object.dart:2775:7)
#72     RenderProxyBoxMixin.performLayout (package:flutter/src/rendering/proxy_box.dart:115:18)
#73     RenderObject.layout (package:flutter/src/rendering/object.dart:2775:7)
#74     RenderProxyBoxMixin.performLayout (package:flutter/src/rendering/proxy_box.dart:115:18)
#75     RenderObject.layout (package:flutter/src/rendering/object.dart:2775:7)
#76     RenderProxyBoxMixin.performLayout (package:flutter/src/rendering/proxy_box.dart:115:18)
#77     RenderObject.layout (package:flutter/src/rendering/object.dart:2775:7)
#78     RenderProxyBoxMixin.performLayout (package:flutter/src/rendering/proxy_box.dart:115:18)
#79     RenderObject.layout (package:flutter/src/rendering/object.dart:2775:7)
#80     RenderProxyBoxMixin.performLayout (package:flutter/src/rendering/proxy_box.dart:115:18)
#81     RenderOffstage.performLayout (package:flutter/src/rendering/proxy_box.dart:3848:13)
#82     RenderObject.layout (package:flutter/src/rendering/object.dart:2775:7)
#83     RenderProxyBoxMixin.performLayout (package:flutter/src/rendering/proxy_box.dart:115:18)
#84     RenderObject.layout (package:flutter/src/rendering/object.dart:2775:7)
#85     _RenderTheaterMixin.layoutChild (package:flutter/src/widgets/overlay.dart:1084:13)
#86     _RenderTheater.performLayout (package:flutter/src/widgets/overlay.dart:1429:9)
#87     RenderObject.layout (package:flutter/src/rendering/object.dart:2775:7)
#88     RenderProxyBoxMixin.performLayout (package:flutter/src/rendering/proxy_box.dart:115:18)
#89     RenderObject.layout (package:flutter/src/rendering/object.dart:2775:7)
#90     RenderProxyBoxMixin.performLayout (package:flutter/src/rendering/proxy_box.dart:115:18)
#91     RenderObject.layout (package:flutter/src/rendering/object.dart:2775:7)
#92     ChildLayoutHelper.layoutChild (package:flutter/src/rendering/layout_helper.dart:62:11)
#93     RenderStack._computeSize (package:flutter/src/rendering/stack.dart:645:43)
#94     RenderStack.performLayout (package:flutter/src/rendering/stack.dart:680:12)
#95     RenderObject.layout (package:flutter/src/rendering/object.dart:2775:7)
#96     RenderProxyBoxMixin.performLayout (package:flutter/src/rendering/proxy_box.dart:115:18)
#97     RenderObject.layout (package:flutter/src/rendering/object.dart:2775:7)
#98     RenderProxyBoxMixin.performLayout (package:flutter/src/rendering/proxy_box.dart:115:18)
#99     RenderObject.layout (package:flutter/src/rendering/object.dart:2775:7)
#100    RenderProxyBoxMixin.performLayout (package:flutter/src/rendering/proxy_box.dart:115:18)
#101    RenderObject.layout (package:flutter/src/rendering/object.dart:2775:7)
#102    RenderProxyBoxMixin.performLayout (package:flutter/src/rendering/proxy_box.dart:115:18)
#103    RenderObject.layout (package:flutter/src/rendering/object.dart:2775:7)
#104    RenderProxyBoxMixin.performLayout (package:flutter/src/rendering/proxy_box.dart:115:18)
#105    RenderObject.layout (package:flutter/src/rendering/object.dart:2775:7)
#106    RenderProxyBoxMixin.performLayout (package:flutter/src/rendering/proxy_box.dart:115:18)
#107    RenderObject.layout (package:flutter/src/rendering/object.dart:2775:7)
#108    RenderView.performLayout (package:flutter/src/rendering/view.dart:294:12)
#109    RenderObject._layoutWithoutResize (package:flutter/src/rendering/object.dart:2623:7)
#110    PipelineOwner.flushLayout (package:flutter/src/rendering/object.dart:1170:18)
#111    PipelineOwner.flushLayout (package:flutter/src/rendering/object.dart:1183:15)
#112    AutomatedTestWidgetsFlutterBinding.drawFrame (package:flutter_test/src/binding.dart:1508:27)
#113    RendererBinding._handlePersistentFrameCallback (package:flutter/src/rendering/binding.dart:495:5)
#114    SchedulerBinding._invokeFrameCallback (package:flutter/src/scheduler/binding.dart:1434:15)
#115    SchedulerBinding.handleDrawFrame (package:flutter/src/scheduler/binding.dart:1347:9)
#116    AutomatedTestWidgetsFlutterBinding.pump.<anonymous closure> (package:flutter_test/src/binding.dart:1335:9)
#119    TestAsyncUtils.guard (package:flutter_test/src/test_async_utils.dart:74:41)
#120    AutomatedTestWidgetsFlutterBinding.pump (package:flutter_test/src/binding.dart:1324:27)
#121    WidgetTester.pumpWidget.<anonymous closure> (package:flutter_test/src/widget_tester.dart:598:22)
#124    TestAsyncUtils.guard (package:flutter_test/src/test_async_utils.dart:74:41)
#125    WidgetTester.pumpWidget (package:flutter_test/src/widget_tester.dart:595:27)
#126    main.<anonymous closure> (file:///D:/Mystery/programming/projects/PYTHON_PROJECTS/focus/focus_gg/focus_flutter/test/widget_test.dart:19:18)
#127    testWidgets.<anonymous closure>.<anonymous closure> (package:flutter_test/src/widget_tester.dart:192:29)
<asynchronous suspension>
#128    TestWidgetsFlutterBinding._runTestBody (package:flutter_test/src/binding.dart:1059:5)
<asynchronous suspension>
<asynchronous suspension>
(elided 7 frames from class _AssertionError, dart:async, and package:stack_trace)

The following RenderObject was being processed when the exception was fired: RenderTransform#c1aea relayoutBoundary=up2 NEEDS-LAYOUT NEEDS-PAINT NEEDS-COMPOSITING-BITS-UPDATE:
  creator: Transform ΓåÉ StretchEffect ΓåÉ ClipRect ΓåÉ AnimatedBuilder ΓåÉ
    NotificationListener<ScrollNotification> ΓåÉ StretchingOverscrollIndicator ΓåÉ Scrollable ΓåÉ
    PrimaryScrollController ΓåÉ SingleChildScrollView ΓåÉ KeyedSubtree-[GlobalKey#15fcd] ΓåÉ _BodyBuilder ΓåÉ
    MediaQuery ΓåÉ Γï»
  parentData: <none> (can use size)
  constraints: BoxConstraints(0.0<=w<=800.0, 0.0<=h<=534.0)
  size: MISSING
  transform matrix:
    [0] 1.0,0.0,0.0,0.0
    [1] 0.0,1.0,0.0,0.0
    [2] 0.0,0.0,1.0,0.0
    [3] 0.0,0.0,0.0,1.0
  origin: null
  alignment: AlignmentDirectional.bottomCenter
  textDirection: ltr
  transformHitTests: true
This RenderObject had the following descendants (showing up to depth 5):
    child: _RenderScrollSemantics#ebf7b relayoutBoundary=up3 NEEDS-PAINT NEEDS-COMPOSITING-BITS-UPDATE
      child: RenderPointerListener#1e896 relayoutBoundary=up4 NEEDS-PAINT NEEDS-COMPOSITING-BITS-UPDATE
        child: RenderSemanticsGestureHandler#bece2 relayoutBoundary=up5 NEEDS-PAINT NEEDS-COMPOSITING-BITS-UPDATE
          child: RenderPointerListener#6d0ca relayoutBoundary=up6 NEEDS-PAINT NEEDS-COMPOSITING-BITS-UPDATE
            child: RenderSemanticsAnnotations#4d9bb relayoutBoundary=up7 NEEDS-PAINT NEEDS-COMPOSITING-BITS-UPDATE
ΓòÉΓòÉΓòÉΓòÉΓòÉΓòÉΓòÉΓòÉΓòÉΓòÉΓòÉΓòÉΓòÉΓòÉΓòÉΓòÉΓòÉΓòÉΓòÉΓòÉΓòÉΓòÉΓòÉΓòÉΓòÉΓòÉΓòÉΓòÉΓòÉΓòÉΓòÉΓòÉΓòÉΓòÉΓòÉΓòÉΓòÉΓòÉΓòÉΓòÉΓòÉΓòÉΓòÉΓòÉΓòÉΓòÉΓòÉΓòÉΓòÉΓòÉΓòÉΓòÉΓòÉΓòÉΓòÉΓòÉΓòÉΓòÉΓòÉΓòÉΓòÉΓòÉΓòÉΓòÉΓòÉΓòÉΓòÉΓòÉΓòÉΓòÉΓòÉΓòÉΓòÉΓòÉΓòÉΓòÉΓòÉΓòÉΓòÉΓòÉΓòÉΓòÉΓòÉΓòÉΓòÉΓòÉΓòÉΓòÉΓòÉΓòÉΓòÉΓòÉΓòÉΓòÉΓòÉΓòÉΓòÉΓòÉΓòÉΓòÉ
ΓòÉΓòÉΓòí EXCEPTION CAUGHT BY RENDERING LIBRARY Γò₧ΓòÉΓòÉΓòÉΓòÉΓòÉΓòÉΓòÉΓòÉΓòÉΓòÉΓòÉΓòÉΓòÉΓòÉΓòÉΓòÉΓòÉΓòÉΓòÉΓòÉΓòÉΓòÉΓòÉΓòÉΓòÉΓòÉΓòÉΓòÉΓòÉΓòÉΓòÉΓòÉΓòÉΓòÉΓòÉΓòÉΓòÉΓòÉΓòÉΓòÉΓòÉΓòÉΓòÉΓòÉΓòÉΓòÉΓòÉΓòÉΓòÉΓòÉΓòÉΓòÉΓòÉΓòÉΓòÉΓòÉΓòÉ
The following assertion was thrown during performLayout():
RenderBox was not laid out: RenderTransform#c1aea relayoutBoundary=up2 NEEDS-PAINT
NEEDS-COMPOSITING-BITS-UPDATE
'package:flutter/src/rendering/box.dart':
Failed assertion: line 2251 pos 12: 'hasSize'

Either the assertion indicates an error in the framework itself, or we should provide substantially
more information in this error message to help you determine and fix the underlying cause.
In either case, please report this assertion by filing a bug on GitHub:
  https://github.com/flutter/flutter/issues/new?template=02_bug.yml

The relevant error-causing widget was:
  SingleChildScrollView
  SingleChildScrollView:file:///D:/Mystery/programming/projects/PYTHON_PROJECTS/focus/focus_gg/focus_flutter/lib/features/dashboard/dashboard_screen.dart:132:13

When the exception was thrown, this was the stack:
#2      RenderBox.size (package:flutter/src/rendering/box.dart:2251:12)
#3      RenderProxyBoxMixin.performLayout (package:flutter/src/rendering/proxy_box.dart:115:62)
#4      _RenderCustomClip.performLayout (package:flutter/src/rendering/proxy_box.dart:1481:11)
#5      RenderObject.layout (package:flutter/src/rendering/object.dart:2775:7)
#6      MultiChildLayoutDelegate.layoutChild (package:flutter/src/rendering/custom_layout.dart:180:12)
#7      _ScaffoldLayout.performLayout (package:flutter/src/material/scaffold.dart:1112:7)
#8      MultiChildLayoutDelegate._callPerformLayout (package:flutter/src/rendering/custom_layout.dart:249:7)
#9      RenderCustomMultiChildLayoutBox.performLayout (package:flutter/src/rendering/custom_layout.dart:420:14)
#10     RenderObject.layout (package:flutter/src/rendering/object.dart:2775:7)
#11     RenderProxyBoxMixin.performLayout (package:flutter/src/rendering/proxy_box.dart:115:18)
#12     RenderObject.layout (package:flutter/src/rendering/object.dart:2775:7)
#13     RenderProxyBoxMixin.performLayout (package:flutter/src/rendering/proxy_box.dart:115:18)
#14     _RenderCustomClip.performLayout (package:flutter/src/rendering/proxy_box.dart:1481:11)
#15     RenderObject.layout (package:flutter/src/rendering/object.dart:2775:7)
#16     RenderProxyBoxMixin.performLayout (package:flutter/src/rendering/proxy_box.dart:115:18)
#17     RenderObject.layout (package:flutter/src/rendering/object.dart:2775:7)
#18     RenderProxyBoxMixin.performLayout (package:flutter/src/rendering/proxy_box.dart:115:18)
#19     RenderObject.layout (package:flutter/src/rendering/object.dart:2775:7)
#20     RenderProxyBoxMixin.performLayout (package:flutter/src/rendering/proxy_box.dart:115:18)
#21     RenderObject.layout (package:flutter/src/rendering/object.dart:2775:7)
#22     RenderProxyBoxMixin.performLayout (package:flutter/src/rendering/proxy_box.dart:115:18)
#23     RenderObject.layout (package:flutter/src/rendering/object.dart:2775:7)
#24     RenderProxyBoxMixin.performLayout (package:flutter/src/rendering/proxy_box.dart:115:18)
#25     RenderObject.layout (package:flutter/src/rendering/object.dart:2775:7)
#26     RenderProxyBoxMixin.performLayout (package:flutter/src/rendering/proxy_box.dart:115:18)
#27     RenderOffstage.performLayout (package:flutter/src/rendering/proxy_box.dart:3848:13)
#28     RenderObject.layout (package:flutter/src/rendering/object.dart:2775:7)
#29     RenderProxyBoxMixin.performLayout (package:flutter/src/rendering/proxy_box.dart:115:18)
#30     RenderObject.layout (package:flutter/src/rendering/object.dart:2775:7)
#31     _RenderTheaterMixin.layoutChild (package:flutter/src/widgets/overlay.dart:1084:13)
#32     _RenderTheater.performLayout (package:flutter/src/widgets/overlay.dart:1429:9)
#33     RenderObject.layout (package:flutter/src/rendering/object.dart:2775:7)
#34     RenderProxyBoxMixin.performLayout (package:flutter/src/rendering/proxy_box.dart:115:18)
#35     RenderObject.layout (package:flutter/src/rendering/object.dart:2775:7)
#36     RenderProxyBoxMixin.performLayout (package:flutter/src/rendering/proxy_box.dart:115:18)
#37     RenderObject.layout (package:flutter/src/rendering/object.dart:2775:7)
#38     MultiChildLayoutDelegate.layoutChild (package:flutter/src/rendering/custom_layout.dart:180:12)
#39     _ScaffoldLayout.performLayout (package:flutter/src/material/scaffold.dart:1112:7)
#40     MultiChildLayoutDelegate._callPerformLayout (package:flutter/src/rendering/custom_layout.dart:249:7)
#41     RenderCustomMultiChildLayoutBox.performLayout (package:flutter/src/rendering/custom_layout.dart:420:14)
#42     RenderObject.layout (package:flutter/src/rendering/object.dart:2775:7)
#43     RenderProxyBoxMixin.performLayout (package:flutter/src/rendering/proxy_box.dart:115:18)
#44     RenderObject.layout (package:flutter/src/rendering/object.dart:2775:7)
#45     RenderProxyBoxMixin.performLayout (package:flutter/src/rendering/proxy_box.dart:115:18)
#46     _RenderCustomClip.performLayout (package:flutter/src/rendering/proxy_box.dart:1481:11)
#47     RenderObject.layout (package:flutter/src/rendering/object.dart:2775:7)
#48     RenderProxyBoxMixin.performLayout (package:flutter/src/rendering/proxy_box.dart:115:18)
#49     RenderObject.layout (package:flutter/src/rendering/object.dart:2775:7)
#50     RenderProxyBoxMixin.performLayout (package:flutter/src/rendering/proxy_box.dart:115:18)
#51     RenderObject.layout (package:flutter/src/rendering/object.dart:2775:7)
#52     RenderProxyBoxMixin.performLayout (package:flutter/src/rendering/proxy_box.dart:115:18)
#53     RenderObject.layout (package:flutter/src/rendering/object.dart:2775:7)
#54     RenderProxyBoxMixin.performLayout (package:flutter/src/rendering/proxy_box.dart:115:18)
#55     RenderObject.layout (package:flutter/src/rendering/object.dart:2775:7)
#56     RenderProxyBoxMixin.performLayout (package:flutter/src/rendering/proxy_box.dart:115:18)
#57     RenderObject.layout (package:flutter/src/rendering/object.dart:2775:7)
#58     RenderProxyBoxMixin.performLayout (package:flutter/src/rendering/proxy_box.dart:115:18)
#59     RenderObject.layout (package:flutter/src/rendering/object.dart:2775:7)
#60     RenderProxyBoxMixin.performLayout (package:flutter/src/rendering/proxy_box.dart:115:18)
#61     RenderObject.layout (package:flutter/src/rendering/object.dart:2775:7)
#62     RenderProxyBoxMixin.performLayout (package:flutter/src/rendering/proxy_box.dart:115:18)
#63     RenderObject.layout (package:flutter/src/rendering/object.dart:2775:7)
#64     RenderProxyBoxMixin.performLayout (package:flutter/src/rendering/proxy_box.dart:115:18)
#65     RenderObject.layout (package:flutter/src/rendering/object.dart:2775:7)
#66     RenderProxyBoxMixin.performLayout (package:flutter/src/rendering/proxy_box.dart:115:18)
#67     RenderObject.layout (package:flutter/src/rendering/object.dart:2775:7)
#68     RenderProxyBoxMixin.performLayout (package:flutter/src/rendering/proxy_box.dart:115:18)
#69     RenderObject.layout (package:flutter/src/rendering/object.dart:2775:7)
#70     RenderProxyBoxMixin.performLayout (package:flutter/src/rendering/proxy_box.dart:115:18)
#71     RenderObject.layout (package:flutter/src/rendering/object.dart:2775:7)
#72     RenderProxyBoxMixin.performLayout (package:flutter/src/rendering/proxy_box.dart:115:18)
#73     RenderObject.layout (package:flutter/src/rendering/object.dart:2775:7)
#74     RenderProxyBoxMixin.performLayout (package:flutter/src/rendering/proxy_box.dart:115:18)
#75     RenderObject.layout (package:flutter/src/rendering/object.dart:2775:7)
#76     RenderProxyBoxMixin.performLayout (package:flutter/src/rendering/proxy_box.dart:115:18)
#77     RenderObject.layout (package:flutter/src/rendering/object.dart:2775:7)
#78     RenderProxyBoxMixin.performLayout (package:flutter/src/rendering/proxy_box.dart:115:18)
#79     RenderOffstage.performLayout (package:flutter/src/rendering/proxy_box.dart:3848:13)
#80     RenderObject.layout (package:flutter/src/rendering/object.dart:2775:7)
#81     RenderProxyBoxMixin.performLayout (package:flutter/src/rendering/proxy_box.dart:115:18)
#82     RenderObject.layout (package:flutter/src/rendering/object.dart:2775:7)
#83     _RenderTheaterMixin.layoutChild (package:flutter/src/widgets/overlay.dart:1084:13)
#84     _RenderTheater.performLayout (package:flutter/src/widgets/overlay.dart:1429:9)
#85     RenderObject.layout (package:flutter/src/rendering/object.dart:2775:7)
#86     RenderProxyBoxMixin.performLayout (package:flutter/src/rendering/proxy_box.dart:115:18)
#87     RenderObject.layout (package:flutter/src/rendering/object.dart:2775:7)
#88     RenderProxyBoxMixin.performLayout (package:flutter/src/rendering/proxy_box.dart:115:18)
#89     RenderObject.layout (package:flutter/src/rendering/object.dart:2775:7)
#90     ChildLayoutHelper.layoutChild (package:flutter/src/rendering/layout_helper.dart:62:11)
#91     RenderStack._computeSize (package:flutter/src/rendering/stack.dart:645:43)
#92     RenderStack.performLayout (package:flutter/src/rendering/stack.dart:680:12)
#93     RenderObject.layout (package:flutter/src/rendering/object.dart:2775:7)
#94     RenderProxyBoxMixin.performLayout (package:flutter/src/rendering/proxy_box.dart:115:18)
#95     RenderObject.layout (package:flutter/src/rendering/object.dart:2775:7)
#96     RenderProxyBoxMixin.performLayout (package:flutter/src/rendering/proxy_box.dart:115:18)
#97     RenderObject.layout (package:flutter/src/rendering/object.dart:2775:7)
#98     RenderProxyBoxMixin.performLayout (package:flutter/src/rendering/proxy_box.dart:115:18)
#99     RenderObject.layout (package:flutter/src/rendering/object.dart:2775:7)
#100    RenderProxyBoxMixin.performLayout (package:flutter/src/rendering/proxy_box.dart:115:18)
#101    RenderObject.layout (package:flutter/src/rendering/object.dart:2775:7)
#102    RenderProxyBoxMixin.performLayout (package:flutter/src/rendering/proxy_box.dart:115:18)
#103    RenderObject.layout (package:flutter/src/rendering/object.dart:2775:7)
#104    RenderProxyBoxMixin.performLayout (package:flutter/src/rendering/proxy_box.dart:115:18)
#105    RenderObject.layout (package:flutter/src/rendering/object.dart:2775:7)
#106    RenderView.performLayout (package:flutter/src/rendering/view.dart:294:12)
#107    RenderObject._layoutWithoutResize (package:flutter/src/rendering/object.dart:2623:7)
#108    PipelineOwner.flushLayout (package:flutter/src/rendering/object.dart:1170:18)
#109    PipelineOwner.flushLayout (package:flutter/src/rendering/object.dart:1183:15)
#110    AutomatedTestWidgetsFlutterBinding.drawFrame (package:flutter_test/src/binding.dart:1508:27)
#111    RendererBinding._handlePersistentFrameCallback (package:flutter/src/rendering/binding.dart:495:5)
#112    SchedulerBinding._invokeFrameCallback (package:flutter/src/scheduler/binding.dart:1434:15)
#113    SchedulerBinding.handleDrawFrame (package:flutter/src/scheduler/binding.dart:1347:9)
#114    AutomatedTestWidgetsFlutterBinding.pump.<anonymous closure> (package:flutter_test/src/binding.dart:1335:9)
#117    TestAsyncUtils.guard (package:flutter_test/src/test_async_utils.dart:74:41)
#118    AutomatedTestWidgetsFlutterBinding.pump (package:flutter_test/src/binding.dart:1324:27)
#119    WidgetTester.pumpWidget.<anonymous closure> (package:flutter_test/src/widget_tester.dart:598:22)
#122    TestAsyncUtils.guard (package:flutter_test/src/test_async_utils.dart:74:41)
#123    WidgetTester.pumpWidget (package:flutter_test/src/widget_tester.dart:595:27)
#124    main.<anonymous closure> (file:///D:/Mystery/programming/projects/PYTHON_PROJECTS/focus/focus_gg/focus_flutter/test/widget_test.dart:19:18)
#125    testWidgets.<anonymous closure>.<anonymous closure> (package:flutter_test/src/widget_tester.dart:192:29)
<asynchronous suspension>
#126    TestWidgetsFlutterBinding._runTestBody (package:flutter_test/src/binding.dart:1059:5)
<asynchronous suspension>
<asynchronous suspension>
(elided 7 frames from class _AssertionError, dart:async, and package:stack_trace)

The following RenderObject was being processed when the exception was fired: RenderClipRect#3fd23 relayoutBoundary=up1 NEEDS-LAYOUT NEEDS-PAINT NEEDS-COMPOSITING-BITS-UPDATE:
  creator: ClipRect ΓåÉ AnimatedBuilder ΓåÉ NotificationListener<ScrollNotification> ΓåÉ
    StretchingOverscrollIndicator ΓåÉ Scrollable ΓåÉ PrimaryScrollController ΓåÉ SingleChildScrollView ΓåÉ
    KeyedSubtree-[GlobalKey#15fcd] ΓåÉ _BodyBuilder ΓåÉ MediaQuery ΓåÉ LayoutId-[<_ScaffoldSlot.body>] ΓåÉ
    CustomMultiChildLayout ΓåÉ Γï»
  parentData: offset=Offset(0.0, 0.0); id=_ScaffoldSlot.body (can use size)
  constraints: BoxConstraints(0.0<=w<=800.0, 0.0<=h<=534.0)
  size: MISSING
This RenderObject had the following descendants (showing up to depth 5):
    child: RenderTransform#c1aea relayoutBoundary=up2 NEEDS-PAINT NEEDS-COMPOSITING-BITS-UPDATE
      child: _RenderScrollSemantics#ebf7b relayoutBoundary=up3 NEEDS-PAINT NEEDS-COMPOSITING-BITS-UPDATE
        child: RenderPointerListener#1e896 relayoutBoundary=up4 NEEDS-PAINT NEEDS-COMPOSITING-BITS-UPDATE
          child: RenderSemanticsGestureHandler#bece2 relayoutBoundary=up5 NEEDS-PAINT NEEDS-COMPOSITING-BITS-UPDATE
            child: RenderPointerListener#6d0ca relayoutBoundary=up6 NEEDS-PAINT NEEDS-COMPOSITING-BITS-UPDATE
ΓòÉΓòÉΓòÉΓòÉΓòÉΓòÉΓòÉΓòÉΓòÉΓòÉΓòÉΓòÉΓòÉΓòÉΓòÉΓòÉΓòÉΓòÉΓòÉΓòÉΓòÉΓòÉΓòÉΓòÉΓòÉΓòÉΓòÉΓòÉΓòÉΓòÉΓòÉΓòÉΓòÉΓòÉΓòÉΓòÉΓòÉΓòÉΓòÉΓòÉΓòÉΓòÉΓòÉΓòÉΓòÉΓòÉΓòÉΓòÉΓòÉΓòÉΓòÉΓòÉΓòÉΓòÉΓòÉΓòÉΓòÉΓòÉΓòÉΓòÉΓòÉΓòÉΓòÉΓòÉΓòÉΓòÉΓòÉΓòÉΓòÉΓòÉΓòÉΓòÉΓòÉΓòÉΓòÉΓòÉΓòÉΓòÉΓòÉΓòÉΓòÉΓòÉΓòÉΓòÉΓòÉΓòÉΓòÉΓòÉΓòÉΓòÉΓòÉΓòÉΓòÉΓòÉΓòÉΓòÉΓòÉΓòÉΓòÉΓòÉ
ΓòÉΓòÉΓòí EXCEPTION CAUGHT BY RENDERING LIBRARY Γò₧ΓòÉΓòÉΓòÉΓòÉΓòÉΓòÉΓòÉΓòÉΓòÉΓòÉΓòÉΓòÉΓòÉΓòÉΓòÉΓòÉΓòÉΓòÉΓòÉΓòÉΓòÉΓòÉΓòÉΓòÉΓòÉΓòÉΓòÉΓòÉΓòÉΓòÉΓòÉΓòÉΓòÉΓòÉΓòÉΓòÉΓòÉΓòÉΓòÉΓòÉΓòÉΓòÉΓòÉΓòÉΓòÉΓòÉΓòÉΓòÉΓòÉΓòÉΓòÉΓòÉΓòÉΓòÉΓòÉΓòÉΓòÉ
The following assertion was thrown during performLayout():
RenderBox was not laid out: RenderClipRect#3fd23 relayoutBoundary=up1 NEEDS-PAINT
NEEDS-COMPOSITING-BITS-UPDATE
'package:flutter/src/rendering/box.dart':
Failed assertion: line 2251 pos 12: 'hasSize'

Either the assertion indicates an error in the framework itself, or we should provide substantially
more information in this error message to help you determine and fix the underlying cause.
In either case, please report this assertion by filing a bug on GitHub:
  https://github.com/flutter/flutter/issues/new?template=02_bug.yml

The relevant error-causing widget was:
  Scaffold
  Scaffold:file:///D:/Mystery/programming/projects/PYTHON_PROJECTS/focus/focus_gg/focus_flutter/lib/features/dashboard/dashboard_screen.dart:131:12

When the exception was thrown, this was the stack:
#2      RenderBox.size (package:flutter/src/rendering/box.dart:2251:12)
#3      MultiChildLayoutDelegate.layoutChild (package:flutter/src/rendering/custom_layout.dart:181:18)
#4      _ScaffoldLayout.performLayout (package:flutter/src/material/scaffold.dart:1112:7)
#5      MultiChildLayoutDelegate._callPerformLayout (package:flutter/src/rendering/custom_layout.dart:249:7)
#6      RenderCustomMultiChildLayoutBox.performLayout (package:flutter/src/rendering/custom_layout.dart:420:14)
#7      RenderObject.layout (package:flutter/src/rendering/object.dart:2775:7)
#8      RenderProxyBoxMixin.performLayout (package:flutter/src/rendering/proxy_box.dart:115:18)
#9      RenderObject.layout (package:flutter/src/rendering/object.dart:2775:7)
#10     RenderProxyBoxMixin.performLayout (package:flutter/src/rendering/proxy_box.dart:115:18)
#11     _RenderCustomClip.performLayout (package:flutter/src/rendering/proxy_box.dart:1481:11)
#12     RenderObject.layout (package:flutter/src/rendering/object.dart:2775:7)
#13     RenderProxyBoxMixin.performLayout (package:flutter/src/rendering/proxy_box.dart:115:18)
#14     RenderObject.layout (package:flutter/src/rendering/object.dart:2775:7)
#15     RenderProxyBoxMixin.performLayout (package:flutter/src/rendering/proxy_box.dart:115:18)
#16     RenderObject.layout (package:flutter/src/rendering/object.dart:2775:7)
#17     RenderProxyBoxMixin.performLayout (package:flutter/src/rendering/proxy_box.dart:115:18)
#18     RenderObject.layout (package:flutter/src/rendering/object.dart:2775:7)
#19     RenderProxyBoxMixin.performLayout (package:flutter/src/rendering/proxy_box.dart:115:18)
#20     RenderObject.layout (package:flutter/src/rendering/object.dart:2775:7)
#21     RenderProxyBoxMixin.performLayout (package:flutter/src/rendering/proxy_box.dart:115:18)
#22     RenderObject.layout (package:flutter/src/rendering/object.dart:2775:7)
#23     RenderProxyBoxMixin.performLayout (package:flutter/src/rendering/proxy_box.dart:115:18)
#24     RenderOffstage.performLayout (package:flutter/src/rendering/proxy_box.dart:3848:13)
#25     RenderObject.layout (package:flutter/src/rendering/object.dart:2775:7)
#26     RenderProxyBoxMixin.performLayout (package:flutter/src/rendering/proxy_box.dart:115:18)
#27     RenderObject.layout (package:flutter/src/rendering/object.dart:2775:7)
#28     _RenderTheaterMixin.layoutChild (package:flutter/src/widgets/overlay.dart:1084:13)
#29     _RenderTheater.performLayout (package:flutter/src/widgets/overlay.dart:1429:9)
#30     RenderObject.layout (package:flutter/src/rendering/object.dart:2775:7)
#31     RenderProxyBoxMixin.performLayout (package:flutter/src/rendering/proxy_box.dart:115:18)
#32     RenderObject.layout (package:flutter/src/rendering/object.dart:2775:7)
#33     RenderProxyBoxMixin.performLayout (package:flutter/src/rendering/proxy_box.dart:115:18)
#34     RenderObject.layout (package:flutter/src/rendering/object.dart:2775:7)
#35     MultiChildLayoutDelegate.layoutChild (package:flutter/src/rendering/custom_layout.dart:180:12)
#36     _ScaffoldLayout.performLayout (package:flutter/src/material/scaffold.dart:1112:7)
#37     MultiChildLayoutDelegate._callPerformLayout (package:flutter/src/rendering/custom_layout.dart:249:7)
#38     RenderCustomMultiChildLayoutBox.performLayout (package:flutter/src/rendering/custom_layout.dart:420:14)
#39     RenderObject.layout (package:flutter/src/rendering/object.dart:2775:7)
#40     RenderProxyBoxMixin.performLayout (package:flutter/src/rendering/proxy_box.dart:115:18)
#41     RenderObject.layout (package:flutter/src/rendering/object.dart:2775:7)
#42     RenderProxyBoxMixin.performLayout (package:flutter/src/rendering/proxy_box.dart:115:18)
#43     _RenderCustomClip.performLayout (package:flutter/src/rendering/proxy_box.dart:1481:11)
#44     RenderObject.layout (package:flutter/src/rendering/object.dart:2775:7)
#45     RenderProxyBoxMixin.performLayout (package:flutter/src/rendering/proxy_box.dart:115:18)
#46     RenderObject.layout (package:flutter/src/rendering/object.dart:2775:7)
#47     RenderProxyBoxMixin.performLayout (package:flutter/src/rendering/proxy_box.dart:115:18)
#48     RenderObject.layout (package:flutter/src/rendering/object.dart:2775:7)
#49     RenderProxyBoxMixin.performLayout (package:flutter/src/rendering/proxy_box.dart:115:18)
#50     RenderObject.layout (package:flutter/src/rendering/object.dart:2775:7)
#51     RenderProxyBoxMixin.performLayout (package:flutter/src/rendering/proxy_box.dart:115:18)
#52     RenderObject.layout (package:flutter/src/rendering/object.dart:2775:7)
#53     RenderProxyBoxMixin.performLayout (package:flutter/src/rendering/proxy_box.dart:115:18)
#54     RenderObject.layout (package:flutter/src/rendering/object.dart:2775:7)
#55     RenderProxyBoxMixin.performLayout (package:flutter/src/rendering/proxy_box.dart:115:18)
#56     RenderObject.layout (package:flutter/src/rendering/object.dart:2775:7)
#57     RenderProxyBoxMixin.performLayout (package:flutter/src/rendering/proxy_box.dart:115:18)
#58     RenderObject.layout (package:flutter/src/rendering/object.dart:2775:7)
#59     RenderProxyBoxMixin.performLayout (package:flutter/src/rendering/proxy_box.dart:115:18)
#60     RenderObject.layout (package:flutter/src/rendering/object.dart:2775:7)
#61     RenderProxyBoxMixin.performLayout (package:flutter/src/rendering/proxy_box.dart:115:18)
#62     RenderObject.layout (package:flutter/src/rendering/object.dart:2775:7)
#63     RenderProxyBoxMixin.performLayout (package:flutter/src/rendering/proxy_box.dart:115:18)
#64     RenderObject.layout (package:flutter/src/rendering/object.dart:2775:7)
#65     RenderProxyBoxMixin.performLayout (package:flutter/src/rendering/proxy_box.dart:115:18)
#66     RenderObject.layout (package:flutter/src/rendering/object.dart:2775:7)
#67     RenderProxyBoxMixin.performLayout (package:flutter/src/rendering/proxy_box.dart:115:18)
#68     RenderObject.layout (package:flutter/src/rendering/object.dart:2775:7)
#69     RenderProxyBoxMixin.performLayout (package:flutter/src/rendering/proxy_box.dart:115:18)
#70     RenderObject.layout (package:flutter/src/rendering/object.dart:2775:7)
#71     RenderProxyBoxMixin.performLayout (package:flutter/src/rendering/proxy_box.dart:115:18)
#72     RenderObject.layout (package:flutter/src/rendering/object.dart:2775:7)
#73     RenderProxyBoxMixin.performLayout (package:flutter/src/rendering/proxy_box.dart:115:18)
#74     RenderObject.layout (package:flutter/src/rendering/object.dart:2775:7)
#75     RenderProxyBoxMixin.performLayout (package:flutter/src/rendering/proxy_box.dart:115:18)
#76     RenderOffstage.performLayout (package:flutter/src/rendering/proxy_box.dart:3848:13)
#77     RenderObject.layout (package:flutter/src/rendering/object.dart:2775:7)
#78     RenderProxyBoxMixin.performLayout (package:flutter/src/rendering/proxy_box.dart:115:18)
#79     RenderObject.layout (package:flutter/src/rendering/object.dart:2775:7)
#80     _RenderTheaterMixin.layoutChild (package:flutter/src/widgets/overlay.dart:1084:13)
#81     _RenderTheater.performLayout (package:flutter/src/widgets/overlay.dart:1429:9)
#82     RenderObject.layout (package:flutter/src/rendering/object.dart:2775:7)
#83     RenderProxyBoxMixin.performLayout (package:flutter/src/rendering/proxy_box.dart:115:18)
#84     RenderObject.layout (package:flutter/src/rendering/object.dart:2775:7)
#85     RenderProxyBoxMixin.performLayout (package:flutter/src/rendering/proxy_box.dart:115:18)
#86     RenderObject.layout (package:flutter/src/rendering/object.dart:2775:7)
#87     ChildLayoutHelper.layoutChild (package:flutter/src/rendering/layout_helper.dart:62:11)
#88     RenderStack._computeSize (package:flutter/src/rendering/stack.dart:645:43)
#89     RenderStack.performLayout (package:flutter/src/rendering/stack.dart:680:12)
#90     RenderObject.layout (package:flutter/src/rendering/object.dart:2775:7)
#91     RenderProxyBoxMixin.performLayout (package:flutter/src/rendering/proxy_box.dart:115:18)
#92     RenderObject.layout (package:flutter/src/rendering/object.dart:2775:7)
#93     RenderProxyBoxMixin.performLayout (package:flutter/src/rendering/proxy_box.dart:115:18)
#94     RenderObject.layout (package:flutter/src/rendering/object.dart:2775:7)
#95     RenderProxyBoxMixin.performLayout (package:flutter/src/rendering/proxy_box.dart:115:18)
#96     RenderObject.layout (package:flutter/src/rendering/object.dart:2775:7)
#97     RenderProxyBoxMixin.performLayout (package:flutter/src/rendering/proxy_box.dart:115:18)
#98     RenderObject.layout (package:flutter/src/rendering/object.dart:2775:7)
#99     RenderProxyBoxMixin.performLayout (package:flutter/src/rendering/proxy_box.dart:115:18)
#100    RenderObject.layout (package:flutter/src/rendering/object.dart:2775:7)
#101    RenderProxyBoxMixin.performLayout (package:flutter/src/rendering/proxy_box.dart:115:18)
#102    RenderObject.layout (package:flutter/src/rendering/object.dart:2775:7)
#103    RenderView.performLayout (package:flutter/src/rendering/view.dart:294:12)
#104    RenderObject._layoutWithoutResize (package:flutter/src/rendering/object.dart:2623:7)
#105    PipelineOwner.flushLayout (package:flutter/src/rendering/object.dart:1170:18)
#106    PipelineOwner.flushLayout (package:flutter/src/rendering/object.dart:1183:15)
#107    AutomatedTestWidgetsFlutterBinding.drawFrame (package:flutter_test/src/binding.dart:1508:27)
#108    RendererBinding._handlePersistentFrameCallback (package:flutter/src/rendering/binding.dart:495:5)
#109    SchedulerBinding._invokeFrameCallback (package:flutter/src/scheduler/binding.dart:1434:15)
#110    SchedulerBinding.handleDrawFrame (package:flutter/src/scheduler/binding.dart:1347:9)
#111    AutomatedTestWidgetsFlutterBinding.pump.<anonymous closure> (package:flutter_test/src/binding.dart:1335:9)
#114    TestAsyncUtils.guard (package:flutter_test/src/test_async_utils.dart:74:41)
#115    AutomatedTestWidgetsFlutterBinding.pump (package:flutter_test/src/binding.dart:1324:27)
#116    WidgetTester.pumpWidget.<anonymous closure> (package:flutter_test/src/widget_tester.dart:598:22)
#119    TestAsyncUtils.guard (package:flutter_test/src/test_async_utils.dart:74:41)
#120    WidgetTester.pumpWidget (package:flutter_test/src/widget_tester.dart:595:27)
#121    main.<anonymous closure> (file:///D:/Mystery/programming/projects/PYTHON_PROJECTS/focus/focus_gg/focus_flutter/test/widget_test.dart:19:18)
#122    testWidgets.<anonymous closure>.<anonymous closure> (package:flutter_test/src/widget_tester.dart:192:29)
<asynchronous suspension>
#123    TestWidgetsFlutterBinding._runTestBody (package:flutter_test/src/binding.dart:1059:5)
<asynchronous suspension>
<asynchronous suspension>
(elided 7 frames from class _AssertionError, dart:async, and package:stack_trace)

The following RenderObject was being processed when the exception was fired: RenderCustomMultiChildLayoutBox#62ffe NEEDS-LAYOUT NEEDS-PAINT NEEDS-COMPOSITING-BITS-UPDATE:
  creator: CustomMultiChildLayout ΓåÉ _ActionsScope ΓåÉ Actions ΓåÉ AnimatedBuilder ΓåÉ DefaultTextStyle ΓåÉ
    AnimatedDefaultTextStyle ΓåÉ _InkFeatures-[GlobalKey#385e5 ink renderer] ΓåÉ
    NotificationListener<LayoutChangedNotification> ΓåÉ PhysicalModel ΓåÉ AnimatedPhysicalModel ΓåÉ Material
    ΓåÉ _ScrollNotificationObserverScope ΓåÉ Γï»
  parentData: <none> (can use size)
  constraints: BoxConstraints(w=800.0, h=534.0)
  size: Size(800.0, 534.0)
This RenderObject had the following descendants (showing up to depth 5):
    child 1: RenderClipRect#3fd23 relayoutBoundary=up1 NEEDS-PAINT NEEDS-COMPOSITING-BITS-UPDATE
      child: RenderTransform#c1aea relayoutBoundary=up2 NEEDS-PAINT NEEDS-COMPOSITING-BITS-UPDATE
        child: _RenderScrollSemantics#ebf7b relayoutBoundary=up3 NEEDS-PAINT NEEDS-COMPOSITING-BITS-UPDATE
          child: RenderPointerListener#1e896 relayoutBoundary=up4 NEEDS-PAINT NEEDS-COMPOSITING-BITS-UPDATE
            child: RenderSemanticsGestureHandler#bece2 relayoutBoundary=up5 NEEDS-PAINT NEEDS-COMPOSITING-BITS-UPDATE
    child 2: RenderStack#2844e NEEDS-LAYOUT NEEDS-PAINT NEEDS-COMPOSITING-BITS-UPDATE
      child 1: RenderTransform#48460 NEEDS-LAYOUT NEEDS-PAINT NEEDS-COMPOSITING-BITS-UPDATE
        child: RenderTransform#60269 NEEDS-LAYOUT NEEDS-PAINT
ΓòÉΓòÉΓòÉΓòÉΓòÉΓòÉΓòÉΓòÉΓòÉΓòÉΓòÉΓòÉΓòÉΓòÉΓòÉΓòÉΓòÉΓòÉΓòÉΓòÉΓòÉΓòÉΓòÉΓòÉΓòÉΓòÉΓòÉΓòÉΓòÉΓòÉΓòÉΓòÉΓòÉΓòÉΓòÉΓòÉΓòÉΓòÉΓòÉΓòÉΓòÉΓòÉΓòÉΓòÉΓòÉΓòÉΓòÉΓòÉΓòÉΓòÉΓòÉΓòÉΓòÉΓòÉΓòÉΓòÉΓòÉΓòÉΓòÉΓòÉΓòÉΓòÉΓòÉΓòÉΓòÉΓòÉΓòÉΓòÉΓòÉΓòÉΓòÉΓòÉΓòÉΓòÉΓòÉΓòÉΓòÉΓòÉΓòÉΓòÉΓòÉΓòÉΓòÉΓòÉΓòÉΓòÉΓòÉΓòÉΓòÉΓòÉΓòÉΓòÉΓòÉΓòÉΓòÉΓòÉΓòÉΓòÉΓòÉΓòÉ
ΓòÉΓòÉΓòí EXCEPTION CAUGHT BY RENDERING LIBRARY Γò₧ΓòÉΓòÉΓòÉΓòÉΓòÉΓòÉΓòÉΓòÉΓòÉΓòÉΓòÉΓòÉΓòÉΓòÉΓòÉΓòÉΓòÉΓòÉΓòÉΓòÉΓòÉΓòÉΓòÉΓòÉΓòÉΓòÉΓòÉΓòÉΓòÉΓòÉΓòÉΓòÉΓòÉΓòÉΓòÉΓòÉΓòÉΓòÉΓòÉΓòÉΓòÉΓòÉΓòÉΓòÉΓòÉΓòÉΓòÉΓòÉΓòÉΓòÉΓòÉΓòÉΓòÉΓòÉΓòÉΓòÉΓòÉ
The following assertion was thrown during paint():
RenderBox was not laid out: RenderTransform#c1aea relayoutBoundary=up2
'package:flutter/src/rendering/box.dart':
Failed assertion: line 2251 pos 12: 'hasSize'

Either the assertion indicates an error in the framework itself, or we should provide substantially
more information in this error message to help you determine and fix the underlying cause.
In either case, please report this assertion by filing a bug on GitHub:
  https://github.com/flutter/flutter/issues/new?template=02_bug.yml

The relevant error-causing widget was:
  SingleChildScrollView
  SingleChildScrollView:file:///D:/Mystery/programming/projects/PYTHON_PROJECTS/focus/focus_gg/focus_flutter/lib/features/dashboard/dashboard_screen.dart:132:13

When the exception was thrown, this was the stack:
#2      RenderBox.size (package:flutter/src/rendering/box.dart:2251:12)
#3      RenderTransform._effectiveTransform (package:flutter/src/rendering/proxy_box.dart:2632:49)
#4      RenderTransform.paint (package:flutter/src/rendering/proxy_box.dart:2669:33)
#5      RenderObject._paintWithContext (package:flutter/src/rendering/object.dart:3436:7)
#6      PaintingContext.paintChild (package:flutter/src/rendering/object.dart:261:13)
#7      RenderClipRect.paint (package:flutter/src/rendering/proxy_box.dart:1585:17)
#8      RenderObject._paintWithContext (package:flutter/src/rendering/object.dart:3436:7)
#9      PaintingContext.paintChild (package:flutter/src/rendering/object.dart:261:13)
#10     RenderBoxContainerDefaultsMixin.defaultPaint (package:flutter/src/rendering/box.dart:3367:15)
#11     RenderCustomMultiChildLayoutBox.paint (package:flutter/src/rendering/custom_layout.dart:425:5)
#12     RenderObject._paintWithContext (package:flutter/src/rendering/object.dart:3436:7)
#13     PaintingContext.paintChild (package:flutter/src/rendering/object.dart:261:13)
#14     RenderProxyBoxMixin.paint (package:flutter/src/rendering/proxy_box.dart:140:13)
#15     _RenderInkFeatures.paint (package:flutter/src/material/material.dart:634:11)
#16     RenderObject._paintWithContext (package:flutter/src/rendering/object.dart:3436:7)
#17     PaintingContext.paintChild (package:flutter/src/rendering/object.dart:261:13)
#18     RenderProxyBoxMixin.paint (package:flutter/src/rendering/proxy_box.dart:140:13)
#19     RenderPhysicalModel.paint.<anonymous closure> (package:flutter/src/rendering/proxy_box.dart:2184:15)
#20     PaintingContext.pushClipRRect (package:flutter/src/rendering/object.dart:622:14)
#21     RenderPhysicalModel.paint (package:flutter/src/rendering/proxy_box.dart:2171:21)
#22     RenderObject._paintWithContext (package:flutter/src/rendering/object.dart:3436:7)
#23     PaintingContext.paintChild (package:flutter/src/rendering/object.dart:261:13)
#24     RenderProxyBoxMixin.paint (package:flutter/src/rendering/proxy_box.dart:140:13)
#25     RenderObject._paintWithContext (package:flutter/src/rendering/object.dart:3436:7)
#26     PaintingContext.paintChild (package:flutter/src/rendering/object.dart:261:13)
#27     RenderProxyBoxMixin.paint (package:flutter/src/rendering/proxy_box.dart:140:13)
#28     RenderObject._paintWithContext (package:flutter/src/rendering/object.dart:3436:7)
#29     PaintingContext._repaintCompositedChild (package:flutter/src/rendering/object.dart:176:11)
#30     PaintingContext.repaintCompositedChild (package:flutter/src/rendering/object.dart:121:5)
#31     PaintingContext._compositeChild (package:flutter/src/rendering/object.dart:272:7)
#32     PaintingContext.paintChild (package:flutter/src/rendering/object.dart:253:7)
#33     RenderProxyBoxMixin.paint (package:flutter/src/rendering/proxy_box.dart:140:13)
#34     RenderObject._paintWithContext (package:flutter/src/rendering/object.dart:3436:7)
#35     PaintingContext.paintChild (package:flutter/src/rendering/object.dart:261:13)
#36     RenderProxyBoxMixin.paint (package:flutter/src/rendering/proxy_box.dart:140:13)
#37     RenderObject._paintWithContext (package:flutter/src/rendering/object.dart:3436:7)
#38     PaintingContext._repaintCompositedChild (package:flutter/src/rendering/object.dart:176:11)
#39     PaintingContext.repaintCompositedChild (package:flutter/src/rendering/object.dart:121:5)
#40     PaintingContext._compositeChild (package:flutter/src/rendering/object.dart:272:7)
#41     PaintingContext.paintChild (package:flutter/src/rendering/object.dart:253:7)
#42     RenderProxyBoxMixin.paint (package:flutter/src/rendering/proxy_box.dart:140:13)
#43     RenderObject._paintWithContext (package:flutter/src/rendering/object.dart:3436:7)
#44     PaintingContext.paintChild (package:flutter/src/rendering/object.dart:261:13)
#45     RenderProxyBoxMixin.paint (package:flutter/src/rendering/proxy_box.dart:140:13)
#46     RenderOffstage.paint (package:flutter/src/rendering/proxy_box.dart:3868:11)
#47     RenderObject._paintWithContext (package:flutter/src/rendering/object.dart:3436:7)
#48     PaintingContext.paintChild (package:flutter/src/rendering/object.dart:261:13)
#49     RenderProxyBoxMixin.paint (package:flutter/src/rendering/proxy_box.dart:140:13)
#50     RenderObject._paintWithContext (package:flutter/src/rendering/object.dart:3436:7)
#51     PaintingContext.paintChild (package:flutter/src/rendering/object.dart:261:13)
#52     _RenderTheaterMixin.paint (package:flutter/src/widgets/overlay.dart:1119:15)
#53     PaintingContext.pushLayer (package:flutter/src/rendering/object.dart:518:12)
#54     PaintingContext.pushClipRect (package:flutter/src/rendering/object.dart:585:7)
#55     _RenderTheater.paint (package:flutter/src/widgets/overlay.dart:1466:38)
#56     RenderObject._paintWithContext (package:flutter/src/rendering/object.dart:3436:7)
#57     PaintingContext.paintChild (package:flutter/src/rendering/object.dart:261:13)
#58     RenderProxyBoxMixin.paint (package:flutter/src/rendering/proxy_box.dart:140:13)
#59     RenderObject._paintWithContext (package:flutter/src/rendering/object.dart:3436:7)
#60     PaintingContext.paintChild (package:flutter/src/rendering/object.dart:261:13)
#61     RenderProxyBoxMixin.paint (package:flutter/src/rendering/proxy_box.dart:140:13)
#62     RenderObject._paintWithContext (package:flutter/src/rendering/object.dart:3436:7)
#63     PaintingContext.paintChild (package:flutter/src/rendering/object.dart:261:13)
#64     RenderBoxContainerDefaultsMixin.defaultPaint (package:flutter/src/rendering/box.dart:3367:15)
#65     RenderCustomMultiChildLayoutBox.paint (package:flutter/src/rendering/custom_layout.dart:425:5)
#66     RenderObject._paintWithContext (package:flutter/src/rendering/object.dart:3436:7)
#67     PaintingContext.paintChild (package:flutter/src/rendering/object.dart:261:13)
#68     RenderProxyBoxMixin.paint (package:flutter/src/rendering/proxy_box.dart:140:13)
#69     _RenderInkFeatures.paint (package:flutter/src/material/material.dart:634:11)
#70     RenderObject._paintWithContext (package:flutter/src/rendering/object.dart:3436:7)
#71     PaintingContext.paintChild (package:flutter/src/rendering/object.dart:261:13)
#72     RenderProxyBoxMixin.paint (package:flutter/src/rendering/proxy_box.dart:140:13)
#73     RenderPhysicalModel.paint.<anonymous closure> (package:flutter/src/rendering/proxy_box.dart:2184:15)
#74     PaintingContext.pushClipRRect (package:flutter/src/rendering/object.dart:622:14)
#75     RenderPhysicalModel.paint (package:flutter/src/rendering/proxy_box.dart:2171:21)
#76     RenderObject._paintWithContext (package:flutter/src/rendering/object.dart:3436:7)
#77     PaintingContext.paintChild (package:flutter/src/rendering/object.dart:261:13)
#78     RenderProxyBoxMixin.paint (package:flutter/src/rendering/proxy_box.dart:140:13)
#79     RenderObject._paintWithContext (package:flutter/src/rendering/object.dart:3436:7)
#80     PaintingContext.paintChild (package:flutter/src/rendering/object.dart:261:13)
#81     RenderProxyBoxMixin.paint (package:flutter/src/rendering/proxy_box.dart:140:13)
#82     RenderObject._paintWithContext (package:flutter/src/rendering/object.dart:3436:7)
#83     PaintingContext._repaintCompositedChild (package:flutter/src/rendering/object.dart:176:11)
#84     PaintingContext.repaintCompositedChild (package:flutter/src/rendering/object.dart:121:5)
#85     PaintingContext._compositeChild (package:flutter/src/rendering/object.dart:272:7)
#86     PaintingContext.paintChild (package:flutter/src/rendering/object.dart:253:7)
#87     RenderProxyBoxMixin.paint (package:flutter/src/rendering/proxy_box.dart:140:13)
#88     RenderObject._paintWithContext (package:flutter/src/rendering/object.dart:3436:7)
#89     PaintingContext.paintChild (package:flutter/src/rendering/object.dart:261:13)
#90     RenderProxyBoxMixin.paint (package:flutter/src/rendering/proxy_box.dart:140:13)
#91     RenderFractionalTranslation.paint (package:flutter/src/rendering/proxy_box.dart:3063:13)
#92     RenderObject._paintWithContext (package:flutter/src/rendering/object.dart:3436:7)
#93     PaintingContext.paintChild (package:flutter/src/rendering/object.dart:261:13)
#94     RenderProxyBoxMixin.paint (package:flutter/src/rendering/proxy_box.dart:140:13)
#95     RenderAnimatedOpacityMixin.paint (package:flutter/src/rendering/proxy_box.dart:1076:11)
#96     RenderObject._paintWithContext (package:flutter/src/rendering/object.dart:3436:7)
#97     PaintingContext._repaintCompositedChild (package:flutter/src/rendering/object.dart:176:11)
#98     PaintingContext.repaintCompositedChild (package:flutter/src/rendering/object.dart:121:5)
#99     PaintingContext._compositeChild (package:flutter/src/rendering/object.dart:272:7)
#100    PaintingContext.paintChild (package:flutter/src/rendering/object.dart:253:7)
#101    RenderProxyBoxMixin.paint (package:flutter/src/rendering/proxy_box.dart:140:13)
#102    RenderFractionalTranslation.paint (package:flutter/src/rendering/proxy_box.dart:3063:13)
#103    RenderObject._paintWithContext (package:flutter/src/rendering/object.dart:3436:7)
#104    PaintingContext.paintChild (package:flutter/src/rendering/object.dart:261:13)
#105    RenderProxyBoxMixin.paint (package:flutter/src/rendering/proxy_box.dart:140:13)
#106    RenderAnimatedOpacityMixin.paint (package:flutter/src/rendering/proxy_box.dart:1076:11)
#107    RenderObject._paintWithContext (package:flutter/src/rendering/object.dart:3436:7)
#108    PaintingContext._repaintCompositedChild (package:flutter/src/rendering/object.dart:176:11)
#109    PaintingContext.repaintCompositedChild (package:flutter/src/rendering/object.dart:121:5)
#110    PaintingContext._compositeChild (package:flutter/src/rendering/object.dart:272:7)
#111    PaintingContext.paintChild (package:flutter/src/rendering/object.dart:253:7)
#112    _RenderColoredBox.paint (package:flutter/src/widgets/basic.dart:8443:15)
#113    RenderObject._paintWithContext (package:flutter/src/rendering/object.dart:3436:7)
#114    PaintingContext.paintChild (package:flutter/src/rendering/object.dart:261:13)
#115    RenderProxyBoxMixin.paint (package:flutter/src/rendering/proxy_box.dart:140:13)
#116    RenderFractionalTranslation.paint (package:flutter/src/rendering/proxy_box.dart:3063:13)
#117    RenderObject._paintWithContext (package:flutter/src/rendering/object.dart:3436:7)
#118    PaintingContext.paintChild (package:flutter/src/rendering/object.dart:261:13)
#119    RenderProxyBoxMixin.paint (package:flutter/src/rendering/proxy_box.dart:140:13)
#120    RenderAnimatedOpacityMixin.paint (package:flutter/src/rendering/proxy_box.dart:1076:11)
#121    RenderObject._paintWithContext (package:flutter/src/rendering/object.dart:3436:7)
#122    PaintingContext._repaintCompositedChild (package:flutter/src/rendering/object.dart:176:11)
#123    PaintingContext.repaintCompositedChild (package:flutter/src/rendering/object.dart:121:5)
#124    PaintingContext._compositeChild (package:flutter/src/rendering/object.dart:272:7)
#125    PaintingContext.paintChild (package:flutter/src/rendering/object.dart:253:7)
#126    RenderProxyBoxMixin.paint (package:flutter/src/rendering/proxy_box.dart:140:13)
#127    RenderObject._paintWithContext (package:flutter/src/rendering/object.dart:3436:7)
#128    PaintingContext.paintChild (package:flutter/src/rendering/object.dart:261:13)
#129    RenderProxyBoxMixin.paint (package:flutter/src/rendering/proxy_box.dart:140:13)
#130    RenderFractionalTranslation.paint (package:flutter/src/rendering/proxy_box.dart:3063:13)
#131    RenderObject._paintWithContext (package:flutter/src/rendering/object.dart:3436:7)
#132    PaintingContext.paintChild (package:flutter/src/rendering/object.dart:261:13)
#133    RenderProxyBoxMixin.paint (package:flutter/src/rendering/proxy_box.dart:140:13)
#134    RenderAnimatedOpacityMixin.paint (package:flutter/src/rendering/proxy_box.dart:1076:11)
#135    RenderObject._paintWithContext (package:flutter/src/rendering/object.dart:3436:7)
#136    PaintingContext._repaintCompositedChild (package:flutter/src/rendering/object.dart:176:11)
#137    PaintingContext.repaintCompositedChild (package:flutter/src/rendering/object.dart:121:5)
#138    PaintingContext._compositeChild (package:flutter/src/rendering/object.dart:272:7)
#139    PaintingContext.paintChild (package:flutter/src/rendering/object.dart:253:7)
#140    RenderProxyBoxMixin.paint (package:flutter/src/rendering/proxy_box.dart:140:13)
#141    RenderObject._paintWithContext (package:flutter/src/rendering/object.dart:3436:7)
#142    PaintingContext._repaintCompositedChild (package:flutter/src/rendering/object.dart:176:11)
#143    PaintingContext.repaintCompositedChild (package:flutter/src/rendering/object.dart:121:5)
#144    PaintingContext._compositeChild (package:flutter/src/rendering/object.dart:272:7)
#145    PaintingContext.paintChild (package:flutter/src/rendering/object.dart:253:7)
#146    RenderProxyBoxMixin.paint (package:flutter/src/rendering/proxy_box.dart:140:13)
#147    RenderObject._paintWithContext (package:flutter/src/rendering/object.dart:3436:7)
#148    PaintingContext.paintChild (package:flutter/src/rendering/object.dart:261:13)
#149    RenderProxyBoxMixin.paint (package:flutter/src/rendering/proxy_box.dart:140:13)
#150    RenderOffstage.paint (package:flutter/src/rendering/proxy_box.dart:3868:11)
#151    RenderObject._paintWithContext (package:flutter/src/rendering/object.dart:3436:7)
#152    PaintingContext.paintChild (package:flutter/src/rendering/object.dart:261:13)
#153    RenderProxyBoxMixin.paint (package:flutter/src/rendering/proxy_box.dart:140:13)
#154    RenderObject._paintWithContext (package:flutter/src/rendering/object.dart:3436:7)
#155    PaintingContext.paintChild (package:flutter/src/rendering/object.dart:261:13)
#156    _RenderTheaterMixin.paint (package:flutter/src/widgets/overlay.dart:1119:15)
#157    PaintingContext.pushLayer (package:flutter/src/rendering/object.dart:518:12)
#158    PaintingContext.pushClipRect (package:flutter/src/rendering/object.dart:585:7)
#159    _RenderTheater.paint (package:flutter/src/widgets/overlay.dart:1466:38)
#160    RenderObject._paintWithContext (package:flutter/src/rendering/object.dart:3436:7)
#161    PaintingContext.paintChild (package:flutter/src/rendering/object.dart:261:13)
#162    RenderProxyBoxMixin.paint (package:flutter/src/rendering/proxy_box.dart:140:13)
#163    RenderObject._paintWithContext (package:flutter/src/rendering/object.dart:3436:7)
#164    PaintingContext.paintChild (package:flutter/src/rendering/object.dart:261:13)
#165    RenderProxyBoxMixin.paint (package:flutter/src/rendering/proxy_box.dart:140:13)
#166    RenderObject._paintWithContext (package:flutter/src/rendering/object.dart:3436:7)
#167    PaintingContext.paintChild (package:flutter/src/rendering/object.dart:261:13)
#168    RenderBoxContainerDefaultsMixin.defaultPaint (package:flutter/src/rendering/box.dart:3367:15)
#169    RenderStack.paintStack (package:flutter/src/rendering/stack.dart:711:5)
#170    RenderStack.paint (package:flutter/src/rendering/stack.dart:727:7)
#171    RenderObject._paintWithContext (package:flutter/src/rendering/object.dart:3436:7)
#172    PaintingContext.paintChild (package:flutter/src/rendering/object.dart:261:13)
#173    RenderProxyBoxMixin.paint (package:flutter/src/rendering/proxy_box.dart:140:13)
#174    RenderObject._paintWithContext (package:flutter/src/rendering/object.dart:3436:7)
#175    PaintingContext.paintChild (package:flutter/src/rendering/object.dart:261:13)
#176    RenderProxyBoxMixin.paint (package:flutter/src/rendering/proxy_box.dart:140:13)
#177    RenderObject._paintWithContext (package:flutter/src/rendering/object.dart:3436:7)
#178    PaintingContext.paintChild (package:flutter/src/rendering/object.dart:261:13)
#179    RenderProxyBoxMixin.paint (package:flutter/src/rendering/proxy_box.dart:140:13)
#180    RenderObject._paintWithContext (package:flutter/src/rendering/object.dart:3436:7)
#181    PaintingContext.paintChild (package:flutter/src/rendering/object.dart:261:13)
#182    RenderProxyBoxMixin.paint (package:flutter/src/rendering/proxy_box.dart:140:13)
#183    RenderObject._paintWithContext (package:flutter/src/rendering/object.dart:3436:7)
#184    PaintingContext.paintChild (package:flutter/src/rendering/object.dart:261:13)
#185    RenderProxyBoxMixin.paint (package:flutter/src/rendering/proxy_box.dart:140:13)
#186    RenderObject._paintWithContext (package:flutter/src/rendering/object.dart:3436:7)
#187    PaintingContext.paintChild (package:flutter/src/rendering/object.dart:261:13)
#188    RenderProxyBoxMixin.paint (package:flutter/src/rendering/proxy_box.dart:140:13)
#189    RenderObject._paintWithContext (package:flutter/src/rendering/object.dart:3436:7)
#190    PaintingContext.paintChild (package:flutter/src/rendering/object.dart:261:13)
#191    RenderView.paint (package:flutter/src/rendering/view.dart:322:15)
#192    RenderObject._paintWithContext (package:flutter/src/rendering/object.dart:3436:7)
#193    PaintingContext._repaintCompositedChild (package:flutter/src/rendering/object.dart:176:11)
#194    PaintingContext.repaintCompositedChild (package:flutter/src/rendering/object.dart:121:5)
#195    PipelineOwner.flushPaint (package:flutter/src/rendering/object.dart:1322:31)
#196    PipelineOwner.flushPaint (package:flutter/src/rendering/object.dart:1332:15)
#197    AutomatedTestWidgetsFlutterBinding.drawFrame (package:flutter_test/src/binding.dart:1512:31)
#198    RendererBinding._handlePersistentFrameCallback (package:flutter/src/rendering/binding.dart:495:5)
#199    SchedulerBinding._invokeFrameCallback (package:flutter/src/scheduler/binding.dart:1434:15)
#200    SchedulerBinding.handleDrawFrame (package:flutter/src/scheduler/binding.dart:1347:9)
#201    AutomatedTestWidgetsFlutterBinding.pump.<anonymous closure> (package:flutter_test/src/binding.dart:1335:9)
#204    TestAsyncUtils.guard (package:flutter_test/src/test_async_utils.dart:74:41)
#205    AutomatedTestWidgetsFlutterBinding.pump (package:flutter_test/src/binding.dart:1324:27)
#206    WidgetTester.pumpWidget.<anonymous closure> (package:flutter_test/src/widget_tester.dart:598:22)
#209    TestAsyncUtils.guard (package:flutter_test/src/test_async_utils.dart:74:41)
#210    WidgetTester.pumpWidget (package:flutter_test/src/widget_tester.dart:595:27)
#211    main.<anonymous closure> (file:///D:/Mystery/programming/projects/PYTHON_PROJECTS/focus/focus_gg/focus_flutter/test/widget_test.dart:19:18)
#212    testWidgets.<anonymous closure>.<anonymous closure> (package:flutter_test/src/widget_tester.dart:192:29)
<asynchronous suspension>
#213    TestWidgetsFlutterBinding._runTestBody (package:flutter_test/src/binding.dart:1059:5)
<asynchronous suspension>
<asynchronous suspension>
(elided 7 frames from class _AssertionError, dart:async, and package:stack_trace)

The following RenderObject was being processed when the exception was fired: RenderTransform#c1aea relayoutBoundary=up2:
  needs compositing
  creator: Transform ΓåÉ StretchEffect ΓåÉ ClipRect ΓåÉ AnimatedBuilder ΓåÉ
    NotificationListener<ScrollNotification> ΓåÉ StretchingOverscrollIndicator ΓåÉ Scrollable ΓåÉ
    PrimaryScrollController ΓåÉ SingleChildScrollView ΓåÉ KeyedSubtree-[GlobalKey#15fcd] ΓåÉ _BodyBuilder ΓåÉ
    MediaQuery ΓåÉ Γï»
  parentData: <none> (can use size)
  constraints: BoxConstraints(0.0<=w<=800.0, 0.0<=h<=534.0)
  size: MISSING
  transform matrix:
    [0] 1.0,0.0,0.0,0.0
    [1] 0.0,1.0,0.0,0.0
    [2] 0.0,0.0,1.0,0.0
    [3] 0.0,0.0,0.0,1.0
  origin: null
  alignment: AlignmentDirectional.bottomCenter
  textDirection: ltr
  transformHitTests: true
This RenderObject had the following descendants (showing up to depth 5):
    child: _RenderScrollSemantics#ebf7b relayoutBoundary=up3 NEEDS-PAINT
      child: RenderPointerListener#1e896 relayoutBoundary=up4 NEEDS-PAINT
        child: RenderSemanticsGestureHandler#bece2 relayoutBoundary=up5 NEEDS-PAINT
          child: RenderPointerListener#6d0ca relayoutBoundary=up6 NEEDS-PAINT
            child: RenderSemanticsAnnotations#4d9bb relayoutBoundary=up7 NEEDS-PAINT
ΓòÉΓòÉΓòÉΓòÉΓòÉΓòÉΓòÉΓòÉΓòÉΓòÉΓòÉΓòÉΓòÉΓòÉΓòÉΓòÉΓòÉΓòÉΓòÉΓòÉΓòÉΓòÉΓòÉΓòÉΓòÉΓòÉΓòÉΓòÉΓòÉΓòÉΓòÉΓòÉΓòÉΓòÉΓòÉΓòÉΓòÉΓòÉΓòÉΓòÉΓòÉΓòÉΓòÉΓòÉΓòÉΓòÉΓòÉΓòÉΓòÉΓòÉΓòÉΓòÉΓòÉΓòÉΓòÉΓòÉΓòÉΓòÉΓòÉΓòÉΓòÉΓòÉΓòÉΓòÉΓòÉΓòÉΓòÉΓòÉΓòÉΓòÉΓòÉΓòÉΓòÉΓòÉΓòÉΓòÉΓòÉΓòÉΓòÉΓòÉΓòÉΓòÉΓòÉΓòÉΓòÉΓòÉΓòÉΓòÉΓòÉΓòÉΓòÉΓòÉΓòÉΓòÉΓòÉΓòÉΓòÉΓòÉΓòÉΓòÉ
ΓòÉΓòÉΓòí EXCEPTION CAUGHT BY SCHEDULER LIBRARY Γò₧ΓòÉΓòÉΓòÉΓòÉΓòÉΓòÉΓòÉΓòÉΓòÉΓòÉΓòÉΓòÉΓòÉΓòÉΓòÉΓòÉΓòÉΓòÉΓòÉΓòÉΓòÉΓòÉΓòÉΓòÉΓòÉΓòÉΓòÉΓòÉΓòÉΓòÉΓòÉΓòÉΓòÉΓòÉΓòÉΓòÉΓòÉΓòÉΓòÉΓòÉΓòÉΓòÉΓòÉΓòÉΓòÉΓòÉΓòÉΓòÉΓòÉΓòÉΓòÉΓòÉΓòÉΓòÉΓòÉΓòÉΓòÉ
The following assertion was thrown during a scheduler callback:
'package:flutter/src/rendering/object.dart': Failed assertion: line 5696 pos 14:
'!childSemantics.renderObject._needsLayout': is not true.

Either the assertion indicates an error in the framework itself, or we should provide substantially
more information in this error message to help you determine and fix the underlying cause.
In either case, please report this assertion by filing a bug on GitHub:
  https://github.com/flutter/flutter/issues/new?template=02_bug.yml

When the exception was thrown, this was the stack:
#2      _RenderObjectSemantics._collectChildMergeUpAndSiblingGroup (package:flutter/src/rendering/object.dart:5696:14)
#3      _RenderObjectSemantics.updateChildren (package:flutter/src/rendering/object.dart:5573:50)
#4      _RenderObjectSemantics._didUpdateParentData (package:flutter/src/rendering/object.dart:5774:5)
#5      _RenderObjectSemantics._collectChildMergeUpAndSiblingGroup (package:flutter/src/rendering/object.dart:5697:22)
#6      _RenderObjectSemantics.updateChildren (package:flutter/src/rendering/object.dart:5573:50)
#7      _RenderObjectSemantics._didUpdateParentData (package:flutter/src/rendering/object.dart:5774:5)
#8      _RenderObjectSemantics._collectChildMergeUpAndSiblingGroup (package:flutter/src/rendering/object.dart:5697:22)
#9      _RenderObjectSemantics.updateChildren (package:flutter/src/rendering/object.dart:5573:50)
#10     _RenderObjectSemantics._didUpdateParentData (package:flutter/src/rendering/object.dart:5774:5)
#11     _RenderObjectSemantics._collectChildMergeUpAndSiblingGroup (package:flutter/src/rendering/object.dart:5697:22)
#12     _RenderObjectSemantics.updateChildren (package:flutter/src/rendering/object.dart:5573:50)
#13     _RenderObjectSemantics._didUpdateParentData (package:flutter/src/rendering/object.dart:5774:5)
#14     _RenderObjectSemantics._collectChildMergeUpAndSiblingGroup (package:flutter/src/rendering/object.dart:5697:22)
#15     _RenderObjectSemantics.updateChildren (package:flutter/src/rendering/object.dart:5573:50)
#16     _RenderObjectSemantics._didUpdateParentData (package:flutter/src/rendering/object.dart:5774:5)
#17     _RenderObjectSemantics._collectChildMergeUpAndSiblingGroup (package:flutter/src/rendering/object.dart:5697:22)
#18     _RenderObjectSemantics.updateChildren (package:flutter/src/rendering/object.dart:5573:50)
#19     _RenderObjectSemantics._didUpdateParentData (package:flutter/src/rendering/object.dart:5774:5)
#20     _RenderObjectSemantics._collectChildMergeUpAndSiblingGroup (package:flutter/src/rendering/object.dart:5697:22)
#21     _RenderObjectSemantics.updateChildren (package:flutter/src/rendering/object.dart:5573:50)
#22     _RenderObjectSemantics._didUpdateParentData (package:flutter/src/rendering/object.dart:5774:5)
#23     _RenderObjectSemantics._collectChildMergeUpAndSiblingGroup (package:flutter/src/rendering/object.dart:5697:22)
#24     _RenderObjectSemantics.updateChildren (package:flutter/src/rendering/object.dart:5573:50)
#25     _RenderObjectSemantics._didUpdateParentData (package:flutter/src/rendering/object.dart:5774:5)
#26     _RenderObjectSemantics._collectChildMergeUpAndSiblingGroup (package:flutter/src/rendering/object.dart:5697:22)
#27     _RenderObjectSemantics.updateChildren (package:flutter/src/rendering/object.dart:5573:50)
#28     _RenderObjectSemantics._didUpdateParentData (package:flutter/src/rendering/object.dart:5774:5)
#29     _RenderObjectSemantics._collectChildMergeUpAndSiblingGroup (package:flutter/src/rendering/object.dart:5697:22)
#30     _RenderObjectSemantics.updateChildren (package:flutter/src/rendering/object.dart:5573:50)
#31     _RenderObjectSemantics._didUpdateParentData (package:flutter/src/rendering/object.dart:5774:5)
#32     _RenderObjectSemantics._collectChildMergeUpAndSiblingGroup (package:flutter/src/rendering/object.dart:5697:22)
#33     _RenderObjectSemantics.updateChildren (package:flutter/src/rendering/object.dart:5573:50)
#34     _RenderObjectSemantics._didUpdateParentData (package:flutter/src/rendering/object.dart:5774:5)
#35     _RenderObjectSemantics._collectChildMergeUpAndSiblingGroup (package:flutter/src/rendering/object.dart:5697:22)
#36     _RenderObjectSemantics.updateChildren (package:flutter/src/rendering/object.dart:5573:50)
#37     _RenderObjectSemantics._didUpdateParentData (package:flutter/src/rendering/object.dart:5774:5)
#38     _RenderObjectSemantics._collectChildMergeUpAndSiblingGroup (package:flutter/src/rendering/object.dart:5697:22)
#39     _RenderObjectSemantics.updateChildren (package:flutter/src/rendering/object.dart:5573:50)
#40     _RenderObjectSemantics._didUpdateParentData (package:flutter/src/rendering/object.dart:5774:5)
#41     _RenderObjectSemantics._collectChildMergeUpAndSiblingGroup (package:flutter/src/rendering/object.dart:5697:22)
#42     _RenderObjectSemantics.updateChildren (package:flutter/src/rendering/object.dart:5573:50)
#43     _RenderObjectSemantics._didUpdateParentData (package:flutter/src/rendering/object.dart:5774:5)
#44     _RenderObjectSemantics._collectChildMergeUpAndSiblingGroup (package:flutter/src/rendering/object.dart:5697:22)
#45     _RenderObjectSemantics.updateChildren (package:flutter/src/rendering/object.dart:5573:50)
#46     _RenderObjectSemantics._didUpdateParentData (package:flutter/src/rendering/object.dart:5774:5)
#47     _RenderObjectSemantics._collectChildMergeUpAndSiblingGroup (package:flutter/src/rendering/object.dart:5697:22)
#48     _RenderObjectSemantics.updateChildren (package:flutter/src/rendering/object.dart:5573:50)
#49     _RenderObjectSemantics._didUpdateParentData (package:flutter/src/rendering/object.dart:5774:5)
#50     _RenderObjectSemantics._collectChildMergeUpAndSiblingGroup (package:flutter/src/rendering/object.dart:5697:22)
#51     _RenderObjectSemantics.updateChildren (package:flutter/src/rendering/object.dart:5573:50)
#52     _RenderObjectSemantics._didUpdateParentData (package:flutter/src/rendering/object.dart:5774:5)
#53     _RenderObjectSemantics._collectChildMergeUpAndSiblingGroup (package:flutter/src/rendering/object.dart:5697:22)
#54     _RenderObjectSemantics.updateChildren (package:flutter/src/rendering/object.dart:5573:50)
#55     _RenderObjectSemantics._didUpdateParentData (package:flutter/src/rendering/object.dart:5774:5)
#56     _RenderObjectSemantics._collectChildMergeUpAndSiblingGroup (package:flutter/src/rendering/object.dart:5697:22)
#57     _RenderObjectSemantics.updateChildren (package:flutter/src/rendering/object.dart:5573:50)
#58     _RenderObjectSemantics._didUpdateParentData (package:flutter/src/rendering/object.dart:5774:5)
#59     _RenderObjectSemantics._collectChildMergeUpAndSiblingGroup (package:flutter/src/rendering/object.dart:5697:22)
#60     _RenderObjectSemantics.updateChildren (package:flutter/src/rendering/object.dart:5573:50)
#61     _RenderObjectSemantics._didUpdateParentData (package:flutter/src/rendering/object.dart:5774:5)
#62     _RenderObjectSemantics._collectChildMergeUpAndSiblingGroup (package:flutter/src/rendering/object.dart:5697:22)
#63     _RenderObjectSemantics.updateChildren (package:flutter/src/rendering/object.dart:5573:50)
#64     _RenderObjectSemantics._didUpdateParentData (package:flutter/src/rendering/object.dart:5774:5)
#65     _RenderObjectSemantics._collectChildMergeUpAndSiblingGroup (package:flutter/src/rendering/object.dart:5697:22)
#66     _RenderObjectSemantics.updateChildren (package:flutter/src/rendering/object.dart:5573:50)
#67     _RenderObjectSemantics._didUpdateParentData (package:flutter/src/rendering/object.dart:5774:5)
#68     _RenderObjectSemantics._collectChildMergeUpAndSiblingGroup (package:flutter/src/rendering/object.dart:5697:22)
#69     _RenderObjectSemantics.updateChildren (package:flutter/src/rendering/object.dart:5573:50)
#70     _RenderObjectSemantics._didUpdateParentData (package:flutter/src/rendering/object.dart:5774:5)
#71     _RenderObjectSemantics._collectChildMergeUpAndSiblingGroup (package:flutter/src/rendering/object.dart:5697:22)
#72     _RenderObjectSemantics.updateChildren (package:flutter/src/rendering/object.dart:5573:50)
#73     _RenderObjectSemantics._didUpdateParentData (package:flutter/src/rendering/object.dart:5774:5)
#74     _RenderObjectSemantics._collectChildMergeUpAndSiblingGroup (package:flutter/src/rendering/object.dart:5697:22)
#75     _RenderObjectSemantics.updateChildren (package:flutter/src/rendering/object.dart:5573:50)
#76     _RenderObjectSemantics._didUpdateParentData (package:flutter/src/rendering/object.dart:5774:5)
#77     _RenderObjectSemantics._collectChildMergeUpAndSiblingGroup (package:flutter/src/rendering/object.dart:5697:22)
#78     _RenderObjectSemantics.updateChildren (package:flutter/src/rendering/object.dart:5573:50)
#79     _RenderObjectSemantics._didUpdateParentData (package:flutter/src/rendering/object.dart:5774:5)
#80     _RenderObjectSemantics._collectChildMergeUpAndSiblingGroup (package:flutter/src/rendering/object.dart:5697:22)
#81     _RenderObjectSemantics.updateChildren (package:flutter/src/rendering/object.dart:5573:50)
#82     _RenderObjectSemantics._didUpdateParentData (package:flutter/src/rendering/object.dart:5774:5)
#83     _RenderObjectSemantics._collectChildMergeUpAndSiblingGroup (package:flutter/src/rendering/object.dart:5697:22)
#84     _RenderObjectSemantics.updateChildren (package:flutter/src/rendering/object.dart:5573:50)
#85     _RenderObjectSemantics._didUpdateParentData (package:flutter/src/rendering/object.dart:5774:5)
#86     _RenderObjectSemantics._collectChildMergeUpAndSiblingGroup (package:flutter/src/rendering/object.dart:5697:22)
#87     _RenderObjectSemantics.updateChildren (package:flutter/src/rendering/object.dart:5573:50)
#88     _RenderObjectSemantics._didUpdateParentData (package:flutter/src/rendering/object.dart:5774:5)
#89     _RenderObjectSemantics._collectChildMergeUpAndSiblingGroup (package:flutter/src/rendering/object.dart:5697:22)
#90     _RenderObjectSemantics.updateChildren (package:flutter/src/rendering/object.dart:5573:50)
#91     _RenderObjectSemantics._didUpdateParentData (package:flutter/src/rendering/object.dart:5774:5)
#92     _RenderObjectSemantics._collectChildMergeUpAndSiblingGroup (package:flutter/src/rendering/object.dart:5697:22)
#93     _RenderObjectSemantics.updateChildren (package:flutter/src/rendering/object.dart:5573:50)
#94     _RenderObjectSemantics._didUpdateParentData (package:flutter/src/rendering/object.dart:5774:5)
#95     _RenderObjectSemantics._collectChildMergeUpAndSiblingGroup (package:flutter/src/rendering/object.dart:5697:22)
#96     _RenderObjectSemantics.updateChildren (package:flutter/src/rendering/object.dart:5573:50)
#97     _RenderObjectSemantics._didUpdateParentData (package:flutter/src/rendering/object.dart:5774:5)
#98     _RenderObjectSemantics._collectChildMergeUpAndSiblingGroup (package:flutter/src/rendering/object.dart:5697:22)
#99     _RenderObjectSemantics.updateChildren (package:flutter/src/rendering/object.dart:5573:50)
#100    _RenderObjectSemantics._didUpdateParentData (package:flutter/src/rendering/object.dart:5774:5)
#101    _RenderObjectSemantics._collectChildMergeUpAndSiblingGroup (package:flutter/src/rendering/object.dart:5697:22)
#102    _RenderObjectSemantics.updateChildren (package:flutter/src/rendering/object.dart:5573:50)
#103    _RenderObjectSemantics._didUpdateParentData (package:flutter/src/rendering/object.dart:5774:5)
#104    _RenderObjectSemantics._collectChildMergeUpAndSiblingGroup (package:flutter/src/rendering/object.dart:5697:22)
#105    _RenderObjectSemantics.updateChildren (package:flutter/src/rendering/object.dart:5573:50)
#106    _RenderObjectSemantics._didUpdateParentData (package:flutter/src/rendering/object.dart:5774:5)
#107    _RenderObjectSemantics._collectChildMergeUpAndSiblingGroup (package:flutter/src/rendering/object.dart:5697:22)
#108    _RenderObjectSemantics.updateChildren (package:flutter/src/rendering/object.dart:5573:50)
#109    _RenderObjectSemantics._didUpdateParentData (package:flutter/src/rendering/object.dart:5774:5)
#110    _RenderObjectSemantics._collectChildMergeUpAndSiblingGroup (package:flutter/src/rendering/object.dart:5697:22)
#111    _RenderObjectSemantics.updateChildren (package:flutter/src/rendering/object.dart:5573:50)
#112    _RenderObjectSemantics._didUpdateParentData (package:flutter/src/rendering/object.dart:5774:5)
#113    _RenderObjectSemantics._collectChildMergeUpAndSiblingGroup (package:flutter/src/rendering/object.dart:5697:22)
#114    _RenderObjectSemantics.updateChildren (package:flutter/src/rendering/object.dart:5573:50)
#115    _RenderObjectSemantics._didUpdateParentData (package:flutter/src/rendering/object.dart:5774:5)
#116    _RenderObjectSemantics._collectChildMergeUpAndSiblingGroup (package:flutter/src/rendering/object.dart:5697:22)
#117    _RenderObjectSemantics.updateChildren (package:flutter/src/rendering/object.dart:5573:50)
#118    _RenderObjectSemantics._didUpdateParentData (package:flutter/src/rendering/object.dart:5774:5)
#119    _RenderObjectSemantics._collectChildMergeUpAndSiblingGroup (package:flutter/src/rendering/object.dart:5697:22)
#120    _RenderObjectSemantics.updateChildren (package:flutter/src/rendering/object.dart:5573:50)
#121    _RenderObjectSemantics._didUpdateParentData (package:flutter/src/rendering/object.dart:5774:5)
#122    _RenderObjectSemantics._collectChildMergeUpAndSiblingGroup (package:flutter/src/rendering/object.dart:5697:22)
#123    _RenderObjectSemantics.updateChildren (package:flutter/src/rendering/object.dart:5573:50)
#124    _RenderObjectSemantics._didUpdateParentData (package:flutter/src/rendering/object.dart:5774:5)
#125    _RenderObjectSemantics._collectChildMergeUpAndSiblingGroup (package:flutter/src/rendering/object.dart:5697:22)
#126    _RenderObjectSemantics.updateChildren (package:flutter/src/rendering/object.dart:5573:50)
#127    _RenderObjectSemantics._didUpdateParentData (package:flutter/src/rendering/object.dart:5774:5)
#128    _RenderObjectSemantics._collectChildMergeUpAndSiblingGroup (package:flutter/src/rendering/object.dart:5697:22)
#129    _RenderObjectSemantics.updateChildren (package:flutter/src/rendering/object.dart:5573:50)
#130    _RenderObjectSemantics._didUpdateParentData (package:flutter/src/rendering/object.dart:5774:5)
#131    _RenderObjectSemantics._collectChildMergeUpAndSiblingGroup (package:flutter/src/rendering/object.dart:5697:22)
#132    _RenderObjectSemantics.updateChildren (package:flutter/src/rendering/object.dart:5573:50)
#133    _RenderObjectSemantics._didUpdateParentData (package:flutter/src/rendering/object.dart:5774:5)
#134    _RenderObjectSemantics._collectChildMergeUpAndSiblingGroup (package:flutter/src/rendering/object.dart:5697:22)
#135    _RenderObjectSemantics.updateChildren (package:flutter/src/rendering/object.dart:5573:50)
#136    _RenderObjectSemantics._didUpdateParentData (package:flutter/src/rendering/object.dart:5774:5)
#137    _RenderObjectSemantics._collectChildMergeUpAndSiblingGroup (package:flutter/src/rendering/object.dart:5697:22)
#138    _RenderObjectSemantics.updateChildren (package:flutter/src/rendering/object.dart:5573:50)
#139    _RenderObjectSemantics._didUpdateParentData (package:flutter/src/rendering/object.dart:5774:5)
#140    _RenderObjectSemantics._collectChildMergeUpAndSiblingGroup (package:flutter/src/rendering/object.dart:5697:22)
#141    _RenderObjectSemantics.updateChildren (package:flutter/src/rendering/object.dart:5573:50)
#142    _RenderObjectSemantics._didUpdateParentData (package:flutter/src/rendering/object.dart:5774:5)
#143    _RenderObjectSemantics._collectChildMergeUpAndSiblingGroup (package:flutter/src/rendering/object.dart:5697:22)
#144    _RenderObjectSemantics.updateChildren (package:flutter/src/rendering/object.dart:5573:50)
#145    _RenderObjectSemantics._didUpdateParentData (package:flutter/src/rendering/object.dart:5774:5)
#146    _RenderObjectSemantics._collectChildMergeUpAndSiblingGroup (package:flutter/src/rendering/object.dart:5697:22)
#147    _RenderObjectSemantics.updateChildren (package:flutter/src/rendering/object.dart:5573:50)
#148    _RenderObjectSemantics._didUpdateParentData (package:flutter/src/rendering/object.dart:5774:5)
#149    _RenderObjectSemantics._collectChildMergeUpAndSiblingGroup (package:flutter/src/rendering/object.dart:5697:22)
#150    _RenderObjectSemantics.updateChildren (package:flutter/src/rendering/object.dart:5573:50)
#151    _RenderObjectSemantics._didUpdateParentData (package:flutter/src/rendering/object.dart:5774:5)
#152    _RenderObjectSemantics._collectChildMergeUpAndSiblingGroup (package:flutter/src/rendering/object.dart:5697:22)
#153    _RenderObjectSemantics.updateChildren (package:flutter/src/rendering/object.dart:5573:50)
#154    _RenderObjectSemantics._didUpdateParentData (package:flutter/src/rendering/object.dart:5774:5)
#155    _RenderObjectSemantics._collectChildMergeUpAndSiblingGroup (package:flutter/src/rendering/object.dart:5697:22)
#156    _RenderObjectSemantics.updateChildren (package:flutter/src/rendering/object.dart:5573:50)
#157    _RenderObjectSemantics._didUpdateParentData (package:flutter/src/rendering/object.dart:5774:5)
#158    _RenderObjectSemantics._collectChildMergeUpAndSiblingGroup (package:flutter/src/rendering/object.dart:5697:22)
#159    _RenderObjectSemantics.updateChildren (package:flutter/src/rendering/object.dart:5573:50)
#160    _RenderObjectSemantics._didUpdateParentData (package:flutter/src/rendering/object.dart:5774:5)
#161    _RenderObjectSemantics._collectChildMergeUpAndSiblingGroup (package:flutter/src/rendering/object.dart:5697:22)
#162    _RenderObjectSemantics.updateChildren (package:flutter/src/rendering/object.dart:5573:50)
#163    _RenderObjectSemantics._didUpdateParentData (package:flutter/src/rendering/object.dart:5774:5)
#164    _RenderObjectSemantics._collectChildMergeUpAndSiblingGroup (package:flutter/src/rendering/object.dart:5697:22)
#165    _RenderObjectSemantics.updateChildren (package:flutter/src/rendering/object.dart:5573:50)
#166    _RenderObjectSemantics._didUpdateParentData (package:flutter/src/rendering/object.dart:5774:5)
#167    _RenderObjectSemantics._collectChildMergeUpAndSiblingGroup (package:flutter/src/rendering/object.dart:5697:22)
#168    _RenderObjectSemantics.updateChildren (package:flutter/src/rendering/object.dart:5573:50)
#169    _RenderObjectSemantics._didUpdateParentData (package:flutter/src/rendering/object.dart:5774:5)
#170    _RenderObjectSemantics._collectChildMergeUpAndSiblingGroup (package:flutter/src/rendering/object.dart:5697:22)
#171    _RenderObjectSemantics.updateChildren (package:flutter/src/rendering/object.dart:5573:50)
#172    _RenderObjectSemantics._didUpdateParentData (package:flutter/src/rendering/object.dart:5774:5)
#173    _RenderObjectSemantics._collectChildMergeUpAndSiblingGroup (package:flutter/src/rendering/object.dart:5697:22)
#174    _RenderObjectSemantics.updateChildren (package:flutter/src/rendering/object.dart:5573:50)
#175    PipelineOwner.flushSemantics (package:flutter/src/rendering/object.dart:1470:25)
#176    PipelineOwner.flushSemantics (package:flutter/src/rendering/object.dart:1514:15)
#177    AutomatedTestWidgetsFlutterBinding.drawFrame (package:flutter_test/src/binding.dart:1519:35)
#178    RendererBinding._handlePersistentFrameCallback (package:flutter/src/rendering/binding.dart:495:5)
#179    SchedulerBinding._invokeFrameCallback (package:flutter/src/scheduler/binding.dart:1434:15)
#180    SchedulerBinding.handleDrawFrame (package:flutter/src/scheduler/binding.dart:1347:9)
#181    AutomatedTestWidgetsFlutterBinding.pump.<anonymous closure> (package:flutter_test/src/binding.dart:1335:9)
#184    TestAsyncUtils.guard (package:flutter_test/src/test_async_utils.dart:74:41)
#185    AutomatedTestWidgetsFlutterBinding.pump (package:flutter_test/src/binding.dart:1324:27)
#186    WidgetTester.pumpWidget.<anonymous closure> (package:flutter_test/src/widget_tester.dart:598:22)
#189    TestAsyncUtils.guard (package:flutter_test/src/test_async_utils.dart:74:41)
#190    WidgetTester.pumpWidget (package:flutter_test/src/widget_tester.dart:595:27)
#191    main.<anonymous closure> (file:///D:/Mystery/programming/projects/PYTHON_PROJECTS/focus/focus_gg/focus_flutter/test/widget_test.dart:19:18)
#192    testWidgets.<anonymous closure>.<anonymous closure> (package:flutter_test/src/widget_tester.dart:192:29)
<asynchronous suspension>
#193    TestWidgetsFlutterBinding._runTestBody (package:flutter_test/src/binding.dart:1059:5)
<asynchronous suspension>
<asynchronous suspension>
(elided 7 frames from class _AssertionError, dart:async, and package:stack_trace)
ΓòÉΓòÉΓòÉΓòÉΓòÉΓòÉΓòÉΓòÉΓòÉΓòÉΓòÉΓòÉΓòÉΓòÉΓòÉΓòÉΓòÉΓòÉΓòÉΓòÉΓòÉΓòÉΓòÉΓòÉΓòÉΓòÉΓòÉΓòÉΓòÉΓòÉΓòÉΓòÉΓòÉΓòÉΓòÉΓòÉΓòÉΓòÉΓòÉΓòÉΓòÉΓòÉΓòÉΓòÉΓòÉΓòÉΓòÉΓòÉΓòÉΓòÉΓòÉΓòÉΓòÉΓòÉΓòÉΓòÉΓòÉΓòÉΓòÉΓòÉΓòÉΓòÉΓòÉΓòÉΓòÉΓòÉΓòÉΓòÉΓòÉΓòÉΓòÉΓòÉΓòÉΓòÉΓòÉΓòÉΓòÉΓòÉΓòÉΓòÉΓòÉΓòÉΓòÉΓòÉΓòÉΓòÉΓòÉΓòÉΓòÉΓòÉΓòÉΓòÉΓòÉΓòÉΓòÉΓòÉΓòÉΓòÉΓòÉΓòÉ
ΓòÉΓòÉΓòí EXCEPTION CAUGHT BY RENDERING LIBRARY Γò₧ΓòÉΓòÉΓòÉΓòÉΓòÉΓòÉΓòÉΓòÉΓòÉΓòÉΓòÉΓòÉΓòÉΓòÉΓòÉΓòÉΓòÉΓòÉΓòÉΓòÉΓòÉΓòÉΓòÉΓòÉΓòÉΓòÉΓòÉΓòÉΓòÉΓòÉΓòÉΓòÉΓòÉΓòÉΓòÉΓòÉΓòÉΓòÉΓòÉΓòÉΓòÉΓòÉΓòÉΓòÉΓòÉΓòÉΓòÉΓòÉΓòÉΓòÉΓòÉΓòÉΓòÉΓòÉΓòÉΓòÉΓòÉ
The following assertion was thrown during performLayout():
RenderBox was not laid out: RenderFlex#c9e0f relayoutBoundary=up27 NEEDS-PAINT
'package:flutter/src/rendering/box.dart':
Failed assertion: line 2251 pos 12: 'hasSize'

Either the assertion indicates an error in the framework itself, or we should provide substantially
more information in this error message to help you determine and fix the underlying cause.
In either case, please report this assertion by filing a bug on GitHub:
  https://github.com/flutter/flutter/issues/new?template=02_bug.yml

The relevant error-causing widget was:
  Column
  Column:file:///D:/Mystery/programming/projects/PYTHON_PROJECTS/focus/focus_gg/focus_flutter/lib/features/dashboard/dashboard_screen.dart:267:22

When the exception was thrown, this was the stack:
#2      RenderBox.size (package:flutter/src/rendering/box.dart:2251:12)
#3      RenderBox.debugResetSize (package:flutter/src/rendering/box.dart:2441:12)
#4      RenderObject.layout.<anonymous closure> (package:flutter/src/rendering/object.dart:2724:9)
#5      RenderObject.layout (package:flutter/src/rendering/object.dart:2729:8)
#6      ChildLayoutHelper.layoutChild (package:flutter/src/rendering/layout_helper.dart:62:11)
#7      RenderFlex._computeSizes (package:flutter/src/rendering/flex.dart:1161:28)
#8      RenderFlex.performLayout (package:flutter/src/rendering/flex.dart:1257:32)
#9      RenderObject.layout (package:flutter/src/rendering/object.dart:2775:7)
#10     _RenderLayoutBuilder.performLayout (package:flutter/src/widgets/layout_builder.dart:450:14)
#11     RenderObject.layout (package:flutter/src/rendering/object.dart:2775:7)
#12     RenderPadding.performLayout (package:flutter/src/rendering/shifted_box.dart:243:12)
#13     RenderObject.layout (package:flutter/src/rendering/object.dart:2775:7)
#14     ChildLayoutHelper.layoutChild (package:flutter/src/rendering/layout_helper.dart:62:11)
#15     RenderStack._computeSize (package:flutter/src/rendering/stack.dart:645:43)
#16     RenderStack.performLayout (package:flutter/src/rendering/stack.dart:680:12)
#17     RenderObject.layout (package:flutter/src/rendering/object.dart:2775:7)
#18     RenderPadding.performLayout (package:flutter/src/rendering/shifted_box.dart:243:12)
#19     RenderObject.layout (package:flutter/src/rendering/object.dart:2775:7)
#20     RenderProxyBoxMixin.performLayout (package:flutter/src/rendering/proxy_box.dart:115:18)
#21     RenderObject.layout (package:flutter/src/rendering/object.dart:2775:7)
#22     ChildLayoutHelper.layoutChild (package:flutter/src/rendering/layout_helper.dart:62:11)
#23     RenderStack._computeSize (package:flutter/src/rendering/stack.dart:645:43)
#24     RenderStack.performLayout (package:flutter/src/rendering/stack.dart:680:12)
#25     RenderObject.layout (package:flutter/src/rendering/object.dart:2775:7)
#26     RenderProxyBoxMixin.performLayout (package:flutter/src/rendering/proxy_box.dart:115:18)
#27     RenderObject.layout (package:flutter/src/rendering/object.dart:2775:7)
#28     RenderProxyBoxMixin.performLayout (package:flutter/src/rendering/proxy_box.dart:115:18)
#29     RenderObject.layout (package:flutter/src/rendering/object.dart:2775:7)
#30     ChildLayoutHelper.layoutChild (package:flutter/src/rendering/layout_helper.dart:62:11)
#31     RenderStack._computeSize (package:flutter/src/rendering/stack.dart:645:43)
#32     RenderStack.performLayout (package:flutter/src/rendering/stack.dart:680:12)
#33     RenderObject.layout (package:flutter/src/rendering/object.dart:2775:7)
#34     RenderProxyBoxMixin.performLayout (package:flutter/src/rendering/proxy_box.dart:115:18)
#35     RenderObject.layout (package:flutter/src/rendering/object.dart:2775:7)
#36     RenderProxyBoxMixin.performLayout (package:flutter/src/rendering/proxy_box.dart:115:18)
#37     RenderObject.layout (package:flutter/src/rendering/object.dart:2775:7)
#38     ChildLayoutHelper.layoutChild (package:flutter/src/rendering/layout_helper.dart:62:11)
#39     RenderFlex._computeSizes (package:flutter/src/rendering/flex.dart:1161:28)
#40     RenderFlex.performLayout (package:flutter/src/rendering/flex.dart:1257:32)
#41     RenderObject.layout (package:flutter/src/rendering/object.dart:2775:7)
#42     RenderPadding.performLayout (package:flutter/src/rendering/shifted_box.dart:243:12)
#43     RenderObject.layout (package:flutter/src/rendering/object.dart:2775:7)
#44     RenderConstrainedBox.performLayout (package:flutter/src/rendering/proxy_box.dart:293:14)
#45     RenderObject.layout (package:flutter/src/rendering/object.dart:2775:7)
#46     RenderPositionedBox.performLayout (package:flutter/src/rendering/shifted_box.dart:465:14)
#47     RenderObject.layout (package:flutter/src/rendering/object.dart:2775:7)
#48     RenderPadding.performLayout (package:flutter/src/rendering/shifted_box.dart:243:12)
#49     RenderObject.layout (package:flutter/src/rendering/object.dart:2775:7)
#50     _RenderSingleChildViewport.performLayout (package:flutter/src/widgets/single_child_scroll_view.dart:502:14)
#51     RenderObject.layout (package:flutter/src/rendering/object.dart:2775:7)
#52     RenderProxyBoxMixin.performLayout (package:flutter/src/rendering/proxy_box.dart:115:18)
#53     RenderObject.layout (package:flutter/src/rendering/object.dart:2775:7)
#54     RenderProxyBoxMixin.performLayout (package:flutter/src/rendering/proxy_box.dart:115:18)
#55     RenderObject.layout (package:flutter/src/rendering/object.dart:2775:7)
#56     RenderProxyBoxMixin.performLayout (package:flutter/src/rendering/proxy_box.dart:115:18)
#57     RenderObject.layout (package:flutter/src/rendering/object.dart:2775:7)
#58     RenderProxyBoxMixin.performLayout (package:flutter/src/rendering/proxy_box.dart:115:18)
#59     RenderObject.layout (package:flutter/src/rendering/object.dart:2775:7)
#60     RenderProxyBoxMixin.performLayout (package:flutter/src/rendering/proxy_box.dart:115:18)
#61     RenderObject.layout (package:flutter/src/rendering/object.dart:2775:7)
#62     RenderProxyBoxMixin.performLayout (package:flutter/src/rendering/proxy_box.dart:115:18)
#63     RenderObject.layout (package:flutter/src/rendering/object.dart:2775:7)
#64     RenderProxyBoxMixin.performLayout (package:flutter/src/rendering/proxy_box.dart:115:18)
#65     RenderObject.layout (package:flutter/src/rendering/object.dart:2775:7)
#66     RenderProxyBoxMixin.performLayout (package:flutter/src/rendering/proxy_box.dart:115:18)
#67     _RenderCustomClip.performLayout (package:flutter/src/rendering/proxy_box.dart:1481:11)
#68     RenderObject.layout (package:flutter/src/rendering/object.dart:2775:7)
#69     MultiChildLayoutDelegate.layoutChild (package:flutter/src/rendering/custom_layout.dart:180:12)
#70     _ScaffoldLayout.performLayout (package:flutter/src/material/scaffold.dart:1112:7)
#71     MultiChildLayoutDelegate._callPerformLayout (package:flutter/src/rendering/custom_layout.dart:249:7)
#72     RenderCustomMultiChildLayoutBox.performLayout (package:flutter/src/rendering/custom_layout.dart:420:14)
#73     RenderObject._layoutWithoutResize (package:flutter/src/rendering/object.dart:2623:7)
#74     PipelineOwner.flushLayout (package:flutter/src/rendering/object.dart:1170:18)
#75     PipelineOwner.flushLayout (package:flutter/src/rendering/object.dart:1183:15)
#76     AutomatedTestWidgetsFlutterBinding.drawFrame (package:flutter_test/src/binding.dart:1508:27)
#77     RendererBinding._handlePersistentFrameCallback (package:flutter/src/rendering/binding.dart:495:5)
#78     SchedulerBinding._invokeFrameCallback (package:flutter/src/scheduler/binding.dart:1434:15)
#79     SchedulerBinding.handleDrawFrame (package:flutter/src/scheduler/binding.dart:1347:9)
#80     AutomatedTestWidgetsFlutterBinding.pump.<anonymous closure> (package:flutter_test/src/binding.dart:1335:9)
#83     TestAsyncUtils.guard (package:flutter_test/src/test_async_utils.dart:74:41)
#84     AutomatedTestWidgetsFlutterBinding.pump (package:flutter_test/src/binding.dart:1324:27)
#85     WidgetTester.pumpAndSettle.<anonymous closure> (package:flutter_test/src/widget_tester.dart:719:23)
#88     TestAsyncUtils.guard (package:flutter_test/src/test_async_utils.dart:74:41)
#89     WidgetTester.pumpAndSettle (package:flutter_test/src/widget_tester.dart:712:27)
#90     main.<anonymous closure> (file:///D:/Mystery/programming/projects/PYTHON_PROJECTS/focus/focus_gg/focus_flutter/test/widget_test.dart:20:18)
<asynchronous suspension>
#91     testWidgets.<anonymous closure>.<anonymous closure> (package:flutter_test/src/widget_tester.dart:192:15)
<asynchronous suspension>
#92     TestWidgetsFlutterBinding._runTestBody (package:flutter_test/src/binding.dart:1059:5)
<asynchronous suspension>
<asynchronous suspension>
(elided 7 frames from class _AssertionError, dart:async, and package:stack_trace)

The following RenderObject was being processed when the exception was fired: RenderFlex#aa1cb relayoutBoundary=up26 NEEDS-LAYOUT NEEDS-PAINT:
  creator: Column ΓåÉ LayoutBuilder ΓåÉ Padding ΓåÉ Stack ΓåÉ Padding ΓåÉ DecoratedBox ΓåÉ Container ΓåÉ Stack ΓåÉ
    Listener ΓåÉ _GestureSemantics ΓåÉ RawGestureDetector ΓåÉ GestureDetector ΓåÉ Γï»
  parentData: offset=Offset(0.0, 0.0) (can use size)
  constraints: BoxConstraints(0.0<=w<=718.0, 0.0<=h<=Infinity)
  size: MISSING
  direction: vertical
  mainAxisAlignment: start
  mainAxisSize: max
  crossAxisAlignment: stretch
  verticalDirection: down
  spacing: 0.0
This RenderObject had the following descendants (showing up to depth 5):
    child 1: RenderPositionedBox#5029c relayoutBoundary=up27 NEEDS-PAINT
      child: RenderDecoratedBox#d57f4 relayoutBoundary=up28 NEEDS-PAINT
        child: RenderPadding#50332 relayoutBoundary=up29 NEEDS-PAINT
          child: RenderParagraph#90228 relayoutBoundary=up30 NEEDS-PAINT
            text: TextSpan
    child 2: RenderConstrainedBox#a0fd6 relayoutBoundary=up27 NEEDS-PAINT
    child 3: RenderFlex#b3cf9 relayoutBoundary=up27 NEEDS-PAINT
      child 1: RenderFlex#f1f04 relayoutBoundary=up28 NEEDS-PAINT
        child 1: RenderFittedBox#b6007 relayoutBoundary=up29 NEEDS-PAINT
          child: RenderFlex#d6f17 relayoutBoundary=up30 NEEDS-PAINT
            child 1: RenderParagraph#67186 relayoutBoundary=up31 NEEDS-PAINT
            child 2: RenderConstrainedBox#5085d relayoutBoundary=up31 NEEDS-PAINT
            child 3: RenderPadding#7cb01 relayoutBoundary=up31 NEEDS-PAINT
        child 2: RenderConstrainedBox#6aabe relayoutBoundary=up29 NEEDS-PAINT
        child 3: RenderPadding#62bef relayoutBoundary=up29 NEEDS-PAINT
          child: RenderFlex#7ce43 relayoutBoundary=up30 NEEDS-PAINT
            child 1: RenderConstrainedBox#d52ad relayoutBoundary=up31 NEEDS-PAINT
            child 2: RenderParagraph#8b3d0 relayoutBoundary=up31 NEEDS-PAINT
        child 4: RenderPadding#e6854 relayoutBoundary=up29 NEEDS-PAINT
          child: RenderFlex#65ef6 relayoutBoundary=up30 NEEDS-PAINT
            child 1: RenderConstrainedBox#fdc29 relayoutBoundary=up31 NEEDS-PAINT
            child 2: RenderParagraph#bab90 relayoutBoundary=up31 NEEDS-PAINT
        child 5: RenderPadding#ab2e0 relayoutBoundary=up29 NEEDS-PAINT
          child: RenderFlex#056f0 relayoutBoundary=up30 NEEDS-PAINT
            child 1: RenderConstrainedBox#3f59d relayoutBoundary=up31 NEEDS-PAINT
            child 2: RenderParagraph#76843 relayoutBoundary=up31 NEEDS-PAINT
    ...(descendants list truncated after 25 lines)
ΓòÉΓòÉΓòÉΓòÉΓòÉΓòÉΓòÉΓòÉΓòÉΓòÉΓòÉΓòÉΓòÉΓòÉΓòÉΓòÉΓòÉΓòÉΓòÉΓòÉΓòÉΓòÉΓòÉΓòÉΓòÉΓòÉΓòÉΓòÉΓòÉΓòÉΓòÉΓòÉΓòÉΓòÉΓòÉΓòÉΓòÉΓòÉΓòÉΓòÉΓòÉΓòÉΓòÉΓòÉΓòÉΓòÉΓòÉΓòÉΓòÉΓòÉΓòÉΓòÉΓòÉΓòÉΓòÉΓòÉΓòÉΓòÉΓòÉΓòÉΓòÉΓòÉΓòÉΓòÉΓòÉΓòÉΓòÉΓòÉΓòÉΓòÉΓòÉΓòÉΓòÉΓòÉΓòÉΓòÉΓòÉΓòÉΓòÉΓòÉΓòÉΓòÉΓòÉΓòÉΓòÉΓòÉΓòÉΓòÉΓòÉΓòÉΓòÉΓòÉΓòÉΓòÉΓòÉΓòÉΓòÉΓòÉΓòÉΓòÉ
ΓòÉΓòÉΓòí EXCEPTION CAUGHT BY RENDERING LIBRARY Γò₧ΓòÉΓòÉΓòÉΓòÉΓòÉΓòÉΓòÉΓòÉΓòÉΓòÉΓòÉΓòÉΓòÉΓòÉΓòÉΓòÉΓòÉΓòÉΓòÉΓòÉΓòÉΓòÉΓòÉΓòÉΓòÉΓòÉΓòÉΓòÉΓòÉΓòÉΓòÉΓòÉΓòÉΓòÉΓòÉΓòÉΓòÉΓòÉΓòÉΓòÉΓòÉΓòÉΓòÉΓòÉΓòÉΓòÉΓòÉΓòÉΓòÉΓòÉΓòÉΓòÉΓòÉΓòÉΓòÉΓòÉΓòÉ
The following assertion was thrown during performLayout():
RenderBox was not laid out: RenderFlex#aa1cb relayoutBoundary=up26 NEEDS-PAINT
'package:flutter/src/rendering/box.dart':
Failed assertion: line 2251 pos 12: 'hasSize'

Either the assertion indicates an error in the framework itself, or we should provide substantially
more information in this error message to help you determine and fix the underlying cause.
In either case, please report this assertion by filing a bug on GitHub:
  https://github.com/flutter/flutter/issues/new?template=02_bug.yml

The relevant error-causing widget was:
  LayoutBuilder
  LayoutBuilder:file:///D:/Mystery/programming/projects/PYTHON_PROJECTS/focus/focus_gg/focus_flutter/lib/features/dashboard/dashboard_screen.dart:197:18

When the exception was thrown, this was the stack:
#2      RenderBox.size (package:flutter/src/rendering/box.dart:2251:12)
#3      _RenderLayoutBuilder.performLayout (package:flutter/src/widgets/layout_builder.dart:451:43)
#4      RenderObject.layout (package:flutter/src/rendering/object.dart:2775:7)
#5      RenderPadding.performLayout (package:flutter/src/rendering/shifted_box.dart:243:12)
#6      RenderObject.layout (package:flutter/src/rendering/object.dart:2775:7)
#7      ChildLayoutHelper.layoutChild (package:flutter/src/rendering/layout_helper.dart:62:11)
#8      RenderStack._computeSize (package:flutter/src/rendering/stack.dart:645:43)
#9      RenderStack.performLayout (package:flutter/src/rendering/stack.dart:680:12)
#10     RenderObject.layout (package:flutter/src/rendering/object.dart:2775:7)
#11     RenderPadding.performLayout (package:flutter/src/rendering/shifted_box.dart:243:12)
#12     RenderObject.layout (package:flutter/src/rendering/object.dart:2775:7)
#13     RenderProxyBoxMixin.performLayout (package:flutter/src/rendering/proxy_box.dart:115:18)
#14     RenderObject.layout (package:flutter/src/rendering/object.dart:2775:7)
#15     ChildLayoutHelper.layoutChild (package:flutter/src/rendering/layout_helper.dart:62:11)
#16     RenderStack._computeSize (package:flutter/src/rendering/stack.dart:645:43)
#17     RenderStack.performLayout (package:flutter/src/rendering/stack.dart:680:12)
#18     RenderObject.layout (package:flutter/src/rendering/object.dart:2775:7)
#19     RenderProxyBoxMixin.performLayout (package:flutter/src/rendering/proxy_box.dart:115:18)
#20     RenderObject.layout (package:flutter/src/rendering/object.dart:2775:7)
#21     RenderProxyBoxMixin.performLayout (package:flutter/src/rendering/proxy_box.dart:115:18)
#22     RenderObject.layout (package:flutter/src/rendering/object.dart:2775:7)
#23     ChildLayoutHelper.layoutChild (package:flutter/src/rendering/layout_helper.dart:62:11)
#24     RenderStack._computeSize (package:flutter/src/rendering/stack.dart:645:43)
#25     RenderStack.performLayout (package:flutter/src/rendering/stack.dart:680:12)
#26     RenderObject.layout (package:flutter/src/rendering/object.dart:2775:7)
#27     RenderProxyBoxMixin.performLayout (package:flutter/src/rendering/proxy_box.dart:115:18)
#28     RenderObject.layout (package:flutter/src/rendering/object.dart:2775:7)
#29     RenderProxyBoxMixin.performLayout (package:flutter/src/rendering/proxy_box.dart:115:18)
#30     RenderObject.layout (package:flutter/src/rendering/object.dart:2775:7)
#31     ChildLayoutHelper.layoutChild (package:flutter/src/rendering/layout_helper.dart:62:11)
#32     RenderFlex._computeSizes (package:flutter/src/rendering/flex.dart:1161:28)
#33     RenderFlex.performLayout (package:flutter/src/rendering/flex.dart:1257:32)
#34     RenderObject.layout (package:flutter/src/rendering/object.dart:2775:7)
#35     RenderPadding.performLayout (package:flutter/src/rendering/shifted_box.dart:243:12)
#36     RenderObject.layout (package:flutter/src/rendering/object.dart:2775:7)
#37     RenderConstrainedBox.performLayout (package:flutter/src/rendering/proxy_box.dart:293:14)
#38     RenderObject.layout (package:flutter/src/rendering/object.dart:2775:7)
#39     RenderPositionedBox.performLayout (package:flutter/src/rendering/shifted_box.dart:465:14)
#40     RenderObject.layout (package:flutter/src/rendering/object.dart:2775:7)
#41     RenderPadding.performLayout (package:flutter/src/rendering/shifted_box.dart:243:12)
#42     RenderObject.layout (package:flutter/src/rendering/object.dart:2775:7)
#43     _RenderSingleChildViewport.performLayout (package:flutter/src/widgets/single_child_scroll_view.dart:502:14)
#44     RenderObject.layout (package:flutter/src/rendering/object.dart:2775:7)
#45     RenderProxyBoxMixin.performLayout (package:flutter/src/rendering/proxy_box.dart:115:18)
#46     RenderObject.layout (package:flutter/src/rendering/object.dart:2775:7)
#47     RenderProxyBoxMixin.performLayout (package:flutter/src/rendering/proxy_box.dart:115:18)
#48     RenderObject.layout (package:flutter/src/rendering/object.dart:2775:7)
#49     RenderProxyBoxMixin.performLayout (package:flutter/src/rendering/proxy_box.dart:115:18)
#50     RenderObject.layout (package:flutter/src/rendering/object.dart:2775:7)
#51     RenderProxyBoxMixin.performLayout (package:flutter/src/rendering/proxy_box.dart:115:18)
#52     RenderObject.layout (package:flutter/src/rendering/object.dart:2775:7)
#53     RenderProxyBoxMixin.performLayout (package:flutter/src/rendering/proxy_box.dart:115:18)
#54     RenderObject.layout (package:flutter/src/rendering/object.dart:2775:7)
#55     RenderProxyBoxMixin.performLayout (package:flutter/src/rendering/proxy_box.dart:115:18)
#56     RenderObject.layout (package:flutter/src/rendering/object.dart:2775:7)
#57     RenderProxyBoxMixin.performLayout (package:flutter/src/rendering/proxy_box.dart:115:18)
#58     RenderObject.layout (package:flutter/src/rendering/object.dart:2775:7)
#59     RenderProxyBoxMixin.performLayout (package:flutter/src/rendering/proxy_box.dart:115:18)
#60     _RenderCustomClip.performLayout (package:flutter/src/rendering/proxy_box.dart:1481:11)
#61     RenderObject.layout (package:flutter/src/rendering/object.dart:2775:7)
#62     MultiChildLayoutDelegate.layoutChild (package:flutter/src/rendering/custom_layout.dart:180:12)
#63     _ScaffoldLayout.performLayout (package:flutter/src/material/scaffold.dart:1112:7)
#64     MultiChildLayoutDelegate._callPerformLayout (package:flutter/src/rendering/custom_layout.dart:249:7)
#65     RenderCustomMultiChildLayoutBox.performLayout (package:flutter/src/rendering/custom_layout.dart:420:14)
#66     RenderObject._layoutWithoutResize (package:flutter/src/rendering/object.dart:2623:7)
#67     PipelineOwner.flushLayout (package:flutter/src/rendering/object.dart:1170:18)
#68     PipelineOwner.flushLayout (package:flutter/src/rendering/object.dart:1183:15)
#69     AutomatedTestWidgetsFlutterBinding.drawFrame (package:flutter_test/src/binding.dart:1508:27)
#70     RendererBinding._handlePersistentFrameCallback (package:flutter/src/rendering/binding.dart:495:5)
#71     SchedulerBinding._invokeFrameCallback (package:flutter/src/scheduler/binding.dart:1434:15)
#72     SchedulerBinding.handleDrawFrame (package:flutter/src/scheduler/binding.dart:1347:9)
#73     AutomatedTestWidgetsFlutterBinding.pump.<anonymous closure> (package:flutter_test/src/binding.dart:1335:9)
#76     TestAsyncUtils.guard (package:flutter_test/src/test_async_utils.dart:74:41)
#77     AutomatedTestWidgetsFlutterBinding.pump (package:flutter_test/src/binding.dart:1324:27)
#78     WidgetTester.pumpAndSettle.<anonymous closure> (package:flutter_test/src/widget_tester.dart:719:23)
#81     TestAsyncUtils.guard (package:flutter_test/src/test_async_utils.dart:74:41)
#82     WidgetTester.pumpAndSettle (package:flutter_test/src/widget_tester.dart:712:27)
#83     main.<anonymous closure> (file:///D:/Mystery/programming/projects/PYTHON_PROJECTS/focus/focus_gg/focus_flutter/test/widget_test.dart:20:18)
<asynchronous suspension>
#84     testWidgets.<anonymous closure>.<anonymous closure> (package:flutter_test/src/widget_tester.dart:192:15)
<asynchronous suspension>
#85     TestWidgetsFlutterBinding._runTestBody (package:flutter_test/src/binding.dart:1059:5)
<asynchronous suspension>
<asynchronous suspension>
(elided 7 frames from class _AssertionError, dart:async, and package:stack_trace)

The following RenderObject was being processed when the exception was fired: _RenderLayoutBuilder#af538 relayoutBoundary=up25 NEEDS-LAYOUT NEEDS-PAINT:
  creator: LayoutBuilder ΓåÉ Padding ΓåÉ Stack ΓåÉ Padding ΓåÉ DecoratedBox ΓåÉ Container ΓåÉ Stack ΓåÉ Listener ΓåÉ
    _GestureSemantics ΓåÉ RawGestureDetector ΓåÉ GestureDetector ΓåÉ CyberCard ΓåÉ Γï»
  parentData: offset=Offset(16.0, 16.0) (can use size)
  constraints: BoxConstraints(0.0<=w<=718.0, 0.0<=h<=Infinity)
  size: MISSING
This RenderObject had the following descendants (showing up to depth 5):
    child: RenderFlex#aa1cb relayoutBoundary=up26 NEEDS-PAINT
      child 1: RenderPositionedBox#5029c relayoutBoundary=up27 NEEDS-PAINT
        child: RenderDecoratedBox#d57f4 relayoutBoundary=up28 NEEDS-PAINT
          child: RenderPadding#50332 relayoutBoundary=up29 NEEDS-PAINT
            child: RenderParagraph#90228 relayoutBoundary=up30 NEEDS-PAINT
      child 2: RenderConstrainedBox#a0fd6 relayoutBoundary=up27 NEEDS-PAINT
      child 3: RenderFlex#b3cf9 relayoutBoundary=up27 NEEDS-PAINT
        child 1: RenderFlex#f1f04 relayoutBoundary=up28 NEEDS-PAINT
          child 1: RenderFittedBox#b6007 relayoutBoundary=up29 NEEDS-PAINT
            child: RenderFlex#d6f17 relayoutBoundary=up30 NEEDS-PAINT
          child 2: RenderConstrainedBox#6aabe relayoutBoundary=up29 NEEDS-PAINT
          child 3: RenderPadding#62bef relayoutBoundary=up29 NEEDS-PAINT
            child: RenderFlex#7ce43 relayoutBoundary=up30 NEEDS-PAINT
          child 4: RenderPadding#e6854 relayoutBoundary=up29 NEEDS-PAINT
            child: RenderFlex#65ef6 relayoutBoundary=up30 NEEDS-PAINT
          child 5: RenderPadding#ab2e0 relayoutBoundary=up29 NEEDS-PAINT
            child: RenderFlex#056f0 relayoutBoundary=up30 NEEDS-PAINT
        child 2: RenderConstrainedBox#47fa4 relayoutBoundary=up28 NEEDS-PAINT
        child 3: RenderFlex#cfa20 relayoutBoundary=up28 NEEDS-PAINT
          child 1: RenderFlex#e845d relayoutBoundary=up29 NEEDS-PAINT
            child 1: RenderPadding#72fd1 relayoutBoundary=up30 NEEDS-PAINT
            child 2: RenderPhysicalModel#e7b79 relayoutBoundary=up30 NEEDS-PAINT
          child 2: RenderConstrainedBox#fe7ce relayoutBoundary=up29 NEEDS-PAINT
          child 3: RenderFlex#ca726 relayoutBoundary=up29 NEEDS-PAINT
            child 1: RenderPadding#b96a6 relayoutBoundary=up30 NEEDS-PAINT
            child 2: RenderPhysicalModel#3f598 relayoutBoundary=up30 NEEDS-PAINT
          child 4: RenderConstrainedBox#6f87b relayoutBoundary=up29 NEEDS-PAINT
          child 5: RenderFlex#5d15d relayoutBoundary=up29 NEEDS-PAINT
            child 1: RenderPadding#776a6 relayoutBoundary=up30 NEEDS-PAINT
    ...(descendants list truncated after 25 lines)
ΓòÉΓòÉΓòÉΓòÉΓòÉΓòÉΓòÉΓòÉΓòÉΓòÉΓòÉΓòÉΓòÉΓòÉΓòÉΓòÉΓòÉΓòÉΓòÉΓòÉΓòÉΓòÉΓòÉΓòÉΓòÉΓòÉΓòÉΓòÉΓòÉΓòÉΓòÉΓòÉΓòÉΓòÉΓòÉΓòÉΓòÉΓòÉΓòÉΓòÉΓòÉΓòÉΓòÉΓòÉΓòÉΓòÉΓòÉΓòÉΓòÉΓòÉΓòÉΓòÉΓòÉΓòÉΓòÉΓòÉΓòÉΓòÉΓòÉΓòÉΓòÉΓòÉΓòÉΓòÉΓòÉΓòÉΓòÉΓòÉΓòÉΓòÉΓòÉΓòÉΓòÉΓòÉΓòÉΓòÉΓòÉΓòÉΓòÉΓòÉΓòÉΓòÉΓòÉΓòÉΓòÉΓòÉΓòÉΓòÉΓòÉΓòÉΓòÉΓòÉΓòÉΓòÉΓòÉΓòÉΓòÉΓòÉΓòÉΓòÉ
ΓòÉΓòÉΓòí EXCEPTION CAUGHT BY RENDERING LIBRARY Γò₧ΓòÉΓòÉΓòÉΓòÉΓòÉΓòÉΓòÉΓòÉΓòÉΓòÉΓòÉΓòÉΓòÉΓòÉΓòÉΓòÉΓòÉΓòÉΓòÉΓòÉΓòÉΓòÉΓòÉΓòÉΓòÉΓòÉΓòÉΓòÉΓòÉΓòÉΓòÉΓòÉΓòÉΓòÉΓòÉΓòÉΓòÉΓòÉΓòÉΓòÉΓòÉΓòÉΓòÉΓòÉΓòÉΓòÉΓòÉΓòÉΓòÉΓòÉΓòÉΓòÉΓòÉΓòÉΓòÉΓòÉΓòÉ
The following assertion was thrown during performLayout():
RenderBox was not laid out: _RenderLayoutBuilder#af538 relayoutBoundary=up25 NEEDS-PAINT
'package:flutter/src/rendering/box.dart':
Failed assertion: line 2251 pos 12: 'hasSize'

Either the assertion indicates an error in the framework itself, or we should provide substantially
more information in this error message to help you determine and fix the underlying cause.
In either case, please report this assertion by filing a bug on GitHub:
  https://github.com/flutter/flutter/issues/new?template=02_bug.yml

The relevant error-causing widget was:
  Padding
  Padding:file:///D:/Mystery/programming/projects/PYTHON_PROJECTS/focus/focus_gg/focus_flutter/lib/shared/widgets/cyber_card.dart:57:17

When the exception was thrown, this was the stack:
#2      RenderBox.size (package:flutter/src/rendering/box.dart:2251:12)
#3      RenderPadding.performLayout (package:flutter/src/rendering/shifted_box.dart:247:40)
#4      RenderObject.layout (package:flutter/src/rendering/object.dart:2775:7)
#5      ChildLayoutHelper.layoutChild (package:flutter/src/rendering/layout_helper.dart:62:11)
#6      RenderStack._computeSize (package:flutter/src/rendering/stack.dart:645:43)
#7      RenderStack.performLayout (package:flutter/src/rendering/stack.dart:680:12)
#8      RenderObject.layout (package:flutter/src/rendering/object.dart:2775:7)
#9      RenderPadding.performLayout (package:flutter/src/rendering/shifted_box.dart:243:12)
#10     RenderObject.layout (package:flutter/src/rendering/object.dart:2775:7)
#11     RenderProxyBoxMixin.performLayout (package:flutter/src/rendering/proxy_box.dart:115:18)
#12     RenderObject.layout (package:flutter/src/rendering/object.dart:2775:7)
#13     ChildLayoutHelper.layoutChild (package:flutter/src/rendering/layout_helper.dart:62:11)
#14     RenderStack._computeSize (package:flutter/src/rendering/stack.dart:645:43)
#15     RenderStack.performLayout (package:flutter/src/rendering/stack.dart:680:12)
#16     RenderObject.layout (package:flutter/src/rendering/object.dart:2775:7)
#17     RenderProxyBoxMixin.performLayout (package:flutter/src/rendering/proxy_box.dart:115:18)
#18     RenderObject.layout (package:flutter/src/rendering/object.dart:2775:7)
#19     RenderProxyBoxMixin.performLayout (package:flutter/src/rendering/proxy_box.dart:115:18)
#20     RenderObject.layout (package:flutter/src/rendering/object.dart:2775:7)
#21     ChildLayoutHelper.layoutChild (package:flutter/src/rendering/layout_helper.dart:62:11)
#22     RenderStack._computeSize (package:flutter/src/rendering/stack.dart:645:43)
#23     RenderStack.performLayout (package:flutter/src/rendering/stack.dart:680:12)
#24     RenderObject.layout (package:flutter/src/rendering/object.dart:2775:7)
#25     RenderProxyBoxMixin.performLayout (package:flutter/src/rendering/proxy_box.dart:115:18)
#26     RenderObject.layout (package:flutter/src/rendering/object.dart:2775:7)
#27     RenderProxyBoxMixin.performLayout (package:flutter/src/rendering/proxy_box.dart:115:18)
#28     RenderObject.layout (package:flutter/src/rendering/object.dart:2775:7)
#29     ChildLayoutHelper.layoutChild (package:flutter/src/rendering/layout_helper.dart:62:11)
#30     RenderFlex._computeSizes (package:flutter/src/rendering/flex.dart:1161:28)
#31     RenderFlex.performLayout (package:flutter/src/rendering/flex.dart:1257:32)
#32     RenderObject.layout (package:flutter/src/rendering/object.dart:2775:7)
#33     RenderPadding.performLayout (package:flutter/src/rendering/shifted_box.dart:243:12)
#34     RenderObject.layout (package:flutter/src/rendering/object.dart:2775:7)
#35     RenderConstrainedBox.performLayout (package:flutter/src/rendering/proxy_box.dart:293:14)
#36     RenderObject.layout (package:flutter/src/rendering/object.dart:2775:7)
#37     RenderPositionedBox.performLayout (package:flutter/src/rendering/shifted_box.dart:465:14)
#38     RenderObject.layout (package:flutter/src/rendering/object.dart:2775:7)
#39     RenderPadding.performLayout (package:flutter/src/rendering/shifted_box.dart:243:12)
#40     RenderObject.layout (package:flutter/src/rendering/object.dart:2775:7)
#41     _RenderSingleChildViewport.performLayout (package:flutter/src/widgets/single_child_scroll_view.dart:502:14)
#42     RenderObject.layout (package:flutter/src/rendering/object.dart:2775:7)
#43     RenderProxyBoxMixin.performLayout (package:flutter/src/rendering/proxy_box.dart:115:18)
#44     RenderObject.layout (package:flutter/src/rendering/object.dart:2775:7)
#45     RenderProxyBoxMixin.performLayout (package:flutter/src/rendering/proxy_box.dart:115:18)
#46     RenderObject.layout (package:flutter/src/rendering/object.dart:2775:7)
#47     RenderProxyBoxMixin.performLayout (package:flutter/src/rendering/proxy_box.dart:115:18)
#48     RenderObject.layout (package:flutter/src/rendering/object.dart:2775:7)
#49     RenderProxyBoxMixin.performLayout (package:flutter/src/rendering/proxy_box.dart:115:18)
#50     RenderObject.layout (package:flutter/src/rendering/object.dart:2775:7)
#51     RenderProxyBoxMixin.performLayout (package:flutter/src/rendering/proxy_box.dart:115:18)
#52     RenderObject.layout (package:flutter/src/rendering/object.dart:2775:7)
#53     RenderProxyBoxMixin.performLayout (package:flutter/src/rendering/proxy_box.dart:115:18)
#54     RenderObject.layout (package:flutter/src/rendering/object.dart:2775:7)
#55     RenderProxyBoxMixin.performLayout (package:flutter/src/rendering/proxy_box.dart:115:18)
#56     RenderObject.layout (package:flutter/src/rendering/object.dart:2775:7)
#57     RenderProxyBoxMixin.performLayout (package:flutter/src/rendering/proxy_box.dart:115:18)
#58     _RenderCustomClip.performLayout (package:flutter/src/rendering/proxy_box.dart:1481:11)
#59     RenderObject.layout (package:flutter/src/rendering/object.dart:2775:7)
#60     MultiChildLayoutDelegate.layoutChild (package:flutter/src/rendering/custom_layout.dart:180:12)
#61     _ScaffoldLayout.performLayout (package:flutter/src/material/scaffold.dart:1112:7)
#62     MultiChildLayoutDelegate._callPerformLayout (package:flutter/src/rendering/custom_layout.dart:249:7)
#63     RenderCustomMultiChildLayoutBox.performLayout (package:flutter/src/rendering/custom_layout.dart:420:14)
#64     RenderObject._layoutWithoutResize (package:flutter/src/rendering/object.dart:2623:7)
#65     PipelineOwner.flushLayout (package:flutter/src/rendering/object.dart:1170:18)
#66     PipelineOwner.flushLayout (package:flutter/src/rendering/object.dart:1183:15)
#67     AutomatedTestWidgetsFlutterBinding.drawFrame (package:flutter_test/src/binding.dart:1508:27)
#68     RendererBinding._handlePersistentFrameCallback (package:flutter/src/rendering/binding.dart:495:5)
#69     SchedulerBinding._invokeFrameCallback (package:flutter/src/scheduler/binding.dart:1434:15)
#70     SchedulerBinding.handleDrawFrame (package:flutter/src/scheduler/binding.dart:1347:9)
#71     AutomatedTestWidgetsFlutterBinding.pump.<anonymous closure> (package:flutter_test/src/binding.dart:1335:9)
#74     TestAsyncUtils.guard (package:flutter_test/src/test_async_utils.dart:74:41)
#75     AutomatedTestWidgetsFlutterBinding.pump (package:flutter_test/src/binding.dart:1324:27)
#76     WidgetTester.pumpAndSettle.<anonymous closure> (package:flutter_test/src/widget_tester.dart:719:23)
#79     TestAsyncUtils.guard (package:flutter_test/src/test_async_utils.dart:74:41)
#80     WidgetTester.pumpAndSettle (package:flutter_test/src/widget_tester.dart:712:27)
#81     main.<anonymous closure> (file:///D:/Mystery/programming/projects/PYTHON_PROJECTS/focus/focus_gg/focus_flutter/test/widget_test.dart:20:18)
<asynchronous suspension>
#82     testWidgets.<anonymous closure>.<anonymous closure> (package:flutter_test/src/widget_tester.dart:192:15)
<asynchronous suspension>
#83     TestWidgetsFlutterBinding._runTestBody (package:flutter_test/src/binding.dart:1059:5)
<asynchronous suspension>
<asynchronous suspension>
(elided 7 frames from class _AssertionError, dart:async, and package:stack_trace)

The following RenderObject was being processed when the exception was fired: RenderPadding#d05ee relayoutBoundary=up24 NEEDS-LAYOUT NEEDS-PAINT:
  creator: Padding ΓåÉ Stack ΓåÉ Padding ΓåÉ DecoratedBox ΓåÉ Container ΓåÉ Stack ΓåÉ Listener ΓåÉ _GestureSemantics
    ΓåÉ RawGestureDetector ΓåÉ GestureDetector ΓåÉ CyberCard ΓåÉ Stack ΓåÉ Γï»
  parentData: not positioned; offset=Offset(0.0, 0.0) (can use size)
  constraints: BoxConstraints(0.0<=w<=750.0, 0.0<=h<=Infinity)
  size: MISSING
  padding: EdgeInsets.all(16.0)
  textDirection: ltr
This RenderObject had the following descendants (showing up to depth 5):
    child: _RenderLayoutBuilder#af538 relayoutBoundary=up25 NEEDS-PAINT
      child: RenderFlex#aa1cb relayoutBoundary=up26 NEEDS-PAINT
        child 1: RenderPositionedBox#5029c relayoutBoundary=up27 NEEDS-PAINT
          child: RenderDecoratedBox#d57f4 relayoutBoundary=up28 NEEDS-PAINT
            child: RenderPadding#50332 relayoutBoundary=up29 NEEDS-PAINT
        child 2: RenderConstrainedBox#a0fd6 relayoutBoundary=up27 NEEDS-PAINT
        child 3: RenderFlex#b3cf9 relayoutBoundary=up27 NEEDS-PAINT
          child 1: RenderFlex#f1f04 relayoutBoundary=up28 NEEDS-PAINT
            child 1: RenderFittedBox#b6007 relayoutBoundary=up29 NEEDS-PAINT
            child 2: RenderConstrainedBox#6aabe relayoutBoundary=up29 NEEDS-PAINT
            child 3: RenderPadding#62bef relayoutBoundary=up29 NEEDS-PAINT
            child 4: RenderPadding#e6854 relayoutBoundary=up29 NEEDS-PAINT
            child 5: RenderPadding#ab2e0 relayoutBoundary=up29 NEEDS-PAINT
          child 2: RenderConstrainedBox#47fa4 relayoutBoundary=up28 NEEDS-PAINT
          child 3: RenderFlex#cfa20 relayoutBoundary=up28 NEEDS-PAINT
            child 1: RenderFlex#e845d relayoutBoundary=up29 NEEDS-PAINT
            child 2: RenderConstrainedBox#fe7ce relayoutBoundary=up29 NEEDS-PAINT
            child 3: RenderFlex#ca726 relayoutBoundary=up29 NEEDS-PAINT
            child 4: RenderConstrainedBox#6f87b relayoutBoundary=up29 NEEDS-PAINT
            child 5: RenderFlex#5d15d relayoutBoundary=up29 NEEDS-PAINT
            child 6: RenderConstrainedBox#54035 relayoutBoundary=up29 NEEDS-PAINT
            child 7: RenderFlex#25cc0 relayoutBoundary=up29 NEEDS-PAINT
        child 4: RenderConstrainedBox#5d447 relayoutBoundary=up27 NEEDS-PAINT
        child 5: RenderFlex#c9e0f relayoutBoundary=up27 NEEDS-PAINT
          child 1: RenderWrap#c6f67 NEEDS-LAYOUT NEEDS-PAINT
            child 1: RenderFittedBox#0ee63 NEEDS-LAYOUT NEEDS-PAINT
            child 2: RenderFittedBox#94987 NEEDS-LAYOUT NEEDS-PAINT
            child 3: RenderFittedBox#4a326 NEEDS-LAYOUT NEEDS-PAINT
            child 4: RenderFittedBox#8d9c2 NEEDS-LAYOUT NEEDS-PAINT
    ...(descendants list truncated after 25 lines)
ΓòÉΓòÉΓòÉΓòÉΓòÉΓòÉΓòÉΓòÉΓòÉΓòÉΓòÉΓòÉΓòÉΓòÉΓòÉΓòÉΓòÉΓòÉΓòÉΓòÉΓòÉΓòÉΓòÉΓòÉΓòÉΓòÉΓòÉΓòÉΓòÉΓòÉΓòÉΓòÉΓòÉΓòÉΓòÉΓòÉΓòÉΓòÉΓòÉΓòÉΓòÉΓòÉΓòÉΓòÉΓòÉΓòÉΓòÉΓòÉΓòÉΓòÉΓòÉΓòÉΓòÉΓòÉΓòÉΓòÉΓòÉΓòÉΓòÉΓòÉΓòÉΓòÉΓòÉΓòÉΓòÉΓòÉΓòÉΓòÉΓòÉΓòÉΓòÉΓòÉΓòÉΓòÉΓòÉΓòÉΓòÉΓòÉΓòÉΓòÉΓòÉΓòÉΓòÉΓòÉΓòÉΓòÉΓòÉΓòÉΓòÉΓòÉΓòÉΓòÉΓòÉΓòÉΓòÉΓòÉΓòÉΓòÉΓòÉΓòÉ
ΓòÉΓòÉΓòí EXCEPTION CAUGHT BY RENDERING LIBRARY Γò₧ΓòÉΓòÉΓòÉΓòÉΓòÉΓòÉΓòÉΓòÉΓòÉΓòÉΓòÉΓòÉΓòÉΓòÉΓòÉΓòÉΓòÉΓòÉΓòÉΓòÉΓòÉΓòÉΓòÉΓòÉΓòÉΓòÉΓòÉΓòÉΓòÉΓòÉΓòÉΓòÉΓòÉΓòÉΓòÉΓòÉΓòÉΓòÉΓòÉΓòÉΓòÉΓòÉΓòÉΓòÉΓòÉΓòÉΓòÉΓòÉΓòÉΓòÉΓòÉΓòÉΓòÉΓòÉΓòÉΓòÉΓòÉ
The following assertion was thrown during performLayout():
RenderBox was not laid out: RenderPadding#d05ee relayoutBoundary=up24 NEEDS-PAINT
'package:flutter/src/rendering/box.dart':
Failed assertion: line 2251 pos 12: 'hasSize'

Either the assertion indicates an error in the framework itself, or we should provide substantially
more information in this error message to help you determine and fix the underlying cause.
In either case, please report this assertion by filing a bug on GitHub:
  https://github.com/flutter/flutter/issues/new?template=02_bug.yml

The relevant error-causing widget was:
  Stack
  Stack:file:///D:/Mystery/programming/projects/PYTHON_PROJECTS/focus/focus_gg/focus_flutter/lib/shared/widgets/cyber_card.dart:37:20

When the exception was thrown, this was the stack:
#2      RenderBox.size (package:flutter/src/rendering/box.dart:2251:12)
#3      ChildLayoutHelper.layoutChild (package:flutter/src/rendering/layout_helper.dart:63:18)
#4      RenderStack._computeSize (package:flutter/src/rendering/stack.dart:645:43)
#5      RenderStack.performLayout (package:flutter/src/rendering/stack.dart:680:12)
#6      RenderObject.layout (package:flutter/src/rendering/object.dart:2775:7)
#7      RenderPadding.performLayout (package:flutter/src/rendering/shifted_box.dart:243:12)
#8      RenderObject.layout (package:flutter/src/rendering/object.dart:2775:7)
#9      RenderProxyBoxMixin.performLayout (package:flutter/src/rendering/proxy_box.dart:115:18)
#10     RenderObject.layout (package:flutter/src/rendering/object.dart:2775:7)
#11     ChildLayoutHelper.layoutChild (package:flutter/src/rendering/layout_helper.dart:62:11)
#12     RenderStack._computeSize (package:flutter/src/rendering/stack.dart:645:43)
#13     RenderStack.performLayout (package:flutter/src/rendering/stack.dart:680:12)
#14     RenderObject.layout (package:flutter/src/rendering/object.dart:2775:7)
#15     RenderProxyBoxMixin.performLayout (package:flutter/src/rendering/proxy_box.dart:115:18)
#16     RenderObject.layout (package:flutter/src/rendering/object.dart:2775:7)
#17     RenderProxyBoxMixin.performLayout (package:flutter/src/rendering/proxy_box.dart:115:18)
#18     RenderObject.layout (package:flutter/src/rendering/object.dart:2775:7)
#19     ChildLayoutHelper.layoutChild (package:flutter/src/rendering/layout_helper.dart:62:11)
#20     RenderStack._computeSize (package:flutter/src/rendering/stack.dart:645:43)
#21     RenderStack.performLayout (package:flutter/src/rendering/stack.dart:680:12)
#22     RenderObject.layout (package:flutter/src/rendering/object.dart:2775:7)
#23     RenderProxyBoxMixin.performLayout (package:flutter/src/rendering/proxy_box.dart:115:18)
#24     RenderObject.layout (package:flutter/src/rendering/object.dart:2775:7)
#25     RenderProxyBoxMixin.performLayout (package:flutter/src/rendering/proxy_box.dart:115:18)
#26     RenderObject.layout (package:flutter/src/rendering/object.dart:2775:7)
#27     ChildLayoutHelper.layoutChild (package:flutter/src/rendering/layout_helper.dart:62:11)
#28     RenderFlex._computeSizes (package:flutter/src/rendering/flex.dart:1161:28)
#29     RenderFlex.performLayout (package:flutter/src/rendering/flex.dart:1257:32)
#30     RenderObject.layout (package:flutter/src/rendering/object.dart:2775:7)
#31     RenderPadding.performLayout (package:flutter/src/rendering/shifted_box.dart:243:12)
#32     RenderObject.layout (package:flutter/src/rendering/object.dart:2775:7)
#33     RenderConstrainedBox.performLayout (package:flutter/src/rendering/proxy_box.dart:293:14)
#34     RenderObject.layout (package:flutter/src/rendering/object.dart:2775:7)
#35     RenderPositionedBox.performLayout (package:flutter/src/rendering/shifted_box.dart:465:14)
#36     RenderObject.layout (package:flutter/src/rendering/object.dart:2775:7)
#37     RenderPadding.performLayout (package:flutter/src/rendering/shifted_box.dart:243:12)
#38     RenderObject.layout (package:flutter/src/rendering/object.dart:2775:7)
#39     _RenderSingleChildViewport.performLayout (package:flutter/src/widgets/single_child_scroll_view.dart:502:14)
#40     RenderObject.layout (package:flutter/src/rendering/object.dart:2775:7)
#41     RenderProxyBoxMixin.performLayout (package:flutter/src/rendering/proxy_box.dart:115:18)
#42     RenderObject.layout (package:flutter/src/rendering/object.dart:2775:7)
#43     RenderProxyBoxMixin.performLayout (package:flutter/src/rendering/proxy_box.dart:115:18)
#44     RenderObject.layout (package:flutter/src/rendering/object.dart:2775:7)
#45     RenderProxyBoxMixin.performLayout (package:flutter/src/rendering/proxy_box.dart:115:18)
#46     RenderObject.layout (package:flutter/src/rendering/object.dart:2775:7)
#47     RenderProxyBoxMixin.performLayout (package:flutter/src/rendering/proxy_box.dart:115:18)
#48     RenderObject.layout (package:flutter/src/rendering/object.dart:2775:7)
#49     RenderProxyBoxMixin.performLayout (package:flutter/src/rendering/proxy_box.dart:115:18)
#50     RenderObject.layout (package:flutter/src/rendering/object.dart:2775:7)
#51     RenderProxyBoxMixin.performLayout (package:flutter/src/rendering/proxy_box.dart:115:18)
#52     RenderObject.layout (package:flutter/src/rendering/object.dart:2775:7)
#53     RenderProxyBoxMixin.performLayout (package:flutter/src/rendering/proxy_box.dart:115:18)
#54     RenderObject.layout (package:flutter/src/rendering/object.dart:2775:7)
#55     RenderProxyBoxMixin.performLayout (package:flutter/src/rendering/proxy_box.dart:115:18)
#56     _RenderCustomClip.performLayout (package:flutter/src/rendering/proxy_box.dart:1481:11)
#57     RenderObject.layout (package:flutter/src/rendering/object.dart:2775:7)
#58     MultiChildLayoutDelegate.layoutChild (package:flutter/src/rendering/custom_layout.dart:180:12)
#59     _ScaffoldLayout.performLayout (package:flutter/src/material/scaffold.dart:1112:7)
#60     MultiChildLayoutDelegate._callPerformLayout (package:flutter/src/rendering/custom_layout.dart:249:7)
#61     RenderCustomMultiChildLayoutBox.performLayout (package:flutter/src/rendering/custom_layout.dart:420:14)
#62     RenderObject._layoutWithoutResize (package:flutter/src/rendering/object.dart:2623:7)
#63     PipelineOwner.flushLayout (package:flutter/src/rendering/object.dart:1170:18)
#64     PipelineOwner.flushLayout (package:flutter/src/rendering/object.dart:1183:15)
#65     AutomatedTestWidgetsFlutterBinding.drawFrame (package:flutter_test/src/binding.dart:1508:27)
#66     RendererBinding._handlePersistentFrameCallback (package:flutter/src/rendering/binding.dart:495:5)
#67     SchedulerBinding._invokeFrameCallback (package:flutter/src/scheduler/binding.dart:1434:15)
#68     SchedulerBinding.handleDrawFrame (package:flutter/src/scheduler/binding.dart:1347:9)
#69     AutomatedTestWidgetsFlutterBinding.pump.<anonymous closure> (package:flutter_test/src/binding.dart:1335:9)
#72     TestAsyncUtils.guard (package:flutter_test/src/test_async_utils.dart:74:41)
#73     AutomatedTestWidgetsFlutterBinding.pump (package:flutter_test/src/binding.dart:1324:27)
#74     WidgetTester.pumpAndSettle.<anonymous closure> (package:flutter_test/src/widget_tester.dart:719:23)
#77     TestAsyncUtils.guard (package:flutter_test/src/test_async_utils.dart:74:41)
#78     WidgetTester.pumpAndSettle (package:flutter_test/src/widget_tester.dart:712:27)
#79     main.<anonymous closure> (file:///D:/Mystery/programming/projects/PYTHON_PROJECTS/focus/focus_gg/focus_flutter/test/widget_test.dart:20:18)
<asynchronous suspension>
#80     testWidgets.<anonymous closure>.<anonymous closure> (package:flutter_test/src/widget_tester.dart:192:15)
<asynchronous suspension>
#81     TestWidgetsFlutterBinding._runTestBody (package:flutter_test/src/binding.dart:1059:5)
<asynchronous suspension>
<asynchronous suspension>
(elided 7 frames from class _AssertionError, dart:async, and package:stack_trace)

The following RenderObject was being processed when the exception was fired: RenderStack#53f33 relayoutBoundary=up23 NEEDS-LAYOUT NEEDS-PAINT:
  creator: Stack ΓåÉ Padding ΓåÉ DecoratedBox ΓåÉ Container ΓåÉ Stack ΓåÉ Listener ΓåÉ _GestureSemantics ΓåÉ
    RawGestureDetector ΓåÉ GestureDetector ΓåÉ CyberCard ΓåÉ Stack ΓåÉ FadeTransition ΓåÉ Γï»
  parentData: offset=Offset(1.0, 1.0) (can use size)
  constraints: BoxConstraints(0.0<=w<=750.0, 0.0<=h<=Infinity)
  size: MISSING
  alignment: AlignmentDirectional.topStart
  textDirection: ltr
  fit: loose
This RenderObject had the following descendants (showing up to depth 5):
    child 1: RenderDecoratedBox#12987 NEEDS-LAYOUT NEEDS-PAINT
      child: RenderPadding#bd09f NEEDS-LAYOUT NEEDS-PAINT
        child: RenderLimitedBox#37e96 NEEDS-LAYOUT NEEDS-PAINT
          child: RenderConstrainedBox#47b94 NEEDS-LAYOUT NEEDS-PAINT
    child 2: RenderConstrainedBox#e358e NEEDS-LAYOUT NEEDS-PAINT
      child: RenderCustomPaint#50ced NEEDS-LAYOUT NEEDS-PAINT
    child 3: RenderConstrainedBox#246ee NEEDS-LAYOUT NEEDS-PAINT
      child: RenderCustomPaint#3a0dc NEEDS-LAYOUT NEEDS-PAINT
    child 4: RenderConstrainedBox#9b710 NEEDS-LAYOUT NEEDS-PAINT
      child: RenderCustomPaint#7df47 NEEDS-LAYOUT NEEDS-PAINT
    child 5: RenderConstrainedBox#c7b6f NEEDS-LAYOUT NEEDS-PAINT
      child: RenderCustomPaint#d817b NEEDS-LAYOUT NEEDS-PAINT
    child 6: RenderPadding#d05ee relayoutBoundary=up24 NEEDS-PAINT
      child: _RenderLayoutBuilder#af538 relayoutBoundary=up25 NEEDS-PAINT
        child: RenderFlex#aa1cb relayoutBoundary=up26 NEEDS-PAINT
          child 1: RenderPositionedBox#5029c relayoutBoundary=up27 NEEDS-PAINT
            child: RenderDecoratedBox#d57f4 relayoutBoundary=up28 NEEDS-PAINT
          child 2: RenderConstrainedBox#a0fd6 relayoutBoundary=up27 NEEDS-PAINT
          child 3: RenderFlex#b3cf9 relayoutBoundary=up27 NEEDS-PAINT
            child 1: RenderFlex#f1f04 relayoutBoundary=up28 NEEDS-PAINT
            child 2: RenderConstrainedBox#47fa4 relayoutBoundary=up28 NEEDS-PAINT
            child 3: RenderFlex#cfa20 relayoutBoundary=up28 NEEDS-PAINT
          child 4: RenderConstrainedBox#5d447 relayoutBoundary=up27 NEEDS-PAINT
          child 5: RenderFlex#c9e0f relayoutBoundary=up27 NEEDS-PAINT
            child 1: RenderWrap#c6f67 NEEDS-LAYOUT NEEDS-PAINT
            child 2: RenderConstrainedBox#5f240 relayoutBoundary=up28 NEEDS-PAINT
            child 3: RenderFlex#895b7 relayoutBoundary=up28 NEEDS-PAINT
ΓòÉΓòÉΓòÉΓòÉΓòÉΓòÉΓòÉΓòÉΓòÉΓòÉΓòÉΓòÉΓòÉΓòÉΓòÉΓòÉΓòÉΓòÉΓòÉΓòÉΓòÉΓòÉΓòÉΓòÉΓòÉΓòÉΓòÉΓòÉΓòÉΓòÉΓòÉΓòÉΓòÉΓòÉΓòÉΓòÉΓòÉΓòÉΓòÉΓòÉΓòÉΓòÉΓòÉΓòÉΓòÉΓòÉΓòÉΓòÉΓòÉΓòÉΓòÉΓòÉΓòÉΓòÉΓòÉΓòÉΓòÉΓòÉΓòÉΓòÉΓòÉΓòÉΓòÉΓòÉΓòÉΓòÉΓòÉΓòÉΓòÉΓòÉΓòÉΓòÉΓòÉΓòÉΓòÉΓòÉΓòÉΓòÉΓòÉΓòÉΓòÉΓòÉΓòÉΓòÉΓòÉΓòÉΓòÉΓòÉΓòÉΓòÉΓòÉΓòÉΓòÉΓòÉΓòÉΓòÉΓòÉΓòÉΓòÉΓòÉ
ΓòÉΓòÉΓòí EXCEPTION CAUGHT BY RENDERING LIBRARY Γò₧ΓòÉΓòÉΓòÉΓòÉΓòÉΓòÉΓòÉΓòÉΓòÉΓòÉΓòÉΓòÉΓòÉΓòÉΓòÉΓòÉΓòÉΓòÉΓòÉΓòÉΓòÉΓòÉΓòÉΓòÉΓòÉΓòÉΓòÉΓòÉΓòÉΓòÉΓòÉΓòÉΓòÉΓòÉΓòÉΓòÉΓòÉΓòÉΓòÉΓòÉΓòÉΓòÉΓòÉΓòÉΓòÉΓòÉΓòÉΓòÉΓòÉΓòÉΓòÉΓòÉΓòÉΓòÉΓòÉΓòÉΓòÉ
The following assertion was thrown during performLayout():
RenderBox was not laid out: RenderStack#53f33 relayoutBoundary=up23 NEEDS-PAINT
'package:flutter/src/rendering/box.dart':
Failed assertion: line 2251 pos 12: 'hasSize'

Either the assertion indicates an error in the framework itself, or we should provide substantially
more information in this error message to help you determine and fix the underlying cause.
In either case, please report this assertion by filing a bug on GitHub:
  https://github.com/flutter/flutter/issues/new?template=02_bug.yml

The relevant error-causing widget was:
  Container
  Container:file:///D:/Mystery/programming/projects/PYTHON_PROJECTS/focus/focus_gg/focus_flutter/lib/shared/widgets/cyber_card.dart:24:11

When the exception was thrown, this was the stack:
#2      RenderBox.size (package:flutter/src/rendering/box.dart:2251:12)
#3      RenderPadding.performLayout (package:flutter/src/rendering/shifted_box.dart:247:40)
#4      RenderObject.layout (package:flutter/src/rendering/object.dart:2775:7)
#5      RenderProxyBoxMixin.performLayout (package:flutter/src/rendering/proxy_box.dart:115:18)
#6      RenderObject.layout (package:flutter/src/rendering/object.dart:2775:7)
#7      ChildLayoutHelper.layoutChild (package:flutter/src/rendering/layout_helper.dart:62:11)
#8      RenderStack._computeSize (package:flutter/src/rendering/stack.dart:645:43)
#9      RenderStack.performLayout (package:flutter/src/rendering/stack.dart:680:12)
#10     RenderObject.layout (package:flutter/src/rendering/object.dart:2775:7)
#11     RenderProxyBoxMixin.performLayout (package:flutter/src/rendering/proxy_box.dart:115:18)
#12     RenderObject.layout (package:flutter/src/rendering/object.dart:2775:7)
#13     RenderProxyBoxMixin.performLayout (package:flutter/src/rendering/proxy_box.dart:115:18)
#14     RenderObject.layout (package:flutter/src/rendering/object.dart:2775:7)
#15     ChildLayoutHelper.layoutChild (package:flutter/src/rendering/layout_helper.dart:62:11)
#16     RenderStack._computeSize (package:flutter/src/rendering/stack.dart:645:43)
#17     RenderStack.performLayout (package:flutter/src/rendering/stack.dart:680:12)
#18     RenderObject.layout (package:flutter/src/rendering/object.dart:2775:7)
#19     RenderProxyBoxMixin.performLayout (package:flutter/src/rendering/proxy_box.dart:115:18)
#20     RenderObject.layout (package:flutter/src/rendering/object.dart:2775:7)
#21     RenderProxyBoxMixin.performLayout (package:flutter/src/rendering/proxy_box.dart:115:18)
#22     RenderObject.layout (package:flutter/src/rendering/object.dart:2775:7)
#23     ChildLayoutHelper.layoutChild (package:flutter/src/rendering/layout_helper.dart:62:11)
#24     RenderFlex._computeSizes (package:flutter/src/rendering/flex.dart:1161:28)
#25     RenderFlex.performLayout (package:flutter/src/rendering/flex.dart:1257:32)
#26     RenderObject.layout (package:flutter/src/rendering/object.dart:2775:7)
#27     RenderPadding.performLayout (package:flutter/src/rendering/shifted_box.dart:243:12)
#28     RenderObject.layout (package:flutter/src/rendering/object.dart:2775:7)
#29     RenderConstrainedBox.performLayout (package:flutter/src/rendering/proxy_box.dart:293:14)
#30     RenderObject.layout (package:flutter/src/rendering/object.dart:2775:7)
#31     RenderPositionedBox.performLayout (package:flutter/src/rendering/shifted_box.dart:465:14)
#32     RenderObject.layout (package:flutter/src/rendering/object.dart:2775:7)
#33     RenderPadding.performLayout (package:flutter/src/rendering/shifted_box.dart:243:12)
#34     RenderObject.layout (package:flutter/src/rendering/object.dart:2775:7)
#35     _RenderSingleChildViewport.performLayout (package:flutter/src/widgets/single_child_scroll_view.dart:502:14)
#36     RenderObject.layout (package:flutter/src/rendering/object.dart:2775:7)
#37     RenderProxyBoxMixin.performLayout (package:flutter/src/rendering/proxy_box.dart:115:18)
#38     RenderObject.layout (package:flutter/src/rendering/object.dart:2775:7)
#39     RenderProxyBoxMixin.performLayout (package:flutter/src/rendering/proxy_box.dart:115:18)
#40     RenderObject.layout (package:flutter/src/rendering/object.dart:2775:7)
#41     RenderProxyBoxMixin.performLayout (package:flutter/src/rendering/proxy_box.dart:115:18)
#42     RenderObject.layout (package:flutter/src/rendering/object.dart:2775:7)
#43     RenderProxyBoxMixin.performLayout (package:flutter/src/rendering/proxy_box.dart:115:18)
#44     RenderObject.layout (package:flutter/src/rendering/object.dart:2775:7)
#45     RenderProxyBoxMixin.performLayout (package:flutter/src/rendering/proxy_box.dart:115:18)
#46     RenderObject.layout (package:flutter/src/rendering/object.dart:2775:7)
#47     RenderProxyBoxMixin.performLayout (package:flutter/src/rendering/proxy_box.dart:115:18)
#48     RenderObject.layout (package:flutter/src/rendering/object.dart:2775:7)
#49     RenderProxyBoxMixin.performLayout (package:flutter/src/rendering/proxy_box.dart:115:18)
#50     RenderObject.layout (package:flutter/src/rendering/object.dart:2775:7)
#51     RenderProxyBoxMixin.performLayout (package:flutter/src/rendering/proxy_box.dart:115:18)
#52     _RenderCustomClip.performLayout (package:flutter/src/rendering/proxy_box.dart:1481:11)
#53     RenderObject.layout (package:flutter/src/rendering/object.dart:2775:7)
#54     MultiChildLayoutDelegate.layoutChild (package:flutter/src/rendering/custom_layout.dart:180:12)
#55     _ScaffoldLayout.performLayout (package:flutter/src/material/scaffold.dart:1112:7)
#56     MultiChildLayoutDelegate._callPerformLayout (package:flutter/src/rendering/custom_layout.dart:249:7)
#57     RenderCustomMultiChildLayoutBox.performLayout (package:flutter/src/rendering/custom_layout.dart:420:14)
#58     RenderObject._layoutWithoutResize (package:flutter/src/rendering/object.dart:2623:7)
#59     PipelineOwner.flushLayout (package:flutter/src/rendering/object.dart:1170:18)
#60     PipelineOwner.flushLayout (package:flutter/src/rendering/object.dart:1183:15)
#61     AutomatedTestWidgetsFlutterBinding.drawFrame (package:flutter_test/src/binding.dart:1508:27)
#62     RendererBinding._handlePersistentFrameCallback (package:flutter/src/rendering/binding.dart:495:5)
#63     SchedulerBinding._invokeFrameCallback (package:flutter/src/scheduler/binding.dart:1434:15)
#64     SchedulerBinding.handleDrawFrame (package:flutter/src/scheduler/binding.dart:1347:9)
#65     AutomatedTestWidgetsFlutterBinding.pump.<anonymous closure> (package:flutter_test/src/binding.dart:1335:9)
#68     TestAsyncUtils.guard (package:flutter_test/src/test_async_utils.dart:74:41)
#69     AutomatedTestWidgetsFlutterBinding.pump (package:flutter_test/src/binding.dart:1324:27)
#70     WidgetTester.pumpAndSettle.<anonymous closure> (package:flutter_test/src/widget_tester.dart:719:23)
#73     TestAsyncUtils.guard (package:flutter_test/src/test_async_utils.dart:74:41)
#74     WidgetTester.pumpAndSettle (package:flutter_test/src/widget_tester.dart:712:27)
#75     main.<anonymous closure> (file:///D:/Mystery/programming/projects/PYTHON_PROJECTS/focus/focus_gg/focus_flutter/test/widget_test.dart:20:18)
<asynchronous suspension>
#76     testWidgets.<anonymous closure>.<anonymous closure> (package:flutter_test/src/widget_tester.dart:192:15)
<asynchronous suspension>
#77     TestWidgetsFlutterBinding._runTestBody (package:flutter_test/src/binding.dart:1059:5)
<asynchronous suspension>
<asynchronous suspension>
(elided 7 frames from class _AssertionError, dart:async, and package:stack_trace)

The following RenderObject was being processed when the exception was fired: RenderPadding#8a8d9 relayoutBoundary=up22 NEEDS-LAYOUT NEEDS-PAINT:
  creator: Padding ΓåÉ DecoratedBox ΓåÉ Container ΓåÉ Stack ΓåÉ Listener ΓåÉ _GestureSemantics ΓåÉ
    RawGestureDetector ΓåÉ GestureDetector ΓåÉ CyberCard ΓåÉ Stack ΓåÉ FadeTransition ΓåÉ FractionalTranslation
    ΓåÉ Γï»
  parentData: <none> (can use size)
  constraints: BoxConstraints(0.0<=w<=752.0, 0.0<=h<=Infinity)
  size: MISSING
  padding: EdgeInsets.all(1.0)
  textDirection: ltr
This RenderObject had the following descendants (showing up to depth 5):
    child: RenderStack#53f33 relayoutBoundary=up23 NEEDS-PAINT
      child 1: RenderDecoratedBox#12987 NEEDS-LAYOUT NEEDS-PAINT
        child: RenderPadding#bd09f NEEDS-LAYOUT NEEDS-PAINT
          child: RenderLimitedBox#37e96 NEEDS-LAYOUT NEEDS-PAINT
            child: RenderConstrainedBox#47b94 NEEDS-LAYOUT NEEDS-PAINT
      child 2: RenderConstrainedBox#e358e NEEDS-LAYOUT NEEDS-PAINT
        child: RenderCustomPaint#50ced NEEDS-LAYOUT NEEDS-PAINT
      child 3: RenderConstrainedBox#246ee NEEDS-LAYOUT NEEDS-PAINT
        child: RenderCustomPaint#3a0dc NEEDS-LAYOUT NEEDS-PAINT
      child 4: RenderConstrainedBox#9b710 NEEDS-LAYOUT NEEDS-PAINT
        child: RenderCustomPaint#7df47 NEEDS-LAYOUT NEEDS-PAINT
      child 5: RenderConstrainedBox#c7b6f NEEDS-LAYOUT NEEDS-PAINT
        child: RenderCustomPaint#d817b NEEDS-LAYOUT NEEDS-PAINT
      child 6: RenderPadding#d05ee relayoutBoundary=up24 NEEDS-PAINT
        child: _RenderLayoutBuilder#af538 relayoutBoundary=up25 NEEDS-PAINT
          child: RenderFlex#aa1cb relayoutBoundary=up26 NEEDS-PAINT
            child 1: RenderPositionedBox#5029c relayoutBoundary=up27 NEEDS-PAINT
            child 2: RenderConstrainedBox#a0fd6 relayoutBoundary=up27 NEEDS-PAINT
            child 3: RenderFlex#b3cf9 relayoutBoundary=up27 NEEDS-PAINT
            child 4: RenderConstrainedBox#5d447 relayoutBoundary=up27 NEEDS-PAINT
            child 5: RenderFlex#c9e0f relayoutBoundary=up27 NEEDS-PAINT
ΓòÉΓòÉΓòÉΓòÉΓòÉΓòÉΓòÉΓòÉΓòÉΓòÉΓòÉΓòÉΓòÉΓòÉΓòÉΓòÉΓòÉΓòÉΓòÉΓòÉΓòÉΓòÉΓòÉΓòÉΓòÉΓòÉΓòÉΓòÉΓòÉΓòÉΓòÉΓòÉΓòÉΓòÉΓòÉΓòÉΓòÉΓòÉΓòÉΓòÉΓòÉΓòÉΓòÉΓòÉΓòÉΓòÉΓòÉΓòÉΓòÉΓòÉΓòÉΓòÉΓòÉΓòÉΓòÉΓòÉΓòÉΓòÉΓòÉΓòÉΓòÉΓòÉΓòÉΓòÉΓòÉΓòÉΓòÉΓòÉΓòÉΓòÉΓòÉΓòÉΓòÉΓòÉΓòÉΓòÉΓòÉΓòÉΓòÉΓòÉΓòÉΓòÉΓòÉΓòÉΓòÉΓòÉΓòÉΓòÉΓòÉΓòÉΓòÉΓòÉΓòÉΓòÉΓòÉΓòÉΓòÉΓòÉΓòÉΓòÉ
ΓòÉΓòÉΓòí EXCEPTION CAUGHT BY RENDERING LIBRARY Γò₧ΓòÉΓòÉΓòÉΓòÉΓòÉΓòÉΓòÉΓòÉΓòÉΓòÉΓòÉΓòÉΓòÉΓòÉΓòÉΓòÉΓòÉΓòÉΓòÉΓòÉΓòÉΓòÉΓòÉΓòÉΓòÉΓòÉΓòÉΓòÉΓòÉΓòÉΓòÉΓòÉΓòÉΓòÉΓòÉΓòÉΓòÉΓòÉΓòÉΓòÉΓòÉΓòÉΓòÉΓòÉΓòÉΓòÉΓòÉΓòÉΓòÉΓòÉΓòÉΓòÉΓòÉΓòÉΓòÉΓòÉΓòÉ
The following assertion was thrown during performLayout():
RenderBox was not laid out: RenderPadding#8a8d9 relayoutBoundary=up22 NEEDS-PAINT
'package:flutter/src/rendering/box.dart':
Failed assertion: line 2251 pos 12: 'hasSize'

Either the assertion indicates an error in the framework itself, or we should provide substantially
more information in this error message to help you determine and fix the underlying cause.
In either case, please report this assertion by filing a bug on GitHub:
  https://github.com/flutter/flutter/issues/new?template=02_bug.yml

The relevant error-causing widget was:
  Container
  Container:file:///D:/Mystery/programming/projects/PYTHON_PROJECTS/focus/focus_gg/focus_flutter/lib/shared/widgets/cyber_card.dart:24:11

When the exception was thrown, this was the stack:
#2      RenderBox.size (package:flutter/src/rendering/box.dart:2251:12)
#3      RenderProxyBoxMixin.performLayout (package:flutter/src/rendering/proxy_box.dart:115:62)
#4      RenderObject.layout (package:flutter/src/rendering/object.dart:2775:7)
#5      ChildLayoutHelper.layoutChild (package:flutter/src/rendering/layout_helper.dart:62:11)
#6      RenderStack._computeSize (package:flutter/src/rendering/stack.dart:645:43)
#7      RenderStack.performLayout (package:flutter/src/rendering/stack.dart:680:12)
#8      RenderObject.layout (package:flutter/src/rendering/object.dart:2775:7)
#9      RenderProxyBoxMixin.performLayout (package:flutter/src/rendering/proxy_box.dart:115:18)
#10     RenderObject.layout (package:flutter/src/rendering/object.dart:2775:7)
#11     RenderProxyBoxMixin.performLayout (package:flutter/src/rendering/proxy_box.dart:115:18)
#12     RenderObject.layout (package:flutter/src/rendering/object.dart:2775:7)
#13     ChildLayoutHelper.layoutChild (package:flutter/src/rendering/layout_helper.dart:62:11)
#14     RenderStack._computeSize (package:flutter/src/rendering/stack.dart:645:43)
#15     RenderStack.performLayout (package:flutter/src/rendering/stack.dart:680:12)
#16     RenderObject.layout (package:flutter/src/rendering/object.dart:2775:7)
#17     RenderProxyBoxMixin.performLayout (package:flutter/src/rendering/proxy_box.dart:115:18)
#18     RenderObject.layout (package:flutter/src/rendering/object.dart:2775:7)
#19     RenderProxyBoxMixin.performLayout (package:flutter/src/rendering/proxy_box.dart:115:18)
#20     RenderObject.layout (package:flutter/src/rendering/object.dart:2775:7)
#21     ChildLayoutHelper.layoutChild (package:flutter/src/rendering/layout_helper.dart:62:11)
#22     RenderFlex._computeSizes (package:flutter/src/rendering/flex.dart:1161:28)
#23     RenderFlex.performLayout (package:flutter/src/rendering/flex.dart:1257:32)
#24     RenderObject.layout (package:flutter/src/rendering/object.dart:2775:7)
#25     RenderPadding.performLayout (package:flutter/src/rendering/shifted_box.dart:243:12)
#26     RenderObject.layout (package:flutter/src/rendering/object.dart:2775:7)
#27     RenderConstrainedBox.performLayout (package:flutter/src/rendering/proxy_box.dart:293:14)
#28     RenderObject.layout (package:flutter/src/rendering/object.dart:2775:7)
#29     RenderPositionedBox.performLayout (package:flutter/src/rendering/shifted_box.dart:465:14)
#30     RenderObject.layout (package:flutter/src/rendering/object.dart:2775:7)
#31     RenderPadding.performLayout (package:flutter/src/rendering/shifted_box.dart:243:12)
#32     RenderObject.layout (package:flutter/src/rendering/object.dart:2775:7)
#33     _RenderSingleChildViewport.performLayout (package:flutter/src/widgets/single_child_scroll_view.dart:502:14)
#34     RenderObject.layout (package:flutter/src/rendering/object.dart:2775:7)
#35     RenderProxyBoxMixin.performLayout (package:flutter/src/rendering/proxy_box.dart:115:18)
#36     RenderObject.layout (package:flutter/src/rendering/object.dart:2775:7)
#37     RenderProxyBoxMixin.performLayout (package:flutter/src/rendering/proxy_box.dart:115:18)
#38     RenderObject.layout (package:flutter/src/rendering/object.dart:2775:7)
#39     RenderProxyBoxMixin.performLayout (package:flutter/src/rendering/proxy_box.dart:115:18)
#40     RenderObject.layout (package:flutter/src/rendering/object.dart:2775:7)
#41     RenderProxyBoxMixin.performLayout (package:flutter/src/rendering/proxy_box.dart:115:18)
#42     RenderObject.layout (package:flutter/src/rendering/object.dart:2775:7)
#43     RenderProxyBoxMixin.performLayout (package:flutter/src/rendering/proxy_box.dart:115:18)
#44     RenderObject.layout (package:flutter/src/rendering/object.dart:2775:7)
#45     RenderProxyBoxMixin.performLayout (package:flutter/src/rendering/proxy_box.dart:115:18)
#46     RenderObject.layout (package:flutter/src/rendering/object.dart:2775:7)
#47     RenderProxyBoxMixin.performLayout (package:flutter/src/rendering/proxy_box.dart:115:18)
#48     RenderObject.layout (package:flutter/src/rendering/object.dart:2775:7)
#49     RenderProxyBoxMixin.performLayout (package:flutter/src/rendering/proxy_box.dart:115:18)
#50     _RenderCustomClip.performLayout (package:flutter/src/rendering/proxy_box.dart:1481:11)
#51     RenderObject.layout (package:flutter/src/rendering/object.dart:2775:7)
#52     MultiChildLayoutDelegate.layoutChild (package:flutter/src/rendering/custom_layout.dart:180:12)
#53     _ScaffoldLayout.performLayout (package:flutter/src/material/scaffold.dart:1112:7)
#54     MultiChildLayoutDelegate._callPerformLayout (package:flutter/src/rendering/custom_layout.dart:249:7)
#55     RenderCustomMultiChildLayoutBox.performLayout (package:flutter/src/rendering/custom_layout.dart:420:14)
#56     RenderObject._layoutWithoutResize (package:flutter/src/rendering/object.dart:2623:7)
#57     PipelineOwner.flushLayout (package:flutter/src/rendering/object.dart:1170:18)
#58     PipelineOwner.flushLayout (package:flutter/src/rendering/object.dart:1183:15)
#59     AutomatedTestWidgetsFlutterBinding.drawFrame (package:flutter_test/src/binding.dart:1508:27)
#60     RendererBinding._handlePersistentFrameCallback (package:flutter/src/rendering/binding.dart:495:5)
#61     SchedulerBinding._invokeFrameCallback (package:flutter/src/scheduler/binding.dart:1434:15)
#62     SchedulerBinding.handleDrawFrame (package:flutter/src/scheduler/binding.dart:1347:9)
#63     AutomatedTestWidgetsFlutterBinding.pump.<anonymous closure> (package:flutter_test/src/binding.dart:1335:9)
#66     TestAsyncUtils.guard (package:flutter_test/src/test_async_utils.dart:74:41)
#67     AutomatedTestWidgetsFlutterBinding.pump (package:flutter_test/src/binding.dart:1324:27)
#68     WidgetTester.pumpAndSettle.<anonymous closure> (package:flutter_test/src/widget_tester.dart:719:23)
#71     TestAsyncUtils.guard (package:flutter_test/src/test_async_utils.dart:74:41)
#72     WidgetTester.pumpAndSettle (package:flutter_test/src/widget_tester.dart:712:27)
#73     main.<anonymous closure> (file:///D:/Mystery/programming/projects/PYTHON_PROJECTS/focus/focus_gg/focus_flutter/test/widget_test.dart:20:18)
<asynchronous suspension>
#74     testWidgets.<anonymous closure>.<anonymous closure> (package:flutter_test/src/widget_tester.dart:192:15)
<asynchronous suspension>
#75     TestWidgetsFlutterBinding._runTestBody (package:flutter_test/src/binding.dart:1059:5)
<asynchronous suspension>
<asynchronous suspension>
(elided 7 frames from class _AssertionError, dart:async, and package:stack_trace)

The following RenderObject was being processed when the exception was fired: RenderDecoratedBox#db310 relayoutBoundary=up21 NEEDS-LAYOUT NEEDS-PAINT:
  creator: DecoratedBox ΓåÉ Container ΓåÉ Stack ΓåÉ Listener ΓåÉ _GestureSemantics ΓåÉ RawGestureDetector ΓåÉ
    GestureDetector ΓåÉ CyberCard ΓåÉ Stack ΓåÉ FadeTransition ΓåÉ FractionalTranslation ΓåÉ SlideTransition ΓåÉ Γï»
  parentData: not positioned; offset=Offset(0.0, 0.0) (can use size)
  constraints: BoxConstraints(0.0<=w<=752.0, 0.0<=h<=Infinity)
  size: MISSING
  decoration: BoxDecoration:
    color: Color(alpha: 0.8000, red: 0.0392, green: 0.0549, blue: 0.0784, colorSpace: ColorSpace.sRGB)
    border: Border.all(BorderSide(color: Color(alpha: 0.3020, red: 0.2980, green: 0.7882, blue: 1.0000,
      colorSpace: ColorSpace.sRGB)))
    borderRadius: BorderRadius.circular(8.0)
    boxShadow: BoxShadow(Color(alpha: 0.1490, red: 0.2980, green: 0.7882, blue: 1.0000, colorSpace:
      ColorSpace.sRGB), Offset(0.0, 0.0), 15.0, 0.0, BlurStyle.normal)
  configuration: ImageConfiguration(bundle: PlatformAssetBundle#5070a(), devicePixelRatio: 3.0,
    locale: en_US, textDirection: TextDirection.ltr, platform: android)
This RenderObject had the following descendants (showing up to depth 5):
    child: RenderPadding#8a8d9 relayoutBoundary=up22 NEEDS-PAINT
      child: RenderStack#53f33 relayoutBoundary=up23 NEEDS-PAINT
        child 1: RenderDecoratedBox#12987 NEEDS-LAYOUT NEEDS-PAINT
          child: RenderPadding#bd09f NEEDS-LAYOUT NEEDS-PAINT
            child: RenderLimitedBox#37e96 NEEDS-LAYOUT NEEDS-PAINT
        child 2: RenderConstrainedBox#e358e NEEDS-LAYOUT NEEDS-PAINT
          child: RenderCustomPaint#50ced NEEDS-LAYOUT NEEDS-PAINT
        child 3: RenderConstrainedBox#246ee NEEDS-LAYOUT NEEDS-PAINT
          child: RenderCustomPaint#3a0dc NEEDS-LAYOUT NEEDS-PAINT
        child 4: RenderConstrainedBox#9b710 NEEDS-LAYOUT NEEDS-PAINT
          child: RenderCustomPaint#7df47 NEEDS-LAYOUT NEEDS-PAINT
        child 5: RenderConstrainedBox#c7b6f NEEDS-LAYOUT NEEDS-PAINT
          child: RenderCustomPaint#d817b NEEDS-LAYOUT NEEDS-PAINT
        child 6: RenderPadding#d05ee relayoutBoundary=up24 NEEDS-PAINT
          child: _RenderLayoutBuilder#af538 relayoutBoundary=up25 NEEDS-PAINT
            child: RenderFlex#aa1cb relayoutBoundary=up26 NEEDS-PAINT
ΓòÉΓòÉΓòÉΓòÉΓòÉΓòÉΓòÉΓòÉΓòÉΓòÉΓòÉΓòÉΓòÉΓòÉΓòÉΓòÉΓòÉΓòÉΓòÉΓòÉΓòÉΓòÉΓòÉΓòÉΓòÉΓòÉΓòÉΓòÉΓòÉΓòÉΓòÉΓòÉΓòÉΓòÉΓòÉΓòÉΓòÉΓòÉΓòÉΓòÉΓòÉΓòÉΓòÉΓòÉΓòÉΓòÉΓòÉΓòÉΓòÉΓòÉΓòÉΓòÉΓòÉΓòÉΓòÉΓòÉΓòÉΓòÉΓòÉΓòÉΓòÉΓòÉΓòÉΓòÉΓòÉΓòÉΓòÉΓòÉΓòÉΓòÉΓòÉΓòÉΓòÉΓòÉΓòÉΓòÉΓòÉΓòÉΓòÉΓòÉΓòÉΓòÉΓòÉΓòÉΓòÉΓòÉΓòÉΓòÉΓòÉΓòÉΓòÉΓòÉΓòÉΓòÉΓòÉΓòÉΓòÉΓòÉΓòÉΓòÉ
ΓòÉΓòÉΓòí EXCEPTION CAUGHT BY RENDERING LIBRARY Γò₧ΓòÉΓòÉΓòÉΓòÉΓòÉΓòÉΓòÉΓòÉΓòÉΓòÉΓòÉΓòÉΓòÉΓòÉΓòÉΓòÉΓòÉΓòÉΓòÉΓòÉΓòÉΓòÉΓòÉΓòÉΓòÉΓòÉΓòÉΓòÉΓòÉΓòÉΓòÉΓòÉΓòÉΓòÉΓòÉΓòÉΓòÉΓòÉΓòÉΓòÉΓòÉΓòÉΓòÉΓòÉΓòÉΓòÉΓòÉΓòÉΓòÉΓòÉΓòÉΓòÉΓòÉΓòÉΓòÉΓòÉΓòÉ
The following assertion was thrown during performLayout():
RenderBox was not laid out: RenderDecoratedBox#db310 relayoutBoundary=up21 NEEDS-PAINT
'package:flutter/src/rendering/box.dart':
Failed assertion: line 2251 pos 12: 'hasSize'

Either the assertion indicates an error in the framework itself, or we should provide substantially
more information in this error message to help you determine and fix the underlying cause.
In either case, please report this assertion by filing a bug on GitHub:
  https://github.com/flutter/flutter/issues/new?template=02_bug.yml

The relevant error-causing widget was:
  Stack
  Stack:file:///D:/Mystery/programming/projects/PYTHON_PROJECTS/focus/focus_gg/focus_flutter/lib/shared/widgets/cyber_card.dart:21:14

When the exception was thrown, this was the stack:
#2      RenderBox.size (package:flutter/src/rendering/box.dart:2251:12)
#3      ChildLayoutHelper.layoutChild (package:flutter/src/rendering/layout_helper.dart:63:18)
#4      RenderStack._computeSize (package:flutter/src/rendering/stack.dart:645:43)
#5      RenderStack.performLayout (package:flutter/src/rendering/stack.dart:680:12)
#6      RenderObject.layout (package:flutter/src/rendering/object.dart:2775:7)
#7      RenderProxyBoxMixin.performLayout (package:flutter/src/rendering/proxy_box.dart:115:18)
#8      RenderObject.layout (package:flutter/src/rendering/object.dart:2775:7)
#9      RenderProxyBoxMixin.performLayout (package:flutter/src/rendering/proxy_box.dart:115:18)
#10     RenderObject.layout (package:flutter/src/rendering/object.dart:2775:7)
#11     ChildLayoutHelper.layoutChild (package:flutter/src/rendering/layout_helper.dart:62:11)
#12     RenderStack._computeSize (package:flutter/src/rendering/stack.dart:645:43)
#13     RenderStack.performLayout (package:flutter/src/rendering/stack.dart:680:12)
#14     RenderObject.layout (package:flutter/src/rendering/object.dart:2775:7)
#15     RenderProxyBoxMixin.performLayout (package:flutter/src/rendering/proxy_box.dart:115:18)
#16     RenderObject.layout (package:flutter/src/rendering/object.dart:2775:7)
#17     RenderProxyBoxMixin.performLayout (package:flutter/src/rendering/proxy_box.dart:115:18)
#18     RenderObject.layout (package:flutter/src/rendering/object.dart:2775:7)
#19     ChildLayoutHelper.layoutChild (package:flutter/src/rendering/layout_helper.dart:62:11)
#20     RenderFlex._computeSizes (package:flutter/src/rendering/flex.dart:1161:28)
#21     RenderFlex.performLayout (package:flutter/src/rendering/flex.dart:1257:32)
#22     RenderObject.layout (package:flutter/src/rendering/object.dart:2775:7)
#23     RenderPadding.performLayout (package:flutter/src/rendering/shifted_box.dart:243:12)
#24     RenderObject.layout (package:flutter/src/rendering/object.dart:2775:7)
#25     RenderConstrainedBox.performLayout (package:flutter/src/rendering/proxy_box.dart:293:14)
#26     RenderObject.layout (package:flutter/src/rendering/object.dart:2775:7)
#27     RenderPositionedBox.performLayout (package:flutter/src/rendering/shifted_box.dart:465:14)
#28     RenderObject.layout (package:flutter/src/rendering/object.dart:2775:7)
#29     RenderPadding.performLayout (package:flutter/src/rendering/shifted_box.dart:243:12)
#30     RenderObject.layout (package:flutter/src/rendering/object.dart:2775:7)
#31     _RenderSingleChildViewport.performLayout (package:flutter/src/widgets/single_child_scroll_view.dart:502:14)
#32     RenderObject.layout (package:flutter/src/rendering/object.dart:2775:7)
#33     RenderProxyBoxMixin.performLayout (package:flutter/src/rendering/proxy_box.dart:115:18)
#34     RenderObject.layout (package:flutter/src/rendering/object.dart:2775:7)
#35     RenderProxyBoxMixin.performLayout (package:flutter/src/rendering/proxy_box.dart:115:18)
#36     RenderObject.layout (package:flutter/src/rendering/object.dart:2775:7)
#37     RenderProxyBoxMixin.performLayout (package:flutter/src/rendering/proxy_box.dart:115:18)
#38     RenderObject.layout (package:flutter/src/rendering/object.dart:2775:7)
#39     RenderProxyBoxMixin.performLayout (package:flutter/src/rendering/proxy_box.dart:115:18)
#40     RenderObject.layout (package:flutter/src/rendering/object.dart:2775:7)
#41     RenderProxyBoxMixin.performLayout (package:flutter/src/rendering/proxy_box.dart:115:18)
#42     RenderObject.layout (package:flutter/src/rendering/object.dart:2775:7)
#43     RenderProxyBoxMixin.performLayout (package:flutter/src/rendering/proxy_box.dart:115:18)
#44     RenderObject.layout (package:flutter/src/rendering/object.dart:2775:7)
#45     RenderProxyBoxMixin.performLayout (package:flutter/src/rendering/proxy_box.dart:115:18)
#46     RenderObject.layout (package:flutter/src/rendering/object.dart:2775:7)
#47     RenderProxyBoxMixin.performLayout (package:flutter/src/rendering/proxy_box.dart:115:18)
#48     _RenderCustomClip.performLayout (package:flutter/src/rendering/proxy_box.dart:1481:11)
#49     RenderObject.layout (package:flutter/src/rendering/object.dart:2775:7)
#50     MultiChildLayoutDelegate.layoutChild (package:flutter/src/rendering/custom_layout.dart:180:12)
#51     _ScaffoldLayout.performLayout (package:flutter/src/material/scaffold.dart:1112:7)
#52     MultiChildLayoutDelegate._callPerformLayout (package:flutter/src/rendering/custom_layout.dart:249:7)
#53     RenderCustomMultiChildLayoutBox.performLayout (package:flutter/src/rendering/custom_layout.dart:420:14)
#54     RenderObject._layoutWithoutResize (package:flutter/src/rendering/object.dart:2623:7)
#55     PipelineOwner.flushLayout (package:flutter/src/rendering/object.dart:1170:18)
#56     PipelineOwner.flushLayout (package:flutter/src/rendering/object.dart:1183:15)
#57     AutomatedTestWidgetsFlutterBinding.drawFrame (package:flutter_test/src/binding.dart:1508:27)
#58     RendererBinding._handlePersistentFrameCallback (package:flutter/src/rendering/binding.dart:495:5)
#59     SchedulerBinding._invokeFrameCallback (package:flutter/src/scheduler/binding.dart:1434:15)
#60     SchedulerBinding.handleDrawFrame (package:flutter/src/scheduler/binding.dart:1347:9)
#61     AutomatedTestWidgetsFlutterBinding.pump.<anonymous closure> (package:flutter_test/src/binding.dart:1335:9)
#64     TestAsyncUtils.guard (package:flutter_test/src/test_async_utils.dart:74:41)
#65     AutomatedTestWidgetsFlutterBinding.pump (package:flutter_test/src/binding.dart:1324:27)
#66     WidgetTester.pumpAndSettle.<anonymous closure> (package:flutter_test/src/widget_tester.dart:719:23)
#69     TestAsyncUtils.guard (package:flutter_test/src/test_async_utils.dart:74:41)
#70     WidgetTester.pumpAndSettle (package:flutter_test/src/widget_tester.dart:712:27)
#71     main.<anonymous closure> (file:///D:/Mystery/programming/projects/PYTHON_PROJECTS/focus/focus_gg/focus_flutter/test/widget_test.dart:20:18)
<asynchronous suspension>
#72     testWidgets.<anonymous closure>.<anonymous closure> (package:flutter_test/src/widget_tester.dart:192:15)
<asynchronous suspension>
#73     TestWidgetsFlutterBinding._runTestBody (package:flutter_test/src/binding.dart:1059:5)
<asynchronous suspension>
<asynchronous suspension>
(elided 7 frames from class _AssertionError, dart:async, and package:stack_trace)

The following RenderObject was being processed when the exception was fired: RenderStack#9d9e2 relayoutBoundary=up20 NEEDS-LAYOUT NEEDS-PAINT:
  creator: Stack ΓåÉ Listener ΓåÉ _GestureSemantics ΓåÉ RawGestureDetector ΓåÉ GestureDetector ΓåÉ CyberCard ΓåÉ
    Stack ΓåÉ FadeTransition ΓåÉ FractionalTranslation ΓåÉ SlideTransition ΓåÉ Animate ΓåÉ Column ΓåÉ Γï»
  parentData: <none> (can use size)
  constraints: BoxConstraints(0.0<=w<=752.0, 0.0<=h<=Infinity)
  size: MISSING
  alignment: AlignmentDirectional.topStart
  textDirection: ltr
  fit: loose
This RenderObject had the following descendants (showing up to depth 5):
    child 1: RenderDecoratedBox#db310 relayoutBoundary=up21 NEEDS-PAINT
      child: RenderPadding#8a8d9 relayoutBoundary=up22 NEEDS-PAINT
        child: RenderStack#53f33 relayoutBoundary=up23 NEEDS-PAINT
          child 1: RenderDecoratedBox#12987 NEEDS-LAYOUT NEEDS-PAINT
            child: RenderPadding#bd09f NEEDS-LAYOUT NEEDS-PAINT
          child 2: RenderConstrainedBox#e358e NEEDS-LAYOUT NEEDS-PAINT
            child: RenderCustomPaint#50ced NEEDS-LAYOUT NEEDS-PAINT
          child 3: RenderConstrainedBox#246ee NEEDS-LAYOUT NEEDS-PAINT
            child: RenderCustomPaint#3a0dc NEEDS-LAYOUT NEEDS-PAINT
          child 4: RenderConstrainedBox#9b710 NEEDS-LAYOUT NEEDS-PAINT
            child: RenderCustomPaint#7df47 NEEDS-LAYOUT NEEDS-PAINT
          child 5: RenderConstrainedBox#c7b6f NEEDS-LAYOUT NEEDS-PAINT
            child: RenderCustomPaint#d817b NEEDS-LAYOUT NEEDS-PAINT
          child 6: RenderPadding#d05ee relayoutBoundary=up24 NEEDS-PAINT
            child: _RenderLayoutBuilder#af538 relayoutBoundary=up25 NEEDS-PAINT
ΓòÉΓòÉΓòÉΓòÉΓòÉΓòÉΓòÉΓòÉΓòÉΓòÉΓòÉΓòÉΓòÉΓòÉΓòÉΓòÉΓòÉΓòÉΓòÉΓòÉΓòÉΓòÉΓòÉΓòÉΓòÉΓòÉΓòÉΓòÉΓòÉΓòÉΓòÉΓòÉΓòÉΓòÉΓòÉΓòÉΓòÉΓòÉΓòÉΓòÉΓòÉΓòÉΓòÉΓòÉΓòÉΓòÉΓòÉΓòÉΓòÉΓòÉΓòÉΓòÉΓòÉΓòÉΓòÉΓòÉΓòÉΓòÉΓòÉΓòÉΓòÉΓòÉΓòÉΓòÉΓòÉΓòÉΓòÉΓòÉΓòÉΓòÉΓòÉΓòÉΓòÉΓòÉΓòÉΓòÉΓòÉΓòÉΓòÉΓòÉΓòÉΓòÉΓòÉΓòÉΓòÉΓòÉΓòÉΓòÉΓòÉΓòÉΓòÉΓòÉΓòÉΓòÉΓòÉΓòÉΓòÉΓòÉΓòÉΓòÉ
ΓòÉΓòÉΓòí EXCEPTION CAUGHT BY RENDERING LIBRARY Γò₧ΓòÉΓòÉΓòÉΓòÉΓòÉΓòÉΓòÉΓòÉΓòÉΓòÉΓòÉΓòÉΓòÉΓòÉΓòÉΓòÉΓòÉΓòÉΓòÉΓòÉΓòÉΓòÉΓòÉΓòÉΓòÉΓòÉΓòÉΓòÉΓòÉΓòÉΓòÉΓòÉΓòÉΓòÉΓòÉΓòÉΓòÉΓòÉΓòÉΓòÉΓòÉΓòÉΓòÉΓòÉΓòÉΓòÉΓòÉΓòÉΓòÉΓòÉΓòÉΓòÉΓòÉΓòÉΓòÉΓòÉΓòÉ
The following assertion was thrown during performLayout():
RenderBox was not laid out: RenderStack#9d9e2 relayoutBoundary=up20 NEEDS-PAINT
'package:flutter/src/rendering/box.dart':
Failed assertion: line 2251 pos 12: 'hasSize'

Either the assertion indicates an error in the framework itself, or we should provide substantially
more information in this error message to help you determine and fix the underlying cause.
In either case, please report this assertion by filing a bug on GitHub:
  https://github.com/flutter/flutter/issues/new?template=02_bug.yml

The relevant error-causing widget was:
  GestureDetector
  GestureDetector:file:///D:/Mystery/programming/projects/PYTHON_PROJECTS/focus/focus_gg/focus_flutter/lib/shared/widgets/cyber_card.dart:19:12

When the exception was thrown, this was the stack:
#2      RenderBox.size (package:flutter/src/rendering/box.dart:2251:12)
#3      RenderProxyBoxMixin.performLayout (package:flutter/src/rendering/proxy_box.dart:115:62)
#4      RenderObject.layout (package:flutter/src/rendering/object.dart:2775:7)
#5      RenderProxyBoxMixin.performLayout (package:flutter/src/rendering/proxy_box.dart:115:18)
#6      RenderObject.layout (package:flutter/src/rendering/object.dart:2775:7)
#7      ChildLayoutHelper.layoutChild (package:flutter/src/rendering/layout_helper.dart:62:11)
#8      RenderStack._computeSize (package:flutter/src/rendering/stack.dart:645:43)
#9      RenderStack.performLayout (package:flutter/src/rendering/stack.dart:680:12)
#10     RenderObject.layout (package:flutter/src/rendering/object.dart:2775:7)
#11     RenderProxyBoxMixin.performLayout (package:flutter/src/rendering/proxy_box.dart:115:18)
#12     RenderObject.layout (package:flutter/src/rendering/object.dart:2775:7)
#13     RenderProxyBoxMixin.performLayout (package:flutter/src/rendering/proxy_box.dart:115:18)
#14     RenderObject.layout (package:flutter/src/rendering/object.dart:2775:7)
#15     ChildLayoutHelper.layoutChild (package:flutter/src/rendering/layout_helper.dart:62:11)
#16     RenderFlex._computeSizes (package:flutter/src/rendering/flex.dart:1161:28)
#17     RenderFlex.performLayout (package:flutter/src/rendering/flex.dart:1257:32)
#18     RenderObject.layout (package:flutter/src/rendering/object.dart:2775:7)
#19     RenderPadding.performLayout (package:flutter/src/rendering/shifted_box.dart:243:12)
#20     RenderObject.layout (package:flutter/src/rendering/object.dart:2775:7)
#21     RenderConstrainedBox.performLayout (package:flutter/src/rendering/proxy_box.dart:293:14)
#22     RenderObject.layout (package:flutter/src/rendering/object.dart:2775:7)
#23     RenderPositionedBox.performLayout (package:flutter/src/rendering/shifted_box.dart:465:14)
#24     RenderObject.layout (package:flutter/src/rendering/object.dart:2775:7)
#25     RenderPadding.performLayout (package:flutter/src/rendering/shifted_box.dart:243:12)
#26     RenderObject.layout (package:flutter/src/rendering/object.dart:2775:7)
#27     _RenderSingleChildViewport.performLayout (package:flutter/src/widgets/single_child_scroll_view.dart:502:14)
#28     RenderObject.layout (package:flutter/src/rendering/object.dart:2775:7)
#29     RenderProxyBoxMixin.performLayout (package:flutter/src/rendering/proxy_box.dart:115:18)
#30     RenderObject.layout (package:flutter/src/rendering/object.dart:2775:7)
#31     RenderProxyBoxMixin.performLayout (package:flutter/src/rendering/proxy_box.dart:115:18)
#32     RenderObject.layout (package:flutter/src/rendering/object.dart:2775:7)
#33     RenderProxyBoxMixin.performLayout (package:flutter/src/rendering/proxy_box.dart:115:18)
#34     RenderObject.layout (package:flutter/src/rendering/object.dart:2775:7)
#35     RenderProxyBoxMixin.performLayout (package:flutter/src/rendering/proxy_box.dart:115:18)
#36     RenderObject.layout (package:flutter/src/rendering/object.dart:2775:7)
#37     RenderProxyBoxMixin.performLayout (package:flutter/src/rendering/proxy_box.dart:115:18)
#38     RenderObject.layout (package:flutter/src/rendering/object.dart:2775:7)
#39     RenderProxyBoxMixin.performLayout (package:flutter/src/rendering/proxy_box.dart:115:18)
#40     RenderObject.layout (package:flutter/src/rendering/object.dart:2775:7)
#41     RenderProxyBoxMixin.performLayout (package:flutter/src/rendering/proxy_box.dart:115:18)
#42     RenderObject.layout (package:flutter/src/rendering/object.dart:2775:7)
#43     RenderProxyBoxMixin.performLayout (package:flutter/src/rendering/proxy_box.dart:115:18)
#44     _RenderCustomClip.performLayout (package:flutter/src/rendering/proxy_box.dart:1481:11)
#45     RenderObject.layout (package:flutter/src/rendering/object.dart:2775:7)
#46     MultiChildLayoutDelegate.layoutChild (package:flutter/src/rendering/custom_layout.dart:180:12)
#47     _ScaffoldLayout.performLayout (package:flutter/src/material/scaffold.dart:1112:7)
#48     MultiChildLayoutDelegate._callPerformLayout (package:flutter/src/rendering/custom_layout.dart:249:7)
#49     RenderCustomMultiChildLayoutBox.performLayout (package:flutter/src/rendering/custom_layout.dart:420:14)
#50     RenderObject._layoutWithoutResize (package:flutter/src/rendering/object.dart:2623:7)
#51     PipelineOwner.flushLayout (package:flutter/src/rendering/object.dart:1170:18)
#52     PipelineOwner.flushLayout (package:flutter/src/rendering/object.dart:1183:15)
#53     AutomatedTestWidgetsFlutterBinding.drawFrame (package:flutter_test/src/binding.dart:1508:27)
#54     RendererBinding._handlePersistentFrameCallback (package:flutter/src/rendering/binding.dart:495:5)
#55     SchedulerBinding._invokeFrameCallback (package:flutter/src/scheduler/binding.dart:1434:15)
#56     SchedulerBinding.handleDrawFrame (package:flutter/src/scheduler/binding.dart:1347:9)
#57     AutomatedTestWidgetsFlutterBinding.pump.<anonymous closure> (package:flutter_test/src/binding.dart:1335:9)
#60     TestAsyncUtils.guard (package:flutter_test/src/test_async_utils.dart:74:41)
#61     AutomatedTestWidgetsFlutterBinding.pump (package:flutter_test/src/binding.dart:1324:27)
#62     WidgetTester.pumpAndSettle.<anonymous closure> (package:flutter_test/src/widget_tester.dart:719:23)
#65     TestAsyncUtils.guard (package:flutter_test/src/test_async_utils.dart:74:41)
#66     WidgetTester.pumpAndSettle (package:flutter_test/src/widget_tester.dart:712:27)
#67     main.<anonymous closure> (file:///D:/Mystery/programming/projects/PYTHON_PROJECTS/focus/focus_gg/focus_flutter/test/widget_test.dart:20:18)
<asynchronous suspension>
#68     testWidgets.<anonymous closure>.<anonymous closure> (package:flutter_test/src/widget_tester.dart:192:15)
<asynchronous suspension>
#69     TestWidgetsFlutterBinding._runTestBody (package:flutter_test/src/binding.dart:1059:5)
<asynchronous suspension>
<asynchronous suspension>
(elided 7 frames from class _AssertionError, dart:async, and package:stack_trace)

The following RenderObject was being processed when the exception was fired: RenderPointerListener#9059c relayoutBoundary=up19 NEEDS-LAYOUT NEEDS-PAINT:
  creator: Listener ΓåÉ _GestureSemantics ΓåÉ RawGestureDetector ΓåÉ GestureDetector ΓåÉ CyberCard ΓåÉ Stack ΓåÉ
    FadeTransition ΓåÉ FractionalTranslation ΓåÉ SlideTransition ΓåÉ Animate ΓåÉ Column ΓåÉ Padding ΓåÉ Γï»
  parentData: <none> (can use size)
  constraints: BoxConstraints(0.0<=w<=752.0, 0.0<=h<=Infinity)
  size: MISSING
  behavior: deferToChild
  listeners: down, panZoomStart
This RenderObject had the following descendants (showing up to depth 5):
    child: RenderStack#9d9e2 relayoutBoundary=up20 NEEDS-PAINT
      child 1: RenderDecoratedBox#db310 relayoutBoundary=up21 NEEDS-PAINT
        child: RenderPadding#8a8d9 relayoutBoundary=up22 NEEDS-PAINT
          child: RenderStack#53f33 relayoutBoundary=up23 NEEDS-PAINT
            child 1: RenderDecoratedBox#12987 NEEDS-LAYOUT NEEDS-PAINT
            child 2: RenderConstrainedBox#e358e NEEDS-LAYOUT NEEDS-PAINT
            child 3: RenderConstrainedBox#246ee NEEDS-LAYOUT NEEDS-PAINT
            child 4: RenderConstrainedBox#9b710 NEEDS-LAYOUT NEEDS-PAINT
            child 5: RenderConstrainedBox#c7b6f NEEDS-LAYOUT NEEDS-PAINT
            child 6: RenderPadding#d05ee relayoutBoundary=up24 NEEDS-PAINT
ΓòÉΓòÉΓòÉΓòÉΓòÉΓòÉΓòÉΓòÉΓòÉΓòÉΓòÉΓòÉΓòÉΓòÉΓòÉΓòÉΓòÉΓòÉΓòÉΓòÉΓòÉΓòÉΓòÉΓòÉΓòÉΓòÉΓòÉΓòÉΓòÉΓòÉΓòÉΓòÉΓòÉΓòÉΓòÉΓòÉΓòÉΓòÉΓòÉΓòÉΓòÉΓòÉΓòÉΓòÉΓòÉΓòÉΓòÉΓòÉΓòÉΓòÉΓòÉΓòÉΓòÉΓòÉΓòÉΓòÉΓòÉΓòÉΓòÉΓòÉΓòÉΓòÉΓòÉΓòÉΓòÉΓòÉΓòÉΓòÉΓòÉΓòÉΓòÉΓòÉΓòÉΓòÉΓòÉΓòÉΓòÉΓòÉΓòÉΓòÉΓòÉΓòÉΓòÉΓòÉΓòÉΓòÉΓòÉΓòÉΓòÉΓòÉΓòÉΓòÉΓòÉΓòÉΓòÉΓòÉΓòÉΓòÉΓòÉΓòÉ
ΓòÉΓòÉΓòí EXCEPTION CAUGHT BY RENDERING LIBRARY Γò₧ΓòÉΓòÉΓòÉΓòÉΓòÉΓòÉΓòÉΓòÉΓòÉΓòÉΓòÉΓòÉΓòÉΓòÉΓòÉΓòÉΓòÉΓòÉΓòÉΓòÉΓòÉΓòÉΓòÉΓòÉΓòÉΓòÉΓòÉΓòÉΓòÉΓòÉΓòÉΓòÉΓòÉΓòÉΓòÉΓòÉΓòÉΓòÉΓòÉΓòÉΓòÉΓòÉΓòÉΓòÉΓòÉΓòÉΓòÉΓòÉΓòÉΓòÉΓòÉΓòÉΓòÉΓòÉΓòÉΓòÉΓòÉ
The following assertion was thrown during performLayout():
RenderBox was not laid out: RenderPointerListener#9059c relayoutBoundary=up19 NEEDS-PAINT
'package:flutter/src/rendering/box.dart':
Failed assertion: line 2251 pos 12: 'hasSize'

Either the assertion indicates an error in the framework itself, or we should provide substantially
more information in this error message to help you determine and fix the underlying cause.
In either case, please report this assertion by filing a bug on GitHub:
  https://github.com/flutter/flutter/issues/new?template=02_bug.yml

The relevant error-causing widget was:
  GestureDetector
  GestureDetector:file:///D:/Mystery/programming/projects/PYTHON_PROJECTS/focus/focus_gg/focus_flutter/lib/shared/widgets/cyber_card.dart:19:12

When the exception was thrown, this was the stack:
#2      RenderBox.size (package:flutter/src/rendering/box.dart:2251:12)
#3      RenderProxyBoxMixin.performLayout (package:flutter/src/rendering/proxy_box.dart:115:62)
#4      RenderObject.layout (package:flutter/src/rendering/object.dart:2775:7)
#5      ChildLayoutHelper.layoutChild (package:flutter/src/rendering/layout_helper.dart:62:11)
#6      RenderStack._computeSize (package:flutter/src/rendering/stack.dart:645:43)
#7      RenderStack.performLayout (package:flutter/src/rendering/stack.dart:680:12)
#8      RenderObject.layout (package:flutter/src/rendering/object.dart:2775:7)
#9      RenderProxyBoxMixin.performLayout (package:flutter/src/rendering/proxy_box.dart:115:18)
#10     RenderObject.layout (package:flutter/src/rendering/object.dart:2775:7)
#11     RenderProxyBoxMixin.performLayout (package:flutter/src/rendering/proxy_box.dart:115:18)
#12     RenderObject.layout (package:flutter/src/rendering/object.dart:2775:7)
#13     ChildLayoutHelper.layoutChild (package:flutter/src/rendering/layout_helper.dart:62:11)
#14     RenderFlex._computeSizes (package:flutter/src/rendering/flex.dart:1161:28)
#15     RenderFlex.performLayout (package:flutter/src/rendering/flex.dart:1257:32)
#16     RenderObject.layout (package:flutter/src/rendering/object.dart:2775:7)
#17     RenderPadding.performLayout (package:flutter/src/rendering/shifted_box.dart:243:12)
#18     RenderObject.layout (package:flutter/src/rendering/object.dart:2775:7)
#19     RenderConstrainedBox.performLayout (package:flutter/src/rendering/proxy_box.dart:293:14)
#20     RenderObject.layout (package:flutter/src/rendering/object.dart:2775:7)
#21     RenderPositionedBox.performLayout (package:flutter/src/rendering/shifted_box.dart:465:14)
#22     RenderObject.layout (package:flutter/src/rendering/object.dart:2775:7)
#23     RenderPadding.performLayout (package:flutter/src/rendering/shifted_box.dart:243:12)
#24     RenderObject.layout (package:flutter/src/rendering/object.dart:2775:7)
#25     _RenderSingleChildViewport.performLayout (package:flutter/src/widgets/single_child_scroll_view.dart:502:14)
#26     RenderObject.layout (package:flutter/src/rendering/object.dart:2775:7)
#27     RenderProxyBoxMixin.performLayout (package:flutter/src/rendering/proxy_box.dart:115:18)
#28     RenderObject.layout (package:flutter/src/rendering/object.dart:2775:7)
#29     RenderProxyBoxMixin.performLayout (package:flutter/src/rendering/proxy_box.dart:115:18)
#30     RenderObject.layout (package:flutter/src/rendering/object.dart:2775:7)
#31     RenderProxyBoxMixin.performLayout (package:flutter/src/rendering/proxy_box.dart:115:18)
#32     RenderObject.layout (package:flutter/src/rendering/object.dart:2775:7)
#33     RenderProxyBoxMixin.performLayout (package:flutter/src/rendering/proxy_box.dart:115:18)
#34     RenderObject.layout (package:flutter/src/rendering/object.dart:2775:7)
#35     RenderProxyBoxMixin.performLayout (package:flutter/src/rendering/proxy_box.dart:115:18)
#36     RenderObject.layout (package:flutter/src/rendering/object.dart:2775:7)
#37     RenderProxyBoxMixin.performLayout (package:flutter/src/rendering/proxy_box.dart:115:18)
#38     RenderObject.layout (package:flutter/src/rendering/object.dart:2775:7)
#39     RenderProxyBoxMixin.performLayout (package:flutter/src/rendering/proxy_box.dart:115:18)
#40     RenderObject.layout (package:flutter/src/rendering/object.dart:2775:7)
#41     RenderProxyBoxMixin.performLayout (package:flutter/src/rendering/proxy_box.dart:115:18)
#42     _RenderCustomClip.performLayout (package:flutter/src/rendering/proxy_box.dart:1481:11)
#43     RenderObject.layout (package:flutter/src/rendering/object.dart:2775:7)
#44     MultiChildLayoutDelegate.layoutChild (package:flutter/src/rendering/custom_layout.dart:180:12)
#45     _ScaffoldLayout.performLayout (package:flutter/src/material/scaffold.dart:1112:7)
#46     MultiChildLayoutDelegate._callPerformLayout (package:flutter/src/rendering/custom_layout.dart:249:7)
#47     RenderCustomMultiChildLayoutBox.performLayout (package:flutter/src/rendering/custom_layout.dart:420:14)
#48     RenderObject._layoutWithoutResize (package:flutter/src/rendering/object.dart:2623:7)
#49     PipelineOwner.flushLayout (package:flutter/src/rendering/object.dart:1170:18)
#50     PipelineOwner.flushLayout (package:flutter/src/rendering/object.dart:1183:15)
#51     AutomatedTestWidgetsFlutterBinding.drawFrame (package:flutter_test/src/binding.dart:1508:27)
#52     RendererBinding._handlePersistentFrameCallback (package:flutter/src/rendering/binding.dart:495:5)
#53     SchedulerBinding._invokeFrameCallback (package:flutter/src/scheduler/binding.dart:1434:15)
#54     SchedulerBinding.handleDrawFrame (package:flutter/src/scheduler/binding.dart:1347:9)
#55     AutomatedTestWidgetsFlutterBinding.pump.<anonymous closure> (package:flutter_test/src/binding.dart:1335:9)
#58     TestAsyncUtils.guard (package:flutter_test/src/test_async_utils.dart:74:41)
#59     AutomatedTestWidgetsFlutterBinding.pump (package:flutter_test/src/binding.dart:1324:27)
#60     WidgetTester.pumpAndSettle.<anonymous closure> (package:flutter_test/src/widget_tester.dart:719:23)
#63     TestAsyncUtils.guard (package:flutter_test/src/test_async_utils.dart:74:41)
#64     WidgetTester.pumpAndSettle (package:flutter_test/src/widget_tester.dart:712:27)
#65     main.<anonymous closure> (file:///D:/Mystery/programming/projects/PYTHON_PROJECTS/focus/focus_gg/focus_flutter/test/widget_test.dart:20:18)
<asynchronous suspension>
#66     testWidgets.<anonymous closure>.<anonymous closure> (package:flutter_test/src/widget_tester.dart:192:15)
<asynchronous suspension>
#67     TestWidgetsFlutterBinding._runTestBody (package:flutter_test/src/binding.dart:1059:5)
<asynchronous suspension>
<asynchronous suspension>
(elided 7 frames from class _AssertionError, dart:async, and package:stack_trace)

The following RenderObject was being processed when the exception was fired: RenderSemanticsGestureHandler#fcad4 relayoutBoundary=up18 NEEDS-LAYOUT NEEDS-PAINT:
  creator: _GestureSemantics ΓåÉ RawGestureDetector ΓåÉ GestureDetector ΓåÉ CyberCard ΓåÉ Stack ΓåÉ
    FadeTransition ΓåÉ FractionalTranslation ΓåÉ SlideTransition ΓåÉ Animate ΓåÉ Column ΓåÉ Padding ΓåÉ
    ConstrainedBox ΓåÉ Γï»
  parentData: not positioned; offset=Offset(0.0, 0.0) (can use size)
  constraints: BoxConstraints(0.0<=w<=752.0, 0.0<=h<=Infinity)
  size: MISSING
  behavior: deferToChild
  gestures: <none>
This RenderObject had the following descendants (showing up to depth 5):
    child: RenderPointerListener#9059c relayoutBoundary=up19 NEEDS-PAINT
      child: RenderStack#9d9e2 relayoutBoundary=up20 NEEDS-PAINT
        child 1: RenderDecoratedBox#db310 relayoutBoundary=up21 NEEDS-PAINT
          child: RenderPadding#8a8d9 relayoutBoundary=up22 NEEDS-PAINT
            child: RenderStack#53f33 relayoutBoundary=up23 NEEDS-PAINT
ΓòÉΓòÉΓòÉΓòÉΓòÉΓòÉΓòÉΓòÉΓòÉΓòÉΓòÉΓòÉΓòÉΓòÉΓòÉΓòÉΓòÉΓòÉΓòÉΓòÉΓòÉΓòÉΓòÉΓòÉΓòÉΓòÉΓòÉΓòÉΓòÉΓòÉΓòÉΓòÉΓòÉΓòÉΓòÉΓòÉΓòÉΓòÉΓòÉΓòÉΓòÉΓòÉΓòÉΓòÉΓòÉΓòÉΓòÉΓòÉΓòÉΓòÉΓòÉΓòÉΓòÉΓòÉΓòÉΓòÉΓòÉΓòÉΓòÉΓòÉΓòÉΓòÉΓòÉΓòÉΓòÉΓòÉΓòÉΓòÉΓòÉΓòÉΓòÉΓòÉΓòÉΓòÉΓòÉΓòÉΓòÉΓòÉΓòÉΓòÉΓòÉΓòÉΓòÉΓòÉΓòÉΓòÉΓòÉΓòÉΓòÉΓòÉΓòÉΓòÉΓòÉΓòÉΓòÉΓòÉΓòÉΓòÉΓòÉΓòÉ
ΓòÉΓòÉΓòí EXCEPTION CAUGHT BY RENDERING LIBRARY Γò₧ΓòÉΓòÉΓòÉΓòÉΓòÉΓòÉΓòÉΓòÉΓòÉΓòÉΓòÉΓòÉΓòÉΓòÉΓòÉΓòÉΓòÉΓòÉΓòÉΓòÉΓòÉΓòÉΓòÉΓòÉΓòÉΓòÉΓòÉΓòÉΓòÉΓòÉΓòÉΓòÉΓòÉΓòÉΓòÉΓòÉΓòÉΓòÉΓòÉΓòÉΓòÉΓòÉΓòÉΓòÉΓòÉΓòÉΓòÉΓòÉΓòÉΓòÉΓòÉΓòÉΓòÉΓòÉΓòÉΓòÉΓòÉ
The following assertion was thrown during performLayout():
RenderBox was not laid out: RenderSemanticsGestureHandler#fcad4 relayoutBoundary=up18 NEEDS-PAINT
'package:flutter/src/rendering/box.dart':
Failed assertion: line 2251 pos 12: 'hasSize'

Either the assertion indicates an error in the framework itself, or we should provide substantially
more information in this error message to help you determine and fix the underlying cause.
In either case, please report this assertion by filing a bug on GitHub:
  https://github.com/flutter/flutter/issues/new?template=02_bug.yml

The relevant error-causing widget was:
  Stack
  Stack:file:///D:/Mystery/programming/projects/PYTHON_PROJECTS/focus/focus_gg/focus_flutter/lib/features/dashboard/dashboard_screen.dart:177:12

When the exception was thrown, this was the stack:
#2      RenderBox.size (package:flutter/src/rendering/box.dart:2251:12)
#3      ChildLayoutHelper.layoutChild (package:flutter/src/rendering/layout_helper.dart:63:18)
#4      RenderStack._computeSize (package:flutter/src/rendering/stack.dart:645:43)
#5      RenderStack.performLayout (package:flutter/src/rendering/stack.dart:680:12)
#6      RenderObject.layout (package:flutter/src/rendering/object.dart:2775:7)
#7      RenderProxyBoxMixin.performLayout (package:flutter/src/rendering/proxy_box.dart:115:18)
#8      RenderObject.layout (package:flutter/src/rendering/object.dart:2775:7)
#9      RenderProxyBoxMixin.performLayout (package:flutter/src/rendering/proxy_box.dart:115:18)
#10     RenderObject.layout (package:flutter/src/rendering/object.dart:2775:7)
#11     ChildLayoutHelper.layoutChild (package:flutter/src/rendering/layout_helper.dart:62:11)
#12     RenderFlex._computeSizes (package:flutter/src/rendering/flex.dart:1161:28)
#13     RenderFlex.performLayout (package:flutter/src/rendering/flex.dart:1257:32)
#14     RenderObject.layout (package:flutter/src/rendering/object.dart:2775:7)
#15     RenderPadding.performLayout (package:flutter/src/rendering/shifted_box.dart:243:12)
#16     RenderObject.layout (package:flutter/src/rendering/object.dart:2775:7)
#17     RenderConstrainedBox.performLayout (package:flutter/src/rendering/proxy_box.dart:293:14)
#18     RenderObject.layout (package:flutter/src/rendering/object.dart:2775:7)
#19     RenderPositionedBox.performLayout (package:flutter/src/rendering/shifted_box.dart:465:14)
#20     RenderObject.layout (package:flutter/src/rendering/object.dart:2775:7)
#21     RenderPadding.performLayout (package:flutter/src/rendering/shifted_box.dart:243:12)
#22     RenderObject.layout (package:flutter/src/rendering/object.dart:2775:7)
#23     _RenderSingleChildViewport.performLayout (package:flutter/src/widgets/single_child_scroll_view.dart:502:14)
#24     RenderObject.layout (package:flutter/src/rendering/object.dart:2775:7)
#25     RenderProxyBoxMixin.performLayout (package:flutter/src/rendering/proxy_box.dart:115:18)
#26     RenderObject.layout (package:flutter/src/rendering/object.dart:2775:7)
#27     RenderProxyBoxMixin.performLayout (package:flutter/src/rendering/proxy_box.dart:115:18)
#28     RenderObject.layout (package:flutter/src/rendering/object.dart:2775:7)
#29     RenderProxyBoxMixin.performLayout (package:flutter/src/rendering/proxy_box.dart:115:18)
#30     RenderObject.layout (package:flutter/src/rendering/object.dart:2775:7)
#31     RenderProxyBoxMixin.performLayout (package:flutter/src/rendering/proxy_box.dart:115:18)
#32     RenderObject.layout (package:flutter/src/rendering/object.dart:2775:7)
#33     RenderProxyBoxMixin.performLayout (package:flutter/src/rendering/proxy_box.dart:115:18)
#34     RenderObject.layout (package:flutter/src/rendering/object.dart:2775:7)
#35     RenderProxyBoxMixin.performLayout (package:flutter/src/rendering/proxy_box.dart:115:18)
#36     RenderObject.layout (package:flutter/src/rendering/object.dart:2775:7)
#37     RenderProxyBoxMixin.performLayout (package:flutter/src/rendering/proxy_box.dart:115:18)
#38     RenderObject.layout (package:flutter/src/rendering/object.dart:2775:7)
#39     RenderProxyBoxMixin.performLayout (package:flutter/src/rendering/proxy_box.dart:115:18)
#40     _RenderCustomClip.performLayout (package:flutter/src/rendering/proxy_box.dart:1481:11)
#41     RenderObject.layout (package:flutter/src/rendering/object.dart:2775:7)
#42     MultiChildLayoutDelegate.layoutChild (package:flutter/src/rendering/custom_layout.dart:180:12)
#43     _ScaffoldLayout.performLayout (package:flutter/src/material/scaffold.dart:1112:7)
#44     MultiChildLayoutDelegate._callPerformLayout (package:flutter/src/rendering/custom_layout.dart:249:7)
#45     RenderCustomMultiChildLayoutBox.performLayout (package:flutter/src/rendering/custom_layout.dart:420:14)
#46     RenderObject._layoutWithoutResize (package:flutter/src/rendering/object.dart:2623:7)
#47     PipelineOwner.flushLayout (package:flutter/src/rendering/object.dart:1170:18)
#48     PipelineOwner.flushLayout (package:flutter/src/rendering/object.dart:1183:15)
#49     AutomatedTestWidgetsFlutterBinding.drawFrame (package:flutter_test/src/binding.dart:1508:27)
#50     RendererBinding._handlePersistentFrameCallback (package:flutter/src/rendering/binding.dart:495:5)
#51     SchedulerBinding._invokeFrameCallback (package:flutter/src/scheduler/binding.dart:1434:15)
#52     SchedulerBinding.handleDrawFrame (package:flutter/src/scheduler/binding.dart:1347:9)
#53     AutomatedTestWidgetsFlutterBinding.pump.<anonymous closure> (package:flutter_test/src/binding.dart:1335:9)
#56     TestAsyncUtils.guard (package:flutter_test/src/test_async_utils.dart:74:41)
#57     AutomatedTestWidgetsFlutterBinding.pump (package:flutter_test/src/binding.dart:1324:27)
#58     WidgetTester.pumpAndSettle.<anonymous closure> (package:flutter_test/src/widget_tester.dart:719:23)
#61     TestAsyncUtils.guard (package:flutter_test/src/test_async_utils.dart:74:41)
#62     WidgetTester.pumpAndSettle (package:flutter_test/src/widget_tester.dart:712:27)
#63     main.<anonymous closure> (file:///D:/Mystery/programming/projects/PYTHON_PROJECTS/focus/focus_gg/focus_flutter/test/widget_test.dart:20:18)
<asynchronous suspension>
#64     testWidgets.<anonymous closure>.<anonymous closure> (package:flutter_test/src/widget_tester.dart:192:15)
<asynchronous suspension>
#65     TestWidgetsFlutterBinding._runTestBody (package:flutter_test/src/binding.dart:1059:5)
<asynchronous suspension>
<asynchronous suspension>
(elided 7 frames from class _AssertionError, dart:async, and package:stack_trace)

The following RenderObject was being processed when the exception was fired: RenderStack#942f2 relayoutBoundary=up17 NEEDS-LAYOUT NEEDS-PAINT:
  creator: Stack ΓåÉ FadeTransition ΓåÉ FractionalTranslation ΓåÉ SlideTransition ΓåÉ Animate ΓåÉ Column ΓåÉ
    Padding ΓåÉ ConstrainedBox ΓåÉ Align ΓåÉ PageContainer ΓåÉ Padding ΓåÉ _SingleChildViewport ΓåÉ Γï»
  parentData: <none> (can use size)
  constraints: BoxConstraints(w=752.0, 0.0<=h<=Infinity)
  size: MISSING
  alignment: AlignmentDirectional.topStart
  textDirection: ltr
  fit: loose
This RenderObject had the following descendants (showing up to depth 5):
    child 1: RenderDecoratedBox#2388f NEEDS-LAYOUT NEEDS-PAINT
      child: RenderPadding#b6df0 NEEDS-LAYOUT NEEDS-PAINT
        child: RenderLimitedBox#53077 NEEDS-LAYOUT NEEDS-PAINT
          child: RenderConstrainedBox#10065 NEEDS-LAYOUT NEEDS-PAINT
    child 2: RenderSemanticsGestureHandler#fcad4 relayoutBoundary=up18 NEEDS-PAINT
      child: RenderPointerListener#9059c relayoutBoundary=up19 NEEDS-PAINT
        child: RenderStack#9d9e2 relayoutBoundary=up20 NEEDS-PAINT
          child 1: RenderDecoratedBox#db310 relayoutBoundary=up21 NEEDS-PAINT
            child: RenderPadding#8a8d9 relayoutBoundary=up22 NEEDS-PAINT
ΓòÉΓòÉΓòÉΓòÉΓòÉΓòÉΓòÉΓòÉΓòÉΓòÉΓòÉΓòÉΓòÉΓòÉΓòÉΓòÉΓòÉΓòÉΓòÉΓòÉΓòÉΓòÉΓòÉΓòÉΓòÉΓòÉΓòÉΓòÉΓòÉΓòÉΓòÉΓòÉΓòÉΓòÉΓòÉΓòÉΓòÉΓòÉΓòÉΓòÉΓòÉΓòÉΓòÉΓòÉΓòÉΓòÉΓòÉΓòÉΓòÉΓòÉΓòÉΓòÉΓòÉΓòÉΓòÉΓòÉΓòÉΓòÉΓòÉΓòÉΓòÉΓòÉΓòÉΓòÉΓòÉΓòÉΓòÉΓòÉΓòÉΓòÉΓòÉΓòÉΓòÉΓòÉΓòÉΓòÉΓòÉΓòÉΓòÉΓòÉΓòÉΓòÉΓòÉΓòÉΓòÉΓòÉΓòÉΓòÉΓòÉΓòÉΓòÉΓòÉΓòÉΓòÉΓòÉΓòÉΓòÉΓòÉΓòÉΓòÉ
ΓòÉΓòÉΓòí EXCEPTION CAUGHT BY RENDERING LIBRARY Γò₧ΓòÉΓòÉΓòÉΓòÉΓòÉΓòÉΓòÉΓòÉΓòÉΓòÉΓòÉΓòÉΓòÉΓòÉΓòÉΓòÉΓòÉΓòÉΓòÉΓòÉΓòÉΓòÉΓòÉΓòÉΓòÉΓòÉΓòÉΓòÉΓòÉΓòÉΓòÉΓòÉΓòÉΓòÉΓòÉΓòÉΓòÉΓòÉΓòÉΓòÉΓòÉΓòÉΓòÉΓòÉΓòÉΓòÉΓòÉΓòÉΓòÉΓòÉΓòÉΓòÉΓòÉΓòÉΓòÉΓòÉΓòÉ
The following assertion was thrown during performLayout():
RenderBox was not laid out: RenderStack#942f2 relayoutBoundary=up17 NEEDS-PAINT
'package:flutter/src/rendering/box.dart':
Failed assertion: line 2251 pos 12: 'hasSize'

Either the assertion indicates an error in the framework itself, or we should provide substantially
more information in this error message to help you determine and fix the underlying cause.
In either case, please report this assertion by filing a bug on GitHub:
  https://github.com/flutter/flutter/issues/new?template=02_bug.yml

The relevant error-causing widget was:
  FadeTransition
  FadeTransition:file:///C:/Users/LENOVO/AppData/Local/Pub/Cache/hosted/pub.dev/flutter_animate-4.5.2/lib/src/effects/fade_effect.dart:31:12

When the exception was thrown, this was the stack:
#2      RenderBox.size (package:flutter/src/rendering/box.dart:2251:12)
#3      RenderProxyBoxMixin.performLayout (package:flutter/src/rendering/proxy_box.dart:115:62)
#4      RenderObject.layout (package:flutter/src/rendering/object.dart:2775:7)
#5      RenderProxyBoxMixin.performLayout (package:flutter/src/rendering/proxy_box.dart:115:18)
#6      RenderObject.layout (package:flutter/src/rendering/object.dart:2775:7)
#7      ChildLayoutHelper.layoutChild (package:flutter/src/rendering/layout_helper.dart:62:11)
#8      RenderFlex._computeSizes (package:flutter/src/rendering/flex.dart:1161:28)
#9      RenderFlex.performLayout (package:flutter/src/rendering/flex.dart:1257:32)
#10     RenderObject.layout (package:flutter/src/rendering/object.dart:2775:7)
#11     RenderPadding.performLayout (package:flutter/src/rendering/shifted_box.dart:243:12)
#12     RenderObject.layout (package:flutter/src/rendering/object.dart:2775:7)
#13     RenderConstrainedBox.performLayout (package:flutter/src/rendering/proxy_box.dart:293:14)
#14     RenderObject.layout (package:flutter/src/rendering/object.dart:2775:7)
#15     RenderPositionedBox.performLayout (package:flutter/src/rendering/shifted_box.dart:465:14)
#16     RenderObject.layout (package:flutter/src/rendering/object.dart:2775:7)
#17     RenderPadding.performLayout (package:flutter/src/rendering/shifted_box.dart:243:12)
#18     RenderObject.layout (package:flutter/src/rendering/object.dart:2775:7)
#19     _RenderSingleChildViewport.performLayout (package:flutter/src/widgets/single_child_scroll_view.dart:502:14)
#20     RenderObject.layout (package:flutter/src/rendering/object.dart:2775:7)
#21     RenderProxyBoxMixin.performLayout (package:flutter/src/rendering/proxy_box.dart:115:18)
#22     RenderObject.layout (package:flutter/src/rendering/object.dart:2775:7)
#23     RenderProxyBoxMixin.performLayout (package:flutter/src/rendering/proxy_box.dart:115:18)
#24     RenderObject.layout (package:flutter/src/rendering/object.dart:2775:7)
#25     RenderProxyBoxMixin.performLayout (package:flutter/src/rendering/proxy_box.dart:115:18)
#26     RenderObject.layout (package:flutter/src/rendering/object.dart:2775:7)
#27     RenderProxyBoxMixin.performLayout (package:flutter/src/rendering/proxy_box.dart:115:18)
#28     RenderObject.layout (package:flutter/src/rendering/object.dart:2775:7)
#29     RenderProxyBoxMixin.performLayout (package:flutter/src/rendering/proxy_box.dart:115:18)
#30     RenderObject.layout (package:flutter/src/rendering/object.dart:2775:7)
#31     RenderProxyBoxMixin.performLayout (package:flutter/src/rendering/proxy_box.dart:115:18)
#32     RenderObject.layout (package:flutter/src/rendering/object.dart:2775:7)
#33     RenderProxyBoxMixin.performLayout (package:flutter/src/rendering/proxy_box.dart:115:18)
#34     RenderObject.layout (package:flutter/src/rendering/object.dart:2775:7)
#35     RenderProxyBoxMixin.performLayout (package:flutter/src/rendering/proxy_box.dart:115:18)
#36     _RenderCustomClip.performLayout (package:flutter/src/rendering/proxy_box.dart:1481:11)
#37     RenderObject.layout (package:flutter/src/rendering/object.dart:2775:7)
#38     MultiChildLayoutDelegate.layoutChild (package:flutter/src/rendering/custom_layout.dart:180:12)
#39     _ScaffoldLayout.performLayout (package:flutter/src/material/scaffold.dart:1112:7)
#40     MultiChildLayoutDelegate._callPerformLayout (package:flutter/src/rendering/custom_layout.dart:249:7)
#41     RenderCustomMultiChildLayoutBox.performLayout (package:flutter/src/rendering/custom_layout.dart:420:14)
#42     RenderObject._layoutWithoutResize (package:flutter/src/rendering/object.dart:2623:7)
#43     PipelineOwner.flushLayout (package:flutter/src/rendering/object.dart:1170:18)
#44     PipelineOwner.flushLayout (package:flutter/src/rendering/object.dart:1183:15)
#45     AutomatedTestWidgetsFlutterBinding.drawFrame (package:flutter_test/src/binding.dart:1508:27)
#46     RendererBinding._handlePersistentFrameCallback (package:flutter/src/rendering/binding.dart:495:5)
#47     SchedulerBinding._invokeFrameCallback (package:flutter/src/scheduler/binding.dart:1434:15)
#48     SchedulerBinding.handleDrawFrame (package:flutter/src/scheduler/binding.dart:1347:9)
#49     AutomatedTestWidgetsFlutterBinding.pump.<anonymous closure> (package:flutter_test/src/binding.dart:1335:9)
#52     TestAsyncUtils.guard (package:flutter_test/src/test_async_utils.dart:74:41)
#53     AutomatedTestWidgetsFlutterBinding.pump (package:flutter_test/src/binding.dart:1324:27)
#54     WidgetTester.pumpAndSettle.<anonymous closure> (package:flutter_test/src/widget_tester.dart:719:23)
#57     TestAsyncUtils.guard (package:flutter_test/src/test_async_utils.dart:74:41)
#58     WidgetTester.pumpAndSettle (package:flutter_test/src/widget_tester.dart:712:27)
#59     main.<anonymous closure> (file:///D:/Mystery/programming/projects/PYTHON_PROJECTS/focus/focus_gg/focus_flutter/test/widget_test.dart:20:18)
<asynchronous suspension>
#60     testWidgets.<anonymous closure>.<anonymous closure> (package:flutter_test/src/widget_tester.dart:192:15)
<asynchronous suspension>
#61     TestWidgetsFlutterBinding._runTestBody (package:flutter_test/src/binding.dart:1059:5)
<asynchronous suspension>
<asynchronous suspension>
(elided 7 frames from class _AssertionError, dart:async, and package:stack_trace)

The following RenderObject was being processed when the exception was fired: RenderAnimatedOpacity#376cd relayoutBoundary=up16 NEEDS-LAYOUT NEEDS-PAINT:
  creator: FadeTransition ΓåÉ FractionalTranslation ΓåÉ SlideTransition ΓåÉ Animate ΓåÉ Column ΓåÉ Padding ΓåÉ
    ConstrainedBox ΓåÉ Align ΓåÉ PageContainer ΓåÉ Padding ΓåÉ _SingleChildViewport ΓåÉ
    IgnorePointer-[GlobalKey#2ac55] ΓåÉ Γï»
  parentData: <none> (can use size)
  constraints: BoxConstraints(w=752.0, 0.0<=h<=Infinity)
  size: MISSING
  opacity: AnimationController#7383f(Γû╢ 0.000)Γ₧⌐Interval(0.0Γï»1.0)Γ₧⌐Cubic(0.00, 0.00, 0.58,
    1.00)Γ₧⌐Tween<double>(0.0 ΓåÆ 1.0)Γ₧⌐0.0
This RenderObject had the following descendants (showing up to depth 5):
    child: RenderStack#942f2 relayoutBoundary=up17 NEEDS-PAINT
      child 1: RenderDecoratedBox#2388f NEEDS-LAYOUT NEEDS-PAINT
        child: RenderPadding#b6df0 NEEDS-LAYOUT NEEDS-PAINT
          child: RenderLimitedBox#53077 NEEDS-LAYOUT NEEDS-PAINT
            child: RenderConstrainedBox#10065 NEEDS-LAYOUT NEEDS-PAINT
      child 2: RenderSemanticsGestureHandler#fcad4 relayoutBoundary=up18 NEEDS-PAINT
        child: RenderPointerListener#9059c relayoutBoundary=up19 NEEDS-PAINT
          child: RenderStack#9d9e2 relayoutBoundary=up20 NEEDS-PAINT
            child 1: RenderDecoratedBox#db310 relayoutBoundary=up21 NEEDS-PAINT
ΓòÉΓòÉΓòÉΓòÉΓòÉΓòÉΓòÉΓòÉΓòÉΓòÉΓòÉΓòÉΓòÉΓòÉΓòÉΓòÉΓòÉΓòÉΓòÉΓòÉΓòÉΓòÉΓòÉΓòÉΓòÉΓòÉΓòÉΓòÉΓòÉΓòÉΓòÉΓòÉΓòÉΓòÉΓòÉΓòÉΓòÉΓòÉΓòÉΓòÉΓòÉΓòÉΓòÉΓòÉΓòÉΓòÉΓòÉΓòÉΓòÉΓòÉΓòÉΓòÉΓòÉΓòÉΓòÉΓòÉΓòÉΓòÉΓòÉΓòÉΓòÉΓòÉΓòÉΓòÉΓòÉΓòÉΓòÉΓòÉΓòÉΓòÉΓòÉΓòÉΓòÉΓòÉΓòÉΓòÉΓòÉΓòÉΓòÉΓòÉΓòÉΓòÉΓòÉΓòÉΓòÉΓòÉΓòÉΓòÉΓòÉΓòÉΓòÉΓòÉΓòÉΓòÉΓòÉΓòÉΓòÉΓòÉΓòÉΓòÉ
ΓòÉΓòÉΓòí EXCEPTION CAUGHT BY RENDERING LIBRARY Γò₧ΓòÉΓòÉΓòÉΓòÉΓòÉΓòÉΓòÉΓòÉΓòÉΓòÉΓòÉΓòÉΓòÉΓòÉΓòÉΓòÉΓòÉΓòÉΓòÉΓòÉΓòÉΓòÉΓòÉΓòÉΓòÉΓòÉΓòÉΓòÉΓòÉΓòÉΓòÉΓòÉΓòÉΓòÉΓòÉΓòÉΓòÉΓòÉΓòÉΓòÉΓòÉΓòÉΓòÉΓòÉΓòÉΓòÉΓòÉΓòÉΓòÉΓòÉΓòÉΓòÉΓòÉΓòÉΓòÉΓòÉΓòÉ
The following assertion was thrown during performLayout():
RenderBox was not laid out: RenderAnimatedOpacity#376cd relayoutBoundary=up16 NEEDS-PAINT
'package:flutter/src/rendering/box.dart':
Failed assertion: line 2251 pos 12: 'hasSize'

Either the assertion indicates an error in the framework itself, or we should provide substantially
more information in this error message to help you determine and fix the underlying cause.
In either case, please report this assertion by filing a bug on GitHub:
  https://github.com/flutter/flutter/issues/new?template=02_bug.yml

The relevant error-causing widget was:
  SlideTransition
  SlideTransition:file:///C:/Users/LENOVO/AppData/Local/Pub/Cache/hosted/pub.dev/flutter_animate-4.5.2/lib/src/effects/slide_effect.dart:37:12

When the exception was thrown, this was the stack:
#2      RenderBox.size (package:flutter/src/rendering/box.dart:2251:12)
#3      RenderProxyBoxMixin.performLayout (package:flutter/src/rendering/proxy_box.dart:115:62)
#4      RenderObject.layout (package:flutter/src/rendering/object.dart:2775:7)
#5      ChildLayoutHelper.layoutChild (package:flutter/src/rendering/layout_helper.dart:62:11)
#6      RenderFlex._computeSizes (package:flutter/src/rendering/flex.dart:1161:28)
#7      RenderFlex.performLayout (package:flutter/src/rendering/flex.dart:1257:32)
#8      RenderObject.layout (package:flutter/src/rendering/object.dart:2775:7)
#9      RenderPadding.performLayout (package:flutter/src/rendering/shifted_box.dart:243:12)
#10     RenderObject.layout (package:flutter/src/rendering/object.dart:2775:7)
#11     RenderConstrainedBox.performLayout (package:flutter/src/rendering/proxy_box.dart:293:14)
#12     RenderObject.layout (package:flutter/src/rendering/object.dart:2775:7)
#13     RenderPositionedBox.performLayout (package:flutter/src/rendering/shifted_box.dart:465:14)
#14     RenderObject.layout (package:flutter/src/rendering/object.dart:2775:7)
#15     RenderPadding.performLayout (package:flutter/src/rendering/shifted_box.dart:243:12)
#16     RenderObject.layout (package:flutter/src/rendering/object.dart:2775:7)
#17     _RenderSingleChildViewport.performLayout (package:flutter/src/widgets/single_child_scroll_view.dart:502:14)
#18     RenderObject.layout (package:flutter/src/rendering/object.dart:2775:7)
#19     RenderProxyBoxMixin.performLayout (package:flutter/src/rendering/proxy_box.dart:115:18)
#20     RenderObject.layout (package:flutter/src/rendering/object.dart:2775:7)
#21     RenderProxyBoxMixin.performLayout (package:flutter/src/rendering/proxy_box.dart:115:18)
#22     RenderObject.layout (package:flutter/src/rendering/object.dart:2775:7)
#23     RenderProxyBoxMixin.performLayout (package:flutter/src/rendering/proxy_box.dart:115:18)
#24     RenderObject.layout (package:flutter/src/rendering/object.dart:2775:7)
#25     RenderProxyBoxMixin.performLayout (package:flutter/src/rendering/proxy_box.dart:115:18)
#26     RenderObject.layout (package:flutter/src/rendering/object.dart:2775:7)
#27     RenderProxyBoxMixin.performLayout (package:flutter/src/rendering/proxy_box.dart:115:18)
#28     RenderObject.layout (package:flutter/src/rendering/object.dart:2775:7)
#29     RenderProxyBoxMixin.performLayout (package:flutter/src/rendering/proxy_box.dart:115:18)
#30     RenderObject.layout (package:flutter/src/rendering/object.dart:2775:7)
#31     RenderProxyBoxMixin.performLayout (package:flutter/src/rendering/proxy_box.dart:115:18)
#32     RenderObject.layout (package:flutter/src/rendering/object.dart:2775:7)
#33     RenderProxyBoxMixin.performLayout (package:flutter/src/rendering/proxy_box.dart:115:18)
#34     _RenderCustomClip.performLayout (package:flutter/src/rendering/proxy_box.dart:1481:11)
#35     RenderObject.layout (package:flutter/src/rendering/object.dart:2775:7)
#36     MultiChildLayoutDelegate.layoutChild (package:flutter/src/rendering/custom_layout.dart:180:12)
#37     _ScaffoldLayout.performLayout (package:flutter/src/material/scaffold.dart:1112:7)
#38     MultiChildLayoutDelegate._callPerformLayout (package:flutter/src/rendering/custom_layout.dart:249:7)
#39     RenderCustomMultiChildLayoutBox.performLayout (package:flutter/src/rendering/custom_layout.dart:420:14)
#40     RenderObject._layoutWithoutResize (package:flutter/src/rendering/object.dart:2623:7)
#41     PipelineOwner.flushLayout (package:flutter/src/rendering/object.dart:1170:18)
#42     PipelineOwner.flushLayout (package:flutter/src/rendering/object.dart:1183:15)
#43     AutomatedTestWidgetsFlutterBinding.drawFrame (package:flutter_test/src/binding.dart:1508:27)
#44     RendererBinding._handlePersistentFrameCallback (package:flutter/src/rendering/binding.dart:495:5)
#45     SchedulerBinding._invokeFrameCallback (package:flutter/src/scheduler/binding.dart:1434:15)
#46     SchedulerBinding.handleDrawFrame (package:flutter/src/scheduler/binding.dart:1347:9)
#47     AutomatedTestWidgetsFlutterBinding.pump.<anonymous closure> (package:flutter_test/src/binding.dart:1335:9)
#50     TestAsyncUtils.guard (package:flutter_test/src/test_async_utils.dart:74:41)
#51     AutomatedTestWidgetsFlutterBinding.pump (package:flutter_test/src/binding.dart:1324:27)
#52     WidgetTester.pumpAndSettle.<anonymous closure> (package:flutter_test/src/widget_tester.dart:719:23)
#55     TestAsyncUtils.guard (package:flutter_test/src/test_async_utils.dart:74:41)
#56     WidgetTester.pumpAndSettle (package:flutter_test/src/widget_tester.dart:712:27)
#57     main.<anonymous closure> (file:///D:/Mystery/programming/projects/PYTHON_PROJECTS/focus/focus_gg/focus_flutter/test/widget_test.dart:20:18)
<asynchronous suspension>
#58     testWidgets.<anonymous closure>.<anonymous closure> (package:flutter_test/src/widget_tester.dart:192:15)
<asynchronous suspension>
#59     TestWidgetsFlutterBinding._runTestBody (package:flutter_test/src/binding.dart:1059:5)
<asynchronous suspension>
<asynchronous suspension>
(elided 7 frames from class _AssertionError, dart:async, and package:stack_trace)

The following RenderObject was being processed when the exception was fired: RenderFractionalTranslation#3e3c5 relayoutBoundary=up15 NEEDS-LAYOUT NEEDS-PAINT:
  creator: FractionalTranslation ΓåÉ SlideTransition ΓåÉ Animate ΓåÉ Column ΓåÉ Padding ΓåÉ ConstrainedBox ΓåÉ
    Align ΓåÉ PageContainer ΓåÉ Padding ΓåÉ _SingleChildViewport ΓåÉ IgnorePointer-[GlobalKey#2ac55] ΓåÉ
    Semantics ΓåÉ Γï»
  parentData: offset=Offset(0.0, 0.0); flex=null; fit=null (can use size)
  constraints: BoxConstraints(w=752.0, 0.0<=h<=Infinity)
  size: MISSING
  translation: Offset(0.0, 0.1)
  transformHitTests: true
This RenderObject had the following descendants (showing up to depth 5):
    child: RenderAnimatedOpacity#376cd relayoutBoundary=up16 NEEDS-PAINT
      child: RenderStack#942f2 relayoutBoundary=up17 NEEDS-PAINT
        child 1: RenderDecoratedBox#2388f NEEDS-LAYOUT NEEDS-PAINT
          child: RenderPadding#b6df0 NEEDS-LAYOUT NEEDS-PAINT
            child: RenderLimitedBox#53077 NEEDS-LAYOUT NEEDS-PAINT
        child 2: RenderSemanticsGestureHandler#fcad4 relayoutBoundary=up18 NEEDS-PAINT
          child: RenderPointerListener#9059c relayoutBoundary=up19 NEEDS-PAINT
            child: RenderStack#9d9e2 relayoutBoundary=up20 NEEDS-PAINT
ΓòÉΓòÉΓòÉΓòÉΓòÉΓòÉΓòÉΓòÉΓòÉΓòÉΓòÉΓòÉΓòÉΓòÉΓòÉΓòÉΓòÉΓòÉΓòÉΓòÉΓòÉΓòÉΓòÉΓòÉΓòÉΓòÉΓòÉΓòÉΓòÉΓòÉΓòÉΓòÉΓòÉΓòÉΓòÉΓòÉΓòÉΓòÉΓòÉΓòÉΓòÉΓòÉΓòÉΓòÉΓòÉΓòÉΓòÉΓòÉΓòÉΓòÉΓòÉΓòÉΓòÉΓòÉΓòÉΓòÉΓòÉΓòÉΓòÉΓòÉΓòÉΓòÉΓòÉΓòÉΓòÉΓòÉΓòÉΓòÉΓòÉΓòÉΓòÉΓòÉΓòÉΓòÉΓòÉΓòÉΓòÉΓòÉΓòÉΓòÉΓòÉΓòÉΓòÉΓòÉΓòÉΓòÉΓòÉΓòÉΓòÉΓòÉΓòÉΓòÉΓòÉΓòÉΓòÉΓòÉΓòÉΓòÉΓòÉΓòÉ
ΓòÉΓòÉΓòí EXCEPTION CAUGHT BY RENDERING LIBRARY Γò₧ΓòÉΓòÉΓòÉΓòÉΓòÉΓòÉΓòÉΓòÉΓòÉΓòÉΓòÉΓòÉΓòÉΓòÉΓòÉΓòÉΓòÉΓòÉΓòÉΓòÉΓòÉΓòÉΓòÉΓòÉΓòÉΓòÉΓòÉΓòÉΓòÉΓòÉΓòÉΓòÉΓòÉΓòÉΓòÉΓòÉΓòÉΓòÉΓòÉΓòÉΓòÉΓòÉΓòÉΓòÉΓòÉΓòÉΓòÉΓòÉΓòÉΓòÉΓòÉΓòÉΓòÉΓòÉΓòÉΓòÉΓòÉ
The following assertion was thrown during performLayout():
RenderBox was not laid out: RenderFractionalTranslation#3e3c5 relayoutBoundary=up15 NEEDS-PAINT
'package:flutter/src/rendering/box.dart':
Failed assertion: line 2251 pos 12: 'hasSize'

Either the assertion indicates an error in the framework itself, or we should provide substantially
more information in this error message to help you determine and fix the underlying cause.
In either case, please report this assertion by filing a bug on GitHub:
  https://github.com/flutter/flutter/issues/new?template=02_bug.yml

The relevant error-causing widget was:
  Column
  Column:file:///D:/Mystery/programming/projects/PYTHON_PROJECTS/focus/focus_gg/focus_flutter/lib/features/dashboard/dashboard_screen.dart:135:18

When the exception was thrown, this was the stack:
#2      RenderBox.size (package:flutter/src/rendering/box.dart:2251:12)
#3      ChildLayoutHelper.layoutChild (package:flutter/src/rendering/layout_helper.dart:63:18)
#4      RenderFlex._computeSizes (package:flutter/src/rendering/flex.dart:1161:28)
#5      RenderFlex.performLayout (package:flutter/src/rendering/flex.dart:1257:32)
#6      RenderObject.layout (package:flutter/src/rendering/object.dart:2775:7)
#7      RenderPadding.performLayout (package:flutter/src/rendering/shifted_box.dart:243:12)
#8      RenderObject.layout (package:flutter/src/rendering/object.dart:2775:7)
#9      RenderConstrainedBox.performLayout (package:flutter/src/rendering/proxy_box.dart:293:14)
#10     RenderObject.layout (package:flutter/src/rendering/object.dart:2775:7)
#11     RenderPositionedBox.performLayout (package:flutter/src/rendering/shifted_box.dart:465:14)
#12     RenderObject.layout (package:flutter/src/rendering/object.dart:2775:7)
#13     RenderPadding.performLayout (package:flutter/src/rendering/shifted_box.dart:243:12)
#14     RenderObject.layout (package:flutter/src/rendering/object.dart:2775:7)
#15     _RenderSingleChildViewport.performLayout (package:flutter/src/widgets/single_child_scroll_view.dart:502:14)
#16     RenderObject.layout (package:flutter/src/rendering/object.dart:2775:7)
#17     RenderProxyBoxMixin.performLayout (package:flutter/src/rendering/proxy_box.dart:115:18)
#18     RenderObject.layout (package:flutter/src/rendering/object.dart:2775:7)
#19     RenderProxyBoxMixin.performLayout (package:flutter/src/rendering/proxy_box.dart:115:18)
#20     RenderObject.layout (package:flutter/src/rendering/object.dart:2775:7)
#21     RenderProxyBoxMixin.performLayout (package:flutter/src/rendering/proxy_box.dart:115:18)
#22     RenderObject.layout (package:flutter/src/rendering/object.dart:2775:7)
#23     RenderProxyBoxMixin.performLayout (package:flutter/src/rendering/proxy_box.dart:115:18)
#24     RenderObject.layout (package:flutter/src/rendering/object.dart:2775:7)
#25     RenderProxyBoxMixin.performLayout (package:flutter/src/rendering/proxy_box.dart:115:18)
#26     RenderObject.layout (package:flutter/src/rendering/object.dart:2775:7)
#27     RenderProxyBoxMixin.performLayout (package:flutter/src/rendering/proxy_box.dart:115:18)
#28     RenderObject.layout (package:flutter/src/rendering/object.dart:2775:7)
#29     RenderProxyBoxMixin.performLayout (package:flutter/src/rendering/proxy_box.dart:115:18)
#30     RenderObject.layout (package:flutter/src/rendering/object.dart:2775:7)
#31     RenderProxyBoxMixin.performLayout (package:flutter/src/rendering/proxy_box.dart:115:18)
#32     _RenderCustomClip.performLayout (package:flutter/src/rendering/proxy_box.dart:1481:11)
#33     RenderObject.layout (package:flutter/src/rendering/object.dart:2775:7)
#34     MultiChildLayoutDelegate.layoutChild (package:flutter/src/rendering/custom_layout.dart:180:12)
#35     _ScaffoldLayout.performLayout (package:flutter/src/material/scaffold.dart:1112:7)
#36     MultiChildLayoutDelegate._callPerformLayout (package:flutter/src/rendering/custom_layout.dart:249:7)
#37     RenderCustomMultiChildLayoutBox.performLayout (package:flutter/src/rendering/custom_layout.dart:420:14)
#38     RenderObject._layoutWithoutResize (package:flutter/src/rendering/object.dart:2623:7)
#39     PipelineOwner.flushLayout (package:flutter/src/rendering/object.dart:1170:18)
#40     PipelineOwner.flushLayout (package:flutter/src/rendering/object.dart:1183:15)
#41     AutomatedTestWidgetsFlutterBinding.drawFrame (package:flutter_test/src/binding.dart:1508:27)
#42     RendererBinding._handlePersistentFrameCallback (package:flutter/src/rendering/binding.dart:495:5)
#43     SchedulerBinding._invokeFrameCallback (package:flutter/src/scheduler/binding.dart:1434:15)
#44     SchedulerBinding.handleDrawFrame (package:flutter/src/scheduler/binding.dart:1347:9)
#45     AutomatedTestWidgetsFlutterBinding.pump.<anonymous closure> (package:flutter_test/src/binding.dart:1335:9)
#48     TestAsyncUtils.guard (package:flutter_test/src/test_async_utils.dart:74:41)
#49     AutomatedTestWidgetsFlutterBinding.pump (package:flutter_test/src/binding.dart:1324:27)
#50     WidgetTester.pumpAndSettle.<anonymous closure> (package:flutter_test/src/widget_tester.dart:719:23)
#53     TestAsyncUtils.guard (package:flutter_test/src/test_async_utils.dart:74:41)
#54     WidgetTester.pumpAndSettle (package:flutter_test/src/widget_tester.dart:712:27)
#55     main.<anonymous closure> (file:///D:/Mystery/programming/projects/PYTHON_PROJECTS/focus/focus_gg/focus_flutter/test/widget_test.dart:20:18)
<asynchronous suspension>
#56     testWidgets.<anonymous closure>.<anonymous closure> (package:flutter_test/src/widget_tester.dart:192:15)
<asynchronous suspension>
#57     TestWidgetsFlutterBinding._runTestBody (package:flutter_test/src/binding.dart:1059:5)
<asynchronous suspension>
<asynchronous suspension>
(elided 7 frames from class _AssertionError, dart:async, and package:stack_trace)

The following RenderObject was being processed when the exception was fired: RenderFlex#141d3 relayoutBoundary=up14 NEEDS-LAYOUT NEEDS-PAINT:
  creator: Column ΓåÉ Padding ΓåÉ ConstrainedBox ΓåÉ Align ΓåÉ PageContainer ΓåÉ Padding ΓåÉ _SingleChildViewport
    ΓåÉ IgnorePointer-[GlobalKey#2ac55] ΓåÉ Semantics ΓåÉ Listener ΓåÉ _GestureSemantics ΓåÉ
    RawGestureDetector-[LabeledGlobalKey<RawGestureDetectorState>#b16d0] ΓåÉ Γï»
  parentData: offset=Offset(24.0, 16.0) (can use size)
  constraints: BoxConstraints(0.0<=w<=752.0, 0.0<=h<=Infinity)
  size: MISSING
  direction: vertical
  mainAxisAlignment: start
  mainAxisSize: max
  crossAxisAlignment: stretch
  verticalDirection: down
  spacing: 0.0
This RenderObject had the following descendants (showing up to depth 5):
    child 1: RenderFractionalTranslation#3e3c5 relayoutBoundary=up15 NEEDS-PAINT
      child: RenderAnimatedOpacity#376cd relayoutBoundary=up16 NEEDS-PAINT
        child: RenderStack#942f2 relayoutBoundary=up17 NEEDS-PAINT
          child 1: RenderDecoratedBox#2388f NEEDS-LAYOUT NEEDS-PAINT
            child: RenderPadding#b6df0 NEEDS-LAYOUT NEEDS-PAINT
          child 2: RenderSemanticsGestureHandler#fcad4 relayoutBoundary=up18 NEEDS-PAINT
            child: RenderPointerListener#9059c relayoutBoundary=up19 NEEDS-PAINT
    child 2: RenderConstrainedBox#86da0 NEEDS-LAYOUT NEEDS-PAINT
    child 3: RenderAnimatedOpacity#c08d6 NEEDS-LAYOUT NEEDS-PAINT
      child: RenderSemanticsGestureHandler#ce73c NEEDS-LAYOUT NEEDS-PAINT
        child: RenderPointerListener#91e90 NEEDS-LAYOUT NEEDS-PAINT
          child: RenderStack#80f29 NEEDS-LAYOUT NEEDS-PAINT
            child 1: RenderDecoratedBox#6c0c1 NEEDS-LAYOUT NEEDS-PAINT
    child 4: RenderConstrainedBox#a5c3d NEEDS-LAYOUT NEEDS-PAINT
    child 5: RenderFractionalTranslation#28703 NEEDS-LAYOUT NEEDS-PAINT
      child: RenderAnimatedOpacity#051b4 NEEDS-LAYOUT NEEDS-PAINT
        child: RenderSemanticsGestureHandler#4fefe NEEDS-LAYOUT NEEDS-PAINT
          child: RenderPointerListener#d70a8 NEEDS-LAYOUT NEEDS-PAINT
            child: RenderStack#3b30d NEEDS-LAYOUT NEEDS-PAINT
    child 6: RenderConstrainedBox#0380c NEEDS-LAYOUT NEEDS-PAINT
    child 7: RenderAnimatedOpacity#0f73f NEEDS-LAYOUT NEEDS-PAINT
      child: RenderFlex#70c3c NEEDS-LAYOUT NEEDS-PAINT
        child 1: RenderParagraph#70a78 NEEDS-LAYOUT NEEDS-PAINT
          text: TextSpan
        child 2: RenderSemanticsAnnotations#ad4cd NEEDS-LAYOUT NEEDS-PAINT
          child: _RenderInputPadding#b1a97 NEEDS-LAYOUT NEEDS-PAINT
            child: RenderConstrainedBox#d70ad NEEDS-LAYOUT NEEDS-PAINT
ΓòÉΓòÉΓòÉΓòÉΓòÉΓòÉΓòÉΓòÉΓòÉΓòÉΓòÉΓòÉΓòÉΓòÉΓòÉΓòÉΓòÉΓòÉΓòÉΓòÉΓòÉΓòÉΓòÉΓòÉΓòÉΓòÉΓòÉΓòÉΓòÉΓòÉΓòÉΓòÉΓòÉΓòÉΓòÉΓòÉΓòÉΓòÉΓòÉΓòÉΓòÉΓòÉΓòÉΓòÉΓòÉΓòÉΓòÉΓòÉΓòÉΓòÉΓòÉΓòÉΓòÉΓòÉΓòÉΓòÉΓòÉΓòÉΓòÉΓòÉΓòÉΓòÉΓòÉΓòÉΓòÉΓòÉΓòÉΓòÉΓòÉΓòÉΓòÉΓòÉΓòÉΓòÉΓòÉΓòÉΓòÉΓòÉΓòÉΓòÉΓòÉΓòÉΓòÉΓòÉΓòÉΓòÉΓòÉΓòÉΓòÉΓòÉΓòÉΓòÉΓòÉΓòÉΓòÉΓòÉΓòÉΓòÉΓòÉΓòÉ
ΓòÉΓòÉΓòí EXCEPTION CAUGHT BY RENDERING LIBRARY Γò₧ΓòÉΓòÉΓòÉΓòÉΓòÉΓòÉΓòÉΓòÉΓòÉΓòÉΓòÉΓòÉΓòÉΓòÉΓòÉΓòÉΓòÉΓòÉΓòÉΓòÉΓòÉΓòÉΓòÉΓòÉΓòÉΓòÉΓòÉΓòÉΓòÉΓòÉΓòÉΓòÉΓòÉΓòÉΓòÉΓòÉΓòÉΓòÉΓòÉΓòÉΓòÉΓòÉΓòÉΓòÉΓòÉΓòÉΓòÉΓòÉΓòÉΓòÉΓòÉΓòÉΓòÉΓòÉΓòÉΓòÉΓòÉ
The following assertion was thrown during performLayout():
RenderBox was not laid out: RenderFlex#141d3 relayoutBoundary=up14 NEEDS-PAINT
'package:flutter/src/rendering/box.dart':
Failed assertion: line 2251 pos 12: 'hasSize'

Either the assertion indicates an error in the framework itself, or we should provide substantially
more information in this error message to help you determine and fix the underlying cause.
In either case, please report this assertion by filing a bug on GitHub:
  https://github.com/flutter/flutter/issues/new?template=02_bug.yml

The relevant error-causing widget was:
  Padding
  Padding:file:///D:/Mystery/programming/projects/PYTHON_PROJECTS/focus/focus_gg/focus_flutter/lib/shared/widgets/page_container.dart:25:16

When the exception was thrown, this was the stack:
#2      RenderBox.size (package:flutter/src/rendering/box.dart:2251:12)
#3      RenderPadding.performLayout (package:flutter/src/rendering/shifted_box.dart:247:40)
#4      RenderObject.layout (package:flutter/src/rendering/object.dart:2775:7)
#5      RenderConstrainedBox.performLayout (package:flutter/src/rendering/proxy_box.dart:293:14)
#6      RenderObject.layout (package:flutter/src/rendering/object.dart:2775:7)
#7      RenderPositionedBox.performLayout (package:flutter/src/rendering/shifted_box.dart:465:14)
#8      RenderObject.layout (package:flutter/src/rendering/object.dart:2775:7)
#9      RenderPadding.performLayout (package:flutter/src/rendering/shifted_box.dart:243:12)
#10     RenderObject.layout (package:flutter/src/rendering/object.dart:2775:7)
#11     _RenderSingleChildViewport.performLayout (package:flutter/src/widgets/single_child_scroll_view.dart:502:14)
#12     RenderObject.layout (package:flutter/src/rendering/object.dart:2775:7)
#13     RenderProxyBoxMixin.performLayout (package:flutter/src/rendering/proxy_box.dart:115:18)
#14     RenderObject.layout (package:flutter/src/rendering/object.dart:2775:7)
#15     RenderProxyBoxMixin.performLayout (package:flutter/src/rendering/proxy_box.dart:115:18)
#16     RenderObject.layout (package:flutter/src/rendering/object.dart:2775:7)
#17     RenderProxyBoxMixin.performLayout (package:flutter/src/rendering/proxy_box.dart:115:18)
#18     RenderObject.layout (package:flutter/src/rendering/object.dart:2775:7)
#19     RenderProxyBoxMixin.performLayout (package:flutter/src/rendering/proxy_box.dart:115:18)
#20     RenderObject.layout (package:flutter/src/rendering/object.dart:2775:7)
#21     RenderProxyBoxMixin.performLayout (package:flutter/src/rendering/proxy_box.dart:115:18)
#22     RenderObject.layout (package:flutter/src/rendering/object.dart:2775:7)
#23     RenderProxyBoxMixin.performLayout (package:flutter/src/rendering/proxy_box.dart:115:18)
#24     RenderObject.layout (package:flutter/src/rendering/object.dart:2775:7)
#25     RenderProxyBoxMixin.performLayout (package:flutter/src/rendering/proxy_box.dart:115:18)
#26     RenderObject.layout (package:flutter/src/rendering/object.dart:2775:7)
#27     RenderProxyBoxMixin.performLayout (package:flutter/src/rendering/proxy_box.dart:115:18)
#28     _RenderCustomClip.performLayout (package:flutter/src/rendering/proxy_box.dart:1481:11)
#29     RenderObject.layout (package:flutter/src/rendering/object.dart:2775:7)
#30     MultiChildLayoutDelegate.layoutChild (package:flutter/src/rendering/custom_layout.dart:180:12)
#31     _ScaffoldLayout.performLayout (package:flutter/src/material/scaffold.dart:1112:7)
#32     MultiChildLayoutDelegate._callPerformLayout (package:flutter/src/rendering/custom_layout.dart:249:7)
#33     RenderCustomMultiChildLayoutBox.performLayout (package:flutter/src/rendering/custom_layout.dart:420:14)
#34     RenderObject._layoutWithoutResize (package:flutter/src/rendering/object.dart:2623:7)
#35     PipelineOwner.flushLayout (package:flutter/src/rendering/object.dart:1170:18)
#36     PipelineOwner.flushLayout (package:flutter/src/rendering/object.dart:1183:15)
#37     AutomatedTestWidgetsFlutterBinding.drawFrame (package:flutter_test/src/binding.dart:1508:27)
#38     RendererBinding._handlePersistentFrameCallback (package:flutter/src/rendering/binding.dart:495:5)
#39     SchedulerBinding._invokeFrameCallback (package:flutter/src/scheduler/binding.dart:1434:15)
#40     SchedulerBinding.handleDrawFrame (package:flutter/src/scheduler/binding.dart:1347:9)
#41     AutomatedTestWidgetsFlutterBinding.pump.<anonymous closure> (package:flutter_test/src/binding.dart:1335:9)
#44     TestAsyncUtils.guard (package:flutter_test/src/test_async_utils.dart:74:41)
#45     AutomatedTestWidgetsFlutterBinding.pump (package:flutter_test/src/binding.dart:1324:27)
#46     WidgetTester.pumpAndSettle.<anonymous closure> (package:flutter_test/src/widget_tester.dart:719:23)
#49     TestAsyncUtils.guard (package:flutter_test/src/test_async_utils.dart:74:41)
#50     WidgetTester.pumpAndSettle (package:flutter_test/src/widget_tester.dart:712:27)
#51     main.<anonymous closure> (file:///D:/Mystery/programming/projects/PYTHON_PROJECTS/focus/focus_gg/focus_flutter/test/widget_test.dart:20:18)
<asynchronous suspension>
#52     testWidgets.<anonymous closure>.<anonymous closure> (package:flutter_test/src/widget_tester.dart:192:15)
<asynchronous suspension>
#53     TestWidgetsFlutterBinding._runTestBody (package:flutter_test/src/binding.dart:1059:5)
<asynchronous suspension>
<asynchronous suspension>
(elided 7 frames from class _AssertionError, dart:async, and package:stack_trace)

The following RenderObject was being processed when the exception was fired: RenderPadding#91361 relayoutBoundary=up13 NEEDS-LAYOUT NEEDS-PAINT:
  creator: Padding ΓåÉ ConstrainedBox ΓåÉ Align ΓåÉ PageContainer ΓåÉ Padding ΓåÉ _SingleChildViewport ΓåÉ
    IgnorePointer-[GlobalKey#2ac55] ΓåÉ Semantics ΓåÉ Listener ΓåÉ _GestureSemantics ΓåÉ
    RawGestureDetector-[LabeledGlobalKey<RawGestureDetectorState>#b16d0] ΓåÉ Listener ΓåÉ Γï»
  parentData: <none> (can use size)
  constraints: BoxConstraints(0.0<=w<=800.0, 0.0<=h<=Infinity)
  size: MISSING
  padding: EdgeInsets(24.0, 16.0, 24.0, 16.0)
  textDirection: ltr
This RenderObject had the following descendants (showing up to depth 5):
    child: RenderFlex#141d3 relayoutBoundary=up14 NEEDS-PAINT
      child 1: RenderFractionalTranslation#3e3c5 relayoutBoundary=up15 NEEDS-PAINT
        child: RenderAnimatedOpacity#376cd relayoutBoundary=up16 NEEDS-PAINT
          child: RenderStack#942f2 relayoutBoundary=up17 NEEDS-PAINT
            child 1: RenderDecoratedBox#2388f NEEDS-LAYOUT NEEDS-PAINT
            child 2: RenderSemanticsGestureHandler#fcad4 relayoutBoundary=up18 NEEDS-PAINT
      child 2: RenderConstrainedBox#86da0 NEEDS-LAYOUT NEEDS-PAINT
      child 3: RenderAnimatedOpacity#c08d6 NEEDS-LAYOUT NEEDS-PAINT
        child: RenderSemanticsGestureHandler#ce73c NEEDS-LAYOUT NEEDS-PAINT
          child: RenderPointerListener#91e90 NEEDS-LAYOUT NEEDS-PAINT
            child: RenderStack#80f29 NEEDS-LAYOUT NEEDS-PAINT
      child 4: RenderConstrainedBox#a5c3d NEEDS-LAYOUT NEEDS-PAINT
      child 5: RenderFractionalTranslation#28703 NEEDS-LAYOUT NEEDS-PAINT
        child: RenderAnimatedOpacity#051b4 NEEDS-LAYOUT NEEDS-PAINT
          child: RenderSemanticsGestureHandler#4fefe NEEDS-LAYOUT NEEDS-PAINT
            child: RenderPointerListener#d70a8 NEEDS-LAYOUT NEEDS-PAINT
      child 6: RenderConstrainedBox#0380c NEEDS-LAYOUT NEEDS-PAINT
      child 7: RenderAnimatedOpacity#0f73f NEEDS-LAYOUT NEEDS-PAINT
        child: RenderFlex#70c3c NEEDS-LAYOUT NEEDS-PAINT
          child 1: RenderParagraph#70a78 NEEDS-LAYOUT NEEDS-PAINT
            text: TextSpan
          child 2: RenderSemanticsAnnotations#ad4cd NEEDS-LAYOUT NEEDS-PAINT
            child: _RenderInputPadding#b1a97 NEEDS-LAYOUT NEEDS-PAINT
      child 8: RenderConstrainedBox#d560d NEEDS-LAYOUT NEEDS-PAINT
      child 9: RenderAnimatedOpacity#0f4f6 NEEDS-LAYOUT NEEDS-PAINT
        child: RenderSemanticsGestureHandler#0bd1a NEEDS-LAYOUT NEEDS-PAINT
          child: RenderPointerListener#30531 NEEDS-LAYOUT NEEDS-PAINT
            child: RenderStack#05a03 NEEDS-LAYOUT NEEDS-PAINT
ΓòÉΓòÉΓòÉΓòÉΓòÉΓòÉΓòÉΓòÉΓòÉΓòÉΓòÉΓòÉΓòÉΓòÉΓòÉΓòÉΓòÉΓòÉΓòÉΓòÉΓòÉΓòÉΓòÉΓòÉΓòÉΓòÉΓòÉΓòÉΓòÉΓòÉΓòÉΓòÉΓòÉΓòÉΓòÉΓòÉΓòÉΓòÉΓòÉΓòÉΓòÉΓòÉΓòÉΓòÉΓòÉΓòÉΓòÉΓòÉΓòÉΓòÉΓòÉΓòÉΓòÉΓòÉΓòÉΓòÉΓòÉΓòÉΓòÉΓòÉΓòÉΓòÉΓòÉΓòÉΓòÉΓòÉΓòÉΓòÉΓòÉΓòÉΓòÉΓòÉΓòÉΓòÉΓòÉΓòÉΓòÉΓòÉΓòÉΓòÉΓòÉΓòÉΓòÉΓòÉΓòÉΓòÉΓòÉΓòÉΓòÉΓòÉΓòÉΓòÉΓòÉΓòÉΓòÉΓòÉΓòÉΓòÉΓòÉΓòÉ
ΓòÉΓòÉΓòí EXCEPTION CAUGHT BY RENDERING LIBRARY Γò₧ΓòÉΓòÉΓòÉΓòÉΓòÉΓòÉΓòÉΓòÉΓòÉΓòÉΓòÉΓòÉΓòÉΓòÉΓòÉΓòÉΓòÉΓòÉΓòÉΓòÉΓòÉΓòÉΓòÉΓòÉΓòÉΓòÉΓòÉΓòÉΓòÉΓòÉΓòÉΓòÉΓòÉΓòÉΓòÉΓòÉΓòÉΓòÉΓòÉΓòÉΓòÉΓòÉΓòÉΓòÉΓòÉΓòÉΓòÉΓòÉΓòÉΓòÉΓòÉΓòÉΓòÉΓòÉΓòÉΓòÉΓòÉ
The following assertion was thrown during performLayout():
RenderBox was not laid out: RenderPadding#91361 relayoutBoundary=up13 NEEDS-PAINT
'package:flutter/src/rendering/box.dart':
Failed assertion: line 2251 pos 12: 'hasSize'

Either the assertion indicates an error in the framework itself, or we should provide substantially
more information in this error message to help you determine and fix the underlying cause.
In either case, please report this assertion by filing a bug on GitHub:
  https://github.com/flutter/flutter/issues/new?template=02_bug.yml

The relevant error-causing widget was:
  ConstrainedBox
  ConstrainedBox:file:///D:/Mystery/programming/projects/PYTHON_PROJECTS/focus/focus_gg/focus_flutter/lib/shared/widgets/page_container.dart:23:14

When the exception was thrown, this was the stack:
#2      RenderBox.size (package:flutter/src/rendering/box.dart:2251:12)
#3      RenderConstrainedBox.performLayout (package:flutter/src/rendering/proxy_box.dart:294:21)
#4      RenderObject.layout (package:flutter/src/rendering/object.dart:2775:7)
#5      RenderPositionedBox.performLayout (package:flutter/src/rendering/shifted_box.dart:465:14)
#6      RenderObject.layout (package:flutter/src/rendering/object.dart:2775:7)
#7      RenderPadding.performLayout (package:flutter/src/rendering/shifted_box.dart:243:12)
#8      RenderObject.layout (package:flutter/src/rendering/object.dart:2775:7)
#9      _RenderSingleChildViewport.performLayout (package:flutter/src/widgets/single_child_scroll_view.dart:502:14)
#10     RenderObject.layout (package:flutter/src/rendering/object.dart:2775:7)
#11     RenderProxyBoxMixin.performLayout (package:flutter/src/rendering/proxy_box.dart:115:18)
#12     RenderObject.layout (package:flutter/src/rendering/object.dart:2775:7)
#13     RenderProxyBoxMixin.performLayout (package:flutter/src/rendering/proxy_box.dart:115:18)
#14     RenderObject.layout (package:flutter/src/rendering/object.dart:2775:7)
#15     RenderProxyBoxMixin.performLayout (package:flutter/src/rendering/proxy_box.dart:115:18)
#16     RenderObject.layout (package:flutter/src/rendering/object.dart:2775:7)
#17     RenderProxyBoxMixin.performLayout (package:flutter/src/rendering/proxy_box.dart:115:18)
#18     RenderObject.layout (package:flutter/src/rendering/object.dart:2775:7)
#19     RenderProxyBoxMixin.performLayout (package:flutter/src/rendering/proxy_box.dart:115:18)
#20     RenderObject.layout (package:flutter/src/rendering/object.dart:2775:7)
#21     RenderProxyBoxMixin.performLayout (package:flutter/src/rendering/proxy_box.dart:115:18)
#22     RenderObject.layout (package:flutter/src/rendering/object.dart:2775:7)
#23     RenderProxyBoxMixin.performLayout (package:flutter/src/rendering/proxy_box.dart:115:18)
#24     RenderObject.layout (package:flutter/src/rendering/object.dart:2775:7)
#25     RenderProxyBoxMixin.performLayout (package:flutter/src/rendering/proxy_box.dart:115:18)
#26     _RenderCustomClip.performLayout (package:flutter/src/rendering/proxy_box.dart:1481:11)
#27     RenderObject.layout (package:flutter/src/rendering/object.dart:2775:7)
#28     MultiChildLayoutDelegate.layoutChild (package:flutter/src/rendering/custom_layout.dart:180:12)
#29     _ScaffoldLayout.performLayout (package:flutter/src/material/scaffold.dart:1112:7)
#30     MultiChildLayoutDelegate._callPerformLayout (package:flutter/src/rendering/custom_layout.dart:249:7)
#31     RenderCustomMultiChildLayoutBox.performLayout (package:flutter/src/rendering/custom_layout.dart:420:14)
#32     RenderObject._layoutWithoutResize (package:flutter/src/rendering/object.dart:2623:7)
#33     PipelineOwner.flushLayout (package:flutter/src/rendering/object.dart:1170:18)
#34     PipelineOwner.flushLayout (package:flutter/src/rendering/object.dart:1183:15)
#35     AutomatedTestWidgetsFlutterBinding.drawFrame (package:flutter_test/src/binding.dart:1508:27)
#36     RendererBinding._handlePersistentFrameCallback (package:flutter/src/rendering/binding.dart:495:5)
#37     SchedulerBinding._invokeFrameCallback (package:flutter/src/scheduler/binding.dart:1434:15)
#38     SchedulerBinding.handleDrawFrame (package:flutter/src/scheduler/binding.dart:1347:9)
#39     AutomatedTestWidgetsFlutterBinding.pump.<anonymous closure> (package:flutter_test/src/binding.dart:1335:9)
#42     TestAsyncUtils.guard (package:flutter_test/src/test_async_utils.dart:74:41)
#43     AutomatedTestWidgetsFlutterBinding.pump (package:flutter_test/src/binding.dart:1324:27)
#44     WidgetTester.pumpAndSettle.<anonymous closure> (package:flutter_test/src/widget_tester.dart:719:23)
#47     TestAsyncUtils.guard (package:flutter_test/src/test_async_utils.dart:74:41)
#48     WidgetTester.pumpAndSettle (package:flutter_test/src/widget_tester.dart:712:27)
#49     main.<anonymous closure> (file:///D:/Mystery/programming/projects/PYTHON_PROJECTS/focus/focus_gg/focus_flutter/test/widget_test.dart:20:18)
<asynchronous suspension>
#50     testWidgets.<anonymous closure>.<anonymous closure> (package:flutter_test/src/widget_tester.dart:192:15)
<asynchronous suspension>
#51     TestWidgetsFlutterBinding._runTestBody (package:flutter_test/src/binding.dart:1059:5)
<asynchronous suspension>
<asynchronous suspension>
(elided 7 frames from class _AssertionError, dart:async, and package:stack_trace)

The following RenderObject was being processed when the exception was fired: RenderConstrainedBox#89b07 relayoutBoundary=up12 NEEDS-LAYOUT NEEDS-PAINT:
  creator: ConstrainedBox ΓåÉ Align ΓåÉ PageContainer ΓåÉ Padding ΓåÉ _SingleChildViewport ΓåÉ
    IgnorePointer-[GlobalKey#2ac55] ΓåÉ Semantics ΓåÉ Listener ΓåÉ _GestureSemantics ΓåÉ
    RawGestureDetector-[LabeledGlobalKey<RawGestureDetectorState>#b16d0] ΓåÉ Listener ΓåÉ _ScrollableScope
    ΓåÉ Γï»
  parentData: offset=Offset(0.0, 0.0) (can use size)
  constraints: BoxConstraints(0.0<=w<=800.0, 0.0<=h<=Infinity)
  size: MISSING
  additionalConstraints: BoxConstraints(0.0<=w<=1120.0, 0.0<=h<=Infinity)
This RenderObject had the following descendants (showing up to depth 5):
    child: RenderPadding#91361 relayoutBoundary=up13 NEEDS-PAINT
      child: RenderFlex#141d3 relayoutBoundary=up14 NEEDS-PAINT
        child 1: RenderFractionalTranslation#3e3c5 relayoutBoundary=up15 NEEDS-PAINT
          child: RenderAnimatedOpacity#376cd relayoutBoundary=up16 NEEDS-PAINT
            child: RenderStack#942f2 relayoutBoundary=up17 NEEDS-PAINT
        child 2: RenderConstrainedBox#86da0 NEEDS-LAYOUT NEEDS-PAINT
        child 3: RenderAnimatedOpacity#c08d6 NEEDS-LAYOUT NEEDS-PAINT
          child: RenderSemanticsGestureHandler#ce73c NEEDS-LAYOUT NEEDS-PAINT
            child: RenderPointerListener#91e90 NEEDS-LAYOUT NEEDS-PAINT
        child 4: RenderConstrainedBox#a5c3d NEEDS-LAYOUT NEEDS-PAINT
        child 5: RenderFractionalTranslation#28703 NEEDS-LAYOUT NEEDS-PAINT
          child: RenderAnimatedOpacity#051b4 NEEDS-LAYOUT NEEDS-PAINT
            child: RenderSemanticsGestureHandler#4fefe NEEDS-LAYOUT NEEDS-PAINT
        child 6: RenderConstrainedBox#0380c NEEDS-LAYOUT NEEDS-PAINT
        child 7: RenderAnimatedOpacity#0f73f NEEDS-LAYOUT NEEDS-PAINT
          child: RenderFlex#70c3c NEEDS-LAYOUT NEEDS-PAINT
            child 1: RenderParagraph#70a78 NEEDS-LAYOUT NEEDS-PAINT
            child 2: RenderSemanticsAnnotations#ad4cd NEEDS-LAYOUT NEEDS-PAINT
        child 8: RenderConstrainedBox#d560d NEEDS-LAYOUT NEEDS-PAINT
        child 9: RenderAnimatedOpacity#0f4f6 NEEDS-LAYOUT NEEDS-PAINT
          child: RenderSemanticsGestureHandler#0bd1a NEEDS-LAYOUT NEEDS-PAINT
            child: RenderPointerListener#30531 NEEDS-LAYOUT NEEDS-PAINT
        child 10: RenderConstrainedBox#fe898 NEEDS-LAYOUT NEEDS-PAINT
        child 11: RenderAnimatedOpacity#bfbeb NEEDS-LAYOUT NEEDS-PAINT
          child: RenderFlex#9184b NEEDS-LAYOUT NEEDS-PAINT
            child 1: RenderParagraph#d268a NEEDS-LAYOUT NEEDS-PAINT
            child 2: RenderSemanticsAnnotations#6f17d NEEDS-LAYOUT NEEDS-PAINT
    ...(descendants list truncated after 25 lines)
ΓòÉΓòÉΓòÉΓòÉΓòÉΓòÉΓòÉΓòÉΓòÉΓòÉΓòÉΓòÉΓòÉΓòÉΓòÉΓòÉΓòÉΓòÉΓòÉΓòÉΓòÉΓòÉΓòÉΓòÉΓòÉΓòÉΓòÉΓòÉΓòÉΓòÉΓòÉΓòÉΓòÉΓòÉΓòÉΓòÉΓòÉΓòÉΓòÉΓòÉΓòÉΓòÉΓòÉΓòÉΓòÉΓòÉΓòÉΓòÉΓòÉΓòÉΓòÉΓòÉΓòÉΓòÉΓòÉΓòÉΓòÉΓòÉΓòÉΓòÉΓòÉΓòÉΓòÉΓòÉΓòÉΓòÉΓòÉΓòÉΓòÉΓòÉΓòÉΓòÉΓòÉΓòÉΓòÉΓòÉΓòÉΓòÉΓòÉΓòÉΓòÉΓòÉΓòÉΓòÉΓòÉΓòÉΓòÉΓòÉΓòÉΓòÉΓòÉΓòÉΓòÉΓòÉΓòÉΓòÉΓòÉΓòÉΓòÉΓòÉ
ΓòÉΓòÉΓòí EXCEPTION CAUGHT BY RENDERING LIBRARY Γò₧ΓòÉΓòÉΓòÉΓòÉΓòÉΓòÉΓòÉΓòÉΓòÉΓòÉΓòÉΓòÉΓòÉΓòÉΓòÉΓòÉΓòÉΓòÉΓòÉΓòÉΓòÉΓòÉΓòÉΓòÉΓòÉΓòÉΓòÉΓòÉΓòÉΓòÉΓòÉΓòÉΓòÉΓòÉΓòÉΓòÉΓòÉΓòÉΓòÉΓòÉΓòÉΓòÉΓòÉΓòÉΓòÉΓòÉΓòÉΓòÉΓòÉΓòÉΓòÉΓòÉΓòÉΓòÉΓòÉΓòÉΓòÉ
The following assertion was thrown during performLayout():
RenderBox was not laid out: RenderConstrainedBox#89b07 relayoutBoundary=up12 NEEDS-PAINT
'package:flutter/src/rendering/box.dart':
Failed assertion: line 2251 pos 12: 'hasSize'

Either the assertion indicates an error in the framework itself, or we should provide substantially
more information in this error message to help you determine and fix the underlying cause.
In either case, please report this assertion by filing a bug on GitHub:
  https://github.com/flutter/flutter/issues/new?template=02_bug.yml

The relevant error-causing widget was:
  Align
  Align:file:///D:/Mystery/programming/projects/PYTHON_PROJECTS/focus/focus_gg/focus_flutter/lib/shared/widgets/page_container.dart:21:12

When the exception was thrown, this was the stack:
#2      RenderBox.size (package:flutter/src/rendering/box.dart:2251:12)
#3      RenderPositionedBox.performLayout (package:flutter/src/rendering/shifted_box.dart:469:37)
#4      RenderObject.layout (package:flutter/src/rendering/object.dart:2775:7)
#5      RenderPadding.performLayout (package:flutter/src/rendering/shifted_box.dart:243:12)
#6      RenderObject.layout (package:flutter/src/rendering/object.dart:2775:7)
#7      _RenderSingleChildViewport.performLayout (package:flutter/src/widgets/single_child_scroll_view.dart:502:14)
#8      RenderObject.layout (package:flutter/src/rendering/object.dart:2775:7)
#9      RenderProxyBoxMixin.performLayout (package:flutter/src/rendering/proxy_box.dart:115:18)
#10     RenderObject.layout (package:flutter/src/rendering/object.dart:2775:7)
#11     RenderProxyBoxMixin.performLayout (package:flutter/src/rendering/proxy_box.dart:115:18)
#12     RenderObject.layout (package:flutter/src/rendering/object.dart:2775:7)
#13     RenderProxyBoxMixin.performLayout (package:flutter/src/rendering/proxy_box.dart:115:18)
#14     RenderObject.layout (package:flutter/src/rendering/object.dart:2775:7)
#15     RenderProxyBoxMixin.performLayout (package:flutter/src/rendering/proxy_box.dart:115:18)
#16     RenderObject.layout (package:flutter/src/rendering/object.dart:2775:7)
#17     RenderProxyBoxMixin.performLayout (package:flutter/src/rendering/proxy_box.dart:115:18)
#18     RenderObject.layout (package:flutter/src/rendering/object.dart:2775:7)
#19     RenderProxyBoxMixin.performLayout (package:flutter/src/rendering/proxy_box.dart:115:18)
#20     RenderObject.layout (package:flutter/src/rendering/object.dart:2775:7)
#21     RenderProxyBoxMixin.performLayout (package:flutter/src/rendering/proxy_box.dart:115:18)
#22     RenderObject.layout (package:flutter/src/rendering/object.dart:2775:7)
#23     RenderProxyBoxMixin.performLayout (package:flutter/src/rendering/proxy_box.dart:115:18)
#24     _RenderCustomClip.performLayout (package:flutter/src/rendering/proxy_box.dart:1481:11)
#25     RenderObject.layout (package:flutter/src/rendering/object.dart:2775:7)
#26     MultiChildLayoutDelegate.layoutChild (package:flutter/src/rendering/custom_layout.dart:180:12)
#27     _ScaffoldLayout.performLayout (package:flutter/src/material/scaffold.dart:1112:7)
#28     MultiChildLayoutDelegate._callPerformLayout (package:flutter/src/rendering/custom_layout.dart:249:7)
#29     RenderCustomMultiChildLayoutBox.performLayout (package:flutter/src/rendering/custom_layout.dart:420:14)
#30     RenderObject._layoutWithoutResize (package:flutter/src/rendering/object.dart:2623:7)
#31     PipelineOwner.flushLayout (package:flutter/src/rendering/object.dart:1170:18)
#32     PipelineOwner.flushLayout (package:flutter/src/rendering/object.dart:1183:15)
#33     AutomatedTestWidgetsFlutterBinding.drawFrame (package:flutter_test/src/binding.dart:1508:27)
#34     RendererBinding._handlePersistentFrameCallback (package:flutter/src/rendering/binding.dart:495:5)
#35     SchedulerBinding._invokeFrameCallback (package:flutter/src/scheduler/binding.dart:1434:15)
#36     SchedulerBinding.handleDrawFrame (package:flutter/src/scheduler/binding.dart:1347:9)
#37     AutomatedTestWidgetsFlutterBinding.pump.<anonymous closure> (package:flutter_test/src/binding.dart:1335:9)
#40     TestAsyncUtils.guard (package:flutter_test/src/test_async_utils.dart:74:41)
#41     AutomatedTestWidgetsFlutterBinding.pump (package:flutter_test/src/binding.dart:1324:27)
#42     WidgetTester.pumpAndSettle.<anonymous closure> (package:flutter_test/src/widget_tester.dart:719:23)
#45     TestAsyncUtils.guard (package:flutter_test/src/test_async_utils.dart:74:41)
#46     WidgetTester.pumpAndSettle (package:flutter_test/src/widget_tester.dart:712:27)
#47     main.<anonymous closure> (file:///D:/Mystery/programming/projects/PYTHON_PROJECTS/focus/focus_gg/focus_flutter/test/widget_test.dart:20:18)
<asynchronous suspension>
#48     testWidgets.<anonymous closure>.<anonymous closure> (package:flutter_test/src/widget_tester.dart:192:15)
<asynchronous suspension>
#49     TestWidgetsFlutterBinding._runTestBody (package:flutter_test/src/binding.dart:1059:5)
<asynchronous suspension>
<asynchronous suspension>
(elided 7 frames from class _AssertionError, dart:async, and package:stack_trace)

The following RenderObject was being processed when the exception was fired: RenderPositionedBox#201c0 relayoutBoundary=up11 NEEDS-LAYOUT NEEDS-PAINT:
  creator: Align ΓåÉ PageContainer ΓåÉ Padding ΓåÉ _SingleChildViewport ΓåÉ IgnorePointer-[GlobalKey#2ac55] ΓåÉ
    Semantics ΓåÉ Listener ΓåÉ _GestureSemantics ΓåÉ
    RawGestureDetector-[LabeledGlobalKey<RawGestureDetectorState>#b16d0] ΓåÉ Listener ΓåÉ _ScrollableScope
    ΓåÉ _ScrollSemantics-[GlobalKey#1fa52] ΓåÉ Γï»
  parentData: offset=Offset(0.0, 0.0) (can use size)
  constraints: BoxConstraints(0.0<=w<=800.0, 0.0<=h<=Infinity)
  size: MISSING
  alignment: Alignment.topCenter
  textDirection: ltr
  widthFactor: expand
  heightFactor: expand
This RenderObject had the following descendants (showing up to depth 5):
    child: RenderConstrainedBox#89b07 relayoutBoundary=up12 NEEDS-PAINT
      child: RenderPadding#91361 relayoutBoundary=up13 NEEDS-PAINT
        child: RenderFlex#141d3 relayoutBoundary=up14 NEEDS-PAINT
          child 1: RenderFractionalTranslation#3e3c5 relayoutBoundary=up15 NEEDS-PAINT
            child: RenderAnimatedOpacity#376cd relayoutBoundary=up16 NEEDS-PAINT
          child 2: RenderConstrainedBox#86da0 NEEDS-LAYOUT NEEDS-PAINT
          child 3: RenderAnimatedOpacity#c08d6 NEEDS-LAYOUT NEEDS-PAINT
            child: RenderSemanticsGestureHandler#ce73c NEEDS-LAYOUT NEEDS-PAINT
          child 4: RenderConstrainedBox#a5c3d NEEDS-LAYOUT NEEDS-PAINT
          child 5: RenderFractionalTranslation#28703 NEEDS-LAYOUT NEEDS-PAINT
            child: RenderAnimatedOpacity#051b4 NEEDS-LAYOUT NEEDS-PAINT
          child 6: RenderConstrainedBox#0380c NEEDS-LAYOUT NEEDS-PAINT
          child 7: RenderAnimatedOpacity#0f73f NEEDS-LAYOUT NEEDS-PAINT
            child: RenderFlex#70c3c NEEDS-LAYOUT NEEDS-PAINT
          child 8: RenderConstrainedBox#d560d NEEDS-LAYOUT NEEDS-PAINT
          child 9: RenderAnimatedOpacity#0f4f6 NEEDS-LAYOUT NEEDS-PAINT
            child: RenderSemanticsGestureHandler#0bd1a NEEDS-LAYOUT NEEDS-PAINT
          child 10: RenderConstrainedBox#fe898 NEEDS-LAYOUT NEEDS-PAINT
          child 11: RenderAnimatedOpacity#bfbeb NEEDS-LAYOUT NEEDS-PAINT
            child: RenderFlex#9184b NEEDS-LAYOUT NEEDS-PAINT
          child 12: RenderConstrainedBox#708d6 NEEDS-LAYOUT NEEDS-PAINT
          child 13: RenderAnimatedOpacity#3dcdb NEEDS-LAYOUT NEEDS-PAINT
            child: RenderWrap#c830f NEEDS-LAYOUT NEEDS-PAINT
ΓòÉΓòÉΓòÉΓòÉΓòÉΓòÉΓòÉΓòÉΓòÉΓòÉΓòÉΓòÉΓòÉΓòÉΓòÉΓòÉΓòÉΓòÉΓòÉΓòÉΓòÉΓòÉΓòÉΓòÉΓòÉΓòÉΓòÉΓòÉΓòÉΓòÉΓòÉΓòÉΓòÉΓòÉΓòÉΓòÉΓòÉΓòÉΓòÉΓòÉΓòÉΓòÉΓòÉΓòÉΓòÉΓòÉΓòÉΓòÉΓòÉΓòÉΓòÉΓòÉΓòÉΓòÉΓòÉΓòÉΓòÉΓòÉΓòÉΓòÉΓòÉΓòÉΓòÉΓòÉΓòÉΓòÉΓòÉΓòÉΓòÉΓòÉΓòÉΓòÉΓòÉΓòÉΓòÉΓòÉΓòÉΓòÉΓòÉΓòÉΓòÉΓòÉΓòÉΓòÉΓòÉΓòÉΓòÉΓòÉΓòÉΓòÉΓòÉΓòÉΓòÉΓòÉΓòÉΓòÉΓòÉΓòÉΓòÉΓòÉ
ΓòÉΓòÉΓòí EXCEPTION CAUGHT BY RENDERING LIBRARY Γò₧ΓòÉΓòÉΓòÉΓòÉΓòÉΓòÉΓòÉΓòÉΓòÉΓòÉΓòÉΓòÉΓòÉΓòÉΓòÉΓòÉΓòÉΓòÉΓòÉΓòÉΓòÉΓòÉΓòÉΓòÉΓòÉΓòÉΓòÉΓòÉΓòÉΓòÉΓòÉΓòÉΓòÉΓòÉΓòÉΓòÉΓòÉΓòÉΓòÉΓòÉΓòÉΓòÉΓòÉΓòÉΓòÉΓòÉΓòÉΓòÉΓòÉΓòÉΓòÉΓòÉΓòÉΓòÉΓòÉΓòÉΓòÉ
The following assertion was thrown during performLayout():
RenderBox was not laid out: RenderPositionedBox#201c0 relayoutBoundary=up11 NEEDS-PAINT
'package:flutter/src/rendering/box.dart':
Failed assertion: line 2251 pos 12: 'hasSize'

Either the assertion indicates an error in the framework itself, or we should provide substantially
more information in this error message to help you determine and fix the underlying cause.
In either case, please report this assertion by filing a bug on GitHub:
  https://github.com/flutter/flutter/issues/new?template=02_bug.yml

The relevant error-causing widget was:
  SingleChildScrollView
  SingleChildScrollView:file:///D:/Mystery/programming/projects/PYTHON_PROJECTS/focus/focus_gg/focus_flutter/lib/features/dashboard/dashboard_screen.dart:132:13

When the exception was thrown, this was the stack:
#2      RenderBox.size (package:flutter/src/rendering/box.dart:2251:12)
#3      RenderPadding.performLayout (package:flutter/src/rendering/shifted_box.dart:247:40)
#4      RenderObject.layout (package:flutter/src/rendering/object.dart:2775:7)
#5      _RenderSingleChildViewport.performLayout (package:flutter/src/widgets/single_child_scroll_view.dart:502:14)
#6      RenderObject.layout (package:flutter/src/rendering/object.dart:2775:7)
#7      RenderProxyBoxMixin.performLayout (package:flutter/src/rendering/proxy_box.dart:115:18)
#8      RenderObject.layout (package:flutter/src/rendering/object.dart:2775:7)
#9      RenderProxyBoxMixin.performLayout (package:flutter/src/rendering/proxy_box.dart:115:18)
#10     RenderObject.layout (package:flutter/src/rendering/object.dart:2775:7)
#11     RenderProxyBoxMixin.performLayout (package:flutter/src/rendering/proxy_box.dart:115:18)
#12     RenderObject.layout (package:flutter/src/rendering/object.dart:2775:7)
#13     RenderProxyBoxMixin.performLayout (package:flutter/src/rendering/proxy_box.dart:115:18)
#14     RenderObject.layout (package:flutter/src/rendering/object.dart:2775:7)
#15     RenderProxyBoxMixin.performLayout (package:flutter/src/rendering/proxy_box.dart:115:18)
#16     RenderObject.layout (package:flutter/src/rendering/object.dart:2775:7)
#17     RenderProxyBoxMixin.performLayout (package:flutter/src/rendering/proxy_box.dart:115:18)
#18     RenderObject.layout (package:flutter/src/rendering/object.dart:2775:7)
#19     RenderProxyBoxMixin.performLayout (package:flutter/src/rendering/proxy_box.dart:115:18)
#20     RenderObject.layout (package:flutter/src/rendering/object.dart:2775:7)
#21     RenderProxyBoxMixin.performLayout (package:flutter/src/rendering/proxy_box.dart:115:18)
#22     _RenderCustomClip.performLayout (package:flutter/src/rendering/proxy_box.dart:1481:11)
#23     RenderObject.layout (package:flutter/src/rendering/object.dart:2775:7)
#24     MultiChildLayoutDelegate.layoutChild (package:flutter/src/rendering/custom_layout.dart:180:12)
#25     _ScaffoldLayout.performLayout (package:flutter/src/material/scaffold.dart:1112:7)
#26     MultiChildLayoutDelegate._callPerformLayout (package:flutter/src/rendering/custom_layout.dart:249:7)
#27     RenderCustomMultiChildLayoutBox.performLayout (package:flutter/src/rendering/custom_layout.dart:420:14)
#28     RenderObject._layoutWithoutResize (package:flutter/src/rendering/object.dart:2623:7)
#29     PipelineOwner.flushLayout (package:flutter/src/rendering/object.dart:1170:18)
#30     PipelineOwner.flushLayout (package:flutter/src/rendering/object.dart:1183:15)
#31     AutomatedTestWidgetsFlutterBinding.drawFrame (package:flutter_test/src/binding.dart:1508:27)
#32     RendererBinding._handlePersistentFrameCallback (package:flutter/src/rendering/binding.dart:495:5)
#33     SchedulerBinding._invokeFrameCallback (package:flutter/src/scheduler/binding.dart:1434:15)
#34     SchedulerBinding.handleDrawFrame (package:flutter/src/scheduler/binding.dart:1347:9)
#35     AutomatedTestWidgetsFlutterBinding.pump.<anonymous closure> (package:flutter_test/src/binding.dart:1335:9)
#38     TestAsyncUtils.guard (package:flutter_test/src/test_async_utils.dart:74:41)
#39     AutomatedTestWidgetsFlutterBinding.pump (package:flutter_test/src/binding.dart:1324:27)
#40     WidgetTester.pumpAndSettle.<anonymous closure> (package:flutter_test/src/widget_tester.dart:719:23)
#43     TestAsyncUtils.guard (package:flutter_test/src/test_async_utils.dart:74:41)
#44     WidgetTester.pumpAndSettle (package:flutter_test/src/widget_tester.dart:712:27)
#45     main.<anonymous closure> (file:///D:/Mystery/programming/projects/PYTHON_PROJECTS/focus/focus_gg/focus_flutter/test/widget_test.dart:20:18)
<asynchronous suspension>
#46     testWidgets.<anonymous closure>.<anonymous closure> (package:flutter_test/src/widget_tester.dart:192:15)
<asynchronous suspension>
#47     TestWidgetsFlutterBinding._runTestBody (package:flutter_test/src/binding.dart:1059:5)
<asynchronous suspension>
<asynchronous suspension>
(elided 7 frames from class _AssertionError, dart:async, and package:stack_trace)

The following RenderObject was being processed when the exception was fired: RenderPadding#05935 relayoutBoundary=up10 NEEDS-LAYOUT NEEDS-PAINT:
  creator: Padding ΓåÉ _SingleChildViewport ΓåÉ IgnorePointer-[GlobalKey#2ac55] ΓåÉ Semantics ΓåÉ Listener ΓåÉ
    _GestureSemantics ΓåÉ RawGestureDetector-[LabeledGlobalKey<RawGestureDetectorState>#b16d0] ΓåÉ
    Listener ΓåÉ _ScrollableScope ΓåÉ _ScrollSemantics-[GlobalKey#1fa52] ΓåÉ
    NotificationListener<ScrollMetricsNotification> ΓåÉ Transform ΓåÉ Γï»
  parentData: <none> (can use size)
  constraints: BoxConstraints(0.0<=w<=800.0, 0.0<=h<=Infinity)
  size: MISSING
  padding: EdgeInsets(0.0, 0.0, 0.0, 96.0)
  textDirection: ltr
This RenderObject had the following descendants (showing up to depth 5):
    child: RenderPositionedBox#201c0 relayoutBoundary=up11 NEEDS-PAINT
      child: RenderConstrainedBox#89b07 relayoutBoundary=up12 NEEDS-PAINT
        child: RenderPadding#91361 relayoutBoundary=up13 NEEDS-PAINT
          child: RenderFlex#141d3 relayoutBoundary=up14 NEEDS-PAINT
            child 1: RenderFractionalTranslation#3e3c5 relayoutBoundary=up15 NEEDS-PAINT
            child 2: RenderConstrainedBox#86da0 NEEDS-LAYOUT NEEDS-PAINT
            child 3: RenderAnimatedOpacity#c08d6 NEEDS-LAYOUT NEEDS-PAINT
            child 4: RenderConstrainedBox#a5c3d NEEDS-LAYOUT NEEDS-PAINT
            child 5: RenderFractionalTranslation#28703 NEEDS-LAYOUT NEEDS-PAINT
            child 6: RenderConstrainedBox#0380c NEEDS-LAYOUT NEEDS-PAINT
            child 7: RenderAnimatedOpacity#0f73f NEEDS-LAYOUT NEEDS-PAINT
            child 8: RenderConstrainedBox#d560d NEEDS-LAYOUT NEEDS-PAINT
            child 9: RenderAnimatedOpacity#0f4f6 NEEDS-LAYOUT NEEDS-PAINT
            child 10: RenderConstrainedBox#fe898 NEEDS-LAYOUT NEEDS-PAINT
            child 11: RenderAnimatedOpacity#bfbeb NEEDS-LAYOUT NEEDS-PAINT
            child 12: RenderConstrainedBox#708d6 NEEDS-LAYOUT NEEDS-PAINT
            child 13: RenderAnimatedOpacity#3dcdb NEEDS-LAYOUT NEEDS-PAINT
ΓòÉΓòÉΓòÉΓòÉΓòÉΓòÉΓòÉΓòÉΓòÉΓòÉΓòÉΓòÉΓòÉΓòÉΓòÉΓòÉΓòÉΓòÉΓòÉΓòÉΓòÉΓòÉΓòÉΓòÉΓòÉΓòÉΓòÉΓòÉΓòÉΓòÉΓòÉΓòÉΓòÉΓòÉΓòÉΓòÉΓòÉΓòÉΓòÉΓòÉΓòÉΓòÉΓòÉΓòÉΓòÉΓòÉΓòÉΓòÉΓòÉΓòÉΓòÉΓòÉΓòÉΓòÉΓòÉΓòÉΓòÉΓòÉΓòÉΓòÉΓòÉΓòÉΓòÉΓòÉΓòÉΓòÉΓòÉΓòÉΓòÉΓòÉΓòÉΓòÉΓòÉΓòÉΓòÉΓòÉΓòÉΓòÉΓòÉΓòÉΓòÉΓòÉΓòÉΓòÉΓòÉΓòÉΓòÉΓòÉΓòÉΓòÉΓòÉΓòÉΓòÉΓòÉΓòÉΓòÉΓòÉΓòÉΓòÉΓòÉ
ΓòÉΓòÉΓòí EXCEPTION CAUGHT BY RENDERING LIBRARY Γò₧ΓòÉΓòÉΓòÉΓòÉΓòÉΓòÉΓòÉΓòÉΓòÉΓòÉΓòÉΓòÉΓòÉΓòÉΓòÉΓòÉΓòÉΓòÉΓòÉΓòÉΓòÉΓòÉΓòÉΓòÉΓòÉΓòÉΓòÉΓòÉΓòÉΓòÉΓòÉΓòÉΓòÉΓòÉΓòÉΓòÉΓòÉΓòÉΓòÉΓòÉΓòÉΓòÉΓòÉΓòÉΓòÉΓòÉΓòÉΓòÉΓòÉΓòÉΓòÉΓòÉΓòÉΓòÉΓòÉΓòÉΓòÉ
The following assertion was thrown during performLayout():
RenderBox was not laid out: RenderPadding#05935 relayoutBoundary=up10 NEEDS-PAINT
'package:flutter/src/rendering/box.dart':
Failed assertion: line 2251 pos 12: 'hasSize'

Either the assertion indicates an error in the framework itself, or we should provide substantially
more information in this error message to help you determine and fix the underlying cause.
In either case, please report this assertion by filing a bug on GitHub:
  https://github.com/flutter/flutter/issues/new?template=02_bug.yml

The relevant error-causing widget was:
  SingleChildScrollView
  SingleChildScrollView:file:///D:/Mystery/programming/projects/PYTHON_PROJECTS/focus/focus_gg/focus_flutter/lib/features/dashboard/dashboard_screen.dart:132:13

When the exception was thrown, this was the stack:
#2      RenderBox.size (package:flutter/src/rendering/box.dart:2251:12)
#3      _RenderSingleChildViewport.performLayout (package:flutter/src/widgets/single_child_scroll_view.dart:503:43)
#4      RenderObject.layout (package:flutter/src/rendering/object.dart:2775:7)
#5      RenderProxyBoxMixin.performLayout (package:flutter/src/rendering/proxy_box.dart:115:18)
#6      RenderObject.layout (package:flutter/src/rendering/object.dart:2775:7)
#7      RenderProxyBoxMixin.performLayout (package:flutter/src/rendering/proxy_box.dart:115:18)
#8      RenderObject.layout (package:flutter/src/rendering/object.dart:2775:7)
#9      RenderProxyBoxMixin.performLayout (package:flutter/src/rendering/proxy_box.dart:115:18)
#10     RenderObject.layout (package:flutter/src/rendering/object.dart:2775:7)
#11     RenderProxyBoxMixin.performLayout (package:flutter/src/rendering/proxy_box.dart:115:18)
#12     RenderObject.layout (package:flutter/src/rendering/object.dart:2775:7)
#13     RenderProxyBoxMixin.performLayout (package:flutter/src/rendering/proxy_box.dart:115:18)
#14     RenderObject.layout (package:flutter/src/rendering/object.dart:2775:7)
#15     RenderProxyBoxMixin.performLayout (package:flutter/src/rendering/proxy_box.dart:115:18)
#16     RenderObject.layout (package:flutter/src/rendering/object.dart:2775:7)
#17     RenderProxyBoxMixin.performLayout (package:flutter/src/rendering/proxy_box.dart:115:18)
#18     RenderObject.layout (package:flutter/src/rendering/object.dart:2775:7)
#19     RenderProxyBoxMixin.performLayout (package:flutter/src/rendering/proxy_box.dart:115:18)
#20     _RenderCustomClip.performLayout (package:flutter/src/rendering/proxy_box.dart:1481:11)
#21     RenderObject.layout (package:flutter/src/rendering/object.dart:2775:7)
#22     MultiChildLayoutDelegate.layoutChild (package:flutter/src/rendering/custom_layout.dart:180:12)
#23     _ScaffoldLayout.performLayout (package:flutter/src/material/scaffold.dart:1112:7)
#24     MultiChildLayoutDelegate._callPerformLayout (package:flutter/src/rendering/custom_layout.dart:249:7)
#25     RenderCustomMultiChildLayoutBox.performLayout (package:flutter/src/rendering/custom_layout.dart:420:14)
#26     RenderObject._layoutWithoutResize (package:flutter/src/rendering/object.dart:2623:7)
#27     PipelineOwner.flushLayout (package:flutter/src/rendering/object.dart:1170:18)
#28     PipelineOwner.flushLayout (package:flutter/src/rendering/object.dart:1183:15)
#29     AutomatedTestWidgetsFlutterBinding.drawFrame (package:flutter_test/src/binding.dart:1508:27)
#30     RendererBinding._handlePersistentFrameCallback (package:flutter/src/rendering/binding.dart:495:5)
#31     SchedulerBinding._invokeFrameCallback (package:flutter/src/scheduler/binding.dart:1434:15)
#32     SchedulerBinding.handleDrawFrame (package:flutter/src/scheduler/binding.dart:1347:9)
#33     AutomatedTestWidgetsFlutterBinding.pump.<anonymous closure> (package:flutter_test/src/binding.dart:1335:9)
#36     TestAsyncUtils.guard (package:flutter_test/src/test_async_utils.dart:74:41)
#37     AutomatedTestWidgetsFlutterBinding.pump (package:flutter_test/src/binding.dart:1324:27)
#38     WidgetTester.pumpAndSettle.<anonymous closure> (package:flutter_test/src/widget_tester.dart:719:23)
#41     TestAsyncUtils.guard (package:flutter_test/src/test_async_utils.dart:74:41)
#42     WidgetTester.pumpAndSettle (package:flutter_test/src/widget_tester.dart:712:27)
#43     main.<anonymous closure> (file:///D:/Mystery/programming/projects/PYTHON_PROJECTS/focus/focus_gg/focus_flutter/test/widget_test.dart:20:18)
<asynchronous suspension>
#44     testWidgets.<anonymous closure>.<anonymous closure> (package:flutter_test/src/widget_tester.dart:192:15)
<asynchronous suspension>
#45     TestWidgetsFlutterBinding._runTestBody (package:flutter_test/src/binding.dart:1059:5)
<asynchronous suspension>
<asynchronous suspension>
(elided 7 frames from class _AssertionError, dart:async, and package:stack_trace)

The following RenderObject was being processed when the exception was fired: _RenderSingleChildViewport#06cd3 relayoutBoundary=up9 NEEDS-LAYOUT NEEDS-PAINT:
  needs compositing
  creator: _SingleChildViewport ΓåÉ IgnorePointer-[GlobalKey#2ac55] ΓåÉ Semantics ΓåÉ Listener ΓåÉ
    _GestureSemantics ΓåÉ RawGestureDetector-[LabeledGlobalKey<RawGestureDetectorState>#b16d0] ΓåÉ
    Listener ΓåÉ _ScrollableScope ΓåÉ _ScrollSemantics-[GlobalKey#1fa52] ΓåÉ
    NotificationListener<ScrollMetricsNotification> ΓåÉ Transform ΓåÉ StretchEffect ΓåÉ Γï»
  parentData: <none> (can use size)
  constraints: BoxConstraints(0.0<=w<=800.0, 0.0<=h<=534.0)
  size: MISSING
  offset: Offset(0.0, -0.0)
This RenderObject had the following descendants (showing up to depth 5):
    child: RenderPadding#05935 relayoutBoundary=up10 NEEDS-PAINT
      child: RenderPositionedBox#201c0 relayoutBoundary=up11 NEEDS-PAINT
        child: RenderConstrainedBox#89b07 relayoutBoundary=up12 NEEDS-PAINT
          child: RenderPadding#91361 relayoutBoundary=up13 NEEDS-PAINT
            child: RenderFlex#141d3 relayoutBoundary=up14 NEEDS-PAINT
ΓòÉΓòÉΓòÉΓòÉΓòÉΓòÉΓòÉΓòÉΓòÉΓòÉΓòÉΓòÉΓòÉΓòÉΓòÉΓòÉΓòÉΓòÉΓòÉΓòÉΓòÉΓòÉΓòÉΓòÉΓòÉΓòÉΓòÉΓòÉΓòÉΓòÉΓòÉΓòÉΓòÉΓòÉΓòÉΓòÉΓòÉΓòÉΓòÉΓòÉΓòÉΓòÉΓòÉΓòÉΓòÉΓòÉΓòÉΓòÉΓòÉΓòÉΓòÉΓòÉΓòÉΓòÉΓòÉΓòÉΓòÉΓòÉΓòÉΓòÉΓòÉΓòÉΓòÉΓòÉΓòÉΓòÉΓòÉΓòÉΓòÉΓòÉΓòÉΓòÉΓòÉΓòÉΓòÉΓòÉΓòÉΓòÉΓòÉΓòÉΓòÉΓòÉΓòÉΓòÉΓòÉΓòÉΓòÉΓòÉΓòÉΓòÉΓòÉΓòÉΓòÉΓòÉΓòÉΓòÉΓòÉΓòÉΓòÉΓòÉ
ΓòÉΓòÉΓòí EXCEPTION CAUGHT BY RENDERING LIBRARY Γò₧ΓòÉΓòÉΓòÉΓòÉΓòÉΓòÉΓòÉΓòÉΓòÉΓòÉΓòÉΓòÉΓòÉΓòÉΓòÉΓòÉΓòÉΓòÉΓòÉΓòÉΓòÉΓòÉΓòÉΓòÉΓòÉΓòÉΓòÉΓòÉΓòÉΓòÉΓòÉΓòÉΓòÉΓòÉΓòÉΓòÉΓòÉΓòÉΓòÉΓòÉΓòÉΓòÉΓòÉΓòÉΓòÉΓòÉΓòÉΓòÉΓòÉΓòÉΓòÉΓòÉΓòÉΓòÉΓòÉΓòÉΓòÉ
The following assertion was thrown during performLayout():
RenderBox was not laid out: _RenderSingleChildViewport#06cd3 relayoutBoundary=up9 NEEDS-PAINT
'package:flutter/src/rendering/box.dart':
Failed assertion: line 2251 pos 12: 'hasSize'

Either the assertion indicates an error in the framework itself, or we should provide substantially
more information in this error message to help you determine and fix the underlying cause.
In either case, please report this assertion by filing a bug on GitHub:
  https://github.com/flutter/flutter/issues/new?template=02_bug.yml

The relevant error-causing widget was:
  SingleChildScrollView
  SingleChildScrollView:file:///D:/Mystery/programming/projects/PYTHON_PROJECTS/focus/focus_gg/focus_flutter/lib/features/dashboard/dashboard_screen.dart:132:13

When the exception was thrown, this was the stack:
#2      RenderBox.size (package:flutter/src/rendering/box.dart:2251:12)
#3      RenderProxyBoxMixin.performLayout (package:flutter/src/rendering/proxy_box.dart:115:62)
#4      RenderObject.layout (package:flutter/src/rendering/object.dart:2775:7)
#5      RenderProxyBoxMixin.performLayout (package:flutter/src/rendering/proxy_box.dart:115:18)
#6      RenderObject.layout (package:flutter/src/rendering/object.dart:2775:7)
#7      RenderProxyBoxMixin.performLayout (package:flutter/src/rendering/proxy_box.dart:115:18)
#8      RenderObject.layout (package:flutter/src/rendering/object.dart:2775:7)
#9      RenderProxyBoxMixin.performLayout (package:flutter/src/rendering/proxy_box.dart:115:18)
#10     RenderObject.layout (package:flutter/src/rendering/object.dart:2775:7)
#11     RenderProxyBoxMixin.performLayout (package:flutter/src/rendering/proxy_box.dart:115:18)
#12     RenderObject.layout (package:flutter/src/rendering/object.dart:2775:7)
#13     RenderProxyBoxMixin.performLayout (package:flutter/src/rendering/proxy_box.dart:115:18)
#14     RenderObject.layout (package:flutter/src/rendering/object.dart:2775:7)
#15     RenderProxyBoxMixin.performLayout (package:flutter/src/rendering/proxy_box.dart:115:18)
#16     RenderObject.layout (package:flutter/src/rendering/object.dart:2775:7)
#17     RenderProxyBoxMixin.performLayout (package:flutter/src/rendering/proxy_box.dart:115:18)
#18     _RenderCustomClip.performLayout (package:flutter/src/rendering/proxy_box.dart:1481:11)
#19     RenderObject.layout (package:flutter/src/rendering/object.dart:2775:7)
#20     MultiChildLayoutDelegate.layoutChild (package:flutter/src/rendering/custom_layout.dart:180:12)
#21     _ScaffoldLayout.performLayout (package:flutter/src/material/scaffold.dart:1112:7)
#22     MultiChildLayoutDelegate._callPerformLayout (package:flutter/src/rendering/custom_layout.dart:249:7)
#23     RenderCustomMultiChildLayoutBox.performLayout (package:flutter/src/rendering/custom_layout.dart:420:14)
#24     RenderObject._layoutWithoutResize (package:flutter/src/rendering/object.dart:2623:7)
#25     PipelineOwner.flushLayout (package:flutter/src/rendering/object.dart:1170:18)
#26     PipelineOwner.flushLayout (package:flutter/src/rendering/object.dart:1183:15)
#27     AutomatedTestWidgetsFlutterBinding.drawFrame (package:flutter_test/src/binding.dart:1508:27)
#28     RendererBinding._handlePersistentFrameCallback (package:flutter/src/rendering/binding.dart:495:5)
#29     SchedulerBinding._invokeFrameCallback (package:flutter/src/scheduler/binding.dart:1434:15)
#30     SchedulerBinding.handleDrawFrame (package:flutter/src/scheduler/binding.dart:1347:9)
#31     AutomatedTestWidgetsFlutterBinding.pump.<anonymous closure> (package:flutter_test/src/binding.dart:1335:9)
#34     TestAsyncUtils.guard (package:flutter_test/src/test_async_utils.dart:74:41)
#35     AutomatedTestWidgetsFlutterBinding.pump (package:flutter_test/src/binding.dart:1324:27)
#36     WidgetTester.pumpAndSettle.<anonymous closure> (package:flutter_test/src/widget_tester.dart:719:23)
#39     TestAsyncUtils.guard (package:flutter_test/src/test_async_utils.dart:74:41)
#40     WidgetTester.pumpAndSettle (package:flutter_test/src/widget_tester.dart:712:27)
#41     main.<anonymous closure> (file:///D:/Mystery/programming/projects/PYTHON_PROJECTS/focus/focus_gg/focus_flutter/test/widget_test.dart:20:18)
<asynchronous suspension>
#42     testWidgets.<anonymous closure>.<anonymous closure> (package:flutter_test/src/widget_tester.dart:192:15)
<asynchronous suspension>
#43     TestWidgetsFlutterBinding._runTestBody (package:flutter_test/src/binding.dart:1059:5)
<asynchronous suspension>
<asynchronous suspension>
(elided 7 frames from class _AssertionError, dart:async, and package:stack_trace)

The following RenderObject was being processed when the exception was fired: RenderIgnorePointer#2211b relayoutBoundary=up8 NEEDS-LAYOUT NEEDS-PAINT:
  needs compositing
  creator: IgnorePointer-[GlobalKey#2ac55] ΓåÉ Semantics ΓåÉ Listener ΓåÉ _GestureSemantics ΓåÉ
    RawGestureDetector-[LabeledGlobalKey<RawGestureDetectorState>#b16d0] ΓåÉ Listener ΓåÉ _ScrollableScope
    ΓåÉ _ScrollSemantics-[GlobalKey#1fa52] ΓåÉ NotificationListener<ScrollMetricsNotification> ΓåÉ Transform
    ΓåÉ StretchEffect ΓåÉ ClipRect ΓåÉ Γï»
  parentData: <none> (can use size)
  constraints: BoxConstraints(0.0<=w<=800.0, 0.0<=h<=534.0)
  size: MISSING
  ignoring: false
  ignoringSemantics: null
This RenderObject had the following descendants (showing up to depth 5):
    child: _RenderSingleChildViewport#06cd3 relayoutBoundary=up9 NEEDS-PAINT
      child: RenderPadding#05935 relayoutBoundary=up10 NEEDS-PAINT
        child: RenderPositionedBox#201c0 relayoutBoundary=up11 NEEDS-PAINT
          child: RenderConstrainedBox#89b07 relayoutBoundary=up12 NEEDS-PAINT
            child: RenderPadding#91361 relayoutBoundary=up13 NEEDS-PAINT
ΓòÉΓòÉΓòÉΓòÉΓòÉΓòÉΓòÉΓòÉΓòÉΓòÉΓòÉΓòÉΓòÉΓòÉΓòÉΓòÉΓòÉΓòÉΓòÉΓòÉΓòÉΓòÉΓòÉΓòÉΓòÉΓòÉΓòÉΓòÉΓòÉΓòÉΓòÉΓòÉΓòÉΓòÉΓòÉΓòÉΓòÉΓòÉΓòÉΓòÉΓòÉΓòÉΓòÉΓòÉΓòÉΓòÉΓòÉΓòÉΓòÉΓòÉΓòÉΓòÉΓòÉΓòÉΓòÉΓòÉΓòÉΓòÉΓòÉΓòÉΓòÉΓòÉΓòÉΓòÉΓòÉΓòÉΓòÉΓòÉΓòÉΓòÉΓòÉΓòÉΓòÉΓòÉΓòÉΓòÉΓòÉΓòÉΓòÉΓòÉΓòÉΓòÉΓòÉΓòÉΓòÉΓòÉΓòÉΓòÉΓòÉΓòÉΓòÉΓòÉΓòÉΓòÉΓòÉΓòÉΓòÉΓòÉΓòÉΓòÉ
ΓòÉΓòÉΓòí EXCEPTION CAUGHT BY RENDERING LIBRARY Γò₧ΓòÉΓòÉΓòÉΓòÉΓòÉΓòÉΓòÉΓòÉΓòÉΓòÉΓòÉΓòÉΓòÉΓòÉΓòÉΓòÉΓòÉΓòÉΓòÉΓòÉΓòÉΓòÉΓòÉΓòÉΓòÉΓòÉΓòÉΓòÉΓòÉΓòÉΓòÉΓòÉΓòÉΓòÉΓòÉΓòÉΓòÉΓòÉΓòÉΓòÉΓòÉΓòÉΓòÉΓòÉΓòÉΓòÉΓòÉΓòÉΓòÉΓòÉΓòÉΓòÉΓòÉΓòÉΓòÉΓòÉΓòÉ
The following assertion was thrown during performLayout():
RenderBox was not laid out: RenderIgnorePointer#2211b relayoutBoundary=up8 NEEDS-PAINT
'package:flutter/src/rendering/box.dart':
Failed assertion: line 2251 pos 12: 'hasSize'

Either the assertion indicates an error in the framework itself, or we should provide substantially
more information in this error message to help you determine and fix the underlying cause.
In either case, please report this assertion by filing a bug on GitHub:
  https://github.com/flutter/flutter/issues/new?template=02_bug.yml

The relevant error-causing widget was:
  SingleChildScrollView
  SingleChildScrollView:file:///D:/Mystery/programming/projects/PYTHON_PROJECTS/focus/focus_gg/focus_flutter/lib/features/dashboard/dashboard_screen.dart:132:13

When the exception was thrown, this was the stack:
#2      RenderBox.size (package:flutter/src/rendering/box.dart:2251:12)
#3      RenderProxyBoxMixin.performLayout (package:flutter/src/rendering/proxy_box.dart:115:62)
#4      RenderObject.layout (package:flutter/src/rendering/object.dart:2775:7)
#5      RenderProxyBoxMixin.performLayout (package:flutter/src/rendering/proxy_box.dart:115:18)
#6      RenderObject.layout (package:flutter/src/rendering/object.dart:2775:7)
#7      RenderProxyBoxMixin.performLayout (package:flutter/src/rendering/proxy_box.dart:115:18)
#8      RenderObject.layout (package:flutter/src/rendering/object.dart:2775:7)
#9      RenderProxyBoxMixin.performLayout (package:flutter/src/rendering/proxy_box.dart:115:18)
#10     RenderObject.layout (package:flutter/src/rendering/object.dart:2775:7)
#11     RenderProxyBoxMixin.performLayout (package:flutter/src/rendering/proxy_box.dart:115:18)
#12     RenderObject.layout (package:flutter/src/rendering/object.dart:2775:7)
#13     RenderProxyBoxMixin.performLayout (package:flutter/src/rendering/proxy_box.dart:115:18)
#14     RenderObject.layout (package:flutter/src/rendering/object.dart:2775:7)
#15     RenderProxyBoxMixin.performLayout (package:flutter/src/rendering/proxy_box.dart:115:18)
#16     _RenderCustomClip.performLayout (package:flutter/src/rendering/proxy_box.dart:1481:11)
#17     RenderObject.layout (package:flutter/src/rendering/object.dart:2775:7)
#18     MultiChildLayoutDelegate.layoutChild (package:flutter/src/rendering/custom_layout.dart:180:12)
#19     _ScaffoldLayout.performLayout (package:flutter/src/material/scaffold.dart:1112:7)
#20     MultiChildLayoutDelegate._callPerformLayout (package:flutter/src/rendering/custom_layout.dart:249:7)
#21     RenderCustomMultiChildLayoutBox.performLayout (package:flutter/src/rendering/custom_layout.dart:420:14)
#22     RenderObject._layoutWithoutResize (package:flutter/src/rendering/object.dart:2623:7)
#23     PipelineOwner.flushLayout (package:flutter/src/rendering/object.dart:1170:18)
#24     PipelineOwner.flushLayout (package:flutter/src/rendering/object.dart:1183:15)
#25     AutomatedTestWidgetsFlutterBinding.drawFrame (package:flutter_test/src/binding.dart:1508:27)
#26     RendererBinding._handlePersistentFrameCallback (package:flutter/src/rendering/binding.dart:495:5)
#27     SchedulerBinding._invokeFrameCallback (package:flutter/src/scheduler/binding.dart:1434:15)
#28     SchedulerBinding.handleDrawFrame (package:flutter/src/scheduler/binding.dart:1347:9)
#29     AutomatedTestWidgetsFlutterBinding.pump.<anonymous closure> (package:flutter_test/src/binding.dart:1335:9)
#32     TestAsyncUtils.guard (package:flutter_test/src/test_async_utils.dart:74:41)
#33     AutomatedTestWidgetsFlutterBinding.pump (package:flutter_test/src/binding.dart:1324:27)
#34     WidgetTester.pumpAndSettle.<anonymous closure> (package:flutter_test/src/widget_tester.dart:719:23)
#37     TestAsyncUtils.guard (package:flutter_test/src/test_async_utils.dart:74:41)
#38     WidgetTester.pumpAndSettle (package:flutter_test/src/widget_tester.dart:712:27)
#39     main.<anonymous closure> (file:///D:/Mystery/programming/projects/PYTHON_PROJECTS/focus/focus_gg/focus_flutter/test/widget_test.dart:20:18)
<asynchronous suspension>
#40     testWidgets.<anonymous closure>.<anonymous closure> (package:flutter_test/src/widget_tester.dart:192:15)
<asynchronous suspension>
#41     TestWidgetsFlutterBinding._runTestBody (package:flutter_test/src/binding.dart:1059:5)
<asynchronous suspension>
<asynchronous suspension>
(elided 7 frames from class _AssertionError, dart:async, and package:stack_trace)

The following RenderObject was being processed when the exception was fired: RenderSemanticsAnnotations#4d9bb relayoutBoundary=up7 NEEDS-LAYOUT NEEDS-PAINT:
  needs compositing
  creator: Semantics ΓåÉ Listener ΓåÉ _GestureSemantics ΓåÉ
    RawGestureDetector-[LabeledGlobalKey<RawGestureDetectorState>#b16d0] ΓåÉ Listener ΓåÉ _ScrollableScope
    ΓåÉ _ScrollSemantics-[GlobalKey#1fa52] ΓåÉ NotificationListener<ScrollMetricsNotification> ΓåÉ Transform
    ΓåÉ StretchEffect ΓåÉ ClipRect ΓåÉ AnimatedBuilder ΓåÉ Γï»
  parentData: <none> (can use size)
  constraints: BoxConstraints(0.0<=w<=800.0, 0.0<=h<=534.0)
  size: MISSING
This RenderObject had the following descendants (showing up to depth 5):
    child: RenderIgnorePointer#2211b relayoutBoundary=up8 NEEDS-PAINT
      child: _RenderSingleChildViewport#06cd3 relayoutBoundary=up9 NEEDS-PAINT
        child: RenderPadding#05935 relayoutBoundary=up10 NEEDS-PAINT
          child: RenderPositionedBox#201c0 relayoutBoundary=up11 NEEDS-PAINT
            child: RenderConstrainedBox#89b07 relayoutBoundary=up12 NEEDS-PAINT
ΓòÉΓòÉΓòÉΓòÉΓòÉΓòÉΓòÉΓòÉΓòÉΓòÉΓòÉΓòÉΓòÉΓòÉΓòÉΓòÉΓòÉΓòÉΓòÉΓòÉΓòÉΓòÉΓòÉΓòÉΓòÉΓòÉΓòÉΓòÉΓòÉΓòÉΓòÉΓòÉΓòÉΓòÉΓòÉΓòÉΓòÉΓòÉΓòÉΓòÉΓòÉΓòÉΓòÉΓòÉΓòÉΓòÉΓòÉΓòÉΓòÉΓòÉΓòÉΓòÉΓòÉΓòÉΓòÉΓòÉΓòÉΓòÉΓòÉΓòÉΓòÉΓòÉΓòÉΓòÉΓòÉΓòÉΓòÉΓòÉΓòÉΓòÉΓòÉΓòÉΓòÉΓòÉΓòÉΓòÉΓòÉΓòÉΓòÉΓòÉΓòÉΓòÉΓòÉΓòÉΓòÉΓòÉΓòÉΓòÉΓòÉΓòÉΓòÉΓòÉΓòÉΓòÉΓòÉΓòÉΓòÉΓòÉΓòÉΓòÉ
ΓòÉΓòÉΓòí EXCEPTION CAUGHT BY RENDERING LIBRARY Γò₧ΓòÉΓòÉΓòÉΓòÉΓòÉΓòÉΓòÉΓòÉΓòÉΓòÉΓòÉΓòÉΓòÉΓòÉΓòÉΓòÉΓòÉΓòÉΓòÉΓòÉΓòÉΓòÉΓòÉΓòÉΓòÉΓòÉΓòÉΓòÉΓòÉΓòÉΓòÉΓòÉΓòÉΓòÉΓòÉΓòÉΓòÉΓòÉΓòÉΓòÉΓòÉΓòÉΓòÉΓòÉΓòÉΓòÉΓòÉΓòÉΓòÉΓòÉΓòÉΓòÉΓòÉΓòÉΓòÉΓòÉΓòÉ
The following assertion was thrown during performLayout():
RenderBox was not laid out: RenderSemanticsAnnotations#4d9bb relayoutBoundary=up7 NEEDS-PAINT
'package:flutter/src/rendering/box.dart':
Failed assertion: line 2251 pos 12: 'hasSize'

Either the assertion indicates an error in the framework itself, or we should provide substantially
more information in this error message to help you determine and fix the underlying cause.
In either case, please report this assertion by filing a bug on GitHub:
  https://github.com/flutter/flutter/issues/new?template=02_bug.yml

The relevant error-causing widget was:
  SingleChildScrollView
  SingleChildScrollView:file:///D:/Mystery/programming/projects/PYTHON_PROJECTS/focus/focus_gg/focus_flutter/lib/features/dashboard/dashboard_screen.dart:132:13

When the exception was thrown, this was the stack:
#2      RenderBox.size (package:flutter/src/rendering/box.dart:2251:12)
#3      RenderProxyBoxMixin.performLayout (package:flutter/src/rendering/proxy_box.dart:115:62)
#4      RenderObject.layout (package:flutter/src/rendering/object.dart:2775:7)
#5      RenderProxyBoxMixin.performLayout (package:flutter/src/rendering/proxy_box.dart:115:18)
#6      RenderObject.layout (package:flutter/src/rendering/object.dart:2775:7)
#7      RenderProxyBoxMixin.performLayout (package:flutter/src/rendering/proxy_box.dart:115:18)
#8      RenderObject.layout (package:flutter/src/rendering/object.dart:2775:7)
#9      RenderProxyBoxMixin.performLayout (package:flutter/src/rendering/proxy_box.dart:115:18)
#10     RenderObject.layout (package:flutter/src/rendering/object.dart:2775:7)
#11     RenderProxyBoxMixin.performLayout (package:flutter/src/rendering/proxy_box.dart:115:18)
#12     RenderObject.layout (package:flutter/src/rendering/object.dart:2775:7)
#13     RenderProxyBoxMixin.performLayout (package:flutter/src/rendering/proxy_box.dart:115:18)
#14     _RenderCustomClip.performLayout (package:flutter/src/rendering/proxy_box.dart:1481:11)
#15     RenderObject.layout (package:flutter/src/rendering/object.dart:2775:7)
#16     MultiChildLayoutDelegate.layoutChild (package:flutter/src/rendering/custom_layout.dart:180:12)
#17     _ScaffoldLayout.performLayout (package:flutter/src/material/scaffold.dart:1112:7)
#18     MultiChildLayoutDelegate._callPerformLayout (package:flutter/src/rendering/custom_layout.dart:249:7)
#19     RenderCustomMultiChildLayoutBox.performLayout (package:flutter/src/rendering/custom_layout.dart:420:14)
#20     RenderObject._layoutWithoutResize (package:flutter/src/rendering/object.dart:2623:7)
#21     PipelineOwner.flushLayout (package:flutter/src/rendering/object.dart:1170:18)
#22     PipelineOwner.flushLayout (package:flutter/src/rendering/object.dart:1183:15)
#23     AutomatedTestWidgetsFlutterBinding.drawFrame (package:flutter_test/src/binding.dart:1508:27)
#24     RendererBinding._handlePersistentFrameCallback (package:flutter/src/rendering/binding.dart:495:5)
#25     SchedulerBinding._invokeFrameCallback (package:flutter/src/scheduler/binding.dart:1434:15)
#26     SchedulerBinding.handleDrawFrame (package:flutter/src/scheduler/binding.dart:1347:9)
#27     AutomatedTestWidgetsFlutterBinding.pump.<anonymous closure> (package:flutter_test/src/binding.dart:1335:9)
#30     TestAsyncUtils.guard (package:flutter_test/src/test_async_utils.dart:74:41)
#31     AutomatedTestWidgetsFlutterBinding.pump (package:flutter_test/src/binding.dart:1324:27)
#32     WidgetTester.pumpAndSettle.<anonymous closure> (package:flutter_test/src/widget_tester.dart:719:23)
#35     TestAsyncUtils.guard (package:flutter_test/src/test_async_utils.dart:74:41)
#36     WidgetTester.pumpAndSettle (package:flutter_test/src/widget_tester.dart:712:27)
#37     main.<anonymous closure> (file:///D:/Mystery/programming/projects/PYTHON_PROJECTS/focus/focus_gg/focus_flutter/test/widget_test.dart:20:18)
<asynchronous suspension>
#38     testWidgets.<anonymous closure>.<anonymous closure> (package:flutter_test/src/widget_tester.dart:192:15)
<asynchronous suspension>
#39     TestWidgetsFlutterBinding._runTestBody (package:flutter_test/src/binding.dart:1059:5)
<asynchronous suspension>
<asynchronous suspension>
(elided 7 frames from class _AssertionError, dart:async, and package:stack_trace)

The following RenderObject was being processed when the exception was fired: RenderPointerListener#6d0ca relayoutBoundary=up6 NEEDS-LAYOUT NEEDS-PAINT:
  needs compositing
  creator: Listener ΓåÉ _GestureSemantics ΓåÉ
    RawGestureDetector-[LabeledGlobalKey<RawGestureDetectorState>#b16d0] ΓåÉ Listener ΓåÉ _ScrollableScope
    ΓåÉ _ScrollSemantics-[GlobalKey#1fa52] ΓåÉ NotificationListener<ScrollMetricsNotification> ΓåÉ Transform
    ΓåÉ StretchEffect ΓåÉ ClipRect ΓåÉ AnimatedBuilder ΓåÉ NotificationListener<ScrollNotification> ΓåÉ Γï»
  parentData: <none> (can use size)
  constraints: BoxConstraints(0.0<=w<=800.0, 0.0<=h<=534.0)
  size: MISSING
  behavior: opaque
  listeners: down, panZoomStart
This RenderObject had the following descendants (showing up to depth 5):
    child: RenderSemanticsAnnotations#4d9bb relayoutBoundary=up7 NEEDS-PAINT
      child: RenderIgnorePointer#2211b relayoutBoundary=up8 NEEDS-PAINT
        child: _RenderSingleChildViewport#06cd3 relayoutBoundary=up9 NEEDS-PAINT
          child: RenderPadding#05935 relayoutBoundary=up10 NEEDS-PAINT
            child: RenderPositionedBox#201c0 relayoutBoundary=up11 NEEDS-PAINT
ΓòÉΓòÉΓòÉΓòÉΓòÉΓòÉΓòÉΓòÉΓòÉΓòÉΓòÉΓòÉΓòÉΓòÉΓòÉΓòÉΓòÉΓòÉΓòÉΓòÉΓòÉΓòÉΓòÉΓòÉΓòÉΓòÉΓòÉΓòÉΓòÉΓòÉΓòÉΓòÉΓòÉΓòÉΓòÉΓòÉΓòÉΓòÉΓòÉΓòÉΓòÉΓòÉΓòÉΓòÉΓòÉΓòÉΓòÉΓòÉΓòÉΓòÉΓòÉΓòÉΓòÉΓòÉΓòÉΓòÉΓòÉΓòÉΓòÉΓòÉΓòÉΓòÉΓòÉΓòÉΓòÉΓòÉΓòÉΓòÉΓòÉΓòÉΓòÉΓòÉΓòÉΓòÉΓòÉΓòÉΓòÉΓòÉΓòÉΓòÉΓòÉΓòÉΓòÉΓòÉΓòÉΓòÉΓòÉΓòÉΓòÉΓòÉΓòÉΓòÉΓòÉΓòÉΓòÉΓòÉΓòÉΓòÉΓòÉΓòÉ
ΓòÉΓòÉΓòí EXCEPTION CAUGHT BY RENDERING LIBRARY Γò₧ΓòÉΓòÉΓòÉΓòÉΓòÉΓòÉΓòÉΓòÉΓòÉΓòÉΓòÉΓòÉΓòÉΓòÉΓòÉΓòÉΓòÉΓòÉΓòÉΓòÉΓòÉΓòÉΓòÉΓòÉΓòÉΓòÉΓòÉΓòÉΓòÉΓòÉΓòÉΓòÉΓòÉΓòÉΓòÉΓòÉΓòÉΓòÉΓòÉΓòÉΓòÉΓòÉΓòÉΓòÉΓòÉΓòÉΓòÉΓòÉΓòÉΓòÉΓòÉΓòÉΓòÉΓòÉΓòÉΓòÉΓòÉ
The following assertion was thrown during performLayout():
RenderBox was not laid out: RenderPointerListener#6d0ca relayoutBoundary=up6 NEEDS-PAINT
'package:flutter/src/rendering/box.dart':
Failed assertion: line 2251 pos 12: 'hasSize'

Either the assertion indicates an error in the framework itself, or we should provide substantially
more information in this error message to help you determine and fix the underlying cause.
In either case, please report this assertion by filing a bug on GitHub:
  https://github.com/flutter/flutter/issues/new?template=02_bug.yml

The relevant error-causing widget was:
  SingleChildScrollView
  SingleChildScrollView:file:///D:/Mystery/programming/projects/PYTHON_PROJECTS/focus/focus_gg/focus_flutter/lib/features/dashboard/dashboard_screen.dart:132:13

When the exception was thrown, this was the stack:
#2      RenderBox.size (package:flutter/src/rendering/box.dart:2251:12)
#3      RenderProxyBoxMixin.performLayout (package:flutter/src/rendering/proxy_box.dart:115:62)
#4      RenderObject.layout (package:flutter/src/rendering/object.dart:2775:7)
#5      RenderProxyBoxMixin.performLayout (package:flutter/src/rendering/proxy_box.dart:115:18)
#6      RenderObject.layout (package:flutter/src/rendering/object.dart:2775:7)
#7      RenderProxyBoxMixin.performLayout (package:flutter/src/rendering/proxy_box.dart:115:18)
#8      RenderObject.layout (package:flutter/src/rendering/object.dart:2775:7)
#9      RenderProxyBoxMixin.performLayout (package:flutter/src/rendering/proxy_box.dart:115:18)
#10     RenderObject.layout (package:flutter/src/rendering/object.dart:2775:7)
#11     RenderProxyBoxMixin.performLayout (package:flutter/src/rendering/proxy_box.dart:115:18)
#12     _RenderCustomClip.performLayout (package:flutter/src/rendering/proxy_box.dart:1481:11)
#13     RenderObject.layout (package:flutter/src/rendering/object.dart:2775:7)
#14     MultiChildLayoutDelegate.layoutChild (package:flutter/src/rendering/custom_layout.dart:180:12)
#15     _ScaffoldLayout.performLayout (package:flutter/src/material/scaffold.dart:1112:7)
#16     MultiChildLayoutDelegate._callPerformLayout (package:flutter/src/rendering/custom_layout.dart:249:7)
#17     RenderCustomMultiChildLayoutBox.performLayout (package:flutter/src/rendering/custom_layout.dart:420:14)
#18     RenderObject._layoutWithoutResize (package:flutter/src/rendering/object.dart:2623:7)
#19     PipelineOwner.flushLayout (package:flutter/src/rendering/object.dart:1170:18)
#20     PipelineOwner.flushLayout (package:flutter/src/rendering/object.dart:1183:15)
#21     AutomatedTestWidgetsFlutterBinding.drawFrame (package:flutter_test/src/binding.dart:1508:27)
#22     RendererBinding._handlePersistentFrameCallback (package:flutter/src/rendering/binding.dart:495:5)
#23     SchedulerBinding._invokeFrameCallback (package:flutter/src/scheduler/binding.dart:1434:15)
#24     SchedulerBinding.handleDrawFrame (package:flutter/src/scheduler/binding.dart:1347:9)
#25     AutomatedTestWidgetsFlutterBinding.pump.<anonymous closure> (package:flutter_test/src/binding.dart:1335:9)
#28     TestAsyncUtils.guard (package:flutter_test/src/test_async_utils.dart:74:41)
#29     AutomatedTestWidgetsFlutterBinding.pump (package:flutter_test/src/binding.dart:1324:27)
#30     WidgetTester.pumpAndSettle.<anonymous closure> (package:flutter_test/src/widget_tester.dart:719:23)
#33     TestAsyncUtils.guard (package:flutter_test/src/test_async_utils.dart:74:41)
#34     WidgetTester.pumpAndSettle (package:flutter_test/src/widget_tester.dart:712:27)
#35     main.<anonymous closure> (file:///D:/Mystery/programming/projects/PYTHON_PROJECTS/focus/focus_gg/focus_flutter/test/widget_test.dart:20:18)
<asynchronous suspension>
#36     testWidgets.<anonymous closure>.<anonymous closure> (package:flutter_test/src/widget_tester.dart:192:15)
<asynchronous suspension>
#37     TestWidgetsFlutterBinding._runTestBody (package:flutter_test/src/binding.dart:1059:5)
<asynchronous suspension>
<asynchronous suspension>
(elided 7 frames from class _AssertionError, dart:async, and package:stack_trace)

The following RenderObject was being processed when the exception was fired: RenderSemanticsGestureHandler#bece2 relayoutBoundary=up5 NEEDS-LAYOUT NEEDS-PAINT:
  needs compositing
  creator: _GestureSemantics ΓåÉ RawGestureDetector-[LabeledGlobalKey<RawGestureDetectorState>#b16d0] ΓåÉ
    Listener ΓåÉ _ScrollableScope ΓåÉ _ScrollSemantics-[GlobalKey#1fa52] ΓåÉ
    NotificationListener<ScrollMetricsNotification> ΓåÉ Transform ΓåÉ StretchEffect ΓåÉ ClipRect ΓåÉ
    AnimatedBuilder ΓåÉ NotificationListener<ScrollNotification> ΓåÉ StretchingOverscrollIndicator ΓåÉ Γï»
  parentData: <none> (can use size)
  constraints: BoxConstraints(0.0<=w<=800.0, 0.0<=h<=534.0)
  size: MISSING
  behavior: opaque
  gestures: <none>
This RenderObject had the following descendants (showing up to depth 5):
    child: RenderPointerListener#6d0ca relayoutBoundary=up6 NEEDS-PAINT
      child: RenderSemanticsAnnotations#4d9bb relayoutBoundary=up7 NEEDS-PAINT
        child: RenderIgnorePointer#2211b relayoutBoundary=up8 NEEDS-PAINT
          child: _RenderSingleChildViewport#06cd3 relayoutBoundary=up9 NEEDS-PAINT
            child: RenderPadding#05935 relayoutBoundary=up10 NEEDS-PAINT
ΓòÉΓòÉΓòÉΓòÉΓòÉΓòÉΓòÉΓòÉΓòÉΓòÉΓòÉΓòÉΓòÉΓòÉΓòÉΓòÉΓòÉΓòÉΓòÉΓòÉΓòÉΓòÉΓòÉΓòÉΓòÉΓòÉΓòÉΓòÉΓòÉΓòÉΓòÉΓòÉΓòÉΓòÉΓòÉΓòÉΓòÉΓòÉΓòÉΓòÉΓòÉΓòÉΓòÉΓòÉΓòÉΓòÉΓòÉΓòÉΓòÉΓòÉΓòÉΓòÉΓòÉΓòÉΓòÉΓòÉΓòÉΓòÉΓòÉΓòÉΓòÉΓòÉΓòÉΓòÉΓòÉΓòÉΓòÉΓòÉΓòÉΓòÉΓòÉΓòÉΓòÉΓòÉΓòÉΓòÉΓòÉΓòÉΓòÉΓòÉΓòÉΓòÉΓòÉΓòÉΓòÉΓòÉΓòÉΓòÉΓòÉΓòÉΓòÉΓòÉΓòÉΓòÉΓòÉΓòÉΓòÉΓòÉΓòÉΓòÉ
ΓòÉΓòÉΓòí EXCEPTION CAUGHT BY RENDERING LIBRARY Γò₧ΓòÉΓòÉΓòÉΓòÉΓòÉΓòÉΓòÉΓòÉΓòÉΓòÉΓòÉΓòÉΓòÉΓòÉΓòÉΓòÉΓòÉΓòÉΓòÉΓòÉΓòÉΓòÉΓòÉΓòÉΓòÉΓòÉΓòÉΓòÉΓòÉΓòÉΓòÉΓòÉΓòÉΓòÉΓòÉΓòÉΓòÉΓòÉΓòÉΓòÉΓòÉΓòÉΓòÉΓòÉΓòÉΓòÉΓòÉΓòÉΓòÉΓòÉΓòÉΓòÉΓòÉΓòÉΓòÉΓòÉΓòÉ
The following assertion was thrown during performLayout():
RenderBox was not laid out: RenderSemanticsGestureHandler#bece2 relayoutBoundary=up5 NEEDS-PAINT
'package:flutter/src/rendering/box.dart':
Failed assertion: line 2251 pos 12: 'hasSize'

Either the assertion indicates an error in the framework itself, or we should provide substantially
more information in this error message to help you determine and fix the underlying cause.
In either case, please report this assertion by filing a bug on GitHub:
  https://github.com/flutter/flutter/issues/new?template=02_bug.yml

The relevant error-causing widget was:
  SingleChildScrollView
  SingleChildScrollView:file:///D:/Mystery/programming/projects/PYTHON_PROJECTS/focus/focus_gg/focus_flutter/lib/features/dashboard/dashboard_screen.dart:132:13

When the exception was thrown, this was the stack:
#2      RenderBox.size (package:flutter/src/rendering/box.dart:2251:12)
#3      RenderProxyBoxMixin.performLayout (package:flutter/src/rendering/proxy_box.dart:115:62)
#4      RenderObject.layout (package:flutter/src/rendering/object.dart:2775:7)
#5      RenderProxyBoxMixin.performLayout (package:flutter/src/rendering/proxy_box.dart:115:18)
#6      RenderObject.layout (package:flutter/src/rendering/object.dart:2775:7)
#7      RenderProxyBoxMixin.performLayout (package:flutter/src/rendering/proxy_box.dart:115:18)
#8      RenderObject.layout (package:flutter/src/rendering/object.dart:2775:7)
#9      RenderProxyBoxMixin.performLayout (package:flutter/src/rendering/proxy_box.dart:115:18)
#10     _RenderCustomClip.performLayout (package:flutter/src/rendering/proxy_box.dart:1481:11)
#11     RenderObject.layout (package:flutter/src/rendering/object.dart:2775:7)
#12     MultiChildLayoutDelegate.layoutChild (package:flutter/src/rendering/custom_layout.dart:180:12)
#13     _ScaffoldLayout.performLayout (package:flutter/src/material/scaffold.dart:1112:7)
#14     MultiChildLayoutDelegate._callPerformLayout (package:flutter/src/rendering/custom_layout.dart:249:7)
#15     RenderCustomMultiChildLayoutBox.performLayout (package:flutter/src/rendering/custom_layout.dart:420:14)
#16     RenderObject._layoutWithoutResize (package:flutter/src/rendering/object.dart:2623:7)
#17     PipelineOwner.flushLayout (package:flutter/src/rendering/object.dart:1170:18)
#18     PipelineOwner.flushLayout (package:flutter/src/rendering/object.dart:1183:15)
#19     AutomatedTestWidgetsFlutterBinding.drawFrame (package:flutter_test/src/binding.dart:1508:27)
#20     RendererBinding._handlePersistentFrameCallback (package:flutter/src/rendering/binding.dart:495:5)
#21     SchedulerBinding._invokeFrameCallback (package:flutter/src/scheduler/binding.dart:1434:15)
#22     SchedulerBinding.handleDrawFrame (package:flutter/src/scheduler/binding.dart:1347:9)
#23     AutomatedTestWidgetsFlutterBinding.pump.<anonymous closure> (package:flutter_test/src/binding.dart:1335:9)
#26     TestAsyncUtils.guard (package:flutter_test/src/test_async_utils.dart:74:41)
#27     AutomatedTestWidgetsFlutterBinding.pump (package:flutter_test/src/binding.dart:1324:27)
#28     WidgetTester.pumpAndSettle.<anonymous closure> (package:flutter_test/src/widget_tester.dart:719:23)
#31     TestAsyncUtils.guard (package:flutter_test/src/test_async_utils.dart:74:41)
#32     WidgetTester.pumpAndSettle (package:flutter_test/src/widget_tester.dart:712:27)
#33     main.<anonymous closure> (file:///D:/Mystery/programming/projects/PYTHON_PROJECTS/focus/focus_gg/focus_flutter/test/widget_test.dart:20:18)
<asynchronous suspension>
#34     testWidgets.<anonymous closure>.<anonymous closure> (package:flutter_test/src/widget_tester.dart:192:15)
<asynchronous suspension>
#35     TestWidgetsFlutterBinding._runTestBody (package:flutter_test/src/binding.dart:1059:5)
<asynchronous suspension>
<asynchronous suspension>
(elided 7 frames from class _AssertionError, dart:async, and package:stack_trace)

The following RenderObject was being processed when the exception was fired: RenderPointerListener#1e896 relayoutBoundary=up4 NEEDS-LAYOUT NEEDS-PAINT:
  needs compositing
  creator: Listener ΓåÉ _ScrollableScope ΓåÉ _ScrollSemantics-[GlobalKey#1fa52] ΓåÉ
    NotificationListener<ScrollMetricsNotification> ΓåÉ Transform ΓåÉ StretchEffect ΓåÉ ClipRect ΓåÉ
    AnimatedBuilder ΓåÉ NotificationListener<ScrollNotification> ΓåÉ StretchingOverscrollIndicator ΓåÉ
    Scrollable ΓåÉ PrimaryScrollController ΓåÉ Γï»
  parentData: <none> (can use size)
  constraints: BoxConstraints(0.0<=w<=800.0, 0.0<=h<=534.0)
  size: MISSING
  behavior: deferToChild
  listeners: signal
This RenderObject had the following descendants (showing up to depth 5):
    child: RenderSemanticsGestureHandler#bece2 relayoutBoundary=up5 NEEDS-PAINT
      child: RenderPointerListener#6d0ca relayoutBoundary=up6 NEEDS-PAINT
        child: RenderSemanticsAnnotations#4d9bb relayoutBoundary=up7 NEEDS-PAINT
          child: RenderIgnorePointer#2211b relayoutBoundary=up8 NEEDS-PAINT
            child: _RenderSingleChildViewport#06cd3 relayoutBoundary=up9 NEEDS-PAINT
ΓòÉΓòÉΓòÉΓòÉΓòÉΓòÉΓòÉΓòÉΓòÉΓòÉΓòÉΓòÉΓòÉΓòÉΓòÉΓòÉΓòÉΓòÉΓòÉΓòÉΓòÉΓòÉΓòÉΓòÉΓòÉΓòÉΓòÉΓòÉΓòÉΓòÉΓòÉΓòÉΓòÉΓòÉΓòÉΓòÉΓòÉΓòÉΓòÉΓòÉΓòÉΓòÉΓòÉΓòÉΓòÉΓòÉΓòÉΓòÉΓòÉΓòÉΓòÉΓòÉΓòÉΓòÉΓòÉΓòÉΓòÉΓòÉΓòÉΓòÉΓòÉΓòÉΓòÉΓòÉΓòÉΓòÉΓòÉΓòÉΓòÉΓòÉΓòÉΓòÉΓòÉΓòÉΓòÉΓòÉΓòÉΓòÉΓòÉΓòÉΓòÉΓòÉΓòÉΓòÉΓòÉΓòÉΓòÉΓòÉΓòÉΓòÉΓòÉΓòÉΓòÉΓòÉΓòÉΓòÉΓòÉΓòÉΓòÉΓòÉ
ΓòÉΓòÉΓòí EXCEPTION CAUGHT BY RENDERING LIBRARY Γò₧ΓòÉΓòÉΓòÉΓòÉΓòÉΓòÉΓòÉΓòÉΓòÉΓòÉΓòÉΓòÉΓòÉΓòÉΓòÉΓòÉΓòÉΓòÉΓòÉΓòÉΓòÉΓòÉΓòÉΓòÉΓòÉΓòÉΓòÉΓòÉΓòÉΓòÉΓòÉΓòÉΓòÉΓòÉΓòÉΓòÉΓòÉΓòÉΓòÉΓòÉΓòÉΓòÉΓòÉΓòÉΓòÉΓòÉΓòÉΓòÉΓòÉΓòÉΓòÉΓòÉΓòÉΓòÉΓòÉΓòÉΓòÉ
The following assertion was thrown during performLayout():
RenderBox was not laid out: RenderPointerListener#1e896 relayoutBoundary=up4 NEEDS-PAINT
'package:flutter/src/rendering/box.dart':
Failed assertion: line 2251 pos 12: 'hasSize'

Either the assertion indicates an error in the framework itself, or we should provide substantially
more information in this error message to help you determine and fix the underlying cause.
In either case, please report this assertion by filing a bug on GitHub:
  https://github.com/flutter/flutter/issues/new?template=02_bug.yml

The relevant error-causing widget was:
  SingleChildScrollView
  SingleChildScrollView:file:///D:/Mystery/programming/projects/PYTHON_PROJECTS/focus/focus_gg/focus_flutter/lib/features/dashboard/dashboard_screen.dart:132:13

When the exception was thrown, this was the stack:
#2      RenderBox.size (package:flutter/src/rendering/box.dart:2251:12)
#3      RenderProxyBoxMixin.performLayout (package:flutter/src/rendering/proxy_box.dart:115:62)
#4      RenderObject.layout (package:flutter/src/rendering/object.dart:2775:7)
#5      RenderProxyBoxMixin.performLayout (package:flutter/src/rendering/proxy_box.dart:115:18)
#6      RenderObject.layout (package:flutter/src/rendering/object.dart:2775:7)
#7      RenderProxyBoxMixin.performLayout (package:flutter/src/rendering/proxy_box.dart:115:18)
#8      _RenderCustomClip.performLayout (package:flutter/src/rendering/proxy_box.dart:1481:11)
#9      RenderObject.layout (package:flutter/src/rendering/object.dart:2775:7)
#10     MultiChildLayoutDelegate.layoutChild (package:flutter/src/rendering/custom_layout.dart:180:12)
#11     _ScaffoldLayout.performLayout (package:flutter/src/material/scaffold.dart:1112:7)
#12     MultiChildLayoutDelegate._callPerformLayout (package:flutter/src/rendering/custom_layout.dart:249:7)
#13     RenderCustomMultiChildLayoutBox.performLayout (package:flutter/src/rendering/custom_layout.dart:420:14)
#14     RenderObject._layoutWithoutResize (package:flutter/src/rendering/object.dart:2623:7)
#15     PipelineOwner.flushLayout (package:flutter/src/rendering/object.dart:1170:18)
#16     PipelineOwner.flushLayout (package:flutter/src/rendering/object.dart:1183:15)
#17     AutomatedTestWidgetsFlutterBinding.drawFrame (package:flutter_test/src/binding.dart:1508:27)
#18     RendererBinding._handlePersistentFrameCallback (package:flutter/src/rendering/binding.dart:495:5)
#19     SchedulerBinding._invokeFrameCallback (package:flutter/src/scheduler/binding.dart:1434:15)
#20     SchedulerBinding.handleDrawFrame (package:flutter/src/scheduler/binding.dart:1347:9)
#21     AutomatedTestWidgetsFlutterBinding.pump.<anonymous closure> (package:flutter_test/src/binding.dart:1335:9)
#24     TestAsyncUtils.guard (package:flutter_test/src/test_async_utils.dart:74:41)
#25     AutomatedTestWidgetsFlutterBinding.pump (package:flutter_test/src/binding.dart:1324:27)
#26     WidgetTester.pumpAndSettle.<anonymous closure> (package:flutter_test/src/widget_tester.dart:719:23)
#29     TestAsyncUtils.guard (package:flutter_test/src/test_async_utils.dart:74:41)
#30     WidgetTester.pumpAndSettle (package:flutter_test/src/widget_tester.dart:712:27)
#31     main.<anonymous closure> (file:///D:/Mystery/programming/projects/PYTHON_PROJECTS/focus/focus_gg/focus_flutter/test/widget_test.dart:20:18)
<asynchronous suspension>
#32     testWidgets.<anonymous closure>.<anonymous closure> (package:flutter_test/src/widget_tester.dart:192:15)
<asynchronous suspension>
#33     TestWidgetsFlutterBinding._runTestBody (package:flutter_test/src/binding.dart:1059:5)
<asynchronous suspension>
<asynchronous suspension>
(elided 7 frames from class _AssertionError, dart:async, and package:stack_trace)

The following RenderObject was being processed when the exception was fired: _RenderScrollSemantics#ebf7b relayoutBoundary=up3 NEEDS-LAYOUT NEEDS-PAINT:
  needs compositing
  creator: _ScrollSemantics-[GlobalKey#1fa52] ΓåÉ NotificationListener<ScrollMetricsNotification> ΓåÉ
    Transform ΓåÉ StretchEffect ΓåÉ ClipRect ΓåÉ AnimatedBuilder ΓåÉ NotificationListener<ScrollNotification>
    ΓåÉ StretchingOverscrollIndicator ΓåÉ Scrollable ΓåÉ PrimaryScrollController ΓåÉ SingleChildScrollView ΓåÉ
    KeyedSubtree-[GlobalKey#15fcd] ΓåÉ Γï»
  parentData: <none> (can use size)
  constraints: BoxConstraints(0.0<=w<=800.0, 0.0<=h<=534.0)
  semantic boundary
  size: MISSING
This RenderObject had the following descendants (showing up to depth 5):
    child: RenderPointerListener#1e896 relayoutBoundary=up4 NEEDS-PAINT
      child: RenderSemanticsGestureHandler#bece2 relayoutBoundary=up5 NEEDS-PAINT
        child: RenderPointerListener#6d0ca relayoutBoundary=up6 NEEDS-PAINT
          child: RenderSemanticsAnnotations#4d9bb relayoutBoundary=up7 NEEDS-PAINT
            child: RenderIgnorePointer#2211b relayoutBoundary=up8 NEEDS-PAINT
ΓòÉΓòÉΓòÉΓòÉΓòÉΓòÉΓòÉΓòÉΓòÉΓòÉΓòÉΓòÉΓòÉΓòÉΓòÉΓòÉΓòÉΓòÉΓòÉΓòÉΓòÉΓòÉΓòÉΓòÉΓòÉΓòÉΓòÉΓòÉΓòÉΓòÉΓòÉΓòÉΓòÉΓòÉΓòÉΓòÉΓòÉΓòÉΓòÉΓòÉΓòÉΓòÉΓòÉΓòÉΓòÉΓòÉΓòÉΓòÉΓòÉΓòÉΓòÉΓòÉΓòÉΓòÉΓòÉΓòÉΓòÉΓòÉΓòÉΓòÉΓòÉΓòÉΓòÉΓòÉΓòÉΓòÉΓòÉΓòÉΓòÉΓòÉΓòÉΓòÉΓòÉΓòÉΓòÉΓòÉΓòÉΓòÉΓòÉΓòÉΓòÉΓòÉΓòÉΓòÉΓòÉΓòÉΓòÉΓòÉΓòÉΓòÉΓòÉΓòÉΓòÉΓòÉΓòÉΓòÉΓòÉΓòÉΓòÉΓòÉ
ΓòÉΓòÉΓòí EXCEPTION CAUGHT BY RENDERING LIBRARY Γò₧ΓòÉΓòÉΓòÉΓòÉΓòÉΓòÉΓòÉΓòÉΓòÉΓòÉΓòÉΓòÉΓòÉΓòÉΓòÉΓòÉΓòÉΓòÉΓòÉΓòÉΓòÉΓòÉΓòÉΓòÉΓòÉΓòÉΓòÉΓòÉΓòÉΓòÉΓòÉΓòÉΓòÉΓòÉΓòÉΓòÉΓòÉΓòÉΓòÉΓòÉΓòÉΓòÉΓòÉΓòÉΓòÉΓòÉΓòÉΓòÉΓòÉΓòÉΓòÉΓòÉΓòÉΓòÉΓòÉΓòÉΓòÉ
The following assertion was thrown during performLayout():
RenderBox was not laid out: _RenderScrollSemantics#ebf7b relayoutBoundary=up3 NEEDS-PAINT
'package:flutter/src/rendering/box.dart':
Failed assertion: line 2251 pos 12: 'hasSize'

Either the assertion indicates an error in the framework itself, or we should provide substantially
more information in this error message to help you determine and fix the underlying cause.
In either case, please report this assertion by filing a bug on GitHub:
  https://github.com/flutter/flutter/issues/new?template=02_bug.yml

The relevant error-causing widget was:
  SingleChildScrollView
  SingleChildScrollView:file:///D:/Mystery/programming/projects/PYTHON_PROJECTS/focus/focus_gg/focus_flutter/lib/features/dashboard/dashboard_screen.dart:132:13

When the exception was thrown, this was the stack:
#2      RenderBox.size (package:flutter/src/rendering/box.dart:2251:12)
#3      RenderProxyBoxMixin.performLayout (package:flutter/src/rendering/proxy_box.dart:115:62)
#4      RenderObject.layout (package:flutter/src/rendering/object.dart:2775:7)
#5      RenderProxyBoxMixin.performLayout (package:flutter/src/rendering/proxy_box.dart:115:18)
#6      _RenderCustomClip.performLayout (package:flutter/src/rendering/proxy_box.dart:1481:11)
#7      RenderObject.layout (package:flutter/src/rendering/object.dart:2775:7)
#8      MultiChildLayoutDelegate.layoutChild (package:flutter/src/rendering/custom_layout.dart:180:12)
#9      _ScaffoldLayout.performLayout (package:flutter/src/material/scaffold.dart:1112:7)
#10     MultiChildLayoutDelegate._callPerformLayout (package:flutter/src/rendering/custom_layout.dart:249:7)
#11     RenderCustomMultiChildLayoutBox.performLayout (package:flutter/src/rendering/custom_layout.dart:420:14)
#12     RenderObject._layoutWithoutResize (package:flutter/src/rendering/object.dart:2623:7)
#13     PipelineOwner.flushLayout (package:flutter/src/rendering/object.dart:1170:18)
#14     PipelineOwner.flushLayout (package:flutter/src/rendering/object.dart:1183:15)
#15     AutomatedTestWidgetsFlutterBinding.drawFrame (package:flutter_test/src/binding.dart:1508:27)
#16     RendererBinding._handlePersistentFrameCallback (package:flutter/src/rendering/binding.dart:495:5)
#17     SchedulerBinding._invokeFrameCallback (package:flutter/src/scheduler/binding.dart:1434:15)
#18     SchedulerBinding.handleDrawFrame (package:flutter/src/scheduler/binding.dart:1347:9)
#19     AutomatedTestWidgetsFlutterBinding.pump.<anonymous closure> (package:flutter_test/src/binding.dart:1335:9)
#22     TestAsyncUtils.guard (package:flutter_test/src/test_async_utils.dart:74:41)
#23     AutomatedTestWidgetsFlutterBinding.pump (package:flutter_test/src/binding.dart:1324:27)
#24     WidgetTester.pumpAndSettle.<anonymous closure> (package:flutter_test/src/widget_tester.dart:719:23)
#27     TestAsyncUtils.guard (package:flutter_test/src/test_async_utils.dart:74:41)
#28     WidgetTester.pumpAndSettle (package:flutter_test/src/widget_tester.dart:712:27)
#29     main.<anonymous closure> (file:///D:/Mystery/programming/projects/PYTHON_PROJECTS/focus/focus_gg/focus_flutter/test/widget_test.dart:20:18)
<asynchronous suspension>
#30     testWidgets.<anonymous closure>.<anonymous closure> (package:flutter_test/src/widget_tester.dart:192:15)
<asynchronous suspension>
#31     TestWidgetsFlutterBinding._runTestBody (package:flutter_test/src/binding.dart:1059:5)
<asynchronous suspension>
<asynchronous suspension>
(elided 7 frames from class _AssertionError, dart:async, and package:stack_trace)

The following RenderObject was being processed when the exception was fired: RenderTransform#c1aea relayoutBoundary=up2 NEEDS-LAYOUT:
  needs compositing
  creator: Transform ΓåÉ StretchEffect ΓåÉ ClipRect ΓåÉ AnimatedBuilder ΓåÉ
    NotificationListener<ScrollNotification> ΓåÉ StretchingOverscrollIndicator ΓåÉ Scrollable ΓåÉ
    PrimaryScrollController ΓåÉ SingleChildScrollView ΓåÉ KeyedSubtree-[GlobalKey#15fcd] ΓåÉ _BodyBuilder ΓåÉ
    MediaQuery ΓåÉ Γï»
  parentData: <none> (can use size)
  constraints: BoxConstraints(0.0<=w<=800.0, 0.0<=h<=534.0)
  size: MISSING
  transform matrix:
    [0] 1.0,0.0,0.0,0.0
    [1] 0.0,1.0,0.0,0.0
    [2] 0.0,0.0,1.0,0.0
    [3] 0.0,0.0,0.0,1.0
  origin: null
  alignment: AlignmentDirectional.bottomCenter
  textDirection: ltr
  transformHitTests: true
This RenderObject had the following descendants (showing up to depth 5):
    child: _RenderScrollSemantics#ebf7b relayoutBoundary=up3 NEEDS-PAINT
      child: RenderPointerListener#1e896 relayoutBoundary=up4 NEEDS-PAINT
        child: RenderSemanticsGestureHandler#bece2 relayoutBoundary=up5 NEEDS-PAINT
          child: RenderPointerListener#6d0ca relayoutBoundary=up6 NEEDS-PAINT
            child: RenderSemanticsAnnotations#4d9bb relayoutBoundary=up7 NEEDS-PAINT
ΓòÉΓòÉΓòÉΓòÉΓòÉΓòÉΓòÉΓòÉΓòÉΓòÉΓòÉΓòÉΓòÉΓòÉΓòÉΓòÉΓòÉΓòÉΓòÉΓòÉΓòÉΓòÉΓòÉΓòÉΓòÉΓòÉΓòÉΓòÉΓòÉΓòÉΓòÉΓòÉΓòÉΓòÉΓòÉΓòÉΓòÉΓòÉΓòÉΓòÉΓòÉΓòÉΓòÉΓòÉΓòÉΓòÉΓòÉΓòÉΓòÉΓòÉΓòÉΓòÉΓòÉΓòÉΓòÉΓòÉΓòÉΓòÉΓòÉΓòÉΓòÉΓòÉΓòÉΓòÉΓòÉΓòÉΓòÉΓòÉΓòÉΓòÉΓòÉΓòÉΓòÉΓòÉΓòÉΓòÉΓòÉΓòÉΓòÉΓòÉΓòÉΓòÉΓòÉΓòÉΓòÉΓòÉΓòÉΓòÉΓòÉΓòÉΓòÉΓòÉΓòÉΓòÉΓòÉΓòÉΓòÉΓòÉΓòÉΓòÉ
ΓòÉΓòÉΓòí EXCEPTION CAUGHT BY RENDERING LIBRARY Γò₧ΓòÉΓòÉΓòÉΓòÉΓòÉΓòÉΓòÉΓòÉΓòÉΓòÉΓòÉΓòÉΓòÉΓòÉΓòÉΓòÉΓòÉΓòÉΓòÉΓòÉΓòÉΓòÉΓòÉΓòÉΓòÉΓòÉΓòÉΓòÉΓòÉΓòÉΓòÉΓòÉΓòÉΓòÉΓòÉΓòÉΓòÉΓòÉΓòÉΓòÉΓòÉΓòÉΓòÉΓòÉΓòÉΓòÉΓòÉΓòÉΓòÉΓòÉΓòÉΓòÉΓòÉΓòÉΓòÉΓòÉΓòÉ
The following assertion was thrown during performLayout():
RenderBox was not laid out: RenderTransform#c1aea relayoutBoundary=up2 NEEDS-PAINT
'package:flutter/src/rendering/box.dart':
Failed assertion: line 2251 pos 12: 'hasSize'

Either the assertion indicates an error in the framework itself, or we should provide substantially
more information in this error message to help you determine and fix the underlying cause.
In either case, please report this assertion by filing a bug on GitHub:
  https://github.com/flutter/flutter/issues/new?template=02_bug.yml

The relevant error-causing widget was:
  SingleChildScrollView
  SingleChildScrollView:file:///D:/Mystery/programming/projects/PYTHON_PROJECTS/focus/focus_gg/focus_flutter/lib/features/dashboard/dashboard_screen.dart:132:13

When the exception was thrown, this was the stack:
#2      RenderBox.size (package:flutter/src/rendering/box.dart:2251:12)
#3      RenderProxyBoxMixin.performLayout (package:flutter/src/rendering/proxy_box.dart:115:62)
#4      _RenderCustomClip.performLayout (package:flutter/src/rendering/proxy_box.dart:1481:11)
#5      RenderObject.layout (package:flutter/src/rendering/object.dart:2775:7)
#6      MultiChildLayoutDelegate.layoutChild (package:flutter/src/rendering/custom_layout.dart:180:12)
#7      _ScaffoldLayout.performLayout (package:flutter/src/material/scaffold.dart:1112:7)
#8      MultiChildLayoutDelegate._callPerformLayout (package:flutter/src/rendering/custom_layout.dart:249:7)
#9      RenderCustomMultiChildLayoutBox.performLayout (package:flutter/src/rendering/custom_layout.dart:420:14)
#10     RenderObject._layoutWithoutResize (package:flutter/src/rendering/object.dart:2623:7)
#11     PipelineOwner.flushLayout (package:flutter/src/rendering/object.dart:1170:18)
#12     PipelineOwner.flushLayout (package:flutter/src/rendering/object.dart:1183:15)
#13     AutomatedTestWidgetsFlutterBinding.drawFrame (package:flutter_test/src/binding.dart:1508:27)
#14     RendererBinding._handlePersistentFrameCallback (package:flutter/src/rendering/binding.dart:495:5)
#15     SchedulerBinding._invokeFrameCallback (package:flutter/src/scheduler/binding.dart:1434:15)
#16     SchedulerBinding.handleDrawFrame (package:flutter/src/scheduler/binding.dart:1347:9)
#17     AutomatedTestWidgetsFlutterBinding.pump.<anonymous closure> (package:flutter_test/src/binding.dart:1335:9)
#20     TestAsyncUtils.guard (package:flutter_test/src/test_async_utils.dart:74:41)
#21     AutomatedTestWidgetsFlutterBinding.pump (package:flutter_test/src/binding.dart:1324:27)
#22     WidgetTester.pumpAndSettle.<anonymous closure> (package:flutter_test/src/widget_tester.dart:719:23)
#25     TestAsyncUtils.guard (package:flutter_test/src/test_async_utils.dart:74:41)
#26     WidgetTester.pumpAndSettle (package:flutter_test/src/widget_tester.dart:712:27)
#27     main.<anonymous closure> (file:///D:/Mystery/programming/projects/PYTHON_PROJECTS/focus/focus_gg/focus_flutter/test/widget_test.dart:20:18)
<asynchronous suspension>
#28     testWidgets.<anonymous closure>.<anonymous closure> (package:flutter_test/src/widget_tester.dart:192:15)
<asynchronous suspension>
#29     TestWidgetsFlutterBinding._runTestBody (package:flutter_test/src/binding.dart:1059:5)
<asynchronous suspension>
<asynchronous suspension>
(elided 7 frames from class _AssertionError, dart:async, and package:stack_trace)

The following RenderObject was being processed when the exception was fired: RenderClipRect#3fd23 relayoutBoundary=up1 NEEDS-LAYOUT NEEDS-PAINT:
  needs compositing
  creator: ClipRect ΓåÉ AnimatedBuilder ΓåÉ NotificationListener<ScrollNotification> ΓåÉ
    StretchingOverscrollIndicator ΓåÉ Scrollable ΓåÉ PrimaryScrollController ΓåÉ SingleChildScrollView ΓåÉ
    KeyedSubtree-[GlobalKey#15fcd] ΓåÉ _BodyBuilder ΓåÉ MediaQuery ΓåÉ LayoutId-[<_ScaffoldSlot.body>] ΓåÉ
    CustomMultiChildLayout ΓåÉ Γï»
  parentData: offset=Offset(0.0, 0.0); id=_ScaffoldSlot.body (can use size)
  constraints: BoxConstraints(0.0<=w<=800.0, 0.0<=h<=534.0)
  size: MISSING
This RenderObject had the following descendants (showing up to depth 5):
    child: RenderTransform#c1aea relayoutBoundary=up2 NEEDS-PAINT
      child: _RenderScrollSemantics#ebf7b relayoutBoundary=up3 NEEDS-PAINT
        child: RenderPointerListener#1e896 relayoutBoundary=up4 NEEDS-PAINT
          child: RenderSemanticsGestureHandler#bece2 relayoutBoundary=up5 NEEDS-PAINT
            child: RenderPointerListener#6d0ca relayoutBoundary=up6 NEEDS-PAINT
ΓòÉΓòÉΓòÉΓòÉΓòÉΓòÉΓòÉΓòÉΓòÉΓòÉΓòÉΓòÉΓòÉΓòÉΓòÉΓòÉΓòÉΓòÉΓòÉΓòÉΓòÉΓòÉΓòÉΓòÉΓòÉΓòÉΓòÉΓòÉΓòÉΓòÉΓòÉΓòÉΓòÉΓòÉΓòÉΓòÉΓòÉΓòÉΓòÉΓòÉΓòÉΓòÉΓòÉΓòÉΓòÉΓòÉΓòÉΓòÉΓòÉΓòÉΓòÉΓòÉΓòÉΓòÉΓòÉΓòÉΓòÉΓòÉΓòÉΓòÉΓòÉΓòÉΓòÉΓòÉΓòÉΓòÉΓòÉΓòÉΓòÉΓòÉΓòÉΓòÉΓòÉΓòÉΓòÉΓòÉΓòÉΓòÉΓòÉΓòÉΓòÉΓòÉΓòÉΓòÉΓòÉΓòÉΓòÉΓòÉΓòÉΓòÉΓòÉΓòÉΓòÉΓòÉΓòÉΓòÉΓòÉΓòÉΓòÉΓòÉ
ΓòÉΓòÉΓòí EXCEPTION CAUGHT BY RENDERING LIBRARY Γò₧ΓòÉΓòÉΓòÉΓòÉΓòÉΓòÉΓòÉΓòÉΓòÉΓòÉΓòÉΓòÉΓòÉΓòÉΓòÉΓòÉΓòÉΓòÉΓòÉΓòÉΓòÉΓòÉΓòÉΓòÉΓòÉΓòÉΓòÉΓòÉΓòÉΓòÉΓòÉΓòÉΓòÉΓòÉΓòÉΓòÉΓòÉΓòÉΓòÉΓòÉΓòÉΓòÉΓòÉΓòÉΓòÉΓòÉΓòÉΓòÉΓòÉΓòÉΓòÉΓòÉΓòÉΓòÉΓòÉΓòÉΓòÉ
The following assertion was thrown during performLayout():
RenderBox was not laid out: RenderClipRect#3fd23 relayoutBoundary=up1 NEEDS-PAINT
'package:flutter/src/rendering/box.dart':
Failed assertion: line 2251 pos 12: 'hasSize'

Either the assertion indicates an error in the framework itself, or we should provide substantially
more information in this error message to help you determine and fix the underlying cause.
In either case, please report this assertion by filing a bug on GitHub:
  https://github.com/flutter/flutter/issues/new?template=02_bug.yml

The relevant error-causing widget was:
  Scaffold
  Scaffold:file:///D:/Mystery/programming/projects/PYTHON_PROJECTS/focus/focus_gg/focus_flutter/lib/features/dashboard/dashboard_screen.dart:131:12

When the exception was thrown, this was the stack:
#2      RenderBox.size (package:flutter/src/rendering/box.dart:2251:12)
#3      MultiChildLayoutDelegate.layoutChild (package:flutter/src/rendering/custom_layout.dart:181:18)
#4      _ScaffoldLayout.performLayout (package:flutter/src/material/scaffold.dart:1112:7)
#5      MultiChildLayoutDelegate._callPerformLayout (package:flutter/src/rendering/custom_layout.dart:249:7)
#6      RenderCustomMultiChildLayoutBox.performLayout (package:flutter/src/rendering/custom_layout.dart:420:14)
#7      RenderObject._layoutWithoutResize (package:flutter/src/rendering/object.dart:2623:7)
#8      PipelineOwner.flushLayout (package:flutter/src/rendering/object.dart:1170:18)
#9      PipelineOwner.flushLayout (package:flutter/src/rendering/object.dart:1183:15)
#10     AutomatedTestWidgetsFlutterBinding.drawFrame (package:flutter_test/src/binding.dart:1508:27)
#11     RendererBinding._handlePersistentFrameCallback (package:flutter/src/rendering/binding.dart:495:5)
#12     SchedulerBinding._invokeFrameCallback (package:flutter/src/scheduler/binding.dart:1434:15)
#13     SchedulerBinding.handleDrawFrame (package:flutter/src/scheduler/binding.dart:1347:9)
#14     AutomatedTestWidgetsFlutterBinding.pump.<anonymous closure> (package:flutter_test/src/binding.dart:1335:9)
#17     TestAsyncUtils.guard (package:flutter_test/src/test_async_utils.dart:74:41)
#18     AutomatedTestWidgetsFlutterBinding.pump (package:flutter_test/src/binding.dart:1324:27)
#19     WidgetTester.pumpAndSettle.<anonymous closure> (package:flutter_test/src/widget_tester.dart:719:23)
#22     TestAsyncUtils.guard (package:flutter_test/src/test_async_utils.dart:74:41)
#23     WidgetTester.pumpAndSettle (package:flutter_test/src/widget_tester.dart:712:27)
#24     main.<anonymous closure> (file:///D:/Mystery/programming/projects/PYTHON_PROJECTS/focus/focus_gg/focus_flutter/test/widget_test.dart:20:18)
<asynchronous suspension>
#25     testWidgets.<anonymous closure>.<anonymous closure> (package:flutter_test/src/widget_tester.dart:192:15)
<asynchronous suspension>
#26     TestWidgetsFlutterBinding._runTestBody (package:flutter_test/src/binding.dart:1059:5)
<asynchronous suspension>
<asynchronous suspension>
(elided 7 frames from class _AssertionError, dart:async, and package:stack_trace)

The following RenderObject was being processed when the exception was fired: RenderCustomMultiChildLayoutBox#62ffe NEEDS-LAYOUT NEEDS-PAINT:
  needs compositing
  creator: CustomMultiChildLayout ΓåÉ _ActionsScope ΓåÉ Actions ΓåÉ AnimatedBuilder ΓåÉ DefaultTextStyle ΓåÉ
    AnimatedDefaultTextStyle ΓåÉ _InkFeatures-[GlobalKey#385e5 ink renderer] ΓåÉ
    NotificationListener<LayoutChangedNotification> ΓåÉ PhysicalModel ΓåÉ AnimatedPhysicalModel ΓåÉ Material
    ΓåÉ _ScrollNotificationObserverScope ΓåÉ Γï»
  parentData: <none> (can use size)
  constraints: BoxConstraints(w=800.0, h=534.0)
  size: Size(800.0, 534.0)
This RenderObject had the following descendants (showing up to depth 5):
    child 1: RenderClipRect#3fd23 relayoutBoundary=up1 NEEDS-PAINT
      child: RenderTransform#c1aea relayoutBoundary=up2 NEEDS-PAINT
        child: _RenderScrollSemantics#ebf7b relayoutBoundary=up3 NEEDS-PAINT
          child: RenderPointerListener#1e896 relayoutBoundary=up4 NEEDS-PAINT
            child: RenderSemanticsGestureHandler#bece2 relayoutBoundary=up5 NEEDS-PAINT
    child 2: RenderStack#2844e NEEDS-LAYOUT NEEDS-PAINT
      child 1: RenderTransform#48460 NEEDS-LAYOUT NEEDS-PAINT
        child: RenderTransform#60269 NEEDS-LAYOUT NEEDS-PAINT
ΓòÉΓòÉΓòÉΓòÉΓòÉΓòÉΓòÉΓòÉΓòÉΓòÉΓòÉΓòÉΓòÉΓòÉΓòÉΓòÉΓòÉΓòÉΓòÉΓòÉΓòÉΓòÉΓòÉΓòÉΓòÉΓòÉΓòÉΓòÉΓòÉΓòÉΓòÉΓòÉΓòÉΓòÉΓòÉΓòÉΓòÉΓòÉΓòÉΓòÉΓòÉΓòÉΓòÉΓòÉΓòÉΓòÉΓòÉΓòÉΓòÉΓòÉΓòÉΓòÉΓòÉΓòÉΓòÉΓòÉΓòÉΓòÉΓòÉΓòÉΓòÉΓòÉΓòÉΓòÉΓòÉΓòÉΓòÉΓòÉΓòÉΓòÉΓòÉΓòÉΓòÉΓòÉΓòÉΓòÉΓòÉΓòÉΓòÉΓòÉΓòÉΓòÉΓòÉΓòÉΓòÉΓòÉΓòÉΓòÉΓòÉΓòÉΓòÉΓòÉΓòÉΓòÉΓòÉΓòÉΓòÉΓòÉΓòÉΓòÉ
ΓòÉΓòÉΓòí EXCEPTION CAUGHT BY RENDERING LIBRARY Γò₧ΓòÉΓòÉΓòÉΓòÉΓòÉΓòÉΓòÉΓòÉΓòÉΓòÉΓòÉΓòÉΓòÉΓòÉΓòÉΓòÉΓòÉΓòÉΓòÉΓòÉΓòÉΓòÉΓòÉΓòÉΓòÉΓòÉΓòÉΓòÉΓòÉΓòÉΓòÉΓòÉΓòÉΓòÉΓòÉΓòÉΓòÉΓòÉΓòÉΓòÉΓòÉΓòÉΓòÉΓòÉΓòÉΓòÉΓòÉΓòÉΓòÉΓòÉΓòÉΓòÉΓòÉΓòÉΓòÉΓòÉΓòÉ
The following assertion was thrown during paint():
RenderBox was not laid out: RenderTransform#c1aea relayoutBoundary=up2
'package:flutter/src/rendering/box.dart':
Failed assertion: line 2251 pos 12: 'hasSize'

Either the assertion indicates an error in the framework itself, or we should provide substantially
more information in this error message to help you determine and fix the underlying cause.
In either case, please report this assertion by filing a bug on GitHub:
  https://github.com/flutter/flutter/issues/new?template=02_bug.yml

The relevant error-causing widget was:
  SingleChildScrollView
  SingleChildScrollView:file:///D:/Mystery/programming/projects/PYTHON_PROJECTS/focus/focus_gg/focus_flutter/lib/features/dashboard/dashboard_screen.dart:132:13

When the exception was thrown, this was the stack:
#2      RenderBox.size (package:flutter/src/rendering/box.dart:2251:12)
#3      RenderTransform._effectiveTransform (package:flutter/src/rendering/proxy_box.dart:2632:49)
#4      RenderTransform.paint (package:flutter/src/rendering/proxy_box.dart:2669:33)
#5      RenderObject._paintWithContext (package:flutter/src/rendering/object.dart:3436:7)
#6      PaintingContext.paintChild (package:flutter/src/rendering/object.dart:261:13)
#7      RenderClipRect.paint (package:flutter/src/rendering/proxy_box.dart:1585:17)
#8      RenderObject._paintWithContext (package:flutter/src/rendering/object.dart:3436:7)
#9      PaintingContext.paintChild (package:flutter/src/rendering/object.dart:261:13)
#10     RenderBoxContainerDefaultsMixin.defaultPaint (package:flutter/src/rendering/box.dart:3367:15)
#11     RenderCustomMultiChildLayoutBox.paint (package:flutter/src/rendering/custom_layout.dart:425:5)
#12     RenderObject._paintWithContext (package:flutter/src/rendering/object.dart:3436:7)
#13     PaintingContext.paintChild (package:flutter/src/rendering/object.dart:261:13)
#14     RenderProxyBoxMixin.paint (package:flutter/src/rendering/proxy_box.dart:140:13)
#15     _RenderInkFeatures.paint (package:flutter/src/material/material.dart:634:11)
#16     RenderObject._paintWithContext (package:flutter/src/rendering/object.dart:3436:7)
#17     PaintingContext.paintChild (package:flutter/src/rendering/object.dart:261:13)
#18     RenderProxyBoxMixin.paint (package:flutter/src/rendering/proxy_box.dart:140:13)
#19     RenderPhysicalModel.paint.<anonymous closure> (package:flutter/src/rendering/proxy_box.dart:2184:15)
#20     PaintingContext.pushClipRRect (package:flutter/src/rendering/object.dart:622:14)
#21     RenderPhysicalModel.paint (package:flutter/src/rendering/proxy_box.dart:2171:21)
#22     RenderObject._paintWithContext (package:flutter/src/rendering/object.dart:3436:7)
#23     PaintingContext.paintChild (package:flutter/src/rendering/object.dart:261:13)
#24     RenderProxyBoxMixin.paint (package:flutter/src/rendering/proxy_box.dart:140:13)
#25     RenderObject._paintWithContext (package:flutter/src/rendering/object.dart:3436:7)
#26     PaintingContext.paintChild (package:flutter/src/rendering/object.dart:261:13)
#27     RenderProxyBoxMixin.paint (package:flutter/src/rendering/proxy_box.dart:140:13)
#28     RenderObject._paintWithContext (package:flutter/src/rendering/object.dart:3436:7)
#29     PaintingContext._repaintCompositedChild (package:flutter/src/rendering/object.dart:176:11)
#30     PaintingContext.repaintCompositedChild (package:flutter/src/rendering/object.dart:121:5)
#31     PipelineOwner.flushPaint (package:flutter/src/rendering/object.dart:1322:31)
#32     PipelineOwner.flushPaint (package:flutter/src/rendering/object.dart:1332:15)
#33     AutomatedTestWidgetsFlutterBinding.drawFrame (package:flutter_test/src/binding.dart:1512:31)
#34     RendererBinding._handlePersistentFrameCallback (package:flutter/src/rendering/binding.dart:495:5)
#35     SchedulerBinding._invokeFrameCallback (package:flutter/src/scheduler/binding.dart:1434:15)
#36     SchedulerBinding.handleDrawFrame (package:flutter/src/scheduler/binding.dart:1347:9)
#37     AutomatedTestWidgetsFlutterBinding.pump.<anonymous closure> (package:flutter_test/src/binding.dart:1335:9)
#40     TestAsyncUtils.guard (package:flutter_test/src/test_async_utils.dart:74:41)
#41     AutomatedTestWidgetsFlutterBinding.pump (package:flutter_test/src/binding.dart:1324:27)
#42     WidgetTester.pumpAndSettle.<anonymous closure> (package:flutter_test/src/widget_tester.dart:719:23)
#45     TestAsyncUtils.guard (package:flutter_test/src/test_async_utils.dart:74:41)
#46     WidgetTester.pumpAndSettle (package:flutter_test/src/widget_tester.dart:712:27)
#47     main.<anonymous closure> (file:///D:/Mystery/programming/projects/PYTHON_PROJECTS/focus/focus_gg/focus_flutter/test/widget_test.dart:20:18)
<asynchronous suspension>
#48     testWidgets.<anonymous closure>.<anonymous closure> (package:flutter_test/src/widget_tester.dart:192:15)
<asynchronous suspension>
#49     TestWidgetsFlutterBinding._runTestBody (package:flutter_test/src/binding.dart:1059:5)
<asynchronous suspension>
<asynchronous suspension>
(elided 7 frames from class _AssertionError, dart:async, and package:stack_trace)

The following RenderObject was being processed when the exception was fired: RenderTransform#c1aea relayoutBoundary=up2:
  needs compositing
  creator: Transform ΓåÉ StretchEffect ΓåÉ ClipRect ΓåÉ AnimatedBuilder ΓåÉ
    NotificationListener<ScrollNotification> ΓåÉ StretchingOverscrollIndicator ΓåÉ Scrollable ΓåÉ
    PrimaryScrollController ΓåÉ SingleChildScrollView ΓåÉ KeyedSubtree-[GlobalKey#15fcd] ΓåÉ _BodyBuilder ΓåÉ
    MediaQuery ΓåÉ Γï»
  parentData: <none> (can use size)
  constraints: BoxConstraints(0.0<=w<=800.0, 0.0<=h<=534.0)
  size: MISSING
  transform matrix:
    [0] 1.0,0.0,0.0,0.0
    [1] 0.0,1.0,0.0,0.0
    [2] 0.0,0.0,1.0,0.0
    [3] 0.0,0.0,0.0,1.0
  origin: null
  alignment: AlignmentDirectional.bottomCenter
  textDirection: ltr
  transformHitTests: true
This RenderObject had the following descendants (showing up to depth 5):
    child: _RenderScrollSemantics#ebf7b relayoutBoundary=up3 NEEDS-PAINT
      child: RenderPointerListener#1e896 relayoutBoundary=up4 NEEDS-PAINT
        child: RenderSemanticsGestureHandler#bece2 relayoutBoundary=up5 NEEDS-PAINT
          child: RenderPointerListener#6d0ca relayoutBoundary=up6 NEEDS-PAINT
            child: RenderSemanticsAnnotations#4d9bb relayoutBoundary=up7 NEEDS-PAINT
ΓòÉΓòÉΓòÉΓòÉΓòÉΓòÉΓòÉΓòÉΓòÉΓòÉΓòÉΓòÉΓòÉΓòÉΓòÉΓòÉΓòÉΓòÉΓòÉΓòÉΓòÉΓòÉΓòÉΓòÉΓòÉΓòÉΓòÉΓòÉΓòÉΓòÉΓòÉΓòÉΓòÉΓòÉΓòÉΓòÉΓòÉΓòÉΓòÉΓòÉΓòÉΓòÉΓòÉΓòÉΓòÉΓòÉΓòÉΓòÉΓòÉΓòÉΓòÉΓòÉΓòÉΓòÉΓòÉΓòÉΓòÉΓòÉΓòÉΓòÉΓòÉΓòÉΓòÉΓòÉΓòÉΓòÉΓòÉΓòÉΓòÉΓòÉΓòÉΓòÉΓòÉΓòÉΓòÉΓòÉΓòÉΓòÉΓòÉΓòÉΓòÉΓòÉΓòÉΓòÉΓòÉΓòÉΓòÉΓòÉΓòÉΓòÉΓòÉΓòÉΓòÉΓòÉΓòÉΓòÉΓòÉΓòÉΓòÉΓòÉ
ΓòÉΓòÉΓòí EXCEPTION CAUGHT BY SCHEDULER LIBRARY Γò₧ΓòÉΓòÉΓòÉΓòÉΓòÉΓòÉΓòÉΓòÉΓòÉΓòÉΓòÉΓòÉΓòÉΓòÉΓòÉΓòÉΓòÉΓòÉΓòÉΓòÉΓòÉΓòÉΓòÉΓòÉΓòÉΓòÉΓòÉΓòÉΓòÉΓòÉΓòÉΓòÉΓòÉΓòÉΓòÉΓòÉΓòÉΓòÉΓòÉΓòÉΓòÉΓòÉΓòÉΓòÉΓòÉΓòÉΓòÉΓòÉΓòÉΓòÉΓòÉΓòÉΓòÉΓòÉΓòÉΓòÉΓòÉ
The following assertion was thrown during a scheduler callback:
'package:flutter/src/rendering/object.dart': Failed assertion: line 5466 pos 14:
'!semantics.parentDataDirty': is not true.

When the exception was thrown, this was the stack:
#2      _RenderObjectSemantics.debugCheckForParentData.debugCheckParentDataNotDirty (package:flutter/src/rendering/object.dart:5466:14)
#3      List.forEach (dart:core-patch/growable_array.dart:428:8)
#4      _RenderObjectSemantics.debugCheckForParentData.debugCheckParentDataNotDirty (package:flutter/src/rendering/object.dart:5467:42)
#5      List.forEach (dart:core-patch/growable_array.dart:428:8)
#6      _RenderObjectSemantics.debugCheckForParentData.debugCheckParentDataNotDirty (package:flutter/src/rendering/object.dart:5467:42)
#7      List.forEach (dart:core-patch/growable_array.dart:428:8)
#8      _RenderObjectSemantics.debugCheckForParentData.debugCheckParentDataNotDirty (package:flutter/src/rendering/object.dart:5467:42)
#9      List.forEach (dart:core-patch/growable_array.dart:428:8)
#10     _RenderObjectSemantics.debugCheckForParentData.debugCheckParentDataNotDirty (package:flutter/src/rendering/object.dart:5467:42)
#11     List.forEach (dart:core-patch/growable_array.dart:428:8)
#12     _RenderObjectSemantics.debugCheckForParentData.debugCheckParentDataNotDirty (package:flutter/src/rendering/object.dart:5467:42)
#13     List.forEach (dart:core-patch/growable_array.dart:428:8)
#14     _RenderObjectSemantics.debugCheckForParentData.debugCheckParentDataNotDirty (package:flutter/src/rendering/object.dart:5467:42)
#15     List.forEach (dart:core-patch/growable_array.dart:428:8)
#16     _RenderObjectSemantics.debugCheckForParentData.debugCheckParentDataNotDirty (package:flutter/src/rendering/object.dart:5467:42)
#17     List.forEach (dart:core-patch/growable_array.dart:428:8)
#18     _RenderObjectSemantics.debugCheckForParentData.debugCheckParentDataNotDirty (package:flutter/src/rendering/object.dart:5467:42)
#19     List.forEach (dart:core-patch/growable_array.dart:428:8)
#20     _RenderObjectSemantics.debugCheckForParentData.debugCheckParentDataNotDirty (package:flutter/src/rendering/object.dart:5467:42)
#21     List.forEach (dart:core-patch/growable_array.dart:428:8)
#22     _RenderObjectSemantics.debugCheckForParentData.debugCheckParentDataNotDirty (package:flutter/src/rendering/object.dart:5467:42)
#23     List.forEach (dart:core-patch/growable_array.dart:428:8)
#24     _RenderObjectSemantics.debugCheckForParentData.debugCheckParentDataNotDirty (package:flutter/src/rendering/object.dart:5467:42)
#25     List.forEach (dart:core-patch/growable_array.dart:428:8)
#26     _RenderObjectSemantics.debugCheckForParentData.debugCheckParentDataNotDirty (package:flutter/src/rendering/object.dart:5467:42)
#27     List.forEach (dart:core-patch/growable_array.dart:428:8)
#28     _RenderObjectSemantics.debugCheckForParentData.debugCheckParentDataNotDirty (package:flutter/src/rendering/object.dart:5467:42)
#29     List.forEach (dart:core-patch/growable_array.dart:428:8)
#30     _RenderObjectSemantics.debugCheckForParentData.debugCheckParentDataNotDirty (package:flutter/src/rendering/object.dart:5467:42)
#31     List.forEach (dart:core-patch/growable_array.dart:428:8)
#32     _RenderObjectSemantics.debugCheckForParentData.debugCheckParentDataNotDirty (package:flutter/src/rendering/object.dart:5467:42)
#33     List.forEach (dart:core-patch/growable_array.dart:428:8)
#34     _RenderObjectSemantics.debugCheckForParentData.debugCheckParentDataNotDirty (package:flutter/src/rendering/object.dart:5467:42)
#35     List.forEach (dart:core-patch/growable_array.dart:428:8)
#36     _RenderObjectSemantics.debugCheckForParentData.debugCheckParentDataNotDirty (package:flutter/src/rendering/object.dart:5467:42)
#37     List.forEach (dart:core-patch/growable_array.dart:428:8)
#38     _RenderObjectSemantics.debugCheckForParentData.debugCheckParentDataNotDirty (package:flutter/src/rendering/object.dart:5467:42)
#39     List.forEach (dart:core-patch/growable_array.dart:428:8)
#40     _RenderObjectSemantics.debugCheckForParentData.debugCheckParentDataNotDirty (package:flutter/src/rendering/object.dart:5467:42)
#41     List.forEach (dart:core-patch/growable_array.dart:428:8)
#42     _RenderObjectSemantics.debugCheckForParentData.debugCheckParentDataNotDirty (package:flutter/src/rendering/object.dart:5467:42)
#43     List.forEach (dart:core-patch/growable_array.dart:428:8)
#44     _RenderObjectSemantics.debugCheckForParentData.debugCheckParentDataNotDirty (package:flutter/src/rendering/object.dart:5467:42)
#45     List.forEach (dart:core-patch/growable_array.dart:428:8)
#46     _RenderObjectSemantics.debugCheckForParentData.debugCheckParentDataNotDirty (package:flutter/src/rendering/object.dart:5467:42)
#47     List.forEach (dart:core-patch/growable_array.dart:428:8)
#48     _RenderObjectSemantics.debugCheckForParentData.debugCheckParentDataNotDirty (package:flutter/src/rendering/object.dart:5467:42)
#49     List.forEach (dart:core-patch/growable_array.dart:428:8)
#50     _RenderObjectSemantics.debugCheckForParentData.debugCheckParentDataNotDirty (package:flutter/src/rendering/object.dart:5467:42)
#51     List.forEach (dart:core-patch/growable_array.dart:428:8)
#52     _RenderObjectSemantics.debugCheckForParentData.debugCheckParentDataNotDirty (package:flutter/src/rendering/object.dart:5467:42)
#53     List.forEach (dart:core-patch/growable_array.dart:428:8)
#54     _RenderObjectSemantics.debugCheckForParentData.debugCheckParentDataNotDirty (package:flutter/src/rendering/object.dart:5467:42)
#55     List.forEach (dart:core-patch/growable_array.dart:428:8)
#56     _RenderObjectSemantics.debugCheckForParentData.debugCheckParentDataNotDirty (package:flutter/src/rendering/object.dart:5467:42)
#57     List.forEach (dart:core-patch/growable_array.dart:428:8)
#58     _RenderObjectSemantics.debugCheckForParentData.debugCheckParentDataNotDirty (package:flutter/src/rendering/object.dart:5467:42)
#59     List.forEach (dart:core-patch/growable_array.dart:428:8)
#60     _RenderObjectSemantics.debugCheckForParentData.debugCheckParentDataNotDirty (package:flutter/src/rendering/object.dart:5467:42)
#61     List.forEach (dart:core-patch/growable_array.dart:428:8)
#62     _RenderObjectSemantics.debugCheckForParentData.debugCheckParentDataNotDirty (package:flutter/src/rendering/object.dart:5467:42)
#63     List.forEach (dart:core-patch/growable_array.dart:428:8)
#64     _RenderObjectSemantics.debugCheckForParentData.debugCheckParentDataNotDirty (package:flutter/src/rendering/object.dart:5467:42)
#65     List.forEach (dart:core-patch/growable_array.dart:428:8)
#66     _RenderObjectSemantics.debugCheckForParentData.debugCheckParentDataNotDirty (package:flutter/src/rendering/object.dart:5467:42)
#67     List.forEach (dart:core-patch/growable_array.dart:428:8)
#68     _RenderObjectSemantics.debugCheckForParentData.debugCheckParentDataNotDirty (package:flutter/src/rendering/object.dart:5467:42)
#69     List.forEach (dart:core-patch/growable_array.dart:428:8)
#70     _RenderObjectSemantics.debugCheckForParentData.debugCheckParentDataNotDirty (package:flutter/src/rendering/object.dart:5467:42)
#71     List.forEach (dart:core-patch/growable_array.dart:428:8)
#72     _RenderObjectSemantics.debugCheckForParentData.debugCheckParentDataNotDirty (package:flutter/src/rendering/object.dart:5467:42)
#73     List.forEach (dart:core-patch/growable_array.dart:428:8)
#74     _RenderObjectSemantics.debugCheckForParentData.debugCheckParentDataNotDirty (package:flutter/src/rendering/object.dart:5467:42)
#75     List.forEach (dart:core-patch/growable_array.dart:428:8)
#76     _RenderObjectSemantics.debugCheckForParentData.debugCheckParentDataNotDirty (package:flutter/src/rendering/object.dart:5467:42)
#77     List.forEach (dart:core-patch/growable_array.dart:428:8)
#78     _RenderObjectSemantics.debugCheckForParentData.debugCheckParentDataNotDirty (package:flutter/src/rendering/object.dart:5467:42)
#79     List.forEach (dart:core-patch/growable_array.dart:428:8)
#80     _RenderObjectSemantics.debugCheckForParentData.debugCheckParentDataNotDirty (package:flutter/src/rendering/object.dart:5467:42)
#81     List.forEach (dart:core-patch/growable_array.dart:428:8)
#82     _RenderObjectSemantics.debugCheckForParentData.debugCheckParentDataNotDirty (package:flutter/src/rendering/object.dart:5467:42)
#83     List.forEach (dart:core-patch/growable_array.dart:428:8)
#84     _RenderObjectSemantics.debugCheckForParentData.debugCheckParentDataNotDirty (package:flutter/src/rendering/object.dart:5467:42)
#85     List.forEach (dart:core-patch/growable_array.dart:428:8)
#86     _RenderObjectSemantics.debugCheckForParentData.debugCheckParentDataNotDirty (package:flutter/src/rendering/object.dart:5467:42)
#87     List.forEach (dart:core-patch/growable_array.dart:428:8)
#88     _RenderObjectSemantics.debugCheckForParentData.debugCheckParentDataNotDirty (package:flutter/src/rendering/object.dart:5467:42)
#89     List.forEach (dart:core-patch/growable_array.dart:428:8)
#90     _RenderObjectSemantics.debugCheckForParentData.debugCheckParentDataNotDirty (package:flutter/src/rendering/object.dart:5467:42)
#91     List.forEach (dart:core-patch/growable_array.dart:428:8)
#92     _RenderObjectSemantics.debugCheckForParentData.debugCheckParentDataNotDirty (package:flutter/src/rendering/object.dart:5467:42)
#93     List.forEach (dart:core-patch/growable_array.dart:428:8)
#94     _RenderObjectSemantics.debugCheckForParentData.debugCheckParentDataNotDirty (package:flutter/src/rendering/object.dart:5467:42)
#95     List.forEach (dart:core-patch/growable_array.dart:428:8)
#96     _RenderObjectSemantics.debugCheckForParentData.debugCheckParentDataNotDirty (package:flutter/src/rendering/object.dart:5467:42)
#97     List.forEach (dart:core-patch/growable_array.dart:428:8)
#98     _RenderObjectSemantics.debugCheckForParentData.debugCheckParentDataNotDirty (package:flutter/src/rendering/object.dart:5467:42)
#99     List.forEach (dart:core-patch/growable_array.dart:428:8)
#100    _RenderObjectSemantics.debugCheckForParentData.debugCheckParentDataNotDirty (package:flutter/src/rendering/object.dart:5467:42)
#101    List.forEach (dart:core-patch/growable_array.dart:428:8)
#102    _RenderObjectSemantics.debugCheckForParentData.debugCheckParentDataNotDirty (package:flutter/src/rendering/object.dart:5467:42)
#103    List.forEach (dart:core-patch/growable_array.dart:428:8)
#104    _RenderObjectSemantics.debugCheckForParentData.debugCheckParentDataNotDirty (package:flutter/src/rendering/object.dart:5467:42)
#105    List.forEach (dart:core-patch/growable_array.dart:428:8)
#106    _RenderObjectSemantics.debugCheckForParentData.debugCheckParentDataNotDirty (package:flutter/src/rendering/object.dart:5467:42)
#107    List.forEach (dart:core-patch/growable_array.dart:428:8)
#108    _RenderObjectSemantics.debugCheckForParentData.debugCheckParentDataNotDirty (package:flutter/src/rendering/object.dart:5467:42)
#109    List.forEach (dart:core-patch/growable_array.dart:428:8)
#110    _RenderObjectSemantics.debugCheckForParentData.debugCheckParentDataNotDirty (package:flutter/src/rendering/object.dart:5467:42)
#111    List.forEach (dart:core-patch/growable_array.dart:428:8)
#112    _RenderObjectSemantics.debugCheckForParentData.debugCheckParentDataNotDirty (package:flutter/src/rendering/object.dart:5467:42)
#113    List.forEach (dart:core-patch/growable_array.dart:428:8)
#114    _RenderObjectSemantics.debugCheckForParentData.debugCheckParentDataNotDirty (package:flutter/src/rendering/object.dart:5467:42)
#115    List.forEach (dart:core-patch/growable_array.dart:428:8)
#116    _RenderObjectSemantics.debugCheckForParentData.debugCheckParentDataNotDirty (package:flutter/src/rendering/object.dart:5467:42)
#117    List.forEach (dart:core-patch/growable_array.dart:428:8)
#118    _RenderObjectSemantics.debugCheckForParentData.debugCheckParentDataNotDirty (package:flutter/src/rendering/object.dart:5467:42)
#119    _RenderObjectSemantics.debugCheckForParentData (package:flutter/src/rendering/object.dart:5470:5)
#120    PipelineOwner.flushSemantics.<anonymous closure> (package:flutter/src/rendering/object.dart:1479:34)
#121    PipelineOwner.flushSemantics (package:flutter/src/rendering/object.dart:1482:8)
#122    PipelineOwner.flushSemantics (package:flutter/src/rendering/object.dart:1514:15)
#123    AutomatedTestWidgetsFlutterBinding.drawFrame (package:flutter_test/src/binding.dart:1519:35)
#124    RendererBinding._handlePersistentFrameCallback (package:flutter/src/rendering/binding.dart:495:5)
#125    SchedulerBinding._invokeFrameCallback (package:flutter/src/scheduler/binding.dart:1434:15)
#126    SchedulerBinding.handleDrawFrame (package:flutter/src/scheduler/binding.dart:1347:9)
#127    AutomatedTestWidgetsFlutterBinding.pump.<anonymous closure> (package:flutter_test/src/binding.dart:1335:9)
#130    TestAsyncUtils.guard (package:flutter_test/src/test_async_utils.dart:74:41)
#131    AutomatedTestWidgetsFlutterBinding.pump (package:flutter_test/src/binding.dart:1324:27)
#132    WidgetTester.pumpAndSettle.<anonymous closure> (package:flutter_test/src/widget_tester.dart:719:23)
#135    TestAsyncUtils.guard (package:flutter_test/src/test_async_utils.dart:74:41)
#136    WidgetTester.pumpAndSettle (package:flutter_test/src/widget_tester.dart:712:27)
#137    main.<anonymous closure> (file:///D:/Mystery/programming/projects/PYTHON_PROJECTS/focus/focus_gg/focus_flutter/test/widget_test.dart:20:18)
<asynchronous suspension>
#138    testWidgets.<anonymous closure>.<anonymous closure> (package:flutter_test/src/widget_tester.dart:192:15)
<asynchronous suspension>
#139    TestWidgetsFlutterBinding._runTestBody (package:flutter_test/src/binding.dart:1059:5)
<asynchronous suspension>
<asynchronous suspension>
(elided 7 frames from class _AssertionError, dart:async, and package:stack_trace)
ΓòÉΓòÉΓòÉΓòÉΓòÉΓòÉΓòÉΓòÉΓòÉΓòÉΓòÉΓòÉΓòÉΓòÉΓòÉΓòÉΓòÉΓòÉΓòÉΓòÉΓòÉΓòÉΓòÉΓòÉΓòÉΓòÉΓòÉΓòÉΓòÉΓòÉΓòÉΓòÉΓòÉΓòÉΓòÉΓòÉΓòÉΓòÉΓòÉΓòÉΓòÉΓòÉΓòÉΓòÉΓòÉΓòÉΓòÉΓòÉΓòÉΓòÉΓòÉΓòÉΓòÉΓòÉΓòÉΓòÉΓòÉΓòÉΓòÉΓòÉΓòÉΓòÉΓòÉΓòÉΓòÉΓòÉΓòÉΓòÉΓòÉΓòÉΓòÉΓòÉΓòÉΓòÉΓòÉΓòÉΓòÉΓòÉΓòÉΓòÉΓòÉΓòÉΓòÉΓòÉΓòÉΓòÉΓòÉΓòÉΓòÉΓòÉΓòÉΓòÉΓòÉΓòÉΓòÉΓòÉΓòÉΓòÉΓòÉΓòÉ
ΓòÉΓòÉΓòí EXCEPTION CAUGHT BY RENDERING LIBRARY Γò₧ΓòÉΓòÉΓòÉΓòÉΓòÉΓòÉΓòÉΓòÉΓòÉΓòÉΓòÉΓòÉΓòÉΓòÉΓòÉΓòÉΓòÉΓòÉΓòÉΓòÉΓòÉΓòÉΓòÉΓòÉΓòÉΓòÉΓòÉΓòÉΓòÉΓòÉΓòÉΓòÉΓòÉΓòÉΓòÉΓòÉΓòÉΓòÉΓòÉΓòÉΓòÉΓòÉΓòÉΓòÉΓòÉΓòÉΓòÉΓòÉΓòÉΓòÉΓòÉΓòÉΓòÉΓòÉΓòÉΓòÉΓòÉ
The following assertion was thrown during performLayout():
'package:flutter/src/rendering/object.dart': Failed assertion: line 2709 pos 12:
'!_debugDoingThisLayout': is not true.

Either the assertion indicates an error in the framework itself, or we should provide substantially
more information in this error message to help you determine and fix the underlying cause.
In either case, please report this assertion by filing a bug on GitHub:
  https://github.com/flutter/flutter/issues/new?template=02_bug.yml

The relevant error-causing widget was:
  Column
  Column:file:///D:/Mystery/programming/projects/PYTHON_PROJECTS/focus/focus_gg/focus_flutter/lib/features/dashboard/dashboard_screen.dart:267:22

When the exception was thrown, this was the stack:
#2      RenderObject.layout (package:flutter/src/rendering/object.dart:2709:12)
#3      ChildLayoutHelper.layoutChild (package:flutter/src/rendering/layout_helper.dart:62:11)
#4      RenderFlex._computeSizes (package:flutter/src/rendering/flex.dart:1161:28)
#5      RenderFlex.performLayout (package:flutter/src/rendering/flex.dart:1257:32)
#6      RenderObject.layout (package:flutter/src/rendering/object.dart:2775:7)
#7      _RenderLayoutBuilder.performLayout (package:flutter/src/widgets/layout_builder.dart:450:14)
#8      RenderObject.layout (package:flutter/src/rendering/object.dart:2775:7)
#9      RenderPadding.performLayout (package:flutter/src/rendering/shifted_box.dart:243:12)
#10     RenderObject.layout (package:flutter/src/rendering/object.dart:2775:7)
#11     ChildLayoutHelper.layoutChild (package:flutter/src/rendering/layout_helper.dart:62:11)
#12     RenderStack._computeSize (package:flutter/src/rendering/stack.dart:645:43)
#13     RenderStack.performLayout (package:flutter/src/rendering/stack.dart:680:12)
#14     RenderObject.layout (package:flutter/src/rendering/object.dart:2775:7)
#15     RenderPadding.performLayout (package:flutter/src/rendering/shifted_box.dart:243:12)
#16     RenderObject.layout (package:flutter/src/rendering/object.dart:2775:7)
#17     RenderProxyBoxMixin.performLayout (package:flutter/src/rendering/proxy_box.dart:115:18)
#18     RenderObject.layout (package:flutter/src/rendering/object.dart:2775:7)
#19     ChildLayoutHelper.layoutChild (package:flutter/src/rendering/layout_helper.dart:62:11)
#20     RenderStack._computeSize (package:flutter/src/rendering/stack.dart:645:43)
#21     RenderStack.performLayout (package:flutter/src/rendering/stack.dart:680:12)
#22     RenderObject.layout (package:flutter/src/rendering/object.dart:2775:7)
#23     RenderProxyBoxMixin.performLayout (package:flutter/src/rendering/proxy_box.dart:115:18)
#24     RenderObject.layout (package:flutter/src/rendering/object.dart:2775:7)
#25     RenderProxyBoxMixin.performLayout (package:flutter/src/rendering/proxy_box.dart:115:18)
#26     RenderObject.layout (package:flutter/src/rendering/object.dart:2775:7)
#27     ChildLayoutHelper.layoutChild (package:flutter/src/rendering/layout_helper.dart:62:11)
#28     RenderStack._computeSize (package:flutter/src/rendering/stack.dart:645:43)
#29     RenderStack.performLayout (package:flutter/src/rendering/stack.dart:680:12)
#30     RenderObject.layout (package:flutter/src/rendering/object.dart:2775:7)
#31     RenderProxyBoxMixin.performLayout (package:flutter/src/rendering/proxy_box.dart:115:18)
#32     RenderObject.layout (package:flutter/src/rendering/object.dart:2775:7)
#33     RenderProxyBoxMixin.performLayout (package:flutter/src/rendering/proxy_box.dart:115:18)
#34     RenderObject.layout (package:flutter/src/rendering/object.dart:2775:7)
#35     ChildLayoutHelper.layoutChild (package:flutter/src/rendering/layout_helper.dart:62:11)
#36     RenderFlex._computeSizes (package:flutter/src/rendering/flex.dart:1161:28)
#37     RenderFlex.performLayout (package:flutter/src/rendering/flex.dart:1257:32)
#38     RenderObject.layout (package:flutter/src/rendering/object.dart:2775:7)
#39     RenderPadding.performLayout (package:flutter/src/rendering/shifted_box.dart:243:12)
#40     RenderObject.layout (package:flutter/src/rendering/object.dart:2775:7)
#41     RenderConstrainedBox.performLayout (package:flutter/src/rendering/proxy_box.dart:293:14)
#42     RenderObject.layout (package:flutter/src/rendering/object.dart:2775:7)
#43     RenderPositionedBox.performLayout (package:flutter/src/rendering/shifted_box.dart:465:14)
#44     RenderObject.layout (package:flutter/src/rendering/object.dart:2775:7)
#45     RenderPadding.performLayout (package:flutter/src/rendering/shifted_box.dart:243:12)
#46     RenderObject.layout (package:flutter/src/rendering/object.dart:2775:7)
#47     _RenderSingleChildViewport.performLayout (package:flutter/src/widgets/single_child_scroll_view.dart:502:14)
#48     RenderObject.layout (package:flutter/src/rendering/object.dart:2775:7)
#49     RenderProxyBoxMixin.performLayout (package:flutter/src/rendering/proxy_box.dart:115:18)
#50     RenderObject.layout (package:flutter/src/rendering/object.dart:2775:7)
#51     RenderProxyBoxMixin.performLayout (package:flutter/src/rendering/proxy_box.dart:115:18)
#52     RenderObject.layout (package:flutter/src/rendering/object.dart:2775:7)
#53     RenderProxyBoxMixin.performLayout (package:flutter/src/rendering/proxy_box.dart:115:18)
#54     RenderObject.layout (package:flutter/src/rendering/object.dart:2775:7)
#55     RenderProxyBoxMixin.performLayout (package:flutter/src/rendering/proxy_box.dart:115:18)
#56     RenderObject.layout (package:flutter/src/rendering/object.dart:2775:7)
#57     RenderProxyBoxMixin.performLayout (package:flutter/src/rendering/proxy_box.dart:115:18)
#58     RenderObject.layout (package:flutter/src/rendering/object.dart:2775:7)
#59     RenderProxyBoxMixin.performLayout (package:flutter/src/rendering/proxy_box.dart:115:18)
#60     RenderObject.layout (package:flutter/src/rendering/object.dart:2775:7)
#61     RenderProxyBoxMixin.performLayout (package:flutter/src/rendering/proxy_box.dart:115:18)
#62     RenderObject.layout (package:flutter/src/rendering/object.dart:2775:7)
#63     RenderProxyBoxMixin.performLayout (package:flutter/src/rendering/proxy_box.dart:115:18)
#64     _RenderCustomClip.performLayout (package:flutter/src/rendering/proxy_box.dart:1481:11)
#65     RenderObject.layout (package:flutter/src/rendering/object.dart:2775:7)
#66     MultiChildLayoutDelegate.layoutChild (package:flutter/src/rendering/custom_layout.dart:180:12)
#67     _ScaffoldLayout.performLayout (package:flutter/src/material/scaffold.dart:1112:7)
#68     MultiChildLayoutDelegate._callPerformLayout (package:flutter/src/rendering/custom_layout.dart:249:7)
#69     RenderCustomMultiChildLayoutBox.performLayout (package:flutter/src/rendering/custom_layout.dart:420:14)
#70     RenderObject._layoutWithoutResize (package:flutter/src/rendering/object.dart:2623:7)
#71     PipelineOwner.flushLayout (package:flutter/src/rendering/object.dart:1170:18)
#72     PipelineOwner.flushLayout (package:flutter/src/rendering/object.dart:1183:15)
#73     AutomatedTestWidgetsFlutterBinding.drawFrame (package:flutter_test/src/binding.dart:1508:27)
#74     RendererBinding._handlePersistentFrameCallback (package:flutter/src/rendering/binding.dart:495:5)
#75     SchedulerBinding._invokeFrameCallback (package:flutter/src/scheduler/binding.dart:1434:15)
#76     SchedulerBinding.handleDrawFrame (package:flutter/src/scheduler/binding.dart:1347:9)
#77     AutomatedTestWidgetsFlutterBinding.pump.<anonymous closure> (package:flutter_test/src/binding.dart:1335:9)
#80     TestAsyncUtils.guard (package:flutter_test/src/test_async_utils.dart:74:41)
#81     AutomatedTestWidgetsFlutterBinding.pump (package:flutter_test/src/binding.dart:1324:27)
#82     WidgetTester.pumpAndSettle.<anonymous closure> (package:flutter_test/src/widget_tester.dart:719:23)
<asynchronous suspension>
#83     TestAsyncUtils.guard.<anonymous closure> (package:flutter_test/src/test_async_utils.dart:130:27)
<asynchronous suspension>
#84     main.<anonymous closure> (file:///D:/Mystery/programming/projects/PYTHON_PROJECTS/focus/focus_gg/focus_flutter/test/widget_test.dart:20:5)
<asynchronous suspension>
#85     testWidgets.<anonymous closure>.<anonymous closure> (package:flutter_test/src/widget_tester.dart:192:15)
<asynchronous suspension>
#86     TestWidgetsFlutterBinding._runTestBody (package:flutter_test/src/binding.dart:1059:5)
<asynchronous suspension>
<asynchronous suspension>
(elided 5 frames from class _AssertionError, dart:async, and package:stack_trace)

The following RenderObject was being processed when the exception was fired: RenderFlex#aa1cb relayoutBoundary=up26 NEEDS-LAYOUT NEEDS-PAINT:
  creator: Column ΓåÉ LayoutBuilder ΓåÉ Padding ΓåÉ Stack ΓåÉ Padding ΓåÉ DecoratedBox ΓåÉ Container ΓåÉ Stack ΓåÉ
    Listener ΓåÉ _GestureSemantics ΓåÉ RawGestureDetector ΓåÉ GestureDetector ΓåÉ Γï»
  parentData: offset=Offset(0.0, 0.0) (can use size)
  constraints: BoxConstraints(0.0<=w<=718.0, 0.0<=h<=Infinity)
  size: MISSING
  direction: vertical
  mainAxisAlignment: start
  mainAxisSize: max
  crossAxisAlignment: stretch
  verticalDirection: down
  spacing: 0.0
This RenderObject had the following descendants (showing up to depth 5):
    child 1: RenderPositionedBox#5029c relayoutBoundary=up27 NEEDS-PAINT
      child: RenderDecoratedBox#d57f4 relayoutBoundary=up28 NEEDS-PAINT
        child: RenderPadding#50332 relayoutBoundary=up29 NEEDS-PAINT
          child: RenderParagraph#90228 relayoutBoundary=up30 NEEDS-PAINT
            text: TextSpan
    child 2: RenderConstrainedBox#a0fd6 relayoutBoundary=up27 NEEDS-PAINT
    child 3: RenderFlex#b3cf9 relayoutBoundary=up27 NEEDS-PAINT
      child 1: RenderFlex#f1f04 relayoutBoundary=up28 NEEDS-PAINT
        child 1: RenderFittedBox#b6007 relayoutBoundary=up29 NEEDS-PAINT
          child: RenderFlex#d6f17 relayoutBoundary=up30 NEEDS-PAINT
            child 1: RenderParagraph#67186 relayoutBoundary=up31 NEEDS-PAINT
            child 2: RenderConstrainedBox#5085d relayoutBoundary=up31 NEEDS-PAINT
            child 3: RenderPadding#7cb01 relayoutBoundary=up31 NEEDS-PAINT
        child 2: RenderConstrainedBox#6aabe relayoutBoundary=up29 NEEDS-PAINT
        child 3: RenderPadding#62bef relayoutBoundary=up29 NEEDS-PAINT
          child: RenderFlex#7ce43 relayoutBoundary=up30 NEEDS-PAINT
            child 1: RenderConstrainedBox#d52ad relayoutBoundary=up31 NEEDS-PAINT
            child 2: RenderParagraph#8b3d0 relayoutBoundary=up31 NEEDS-PAINT
        child 4: RenderPadding#e6854 relayoutBoundary=up29 NEEDS-PAINT
          child: RenderFlex#65ef6 relayoutBoundary=up30 NEEDS-PAINT
            child 1: RenderConstrainedBox#fdc29 relayoutBoundary=up31 NEEDS-PAINT
            child 2: RenderParagraph#bab90 relayoutBoundary=up31 NEEDS-PAINT
        child 5: RenderPadding#ab2e0 relayoutBoundary=up29 NEEDS-PAINT
          child: RenderFlex#056f0 relayoutBoundary=up30 NEEDS-PAINT
            child 1: RenderConstrainedBox#3f59d relayoutBoundary=up31 NEEDS-PAINT
            child 2: RenderParagraph#76843 relayoutBoundary=up31 NEEDS-PAINT
    ...(descendants list truncated after 25 lines)
ΓòÉΓòÉΓòÉΓòÉΓòÉΓòÉΓòÉΓòÉΓòÉΓòÉΓòÉΓòÉΓòÉΓòÉΓòÉΓòÉΓòÉΓòÉΓòÉΓòÉΓòÉΓòÉΓòÉΓòÉΓòÉΓòÉΓòÉΓòÉΓòÉΓòÉΓòÉΓòÉΓòÉΓòÉΓòÉΓòÉΓòÉΓòÉΓòÉΓòÉΓòÉΓòÉΓòÉΓòÉΓòÉΓòÉΓòÉΓòÉΓòÉΓòÉΓòÉΓòÉΓòÉΓòÉΓòÉΓòÉΓòÉΓòÉΓòÉΓòÉΓòÉΓòÉΓòÉΓòÉΓòÉΓòÉΓòÉΓòÉΓòÉΓòÉΓòÉΓòÉΓòÉΓòÉΓòÉΓòÉΓòÉΓòÉΓòÉΓòÉΓòÉΓòÉΓòÉΓòÉΓòÉΓòÉΓòÉΓòÉΓòÉΓòÉΓòÉΓòÉΓòÉΓòÉΓòÉΓòÉΓòÉΓòÉΓòÉΓòÉ
ΓòÉΓòÉΓòí EXCEPTION CAUGHT BY RENDERING LIBRARY Γò₧ΓòÉΓòÉΓòÉΓòÉΓòÉΓòÉΓòÉΓòÉΓòÉΓòÉΓòÉΓòÉΓòÉΓòÉΓòÉΓòÉΓòÉΓòÉΓòÉΓòÉΓòÉΓòÉΓòÉΓòÉΓòÉΓòÉΓòÉΓòÉΓòÉΓòÉΓòÉΓòÉΓòÉΓòÉΓòÉΓòÉΓòÉΓòÉΓòÉΓòÉΓòÉΓòÉΓòÉΓòÉΓòÉΓòÉΓòÉΓòÉΓòÉΓòÉΓòÉΓòÉΓòÉΓòÉΓòÉΓòÉΓòÉ
The following assertion was thrown during performLayout():
RenderBox was not laid out: RenderFlex#aa1cb relayoutBoundary=up26 NEEDS-PAINT
'package:flutter/src/rendering/box.dart':
Failed assertion: line 2251 pos 12: 'hasSize'

Either the assertion indicates an error in the framework itself, or we should provide substantially
more information in this error message to help you determine and fix the underlying cause.
In either case, please report this assertion by filing a bug on GitHub:
  https://github.com/flutter/flutter/issues/new?template=02_bug.yml

The relevant error-causing widget was:
  LayoutBuilder
  LayoutBuilder:file:///D:/Mystery/programming/projects/PYTHON_PROJECTS/focus/focus_gg/focus_flutter/lib/features/dashboard/dashboard_screen.dart:197:18

When the exception was thrown, this was the stack:
#2      RenderBox.size (package:flutter/src/rendering/box.dart:2251:12)
#3      _RenderLayoutBuilder.performLayout (package:flutter/src/widgets/layout_builder.dart:451:43)
#4      RenderObject.layout (package:flutter/src/rendering/object.dart:2775:7)
#5      RenderPadding.performLayout (package:flutter/src/rendering/shifted_box.dart:243:12)
#6      RenderObject.layout (package:flutter/src/rendering/object.dart:2775:7)
#7      ChildLayoutHelper.layoutChild (package:flutter/src/rendering/layout_helper.dart:62:11)
#8      RenderStack._computeSize (package:flutter/src/rendering/stack.dart:645:43)
#9      RenderStack.performLayout (package:flutter/src/rendering/stack.dart:680:12)
#10     RenderObject.layout (package:flutter/src/rendering/object.dart:2775:7)
#11     RenderPadding.performLayout (package:flutter/src/rendering/shifted_box.dart:243:12)
#12     RenderObject.layout (package:flutter/src/rendering/object.dart:2775:7)
#13     RenderProxyBoxMixin.performLayout (package:flutter/src/rendering/proxy_box.dart:115:18)
#14     RenderObject.layout (package:flutter/src/rendering/object.dart:2775:7)
#15     ChildLayoutHelper.layoutChild (package:flutter/src/rendering/layout_helper.dart:62:11)
#16     RenderStack._computeSize (package:flutter/src/rendering/stack.dart:645:43)
#17     RenderStack.performLayout (package:flutter/src/rendering/stack.dart:680:12)
#18     RenderObject.layout (package:flutter/src/rendering/object.dart:2775:7)
#19     RenderProxyBoxMixin.performLayout (package:flutter/src/rendering/proxy_box.dart:115:18)
#20     RenderObject.layout (package:flutter/src/rendering/object.dart:2775:7)
#21     RenderProxyBoxMixin.performLayout (package:flutter/src/rendering/proxy_box.dart:115:18)
#22     RenderObject.layout (package:flutter/src/rendering/object.dart:2775:7)
#23     ChildLayoutHelper.layoutChild (package:flutter/src/rendering/layout_helper.dart:62:11)
#24     RenderStack._computeSize (package:flutter/src/rendering/stack.dart:645:43)
#25     RenderStack.performLayout (package:flutter/src/rendering/stack.dart:680:12)
#26     RenderObject.layout (package:flutter/src/rendering/object.dart:2775:7)
#27     RenderProxyBoxMixin.performLayout (package:flutter/src/rendering/proxy_box.dart:115:18)
#28     RenderObject.layout (package:flutter/src/rendering/object.dart:2775:7)
#29     RenderProxyBoxMixin.performLayout (package:flutter/src/rendering/proxy_box.dart:115:18)
#30     RenderObject.layout (package:flutter/src/rendering/object.dart:2775:7)
#31     ChildLayoutHelper.layoutChild (package:flutter/src/rendering/layout_helper.dart:62:11)
#32     RenderFlex._computeSizes (package:flutter/src/rendering/flex.dart:1161:28)
#33     RenderFlex.performLayout (package:flutter/src/rendering/flex.dart:1257:32)
#34     RenderObject.layout (package:flutter/src/rendering/object.dart:2775:7)
#35     RenderPadding.performLayout (package:flutter/src/rendering/shifted_box.dart:243:12)
#36     RenderObject.layout (package:flutter/src/rendering/object.dart:2775:7)
#37     RenderConstrainedBox.performLayout (package:flutter/src/rendering/proxy_box.dart:293:14)
#38     RenderObject.layout (package:flutter/src/rendering/object.dart:2775:7)
#39     RenderPositionedBox.performLayout (package:flutter/src/rendering/shifted_box.dart:465:14)
#40     RenderObject.layout (package:flutter/src/rendering/object.dart:2775:7)
#41     RenderPadding.performLayout (package:flutter/src/rendering/shifted_box.dart:243:12)
#42     RenderObject.layout (package:flutter/src/rendering/object.dart:2775:7)
#43     _RenderSingleChildViewport.performLayout (package:flutter/src/widgets/single_child_scroll_view.dart:502:14)
#44     RenderObject.layout (package:flutter/src/rendering/object.dart:2775:7)
#45     RenderProxyBoxMixin.performLayout (package:flutter/src/rendering/proxy_box.dart:115:18)
#46     RenderObject.layout (package:flutter/src/rendering/object.dart:2775:7)
#47     RenderProxyBoxMixin.performLayout (package:flutter/src/rendering/proxy_box.dart:115:18)
#48     RenderObject.layout (package:flutter/src/rendering/object.dart:2775:7)
#49     RenderProxyBoxMixin.performLayout (package:flutter/src/rendering/proxy_box.dart:115:18)
#50     RenderObject.layout (package:flutter/src/rendering/object.dart:2775:7)
#51     RenderProxyBoxMixin.performLayout (package:flutter/src/rendering/proxy_box.dart:115:18)
#52     RenderObject.layout (package:flutter/src/rendering/object.dart:2775:7)
#53     RenderProxyBoxMixin.performLayout (package:flutter/src/rendering/proxy_box.dart:115:18)
#54     RenderObject.layout (package:flutter/src/rendering/object.dart:2775:7)
#55     RenderProxyBoxMixin.performLayout (package:flutter/src/rendering/proxy_box.dart:115:18)
#56     RenderObject.layout (package:flutter/src/rendering/object.dart:2775:7)
#57     RenderProxyBoxMixin.performLayout (package:flutter/src/rendering/proxy_box.dart:115:18)
#58     RenderObject.layout (package:flutter/src/rendering/object.dart:2775:7)
#59     RenderProxyBoxMixin.performLayout (package:flutter/src/rendering/proxy_box.dart:115:18)
#60     _RenderCustomClip.performLayout (package:flutter/src/rendering/proxy_box.dart:1481:11)
#61     RenderObject.layout (package:flutter/src/rendering/object.dart:2775:7)
#62     MultiChildLayoutDelegate.layoutChild (package:flutter/src/rendering/custom_layout.dart:180:12)
#63     _ScaffoldLayout.performLayout (package:flutter/src/material/scaffold.dart:1112:7)
#64     MultiChildLayoutDelegate._callPerformLayout (package:flutter/src/rendering/custom_layout.dart:249:7)
#65     RenderCustomMultiChildLayoutBox.performLayout (package:flutter/src/rendering/custom_layout.dart:420:14)
#66     RenderObject._layoutWithoutResize (package:flutter/src/rendering/object.dart:2623:7)
#67     PipelineOwner.flushLayout (package:flutter/src/rendering/object.dart:1170:18)
#68     PipelineOwner.flushLayout (package:flutter/src/rendering/object.dart:1183:15)
#69     AutomatedTestWidgetsFlutterBinding.drawFrame (package:flutter_test/src/binding.dart:1508:27)
#70     RendererBinding._handlePersistentFrameCallback (package:flutter/src/rendering/binding.dart:495:5)
#71     SchedulerBinding._invokeFrameCallback (package:flutter/src/scheduler/binding.dart:1434:15)
#72     SchedulerBinding.handleDrawFrame (package:flutter/src/scheduler/binding.dart:1347:9)
#73     AutomatedTestWidgetsFlutterBinding.pump.<anonymous closure> (package:flutter_test/src/binding.dart:1335:9)
#76     TestAsyncUtils.guard (package:flutter_test/src/test_async_utils.dart:74:41)
#77     AutomatedTestWidgetsFlutterBinding.pump (package:flutter_test/src/binding.dart:1324:27)
#78     WidgetTester.pumpAndSettle.<anonymous closure> (package:flutter_test/src/widget_tester.dart:719:23)
<asynchronous suspension>
#79     TestAsyncUtils.guard.<anonymous closure> (package:flutter_test/src/test_async_utils.dart:130:27)
<asynchronous suspension>
#80     main.<anonymous closure> (file:///D:/Mystery/programming/projects/PYTHON_PROJECTS/focus/focus_gg/focus_flutter/test/widget_test.dart:20:5)
<asynchronous suspension>
#81     testWidgets.<anonymous closure>.<anonymous closure> (package:flutter_test/src/widget_tester.dart:192:15)
<asynchronous suspension>
#82     TestWidgetsFlutterBinding._runTestBody (package:flutter_test/src/binding.dart:1059:5)
<asynchronous suspension>
<asynchronous suspension>
(elided 5 frames from class _AssertionError, dart:async, and package:stack_trace)

The following RenderObject was being processed when the exception was fired: _RenderLayoutBuilder#af538 relayoutBoundary=up25 NEEDS-LAYOUT NEEDS-PAINT:
  creator: LayoutBuilder ΓåÉ Padding ΓåÉ Stack ΓåÉ Padding ΓåÉ DecoratedBox ΓåÉ Container ΓåÉ Stack ΓåÉ Listener ΓåÉ
    _GestureSemantics ΓåÉ RawGestureDetector ΓåÉ GestureDetector ΓåÉ CyberCard ΓåÉ Γï»
  parentData: offset=Offset(16.0, 16.0) (can use size)
  constraints: BoxConstraints(0.0<=w<=718.0, 0.0<=h<=Infinity)
  size: MISSING
This RenderObject had the following descendants (showing up to depth 5):
    child: RenderFlex#aa1cb relayoutBoundary=up26 NEEDS-PAINT
      child 1: RenderPositionedBox#5029c relayoutBoundary=up27 NEEDS-PAINT
        child: RenderDecoratedBox#d57f4 relayoutBoundary=up28 NEEDS-PAINT
          child: RenderPadding#50332 relayoutBoundary=up29 NEEDS-PAINT
            child: RenderParagraph#90228 relayoutBoundary=up30 NEEDS-PAINT
      child 2: RenderConstrainedBox#a0fd6 relayoutBoundary=up27 NEEDS-PAINT
      child 3: RenderFlex#b3cf9 relayoutBoundary=up27 NEEDS-PAINT
        child 1: RenderFlex#f1f04 relayoutBoundary=up28 NEEDS-PAINT
          child 1: RenderFittedBox#b6007 relayoutBoundary=up29 NEEDS-PAINT
            child: RenderFlex#d6f17 relayoutBoundary=up30 NEEDS-PAINT
          child 2: RenderConstrainedBox#6aabe relayoutBoundary=up29 NEEDS-PAINT
          child 3: RenderPadding#62bef relayoutBoundary=up29 NEEDS-PAINT
            child: RenderFlex#7ce43 relayoutBoundary=up30 NEEDS-PAINT
          child 4: RenderPadding#e6854 relayoutBoundary=up29 NEEDS-PAINT
            child: RenderFlex#65ef6 relayoutBoundary=up30 NEEDS-PAINT
          child 5: RenderPadding#ab2e0 relayoutBoundary=up29 NEEDS-PAINT
            child: RenderFlex#056f0 relayoutBoundary=up30 NEEDS-PAINT
        child 2: RenderConstrainedBox#47fa4 relayoutBoundary=up28 NEEDS-PAINT
        child 3: RenderFlex#cfa20 relayoutBoundary=up28 NEEDS-PAINT
          child 1: RenderFlex#e845d relayoutBoundary=up29 NEEDS-PAINT
            child 1: RenderPadding#72fd1 relayoutBoundary=up30 NEEDS-PAINT
            child 2: RenderPhysicalModel#e7b79 relayoutBoundary=up30 NEEDS-PAINT
          child 2: RenderConstrainedBox#fe7ce relayoutBoundary=up29 NEEDS-PAINT
          child 3: RenderFlex#ca726 relayoutBoundary=up29 NEEDS-PAINT
            child 1: RenderPadding#b96a6 relayoutBoundary=up30 NEEDS-PAINT
            child 2: RenderPhysicalModel#3f598 relayoutBoundary=up30 NEEDS-PAINT
          child 4: RenderConstrainedBox#6f87b relayoutBoundary=up29 NEEDS-PAINT
          child 5: RenderFlex#5d15d relayoutBoundary=up29 NEEDS-PAINT
            child 1: RenderPadding#776a6 relayoutBoundary=up30 NEEDS-PAINT
    ...(descendants list truncated after 25 lines)
ΓòÉΓòÉΓòÉΓòÉΓòÉΓòÉΓòÉΓòÉΓòÉΓòÉΓòÉΓòÉΓòÉΓòÉΓòÉΓòÉΓòÉΓòÉΓòÉΓòÉΓòÉΓòÉΓòÉΓòÉΓòÉΓòÉΓòÉΓòÉΓòÉΓòÉΓòÉΓòÉΓòÉΓòÉΓòÉΓòÉΓòÉΓòÉΓòÉΓòÉΓòÉΓòÉΓòÉΓòÉΓòÉΓòÉΓòÉΓòÉΓòÉΓòÉΓòÉΓòÉΓòÉΓòÉΓòÉΓòÉΓòÉΓòÉΓòÉΓòÉΓòÉΓòÉΓòÉΓòÉΓòÉΓòÉΓòÉΓòÉΓòÉΓòÉΓòÉΓòÉΓòÉΓòÉΓòÉΓòÉΓòÉΓòÉΓòÉΓòÉΓòÉΓòÉΓòÉΓòÉΓòÉΓòÉΓòÉΓòÉΓòÉΓòÉΓòÉΓòÉΓòÉΓòÉΓòÉΓòÉΓòÉΓòÉΓòÉΓòÉ
ΓòÉΓòÉΓòí EXCEPTION CAUGHT BY RENDERING LIBRARY Γò₧ΓòÉΓòÉΓòÉΓòÉΓòÉΓòÉΓòÉΓòÉΓòÉΓòÉΓòÉΓòÉΓòÉΓòÉΓòÉΓòÉΓòÉΓòÉΓòÉΓòÉΓòÉΓòÉΓòÉΓòÉΓòÉΓòÉΓòÉΓòÉΓòÉΓòÉΓòÉΓòÉΓòÉΓòÉΓòÉΓòÉΓòÉΓòÉΓòÉΓòÉΓòÉΓòÉΓòÉΓòÉΓòÉΓòÉΓòÉΓòÉΓòÉΓòÉΓòÉΓòÉΓòÉΓòÉΓòÉΓòÉΓòÉ
The following assertion was thrown during performLayout():
RenderBox was not laid out: _RenderLayoutBuilder#af538 relayoutBoundary=up25 NEEDS-PAINT
'package:flutter/src/rendering/box.dart':
Failed assertion: line 2251 pos 12: 'hasSize'

Either the assertion indicates an error in the framework itself, or we should provide substantially
more information in this error message to help you determine and fix the underlying cause.
In either case, please report this assertion by filing a bug on GitHub:
  https://github.com/flutter/flutter/issues/new?template=02_bug.yml

The relevant error-causing widget was:
  Padding
  Padding:file:///D:/Mystery/programming/projects/PYTHON_PROJECTS/focus/focus_gg/focus_flutter/lib/shared/widgets/cyber_card.dart:57:17

When the exception was thrown, this was the stack:
#2      RenderBox.size (package:flutter/src/rendering/box.dart:2251:12)
#3      RenderPadding.performLayout (package:flutter/src/rendering/shifted_box.dart:247:40)
#4      RenderObject.layout (package:flutter/src/rendering/object.dart:2775:7)
#5      ChildLayoutHelper.layoutChild (package:flutter/src/rendering/layout_helper.dart:62:11)
#6      RenderStack._computeSize (package:flutter/src/rendering/stack.dart:645:43)
#7      RenderStack.performLayout (package:flutter/src/rendering/stack.dart:680:12)
#8      RenderObject.layout (package:flutter/src/rendering/object.dart:2775:7)
#9      RenderPadding.performLayout (package:flutter/src/rendering/shifted_box.dart:243:12)
#10     RenderObject.layout (package:flutter/src/rendering/object.dart:2775:7)
#11     RenderProxyBoxMixin.performLayout (package:flutter/src/rendering/proxy_box.dart:115:18)
#12     RenderObject.layout (package:flutter/src/rendering/object.dart:2775:7)
#13     ChildLayoutHelper.layoutChild (package:flutter/src/rendering/layout_helper.dart:62:11)
#14     RenderStack._computeSize (package:flutter/src/rendering/stack.dart:645:43)
#15     RenderStack.performLayout (package:flutter/src/rendering/stack.dart:680:12)
#16     RenderObject.layout (package:flutter/src/rendering/object.dart:2775:7)
#17     RenderProxyBoxMixin.performLayout (package:flutter/src/rendering/proxy_box.dart:115:18)
#18     RenderObject.layout (package:flutter/src/rendering/object.dart:2775:7)
#19     RenderProxyBoxMixin.performLayout (package:flutter/src/rendering/proxy_box.dart:115:18)
#20     RenderObject.layout (package:flutter/src/rendering/object.dart:2775:7)
#21     ChildLayoutHelper.layoutChild (package:flutter/src/rendering/layout_helper.dart:62:11)
#22     RenderStack._computeSize (package:flutter/src/rendering/stack.dart:645:43)
#23     RenderStack.performLayout (package:flutter/src/rendering/stack.dart:680:12)
#24     RenderObject.layout (package:flutter/src/rendering/object.dart:2775:7)
#25     RenderProxyBoxMixin.performLayout (package:flutter/src/rendering/proxy_box.dart:115:18)
#26     RenderObject.layout (package:flutter/src/rendering/object.dart:2775:7)
#27     RenderProxyBoxMixin.performLayout (package:flutter/src/rendering/proxy_box.dart:115:18)
#28     RenderObject.layout (package:flutter/src/rendering/object.dart:2775:7)
#29     ChildLayoutHelper.layoutChild (package:flutter/src/rendering/layout_helper.dart:62:11)
#30     RenderFlex._computeSizes (package:flutter/src/rendering/flex.dart:1161:28)
#31     RenderFlex.performLayout (package:flutter/src/rendering/flex.dart:1257:32)
#32     RenderObject.layout (package:flutter/src/rendering/object.dart:2775:7)
#33     RenderPadding.performLayout (package:flutter/src/rendering/shifted_box.dart:243:12)
#34     RenderObject.layout (package:flutter/src/rendering/object.dart:2775:7)
#35     RenderConstrainedBox.performLayout (package:flutter/src/rendering/proxy_box.dart:293:14)
#36     RenderObject.layout (package:flutter/src/rendering/object.dart:2775:7)
#37     RenderPositionedBox.performLayout (package:flutter/src/rendering/shifted_box.dart:465:14)
#38     RenderObject.layout (package:flutter/src/rendering/object.dart:2775:7)
#39     RenderPadding.performLayout (package:flutter/src/rendering/shifted_box.dart:243:12)
#40     RenderObject.layout (package:flutter/src/rendering/object.dart:2775:7)
#41     _RenderSingleChildViewport.performLayout (package:flutter/src/widgets/single_child_scroll_view.dart:502:14)
#42     RenderObject.layout (package:flutter/src/rendering/object.dart:2775:7)
#43     RenderProxyBoxMixin.performLayout (package:flutter/src/rendering/proxy_box.dart:115:18)
#44     RenderObject.layout (package:flutter/src/rendering/object.dart:2775:7)
#45     RenderProxyBoxMixin.performLayout (package:flutter/src/rendering/proxy_box.dart:115:18)
#46     RenderObject.layout (package:flutter/src/rendering/object.dart:2775:7)
#47     RenderProxyBoxMixin.performLayout (package:flutter/src/rendering/proxy_box.dart:115:18)
#48     RenderObject.layout (package:flutter/src/rendering/object.dart:2775:7)
#49     RenderProxyBoxMixin.performLayout (package:flutter/src/rendering/proxy_box.dart:115:18)
#50     RenderObject.layout (package:flutter/src/rendering/object.dart:2775:7)
#51     RenderProxyBoxMixin.performLayout (package:flutter/src/rendering/proxy_box.dart:115:18)
#52     RenderObject.layout (package:flutter/src/rendering/object.dart:2775:7)
#53     RenderProxyBoxMixin.performLayout (package:flutter/src/rendering/proxy_box.dart:115:18)
#54     RenderObject.layout (package:flutter/src/rendering/object.dart:2775:7)
#55     RenderProxyBoxMixin.performLayout (package:flutter/src/rendering/proxy_box.dart:115:18)
#56     RenderObject.layout (package:flutter/src/rendering/object.dart:2775:7)
#57     RenderProxyBoxMixin.performLayout (package:flutter/src/rendering/proxy_box.dart:115:18)
#58     _RenderCustomClip.performLayout (package:flutter/src/rendering/proxy_box.dart:1481:11)
#59     RenderObject.layout (package:flutter/src/rendering/object.dart:2775:7)
#60     MultiChildLayoutDelegate.layoutChild (package:flutter/src/rendering/custom_layout.dart:180:12)
#61     _ScaffoldLayout.performLayout (package:flutter/src/material/scaffold.dart:1112:7)
#62     MultiChildLayoutDelegate._callPerformLayout (package:flutter/src/rendering/custom_layout.dart:249:7)
#63     RenderCustomMultiChildLayoutBox.performLayout (package:flutter/src/rendering/custom_layout.dart:420:14)
#64     RenderObject._layoutWithoutResize (package:flutter/src/rendering/object.dart:2623:7)
#65     PipelineOwner.flushLayout (package:flutter/src/rendering/object.dart:1170:18)
#66     PipelineOwner.flushLayout (package:flutter/src/rendering/object.dart:1183:15)
#67     AutomatedTestWidgetsFlutterBinding.drawFrame (package:flutter_test/src/binding.dart:1508:27)
#68     RendererBinding._handlePersistentFrameCallback (package:flutter/src/rendering/binding.dart:495:5)
#69     SchedulerBinding._invokeFrameCallback (package:flutter/src/scheduler/binding.dart:1434:15)
#70     SchedulerBinding.handleDrawFrame (package:flutter/src/scheduler/binding.dart:1347:9)
#71     AutomatedTestWidgetsFlutterBinding.pump.<anonymous closure> (package:flutter_test/src/binding.dart:1335:9)
#74     TestAsyncUtils.guard (package:flutter_test/src/test_async_utils.dart:74:41)
#75     AutomatedTestWidgetsFlutterBinding.pump (package:flutter_test/src/binding.dart:1324:27)
#76     WidgetTester.pumpAndSettle.<anonymous closure> (package:flutter_test/src/widget_tester.dart:719:23)
<asynchronous suspension>
#77     TestAsyncUtils.guard.<anonymous closure> (package:flutter_test/src/test_async_utils.dart:130:27)
<asynchronous suspension>
#78     main.<anonymous closure> (file:///D:/Mystery/programming/projects/PYTHON_PROJECTS/focus/focus_gg/focus_flutter/test/widget_test.dart:20:5)
<asynchronous suspension>
#79     testWidgets.<anonymous closure>.<anonymous closure> (package:flutter_test/src/widget_tester.dart:192:15)
<asynchronous suspension>
#80     TestWidgetsFlutterBinding._runTestBody (package:flutter_test/src/binding.dart:1059:5)
<asynchronous suspension>
<asynchronous suspension>
(elided 5 frames from class _AssertionError, dart:async, and package:stack_trace)

The following RenderObject was being processed when the exception was fired: RenderPadding#d05ee relayoutBoundary=up24 NEEDS-LAYOUT NEEDS-PAINT:
  creator: Padding ΓåÉ Stack ΓåÉ Padding ΓåÉ DecoratedBox ΓåÉ Container ΓåÉ Stack ΓåÉ Listener ΓåÉ _GestureSemantics
    ΓåÉ RawGestureDetector ΓåÉ GestureDetector ΓåÉ CyberCard ΓåÉ Stack ΓåÉ Γï»
  parentData: not positioned; offset=Offset(0.0, 0.0) (can use size)
  constraints: BoxConstraints(0.0<=w<=750.0, 0.0<=h<=Infinity)
  size: MISSING
  padding: EdgeInsets.all(16.0)
  textDirection: ltr
This RenderObject had the following descendants (showing up to depth 5):
    child: _RenderLayoutBuilder#af538 relayoutBoundary=up25 NEEDS-PAINT
      child: RenderFlex#aa1cb relayoutBoundary=up26 NEEDS-PAINT
        child 1: RenderPositionedBox#5029c relayoutBoundary=up27 NEEDS-PAINT
          child: RenderDecoratedBox#d57f4 relayoutBoundary=up28 NEEDS-PAINT
            child: RenderPadding#50332 relayoutBoundary=up29 NEEDS-PAINT
        child 2: RenderConstrainedBox#a0fd6 relayoutBoundary=up27 NEEDS-PAINT
        child 3: RenderFlex#b3cf9 relayoutBoundary=up27 NEEDS-PAINT
          child 1: RenderFlex#f1f04 relayoutBoundary=up28 NEEDS-PAINT
            child 1: RenderFittedBox#b6007 relayoutBoundary=up29 NEEDS-PAINT
            child 2: RenderConstrainedBox#6aabe relayoutBoundary=up29 NEEDS-PAINT
            child 3: RenderPadding#62bef relayoutBoundary=up29 NEEDS-PAINT
            child 4: RenderPadding#e6854 relayoutBoundary=up29 NEEDS-PAINT
            child 5: RenderPadding#ab2e0 relayoutBoundary=up29 NEEDS-PAINT
          child 2: RenderConstrainedBox#47fa4 relayoutBoundary=up28 NEEDS-PAINT
          child 3: RenderFlex#cfa20 relayoutBoundary=up28 NEEDS-PAINT
            child 1: RenderFlex#e845d relayoutBoundary=up29 NEEDS-PAINT
            child 2: RenderConstrainedBox#fe7ce relayoutBoundary=up29 NEEDS-PAINT
            child 3: RenderFlex#ca726 relayoutBoundary=up29 NEEDS-PAINT
            child 4: RenderConstrainedBox#6f87b relayoutBoundary=up29 NEEDS-PAINT
            child 5: RenderFlex#5d15d relayoutBoundary=up29 NEEDS-PAINT
            child 6: RenderConstrainedBox#54035 relayoutBoundary=up29 NEEDS-PAINT
            child 7: RenderFlex#25cc0 relayoutBoundary=up29 NEEDS-PAINT
        child 4: RenderConstrainedBox#5d447 relayoutBoundary=up27 NEEDS-PAINT
        child 5: RenderFlex#c9e0f relayoutBoundary=up27 NEEDS-PAINT
          child 1: RenderWrap#c6f67 NEEDS-LAYOUT NEEDS-PAINT
            child 1: RenderFittedBox#0ee63 NEEDS-LAYOUT NEEDS-PAINT
            child 2: RenderFittedBox#94987 NEEDS-LAYOUT NEEDS-PAINT
            child 3: RenderFittedBox#4a326 NEEDS-LAYOUT NEEDS-PAINT
            child 4: RenderFittedBox#8d9c2 NEEDS-LAYOUT NEEDS-PAINT
    ...(descendants list truncated after 25 lines)
ΓòÉΓòÉΓòÉΓòÉΓòÉΓòÉΓòÉΓòÉΓòÉΓòÉΓòÉΓòÉΓòÉΓòÉΓòÉΓòÉΓòÉΓòÉΓòÉΓòÉΓòÉΓòÉΓòÉΓòÉΓòÉΓòÉΓòÉΓòÉΓòÉΓòÉΓòÉΓòÉΓòÉΓòÉΓòÉΓòÉΓòÉΓòÉΓòÉΓòÉΓòÉΓòÉΓòÉΓòÉΓòÉΓòÉΓòÉΓòÉΓòÉΓòÉΓòÉΓòÉΓòÉΓòÉΓòÉΓòÉΓòÉΓòÉΓòÉΓòÉΓòÉΓòÉΓòÉΓòÉΓòÉΓòÉΓòÉΓòÉΓòÉΓòÉΓòÉΓòÉΓòÉΓòÉΓòÉΓòÉΓòÉΓòÉΓòÉΓòÉΓòÉΓòÉΓòÉΓòÉΓòÉΓòÉΓòÉΓòÉΓòÉΓòÉΓòÉΓòÉΓòÉΓòÉΓòÉΓòÉΓòÉΓòÉΓòÉΓòÉ
ΓòÉΓòÉΓòí EXCEPTION CAUGHT BY RENDERING LIBRARY Γò₧ΓòÉΓòÉΓòÉΓòÉΓòÉΓòÉΓòÉΓòÉΓòÉΓòÉΓòÉΓòÉΓòÉΓòÉΓòÉΓòÉΓòÉΓòÉΓòÉΓòÉΓòÉΓòÉΓòÉΓòÉΓòÉΓòÉΓòÉΓòÉΓòÉΓòÉΓòÉΓòÉΓòÉΓòÉΓòÉΓòÉΓòÉΓòÉΓòÉΓòÉΓòÉΓòÉΓòÉΓòÉΓòÉΓòÉΓòÉΓòÉΓòÉΓòÉΓòÉΓòÉΓòÉΓòÉΓòÉΓòÉΓòÉ
The following assertion was thrown during performLayout():
RenderBox was not laid out: RenderPadding#d05ee relayoutBoundary=up24 NEEDS-PAINT
'package:flutter/src/rendering/box.dart':
Failed assertion: line 2251 pos 12: 'hasSize'

Either the assertion indicates an error in the framework itself, or we should provide substantially
more information in this error message to help you determine and fix the underlying cause.
In either case, please report this assertion by filing a bug on GitHub:
  https://github.com/flutter/flutter/issues/new?template=02_bug.yml

The relevant error-causing widget was:
  Stack
  Stack:file:///D:/Mystery/programming/projects/PYTHON_PROJECTS/focus/focus_gg/focus_flutter/lib/shared/widgets/cyber_card.dart:37:20

When the exception was thrown, this was the stack:
#2      RenderBox.size (package:flutter/src/rendering/box.dart:2251:12)
#3      ChildLayoutHelper.layoutChild (package:flutter/src/rendering/layout_helper.dart:63:18)
#4      RenderStack._computeSize (package:flutter/src/rendering/stack.dart:645:43)
#5      RenderStack.performLayout (package:flutter/src/rendering/stack.dart:680:12)
#6      RenderObject.layout (package:flutter/src/rendering/object.dart:2775:7)
#7      RenderPadding.performLayout (package:flutter/src/rendering/shifted_box.dart:243:12)
#8      RenderObject.layout (package:flutter/src/rendering/object.dart:2775:7)
#9      RenderProxyBoxMixin.performLayout (package:flutter/src/rendering/proxy_box.dart:115:18)
#10     RenderObject.layout (package:flutter/src/rendering/object.dart:2775:7)
#11     ChildLayoutHelper.layoutChild (package:flutter/src/rendering/layout_helper.dart:62:11)
#12     RenderStack._computeSize (package:flutter/src/rendering/stack.dart:645:43)
#13     RenderStack.performLayout (package:flutter/src/rendering/stack.dart:680:12)
#14     RenderObject.layout (package:flutter/src/rendering/object.dart:2775:7)
#15     RenderProxyBoxMixin.performLayout (package:flutter/src/rendering/proxy_box.dart:115:18)
#16     RenderObject.layout (package:flutter/src/rendering/object.dart:2775:7)
#17     RenderProxyBoxMixin.performLayout (package:flutter/src/rendering/proxy_box.dart:115:18)
#18     RenderObject.layout (package:flutter/src/rendering/object.dart:2775:7)
#19     ChildLayoutHelper.layoutChild (package:flutter/src/rendering/layout_helper.dart:62:11)
#20     RenderStack._computeSize (package:flutter/src/rendering/stack.dart:645:43)
#21     RenderStack.performLayout (package:flutter/src/rendering/stack.dart:680:12)
#22     RenderObject.layout (package:flutter/src/rendering/object.dart:2775:7)
#23     RenderProxyBoxMixin.performLayout (package:flutter/src/rendering/proxy_box.dart:115:18)
#24     RenderObject.layout (package:flutter/src/rendering/object.dart:2775:7)
#25     RenderProxyBoxMixin.performLayout (package:flutter/src/rendering/proxy_box.dart:115:18)
#26     RenderObject.layout (package:flutter/src/rendering/object.dart:2775:7)
#27     ChildLayoutHelper.layoutChild (package:flutter/src/rendering/layout_helper.dart:62:11)
#28     RenderFlex._computeSizes (package:flutter/src/rendering/flex.dart:1161:28)
#29     RenderFlex.performLayout (package:flutter/src/rendering/flex.dart:1257:32)
#30     RenderObject.layout (package:flutter/src/rendering/object.dart:2775:7)
#31     RenderPadding.performLayout (package:flutter/src/rendering/shifted_box.dart:243:12)
#32     RenderObject.layout (package:flutter/src/rendering/object.dart:2775:7)
#33     RenderConstrainedBox.performLayout (package:flutter/src/rendering/proxy_box.dart:293:14)
#34     RenderObject.layout (package:flutter/src/rendering/object.dart:2775:7)
#35     RenderPositionedBox.performLayout (package:flutter/src/rendering/shifted_box.dart:465:14)
#36     RenderObject.layout (package:flutter/src/rendering/object.dart:2775:7)
#37     RenderPadding.performLayout (package:flutter/src/rendering/shifted_box.dart:243:12)
#38     RenderObject.layout (package:flutter/src/rendering/object.dart:2775:7)
#39     _RenderSingleChildViewport.performLayout (package:flutter/src/widgets/single_child_scroll_view.dart:502:14)
#40     RenderObject.layout (package:flutter/src/rendering/object.dart:2775:7)
#41     RenderProxyBoxMixin.performLayout (package:flutter/src/rendering/proxy_box.dart:115:18)
#42     RenderObject.layout (package:flutter/src/rendering/object.dart:2775:7)
#43     RenderProxyBoxMixin.performLayout (package:flutter/src/rendering/proxy_box.dart:115:18)
#44     RenderObject.layout (package:flutter/src/rendering/object.dart:2775:7)
#45     RenderProxyBoxMixin.performLayout (package:flutter/src/rendering/proxy_box.dart:115:18)
#46     RenderObject.layout (package:flutter/src/rendering/object.dart:2775:7)
#47     RenderProxyBoxMixin.performLayout (package:flutter/src/rendering/proxy_box.dart:115:18)
#48     RenderObject.layout (package:flutter/src/rendering/object.dart:2775:7)
#49     RenderProxyBoxMixin.performLayout (package:flutter/src/rendering/proxy_box.dart:115:18)
#50     RenderObject.layout (package:flutter/src/rendering/object.dart:2775:7)
#51     RenderProxyBoxMixin.performLayout (package:flutter/src/rendering/proxy_box.dart:115:18)
#52     RenderObject.layout (package:flutter/src/rendering/object.dart:2775:7)
#53     RenderProxyBoxMixin.performLayout (package:flutter/src/rendering/proxy_box.dart:115:18)
#54     RenderObject.layout (package:flutter/src/rendering/object.dart:2775:7)
#55     RenderProxyBoxMixin.performLayout (package:flutter/src/rendering/proxy_box.dart:115:18)
#56     _RenderCustomClip.performLayout (package:flutter/src/rendering/proxy_box.dart:1481:11)
#57     RenderObject.layout (package:flutter/src/rendering/object.dart:2775:7)
#58     MultiChildLayoutDelegate.layoutChild (package:flutter/src/rendering/custom_layout.dart:180:12)
#59     _ScaffoldLayout.performLayout (package:flutter/src/material/scaffold.dart:1112:7)
#60     MultiChildLayoutDelegate._callPerformLayout (package:flutter/src/rendering/custom_layout.dart:249:7)
#61     RenderCustomMultiChildLayoutBox.performLayout (package:flutter/src/rendering/custom_layout.dart:420:14)
#62     RenderObject._layoutWithoutResize (package:flutter/src/rendering/object.dart:2623:7)
#63     PipelineOwner.flushLayout (package:flutter/src/rendering/object.dart:1170:18)
#64     PipelineOwner.flushLayout (package:flutter/src/rendering/object.dart:1183:15)
#65     AutomatedTestWidgetsFlutterBinding.drawFrame (package:flutter_test/src/binding.dart:1508:27)
#66     RendererBinding._handlePersistentFrameCallback (package:flutter/src/rendering/binding.dart:495:5)
#67     SchedulerBinding._invokeFrameCallback (package:flutter/src/scheduler/binding.dart:1434:15)
#68     SchedulerBinding.handleDrawFrame (package:flutter/src/scheduler/binding.dart:1347:9)
#69     AutomatedTestWidgetsFlutterBinding.pump.<anonymous closure> (package:flutter_test/src/binding.dart:1335:9)
#72     TestAsyncUtils.guard (package:flutter_test/src/test_async_utils.dart:74:41)
#73     AutomatedTestWidgetsFlutterBinding.pump (package:flutter_test/src/binding.dart:1324:27)
#74     WidgetTester.pumpAndSettle.<anonymous closure> (package:flutter_test/src/widget_tester.dart:719:23)
<asynchronous suspension>
#75     TestAsyncUtils.guard.<anonymous closure> (package:flutter_test/src/test_async_utils.dart:130:27)
<asynchronous suspension>
#76     main.<anonymous closure> (file:///D:/Mystery/programming/projects/PYTHON_PROJECTS/focus/focus_gg/focus_flutter/test/widget_test.dart:20:5)
<asynchronous suspension>
#77     testWidgets.<anonymous closure>.<anonymous closure> (package:flutter_test/src/widget_tester.dart:192:15)
<asynchronous suspension>
#78     TestWidgetsFlutterBinding._runTestBody (package:flutter_test/src/binding.dart:1059:5)
<asynchronous suspension>
<asynchronous suspension>
(elided 5 frames from class _AssertionError, dart:async, and package:stack_trace)

The following RenderObject was being processed when the exception was fired: RenderStack#53f33 relayoutBoundary=up23 NEEDS-LAYOUT NEEDS-PAINT:
  creator: Stack ΓåÉ Padding ΓåÉ DecoratedBox ΓåÉ Container ΓåÉ Stack ΓåÉ Listener ΓåÉ _GestureSemantics ΓåÉ
    RawGestureDetector ΓåÉ GestureDetector ΓåÉ CyberCard ΓåÉ Stack ΓåÉ FadeTransition ΓåÉ Γï»
  parentData: offset=Offset(1.0, 1.0) (can use size)
  constraints: BoxConstraints(0.0<=w<=750.0, 0.0<=h<=Infinity)
  size: MISSING
  alignment: AlignmentDirectional.topStart
  textDirection: ltr
  fit: loose
This RenderObject had the following descendants (showing up to depth 5):
    child 1: RenderDecoratedBox#12987 NEEDS-LAYOUT NEEDS-PAINT
      child: RenderPadding#bd09f NEEDS-LAYOUT NEEDS-PAINT
        child: RenderLimitedBox#37e96 NEEDS-LAYOUT NEEDS-PAINT
          child: RenderConstrainedBox#47b94 NEEDS-LAYOUT NEEDS-PAINT
    child 2: RenderConstrainedBox#e358e NEEDS-LAYOUT NEEDS-PAINT
      child: RenderCustomPaint#50ced NEEDS-LAYOUT NEEDS-PAINT
    child 3: RenderConstrainedBox#246ee NEEDS-LAYOUT NEEDS-PAINT
      child: RenderCustomPaint#3a0dc NEEDS-LAYOUT NEEDS-PAINT
    child 4: RenderConstrainedBox#9b710 NEEDS-LAYOUT NEEDS-PAINT
      child: RenderCustomPaint#7df47 NEEDS-LAYOUT NEEDS-PAINT
    child 5: RenderConstrainedBox#c7b6f NEEDS-LAYOUT NEEDS-PAINT
      child: RenderCustomPaint#d817b NEEDS-LAYOUT NEEDS-PAINT
    child 6: RenderPadding#d05ee relayoutBoundary=up24 NEEDS-PAINT
      child: _RenderLayoutBuilder#af538 relayoutBoundary=up25 NEEDS-PAINT
        child: RenderFlex#aa1cb relayoutBoundary=up26 NEEDS-PAINT
          child 1: RenderPositionedBox#5029c relayoutBoundary=up27 NEEDS-PAINT
            child: RenderDecoratedBox#d57f4 relayoutBoundary=up28 NEEDS-PAINT
          child 2: RenderConstrainedBox#a0fd6 relayoutBoundary=up27 NEEDS-PAINT
          child 3: RenderFlex#b3cf9 relayoutBoundary=up27 NEEDS-PAINT
            child 1: RenderFlex#f1f04 relayoutBoundary=up28 NEEDS-PAINT
            child 2: RenderConstrainedBox#47fa4 relayoutBoundary=up28 NEEDS-PAINT
            child 3: RenderFlex#cfa20 relayoutBoundary=up28 NEEDS-PAINT
          child 4: RenderConstrainedBox#5d447 relayoutBoundary=up27 NEEDS-PAINT
          child 5: RenderFlex#c9e0f relayoutBoundary=up27 NEEDS-PAINT
            child 1: RenderWrap#c6f67 NEEDS-LAYOUT NEEDS-PAINT
            child 2: RenderConstrainedBox#5f240 relayoutBoundary=up28 NEEDS-PAINT
            child 3: RenderFlex#895b7 relayoutBoundary=up28 NEEDS-PAINT
ΓòÉΓòÉΓòÉΓòÉΓòÉΓòÉΓòÉΓòÉΓòÉΓòÉΓòÉΓòÉΓòÉΓòÉΓòÉΓòÉΓòÉΓòÉΓòÉΓòÉΓòÉΓòÉΓòÉΓòÉΓòÉΓòÉΓòÉΓòÉΓòÉΓòÉΓòÉΓòÉΓòÉΓòÉΓòÉΓòÉΓòÉΓòÉΓòÉΓòÉΓòÉΓòÉΓòÉΓòÉΓòÉΓòÉΓòÉΓòÉΓòÉΓòÉΓòÉΓòÉΓòÉΓòÉΓòÉΓòÉΓòÉΓòÉΓòÉΓòÉΓòÉΓòÉΓòÉΓòÉΓòÉΓòÉΓòÉΓòÉΓòÉΓòÉΓòÉΓòÉΓòÉΓòÉΓòÉΓòÉΓòÉΓòÉΓòÉΓòÉΓòÉΓòÉΓòÉΓòÉΓòÉΓòÉΓòÉΓòÉΓòÉΓòÉΓòÉΓòÉΓòÉΓòÉΓòÉΓòÉΓòÉΓòÉΓòÉΓòÉ
ΓòÉΓòÉΓòí EXCEPTION CAUGHT BY RENDERING LIBRARY Γò₧ΓòÉΓòÉΓòÉΓòÉΓòÉΓòÉΓòÉΓòÉΓòÉΓòÉΓòÉΓòÉΓòÉΓòÉΓòÉΓòÉΓòÉΓòÉΓòÉΓòÉΓòÉΓòÉΓòÉΓòÉΓòÉΓòÉΓòÉΓòÉΓòÉΓòÉΓòÉΓòÉΓòÉΓòÉΓòÉΓòÉΓòÉΓòÉΓòÉΓòÉΓòÉΓòÉΓòÉΓòÉΓòÉΓòÉΓòÉΓòÉΓòÉΓòÉΓòÉΓòÉΓòÉΓòÉΓòÉΓòÉΓòÉ
The following assertion was thrown during performLayout():
RenderBox was not laid out: RenderStack#53f33 relayoutBoundary=up23 NEEDS-PAINT
'package:flutter/src/rendering/box.dart':
Failed assertion: line 2251 pos 12: 'hasSize'

Either the assertion indicates an error in the framework itself, or we should provide substantially
more information in this error message to help you determine and fix the underlying cause.
In either case, please report this assertion by filing a bug on GitHub:
  https://github.com/flutter/flutter/issues/new?template=02_bug.yml

The relevant error-causing widget was:
  Container
  Container:file:///D:/Mystery/programming/projects/PYTHON_PROJECTS/focus/focus_gg/focus_flutter/lib/shared/widgets/cyber_card.dart:24:11

When the exception was thrown, this was the stack:
#2      RenderBox.size (package:flutter/src/rendering/box.dart:2251:12)
#3      RenderPadding.performLayout (package:flutter/src/rendering/shifted_box.dart:247:40)
#4      RenderObject.layout (package:flutter/src/rendering/object.dart:2775:7)
#5      RenderProxyBoxMixin.performLayout (package:flutter/src/rendering/proxy_box.dart:115:18)
#6      RenderObject.layout (package:flutter/src/rendering/object.dart:2775:7)
#7      ChildLayoutHelper.layoutChild (package:flutter/src/rendering/layout_helper.dart:62:11)
#8      RenderStack._computeSize (package:flutter/src/rendering/stack.dart:645:43)
#9      RenderStack.performLayout (package:flutter/src/rendering/stack.dart:680:12)
#10     RenderObject.layout (package:flutter/src/rendering/object.dart:2775:7)
#11     RenderProxyBoxMixin.performLayout (package:flutter/src/rendering/proxy_box.dart:115:18)
#12     RenderObject.layout (package:flutter/src/rendering/object.dart:2775:7)
#13     RenderProxyBoxMixin.performLayout (package:flutter/src/rendering/proxy_box.dart:115:18)
#14     RenderObject.layout (package:flutter/src/rendering/object.dart:2775:7)
#15     ChildLayoutHelper.layoutChild (package:flutter/src/rendering/layout_helper.dart:62:11)
#16     RenderStack._computeSize (package:flutter/src/rendering/stack.dart:645:43)
#17     RenderStack.performLayout (package:flutter/src/rendering/stack.dart:680:12)
#18     RenderObject.layout (package:flutter/src/rendering/object.dart:2775:7)
#19     RenderProxyBoxMixin.performLayout (package:flutter/src/rendering/proxy_box.dart:115:18)
#20     RenderObject.layout (package:flutter/src/rendering/object.dart:2775:7)
#21     RenderProxyBoxMixin.performLayout (package:flutter/src/rendering/proxy_box.dart:115:18)
#22     RenderObject.layout (package:flutter/src/rendering/object.dart:2775:7)
#23     ChildLayoutHelper.layoutChild (package:flutter/src/rendering/layout_helper.dart:62:11)
#24     RenderFlex._computeSizes (package:flutter/src/rendering/flex.dart:1161:28)
#25     RenderFlex.performLayout (package:flutter/src/rendering/flex.dart:1257:32)
#26     RenderObject.layout (package:flutter/src/rendering/object.dart:2775:7)
#27     RenderPadding.performLayout (package:flutter/src/rendering/shifted_box.dart:243:12)
#28     RenderObject.layout (package:flutter/src/rendering/object.dart:2775:7)
#29     RenderConstrainedBox.performLayout (package:flutter/src/rendering/proxy_box.dart:293:14)
#30     RenderObject.layout (package:flutter/src/rendering/object.dart:2775:7)
#31     RenderPositionedBox.performLayout (package:flutter/src/rendering/shifted_box.dart:465:14)
#32     RenderObject.layout (package:flutter/src/rendering/object.dart:2775:7)
#33     RenderPadding.performLayout (package:flutter/src/rendering/shifted_box.dart:243:12)
#34     RenderObject.layout (package:flutter/src/rendering/object.dart:2775:7)
#35     _RenderSingleChildViewport.performLayout (package:flutter/src/widgets/single_child_scroll_view.dart:502:14)
#36     RenderObject.layout (package:flutter/src/rendering/object.dart:2775:7)
#37     RenderProxyBoxMixin.performLayout (package:flutter/src/rendering/proxy_box.dart:115:18)
#38     RenderObject.layout (package:flutter/src/rendering/object.dart:2775:7)
#39     RenderProxyBoxMixin.performLayout (package:flutter/src/rendering/proxy_box.dart:115:18)
#40     RenderObject.layout (package:flutter/src/rendering/object.dart:2775:7)
#41     RenderProxyBoxMixin.performLayout (package:flutter/src/rendering/proxy_box.dart:115:18)
#42     RenderObject.layout (package:flutter/src/rendering/object.dart:2775:7)
#43     RenderProxyBoxMixin.performLayout (package:flutter/src/rendering/proxy_box.dart:115:18)
#44     RenderObject.layout (package:flutter/src/rendering/object.dart:2775:7)
#45     RenderProxyBoxMixin.performLayout (package:flutter/src/rendering/proxy_box.dart:115:18)
#46     RenderObject.layout (package:flutter/src/rendering/object.dart:2775:7)
#47     RenderProxyBoxMixin.performLayout (package:flutter/src/rendering/proxy_box.dart:115:18)
#48     RenderObject.layout (package:flutter/src/rendering/object.dart:2775:7)
#49     RenderProxyBoxMixin.performLayout (package:flutter/src/rendering/proxy_box.dart:115:18)
#50     RenderObject.layout (package:flutter/src/rendering/object.dart:2775:7)
#51     RenderProxyBoxMixin.performLayout (package:flutter/src/rendering/proxy_box.dart:115:18)
#52     _RenderCustomClip.performLayout (package:flutter/src/rendering/proxy_box.dart:1481:11)
#53     RenderObject.layout (package:flutter/src/rendering/object.dart:2775:7)
#54     MultiChildLayoutDelegate.layoutChild (package:flutter/src/rendering/custom_layout.dart:180:12)
#55     _ScaffoldLayout.performLayout (package:flutter/src/material/scaffold.dart:1112:7)
#56     MultiChildLayoutDelegate._callPerformLayout (package:flutter/src/rendering/custom_layout.dart:249:7)
#57     RenderCustomMultiChildLayoutBox.performLayout (package:flutter/src/rendering/custom_layout.dart:420:14)
#58     RenderObject._layoutWithoutResize (package:flutter/src/rendering/object.dart:2623:7)
#59     PipelineOwner.flushLayout (package:flutter/src/rendering/object.dart:1170:18)
#60     PipelineOwner.flushLayout (package:flutter/src/rendering/object.dart:1183:15)
#61     AutomatedTestWidgetsFlutterBinding.drawFrame (package:flutter_test/src/binding.dart:1508:27)
#62     RendererBinding._handlePersistentFrameCallback (package:flutter/src/rendering/binding.dart:495:5)
#63     SchedulerBinding._invokeFrameCallback (package:flutter/src/scheduler/binding.dart:1434:15)
#64     SchedulerBinding.handleDrawFrame (package:flutter/src/scheduler/binding.dart:1347:9)
#65     AutomatedTestWidgetsFlutterBinding.pump.<anonymous closure> (package:flutter_test/src/binding.dart:1335:9)
#68     TestAsyncUtils.guard (package:flutter_test/src/test_async_utils.dart:74:41)
#69     AutomatedTestWidgetsFlutterBinding.pump (package:flutter_test/src/binding.dart:1324:27)
#70     WidgetTester.pumpAndSettle.<anonymous closure> (package:flutter_test/src/widget_tester.dart:719:23)
<asynchronous suspension>
#71     TestAsyncUtils.guard.<anonymous closure> (package:flutter_test/src/test_async_utils.dart:130:27)
<asynchronous suspension>
#72     main.<anonymous closure> (file:///D:/Mystery/programming/projects/PYTHON_PROJECTS/focus/focus_gg/focus_flutter/test/widget_test.dart:20:5)
<asynchronous suspension>
#73     testWidgets.<anonymous closure>.<anonymous closure> (package:flutter_test/src/widget_tester.dart:192:15)
<asynchronous suspension>
#74     TestWidgetsFlutterBinding._runTestBody (package:flutter_test/src/binding.dart:1059:5)
<asynchronous suspension>
<asynchronous suspension>
(elided 5 frames from class _AssertionError, dart:async, and package:stack_trace)

The following RenderObject was being processed when the exception was fired: RenderPadding#8a8d9 relayoutBoundary=up22 NEEDS-LAYOUT NEEDS-PAINT:
  creator: Padding ΓåÉ DecoratedBox ΓåÉ Container ΓåÉ Stack ΓåÉ Listener ΓåÉ _GestureSemantics ΓåÉ
    RawGestureDetector ΓåÉ GestureDetector ΓåÉ CyberCard ΓåÉ Stack ΓåÉ FadeTransition ΓåÉ FractionalTranslation
    ΓåÉ Γï»
  parentData: <none> (can use size)
  constraints: BoxConstraints(0.0<=w<=752.0, 0.0<=h<=Infinity)
  size: MISSING
  padding: EdgeInsets.all(1.0)
  textDirection: ltr
This RenderObject had the following descendants (showing up to depth 5):
    child: RenderStack#53f33 relayoutBoundary=up23 NEEDS-PAINT
      child 1: RenderDecoratedBox#12987 NEEDS-LAYOUT NEEDS-PAINT
        child: RenderPadding#bd09f NEEDS-LAYOUT NEEDS-PAINT
          child: RenderLimitedBox#37e96 NEEDS-LAYOUT NEEDS-PAINT
            child: RenderConstrainedBox#47b94 NEEDS-LAYOUT NEEDS-PAINT
      child 2: RenderConstrainedBox#e358e NEEDS-LAYOUT NEEDS-PAINT
        child: RenderCustomPaint#50ced NEEDS-LAYOUT NEEDS-PAINT
      child 3: RenderConstrainedBox#246ee NEEDS-LAYOUT NEEDS-PAINT
        child: RenderCustomPaint#3a0dc NEEDS-LAYOUT NEEDS-PAINT
      child 4: RenderConstrainedBox#9b710 NEEDS-LAYOUT NEEDS-PAINT
        child: RenderCustomPaint#7df47 NEEDS-LAYOUT NEEDS-PAINT
      child 5: RenderConstrainedBox#c7b6f NEEDS-LAYOUT NEEDS-PAINT
        child: RenderCustomPaint#d817b NEEDS-LAYOUT NEEDS-PAINT
      child 6: RenderPadding#d05ee relayoutBoundary=up24 NEEDS-PAINT
        child: _RenderLayoutBuilder#af538 relayoutBoundary=up25 NEEDS-PAINT
          child: RenderFlex#aa1cb relayoutBoundary=up26 NEEDS-PAINT
            child 1: RenderPositionedBox#5029c relayoutBoundary=up27 NEEDS-PAINT
            child 2: RenderConstrainedBox#a0fd6 relayoutBoundary=up27 NEEDS-PAINT
            child 3: RenderFlex#b3cf9 relayoutBoundary=up27 NEEDS-PAINT
            child 4: RenderConstrainedBox#5d447 relayoutBoundary=up27 NEEDS-PAINT
            child 5: RenderFlex#c9e0f relayoutBoundary=up27 NEEDS-PAINT
ΓòÉΓòÉΓòÉΓòÉΓòÉΓòÉΓòÉΓòÉΓòÉΓòÉΓòÉΓòÉΓòÉΓòÉΓòÉΓòÉΓòÉΓòÉΓòÉΓòÉΓòÉΓòÉΓòÉΓòÉΓòÉΓòÉΓòÉΓòÉΓòÉΓòÉΓòÉΓòÉΓòÉΓòÉΓòÉΓòÉΓòÉΓòÉΓòÉΓòÉΓòÉΓòÉΓòÉΓòÉΓòÉΓòÉΓòÉΓòÉΓòÉΓòÉΓòÉΓòÉΓòÉΓòÉΓòÉΓòÉΓòÉΓòÉΓòÉΓòÉΓòÉΓòÉΓòÉΓòÉΓòÉΓòÉΓòÉΓòÉΓòÉΓòÉΓòÉΓòÉΓòÉΓòÉΓòÉΓòÉΓòÉΓòÉΓòÉΓòÉΓòÉΓòÉΓòÉΓòÉΓòÉΓòÉΓòÉΓòÉΓòÉΓòÉΓòÉΓòÉΓòÉΓòÉΓòÉΓòÉΓòÉΓòÉΓòÉΓòÉ
ΓòÉΓòÉΓòí EXCEPTION CAUGHT BY RENDERING LIBRARY Γò₧ΓòÉΓòÉΓòÉΓòÉΓòÉΓòÉΓòÉΓòÉΓòÉΓòÉΓòÉΓòÉΓòÉΓòÉΓòÉΓòÉΓòÉΓòÉΓòÉΓòÉΓòÉΓòÉΓòÉΓòÉΓòÉΓòÉΓòÉΓòÉΓòÉΓòÉΓòÉΓòÉΓòÉΓòÉΓòÉΓòÉΓòÉΓòÉΓòÉΓòÉΓòÉΓòÉΓòÉΓòÉΓòÉΓòÉΓòÉΓòÉΓòÉΓòÉΓòÉΓòÉΓòÉΓòÉΓòÉΓòÉΓòÉ
The following assertion was thrown during performLayout():
RenderBox was not laid out: RenderPadding#8a8d9 relayoutBoundary=up22 NEEDS-PAINT
'package:flutter/src/rendering/box.dart':
Failed assertion: line 2251 pos 12: 'hasSize'

Either the assertion indicates an error in the framework itself, or we should provide substantially
more information in this error message to help you determine and fix the underlying cause.
In either case, please report this assertion by filing a bug on GitHub:
  https://github.com/flutter/flutter/issues/new?template=02_bug.yml

The relevant error-causing widget was:
  Container
  Container:file:///D:/Mystery/programming/projects/PYTHON_PROJECTS/focus/focus_gg/focus_flutter/lib/shared/widgets/cyber_card.dart:24:11

When the exception was thrown, this was the stack:
#2      RenderBox.size (package:flutter/src/rendering/box.dart:2251:12)
#3      RenderProxyBoxMixin.performLayout (package:flutter/src/rendering/proxy_box.dart:115:62)
#4      RenderObject.layout (package:flutter/src/rendering/object.dart:2775:7)
#5      ChildLayoutHelper.layoutChild (package:flutter/src/rendering/layout_helper.dart:62:11)
#6      RenderStack._computeSize (package:flutter/src/rendering/stack.dart:645:43)
#7      RenderStack.performLayout (package:flutter/src/rendering/stack.dart:680:12)
#8      RenderObject.layout (package:flutter/src/rendering/object.dart:2775:7)
#9      RenderProxyBoxMixin.performLayout (package:flutter/src/rendering/proxy_box.dart:115:18)
#10     RenderObject.layout (package:flutter/src/rendering/object.dart:2775:7)
#11     RenderProxyBoxMixin.performLayout (package:flutter/src/rendering/proxy_box.dart:115:18)
#12     RenderObject.layout (package:flutter/src/rendering/object.dart:2775:7)
#13     ChildLayoutHelper.layoutChild (package:flutter/src/rendering/layout_helper.dart:62:11)
#14     RenderStack._computeSize (package:flutter/src/rendering/stack.dart:645:43)
#15     RenderStack.performLayout (package:flutter/src/rendering/stack.dart:680:12)
#16     RenderObject.layout (package:flutter/src/rendering/object.dart:2775:7)
#17     RenderProxyBoxMixin.performLayout (package:flutter/src/rendering/proxy_box.dart:115:18)
#18     RenderObject.layout (package:flutter/src/rendering/object.dart:2775:7)
#19     RenderProxyBoxMixin.performLayout (package:flutter/src/rendering/proxy_box.dart:115:18)
#20     RenderObject.layout (package:flutter/src/rendering/object.dart:2775:7)
#21     ChildLayoutHelper.layoutChild (package:flutter/src/rendering/layout_helper.dart:62:11)
#22     RenderFlex._computeSizes (package:flutter/src/rendering/flex.dart:1161:28)
#23     RenderFlex.performLayout (package:flutter/src/rendering/flex.dart:1257:32)
#24     RenderObject.layout (package:flutter/src/rendering/object.dart:2775:7)
#25     RenderPadding.performLayout (package:flutter/src/rendering/shifted_box.dart:243:12)
#26     RenderObject.layout (package:flutter/src/rendering/object.dart:2775:7)
#27     RenderConstrainedBox.performLayout (package:flutter/src/rendering/proxy_box.dart:293:14)
#28     RenderObject.layout (package:flutter/src/rendering/object.dart:2775:7)
#29     RenderPositionedBox.performLayout (package:flutter/src/rendering/shifted_box.dart:465:14)
#30     RenderObject.layout (package:flutter/src/rendering/object.dart:2775:7)
#31     RenderPadding.performLayout (package:flutter/src/rendering/shifted_box.dart:243:12)
#32     RenderObject.layout (package:flutter/src/rendering/object.dart:2775:7)
#33     _RenderSingleChildViewport.performLayout (package:flutter/src/widgets/single_child_scroll_view.dart:502:14)
#34     RenderObject.layout (package:flutter/src/rendering/object.dart:2775:7)
#35     RenderProxyBoxMixin.performLayout (package:flutter/src/rendering/proxy_box.dart:115:18)
#36     RenderObject.layout (package:flutter/src/rendering/object.dart:2775:7)
#37     RenderProxyBoxMixin.performLayout (package:flutter/src/rendering/proxy_box.dart:115:18)
#38     RenderObject.layout (package:flutter/src/rendering/object.dart:2775:7)
#39     RenderProxyBoxMixin.performLayout (package:flutter/src/rendering/proxy_box.dart:115:18)
#40     RenderObject.layout (package:flutter/src/rendering/object.dart:2775:7)
#41     RenderProxyBoxMixin.performLayout (package:flutter/src/rendering/proxy_box.dart:115:18)
#42     RenderObject.layout (package:flutter/src/rendering/object.dart:2775:7)
#43     RenderProxyBoxMixin.performLayout (package:flutter/src/rendering/proxy_box.dart:115:18)
#44     RenderObject.layout (package:flutter/src/rendering/object.dart:2775:7)
#45     RenderProxyBoxMixin.performLayout (package:flutter/src/rendering/proxy_box.dart:115:18)
#46     RenderObject.layout (package:flutter/src/rendering/object.dart:2775:7)
#47     RenderProxyBoxMixin.performLayout (package:flutter/src/rendering/proxy_box.dart:115:18)
#48     RenderObject.layout (package:flutter/src/rendering/object.dart:2775:7)
#49     RenderProxyBoxMixin.performLayout (package:flutter/src/rendering/proxy_box.dart:115:18)
#50     _RenderCustomClip.performLayout (package:flutter/src/rendering/proxy_box.dart:1481:11)
#51     RenderObject.layout (package:flutter/src/rendering/object.dart:2775:7)
#52     MultiChildLayoutDelegate.layoutChild (package:flutter/src/rendering/custom_layout.dart:180:12)
#53     _ScaffoldLayout.performLayout (package:flutter/src/material/scaffold.dart:1112:7)
#54     MultiChildLayoutDelegate._callPerformLayout (package:flutter/src/rendering/custom_layout.dart:249:7)
#55     RenderCustomMultiChildLayoutBox.performLayout (package:flutter/src/rendering/custom_layout.dart:420:14)
#56     RenderObject._layoutWithoutResize (package:flutter/src/rendering/object.dart:2623:7)
#57     PipelineOwner.flushLayout (package:flutter/src/rendering/object.dart:1170:18)
#58     PipelineOwner.flushLayout (package:flutter/src/rendering/object.dart:1183:15)
#59     AutomatedTestWidgetsFlutterBinding.drawFrame (package:flutter_test/src/binding.dart:1508:27)
#60     RendererBinding._handlePersistentFrameCallback (package:flutter/src/rendering/binding.dart:495:5)
#61     SchedulerBinding._invokeFrameCallback (package:flutter/src/scheduler/binding.dart:1434:15)
#62     SchedulerBinding.handleDrawFrame (package:flutter/src/scheduler/binding.dart:1347:9)
#63     AutomatedTestWidgetsFlutterBinding.pump.<anonymous closure> (package:flutter_test/src/binding.dart:1335:9)
#66     TestAsyncUtils.guard (package:flutter_test/src/test_async_utils.dart:74:41)
#67     AutomatedTestWidgetsFlutterBinding.pump (package:flutter_test/src/binding.dart:1324:27)
#68     WidgetTester.pumpAndSettle.<anonymous closure> (package:flutter_test/src/widget_tester.dart:719:23)
<asynchronous suspension>
#69     TestAsyncUtils.guard.<anonymous closure> (package:flutter_test/src/test_async_utils.dart:130:27)
<asynchronous suspension>
#70     main.<anonymous closure> (file:///D:/Mystery/programming/projects/PYTHON_PROJECTS/focus/focus_gg/focus_flutter/test/widget_test.dart:20:5)
<asynchronous suspension>
#71     testWidgets.<anonymous closure>.<anonymous closure> (package:flutter_test/src/widget_tester.dart:192:15)
<asynchronous suspension>
#72     TestWidgetsFlutterBinding._runTestBody (package:flutter_test/src/binding.dart:1059:5)
<asynchronous suspension>
<asynchronous suspension>
(elided 5 frames from class _AssertionError, dart:async, and package:stack_trace)

The following RenderObject was being processed when the exception was fired: RenderDecoratedBox#db310 relayoutBoundary=up21 NEEDS-LAYOUT NEEDS-PAINT:
  creator: DecoratedBox ΓåÉ Container ΓåÉ Stack ΓåÉ Listener ΓåÉ _GestureSemantics ΓåÉ RawGestureDetector ΓåÉ
    GestureDetector ΓåÉ CyberCard ΓåÉ Stack ΓåÉ FadeTransition ΓåÉ FractionalTranslation ΓåÉ SlideTransition ΓåÉ Γï»
  parentData: not positioned; offset=Offset(0.0, 0.0) (can use size)
  constraints: BoxConstraints(0.0<=w<=752.0, 0.0<=h<=Infinity)
  size: MISSING
  decoration: BoxDecoration:
    color: Color(alpha: 0.8000, red: 0.0392, green: 0.0549, blue: 0.0784, colorSpace: ColorSpace.sRGB)
    border: Border.all(BorderSide(color: Color(alpha: 0.3020, red: 0.2980, green: 0.7882, blue: 1.0000,
      colorSpace: ColorSpace.sRGB)))
    borderRadius: BorderRadius.circular(8.0)
    boxShadow: BoxShadow(Color(alpha: 0.1490, red: 0.2980, green: 0.7882, blue: 1.0000, colorSpace:
      ColorSpace.sRGB), Offset(0.0, 0.0), 15.0, 0.0, BlurStyle.normal)
  configuration: ImageConfiguration(bundle: PlatformAssetBundle#5070a(), devicePixelRatio: 3.0,
    locale: en_US, textDirection: TextDirection.ltr, platform: android)
This RenderObject had the following descendants (showing up to depth 5):
    child: RenderPadding#8a8d9 relayoutBoundary=up22 NEEDS-PAINT
      child: RenderStack#53f33 relayoutBoundary=up23 NEEDS-PAINT
        child 1: RenderDecoratedBox#12987 NEEDS-LAYOUT NEEDS-PAINT
          child: RenderPadding#bd09f NEEDS-LAYOUT NEEDS-PAINT
            child: RenderLimitedBox#37e96 NEEDS-LAYOUT NEEDS-PAINT
        child 2: RenderConstrainedBox#e358e NEEDS-LAYOUT NEEDS-PAINT
          child: RenderCustomPaint#50ced NEEDS-LAYOUT NEEDS-PAINT
        child 3: RenderConstrainedBox#246ee NEEDS-LAYOUT NEEDS-PAINT
          child: RenderCustomPaint#3a0dc NEEDS-LAYOUT NEEDS-PAINT
        child 4: RenderConstrainedBox#9b710 NEEDS-LAYOUT NEEDS-PAINT
          child: RenderCustomPaint#7df47 NEEDS-LAYOUT NEEDS-PAINT
        child 5: RenderConstrainedBox#c7b6f NEEDS-LAYOUT NEEDS-PAINT
          child: RenderCustomPaint#d817b NEEDS-LAYOUT NEEDS-PAINT
        child 6: RenderPadding#d05ee relayoutBoundary=up24 NEEDS-PAINT
          child: _RenderLayoutBuilder#af538 relayoutBoundary=up25 NEEDS-PAINT
            child: RenderFlex#aa1cb relayoutBoundary=up26 NEEDS-PAINT
ΓòÉΓòÉΓòÉΓòÉΓòÉΓòÉΓòÉΓòÉΓòÉΓòÉΓòÉΓòÉΓòÉΓòÉΓòÉΓòÉΓòÉΓòÉΓòÉΓòÉΓòÉΓòÉΓòÉΓòÉΓòÉΓòÉΓòÉΓòÉΓòÉΓòÉΓòÉΓòÉΓòÉΓòÉΓòÉΓòÉΓòÉΓòÉΓòÉΓòÉΓòÉΓòÉΓòÉΓòÉΓòÉΓòÉΓòÉΓòÉΓòÉΓòÉΓòÉΓòÉΓòÉΓòÉΓòÉΓòÉΓòÉΓòÉΓòÉΓòÉΓòÉΓòÉΓòÉΓòÉΓòÉΓòÉΓòÉΓòÉΓòÉΓòÉΓòÉΓòÉΓòÉΓòÉΓòÉΓòÉΓòÉΓòÉΓòÉΓòÉΓòÉΓòÉΓòÉΓòÉΓòÉΓòÉΓòÉΓòÉΓòÉΓòÉΓòÉΓòÉΓòÉΓòÉΓòÉΓòÉΓòÉΓòÉΓòÉΓòÉ
ΓòÉΓòÉΓòí EXCEPTION CAUGHT BY RENDERING LIBRARY Γò₧ΓòÉΓòÉΓòÉΓòÉΓòÉΓòÉΓòÉΓòÉΓòÉΓòÉΓòÉΓòÉΓòÉΓòÉΓòÉΓòÉΓòÉΓòÉΓòÉΓòÉΓòÉΓòÉΓòÉΓòÉΓòÉΓòÉΓòÉΓòÉΓòÉΓòÉΓòÉΓòÉΓòÉΓòÉΓòÉΓòÉΓòÉΓòÉΓòÉΓòÉΓòÉΓòÉΓòÉΓòÉΓòÉΓòÉΓòÉΓòÉΓòÉΓòÉΓòÉΓòÉΓòÉΓòÉΓòÉΓòÉΓòÉ
The following assertion was thrown during performLayout():
RenderBox was not laid out: RenderDecoratedBox#db310 relayoutBoundary=up21 NEEDS-PAINT
'package:flutter/src/rendering/box.dart':
Failed assertion: line 2251 pos 12: 'hasSize'

Either the assertion indicates an error in the framework itself, or we should provide substantially
more information in this error message to help you determine and fix the underlying cause.
In either case, please report this assertion by filing a bug on GitHub:
  https://github.com/flutter/flutter/issues/new?template=02_bug.yml

The relevant error-causing widget was:
  Stack
  Stack:file:///D:/Mystery/programming/projects/PYTHON_PROJECTS/focus/focus_gg/focus_flutter/lib/shared/widgets/cyber_card.dart:21:14

When the exception was thrown, this was the stack:
#2      RenderBox.size (package:flutter/src/rendering/box.dart:2251:12)
#3      ChildLayoutHelper.layoutChild (package:flutter/src/rendering/layout_helper.dart:63:18)
#4      RenderStack._computeSize (package:flutter/src/rendering/stack.dart:645:43)
#5      RenderStack.performLayout (package:flutter/src/rendering/stack.dart:680:12)
#6      RenderObject.layout (package:flutter/src/rendering/object.dart:2775:7)
#7      RenderProxyBoxMixin.performLayout (package:flutter/src/rendering/proxy_box.dart:115:18)
#8      RenderObject.layout (package:flutter/src/rendering/object.dart:2775:7)
#9      RenderProxyBoxMixin.performLayout (package:flutter/src/rendering/proxy_box.dart:115:18)
#10     RenderObject.layout (package:flutter/src/rendering/object.dart:2775:7)
#11     ChildLayoutHelper.layoutChild (package:flutter/src/rendering/layout_helper.dart:62:11)
#12     RenderStack._computeSize (package:flutter/src/rendering/stack.dart:645:43)
#13     RenderStack.performLayout (package:flutter/src/rendering/stack.dart:680:12)
#14     RenderObject.layout (package:flutter/src/rendering/object.dart:2775:7)
#15     RenderProxyBoxMixin.performLayout (package:flutter/src/rendering/proxy_box.dart:115:18)
#16     RenderObject.layout (package:flutter/src/rendering/object.dart:2775:7)
#17     RenderProxyBoxMixin.performLayout (package:flutter/src/rendering/proxy_box.dart:115:18)
#18     RenderObject.layout (package:flutter/src/rendering/object.dart:2775:7)
#19     ChildLayoutHelper.layoutChild (package:flutter/src/rendering/layout_helper.dart:62:11)
#20     RenderFlex._computeSizes (package:flutter/src/rendering/flex.dart:1161:28)
#21     RenderFlex.performLayout (package:flutter/src/rendering/flex.dart:1257:32)
#22     RenderObject.layout (package:flutter/src/rendering/object.dart:2775:7)
#23     RenderPadding.performLayout (package:flutter/src/rendering/shifted_box.dart:243:12)
#24     RenderObject.layout (package:flutter/src/rendering/object.dart:2775:7)
#25     RenderConstrainedBox.performLayout (package:flutter/src/rendering/proxy_box.dart:293:14)
#26     RenderObject.layout (package:flutter/src/rendering/object.dart:2775:7)
#27     RenderPositionedBox.performLayout (package:flutter/src/rendering/shifted_box.dart:465:14)
#28     RenderObject.layout (package:flutter/src/rendering/object.dart:2775:7)
#29     RenderPadding.performLayout (package:flutter/src/rendering/shifted_box.dart:243:12)
#30     RenderObject.layout (package:flutter/src/rendering/object.dart:2775:7)
#31     _RenderSingleChildViewport.performLayout (package:flutter/src/widgets/single_child_scroll_view.dart:502:14)
#32     RenderObject.layout (package:flutter/src/rendering/object.dart:2775:7)
#33     RenderProxyBoxMixin.performLayout (package:flutter/src/rendering/proxy_box.dart:115:18)
#34     RenderObject.layout (package:flutter/src/rendering/object.dart:2775:7)
#35     RenderProxyBoxMixin.performLayout (package:flutter/src/rendering/proxy_box.dart:115:18)
#36     RenderObject.layout (package:flutter/src/rendering/object.dart:2775:7)
#37     RenderProxyBoxMixin.performLayout (package:flutter/src/rendering/proxy_box.dart:115:18)
#38     RenderObject.layout (package:flutter/src/rendering/object.dart:2775:7)
#39     RenderProxyBoxMixin.performLayout (package:flutter/src/rendering/proxy_box.dart:115:18)
#40     RenderObject.layout (package:flutter/src/rendering/object.dart:2775:7)
#41     RenderProxyBoxMixin.performLayout (package:flutter/src/rendering/proxy_box.dart:115:18)
#42     RenderObject.layout (package:flutter/src/rendering/object.dart:2775:7)
#43     RenderProxyBoxMixin.performLayout (package:flutter/src/rendering/proxy_box.dart:115:18)
#44     RenderObject.layout (package:flutter/src/rendering/object.dart:2775:7)
#45     RenderProxyBoxMixin.performLayout (package:flutter/src/rendering/proxy_box.dart:115:18)
#46     RenderObject.layout (package:flutter/src/rendering/object.dart:2775:7)
#47     RenderProxyBoxMixin.performLayout (package:flutter/src/rendering/proxy_box.dart:115:18)
#48     _RenderCustomClip.performLayout (package:flutter/src/rendering/proxy_box.dart:1481:11)
#49     RenderObject.layout (package:flutter/src/rendering/object.dart:2775:7)
#50     MultiChildLayoutDelegate.layoutChild (package:flutter/src/rendering/custom_layout.dart:180:12)
#51     _ScaffoldLayout.performLayout (package:flutter/src/material/scaffold.dart:1112:7)
#52     MultiChildLayoutDelegate._callPerformLayout (package:flutter/src/rendering/custom_layout.dart:249:7)
#53     RenderCustomMultiChildLayoutBox.performLayout (package:flutter/src/rendering/custom_layout.dart:420:14)
#54     RenderObject._layoutWithoutResize (package:flutter/src/rendering/object.dart:2623:7)
#55     PipelineOwner.flushLayout (package:flutter/src/rendering/object.dart:1170:18)
#56     PipelineOwner.flushLayout (package:flutter/src/rendering/object.dart:1183:15)
#57     AutomatedTestWidgetsFlutterBinding.drawFrame (package:flutter_test/src/binding.dart:1508:27)
#58     RendererBinding._handlePersistentFrameCallback (package:flutter/src/rendering/binding.dart:495:5)
#59     SchedulerBinding._invokeFrameCallback (package:flutter/src/scheduler/binding.dart:1434:15)
#60     SchedulerBinding.handleDrawFrame (package:flutter/src/scheduler/binding.dart:1347:9)
#61     AutomatedTestWidgetsFlutterBinding.pump.<anonymous closure> (package:flutter_test/src/binding.dart:1335:9)
#64     TestAsyncUtils.guard (package:flutter_test/src/test_async_utils.dart:74:41)
#65     AutomatedTestWidgetsFlutterBinding.pump (package:flutter_test/src/binding.dart:1324:27)
#66     WidgetTester.pumpAndSettle.<anonymous closure> (package:flutter_test/src/widget_tester.dart:719:23)
<asynchronous suspension>
#67     TestAsyncUtils.guard.<anonymous closure> (package:flutter_test/src/test_async_utils.dart:130:27)
<asynchronous suspension>
#68     main.<anonymous closure> (file:///D:/Mystery/programming/projects/PYTHON_PROJECTS/focus/focus_gg/focus_flutter/test/widget_test.dart:20:5)
<asynchronous suspension>
#69     testWidgets.<anonymous closure>.<anonymous closure> (package:flutter_test/src/widget_tester.dart:192:15)
<asynchronous suspension>
#70     TestWidgetsFlutterBinding._runTestBody (package:flutter_test/src/binding.dart:1059:5)
<asynchronous suspension>
<asynchronous suspension>
(elided 5 frames from class _AssertionError, dart:async, and package:stack_trace)

The following RenderObject was being processed when the exception was fired: RenderStack#9d9e2 relayoutBoundary=up20 NEEDS-LAYOUT NEEDS-PAINT:
  creator: Stack ΓåÉ Listener ΓåÉ _GestureSemantics ΓåÉ RawGestureDetector ΓåÉ GestureDetector ΓåÉ CyberCard ΓåÉ
    Stack ΓåÉ FadeTransition ΓåÉ FractionalTranslation ΓåÉ SlideTransition ΓåÉ Animate ΓåÉ Column ΓåÉ Γï»
  parentData: <none> (can use size)
  constraints: BoxConstraints(0.0<=w<=752.0, 0.0<=h<=Infinity)
  size: MISSING
  alignment: AlignmentDirectional.topStart
  textDirection: ltr
  fit: loose
This RenderObject had the following descendants (showing up to depth 5):
    child 1: RenderDecoratedBox#db310 relayoutBoundary=up21 NEEDS-PAINT
      child: RenderPadding#8a8d9 relayoutBoundary=up22 NEEDS-PAINT
        child: RenderStack#53f33 relayoutBoundary=up23 NEEDS-PAINT
          child 1: RenderDecoratedBox#12987 NEEDS-LAYOUT NEEDS-PAINT
            child: RenderPadding#bd09f NEEDS-LAYOUT NEEDS-PAINT
          child 2: RenderConstrainedBox#e358e NEEDS-LAYOUT NEEDS-PAINT
            child: RenderCustomPaint#50ced NEEDS-LAYOUT NEEDS-PAINT
          child 3: RenderConstrainedBox#246ee NEEDS-LAYOUT NEEDS-PAINT
            child: RenderCustomPaint#3a0dc NEEDS-LAYOUT NEEDS-PAINT
          child 4: RenderConstrainedBox#9b710 NEEDS-LAYOUT NEEDS-PAINT
            child: RenderCustomPaint#7df47 NEEDS-LAYOUT NEEDS-PAINT
          child 5: RenderConstrainedBox#c7b6f NEEDS-LAYOUT NEEDS-PAINT
            child: RenderCustomPaint#d817b NEEDS-LAYOUT NEEDS-PAINT
          child 6: RenderPadding#d05ee relayoutBoundary=up24 NEEDS-PAINT
            child: _RenderLayoutBuilder#af538 relayoutBoundary=up25 NEEDS-PAINT
ΓòÉΓòÉΓòÉΓòÉΓòÉΓòÉΓòÉΓòÉΓòÉΓòÉΓòÉΓòÉΓòÉΓòÉΓòÉΓòÉΓòÉΓòÉΓòÉΓòÉΓòÉΓòÉΓòÉΓòÉΓòÉΓòÉΓòÉΓòÉΓòÉΓòÉΓòÉΓòÉΓòÉΓòÉΓòÉΓòÉΓòÉΓòÉΓòÉΓòÉΓòÉΓòÉΓòÉΓòÉΓòÉΓòÉΓòÉΓòÉΓòÉΓòÉΓòÉΓòÉΓòÉΓòÉΓòÉΓòÉΓòÉΓòÉΓòÉΓòÉΓòÉΓòÉΓòÉΓòÉΓòÉΓòÉΓòÉΓòÉΓòÉΓòÉΓòÉΓòÉΓòÉΓòÉΓòÉΓòÉΓòÉΓòÉΓòÉΓòÉΓòÉΓòÉΓòÉΓòÉΓòÉΓòÉΓòÉΓòÉΓòÉΓòÉΓòÉΓòÉΓòÉΓòÉΓòÉΓòÉΓòÉΓòÉΓòÉΓòÉ
ΓòÉΓòÉΓòí EXCEPTION CAUGHT BY RENDERING LIBRARY Γò₧ΓòÉΓòÉΓòÉΓòÉΓòÉΓòÉΓòÉΓòÉΓòÉΓòÉΓòÉΓòÉΓòÉΓòÉΓòÉΓòÉΓòÉΓòÉΓòÉΓòÉΓòÉΓòÉΓòÉΓòÉΓòÉΓòÉΓòÉΓòÉΓòÉΓòÉΓòÉΓòÉΓòÉΓòÉΓòÉΓòÉΓòÉΓòÉΓòÉΓòÉΓòÉΓòÉΓòÉΓòÉΓòÉΓòÉΓòÉΓòÉΓòÉΓòÉΓòÉΓòÉΓòÉΓòÉΓòÉΓòÉΓòÉ
The following assertion was thrown during performLayout():
RenderBox was not laid out: RenderStack#9d9e2 relayoutBoundary=up20 NEEDS-PAINT
'package:flutter/src/rendering/box.dart':
Failed assertion: line 2251 pos 12: 'hasSize'

Either the assertion indicates an error in the framework itself, or we should provide substantially
more information in this error message to help you determine and fix the underlying cause.
In either case, please report this assertion by filing a bug on GitHub:
  https://github.com/flutter/flutter/issues/new?template=02_bug.yml

The relevant error-causing widget was:
  GestureDetector
  GestureDetector:file:///D:/Mystery/programming/projects/PYTHON_PROJECTS/focus/focus_gg/focus_flutter/lib/shared/widgets/cyber_card.dart:19:12

When the exception was thrown, this was the stack:
#2      RenderBox.size (package:flutter/src/rendering/box.dart:2251:12)
#3      RenderProxyBoxMixin.performLayout (package:flutter/src/rendering/proxy_box.dart:115:62)
#4      RenderObject.layout (package:flutter/src/rendering/object.dart:2775:7)
#5      RenderProxyBoxMixin.performLayout (package:flutter/src/rendering/proxy_box.dart:115:18)
#6      RenderObject.layout (package:flutter/src/rendering/object.dart:2775:7)
#7      ChildLayoutHelper.layoutChild (package:flutter/src/rendering/layout_helper.dart:62:11)
#8      RenderStack._computeSize (package:flutter/src/rendering/stack.dart:645:43)
#9      RenderStack.performLayout (package:flutter/src/rendering/stack.dart:680:12)
#10     RenderObject.layout (package:flutter/src/rendering/object.dart:2775:7)
#11     RenderProxyBoxMixin.performLayout (package:flutter/src/rendering/proxy_box.dart:115:18)
#12     RenderObject.layout (package:flutter/src/rendering/object.dart:2775:7)
#13     RenderProxyBoxMixin.performLayout (package:flutter/src/rendering/proxy_box.dart:115:18)
#14     RenderObject.layout (package:flutter/src/rendering/object.dart:2775:7)
#15     ChildLayoutHelper.layoutChild (package:flutter/src/rendering/layout_helper.dart:62:11)
#16     RenderFlex._computeSizes (package:flutter/src/rendering/flex.dart:1161:28)
#17     RenderFlex.performLayout (package:flutter/src/rendering/flex.dart:1257:32)
#18     RenderObject.layout (package:flutter/src/rendering/object.dart:2775:7)
#19     RenderPadding.performLayout (package:flutter/src/rendering/shifted_box.dart:243:12)
#20     RenderObject.layout (package:flutter/src/rendering/object.dart:2775:7)
#21     RenderConstrainedBox.performLayout (package:flutter/src/rendering/proxy_box.dart:293:14)
#22     RenderObject.layout (package:flutter/src/rendering/object.dart:2775:7)
#23     RenderPositionedBox.performLayout (package:flutter/src/rendering/shifted_box.dart:465:14)
#24     RenderObject.layout (package:flutter/src/rendering/object.dart:2775:7)
#25     RenderPadding.performLayout (package:flutter/src/rendering/shifted_box.dart:243:12)
#26     RenderObject.layout (package:flutter/src/rendering/object.dart:2775:7)
#27     _RenderSingleChildViewport.performLayout (package:flutter/src/widgets/single_child_scroll_view.dart:502:14)
#28     RenderObject.layout (package:flutter/src/rendering/object.dart:2775:7)
#29     RenderProxyBoxMixin.performLayout (package:flutter/src/rendering/proxy_box.dart:115:18)
#30     RenderObject.layout (package:flutter/src/rendering/object.dart:2775:7)
#31     RenderProxyBoxMixin.performLayout (package:flutter/src/rendering/proxy_box.dart:115:18)
#32     RenderObject.layout (package:flutter/src/rendering/object.dart:2775:7)
#33     RenderProxyBoxMixin.performLayout (package:flutter/src/rendering/proxy_box.dart:115:18)
#34     RenderObject.layout (package:flutter/src/rendering/object.dart:2775:7)
#35     RenderProxyBoxMixin.performLayout (package:flutter/src/rendering/proxy_box.dart:115:18)
#36     RenderObject.layout (package:flutter/src/rendering/object.dart:2775:7)
#37     RenderProxyBoxMixin.performLayout (package:flutter/src/rendering/proxy_box.dart:115:18)
#38     RenderObject.layout (package:flutter/src/rendering/object.dart:2775:7)
#39     RenderProxyBoxMixin.performLayout (package:flutter/src/rendering/proxy_box.dart:115:18)
#40     RenderObject.layout (package:flutter/src/rendering/object.dart:2775:7)
#41     RenderProxyBoxMixin.performLayout (package:flutter/src/rendering/proxy_box.dart:115:18)
#42     RenderObject.layout (package:flutter/src/rendering/object.dart:2775:7)
#43     RenderProxyBoxMixin.performLayout (package:flutter/src/rendering/proxy_box.dart:115:18)
#44     _RenderCustomClip.performLayout (package:flutter/src/rendering/proxy_box.dart:1481:11)
#45     RenderObject.layout (package:flutter/src/rendering/object.dart:2775:7)
#46     MultiChildLayoutDelegate.layoutChild (package:flutter/src/rendering/custom_layout.dart:180:12)
#47     _ScaffoldLayout.performLayout (package:flutter/src/material/scaffold.dart:1112:7)
#48     MultiChildLayoutDelegate._callPerformLayout (package:flutter/src/rendering/custom_layout.dart:249:7)
#49     RenderCustomMultiChildLayoutBox.performLayout (package:flutter/src/rendering/custom_layout.dart:420:14)
#50     RenderObject._layoutWithoutResize (package:flutter/src/rendering/object.dart:2623:7)
#51     PipelineOwner.flushLayout (package:flutter/src/rendering/object.dart:1170:18)
#52     PipelineOwner.flushLayout (package:flutter/src/rendering/object.dart:1183:15)
#53     AutomatedTestWidgetsFlutterBinding.drawFrame (package:flutter_test/src/binding.dart:1508:27)
#54     RendererBinding._handlePersistentFrameCallback (package:flutter/src/rendering/binding.dart:495:5)
#55     SchedulerBinding._invokeFrameCallback (package:flutter/src/scheduler/binding.dart:1434:15)
#56     SchedulerBinding.handleDrawFrame (package:flutter/src/scheduler/binding.dart:1347:9)
#57     AutomatedTestWidgetsFlutterBinding.pump.<anonymous closure> (package:flutter_test/src/binding.dart:1335:9)
#60     TestAsyncUtils.guard (package:flutter_test/src/test_async_utils.dart:74:41)
#61     AutomatedTestWidgetsFlutterBinding.pump (package:flutter_test/src/binding.dart:1324:27)
#62     WidgetTester.pumpAndSettle.<anonymous closure> (package:flutter_test/src/widget_tester.dart:719:23)
<asynchronous suspension>
#63     TestAsyncUtils.guard.<anonymous closure> (package:flutter_test/src/test_async_utils.dart:130:27)
<asynchronous suspension>
#64     main.<anonymous closure> (file:///D:/Mystery/programming/projects/PYTHON_PROJECTS/focus/focus_gg/focus_flutter/test/widget_test.dart:20:5)
<asynchronous suspension>
#65     testWidgets.<anonymous closure>.<anonymous closure> (package:flutter_test/src/widget_tester.dart:192:15)
<asynchronous suspension>
#66     TestWidgetsFlutterBinding._runTestBody (package:flutter_test/src/binding.dart:1059:5)
<asynchronous suspension>
<asynchronous suspension>
(elided 5 frames from class _AssertionError, dart:async, and package:stack_trace)

The following RenderObject was being processed when the exception was fired: RenderPointerListener#9059c relayoutBoundary=up19 NEEDS-LAYOUT NEEDS-PAINT:
  creator: Listener ΓåÉ _GestureSemantics ΓåÉ RawGestureDetector ΓåÉ GestureDetector ΓåÉ CyberCard ΓåÉ Stack ΓåÉ
    FadeTransition ΓåÉ FractionalTranslation ΓåÉ SlideTransition ΓåÉ Animate ΓåÉ Column ΓåÉ Padding ΓåÉ Γï»
  parentData: <none> (can use size)
  constraints: BoxConstraints(0.0<=w<=752.0, 0.0<=h<=Infinity)
  size: MISSING
  behavior: deferToChild
  listeners: down, panZoomStart
This RenderObject had the following descendants (showing up to depth 5):
    child: RenderStack#9d9e2 relayoutBoundary=up20 NEEDS-PAINT
      child 1: RenderDecoratedBox#db310 relayoutBoundary=up21 NEEDS-PAINT
        child: RenderPadding#8a8d9 relayoutBoundary=up22 NEEDS-PAINT
          child: RenderStack#53f33 relayoutBoundary=up23 NEEDS-PAINT
            child 1: RenderDecoratedBox#12987 NEEDS-LAYOUT NEEDS-PAINT
            child 2: RenderConstrainedBox#e358e NEEDS-LAYOUT NEEDS-PAINT
            child 3: RenderConstrainedBox#246ee NEEDS-LAYOUT NEEDS-PAINT
            child 4: RenderConstrainedBox#9b710 NEEDS-LAYOUT NEEDS-PAINT
            child 5: RenderConstrainedBox#c7b6f NEEDS-LAYOUT NEEDS-PAINT
            child 6: RenderPadding#d05ee relayoutBoundary=up24 NEEDS-PAINT
ΓòÉΓòÉΓòÉΓòÉΓòÉΓòÉΓòÉΓòÉΓòÉΓòÉΓòÉΓòÉΓòÉΓòÉΓòÉΓòÉΓòÉΓòÉΓòÉΓòÉΓòÉΓòÉΓòÉΓòÉΓòÉΓòÉΓòÉΓòÉΓòÉΓòÉΓòÉΓòÉΓòÉΓòÉΓòÉΓòÉΓòÉΓòÉΓòÉΓòÉΓòÉΓòÉΓòÉΓòÉΓòÉΓòÉΓòÉΓòÉΓòÉΓòÉΓòÉΓòÉΓòÉΓòÉΓòÉΓòÉΓòÉΓòÉΓòÉΓòÉΓòÉΓòÉΓòÉΓòÉΓòÉΓòÉΓòÉΓòÉΓòÉΓòÉΓòÉΓòÉΓòÉΓòÉΓòÉΓòÉΓòÉΓòÉΓòÉΓòÉΓòÉΓòÉΓòÉΓòÉΓòÉΓòÉΓòÉΓòÉΓòÉΓòÉΓòÉΓòÉΓòÉΓòÉΓòÉΓòÉΓòÉΓòÉΓòÉΓòÉ
ΓòÉΓòÉΓòí EXCEPTION CAUGHT BY RENDERING LIBRARY Γò₧ΓòÉΓòÉΓòÉΓòÉΓòÉΓòÉΓòÉΓòÉΓòÉΓòÉΓòÉΓòÉΓòÉΓòÉΓòÉΓòÉΓòÉΓòÉΓòÉΓòÉΓòÉΓòÉΓòÉΓòÉΓòÉΓòÉΓòÉΓòÉΓòÉΓòÉΓòÉΓòÉΓòÉΓòÉΓòÉΓòÉΓòÉΓòÉΓòÉΓòÉΓòÉΓòÉΓòÉΓòÉΓòÉΓòÉΓòÉΓòÉΓòÉΓòÉΓòÉΓòÉΓòÉΓòÉΓòÉΓòÉΓòÉ
The following assertion was thrown during performLayout():
RenderBox was not laid out: RenderPointerListener#9059c relayoutBoundary=up19 NEEDS-PAINT
'package:flutter/src/rendering/box.dart':
Failed assertion: line 2251 pos 12: 'hasSize'

Either the assertion indicates an error in the framework itself, or we should provide substantially
more information in this error message to help you determine and fix the underlying cause.
In either case, please report this assertion by filing a bug on GitHub:
  https://github.com/flutter/flutter/issues/new?template=02_bug.yml

The relevant error-causing widget was:
  GestureDetector
  GestureDetector:file:///D:/Mystery/programming/projects/PYTHON_PROJECTS/focus/focus_gg/focus_flutter/lib/shared/widgets/cyber_card.dart:19:12

When the exception was thrown, this was the stack:
#2      RenderBox.size (package:flutter/src/rendering/box.dart:2251:12)
#3      RenderProxyBoxMixin.performLayout (package:flutter/src/rendering/proxy_box.dart:115:62)
#4      RenderObject.layout (package:flutter/src/rendering/object.dart:2775:7)
#5      ChildLayoutHelper.layoutChild (package:flutter/src/rendering/layout_helper.dart:62:11)
#6      RenderStack._computeSize (package:flutter/src/rendering/stack.dart:645:43)
#7      RenderStack.performLayout (package:flutter/src/rendering/stack.dart:680:12)
#8      RenderObject.layout (package:flutter/src/rendering/object.dart:2775:7)
#9      RenderProxyBoxMixin.performLayout (package:flutter/src/rendering/proxy_box.dart:115:18)
#10     RenderObject.layout (package:flutter/src/rendering/object.dart:2775:7)
#11     RenderProxyBoxMixin.performLayout (package:flutter/src/rendering/proxy_box.dart:115:18)
#12     RenderObject.layout (package:flutter/src/rendering/object.dart:2775:7)
#13     ChildLayoutHelper.layoutChild (package:flutter/src/rendering/layout_helper.dart:62:11)
#14     RenderFlex._computeSizes (package:flutter/src/rendering/flex.dart:1161:28)
#15     RenderFlex.performLayout (package:flutter/src/rendering/flex.dart:1257:32)
#16     RenderObject.layout (package:flutter/src/rendering/object.dart:2775:7)
#17     RenderPadding.performLayout (package:flutter/src/rendering/shifted_box.dart:243:12)
#18     RenderObject.layout (package:flutter/src/rendering/object.dart:2775:7)
#19     RenderConstrainedBox.performLayout (package:flutter/src/rendering/proxy_box.dart:293:14)
#20     RenderObject.layout (package:flutter/src/rendering/object.dart:2775:7)
#21     RenderPositionedBox.performLayout (package:flutter/src/rendering/shifted_box.dart:465:14)
#22     RenderObject.layout (package:flutter/src/rendering/object.dart:2775:7)
#23     RenderPadding.performLayout (package:flutter/src/rendering/shifted_box.dart:243:12)
#24     RenderObject.layout (package:flutter/src/rendering/object.dart:2775:7)
#25     _RenderSingleChildViewport.performLayout (package:flutter/src/widgets/single_child_scroll_view.dart:502:14)
#26     RenderObject.layout (package:flutter/src/rendering/object.dart:2775:7)
#27     RenderProxyBoxMixin.performLayout (package:flutter/src/rendering/proxy_box.dart:115:18)
#28     RenderObject.layout (package:flutter/src/rendering/object.dart:2775:7)
#29     RenderProxyBoxMixin.performLayout (package:flutter/src/rendering/proxy_box.dart:115:18)
#30     RenderObject.layout (package:flutter/src/rendering/object.dart:2775:7)
#31     RenderProxyBoxMixin.performLayout (package:flutter/src/rendering/proxy_box.dart:115:18)
#32     RenderObject.layout (package:flutter/src/rendering/object.dart:2775:7)
#33     RenderProxyBoxMixin.performLayout (package:flutter/src/rendering/proxy_box.dart:115:18)
#34     RenderObject.layout (package:flutter/src/rendering/object.dart:2775:7)
#35     RenderProxyBoxMixin.performLayout (package:flutter/src/rendering/proxy_box.dart:115:18)
#36     RenderObject.layout (package:flutter/src/rendering/object.dart:2775:7)
#37     RenderProxyBoxMixin.performLayout (package:flutter/src/rendering/proxy_box.dart:115:18)
#38     RenderObject.layout (package:flutter/src/rendering/object.dart:2775:7)
#39     RenderProxyBoxMixin.performLayout (package:flutter/src/rendering/proxy_box.dart:115:18)
#40     RenderObject.layout (package:flutter/src/rendering/object.dart:2775:7)
#41     RenderProxyBoxMixin.performLayout (package:flutter/src/rendering/proxy_box.dart:115:18)
#42     _RenderCustomClip.performLayout (package:flutter/src/rendering/proxy_box.dart:1481:11)
#43     RenderObject.layout (package:flutter/src/rendering/object.dart:2775:7)
#44     MultiChildLayoutDelegate.layoutChild (package:flutter/src/rendering/custom_layout.dart:180:12)
#45     _ScaffoldLayout.performLayout (package:flutter/src/material/scaffold.dart:1112:7)
#46     MultiChildLayoutDelegate._callPerformLayout (package:flutter/src/rendering/custom_layout.dart:249:7)
#47     RenderCustomMultiChildLayoutBox.performLayout (package:flutter/src/rendering/custom_layout.dart:420:14)
#48     RenderObject._layoutWithoutResize (package:flutter/src/rendering/object.dart:2623:7)
#49     PipelineOwner.flushLayout (package:flutter/src/rendering/object.dart:1170:18)
#50     PipelineOwner.flushLayout (package:flutter/src/rendering/object.dart:1183:15)
#51     AutomatedTestWidgetsFlutterBinding.drawFrame (package:flutter_test/src/binding.dart:1508:27)
#52     RendererBinding._handlePersistentFrameCallback (package:flutter/src/rendering/binding.dart:495:5)
#53     SchedulerBinding._invokeFrameCallback (package:flutter/src/scheduler/binding.dart:1434:15)
#54     SchedulerBinding.handleDrawFrame (package:flutter/src/scheduler/binding.dart:1347:9)
#55     AutomatedTestWidgetsFlutterBinding.pump.<anonymous closure> (package:flutter_test/src/binding.dart:1335:9)
#58     TestAsyncUtils.guard (package:flutter_test/src/test_async_utils.dart:74:41)
#59     AutomatedTestWidgetsFlutterBinding.pump (package:flutter_test/src/binding.dart:1324:27)
#60     WidgetTester.pumpAndSettle.<anonymous closure> (package:flutter_test/src/widget_tester.dart:719:23)
<asynchronous suspension>
#61     TestAsyncUtils.guard.<anonymous closure> (package:flutter_test/src/test_async_utils.dart:130:27)
<asynchronous suspension>
#62     main.<anonymous closure> (file:///D:/Mystery/programming/projects/PYTHON_PROJECTS/focus/focus_gg/focus_flutter/test/widget_test.dart:20:5)
<asynchronous suspension>
#63     testWidgets.<anonymous closure>.<anonymous closure> (package:flutter_test/src/widget_tester.dart:192:15)
<asynchronous suspension>
#64     TestWidgetsFlutterBinding._runTestBody (package:flutter_test/src/binding.dart:1059:5)
<asynchronous suspension>
<asynchronous suspension>
(elided 5 frames from class _AssertionError, dart:async, and package:stack_trace)

The following RenderObject was being processed when the exception was fired: RenderSemanticsGestureHandler#fcad4 relayoutBoundary=up18 NEEDS-LAYOUT NEEDS-PAINT:
  creator: _GestureSemantics ΓåÉ RawGestureDetector ΓåÉ GestureDetector ΓåÉ CyberCard ΓåÉ Stack ΓåÉ
    FadeTransition ΓåÉ FractionalTranslation ΓåÉ SlideTransition ΓåÉ Animate ΓåÉ Column ΓåÉ Padding ΓåÉ
    ConstrainedBox ΓåÉ Γï»
  parentData: not positioned; offset=Offset(0.0, 0.0) (can use size)
  constraints: BoxConstraints(0.0<=w<=752.0, 0.0<=h<=Infinity)
  size: MISSING
  behavior: deferToChild
  gestures: <none>
This RenderObject had the following descendants (showing up to depth 5):
    child: RenderPointerListener#9059c relayoutBoundary=up19 NEEDS-PAINT
      child: RenderStack#9d9e2 relayoutBoundary=up20 NEEDS-PAINT
        child 1: RenderDecoratedBox#db310 relayoutBoundary=up21 NEEDS-PAINT
          child: RenderPadding#8a8d9 relayoutBoundary=up22 NEEDS-PAINT
            child: RenderStack#53f33 relayoutBoundary=up23 NEEDS-PAINT
ΓòÉΓòÉΓòÉΓòÉΓòÉΓòÉΓòÉΓòÉΓòÉΓòÉΓòÉΓòÉΓòÉΓòÉΓòÉΓòÉΓòÉΓòÉΓòÉΓòÉΓòÉΓòÉΓòÉΓòÉΓòÉΓòÉΓòÉΓòÉΓòÉΓòÉΓòÉΓòÉΓòÉΓòÉΓòÉΓòÉΓòÉΓòÉΓòÉΓòÉΓòÉΓòÉΓòÉΓòÉΓòÉΓòÉΓòÉΓòÉΓòÉΓòÉΓòÉΓòÉΓòÉΓòÉΓòÉΓòÉΓòÉΓòÉΓòÉΓòÉΓòÉΓòÉΓòÉΓòÉΓòÉΓòÉΓòÉΓòÉΓòÉΓòÉΓòÉΓòÉΓòÉΓòÉΓòÉΓòÉΓòÉΓòÉΓòÉΓòÉΓòÉΓòÉΓòÉΓòÉΓòÉΓòÉΓòÉΓòÉΓòÉΓòÉΓòÉΓòÉΓòÉΓòÉΓòÉΓòÉΓòÉΓòÉΓòÉΓòÉ
ΓòÉΓòÉΓòí EXCEPTION CAUGHT BY RENDERING LIBRARY Γò₧ΓòÉΓòÉΓòÉΓòÉΓòÉΓòÉΓòÉΓòÉΓòÉΓòÉΓòÉΓòÉΓòÉΓòÉΓòÉΓòÉΓòÉΓòÉΓòÉΓòÉΓòÉΓòÉΓòÉΓòÉΓòÉΓòÉΓòÉΓòÉΓòÉΓòÉΓòÉΓòÉΓòÉΓòÉΓòÉΓòÉΓòÉΓòÉΓòÉΓòÉΓòÉΓòÉΓòÉΓòÉΓòÉΓòÉΓòÉΓòÉΓòÉΓòÉΓòÉΓòÉΓòÉΓòÉΓòÉΓòÉΓòÉ
The following assertion was thrown during performLayout():
RenderBox was not laid out: RenderSemanticsGestureHandler#fcad4 relayoutBoundary=up18 NEEDS-PAINT
'package:flutter/src/rendering/box.dart':
Failed assertion: line 2251 pos 12: 'hasSize'

Either the assertion indicates an error in the framework itself, or we should provide substantially
more information in this error message to help you determine and fix the underlying cause.
In either case, please report this assertion by filing a bug on GitHub:
  https://github.com/flutter/flutter/issues/new?template=02_bug.yml

The relevant error-causing widget was:
  Stack
  Stack:file:///D:/Mystery/programming/projects/PYTHON_PROJECTS/focus/focus_gg/focus_flutter/lib/features/dashboard/dashboard_screen.dart:177:12

When the exception was thrown, this was the stack:
#2      RenderBox.size (package:flutter/src/rendering/box.dart:2251:12)
#3      ChildLayoutHelper.layoutChild (package:flutter/src/rendering/layout_helper.dart:63:18)
#4      RenderStack._computeSize (package:flutter/src/rendering/stack.dart:645:43)
#5      RenderStack.performLayout (package:flutter/src/rendering/stack.dart:680:12)
#6      RenderObject.layout (package:flutter/src/rendering/object.dart:2775:7)
#7      RenderProxyBoxMixin.performLayout (package:flutter/src/rendering/proxy_box.dart:115:18)
#8      RenderObject.layout (package:flutter/src/rendering/object.dart:2775:7)
#9      RenderProxyBoxMixin.performLayout (package:flutter/src/rendering/proxy_box.dart:115:18)
#10     RenderObject.layout (package:flutter/src/rendering/object.dart:2775:7)
#11     ChildLayoutHelper.layoutChild (package:flutter/src/rendering/layout_helper.dart:62:11)
#12     RenderFlex._computeSizes (package:flutter/src/rendering/flex.dart:1161:28)
#13     RenderFlex.performLayout (package:flutter/src/rendering/flex.dart:1257:32)
#14     RenderObject.layout (package:flutter/src/rendering/object.dart:2775:7)
#15     RenderPadding.performLayout (package:flutter/src/rendering/shifted_box.dart:243:12)
#16     RenderObject.layout (package:flutter/src/rendering/object.dart:2775:7)
#17     RenderConstrainedBox.performLayout (package:flutter/src/rendering/proxy_box.dart:293:14)
#18     RenderObject.layout (package:flutter/src/rendering/object.dart:2775:7)
#19     RenderPositionedBox.performLayout (package:flutter/src/rendering/shifted_box.dart:465:14)
#20     RenderObject.layout (package:flutter/src/rendering/object.dart:2775:7)
#21     RenderPadding.performLayout (package:flutter/src/rendering/shifted_box.dart:243:12)
#22     RenderObject.layout (package:flutter/src/rendering/object.dart:2775:7)
#23     _RenderSingleChildViewport.performLayout (package:flutter/src/widgets/single_child_scroll_view.dart:502:14)
#24     RenderObject.layout (package:flutter/src/rendering/object.dart:2775:7)
#25     RenderProxyBoxMixin.performLayout (package:flutter/src/rendering/proxy_box.dart:115:18)
#26     RenderObject.layout (package:flutter/src/rendering/object.dart:2775:7)
#27     RenderProxyBoxMixin.performLayout (package:flutter/src/rendering/proxy_box.dart:115:18)
#28     RenderObject.layout (package:flutter/src/rendering/object.dart:2775:7)
#29     RenderProxyBoxMixin.performLayout (package:flutter/src/rendering/proxy_box.dart:115:18)
#30     RenderObject.layout (package:flutter/src/rendering/object.dart:2775:7)
#31     RenderProxyBoxMixin.performLayout (package:flutter/src/rendering/proxy_box.dart:115:18)
#32     RenderObject.layout (package:flutter/src/rendering/object.dart:2775:7)
#33     RenderProxyBoxMixin.performLayout (package:flutter/src/rendering/proxy_box.dart:115:18)
#34     RenderObject.layout (package:flutter/src/rendering/object.dart:2775:7)
#35     RenderProxyBoxMixin.performLayout (package:flutter/src/rendering/proxy_box.dart:115:18)
#36     RenderObject.layout (package:flutter/src/rendering/object.dart:2775:7)
#37     RenderProxyBoxMixin.performLayout (package:flutter/src/rendering/proxy_box.dart:115:18)
#38     RenderObject.layout (package:flutter/src/rendering/object.dart:2775:7)
#39     RenderProxyBoxMixin.performLayout (package:flutter/src/rendering/proxy_box.dart:115:18)
#40     _RenderCustomClip.performLayout (package:flutter/src/rendering/proxy_box.dart:1481:11)
#41     RenderObject.layout (package:flutter/src/rendering/object.dart:2775:7)
#42     MultiChildLayoutDelegate.layoutChild (package:flutter/src/rendering/custom_layout.dart:180:12)
#43     _ScaffoldLayout.performLayout (package:flutter/src/material/scaffold.dart:1112:7)
#44     MultiChildLayoutDelegate._callPerformLayout (package:flutter/src/rendering/custom_layout.dart:249:7)
#45     RenderCustomMultiChildLayoutBox.performLayout (package:flutter/src/rendering/custom_layout.dart:420:14)
#46     RenderObject._layoutWithoutResize (package:flutter/src/rendering/object.dart:2623:7)
#47     PipelineOwner.flushLayout (package:flutter/src/rendering/object.dart:1170:18)
#48     PipelineOwner.flushLayout (package:flutter/src/rendering/object.dart:1183:15)
#49     AutomatedTestWidgetsFlutterBinding.drawFrame (package:flutter_test/src/binding.dart:1508:27)
#50     RendererBinding._handlePersistentFrameCallback (package:flutter/src/rendering/binding.dart:495:5)
#51     SchedulerBinding._invokeFrameCallback (package:flutter/src/scheduler/binding.dart:1434:15)
#52     SchedulerBinding.handleDrawFrame (package:flutter/src/scheduler/binding.dart:1347:9)
#53     AutomatedTestWidgetsFlutterBinding.pump.<anonymous closure> (package:flutter_test/src/binding.dart:1335:9)
#56     TestAsyncUtils.guard (package:flutter_test/src/test_async_utils.dart:74:41)
#57     AutomatedTestWidgetsFlutterBinding.pump (package:flutter_test/src/binding.dart:1324:27)
#58     WidgetTester.pumpAndSettle.<anonymous closure> (package:flutter_test/src/widget_tester.dart:719:23)
<asynchronous suspension>
#59     TestAsyncUtils.guard.<anonymous closure> (package:flutter_test/src/test_async_utils.dart:130:27)
<asynchronous suspension>
#60     main.<anonymous closure> (file:///D:/Mystery/programming/projects/PYTHON_PROJECTS/focus/focus_gg/focus_flutter/test/widget_test.dart:20:5)
<asynchronous suspension>
#61     testWidgets.<anonymous closure>.<anonymous closure> (package:flutter_test/src/widget_tester.dart:192:15)
<asynchronous suspension>
#62     TestWidgetsFlutterBinding._runTestBody (package:flutter_test/src/binding.dart:1059:5)
<asynchronous suspension>
<asynchronous suspension>
(elided 5 frames from class _AssertionError, dart:async, and package:stack_trace)

The following RenderObject was being processed when the exception was fired: RenderStack#942f2 relayoutBoundary=up17 NEEDS-LAYOUT NEEDS-PAINT:
  creator: Stack ΓåÉ FadeTransition ΓåÉ FractionalTranslation ΓåÉ SlideTransition ΓåÉ Animate ΓåÉ Column ΓåÉ
    Padding ΓåÉ ConstrainedBox ΓåÉ Align ΓåÉ PageContainer ΓåÉ Padding ΓåÉ _SingleChildViewport ΓåÉ Γï»
  parentData: <none> (can use size)
  constraints: BoxConstraints(w=752.0, 0.0<=h<=Infinity)
  size: MISSING
  alignment: AlignmentDirectional.topStart
  textDirection: ltr
  fit: loose
This RenderObject had the following descendants (showing up to depth 5):
    child 1: RenderDecoratedBox#2388f NEEDS-LAYOUT NEEDS-PAINT
      child: RenderPadding#b6df0 NEEDS-LAYOUT NEEDS-PAINT
        child: RenderLimitedBox#53077 NEEDS-LAYOUT NEEDS-PAINT
          child: RenderConstrainedBox#10065 NEEDS-LAYOUT NEEDS-PAINT
    child 2: RenderSemanticsGestureHandler#fcad4 relayoutBoundary=up18 NEEDS-PAINT
      child: RenderPointerListener#9059c relayoutBoundary=up19 NEEDS-PAINT
        child: RenderStack#9d9e2 relayoutBoundary=up20 NEEDS-PAINT
          child 1: RenderDecoratedBox#db310 relayoutBoundary=up21 NEEDS-PAINT
            child: RenderPadding#8a8d9 relayoutBoundary=up22 NEEDS-PAINT
ΓòÉΓòÉΓòÉΓòÉΓòÉΓòÉΓòÉΓòÉΓòÉΓòÉΓòÉΓòÉΓòÉΓòÉΓòÉΓòÉΓòÉΓòÉΓòÉΓòÉΓòÉΓòÉΓòÉΓòÉΓòÉΓòÉΓòÉΓòÉΓòÉΓòÉΓòÉΓòÉΓòÉΓòÉΓòÉΓòÉΓòÉΓòÉΓòÉΓòÉΓòÉΓòÉΓòÉΓòÉΓòÉΓòÉΓòÉΓòÉΓòÉΓòÉΓòÉΓòÉΓòÉΓòÉΓòÉΓòÉΓòÉΓòÉΓòÉΓòÉΓòÉΓòÉΓòÉΓòÉΓòÉΓòÉΓòÉΓòÉΓòÉΓòÉΓòÉΓòÉΓòÉΓòÉΓòÉΓòÉΓòÉΓòÉΓòÉΓòÉΓòÉΓòÉΓòÉΓòÉΓòÉΓòÉΓòÉΓòÉΓòÉΓòÉΓòÉΓòÉΓòÉΓòÉΓòÉΓòÉΓòÉΓòÉΓòÉΓòÉ
ΓòÉΓòÉΓòí EXCEPTION CAUGHT BY RENDERING LIBRARY Γò₧ΓòÉΓòÉΓòÉΓòÉΓòÉΓòÉΓòÉΓòÉΓòÉΓòÉΓòÉΓòÉΓòÉΓòÉΓòÉΓòÉΓòÉΓòÉΓòÉΓòÉΓòÉΓòÉΓòÉΓòÉΓòÉΓòÉΓòÉΓòÉΓòÉΓòÉΓòÉΓòÉΓòÉΓòÉΓòÉΓòÉΓòÉΓòÉΓòÉΓòÉΓòÉΓòÉΓòÉΓòÉΓòÉΓòÉΓòÉΓòÉΓòÉΓòÉΓòÉΓòÉΓòÉΓòÉΓòÉΓòÉΓòÉ
The following assertion was thrown during performLayout():
RenderBox was not laid out: RenderStack#942f2 relayoutBoundary=up17 NEEDS-PAINT
'package:flutter/src/rendering/box.dart':
Failed assertion: line 2251 pos 12: 'hasSize'

Either the assertion indicates an error in the framework itself, or we should provide substantially
more information in this error message to help you determine and fix the underlying cause.
In either case, please report this assertion by filing a bug on GitHub:
  https://github.com/flutter/flutter/issues/new?template=02_bug.yml

The relevant error-causing widget was:
  FadeTransition
  FadeTransition:file:///C:/Users/LENOVO/AppData/Local/Pub/Cache/hosted/pub.dev/flutter_animate-4.5.2/lib/src/effects/fade_effect.dart:31:12

When the exception was thrown, this was the stack:
#2      RenderBox.size (package:flutter/src/rendering/box.dart:2251:12)
#3      RenderProxyBoxMixin.performLayout (package:flutter/src/rendering/proxy_box.dart:115:62)
#4      RenderObject.layout (package:flutter/src/rendering/object.dart:2775:7)
#5      RenderProxyBoxMixin.performLayout (package:flutter/src/rendering/proxy_box.dart:115:18)
#6      RenderObject.layout (package:flutter/src/rendering/object.dart:2775:7)
#7      ChildLayoutHelper.layoutChild (package:flutter/src/rendering/layout_helper.dart:62:11)
#8      RenderFlex._computeSizes (package:flutter/src/rendering/flex.dart:1161:28)
#9      RenderFlex.performLayout (package:flutter/src/rendering/flex.dart:1257:32)
#10     RenderObject.layout (package:flutter/src/rendering/object.dart:2775:7)
#11     RenderPadding.performLayout (package:flutter/src/rendering/shifted_box.dart:243:12)
#12     RenderObject.layout (package:flutter/src/rendering/object.dart:2775:7)
#13     RenderConstrainedBox.performLayout (package:flutter/src/rendering/proxy_box.dart:293:14)
#14     RenderObject.layout (package:flutter/src/rendering/object.dart:2775:7)
#15     RenderPositionedBox.performLayout (package:flutter/src/rendering/shifted_box.dart:465:14)
#16     RenderObject.layout (package:flutter/src/rendering/object.dart:2775:7)
#17     RenderPadding.performLayout (package:flutter/src/rendering/shifted_box.dart:243:12)
#18     RenderObject.layout (package:flutter/src/rendering/object.dart:2775:7)
#19     _RenderSingleChildViewport.performLayout (package:flutter/src/widgets/single_child_scroll_view.dart:502:14)
#20     RenderObject.layout (package:flutter/src/rendering/object.dart:2775:7)
#21     RenderProxyBoxMixin.performLayout (package:flutter/src/rendering/proxy_box.dart:115:18)
#22     RenderObject.layout (package:flutter/src/rendering/object.dart:2775:7)
#23     RenderProxyBoxMixin.performLayout (package:flutter/src/rendering/proxy_box.dart:115:18)
#24     RenderObject.layout (package:flutter/src/rendering/object.dart:2775:7)
#25     RenderProxyBoxMixin.performLayout (package:flutter/src/rendering/proxy_box.dart:115:18)
#26     RenderObject.layout (package:flutter/src/rendering/object.dart:2775:7)
#27     RenderProxyBoxMixin.performLayout (package:flutter/src/rendering/proxy_box.dart:115:18)
#28     RenderObject.layout (package:flutter/src/rendering/object.dart:2775:7)
#29     RenderProxyBoxMixin.performLayout (package:flutter/src/rendering/proxy_box.dart:115:18)
#30     RenderObject.layout (package:flutter/src/rendering/object.dart:2775:7)
#31     RenderProxyBoxMixin.performLayout (package:flutter/src/rendering/proxy_box.dart:115:18)
#32     RenderObject.layout (package:flutter/src/rendering/object.dart:2775:7)
#33     RenderProxyBoxMixin.performLayout (package:flutter/src/rendering/proxy_box.dart:115:18)
#34     RenderObject.layout (package:flutter/src/rendering/object.dart:2775:7)
#35     RenderProxyBoxMixin.performLayout (package:flutter/src/rendering/proxy_box.dart:115:18)
#36     _RenderCustomClip.performLayout (package:flutter/src/rendering/proxy_box.dart:1481:11)
#37     RenderObject.layout (package:flutter/src/rendering/object.dart:2775:7)
#38     MultiChildLayoutDelegate.layoutChild (package:flutter/src/rendering/custom_layout.dart:180:12)
#39     _ScaffoldLayout.performLayout (package:flutter/src/material/scaffold.dart:1112:7)
#40     MultiChildLayoutDelegate._callPerformLayout (package:flutter/src/rendering/custom_layout.dart:249:7)
#41     RenderCustomMultiChildLayoutBox.performLayout (package:flutter/src/rendering/custom_layout.dart:420:14)
#42     RenderObject._layoutWithoutResize (package:flutter/src/rendering/object.dart:2623:7)
#43     PipelineOwner.flushLayout (package:flutter/src/rendering/object.dart:1170:18)
#44     PipelineOwner.flushLayout (package:flutter/src/rendering/object.dart:1183:15)
#45     AutomatedTestWidgetsFlutterBinding.drawFrame (package:flutter_test/src/binding.dart:1508:27)
#46     RendererBinding._handlePersistentFrameCallback (package:flutter/src/rendering/binding.dart:495:5)
#47     SchedulerBinding._invokeFrameCallback (package:flutter/src/scheduler/binding.dart:1434:15)
#48     SchedulerBinding.handleDrawFrame (package:flutter/src/scheduler/binding.dart:1347:9)
#49     AutomatedTestWidgetsFlutterBinding.pump.<anonymous closure> (package:flutter_test/src/binding.dart:1335:9)
#52     TestAsyncUtils.guard (package:flutter_test/src/test_async_utils.dart:74:41)
#53     AutomatedTestWidgetsFlutterBinding.pump (package:flutter_test/src/binding.dart:1324:27)
#54     WidgetTester.pumpAndSettle.<anonymous closure> (package:flutter_test/src/widget_tester.dart:719:23)
<asynchronous suspension>
#55     TestAsyncUtils.guard.<anonymous closure> (package:flutter_test/src/test_async_utils.dart:130:27)
<asynchronous suspension>
#56     main.<anonymous closure> (file:///D:/Mystery/programming/projects/PYTHON_PROJECTS/focus/focus_gg/focus_flutter/test/widget_test.dart:20:5)
<asynchronous suspension>
#57     testWidgets.<anonymous closure>.<anonymous closure> (package:flutter_test/src/widget_tester.dart:192:15)
<asynchronous suspension>
#58     TestWidgetsFlutterBinding._runTestBody (package:flutter_test/src/binding.dart:1059:5)
<asynchronous suspension>
<asynchronous suspension>
(elided 5 frames from class _AssertionError, dart:async, and package:stack_trace)

The following RenderObject was being processed when the exception was fired: RenderAnimatedOpacity#376cd relayoutBoundary=up16 NEEDS-LAYOUT NEEDS-PAINT NEEDS-COMPOSITING-BITS-UPDATE:
  creator: FadeTransition ΓåÉ FractionalTranslation ΓåÉ SlideTransition ΓåÉ Animate ΓåÉ Column ΓåÉ Padding ΓåÉ
    ConstrainedBox ΓåÉ Align ΓåÉ PageContainer ΓåÉ Padding ΓåÉ _SingleChildViewport ΓåÉ
    IgnorePointer-[GlobalKey#2ac55] ΓåÉ Γï»
  parentData: <none> (can use size)
  constraints: BoxConstraints(w=752.0, 0.0<=h<=Infinity)
  size: MISSING
  opacity: AnimationController#7383f(Γû╢ 0.167)Γ₧⌐Interval(0.0Γï»1.0)Γ₧⌐Cubic(0.00, 0.00, 0.58,
    1.00)Γ₧⌐Tween<double>(0.0 ΓåÆ 1.0)Γ₧⌐0.2601277381181717
This RenderObject had the following descendants (showing up to depth 5):
    child: RenderStack#942f2 relayoutBoundary=up17 NEEDS-PAINT
      child 1: RenderDecoratedBox#2388f NEEDS-LAYOUT NEEDS-PAINT
        child: RenderPadding#b6df0 NEEDS-LAYOUT NEEDS-PAINT
          child: RenderLimitedBox#53077 NEEDS-LAYOUT NEEDS-PAINT
            child: RenderConstrainedBox#10065 NEEDS-LAYOUT NEEDS-PAINT
      child 2: RenderSemanticsGestureHandler#fcad4 relayoutBoundary=up18 NEEDS-PAINT
        child: RenderPointerListener#9059c relayoutBoundary=up19 NEEDS-PAINT
          child: RenderStack#9d9e2 relayoutBoundary=up20 NEEDS-PAINT
            child 1: RenderDecoratedBox#db310 relayoutBoundary=up21 NEEDS-PAINT
ΓòÉΓòÉΓòÉΓòÉΓòÉΓòÉΓòÉΓòÉΓòÉΓòÉΓòÉΓòÉΓòÉΓòÉΓòÉΓòÉΓòÉΓòÉΓòÉΓòÉΓòÉΓòÉΓòÉΓòÉΓòÉΓòÉΓòÉΓòÉΓòÉΓòÉΓòÉΓòÉΓòÉΓòÉΓòÉΓòÉΓòÉΓòÉΓòÉΓòÉΓòÉΓòÉΓòÉΓòÉΓòÉΓòÉΓòÉΓòÉΓòÉΓòÉΓòÉΓòÉΓòÉΓòÉΓòÉΓòÉΓòÉΓòÉΓòÉΓòÉΓòÉΓòÉΓòÉΓòÉΓòÉΓòÉΓòÉΓòÉΓòÉΓòÉΓòÉΓòÉΓòÉΓòÉΓòÉΓòÉΓòÉΓòÉΓòÉΓòÉΓòÉΓòÉΓòÉΓòÉΓòÉΓòÉΓòÉΓòÉΓòÉΓòÉΓòÉΓòÉΓòÉΓòÉΓòÉΓòÉΓòÉΓòÉΓòÉΓòÉ
ΓòÉΓòÉΓòí EXCEPTION CAUGHT BY RENDERING LIBRARY Γò₧ΓòÉΓòÉΓòÉΓòÉΓòÉΓòÉΓòÉΓòÉΓòÉΓòÉΓòÉΓòÉΓòÉΓòÉΓòÉΓòÉΓòÉΓòÉΓòÉΓòÉΓòÉΓòÉΓòÉΓòÉΓòÉΓòÉΓòÉΓòÉΓòÉΓòÉΓòÉΓòÉΓòÉΓòÉΓòÉΓòÉΓòÉΓòÉΓòÉΓòÉΓòÉΓòÉΓòÉΓòÉΓòÉΓòÉΓòÉΓòÉΓòÉΓòÉΓòÉΓòÉΓòÉΓòÉΓòÉΓòÉΓòÉ
The following assertion was thrown during performLayout():
RenderBox was not laid out: RenderAnimatedOpacity#376cd relayoutBoundary=up16 NEEDS-PAINT
NEEDS-COMPOSITING-BITS-UPDATE
'package:flutter/src/rendering/box.dart':
Failed assertion: line 2251 pos 12: 'hasSize'

Either the assertion indicates an error in the framework itself, or we should provide substantially
more information in this error message to help you determine and fix the underlying cause.
In either case, please report this assertion by filing a bug on GitHub:
  https://github.com/flutter/flutter/issues/new?template=02_bug.yml

The relevant error-causing widget was:
  SlideTransition
  SlideTransition:file:///C:/Users/LENOVO/AppData/Local/Pub/Cache/hosted/pub.dev/flutter_animate-4.5.2/lib/src/effects/slide_effect.dart:37:12

When the exception was thrown, this was the stack:
#2      RenderBox.size (package:flutter/src/rendering/box.dart:2251:12)
#3      RenderProxyBoxMixin.performLayout (package:flutter/src/rendering/proxy_box.dart:115:62)
#4      RenderObject.layout (package:flutter/src/rendering/object.dart:2775:7)
#5      ChildLayoutHelper.layoutChild (package:flutter/src/rendering/layout_helper.dart:62:11)
#6      RenderFlex._computeSizes (package:flutter/src/rendering/flex.dart:1161:28)
#7      RenderFlex.performLayout (package:flutter/src/rendering/flex.dart:1257:32)
#8      RenderObject.layout (package:flutter/src/rendering/object.dart:2775:7)
#9      RenderPadding.performLayout (package:flutter/src/rendering/shifted_box.dart:243:12)
#10     RenderObject.layout (package:flutter/src/rendering/object.dart:2775:7)
#11     RenderConstrainedBox.performLayout (package:flutter/src/rendering/proxy_box.dart:293:14)
#12     RenderObject.layout (package:flutter/src/rendering/object.dart:2775:7)
#13     RenderPositionedBox.performLayout (package:flutter/src/rendering/shifted_box.dart:465:14)
#14     RenderObject.layout (package:flutter/src/rendering/object.dart:2775:7)
#15     RenderPadding.performLayout (package:flutter/src/rendering/shifted_box.dart:243:12)
#16     RenderObject.layout (package:flutter/src/rendering/object.dart:2775:7)
#17     _RenderSingleChildViewport.performLayout (package:flutter/src/widgets/single_child_scroll_view.dart:502:14)
#18     RenderObject.layout (package:flutter/src/rendering/object.dart:2775:7)
#19     RenderProxyBoxMixin.performLayout (package:flutter/src/rendering/proxy_box.dart:115:18)
#20     RenderObject.layout (package:flutter/src/rendering/object.dart:2775:7)
#21     RenderProxyBoxMixin.performLayout (package:flutter/src/rendering/proxy_box.dart:115:18)
#22     RenderObject.layout (package:flutter/src/rendering/object.dart:2775:7)
#23     RenderProxyBoxMixin.performLayout (package:flutter/src/rendering/proxy_box.dart:115:18)
#24     RenderObject.layout (package:flutter/src/rendering/object.dart:2775:7)
#25     RenderProxyBoxMixin.performLayout (package:flutter/src/rendering/proxy_box.dart:115:18)
#26     RenderObject.layout (package:flutter/src/rendering/object.dart:2775:7)
#27     RenderProxyBoxMixin.performLayout (package:flutter/src/rendering/proxy_box.dart:115:18)
#28     RenderObject.layout (package:flutter/src/rendering/object.dart:2775:7)
#29     RenderProxyBoxMixin.performLayout (package:flutter/src/rendering/proxy_box.dart:115:18)
#30     RenderObject.layout (package:flutter/src/rendering/object.dart:2775:7)
#31     RenderProxyBoxMixin.performLayout (package:flutter/src/rendering/proxy_box.dart:115:18)
#32     RenderObject.layout (package:flutter/src/rendering/object.dart:2775:7)
#33     RenderProxyBoxMixin.performLayout (package:flutter/src/rendering/proxy_box.dart:115:18)
#34     _RenderCustomClip.performLayout (package:flutter/src/rendering/proxy_box.dart:1481:11)
#35     RenderObject.layout (package:flutter/src/rendering/object.dart:2775:7)
#36     MultiChildLayoutDelegate.layoutChild (package:flutter/src/rendering/custom_layout.dart:180:12)
#37     _ScaffoldLayout.performLayout (package:flutter/src/material/scaffold.dart:1112:7)
#38     MultiChildLayoutDelegate._callPerformLayout (package:flutter/src/rendering/custom_layout.dart:249:7)
#39     RenderCustomMultiChildLayoutBox.performLayout (package:flutter/src/rendering/custom_layout.dart:420:14)
#40     RenderObject._layoutWithoutResize (package:flutter/src/rendering/object.dart:2623:7)
#41     PipelineOwner.flushLayout (package:flutter/src/rendering/object.dart:1170:18)
#42     PipelineOwner.flushLayout (package:flutter/src/rendering/object.dart:1183:15)
#43     AutomatedTestWidgetsFlutterBinding.drawFrame (package:flutter_test/src/binding.dart:1508:27)
#44     RendererBinding._handlePersistentFrameCallback (package:flutter/src/rendering/binding.dart:495:5)
#45     SchedulerBinding._invokeFrameCallback (package:flutter/src/scheduler/binding.dart:1434:15)
#46     SchedulerBinding.handleDrawFrame (package:flutter/src/scheduler/binding.dart:1347:9)
#47     AutomatedTestWidgetsFlutterBinding.pump.<anonymous closure> (package:flutter_test/src/binding.dart:1335:9)
#50     TestAsyncUtils.guard (package:flutter_test/src/test_async_utils.dart:74:41)
#51     AutomatedTestWidgetsFlutterBinding.pump (package:flutter_test/src/binding.dart:1324:27)
#52     WidgetTester.pumpAndSettle.<anonymous closure> (package:flutter_test/src/widget_tester.dart:719:23)
<asynchronous suspension>
#53     TestAsyncUtils.guard.<anonymous closure> (package:flutter_test/src/test_async_utils.dart:130:27)
<asynchronous suspension>
#54     main.<anonymous closure> (file:///D:/Mystery/programming/projects/PYTHON_PROJECTS/focus/focus_gg/focus_flutter/test/widget_test.dart:20:5)
<asynchronous suspension>
#55     testWidgets.<anonymous closure>.<anonymous closure> (package:flutter_test/src/widget_tester.dart:192:15)
<asynchronous suspension>
#56     TestWidgetsFlutterBinding._runTestBody (package:flutter_test/src/binding.dart:1059:5)
<asynchronous suspension>
<asynchronous suspension>
(elided 5 frames from class _AssertionError, dart:async, and package:stack_trace)

The following RenderObject was being processed when the exception was fired: RenderFractionalTranslation#3e3c5 relayoutBoundary=up15 NEEDS-LAYOUT NEEDS-PAINT NEEDS-COMPOSITING-BITS-UPDATE:
  creator: FractionalTranslation ΓåÉ SlideTransition ΓåÉ Animate ΓåÉ Column ΓåÉ Padding ΓåÉ ConstrainedBox ΓåÉ
    Align ΓåÉ PageContainer ΓåÉ Padding ΓåÉ _SingleChildViewport ΓåÉ IgnorePointer-[GlobalKey#2ac55] ΓåÉ
    Semantics ΓåÉ Γï»
  parentData: offset=Offset(0.0, 0.0); flex=null; fit=null (can use size)
  constraints: BoxConstraints(w=752.0, 0.0<=h<=Infinity)
  size: MISSING
  translation: Offset(0.0, 0.0)
  transformHitTests: true
This RenderObject had the following descendants (showing up to depth 5):
    child: RenderAnimatedOpacity#376cd relayoutBoundary=up16 NEEDS-PAINT NEEDS-COMPOSITING-BITS-UPDATE
      child: RenderStack#942f2 relayoutBoundary=up17 NEEDS-PAINT
        child 1: RenderDecoratedBox#2388f NEEDS-LAYOUT NEEDS-PAINT
          child: RenderPadding#b6df0 NEEDS-LAYOUT NEEDS-PAINT
            child: RenderLimitedBox#53077 NEEDS-LAYOUT NEEDS-PAINT
        child 2: RenderSemanticsGestureHandler#fcad4 relayoutBoundary=up18 NEEDS-PAINT
          child: RenderPointerListener#9059c relayoutBoundary=up19 NEEDS-PAINT
            child: RenderStack#9d9e2 relayoutBoundary=up20 NEEDS-PAINT
ΓòÉΓòÉΓòÉΓòÉΓòÉΓòÉΓòÉΓòÉΓòÉΓòÉΓòÉΓòÉΓòÉΓòÉΓòÉΓòÉΓòÉΓòÉΓòÉΓòÉΓòÉΓòÉΓòÉΓòÉΓòÉΓòÉΓòÉΓòÉΓòÉΓòÉΓòÉΓòÉΓòÉΓòÉΓòÉΓòÉΓòÉΓòÉΓòÉΓòÉΓòÉΓòÉΓòÉΓòÉΓòÉΓòÉΓòÉΓòÉΓòÉΓòÉΓòÉΓòÉΓòÉΓòÉΓòÉΓòÉΓòÉΓòÉΓòÉΓòÉΓòÉΓòÉΓòÉΓòÉΓòÉΓòÉΓòÉΓòÉΓòÉΓòÉΓòÉΓòÉΓòÉΓòÉΓòÉΓòÉΓòÉΓòÉΓòÉΓòÉΓòÉΓòÉΓòÉΓòÉΓòÉΓòÉΓòÉΓòÉΓòÉΓòÉΓòÉΓòÉΓòÉΓòÉΓòÉΓòÉΓòÉΓòÉΓòÉΓòÉ
ΓòÉΓòÉΓòí EXCEPTION CAUGHT BY RENDERING LIBRARY Γò₧ΓòÉΓòÉΓòÉΓòÉΓòÉΓòÉΓòÉΓòÉΓòÉΓòÉΓòÉΓòÉΓòÉΓòÉΓòÉΓòÉΓòÉΓòÉΓòÉΓòÉΓòÉΓòÉΓòÉΓòÉΓòÉΓòÉΓòÉΓòÉΓòÉΓòÉΓòÉΓòÉΓòÉΓòÉΓòÉΓòÉΓòÉΓòÉΓòÉΓòÉΓòÉΓòÉΓòÉΓòÉΓòÉΓòÉΓòÉΓòÉΓòÉΓòÉΓòÉΓòÉΓòÉΓòÉΓòÉΓòÉΓòÉ
The following assertion was thrown during performLayout():
RenderBox was not laid out: RenderFractionalTranslation#3e3c5 relayoutBoundary=up15 NEEDS-PAINT
NEEDS-COMPOSITING-BITS-UPDATE
'package:flutter/src/rendering/box.dart':
Failed assertion: line 2251 pos 12: 'hasSize'

Either the assertion indicates an error in the framework itself, or we should provide substantially
more information in this error message to help you determine and fix the underlying cause.
In either case, please report this assertion by filing a bug on GitHub:
  https://github.com/flutter/flutter/issues/new?template=02_bug.yml

The relevant error-causing widget was:
  Column
  Column:file:///D:/Mystery/programming/projects/PYTHON_PROJECTS/focus/focus_gg/focus_flutter/lib/features/dashboard/dashboard_screen.dart:135:18

When the exception was thrown, this was the stack:
#2      RenderBox.size (package:flutter/src/rendering/box.dart:2251:12)
#3      ChildLayoutHelper.layoutChild (package:flutter/src/rendering/layout_helper.dart:63:18)
#4      RenderFlex._computeSizes (package:flutter/src/rendering/flex.dart:1161:28)
#5      RenderFlex.performLayout (package:flutter/src/rendering/flex.dart:1257:32)
#6      RenderObject.layout (package:flutter/src/rendering/object.dart:2775:7)
#7      RenderPadding.performLayout (package:flutter/src/rendering/shifted_box.dart:243:12)
#8      RenderObject.layout (package:flutter/src/rendering/object.dart:2775:7)
#9      RenderConstrainedBox.performLayout (package:flutter/src/rendering/proxy_box.dart:293:14)
#10     RenderObject.layout (package:flutter/src/rendering/object.dart:2775:7)
#11     RenderPositionedBox.performLayout (package:flutter/src/rendering/shifted_box.dart:465:14)
#12     RenderObject.layout (package:flutter/src/rendering/object.dart:2775:7)
#13     RenderPadding.performLayout (package:flutter/src/rendering/shifted_box.dart:243:12)
#14     RenderObject.layout (package:flutter/src/rendering/object.dart:2775:7)
#15     _RenderSingleChildViewport.performLayout (package:flutter/src/widgets/single_child_scroll_view.dart:502:14)
#16     RenderObject.layout (package:flutter/src/rendering/object.dart:2775:7)
#17     RenderProxyBoxMixin.performLayout (package:flutter/src/rendering/proxy_box.dart:115:18)
#18     RenderObject.layout (package:flutter/src/rendering/object.dart:2775:7)
#19     RenderProxyBoxMixin.performLayout (package:flutter/src/rendering/proxy_box.dart:115:18)
#20     RenderObject.layout (package:flutter/src/rendering/object.dart:2775:7)
#21     RenderProxyBoxMixin.performLayout (package:flutter/src/rendering/proxy_box.dart:115:18)
#22     RenderObject.layout (package:flutter/src/rendering/object.dart:2775:7)
#23     RenderProxyBoxMixin.performLayout (package:flutter/src/rendering/proxy_box.dart:115:18)
#24     RenderObject.layout (package:flutter/src/rendering/object.dart:2775:7)
#25     RenderProxyBoxMixin.performLayout (package:flutter/src/rendering/proxy_box.dart:115:18)
#26     RenderObject.layout (package:flutter/src/rendering/object.dart:2775:7)
#27     RenderProxyBoxMixin.performLayout (package:flutter/src/rendering/proxy_box.dart:115:18)
#28     RenderObject.layout (package:flutter/src/rendering/object.dart:2775:7)
#29     RenderProxyBoxMixin.performLayout (package:flutter/src/rendering/proxy_box.dart:115:18)
#30     RenderObject.layout (package:flutter/src/rendering/object.dart:2775:7)
#31     RenderProxyBoxMixin.performLayout (package:flutter/src/rendering/proxy_box.dart:115:18)
#32     _RenderCustomClip.performLayout (package:flutter/src/rendering/proxy_box.dart:1481:11)
#33     RenderObject.layout (package:flutter/src/rendering/object.dart:2775:7)
#34     MultiChildLayoutDelegate.layoutChild (package:flutter/src/rendering/custom_layout.dart:180:12)
#35     _ScaffoldLayout.performLayout (package:flutter/src/material/scaffold.dart:1112:7)
#36     MultiChildLayoutDelegate._callPerformLayout (package:flutter/src/rendering/custom_layout.dart:249:7)
#37     RenderCustomMultiChildLayoutBox.performLayout (package:flutter/src/rendering/custom_layout.dart:420:14)
#38     RenderObject._layoutWithoutResize (package:flutter/src/rendering/object.dart:2623:7)
#39     PipelineOwner.flushLayout (package:flutter/src/rendering/object.dart:1170:18)
#40     PipelineOwner.flushLayout (package:flutter/src/rendering/object.dart:1183:15)
#41     AutomatedTestWidgetsFlutterBinding.drawFrame (package:flutter_test/src/binding.dart:1508:27)
#42     RendererBinding._handlePersistentFrameCallback (package:flutter/src/rendering/binding.dart:495:5)
#43     SchedulerBinding._invokeFrameCallback (package:flutter/src/scheduler/binding.dart:1434:15)
#44     SchedulerBinding.handleDrawFrame (package:flutter/src/scheduler/binding.dart:1347:9)
#45     AutomatedTestWidgetsFlutterBinding.pump.<anonymous closure> (package:flutter_test/src/binding.dart:1335:9)
#48     TestAsyncUtils.guard (package:flutter_test/src/test_async_utils.dart:74:41)
#49     AutomatedTestWidgetsFlutterBinding.pump (package:flutter_test/src/binding.dart:1324:27)
#50     WidgetTester.pumpAndSettle.<anonymous closure> (package:flutter_test/src/widget_tester.dart:719:23)
<asynchronous suspension>
#51     TestAsyncUtils.guard.<anonymous closure> (package:flutter_test/src/test_async_utils.dart:130:27)
<asynchronous suspension>
#52     main.<anonymous closure> (file:///D:/Mystery/programming/projects/PYTHON_PROJECTS/focus/focus_gg/focus_flutter/test/widget_test.dart:20:5)
<asynchronous suspension>
#53     testWidgets.<anonymous closure>.<anonymous closure> (package:flutter_test/src/widget_tester.dart:192:15)
<asynchronous suspension>
#54     TestWidgetsFlutterBinding._runTestBody (package:flutter_test/src/binding.dart:1059:5)
<asynchronous suspension>
<asynchronous suspension>
(elided 5 frames from class _AssertionError, dart:async, and package:stack_trace)

The following RenderObject was being processed when the exception was fired: RenderFlex#141d3 relayoutBoundary=up14 NEEDS-LAYOUT NEEDS-PAINT NEEDS-COMPOSITING-BITS-UPDATE:
  creator: Column ΓåÉ Padding ΓåÉ ConstrainedBox ΓåÉ Align ΓåÉ PageContainer ΓåÉ Padding ΓåÉ _SingleChildViewport
    ΓåÉ IgnorePointer-[GlobalKey#2ac55] ΓåÉ Semantics ΓåÉ Listener ΓåÉ _GestureSemantics ΓåÉ
    RawGestureDetector-[LabeledGlobalKey<RawGestureDetectorState>#b16d0] ΓåÉ Γï»
  parentData: offset=Offset(24.0, 16.0) (can use size)
  constraints: BoxConstraints(0.0<=w<=752.0, 0.0<=h<=Infinity)
  size: MISSING
  direction: vertical
  mainAxisAlignment: start
  mainAxisSize: max
  crossAxisAlignment: stretch
  verticalDirection: down
  spacing: 0.0
This RenderObject had the following descendants (showing up to depth 5):
    child 1: RenderFractionalTranslation#3e3c5 relayoutBoundary=up15 NEEDS-PAINT NEEDS-COMPOSITING-BITS-UPDATE
      child: RenderAnimatedOpacity#376cd relayoutBoundary=up16 NEEDS-PAINT NEEDS-COMPOSITING-BITS-UPDATE
        child: RenderStack#942f2 relayoutBoundary=up17 NEEDS-PAINT
          child 1: RenderDecoratedBox#2388f NEEDS-LAYOUT NEEDS-PAINT
            child: RenderPadding#b6df0 NEEDS-LAYOUT NEEDS-PAINT
          child 2: RenderSemanticsGestureHandler#fcad4 relayoutBoundary=up18 NEEDS-PAINT
            child: RenderPointerListener#9059c relayoutBoundary=up19 NEEDS-PAINT
    child 2: RenderConstrainedBox#86da0 NEEDS-LAYOUT NEEDS-PAINT
    child 3: RenderAnimatedOpacity#c08d6 NEEDS-LAYOUT NEEDS-PAINT
      child: RenderSemanticsGestureHandler#ce73c NEEDS-LAYOUT NEEDS-PAINT
        child: RenderPointerListener#91e90 NEEDS-LAYOUT NEEDS-PAINT
          child: RenderStack#80f29 NEEDS-LAYOUT NEEDS-PAINT
            child 1: RenderDecoratedBox#6c0c1 NEEDS-LAYOUT NEEDS-PAINT
    child 4: RenderConstrainedBox#a5c3d NEEDS-LAYOUT NEEDS-PAINT
    child 5: RenderFractionalTranslation#28703 NEEDS-LAYOUT NEEDS-PAINT
      child: RenderAnimatedOpacity#051b4 NEEDS-LAYOUT NEEDS-PAINT
        child: RenderSemanticsGestureHandler#4fefe NEEDS-LAYOUT NEEDS-PAINT
          child: RenderPointerListener#d70a8 NEEDS-LAYOUT NEEDS-PAINT
            child: RenderStack#3b30d NEEDS-LAYOUT NEEDS-PAINT
    child 6: RenderConstrainedBox#0380c NEEDS-LAYOUT NEEDS-PAINT
    child 7: RenderAnimatedOpacity#0f73f NEEDS-LAYOUT NEEDS-PAINT
      child: RenderFlex#70c3c NEEDS-LAYOUT NEEDS-PAINT
        child 1: RenderParagraph#70a78 NEEDS-LAYOUT NEEDS-PAINT
          text: TextSpan
        child 2: RenderSemanticsAnnotations#ad4cd NEEDS-LAYOUT NEEDS-PAINT
          child: _RenderInputPadding#b1a97 NEEDS-LAYOUT NEEDS-PAINT
            child: RenderConstrainedBox#d70ad NEEDS-LAYOUT NEEDS-PAINT
ΓòÉΓòÉΓòÉΓòÉΓòÉΓòÉΓòÉΓòÉΓòÉΓòÉΓòÉΓòÉΓòÉΓòÉΓòÉΓòÉΓòÉΓòÉΓòÉΓòÉΓòÉΓòÉΓòÉΓòÉΓòÉΓòÉΓòÉΓòÉΓòÉΓòÉΓòÉΓòÉΓòÉΓòÉΓòÉΓòÉΓòÉΓòÉΓòÉΓòÉΓòÉΓòÉΓòÉΓòÉΓòÉΓòÉΓòÉΓòÉΓòÉΓòÉΓòÉΓòÉΓòÉΓòÉΓòÉΓòÉΓòÉΓòÉΓòÉΓòÉΓòÉΓòÉΓòÉΓòÉΓòÉΓòÉΓòÉΓòÉΓòÉΓòÉΓòÉΓòÉΓòÉΓòÉΓòÉΓòÉΓòÉΓòÉΓòÉΓòÉΓòÉΓòÉΓòÉΓòÉΓòÉΓòÉΓòÉΓòÉΓòÉΓòÉΓòÉΓòÉΓòÉΓòÉΓòÉΓòÉΓòÉΓòÉΓòÉΓòÉ
ΓòÉΓòÉΓòí EXCEPTION CAUGHT BY RENDERING LIBRARY Γò₧ΓòÉΓòÉΓòÉΓòÉΓòÉΓòÉΓòÉΓòÉΓòÉΓòÉΓòÉΓòÉΓòÉΓòÉΓòÉΓòÉΓòÉΓòÉΓòÉΓòÉΓòÉΓòÉΓòÉΓòÉΓòÉΓòÉΓòÉΓòÉΓòÉΓòÉΓòÉΓòÉΓòÉΓòÉΓòÉΓòÉΓòÉΓòÉΓòÉΓòÉΓòÉΓòÉΓòÉΓòÉΓòÉΓòÉΓòÉΓòÉΓòÉΓòÉΓòÉΓòÉΓòÉΓòÉΓòÉΓòÉΓòÉ
The following assertion was thrown during performLayout():
RenderBox was not laid out: RenderFlex#141d3 relayoutBoundary=up14 NEEDS-PAINT
NEEDS-COMPOSITING-BITS-UPDATE
'package:flutter/src/rendering/box.dart':
Failed assertion: line 2251 pos 12: 'hasSize'

Either the assertion indicates an error in the framework itself, or we should provide substantially
more information in this error message to help you determine and fix the underlying cause.
In either case, please report this assertion by filing a bug on GitHub:
  https://github.com/flutter/flutter/issues/new?template=02_bug.yml

The relevant error-causing widget was:
  Padding
  Padding:file:///D:/Mystery/programming/projects/PYTHON_PROJECTS/focus/focus_gg/focus_flutter/lib/shared/widgets/page_container.dart:25:16

When the exception was thrown, this was the stack:
#2      RenderBox.size (package:flutter/src/rendering/box.dart:2251:12)
#3      RenderPadding.performLayout (package:flutter/src/rendering/shifted_box.dart:247:40)
#4      RenderObject.layout (package:flutter/src/rendering/object.dart:2775:7)
#5      RenderConstrainedBox.performLayout (package:flutter/src/rendering/proxy_box.dart:293:14)
#6      RenderObject.layout (package:flutter/src/rendering/object.dart:2775:7)
#7      RenderPositionedBox.performLayout (package:flutter/src/rendering/shifted_box.dart:465:14)
#8      RenderObject.layout (package:flutter/src/rendering/object.dart:2775:7)
#9      RenderPadding.performLayout (package:flutter/src/rendering/shifted_box.dart:243:12)
#10     RenderObject.layout (package:flutter/src/rendering/object.dart:2775:7)
#11     _RenderSingleChildViewport.performLayout (package:flutter/src/widgets/single_child_scroll_view.dart:502:14)
#12     RenderObject.layout (package:flutter/src/rendering/object.dart:2775:7)
#13     RenderProxyBoxMixin.performLayout (package:flutter/src/rendering/proxy_box.dart:115:18)
#14     RenderObject.layout (package:flutter/src/rendering/object.dart:2775:7)
#15     RenderProxyBoxMixin.performLayout (package:flutter/src/rendering/proxy_box.dart:115:18)
#16     RenderObject.layout (package:flutter/src/rendering/object.dart:2775:7)
#17     RenderProxyBoxMixin.performLayout (package:flutter/src/rendering/proxy_box.dart:115:18)
#18     RenderObject.layout (package:flutter/src/rendering/object.dart:2775:7)
#19     RenderProxyBoxMixin.performLayout (package:flutter/src/rendering/proxy_box.dart:115:18)
#20     RenderObject.layout (package:flutter/src/rendering/object.dart:2775:7)
#21     RenderProxyBoxMixin.performLayout (package:flutter/src/rendering/proxy_box.dart:115:18)
#22     RenderObject.layout (package:flutter/src/rendering/object.dart:2775:7)
#23     RenderProxyBoxMixin.performLayout (package:flutter/src/rendering/proxy_box.dart:115:18)
#24     RenderObject.layout (package:flutter/src/rendering/object.dart:2775:7)
#25     RenderProxyBoxMixin.performLayout (package:flutter/src/rendering/proxy_box.dart:115:18)
#26     RenderObject.layout (package:flutter/src/rendering/object.dart:2775:7)
#27     RenderProxyBoxMixin.performLayout (package:flutter/src/rendering/proxy_box.dart:115:18)
#28     _RenderCustomClip.performLayout (package:flutter/src/rendering/proxy_box.dart:1481:11)
#29     RenderObject.layout (package:flutter/src/rendering/object.dart:2775:7)
#30     MultiChildLayoutDelegate.layoutChild (package:flutter/src/rendering/custom_layout.dart:180:12)
#31     _ScaffoldLayout.performLayout (package:flutter/src/material/scaffold.dart:1112:7)
#32     MultiChildLayoutDelegate._callPerformLayout (package:flutter/src/rendering/custom_layout.dart:249:7)
#33     RenderCustomMultiChildLayoutBox.performLayout (package:flutter/src/rendering/custom_layout.dart:420:14)
#34     RenderObject._layoutWithoutResize (package:flutter/src/rendering/object.dart:2623:7)
#35     PipelineOwner.flushLayout (package:flutter/src/rendering/object.dart:1170:18)
#36     PipelineOwner.flushLayout (package:flutter/src/rendering/object.dart:1183:15)
#37     AutomatedTestWidgetsFlutterBinding.drawFrame (package:flutter_test/src/binding.dart:1508:27)
#38     RendererBinding._handlePersistentFrameCallback (package:flutter/src/rendering/binding.dart:495:5)
#39     SchedulerBinding._invokeFrameCallback (package:flutter/src/scheduler/binding.dart:1434:15)
#40     SchedulerBinding.handleDrawFrame (package:flutter/src/scheduler/binding.dart:1347:9)
#41     AutomatedTestWidgetsFlutterBinding.pump.<anonymous closure> (package:flutter_test/src/binding.dart:1335:9)
#44     TestAsyncUtils.guard (package:flutter_test/src/test_async_utils.dart:74:41)
#45     AutomatedTestWidgetsFlutterBinding.pump (package:flutter_test/src/binding.dart:1324:27)
#46     WidgetTester.pumpAndSettle.<anonymous closure> (package:flutter_test/src/widget_tester.dart:719:23)
<asynchronous suspension>
#47     TestAsyncUtils.guard.<anonymous closure> (package:flutter_test/src/test_async_utils.dart:130:27)
<asynchronous suspension>
#48     main.<anonymous closure> (file:///D:/Mystery/programming/projects/PYTHON_PROJECTS/focus/focus_gg/focus_flutter/test/widget_test.dart:20:5)
<asynchronous suspension>
#49     testWidgets.<anonymous closure>.<anonymous closure> (package:flutter_test/src/widget_tester.dart:192:15)
<asynchronous suspension>
#50     TestWidgetsFlutterBinding._runTestBody (package:flutter_test/src/binding.dart:1059:5)
<asynchronous suspension>
<asynchronous suspension>
(elided 5 frames from class _AssertionError, dart:async, and package:stack_trace)

The following RenderObject was being processed when the exception was fired: RenderPadding#91361 relayoutBoundary=up13 NEEDS-LAYOUT NEEDS-PAINT NEEDS-COMPOSITING-BITS-UPDATE:
  creator: Padding ΓåÉ ConstrainedBox ΓåÉ Align ΓåÉ PageContainer ΓåÉ Padding ΓåÉ _SingleChildViewport ΓåÉ
    IgnorePointer-[GlobalKey#2ac55] ΓåÉ Semantics ΓåÉ Listener ΓåÉ _GestureSemantics ΓåÉ
    RawGestureDetector-[LabeledGlobalKey<RawGestureDetectorState>#b16d0] ΓåÉ Listener ΓåÉ Γï»
  parentData: <none> (can use size)
  constraints: BoxConstraints(0.0<=w<=800.0, 0.0<=h<=Infinity)
  size: MISSING
  padding: EdgeInsets(24.0, 16.0, 24.0, 16.0)
  textDirection: ltr
This RenderObject had the following descendants (showing up to depth 5):
    child: RenderFlex#141d3 relayoutBoundary=up14 NEEDS-PAINT NEEDS-COMPOSITING-BITS-UPDATE
      child 1: RenderFractionalTranslation#3e3c5 relayoutBoundary=up15 NEEDS-PAINT NEEDS-COMPOSITING-BITS-UPDATE
        child: RenderAnimatedOpacity#376cd relayoutBoundary=up16 NEEDS-PAINT NEEDS-COMPOSITING-BITS-UPDATE
          child: RenderStack#942f2 relayoutBoundary=up17 NEEDS-PAINT
            child 1: RenderDecoratedBox#2388f NEEDS-LAYOUT NEEDS-PAINT
            child 2: RenderSemanticsGestureHandler#fcad4 relayoutBoundary=up18 NEEDS-PAINT
      child 2: RenderConstrainedBox#86da0 NEEDS-LAYOUT NEEDS-PAINT
      child 3: RenderAnimatedOpacity#c08d6 NEEDS-LAYOUT NEEDS-PAINT
        child: RenderSemanticsGestureHandler#ce73c NEEDS-LAYOUT NEEDS-PAINT
          child: RenderPointerListener#91e90 NEEDS-LAYOUT NEEDS-PAINT
            child: RenderStack#80f29 NEEDS-LAYOUT NEEDS-PAINT
      child 4: RenderConstrainedBox#a5c3d NEEDS-LAYOUT NEEDS-PAINT
      child 5: RenderFractionalTranslation#28703 NEEDS-LAYOUT NEEDS-PAINT
        child: RenderAnimatedOpacity#051b4 NEEDS-LAYOUT NEEDS-PAINT
          child: RenderSemanticsGestureHandler#4fefe NEEDS-LAYOUT NEEDS-PAINT
            child: RenderPointerListener#d70a8 NEEDS-LAYOUT NEEDS-PAINT
      child 6: RenderConstrainedBox#0380c NEEDS-LAYOUT NEEDS-PAINT
      child 7: RenderAnimatedOpacity#0f73f NEEDS-LAYOUT NEEDS-PAINT
        child: RenderFlex#70c3c NEEDS-LAYOUT NEEDS-PAINT
          child 1: RenderParagraph#70a78 NEEDS-LAYOUT NEEDS-PAINT
            text: TextSpan
          child 2: RenderSemanticsAnnotations#ad4cd NEEDS-LAYOUT NEEDS-PAINT
            child: _RenderInputPadding#b1a97 NEEDS-LAYOUT NEEDS-PAINT
      child 8: RenderConstrainedBox#d560d NEEDS-LAYOUT NEEDS-PAINT
      child 9: RenderAnimatedOpacity#0f4f6 NEEDS-LAYOUT NEEDS-PAINT
        child: RenderSemanticsGestureHandler#0bd1a NEEDS-LAYOUT NEEDS-PAINT
          child: RenderPointerListener#30531 NEEDS-LAYOUT NEEDS-PAINT
            child: RenderStack#05a03 NEEDS-LAYOUT NEEDS-PAINT
ΓòÉΓòÉΓòÉΓòÉΓòÉΓòÉΓòÉΓòÉΓòÉΓòÉΓòÉΓòÉΓòÉΓòÉΓòÉΓòÉΓòÉΓòÉΓòÉΓòÉΓòÉΓòÉΓòÉΓòÉΓòÉΓòÉΓòÉΓòÉΓòÉΓòÉΓòÉΓòÉΓòÉΓòÉΓòÉΓòÉΓòÉΓòÉΓòÉΓòÉΓòÉΓòÉΓòÉΓòÉΓòÉΓòÉΓòÉΓòÉΓòÉΓòÉΓòÉΓòÉΓòÉΓòÉΓòÉΓòÉΓòÉΓòÉΓòÉΓòÉΓòÉΓòÉΓòÉΓòÉΓòÉΓòÉΓòÉΓòÉΓòÉΓòÉΓòÉΓòÉΓòÉΓòÉΓòÉΓòÉΓòÉΓòÉΓòÉΓòÉΓòÉΓòÉΓòÉΓòÉΓòÉΓòÉΓòÉΓòÉΓòÉΓòÉΓòÉΓòÉΓòÉΓòÉΓòÉΓòÉΓòÉΓòÉΓòÉΓòÉ
ΓòÉΓòÉΓòí EXCEPTION CAUGHT BY RENDERING LIBRARY Γò₧ΓòÉΓòÉΓòÉΓòÉΓòÉΓòÉΓòÉΓòÉΓòÉΓòÉΓòÉΓòÉΓòÉΓòÉΓòÉΓòÉΓòÉΓòÉΓòÉΓòÉΓòÉΓòÉΓòÉΓòÉΓòÉΓòÉΓòÉΓòÉΓòÉΓòÉΓòÉΓòÉΓòÉΓòÉΓòÉΓòÉΓòÉΓòÉΓòÉΓòÉΓòÉΓòÉΓòÉΓòÉΓòÉΓòÉΓòÉΓòÉΓòÉΓòÉΓòÉΓòÉΓòÉΓòÉΓòÉΓòÉΓòÉ
The following assertion was thrown during performLayout():
RenderBox was not laid out: RenderPadding#91361 relayoutBoundary=up13 NEEDS-PAINT
NEEDS-COMPOSITING-BITS-UPDATE
'package:flutter/src/rendering/box.dart':
Failed assertion: line 2251 pos 12: 'hasSize'

Either the assertion indicates an error in the framework itself, or we should provide substantially
more information in this error message to help you determine and fix the underlying cause.
In either case, please report this assertion by filing a bug on GitHub:
  https://github.com/flutter/flutter/issues/new?template=02_bug.yml

The relevant error-causing widget was:
  ConstrainedBox
  ConstrainedBox:file:///D:/Mystery/programming/projects/PYTHON_PROJECTS/focus/focus_gg/focus_flutter/lib/shared/widgets/page_container.dart:23:14

When the exception was thrown, this was the stack:
#2      RenderBox.size (package:flutter/src/rendering/box.dart:2251:12)
#3      RenderConstrainedBox.performLayout (package:flutter/src/rendering/proxy_box.dart:294:21)
#4      RenderObject.layout (package:flutter/src/rendering/object.dart:2775:7)
#5      RenderPositionedBox.performLayout (package:flutter/src/rendering/shifted_box.dart:465:14)
#6      RenderObject.layout (package:flutter/src/rendering/object.dart:2775:7)
#7      RenderPadding.performLayout (package:flutter/src/rendering/shifted_box.dart:243:12)
#8      RenderObject.layout (package:flutter/src/rendering/object.dart:2775:7)
#9      _RenderSingleChildViewport.performLayout (package:flutter/src/widgets/single_child_scroll_view.dart:502:14)
#10     RenderObject.layout (package:flutter/src/rendering/object.dart:2775:7)
#11     RenderProxyBoxMixin.performLayout (package:flutter/src/rendering/proxy_box.dart:115:18)
#12     RenderObject.layout (package:flutter/src/rendering/object.dart:2775:7)
#13     RenderProxyBoxMixin.performLayout (package:flutter/src/rendering/proxy_box.dart:115:18)
#14     RenderObject.layout (package:flutter/src/rendering/object.dart:2775:7)
#15     RenderProxyBoxMixin.performLayout (package:flutter/src/rendering/proxy_box.dart:115:18)
#16     RenderObject.layout (package:flutter/src/rendering/object.dart:2775:7)
#17     RenderProxyBoxMixin.performLayout (package:flutter/src/rendering/proxy_box.dart:115:18)
#18     RenderObject.layout (package:flutter/src/rendering/object.dart:2775:7)
#19     RenderProxyBoxMixin.performLayout (package:flutter/src/rendering/proxy_box.dart:115:18)
#20     RenderObject.layout (package:flutter/src/rendering/object.dart:2775:7)
#21     RenderProxyBoxMixin.performLayout (package:flutter/src/rendering/proxy_box.dart:115:18)
#22     RenderObject.layout (package:flutter/src/rendering/object.dart:2775:7)
#23     RenderProxyBoxMixin.performLayout (package:flutter/src/rendering/proxy_box.dart:115:18)
#24     RenderObject.layout (package:flutter/src/rendering/object.dart:2775:7)
#25     RenderProxyBoxMixin.performLayout (package:flutter/src/rendering/proxy_box.dart:115:18)
#26     _RenderCustomClip.performLayout (package:flutter/src/rendering/proxy_box.dart:1481:11)
#27     RenderObject.layout (package:flutter/src/rendering/object.dart:2775:7)
#28     MultiChildLayoutDelegate.layoutChild (package:flutter/src/rendering/custom_layout.dart:180:12)
#29     _ScaffoldLayout.performLayout (package:flutter/src/material/scaffold.dart:1112:7)
#30     MultiChildLayoutDelegate._callPerformLayout (package:flutter/src/rendering/custom_layout.dart:249:7)
#31     RenderCustomMultiChildLayoutBox.performLayout (package:flutter/src/rendering/custom_layout.dart:420:14)
#32     RenderObject._layoutWithoutResize (package:flutter/src/rendering/object.dart:2623:7)
#33     PipelineOwner.flushLayout (package:flutter/src/rendering/object.dart:1170:18)
#34     PipelineOwner.flushLayout (package:flutter/src/rendering/object.dart:1183:15)
#35     AutomatedTestWidgetsFlutterBinding.drawFrame (package:flutter_test/src/binding.dart:1508:27)
#36     RendererBinding._handlePersistentFrameCallback (package:flutter/src/rendering/binding.dart:495:5)
#37     SchedulerBinding._invokeFrameCallback (package:flutter/src/scheduler/binding.dart:1434:15)
#38     SchedulerBinding.handleDrawFrame (package:flutter/src/scheduler/binding.dart:1347:9)
#39     AutomatedTestWidgetsFlutterBinding.pump.<anonymous closure> (package:flutter_test/src/binding.dart:1335:9)
#42     TestAsyncUtils.guard (package:flutter_test/src/test_async_utils.dart:74:41)
#43     AutomatedTestWidgetsFlutterBinding.pump (package:flutter_test/src/binding.dart:1324:27)
#44     WidgetTester.pumpAndSettle.<anonymous closure> (package:flutter_test/src/widget_tester.dart:719:23)
<asynchronous suspension>
#45     TestAsyncUtils.guard.<anonymous closure> (package:flutter_test/src/test_async_utils.dart:130:27)
<asynchronous suspension>
#46     main.<anonymous closure> (file:///D:/Mystery/programming/projects/PYTHON_PROJECTS/focus/focus_gg/focus_flutter/test/widget_test.dart:20:5)
<asynchronous suspension>
#47     testWidgets.<anonymous closure>.<anonymous closure> (package:flutter_test/src/widget_tester.dart:192:15)
<asynchronous suspension>
#48     TestWidgetsFlutterBinding._runTestBody (package:flutter_test/src/binding.dart:1059:5)
<asynchronous suspension>
<asynchronous suspension>
(elided 5 frames from class _AssertionError, dart:async, and package:stack_trace)

The following RenderObject was being processed when the exception was fired: RenderConstrainedBox#89b07 relayoutBoundary=up12 NEEDS-LAYOUT NEEDS-PAINT NEEDS-COMPOSITING-BITS-UPDATE:
  creator: ConstrainedBox ΓåÉ Align ΓåÉ PageContainer ΓåÉ Padding ΓåÉ _SingleChildViewport ΓåÉ
    IgnorePointer-[GlobalKey#2ac55] ΓåÉ Semantics ΓåÉ Listener ΓåÉ _GestureSemantics ΓåÉ
    RawGestureDetector-[LabeledGlobalKey<RawGestureDetectorState>#b16d0] ΓåÉ Listener ΓåÉ _ScrollableScope
    ΓåÉ Γï»
  parentData: offset=Offset(0.0, 0.0) (can use size)
  constraints: BoxConstraints(0.0<=w<=800.0, 0.0<=h<=Infinity)
  size: MISSING
  additionalConstraints: BoxConstraints(0.0<=w<=1120.0, 0.0<=h<=Infinity)
This RenderObject had the following descendants (showing up to depth 5):
    child: RenderPadding#91361 relayoutBoundary=up13 NEEDS-PAINT NEEDS-COMPOSITING-BITS-UPDATE
      child: RenderFlex#141d3 relayoutBoundary=up14 NEEDS-PAINT NEEDS-COMPOSITING-BITS-UPDATE
        child 1: RenderFractionalTranslation#3e3c5 relayoutBoundary=up15 NEEDS-PAINT NEEDS-COMPOSITING-BITS-UPDATE
          child: RenderAnimatedOpacity#376cd relayoutBoundary=up16 NEEDS-PAINT NEEDS-COMPOSITING-BITS-UPDATE
            child: RenderStack#942f2 relayoutBoundary=up17 NEEDS-PAINT
        child 2: RenderConstrainedBox#86da0 NEEDS-LAYOUT NEEDS-PAINT
        child 3: RenderAnimatedOpacity#c08d6 NEEDS-LAYOUT NEEDS-PAINT
          child: RenderSemanticsGestureHandler#ce73c NEEDS-LAYOUT NEEDS-PAINT
            child: RenderPointerListener#91e90 NEEDS-LAYOUT NEEDS-PAINT
        child 4: RenderConstrainedBox#a5c3d NEEDS-LAYOUT NEEDS-PAINT
        child 5: RenderFractionalTranslation#28703 NEEDS-LAYOUT NEEDS-PAINT
          child: RenderAnimatedOpacity#051b4 NEEDS-LAYOUT NEEDS-PAINT
            child: RenderSemanticsGestureHandler#4fefe NEEDS-LAYOUT NEEDS-PAINT
        child 6: RenderConstrainedBox#0380c NEEDS-LAYOUT NEEDS-PAINT
        child 7: RenderAnimatedOpacity#0f73f NEEDS-LAYOUT NEEDS-PAINT
          child: RenderFlex#70c3c NEEDS-LAYOUT NEEDS-PAINT
            child 1: RenderParagraph#70a78 NEEDS-LAYOUT NEEDS-PAINT
            child 2: RenderSemanticsAnnotations#ad4cd NEEDS-LAYOUT NEEDS-PAINT
        child 8: RenderConstrainedBox#d560d NEEDS-LAYOUT NEEDS-PAINT
        child 9: RenderAnimatedOpacity#0f4f6 NEEDS-LAYOUT NEEDS-PAINT
          child: RenderSemanticsGestureHandler#0bd1a NEEDS-LAYOUT NEEDS-PAINT
            child: RenderPointerListener#30531 NEEDS-LAYOUT NEEDS-PAINT
        child 10: RenderConstrainedBox#fe898 NEEDS-LAYOUT NEEDS-PAINT
        child 11: RenderAnimatedOpacity#bfbeb NEEDS-LAYOUT NEEDS-PAINT
          child: RenderFlex#9184b NEEDS-LAYOUT NEEDS-PAINT
            child 1: RenderParagraph#d268a NEEDS-LAYOUT NEEDS-PAINT
            child 2: RenderSemanticsAnnotations#6f17d NEEDS-LAYOUT NEEDS-PAINT
    ...(descendants list truncated after 25 lines)
ΓòÉΓòÉΓòÉΓòÉΓòÉΓòÉΓòÉΓòÉΓòÉΓòÉΓòÉΓòÉΓòÉΓòÉΓòÉΓòÉΓòÉΓòÉΓòÉΓòÉΓòÉΓòÉΓòÉΓòÉΓòÉΓòÉΓòÉΓòÉΓòÉΓòÉΓòÉΓòÉΓòÉΓòÉΓòÉΓòÉΓòÉΓòÉΓòÉΓòÉΓòÉΓòÉΓòÉΓòÉΓòÉΓòÉΓòÉΓòÉΓòÉΓòÉΓòÉΓòÉΓòÉΓòÉΓòÉΓòÉΓòÉΓòÉΓòÉΓòÉΓòÉΓòÉΓòÉΓòÉΓòÉΓòÉΓòÉΓòÉΓòÉΓòÉΓòÉΓòÉΓòÉΓòÉΓòÉΓòÉΓòÉΓòÉΓòÉΓòÉΓòÉΓòÉΓòÉΓòÉΓòÉΓòÉΓòÉΓòÉΓòÉΓòÉΓòÉΓòÉΓòÉΓòÉΓòÉΓòÉΓòÉΓòÉΓòÉΓòÉ
ΓòÉΓòÉΓòí EXCEPTION CAUGHT BY RENDERING LIBRARY Γò₧ΓòÉΓòÉΓòÉΓòÉΓòÉΓòÉΓòÉΓòÉΓòÉΓòÉΓòÉΓòÉΓòÉΓòÉΓòÉΓòÉΓòÉΓòÉΓòÉΓòÉΓòÉΓòÉΓòÉΓòÉΓòÉΓòÉΓòÉΓòÉΓòÉΓòÉΓòÉΓòÉΓòÉΓòÉΓòÉΓòÉΓòÉΓòÉΓòÉΓòÉΓòÉΓòÉΓòÉΓòÉΓòÉΓòÉΓòÉΓòÉΓòÉΓòÉΓòÉΓòÉΓòÉΓòÉΓòÉΓòÉΓòÉ
The following assertion was thrown during performLayout():
RenderBox was not laid out: RenderConstrainedBox#89b07 relayoutBoundary=up12 NEEDS-PAINT
NEEDS-COMPOSITING-BITS-UPDATE
'package:flutter/src/rendering/box.dart':
Failed assertion: line 2251 pos 12: 'hasSize'

Either the assertion indicates an error in the framework itself, or we should provide substantially
more information in this error message to help you determine and fix the underlying cause.
In either case, please report this assertion by filing a bug on GitHub:
  https://github.com/flutter/flutter/issues/new?template=02_bug.yml

The relevant error-causing widget was:
  Align
  Align:file:///D:/Mystery/programming/projects/PYTHON_PROJECTS/focus/focus_gg/focus_flutter/lib/shared/widgets/page_container.dart:21:12

When the exception was thrown, this was the stack:
#2      RenderBox.size (package:flutter/src/rendering/box.dart:2251:12)
#3      RenderPositionedBox.performLayout (package:flutter/src/rendering/shifted_box.dart:469:37)
#4      RenderObject.layout (package:flutter/src/rendering/object.dart:2775:7)
#5      RenderPadding.performLayout (package:flutter/src/rendering/shifted_box.dart:243:12)
#6      RenderObject.layout (package:flutter/src/rendering/object.dart:2775:7)
#7      _RenderSingleChildViewport.performLayout (package:flutter/src/widgets/single_child_scroll_view.dart:502:14)
#8      RenderObject.layout (package:flutter/src/rendering/object.dart:2775:7)
#9      RenderProxyBoxMixin.performLayout (package:flutter/src/rendering/proxy_box.dart:115:18)
#10     RenderObject.layout (package:flutter/src/rendering/object.dart:2775:7)
#11     RenderProxyBoxMixin.performLayout (package:flutter/src/rendering/proxy_box.dart:115:18)
#12     RenderObject.layout (package:flutter/src/rendering/object.dart:2775:7)
#13     RenderProxyBoxMixin.performLayout (package:flutter/src/rendering/proxy_box.dart:115:18)
#14     RenderObject.layout (package:flutter/src/rendering/object.dart:2775:7)
#15     RenderProxyBoxMixin.performLayout (package:flutter/src/rendering/proxy_box.dart:115:18)
#16     RenderObject.layout (package:flutter/src/rendering/object.dart:2775:7)
#17     RenderProxyBoxMixin.performLayout (package:flutter/src/rendering/proxy_box.dart:115:18)
#18     RenderObject.layout (package:flutter/src/rendering/object.dart:2775:7)
#19     RenderProxyBoxMixin.performLayout (package:flutter/src/rendering/proxy_box.dart:115:18)
#20     RenderObject.layout (package:flutter/src/rendering/object.dart:2775:7)
#21     RenderProxyBoxMixin.performLayout (package:flutter/src/rendering/proxy_box.dart:115:18)
#22     RenderObject.layout (package:flutter/src/rendering/object.dart:2775:7)
#23     RenderProxyBoxMixin.performLayout (package:flutter/src/rendering/proxy_box.dart:115:18)
#24     _RenderCustomClip.performLayout (package:flutter/src/rendering/proxy_box.dart:1481:11)
#25     RenderObject.layout (package:flutter/src/rendering/object.dart:2775:7)
#26     MultiChildLayoutDelegate.layoutChild (package:flutter/src/rendering/custom_layout.dart:180:12)
#27     _ScaffoldLayout.performLayout (package:flutter/src/material/scaffold.dart:1112:7)
#28     MultiChildLayoutDelegate._callPerformLayout (package:flutter/src/rendering/custom_layout.dart:249:7)
#29     RenderCustomMultiChildLayoutBox.performLayout (package:flutter/src/rendering/custom_layout.dart:420:14)
#30     RenderObject._layoutWithoutResize (package:flutter/src/rendering/object.dart:2623:7)
#31     PipelineOwner.flushLayout (package:flutter/src/rendering/object.dart:1170:18)
#32     PipelineOwner.flushLayout (package:flutter/src/rendering/object.dart:1183:15)
#33     AutomatedTestWidgetsFlutterBinding.drawFrame (package:flutter_test/src/binding.dart:1508:27)
#34     RendererBinding._handlePersistentFrameCallback (package:flutter/src/rendering/binding.dart:495:5)
#35     SchedulerBinding._invokeFrameCallback (package:flutter/src/scheduler/binding.dart:1434:15)
#36     SchedulerBinding.handleDrawFrame (package:flutter/src/scheduler/binding.dart:1347:9)
#37     AutomatedTestWidgetsFlutterBinding.pump.<anonymous closure> (package:flutter_test/src/binding.dart:1335:9)
#40     TestAsyncUtils.guard (package:flutter_test/src/test_async_utils.dart:74:41)
#41     AutomatedTestWidgetsFlutterBinding.pump (package:flutter_test/src/binding.dart:1324:27)
#42     WidgetTester.pumpAndSettle.<anonymous closure> (package:flutter_test/src/widget_tester.dart:719:23)
<asynchronous suspension>
#43     TestAsyncUtils.guard.<anonymous closure> (package:flutter_test/src/test_async_utils.dart:130:27)
<asynchronous suspension>
#44     main.<anonymous closure> (file:///D:/Mystery/programming/projects/PYTHON_PROJECTS/focus/focus_gg/focus_flutter/test/widget_test.dart:20:5)
<asynchronous suspension>
#45     testWidgets.<anonymous closure>.<anonymous closure> (package:flutter_test/src/widget_tester.dart:192:15)
<asynchronous suspension>
#46     TestWidgetsFlutterBinding._runTestBody (package:flutter_test/src/binding.dart:1059:5)
<asynchronous suspension>
<asynchronous suspension>
(elided 5 frames from class _AssertionError, dart:async, and package:stack_trace)

The following RenderObject was being processed when the exception was fired: RenderPositionedBox#201c0 relayoutBoundary=up11 NEEDS-LAYOUT NEEDS-PAINT NEEDS-COMPOSITING-BITS-UPDATE:
  creator: Align ΓåÉ PageContainer ΓåÉ Padding ΓåÉ _SingleChildViewport ΓåÉ IgnorePointer-[GlobalKey#2ac55] ΓåÉ
    Semantics ΓåÉ Listener ΓåÉ _GestureSemantics ΓåÉ
    RawGestureDetector-[LabeledGlobalKey<RawGestureDetectorState>#b16d0] ΓåÉ Listener ΓåÉ _ScrollableScope
    ΓåÉ _ScrollSemantics-[GlobalKey#1fa52] ΓåÉ Γï»
  parentData: offset=Offset(0.0, 0.0) (can use size)
  constraints: BoxConstraints(0.0<=w<=800.0, 0.0<=h<=Infinity)
  size: MISSING
  alignment: Alignment.topCenter
  textDirection: ltr
  widthFactor: expand
  heightFactor: expand
This RenderObject had the following descendants (showing up to depth 5):
    child: RenderConstrainedBox#89b07 relayoutBoundary=up12 NEEDS-PAINT NEEDS-COMPOSITING-BITS-UPDATE
      child: RenderPadding#91361 relayoutBoundary=up13 NEEDS-PAINT NEEDS-COMPOSITING-BITS-UPDATE
        child: RenderFlex#141d3 relayoutBoundary=up14 NEEDS-PAINT NEEDS-COMPOSITING-BITS-UPDATE
          child 1: RenderFractionalTranslation#3e3c5 relayoutBoundary=up15 NEEDS-PAINT NEEDS-COMPOSITING-BITS-UPDATE
            child: RenderAnimatedOpacity#376cd relayoutBoundary=up16 NEEDS-PAINT NEEDS-COMPOSITING-BITS-UPDATE
          child 2: RenderConstrainedBox#86da0 NEEDS-LAYOUT NEEDS-PAINT
          child 3: RenderAnimatedOpacity#c08d6 NEEDS-LAYOUT NEEDS-PAINT
            child: RenderSemanticsGestureHandler#ce73c NEEDS-LAYOUT NEEDS-PAINT
          child 4: RenderConstrainedBox#a5c3d NEEDS-LAYOUT NEEDS-PAINT
          child 5: RenderFractionalTranslation#28703 NEEDS-LAYOUT NEEDS-PAINT
            child: RenderAnimatedOpacity#051b4 NEEDS-LAYOUT NEEDS-PAINT
          child 6: RenderConstrainedBox#0380c NEEDS-LAYOUT NEEDS-PAINT
          child 7: RenderAnimatedOpacity#0f73f NEEDS-LAYOUT NEEDS-PAINT
            child: RenderFlex#70c3c NEEDS-LAYOUT NEEDS-PAINT
          child 8: RenderConstrainedBox#d560d NEEDS-LAYOUT NEEDS-PAINT
          child 9: RenderAnimatedOpacity#0f4f6 NEEDS-LAYOUT NEEDS-PAINT
            child: RenderSemanticsGestureHandler#0bd1a NEEDS-LAYOUT NEEDS-PAINT
          child 10: RenderConstrainedBox#fe898 NEEDS-LAYOUT NEEDS-PAINT
          child 11: RenderAnimatedOpacity#bfbeb NEEDS-LAYOUT NEEDS-PAINT
            child: RenderFlex#9184b NEEDS-LAYOUT NEEDS-PAINT
          child 12: RenderConstrainedBox#708d6 NEEDS-LAYOUT NEEDS-PAINT
          child 13: RenderAnimatedOpacity#3dcdb NEEDS-LAYOUT NEEDS-PAINT
            child: RenderWrap#c830f NEEDS-LAYOUT NEEDS-PAINT
ΓòÉΓòÉΓòÉΓòÉΓòÉΓòÉΓòÉΓòÉΓòÉΓòÉΓòÉΓòÉΓòÉΓòÉΓòÉΓòÉΓòÉΓòÉΓòÉΓòÉΓòÉΓòÉΓòÉΓòÉΓòÉΓòÉΓòÉΓòÉΓòÉΓòÉΓòÉΓòÉΓòÉΓòÉΓòÉΓòÉΓòÉΓòÉΓòÉΓòÉΓòÉΓòÉΓòÉΓòÉΓòÉΓòÉΓòÉΓòÉΓòÉΓòÉΓòÉΓòÉΓòÉΓòÉΓòÉΓòÉΓòÉΓòÉΓòÉΓòÉΓòÉΓòÉΓòÉΓòÉΓòÉΓòÉΓòÉΓòÉΓòÉΓòÉΓòÉΓòÉΓòÉΓòÉΓòÉΓòÉΓòÉΓòÉΓòÉΓòÉΓòÉΓòÉΓòÉΓòÉΓòÉΓòÉΓòÉΓòÉΓòÉΓòÉΓòÉΓòÉΓòÉΓòÉΓòÉΓòÉΓòÉΓòÉΓòÉΓòÉ
ΓòÉΓòÉΓòí EXCEPTION CAUGHT BY RENDERING LIBRARY Γò₧ΓòÉΓòÉΓòÉΓòÉΓòÉΓòÉΓòÉΓòÉΓòÉΓòÉΓòÉΓòÉΓòÉΓòÉΓòÉΓòÉΓòÉΓòÉΓòÉΓòÉΓòÉΓòÉΓòÉΓòÉΓòÉΓòÉΓòÉΓòÉΓòÉΓòÉΓòÉΓòÉΓòÉΓòÉΓòÉΓòÉΓòÉΓòÉΓòÉΓòÉΓòÉΓòÉΓòÉΓòÉΓòÉΓòÉΓòÉΓòÉΓòÉΓòÉΓòÉΓòÉΓòÉΓòÉΓòÉΓòÉΓòÉ
The following assertion was thrown during performLayout():
RenderBox was not laid out: RenderPositionedBox#201c0 relayoutBoundary=up11 NEEDS-PAINT
NEEDS-COMPOSITING-BITS-UPDATE
'package:flutter/src/rendering/box.dart':
Failed assertion: line 2251 pos 12: 'hasSize'

Either the assertion indicates an error in the framework itself, or we should provide substantially
more information in this error message to help you determine and fix the underlying cause.
In either case, please report this assertion by filing a bug on GitHub:
  https://github.com/flutter/flutter/issues/new?template=02_bug.yml

The relevant error-causing widget was:
  SingleChildScrollView
  SingleChildScrollView:file:///D:/Mystery/programming/projects/PYTHON_PROJECTS/focus/focus_gg/focus_flutter/lib/features/dashboard/dashboard_screen.dart:132:13

When the exception was thrown, this was the stack:
#2      RenderBox.size (package:flutter/src/rendering/box.dart:2251:12)
#3      RenderPadding.performLayout (package:flutter/src/rendering/shifted_box.dart:247:40)
#4      RenderObject.layout (package:flutter/src/rendering/object.dart:2775:7)
#5      _RenderSingleChildViewport.performLayout (package:flutter/src/widgets/single_child_scroll_view.dart:502:14)
#6      RenderObject.layout (package:flutter/src/rendering/object.dart:2775:7)
#7      RenderProxyBoxMixin.performLayout (package:flutter/src/rendering/proxy_box.dart:115:18)
#8      RenderObject.layout (package:flutter/src/rendering/object.dart:2775:7)
#9      RenderProxyBoxMixin.performLayout (package:flutter/src/rendering/proxy_box.dart:115:18)
#10     RenderObject.layout (package:flutter/src/rendering/object.dart:2775:7)
#11     RenderProxyBoxMixin.performLayout (package:flutter/src/rendering/proxy_box.dart:115:18)
#12     RenderObject.layout (package:flutter/src/rendering/object.dart:2775:7)
#13     RenderProxyBoxMixin.performLayout (package:flutter/src/rendering/proxy_box.dart:115:18)
#14     RenderObject.layout (package:flutter/src/rendering/object.dart:2775:7)
#15     RenderProxyBoxMixin.performLayout (package:flutter/src/rendering/proxy_box.dart:115:18)
#16     RenderObject.layout (package:flutter/src/rendering/object.dart:2775:7)
#17     RenderProxyBoxMixin.performLayout (package:flutter/src/rendering/proxy_box.dart:115:18)
#18     RenderObject.layout (package:flutter/src/rendering/object.dart:2775:7)
#19     RenderProxyBoxMixin.performLayout (package:flutter/src/rendering/proxy_box.dart:115:18)
#20     RenderObject.layout (package:flutter/src/rendering/object.dart:2775:7)
#21     RenderProxyBoxMixin.performLayout (package:flutter/src/rendering/proxy_box.dart:115:18)
#22     _RenderCustomClip.performLayout (package:flutter/src/rendering/proxy_box.dart:1481:11)
#23     RenderObject.layout (package:flutter/src/rendering/object.dart:2775:7)
#24     MultiChildLayoutDelegate.layoutChild (package:flutter/src/rendering/custom_layout.dart:180:12)
#25     _ScaffoldLayout.performLayout (package:flutter/src/material/scaffold.dart:1112:7)
#26     MultiChildLayoutDelegate._callPerformLayout (package:flutter/src/rendering/custom_layout.dart:249:7)
#27     RenderCustomMultiChildLayoutBox.performLayout (package:flutter/src/rendering/custom_layout.dart:420:14)
#28     RenderObject._layoutWithoutResize (package:flutter/src/rendering/object.dart:2623:7)
#29     PipelineOwner.flushLayout (package:flutter/src/rendering/object.dart:1170:18)
#30     PipelineOwner.flushLayout (package:flutter/src/rendering/object.dart:1183:15)
#31     AutomatedTestWidgetsFlutterBinding.drawFrame (package:flutter_test/src/binding.dart:1508:27)
#32     RendererBinding._handlePersistentFrameCallback (package:flutter/src/rendering/binding.dart:495:5)
#33     SchedulerBinding._invokeFrameCallback (package:flutter/src/scheduler/binding.dart:1434:15)
#34     SchedulerBinding.handleDrawFrame (package:flutter/src/scheduler/binding.dart:1347:9)
#35     AutomatedTestWidgetsFlutterBinding.pump.<anonymous closure> (package:flutter_test/src/binding.dart:1335:9)
#38     TestAsyncUtils.guard (package:flutter_test/src/test_async_utils.dart:74:41)
#39     AutomatedTestWidgetsFlutterBinding.pump (package:flutter_test/src/binding.dart:1324:27)
#40     WidgetTester.pumpAndSettle.<anonymous closure> (package:flutter_test/src/widget_tester.dart:719:23)
<asynchronous suspension>
#41     TestAsyncUtils.guard.<anonymous closure> (package:flutter_test/src/test_async_utils.dart:130:27)
<asynchronous suspension>
#42     main.<anonymous closure> (file:///D:/Mystery/programming/projects/PYTHON_PROJECTS/focus/focus_gg/focus_flutter/test/widget_test.dart:20:5)
<asynchronous suspension>
#43     testWidgets.<anonymous closure>.<anonymous closure> (package:flutter_test/src/widget_tester.dart:192:15)
<asynchronous suspension>
#44     TestWidgetsFlutterBinding._runTestBody (package:flutter_test/src/binding.dart:1059:5)
<asynchronous suspension>
<asynchronous suspension>
(elided 5 frames from class _AssertionError, dart:async, and package:stack_trace)

The following RenderObject was being processed when the exception was fired: RenderPadding#05935 relayoutBoundary=up10 NEEDS-LAYOUT NEEDS-PAINT NEEDS-COMPOSITING-BITS-UPDATE:
  creator: Padding ΓåÉ _SingleChildViewport ΓåÉ IgnorePointer-[GlobalKey#2ac55] ΓåÉ Semantics ΓåÉ Listener ΓåÉ
    _GestureSemantics ΓåÉ RawGestureDetector-[LabeledGlobalKey<RawGestureDetectorState>#b16d0] ΓåÉ
    Listener ΓåÉ _ScrollableScope ΓåÉ _ScrollSemantics-[GlobalKey#1fa52] ΓåÉ
    NotificationListener<ScrollMetricsNotification> ΓåÉ Transform ΓåÉ Γï»
  parentData: <none> (can use size)
  constraints: BoxConstraints(0.0<=w<=800.0, 0.0<=h<=Infinity)
  size: MISSING
  padding: EdgeInsets(0.0, 0.0, 0.0, 96.0)
  textDirection: ltr
This RenderObject had the following descendants (showing up to depth 5):
    child: RenderPositionedBox#201c0 relayoutBoundary=up11 NEEDS-PAINT NEEDS-COMPOSITING-BITS-UPDATE
      child: RenderConstrainedBox#89b07 relayoutBoundary=up12 NEEDS-PAINT NEEDS-COMPOSITING-BITS-UPDATE
        child: RenderPadding#91361 relayoutBoundary=up13 NEEDS-PAINT NEEDS-COMPOSITING-BITS-UPDATE
          child: RenderFlex#141d3 relayoutBoundary=up14 NEEDS-PAINT NEEDS-COMPOSITING-BITS-UPDATE
            child 1: RenderFractionalTranslation#3e3c5 relayoutBoundary=up15 NEEDS-PAINT NEEDS-COMPOSITING-BITS-UPDATE
            child 2: RenderConstrainedBox#86da0 NEEDS-LAYOUT NEEDS-PAINT
            child 3: RenderAnimatedOpacity#c08d6 NEEDS-LAYOUT NEEDS-PAINT
            child 4: RenderConstrainedBox#a5c3d NEEDS-LAYOUT NEEDS-PAINT
            child 5: RenderFractionalTranslation#28703 NEEDS-LAYOUT NEEDS-PAINT
            child 6: RenderConstrainedBox#0380c NEEDS-LAYOUT NEEDS-PAINT
            child 7: RenderAnimatedOpacity#0f73f NEEDS-LAYOUT NEEDS-PAINT
            child 8: RenderConstrainedBox#d560d NEEDS-LAYOUT NEEDS-PAINT
            child 9: RenderAnimatedOpacity#0f4f6 NEEDS-LAYOUT NEEDS-PAINT
            child 10: RenderConstrainedBox#fe898 NEEDS-LAYOUT NEEDS-PAINT
            child 11: RenderAnimatedOpacity#bfbeb NEEDS-LAYOUT NEEDS-PAINT
            child 12: RenderConstrainedBox#708d6 NEEDS-LAYOUT NEEDS-PAINT
            child 13: RenderAnimatedOpacity#3dcdb NEEDS-LAYOUT NEEDS-PAINT
ΓòÉΓòÉΓòÉΓòÉΓòÉΓòÉΓòÉΓòÉΓòÉΓòÉΓòÉΓòÉΓòÉΓòÉΓòÉΓòÉΓòÉΓòÉΓòÉΓòÉΓòÉΓòÉΓòÉΓòÉΓòÉΓòÉΓòÉΓòÉΓòÉΓòÉΓòÉΓòÉΓòÉΓòÉΓòÉΓòÉΓòÉΓòÉΓòÉΓòÉΓòÉΓòÉΓòÉΓòÉΓòÉΓòÉΓòÉΓòÉΓòÉΓòÉΓòÉΓòÉΓòÉΓòÉΓòÉΓòÉΓòÉΓòÉΓòÉΓòÉΓòÉΓòÉΓòÉΓòÉΓòÉΓòÉΓòÉΓòÉΓòÉΓòÉΓòÉΓòÉΓòÉΓòÉΓòÉΓòÉΓòÉΓòÉΓòÉΓòÉΓòÉΓòÉΓòÉΓòÉΓòÉΓòÉΓòÉΓòÉΓòÉΓòÉΓòÉΓòÉΓòÉΓòÉΓòÉΓòÉΓòÉΓòÉΓòÉΓòÉ
ΓòÉΓòÉΓòí EXCEPTION CAUGHT BY RENDERING LIBRARY Γò₧ΓòÉΓòÉΓòÉΓòÉΓòÉΓòÉΓòÉΓòÉΓòÉΓòÉΓòÉΓòÉΓòÉΓòÉΓòÉΓòÉΓòÉΓòÉΓòÉΓòÉΓòÉΓòÉΓòÉΓòÉΓòÉΓòÉΓòÉΓòÉΓòÉΓòÉΓòÉΓòÉΓòÉΓòÉΓòÉΓòÉΓòÉΓòÉΓòÉΓòÉΓòÉΓòÉΓòÉΓòÉΓòÉΓòÉΓòÉΓòÉΓòÉΓòÉΓòÉΓòÉΓòÉΓòÉΓòÉΓòÉΓòÉ
The following assertion was thrown during performLayout():
RenderBox was not laid out: RenderPadding#05935 relayoutBoundary=up10 NEEDS-PAINT
NEEDS-COMPOSITING-BITS-UPDATE
'package:flutter/src/rendering/box.dart':
Failed assertion: line 2251 pos 12: 'hasSize'

Either the assertion indicates an error in the framework itself, or we should provide substantially
more information in this error message to help you determine and fix the underlying cause.
In either case, please report this assertion by filing a bug on GitHub:
  https://github.com/flutter/flutter/issues/new?template=02_bug.yml

The relevant error-causing widget was:
  SingleChildScrollView
  SingleChildScrollView:file:///D:/Mystery/programming/projects/PYTHON_PROJECTS/focus/focus_gg/focus_flutter/lib/features/dashboard/dashboard_screen.dart:132:13

When the exception was thrown, this was the stack:
#2      RenderBox.size (package:flutter/src/rendering/box.dart:2251:12)
#3      _RenderSingleChildViewport.performLayout (package:flutter/src/widgets/single_child_scroll_view.dart:503:43)
#4      RenderObject.layout (package:flutter/src/rendering/object.dart:2775:7)
#5      RenderProxyBoxMixin.performLayout (package:flutter/src/rendering/proxy_box.dart:115:18)
#6      RenderObject.layout (package:flutter/src/rendering/object.dart:2775:7)
#7      RenderProxyBoxMixin.performLayout (package:flutter/src/rendering/proxy_box.dart:115:18)
#8      RenderObject.layout (package:flutter/src/rendering/object.dart:2775:7)
#9      RenderProxyBoxMixin.performLayout (package:flutter/src/rendering/proxy_box.dart:115:18)
#10     RenderObject.layout (package:flutter/src/rendering/object.dart:2775:7)
#11     RenderProxyBoxMixin.performLayout (package:flutter/src/rendering/proxy_box.dart:115:18)
#12     RenderObject.layout (package:flutter/src/rendering/object.dart:2775:7)
#13     RenderProxyBoxMixin.performLayout (package:flutter/src/rendering/proxy_box.dart:115:18)
#14     RenderObject.layout (package:flutter/src/rendering/object.dart:2775:7)
#15     RenderProxyBoxMixin.performLayout (package:flutter/src/rendering/proxy_box.dart:115:18)
#16     RenderObject.layout (package:flutter/src/rendering/object.dart:2775:7)
#17     RenderProxyBoxMixin.performLayout (package:flutter/src/rendering/proxy_box.dart:115:18)
#18     RenderObject.layout (package:flutter/src/rendering/object.dart:2775:7)
#19     RenderProxyBoxMixin.performLayout (package:flutter/src/rendering/proxy_box.dart:115:18)
#20     _RenderCustomClip.performLayout (package:flutter/src/rendering/proxy_box.dart:1481:11)
#21     RenderObject.layout (package:flutter/src/rendering/object.dart:2775:7)
#22     MultiChildLayoutDelegate.layoutChild (package:flutter/src/rendering/custom_layout.dart:180:12)
#23     _ScaffoldLayout.performLayout (package:flutter/src/material/scaffold.dart:1112:7)
#24     MultiChildLayoutDelegate._callPerformLayout (package:flutter/src/rendering/custom_layout.dart:249:7)
#25     RenderCustomMultiChildLayoutBox.performLayout (package:flutter/src/rendering/custom_layout.dart:420:14)
#26     RenderObject._layoutWithoutResize (package:flutter/src/rendering/object.dart:2623:7)
#27     PipelineOwner.flushLayout (package:flutter/src/rendering/object.dart:1170:18)
#28     PipelineOwner.flushLayout (package:flutter/src/rendering/object.dart:1183:15)
#29     AutomatedTestWidgetsFlutterBinding.drawFrame (package:flutter_test/src/binding.dart:1508:27)
#30     RendererBinding._handlePersistentFrameCallback (package:flutter/src/rendering/binding.dart:495:5)
#31     SchedulerBinding._invokeFrameCallback (package:flutter/src/scheduler/binding.dart:1434:15)
#32     SchedulerBinding.handleDrawFrame (package:flutter/src/scheduler/binding.dart:1347:9)
#33     AutomatedTestWidgetsFlutterBinding.pump.<anonymous closure> (package:flutter_test/src/binding.dart:1335:9)
#36     TestAsyncUtils.guard (package:flutter_test/src/test_async_utils.dart:74:41)
#37     AutomatedTestWidgetsFlutterBinding.pump (package:flutter_test/src/binding.dart:1324:27)
#38     WidgetTester.pumpAndSettle.<anonymous closure> (package:flutter_test/src/widget_tester.dart:719:23)
<asynchronous suspension>
#39     TestAsyncUtils.guard.<anonymous closure> (package:flutter_test/src/test_async_utils.dart:130:27)
<asynchronous suspension>
#40     main.<anonymous closure> (file:///D:/Mystery/programming/projects/PYTHON_PROJECTS/focus/focus_gg/focus_flutter/test/widget_test.dart:20:5)
<asynchronous suspension>
#41     testWidgets.<anonymous closure>.<anonymous closure> (package:flutter_test/src/widget_tester.dart:192:15)
<asynchronous suspension>
#42     TestWidgetsFlutterBinding._runTestBody (package:flutter_test/src/binding.dart:1059:5)
<asynchronous suspension>
<asynchronous suspension>
(elided 5 frames from class _AssertionError, dart:async, and package:stack_trace)

The following RenderObject was being processed when the exception was fired: _RenderSingleChildViewport#06cd3 relayoutBoundary=up9 NEEDS-LAYOUT NEEDS-PAINT:
  needs compositing
  creator: _SingleChildViewport ΓåÉ IgnorePointer-[GlobalKey#2ac55] ΓåÉ Semantics ΓåÉ Listener ΓåÉ
    _GestureSemantics ΓåÉ RawGestureDetector-[LabeledGlobalKey<RawGestureDetectorState>#b16d0] ΓåÉ
    Listener ΓåÉ _ScrollableScope ΓåÉ _ScrollSemantics-[GlobalKey#1fa52] ΓåÉ
    NotificationListener<ScrollMetricsNotification> ΓåÉ Transform ΓåÉ StretchEffect ΓåÉ Γï»
  parentData: <none> (can use size)
  constraints: BoxConstraints(0.0<=w<=800.0, 0.0<=h<=534.0)
  size: MISSING
  offset: Offset(0.0, -0.0)
This RenderObject had the following descendants (showing up to depth 5):
    child: RenderPadding#05935 relayoutBoundary=up10 NEEDS-PAINT NEEDS-COMPOSITING-BITS-UPDATE
      child: RenderPositionedBox#201c0 relayoutBoundary=up11 NEEDS-PAINT NEEDS-COMPOSITING-BITS-UPDATE
        child: RenderConstrainedBox#89b07 relayoutBoundary=up12 NEEDS-PAINT NEEDS-COMPOSITING-BITS-UPDATE
          child: RenderPadding#91361 relayoutBoundary=up13 NEEDS-PAINT NEEDS-COMPOSITING-BITS-UPDATE
            child: RenderFlex#141d3 relayoutBoundary=up14 NEEDS-PAINT NEEDS-COMPOSITING-BITS-UPDATE
ΓòÉΓòÉΓòÉΓòÉΓòÉΓòÉΓòÉΓòÉΓòÉΓòÉΓòÉΓòÉΓòÉΓòÉΓòÉΓòÉΓòÉΓòÉΓòÉΓòÉΓòÉΓòÉΓòÉΓòÉΓòÉΓòÉΓòÉΓòÉΓòÉΓòÉΓòÉΓòÉΓòÉΓòÉΓòÉΓòÉΓòÉΓòÉΓòÉΓòÉΓòÉΓòÉΓòÉΓòÉΓòÉΓòÉΓòÉΓòÉΓòÉΓòÉΓòÉΓòÉΓòÉΓòÉΓòÉΓòÉΓòÉΓòÉΓòÉΓòÉΓòÉΓòÉΓòÉΓòÉΓòÉΓòÉΓòÉΓòÉΓòÉΓòÉΓòÉΓòÉΓòÉΓòÉΓòÉΓòÉΓòÉΓòÉΓòÉΓòÉΓòÉΓòÉΓòÉΓòÉΓòÉΓòÉΓòÉΓòÉΓòÉΓòÉΓòÉΓòÉΓòÉΓòÉΓòÉΓòÉΓòÉΓòÉΓòÉΓòÉ
ΓòÉΓòÉΓòí EXCEPTION CAUGHT BY RENDERING LIBRARY Γò₧ΓòÉΓòÉΓòÉΓòÉΓòÉΓòÉΓòÉΓòÉΓòÉΓòÉΓòÉΓòÉΓòÉΓòÉΓòÉΓòÉΓòÉΓòÉΓòÉΓòÉΓòÉΓòÉΓòÉΓòÉΓòÉΓòÉΓòÉΓòÉΓòÉΓòÉΓòÉΓòÉΓòÉΓòÉΓòÉΓòÉΓòÉΓòÉΓòÉΓòÉΓòÉΓòÉΓòÉΓòÉΓòÉΓòÉΓòÉΓòÉΓòÉΓòÉΓòÉΓòÉΓòÉΓòÉΓòÉΓòÉΓòÉ
The following assertion was thrown during performLayout():
RenderBox was not laid out: _RenderSingleChildViewport#06cd3 relayoutBoundary=up9 NEEDS-PAINT
'package:flutter/src/rendering/box.dart':
Failed assertion: line 2251 pos 12: 'hasSize'

Either the assertion indicates an error in the framework itself, or we should provide substantially
more information in this error message to help you determine and fix the underlying cause.
In either case, please report this assertion by filing a bug on GitHub:
  https://github.com/flutter/flutter/issues/new?template=02_bug.yml

The relevant error-causing widget was:
  SingleChildScrollView
  SingleChildScrollView:file:///D:/Mystery/programming/projects/PYTHON_PROJECTS/focus/focus_gg/focus_flutter/lib/features/dashboard/dashboard_screen.dart:132:13

When the exception was thrown, this was the stack:
#2      RenderBox.size (package:flutter/src/rendering/box.dart:2251:12)
#3      RenderProxyBoxMixin.performLayout (package:flutter/src/rendering/proxy_box.dart:115:62)
#4      RenderObject.layout (package:flutter/src/rendering/object.dart:2775:7)
#5      RenderProxyBoxMixin.performLayout (package:flutter/src/rendering/proxy_box.dart:115:18)
#6      RenderObject.layout (package:flutter/src/rendering/object.dart:2775:7)
#7      RenderProxyBoxMixin.performLayout (package:flutter/src/rendering/proxy_box.dart:115:18)
#8      RenderObject.layout (package:flutter/src/rendering/object.dart:2775:7)
#9      RenderProxyBoxMixin.performLayout (package:flutter/src/rendering/proxy_box.dart:115:18)
#10     RenderObject.layout (package:flutter/src/rendering/object.dart:2775:7)
#11     RenderProxyBoxMixin.performLayout (package:flutter/src/rendering/proxy_box.dart:115:18)
#12     RenderObject.layout (package:flutter/src/rendering/object.dart:2775:7)
#13     RenderProxyBoxMixin.performLayout (package:flutter/src/rendering/proxy_box.dart:115:18)
#14     RenderObject.layout (package:flutter/src/rendering/object.dart:2775:7)
#15     RenderProxyBoxMixin.performLayout (package:flutter/src/rendering/proxy_box.dart:115:18)
#16     RenderObject.layout (package:flutter/src/rendering/object.dart:2775:7)
#17     RenderProxyBoxMixin.performLayout (package:flutter/src/rendering/proxy_box.dart:115:18)
#18     _RenderCustomClip.performLayout (package:flutter/src/rendering/proxy_box.dart:1481:11)
#19     RenderObject.layout (package:flutter/src/rendering/object.dart:2775:7)
#20     MultiChildLayoutDelegate.layoutChild (package:flutter/src/rendering/custom_layout.dart:180:12)
#21     _ScaffoldLayout.performLayout (package:flutter/src/material/scaffold.dart:1112:7)
#22     MultiChildLayoutDelegate._callPerformLayout (package:flutter/src/rendering/custom_layout.dart:249:7)
#23     RenderCustomMultiChildLayoutBox.performLayout (package:flutter/src/rendering/custom_layout.dart:420:14)
#24     RenderObject._layoutWithoutResize (package:flutter/src/rendering/object.dart:2623:7)
#25     PipelineOwner.flushLayout (package:flutter/src/rendering/object.dart:1170:18)
#26     PipelineOwner.flushLayout (package:flutter/src/rendering/object.dart:1183:15)
#27     AutomatedTestWidgetsFlutterBinding.drawFrame (package:flutter_test/src/binding.dart:1508:27)
#28     RendererBinding._handlePersistentFrameCallback (package:flutter/src/rendering/binding.dart:495:5)
#29     SchedulerBinding._invokeFrameCallback (package:flutter/src/scheduler/binding.dart:1434:15)
#30     SchedulerBinding.handleDrawFrame (package:flutter/src/scheduler/binding.dart:1347:9)
#31     AutomatedTestWidgetsFlutterBinding.pump.<anonymous closure> (package:flutter_test/src/binding.dart:1335:9)
#34     TestAsyncUtils.guard (package:flutter_test/src/test_async_utils.dart:74:41)
#35     AutomatedTestWidgetsFlutterBinding.pump (package:flutter_test/src/binding.dart:1324:27)
#36     WidgetTester.pumpAndSettle.<anonymous closure> (package:flutter_test/src/widget_tester.dart:719:23)
<asynchronous suspension>
#37     TestAsyncUtils.guard.<anonymous closure> (package:flutter_test/src/test_async_utils.dart:130:27)
<asynchronous suspension>
#38     main.<anonymous closure> (file:///D:/Mystery/programming/projects/PYTHON_PROJECTS/focus/focus_gg/focus_flutter/test/widget_test.dart:20:5)
<asynchronous suspension>
#39     testWidgets.<anonymous closure>.<anonymous closure> (package:flutter_test/src/widget_tester.dart:192:15)
<asynchronous suspension>
#40     TestWidgetsFlutterBinding._runTestBody (package:flutter_test/src/binding.dart:1059:5)
<asynchronous suspension>
<asynchronous suspension>
(elided 5 frames from class _AssertionError, dart:async, and package:stack_trace)

The following RenderObject was being processed when the exception was fired: RenderIgnorePointer#2211b relayoutBoundary=up8 NEEDS-LAYOUT NEEDS-PAINT:
  needs compositing
  creator: IgnorePointer-[GlobalKey#2ac55] ΓåÉ Semantics ΓåÉ Listener ΓåÉ _GestureSemantics ΓåÉ
    RawGestureDetector-[LabeledGlobalKey<RawGestureDetectorState>#b16d0] ΓåÉ Listener ΓåÉ _ScrollableScope
    ΓåÉ _ScrollSemantics-[GlobalKey#1fa52] ΓåÉ NotificationListener<ScrollMetricsNotification> ΓåÉ Transform
    ΓåÉ StretchEffect ΓåÉ ClipRect ΓåÉ Γï»
  parentData: <none> (can use size)
  constraints: BoxConstraints(0.0<=w<=800.0, 0.0<=h<=534.0)
  size: MISSING
  ignoring: false
  ignoringSemantics: null
This RenderObject had the following descendants (showing up to depth 5):
    child: _RenderSingleChildViewport#06cd3 relayoutBoundary=up9 NEEDS-PAINT
      child: RenderPadding#05935 relayoutBoundary=up10 NEEDS-PAINT NEEDS-COMPOSITING-BITS-UPDATE
        child: RenderPositionedBox#201c0 relayoutBoundary=up11 NEEDS-PAINT NEEDS-COMPOSITING-BITS-UPDATE
          child: RenderConstrainedBox#89b07 relayoutBoundary=up12 NEEDS-PAINT NEEDS-COMPOSITING-BITS-UPDATE
            child: RenderPadding#91361 relayoutBoundary=up13 NEEDS-PAINT NEEDS-COMPOSITING-BITS-UPDATE
ΓòÉΓòÉΓòÉΓòÉΓòÉΓòÉΓòÉΓòÉΓòÉΓòÉΓòÉΓòÉΓòÉΓòÉΓòÉΓòÉΓòÉΓòÉΓòÉΓòÉΓòÉΓòÉΓòÉΓòÉΓòÉΓòÉΓòÉΓòÉΓòÉΓòÉΓòÉΓòÉΓòÉΓòÉΓòÉΓòÉΓòÉΓòÉΓòÉΓòÉΓòÉΓòÉΓòÉΓòÉΓòÉΓòÉΓòÉΓòÉΓòÉΓòÉΓòÉΓòÉΓòÉΓòÉΓòÉΓòÉΓòÉΓòÉΓòÉΓòÉΓòÉΓòÉΓòÉΓòÉΓòÉΓòÉΓòÉΓòÉΓòÉΓòÉΓòÉΓòÉΓòÉΓòÉΓòÉΓòÉΓòÉΓòÉΓòÉΓòÉΓòÉΓòÉΓòÉΓòÉΓòÉΓòÉΓòÉΓòÉΓòÉΓòÉΓòÉΓòÉΓòÉΓòÉΓòÉΓòÉΓòÉΓòÉΓòÉΓòÉ
ΓòÉΓòÉΓòí EXCEPTION CAUGHT BY RENDERING LIBRARY Γò₧ΓòÉΓòÉΓòÉΓòÉΓòÉΓòÉΓòÉΓòÉΓòÉΓòÉΓòÉΓòÉΓòÉΓòÉΓòÉΓòÉΓòÉΓòÉΓòÉΓòÉΓòÉΓòÉΓòÉΓòÉΓòÉΓòÉΓòÉΓòÉΓòÉΓòÉΓòÉΓòÉΓòÉΓòÉΓòÉΓòÉΓòÉΓòÉΓòÉΓòÉΓòÉΓòÉΓòÉΓòÉΓòÉΓòÉΓòÉΓòÉΓòÉΓòÉΓòÉΓòÉΓòÉΓòÉΓòÉΓòÉΓòÉ
The following assertion was thrown during performLayout():
RenderBox was not laid out: RenderIgnorePointer#2211b relayoutBoundary=up8 NEEDS-PAINT
'package:flutter/src/rendering/box.dart':
Failed assertion: line 2251 pos 12: 'hasSize'

Either the assertion indicates an error in the framework itself, or we should provide substantially
more information in this error message to help you determine and fix the underlying cause.
In either case, please report this assertion by filing a bug on GitHub:
  https://github.com/flutter/flutter/issues/new?template=02_bug.yml

The relevant error-causing widget was:
  SingleChildScrollView
  SingleChildScrollView:file:///D:/Mystery/programming/projects/PYTHON_PROJECTS/focus/focus_gg/focus_flutter/lib/features/dashboard/dashboard_screen.dart:132:13

When the exception was thrown, this was the stack:
#2      RenderBox.size (package:flutter/src/rendering/box.dart:2251:12)
#3      RenderProxyBoxMixin.performLayout (package:flutter/src/rendering/proxy_box.dart:115:62)
#4      RenderObject.layout (package:flutter/src/rendering/object.dart:2775:7)
#5      RenderProxyBoxMixin.performLayout (package:flutter/src/rendering/proxy_box.dart:115:18)
#6      RenderObject.layout (package:flutter/src/rendering/object.dart:2775:7)
#7      RenderProxyBoxMixin.performLayout (package:flutter/src/rendering/proxy_box.dart:115:18)
#8      RenderObject.layout (package:flutter/src/rendering/object.dart:2775:7)
#9      RenderProxyBoxMixin.performLayout (package:flutter/src/rendering/proxy_box.dart:115:18)
#10     RenderObject.layout (package:flutter/src/rendering/object.dart:2775:7)
#11     RenderProxyBoxMixin.performLayout (package:flutter/src/rendering/proxy_box.dart:115:18)
#12     RenderObject.layout (package:flutter/src/rendering/object.dart:2775:7)
#13     RenderProxyBoxMixin.performLayout (package:flutter/src/rendering/proxy_box.dart:115:18)
#14     RenderObject.layout (package:flutter/src/rendering/object.dart:2775:7)
#15     RenderProxyBoxMixin.performLayout (package:flutter/src/rendering/proxy_box.dart:115:18)
#16     _RenderCustomClip.performLayout (package:flutter/src/rendering/proxy_box.dart:1481:11)
#17     RenderObject.layout (package:flutter/src/rendering/object.dart:2775:7)
#18     MultiChildLayoutDelegate.layoutChild (package:flutter/src/rendering/custom_layout.dart:180:12)
#19     _ScaffoldLayout.performLayout (package:flutter/src/material/scaffold.dart:1112:7)
#20     MultiChildLayoutDelegate._callPerformLayout (package:flutter/src/rendering/custom_layout.dart:249:7)
#21     RenderCustomMultiChildLayoutBox.performLayout (package:flutter/src/rendering/custom_layout.dart:420:14)
#22     RenderObject._layoutWithoutResize (package:flutter/src/rendering/object.dart:2623:7)
#23     PipelineOwner.flushLayout (package:flutter/src/rendering/object.dart:1170:18)
#24     PipelineOwner.flushLayout (package:flutter/src/rendering/object.dart:1183:15)
#25     AutomatedTestWidgetsFlutterBinding.drawFrame (package:flutter_test/src/binding.dart:1508:27)
#26     RendererBinding._handlePersistentFrameCallback (package:flutter/src/rendering/binding.dart:495:5)
#27     SchedulerBinding._invokeFrameCallback (package:flutter/src/scheduler/binding.dart:1434:15)
#28     SchedulerBinding.handleDrawFrame (package:flutter/src/scheduler/binding.dart:1347:9)
#29     AutomatedTestWidgetsFlutterBinding.pump.<anonymous closure> (package:flutter_test/src/binding.dart:1335:9)
#32     TestAsyncUtils.guard (package:flutter_test/src/test_async_utils.dart:74:41)
#33     AutomatedTestWidgetsFlutterBinding.pump (package:flutter_test/src/binding.dart:1324:27)
#34     WidgetTester.pumpAndSettle.<anonymous closure> (package:flutter_test/src/widget_tester.dart:719:23)
<asynchronous suspension>
#35     TestAsyncUtils.guard.<anonymous closure> (package:flutter_test/src/test_async_utils.dart:130:27)
<asynchronous suspension>
#36     main.<anonymous closure> (file:///D:/Mystery/programming/projects/PYTHON_PROJECTS/focus/focus_gg/focus_flutter/test/widget_test.dart:20:5)
<asynchronous suspension>
#37     testWidgets.<anonymous closure>.<anonymous closure> (package:flutter_test/src/widget_tester.dart:192:15)
<asynchronous suspension>
#38     TestWidgetsFlutterBinding._runTestBody (package:flutter_test/src/binding.dart:1059:5)
<asynchronous suspension>
<asynchronous suspension>
(elided 5 frames from class _AssertionError, dart:async, and package:stack_trace)

The following RenderObject was being processed when the exception was fired: RenderSemanticsAnnotations#4d9bb relayoutBoundary=up7 NEEDS-LAYOUT NEEDS-PAINT:
  needs compositing
  creator: Semantics ΓåÉ Listener ΓåÉ _GestureSemantics ΓåÉ
    RawGestureDetector-[LabeledGlobalKey<RawGestureDetectorState>#b16d0] ΓåÉ Listener ΓåÉ _ScrollableScope
    ΓåÉ _ScrollSemantics-[GlobalKey#1fa52] ΓåÉ NotificationListener<ScrollMetricsNotification> ΓåÉ Transform
    ΓåÉ StretchEffect ΓåÉ ClipRect ΓåÉ AnimatedBuilder ΓåÉ Γï»
  parentData: <none> (can use size)
  constraints: BoxConstraints(0.0<=w<=800.0, 0.0<=h<=534.0)
  size: MISSING
This RenderObject had the following descendants (showing up to depth 5):
    child: RenderIgnorePointer#2211b relayoutBoundary=up8 NEEDS-PAINT
      child: _RenderSingleChildViewport#06cd3 relayoutBoundary=up9 NEEDS-PAINT
        child: RenderPadding#05935 relayoutBoundary=up10 NEEDS-PAINT NEEDS-COMPOSITING-BITS-UPDATE
          child: RenderPositionedBox#201c0 relayoutBoundary=up11 NEEDS-PAINT NEEDS-COMPOSITING-BITS-UPDATE
            child: RenderConstrainedBox#89b07 relayoutBoundary=up12 NEEDS-PAINT NEEDS-COMPOSITING-BITS-UPDATE
ΓòÉΓòÉΓòÉΓòÉΓòÉΓòÉΓòÉΓòÉΓòÉΓòÉΓòÉΓòÉΓòÉΓòÉΓòÉΓòÉΓòÉΓòÉΓòÉΓòÉΓòÉΓòÉΓòÉΓòÉΓòÉΓòÉΓòÉΓòÉΓòÉΓòÉΓòÉΓòÉΓòÉΓòÉΓòÉΓòÉΓòÉΓòÉΓòÉΓòÉΓòÉΓòÉΓòÉΓòÉΓòÉΓòÉΓòÉΓòÉΓòÉΓòÉΓòÉΓòÉΓòÉΓòÉΓòÉΓòÉΓòÉΓòÉΓòÉΓòÉΓòÉΓòÉΓòÉΓòÉΓòÉΓòÉΓòÉΓòÉΓòÉΓòÉΓòÉΓòÉΓòÉΓòÉΓòÉΓòÉΓòÉΓòÉΓòÉΓòÉΓòÉΓòÉΓòÉΓòÉΓòÉΓòÉΓòÉΓòÉΓòÉΓòÉΓòÉΓòÉΓòÉΓòÉΓòÉΓòÉΓòÉΓòÉΓòÉΓòÉ
ΓòÉΓòÉΓòí EXCEPTION CAUGHT BY RENDERING LIBRARY Γò₧ΓòÉΓòÉΓòÉΓòÉΓòÉΓòÉΓòÉΓòÉΓòÉΓòÉΓòÉΓòÉΓòÉΓòÉΓòÉΓòÉΓòÉΓòÉΓòÉΓòÉΓòÉΓòÉΓòÉΓòÉΓòÉΓòÉΓòÉΓòÉΓòÉΓòÉΓòÉΓòÉΓòÉΓòÉΓòÉΓòÉΓòÉΓòÉΓòÉΓòÉΓòÉΓòÉΓòÉΓòÉΓòÉΓòÉΓòÉΓòÉΓòÉΓòÉΓòÉΓòÉΓòÉΓòÉΓòÉΓòÉΓòÉ
The following assertion was thrown during performLayout():
RenderBox was not laid out: RenderSemanticsAnnotations#4d9bb relayoutBoundary=up7 NEEDS-PAINT
'package:flutter/src/rendering/box.dart':
Failed assertion: line 2251 pos 12: 'hasSize'

Either the assertion indicates an error in the framework itself, or we should provide substantially
more information in this error message to help you determine and fix the underlying cause.
In either case, please report this assertion by filing a bug on GitHub:
  https://github.com/flutter/flutter/issues/new?template=02_bug.yml

The relevant error-causing widget was:
  SingleChildScrollView
  SingleChildScrollView:file:///D:/Mystery/programming/projects/PYTHON_PROJECTS/focus/focus_gg/focus_flutter/lib/features/dashboard/dashboard_screen.dart:132:13

When the exception was thrown, this was the stack:
#2      RenderBox.size (package:flutter/src/rendering/box.dart:2251:12)
#3      RenderProxyBoxMixin.performLayout (package:flutter/src/rendering/proxy_box.dart:115:62)
#4      RenderObject.layout (package:flutter/src/rendering/object.dart:2775:7)
#5      RenderProxyBoxMixin.performLayout (package:flutter/src/rendering/proxy_box.dart:115:18)
#6      RenderObject.layout (package:flutter/src/rendering/object.dart:2775:7)
#7      RenderProxyBoxMixin.performLayout (package:flutter/src/rendering/proxy_box.dart:115:18)
#8      RenderObject.layout (package:flutter/src/rendering/object.dart:2775:7)
#9      RenderProxyBoxMixin.performLayout (package:flutter/src/rendering/proxy_box.dart:115:18)
#10     RenderObject.layout (package:flutter/src/rendering/object.dart:2775:7)
#11     RenderProxyBoxMixin.performLayout (package:flutter/src/rendering/proxy_box.dart:115:18)
#12     RenderObject.layout (package:flutter/src/rendering/object.dart:2775:7)
#13     RenderProxyBoxMixin.performLayout (package:flutter/src/rendering/proxy_box.dart:115:18)
#14     _RenderCustomClip.performLayout (package:flutter/src/rendering/proxy_box.dart:1481:11)
#15     RenderObject.layout (package:flutter/src/rendering/object.dart:2775:7)
#16     MultiChildLayoutDelegate.layoutChild (package:flutter/src/rendering/custom_layout.dart:180:12)
#17     _ScaffoldLayout.performLayout (package:flutter/src/material/scaffold.dart:1112:7)
#18     MultiChildLayoutDelegate._callPerformLayout (package:flutter/src/rendering/custom_layout.dart:249:7)
#19     RenderCustomMultiChildLayoutBox.performLayout (package:flutter/src/rendering/custom_layout.dart:420:14)
#20     RenderObject._layoutWithoutResize (package:flutter/src/rendering/object.dart:2623:7)
#21     PipelineOwner.flushLayout (package:flutter/src/rendering/object.dart:1170:18)
#22     PipelineOwner.flushLayout (package:flutter/src/rendering/object.dart:1183:15)
#23     AutomatedTestWidgetsFlutterBinding.drawFrame (package:flutter_test/src/binding.dart:1508:27)
#24     RendererBinding._handlePersistentFrameCallback (package:flutter/src/rendering/binding.dart:495:5)
#25     SchedulerBinding._invokeFrameCallback (package:flutter/src/scheduler/binding.dart:1434:15)
#26     SchedulerBinding.handleDrawFrame (package:flutter/src/scheduler/binding.dart:1347:9)
#27     AutomatedTestWidgetsFlutterBinding.pump.<anonymous closure> (package:flutter_test/src/binding.dart:1335:9)
#30     TestAsyncUtils.guard (package:flutter_test/src/test_async_utils.dart:74:41)
#31     AutomatedTestWidgetsFlutterBinding.pump (package:flutter_test/src/binding.dart:1324:27)
#32     WidgetTester.pumpAndSettle.<anonymous closure> (package:flutter_test/src/widget_tester.dart:719:23)
<asynchronous suspension>
#33     TestAsyncUtils.guard.<anonymous closure> (package:flutter_test/src/test_async_utils.dart:130:27)
<asynchronous suspension>
#34     main.<anonymous closure> (file:///D:/Mystery/programming/projects/PYTHON_PROJECTS/focus/focus_gg/focus_flutter/test/widget_test.dart:20:5)
<asynchronous suspension>
#35     testWidgets.<anonymous closure>.<anonymous closure> (package:flutter_test/src/widget_tester.dart:192:15)
<asynchronous suspension>
#36     TestWidgetsFlutterBinding._runTestBody (package:flutter_test/src/binding.dart:1059:5)
<asynchronous suspension>
<asynchronous suspension>
(elided 5 frames from class _AssertionError, dart:async, and package:stack_trace)

The following RenderObject was being processed when the exception was fired: RenderPointerListener#6d0ca relayoutBoundary=up6 NEEDS-LAYOUT NEEDS-PAINT:
  needs compositing
  creator: Listener ΓåÉ _GestureSemantics ΓåÉ
    RawGestureDetector-[LabeledGlobalKey<RawGestureDetectorState>#b16d0] ΓåÉ Listener ΓåÉ _ScrollableScope
    ΓåÉ _ScrollSemantics-[GlobalKey#1fa52] ΓåÉ NotificationListener<ScrollMetricsNotification> ΓåÉ Transform
    ΓåÉ StretchEffect ΓåÉ ClipRect ΓåÉ AnimatedBuilder ΓåÉ NotificationListener<ScrollNotification> ΓåÉ Γï»
  parentData: <none> (can use size)
  constraints: BoxConstraints(0.0<=w<=800.0, 0.0<=h<=534.0)
  size: MISSING
  behavior: opaque
  listeners: down, panZoomStart
This RenderObject had the following descendants (showing up to depth 5):
    child: RenderSemanticsAnnotations#4d9bb relayoutBoundary=up7 NEEDS-PAINT
      child: RenderIgnorePointer#2211b relayoutBoundary=up8 NEEDS-PAINT
        child: _RenderSingleChildViewport#06cd3 relayoutBoundary=up9 NEEDS-PAINT
          child: RenderPadding#05935 relayoutBoundary=up10 NEEDS-PAINT NEEDS-COMPOSITING-BITS-UPDATE
            child: RenderPositionedBox#201c0 relayoutBoundary=up11 NEEDS-PAINT NEEDS-COMPOSITING-BITS-UPDATE
ΓòÉΓòÉΓòÉΓòÉΓòÉΓòÉΓòÉΓòÉΓòÉΓòÉΓòÉΓòÉΓòÉΓòÉΓòÉΓòÉΓòÉΓòÉΓòÉΓòÉΓòÉΓòÉΓòÉΓòÉΓòÉΓòÉΓòÉΓòÉΓòÉΓòÉΓòÉΓòÉΓòÉΓòÉΓòÉΓòÉΓòÉΓòÉΓòÉΓòÉΓòÉΓòÉΓòÉΓòÉΓòÉΓòÉΓòÉΓòÉΓòÉΓòÉΓòÉΓòÉΓòÉΓòÉΓòÉΓòÉΓòÉΓòÉΓòÉΓòÉΓòÉΓòÉΓòÉΓòÉΓòÉΓòÉΓòÉΓòÉΓòÉΓòÉΓòÉΓòÉΓòÉΓòÉΓòÉΓòÉΓòÉΓòÉΓòÉΓòÉΓòÉΓòÉΓòÉΓòÉΓòÉΓòÉΓòÉΓòÉΓòÉΓòÉΓòÉΓòÉΓòÉΓòÉΓòÉΓòÉΓòÉΓòÉΓòÉΓòÉ
ΓòÉΓòÉΓòí EXCEPTION CAUGHT BY RENDERING LIBRARY Γò₧ΓòÉΓòÉΓòÉΓòÉΓòÉΓòÉΓòÉΓòÉΓòÉΓòÉΓòÉΓòÉΓòÉΓòÉΓòÉΓòÉΓòÉΓòÉΓòÉΓòÉΓòÉΓòÉΓòÉΓòÉΓòÉΓòÉΓòÉΓòÉΓòÉΓòÉΓòÉΓòÉΓòÉΓòÉΓòÉΓòÉΓòÉΓòÉΓòÉΓòÉΓòÉΓòÉΓòÉΓòÉΓòÉΓòÉΓòÉΓòÉΓòÉΓòÉΓòÉΓòÉΓòÉΓòÉΓòÉΓòÉΓòÉ
The following assertion was thrown during performLayout():
RenderBox was not laid out: RenderPointerListener#6d0ca relayoutBoundary=up6 NEEDS-PAINT
'package:flutter/src/rendering/box.dart':
Failed assertion: line 2251 pos 12: 'hasSize'

Either the assertion indicates an error in the framework itself, or we should provide substantially
more information in this error message to help you determine and fix the underlying cause.
In either case, please report this assertion by filing a bug on GitHub:
  https://github.com/flutter/flutter/issues/new?template=02_bug.yml

The relevant error-causing widget was:
  SingleChildScrollView
  SingleChildScrollView:file:///D:/Mystery/programming/projects/PYTHON_PROJECTS/focus/focus_gg/focus_flutter/lib/features/dashboard/dashboard_screen.dart:132:13

When the exception was thrown, this was the stack:
#2      RenderBox.size (package:flutter/src/rendering/box.dart:2251:12)
#3      RenderProxyBoxMixin.performLayout (package:flutter/src/rendering/proxy_box.dart:115:62)
#4      RenderObject.layout (package:flutter/src/rendering/object.dart:2775:7)
#5      RenderProxyBoxMixin.performLayout (package:flutter/src/rendering/proxy_box.dart:115:18)
#6      RenderObject.layout (package:flutter/src/rendering/object.dart:2775:7)
#7      RenderProxyBoxMixin.performLayout (package:flutter/src/rendering/proxy_box.dart:115:18)
#8      RenderObject.layout (package:flutter/src/rendering/object.dart:2775:7)
#9      RenderProxyBoxMixin.performLayout (package:flutter/src/rendering/proxy_box.dart:115:18)
#10     RenderObject.layout (package:flutter/src/rendering/object.dart:2775:7)
#11     RenderProxyBoxMixin.performLayout (package:flutter/src/rendering/proxy_box.dart:115:18)
#12     _RenderCustomClip.performLayout (package:flutter/src/rendering/proxy_box.dart:1481:11)
#13     RenderObject.layout (package:flutter/src/rendering/object.dart:2775:7)
#14     MultiChildLayoutDelegate.layoutChild (package:flutter/src/rendering/custom_layout.dart:180:12)
#15     _ScaffoldLayout.performLayout (package:flutter/src/material/scaffold.dart:1112:7)
#16     MultiChildLayoutDelegate._callPerformLayout (package:flutter/src/rendering/custom_layout.dart:249:7)
#17     RenderCustomMultiChildLayoutBox.performLayout (package:flutter/src/rendering/custom_layout.dart:420:14)
#18     RenderObject._layoutWithoutResize (package:flutter/src/rendering/object.dart:2623:7)
#19     PipelineOwner.flushLayout (package:flutter/src/rendering/object.dart:1170:18)
#20     PipelineOwner.flushLayout (package:flutter/src/rendering/object.dart:1183:15)
#21     AutomatedTestWidgetsFlutterBinding.drawFrame (package:flutter_test/src/binding.dart:1508:27)
#22     RendererBinding._handlePersistentFrameCallback (package:flutter/src/rendering/binding.dart:495:5)
#23     SchedulerBinding._invokeFrameCallback (package:flutter/src/scheduler/binding.dart:1434:15)
#24     SchedulerBinding.handleDrawFrame (package:flutter/src/scheduler/binding.dart:1347:9)
#25     AutomatedTestWidgetsFlutterBinding.pump.<anonymous closure> (package:flutter_test/src/binding.dart:1335:9)
#28     TestAsyncUtils.guard (package:flutter_test/src/test_async_utils.dart:74:41)
#29     AutomatedTestWidgetsFlutterBinding.pump (package:flutter_test/src/binding.dart:1324:27)
#30     WidgetTester.pumpAndSettle.<anonymous closure> (package:flutter_test/src/widget_tester.dart:719:23)
<asynchronous suspension>
#31     TestAsyncUtils.guard.<anonymous closure> (package:flutter_test/src/test_async_utils.dart:130:27)
<asynchronous suspension>
#32     main.<anonymous closure> (file:///D:/Mystery/programming/projects/PYTHON_PROJECTS/focus/focus_gg/focus_flutter/test/widget_test.dart:20:5)
<asynchronous suspension>
#33     testWidgets.<anonymous closure>.<anonymous closure> (package:flutter_test/src/widget_tester.dart:192:15)
<asynchronous suspension>
#34     TestWidgetsFlutterBinding._runTestBody (package:flutter_test/src/binding.dart:1059:5)
<asynchronous suspension>
<asynchronous suspension>
(elided 5 frames from class _AssertionError, dart:async, and package:stack_trace)

The following RenderObject was being processed when the exception was fired: RenderSemanticsGestureHandler#bece2 relayoutBoundary=up5 NEEDS-LAYOUT NEEDS-PAINT:
  needs compositing
  creator: _GestureSemantics ΓåÉ RawGestureDetector-[LabeledGlobalKey<RawGestureDetectorState>#b16d0] ΓåÉ
    Listener ΓåÉ _ScrollableScope ΓåÉ _ScrollSemantics-[GlobalKey#1fa52] ΓåÉ
    NotificationListener<ScrollMetricsNotification> ΓåÉ Transform ΓåÉ StretchEffect ΓåÉ ClipRect ΓåÉ
    AnimatedBuilder ΓåÉ NotificationListener<ScrollNotification> ΓåÉ StretchingOverscrollIndicator ΓåÉ Γï»
  parentData: <none> (can use size)
  constraints: BoxConstraints(0.0<=w<=800.0, 0.0<=h<=534.0)
  size: MISSING
  behavior: opaque
  gestures: <none>
This RenderObject had the following descendants (showing up to depth 5):
    child: RenderPointerListener#6d0ca relayoutBoundary=up6 NEEDS-PAINT
      child: RenderSemanticsAnnotations#4d9bb relayoutBoundary=up7 NEEDS-PAINT
        child: RenderIgnorePointer#2211b relayoutBoundary=up8 NEEDS-PAINT
          child: _RenderSingleChildViewport#06cd3 relayoutBoundary=up9 NEEDS-PAINT
            child: RenderPadding#05935 relayoutBoundary=up10 NEEDS-PAINT NEEDS-COMPOSITING-BITS-UPDATE
ΓòÉΓòÉΓòÉΓòÉΓòÉΓòÉΓòÉΓòÉΓòÉΓòÉΓòÉΓòÉΓòÉΓòÉΓòÉΓòÉΓòÉΓòÉΓòÉΓòÉΓòÉΓòÉΓòÉΓòÉΓòÉΓòÉΓòÉΓòÉΓòÉΓòÉΓòÉΓòÉΓòÉΓòÉΓòÉΓòÉΓòÉΓòÉΓòÉΓòÉΓòÉΓòÉΓòÉΓòÉΓòÉΓòÉΓòÉΓòÉΓòÉΓòÉΓòÉΓòÉΓòÉΓòÉΓòÉΓòÉΓòÉΓòÉΓòÉΓòÉΓòÉΓòÉΓòÉΓòÉΓòÉΓòÉΓòÉΓòÉΓòÉΓòÉΓòÉΓòÉΓòÉΓòÉΓòÉΓòÉΓòÉΓòÉΓòÉΓòÉΓòÉΓòÉΓòÉΓòÉΓòÉΓòÉΓòÉΓòÉΓòÉΓòÉΓòÉΓòÉΓòÉΓòÉΓòÉΓòÉΓòÉΓòÉΓòÉΓòÉ
ΓòÉΓòÉΓòí EXCEPTION CAUGHT BY RENDERING LIBRARY Γò₧ΓòÉΓòÉΓòÉΓòÉΓòÉΓòÉΓòÉΓòÉΓòÉΓòÉΓòÉΓòÉΓòÉΓòÉΓòÉΓòÉΓòÉΓòÉΓòÉΓòÉΓòÉΓòÉΓòÉΓòÉΓòÉΓòÉΓòÉΓòÉΓòÉΓòÉΓòÉΓòÉΓòÉΓòÉΓòÉΓòÉΓòÉΓòÉΓòÉΓòÉΓòÉΓòÉΓòÉΓòÉΓòÉΓòÉΓòÉΓòÉΓòÉΓòÉΓòÉΓòÉΓòÉΓòÉΓòÉΓòÉΓòÉ
The following assertion was thrown during performLayout():
RenderBox was not laid out: RenderSemanticsGestureHandler#bece2 relayoutBoundary=up5 NEEDS-PAINT
'package:flutter/src/rendering/box.dart':
Failed assertion: line 2251 pos 12: 'hasSize'

Either the assertion indicates an error in the framework itself, or we should provide substantially
more information in this error message to help you determine and fix the underlying cause.
In either case, please report this assertion by filing a bug on GitHub:
  https://github.com/flutter/flutter/issues/new?template=02_bug.yml

The relevant error-causing widget was:
  SingleChildScrollView
  SingleChildScrollView:file:///D:/Mystery/programming/projects/PYTHON_PROJECTS/focus/focus_gg/focus_flutter/lib/features/dashboard/dashboard_screen.dart:132:13

When the exception was thrown, this was the stack:
#2      RenderBox.size (package:flutter/src/rendering/box.dart:2251:12)
#3      RenderProxyBoxMixin.performLayout (package:flutter/src/rendering/proxy_box.dart:115:62)
#4      RenderObject.layout (package:flutter/src/rendering/object.dart:2775:7)
#5      RenderProxyBoxMixin.performLayout (package:flutter/src/rendering/proxy_box.dart:115:18)
#6      RenderObject.layout (package:flutter/src/rendering/object.dart:2775:7)
#7      RenderProxyBoxMixin.performLayout (package:flutter/src/rendering/proxy_box.dart:115:18)
#8      RenderObject.layout (package:flutter/src/rendering/object.dart:2775:7)
#9      RenderProxyBoxMixin.performLayout (package:flutter/src/rendering/proxy_box.dart:115:18)
#10     _RenderCustomClip.performLayout (package:flutter/src/rendering/proxy_box.dart:1481:11)
#11     RenderObject.layout (package:flutter/src/rendering/object.dart:2775:7)
#12     MultiChildLayoutDelegate.layoutChild (package:flutter/src/rendering/custom_layout.dart:180:12)
#13     _ScaffoldLayout.performLayout (package:flutter/src/material/scaffold.dart:1112:7)
#14     MultiChildLayoutDelegate._callPerformLayout (package:flutter/src/rendering/custom_layout.dart:249:7)
#15     RenderCustomMultiChildLayoutBox.performLayout (package:flutter/src/rendering/custom_layout.dart:420:14)
#16     RenderObject._layoutWithoutResize (package:flutter/src/rendering/object.dart:2623:7)
#17     PipelineOwner.flushLayout (package:flutter/src/rendering/object.dart:1170:18)
#18     PipelineOwner.flushLayout (package:flutter/src/rendering/object.dart:1183:15)
#19     AutomatedTestWidgetsFlutterBinding.drawFrame (package:flutter_test/src/binding.dart:1508:27)
#20     RendererBinding._handlePersistentFrameCallback (package:flutter/src/rendering/binding.dart:495:5)
#21     SchedulerBinding._invokeFrameCallback (package:flutter/src/scheduler/binding.dart:1434:15)
#22     SchedulerBinding.handleDrawFrame (package:flutter/src/scheduler/binding.dart:1347:9)
#23     AutomatedTestWidgetsFlutterBinding.pump.<anonymous closure> (package:flutter_test/src/binding.dart:1335:9)
#26     TestAsyncUtils.guard (package:flutter_test/src/test_async_utils.dart:74:41)
#27     AutomatedTestWidgetsFlutterBinding.pump (package:flutter_test/src/binding.dart:1324:27)
#28     WidgetTester.pumpAndSettle.<anonymous closure> (package:flutter_test/src/widget_tester.dart:719:23)
<asynchronous suspension>
#29     TestAsyncUtils.guard.<anonymous closure> (package:flutter_test/src/test_async_utils.dart:130:27)
<asynchronous suspension>
#30     main.<anonymous closure> (file:///D:/Mystery/programming/projects/PYTHON_PROJECTS/focus/focus_gg/focus_flutter/test/widget_test.dart:20:5)
<asynchronous suspension>
#31     testWidgets.<anonymous closure>.<anonymous closure> (package:flutter_test/src/widget_tester.dart:192:15)
<asynchronous suspension>
#32     TestWidgetsFlutterBinding._runTestBody (package:flutter_test/src/binding.dart:1059:5)
<asynchronous suspension>
<asynchronous suspension>
(elided 5 frames from class _AssertionError, dart:async, and package:stack_trace)

The following RenderObject was being processed when the exception was fired: RenderPointerListener#1e896 relayoutBoundary=up4 NEEDS-LAYOUT NEEDS-PAINT:
  needs compositing
  creator: Listener ΓåÉ _ScrollableScope ΓåÉ _ScrollSemantics-[GlobalKey#1fa52] ΓåÉ
    NotificationListener<ScrollMetricsNotification> ΓåÉ Transform ΓåÉ StretchEffect ΓåÉ ClipRect ΓåÉ
    AnimatedBuilder ΓåÉ NotificationListener<ScrollNotification> ΓåÉ StretchingOverscrollIndicator ΓåÉ
    Scrollable ΓåÉ PrimaryScrollController ΓåÉ Γï»
  parentData: <none> (can use size)
  constraints: BoxConstraints(0.0<=w<=800.0, 0.0<=h<=534.0)
  size: MISSING
  behavior: deferToChild
  listeners: signal
This RenderObject had the following descendants (showing up to depth 5):
    child: RenderSemanticsGestureHandler#bece2 relayoutBoundary=up5 NEEDS-PAINT
      child: RenderPointerListener#6d0ca relayoutBoundary=up6 NEEDS-PAINT
        child: RenderSemanticsAnnotations#4d9bb relayoutBoundary=up7 NEEDS-PAINT
          child: RenderIgnorePointer#2211b relayoutBoundary=up8 NEEDS-PAINT
            child: _RenderSingleChildViewport#06cd3 relayoutBoundary=up9 NEEDS-PAINT
ΓòÉΓòÉΓòÉΓòÉΓòÉΓòÉΓòÉΓòÉΓòÉΓòÉΓòÉΓòÉΓòÉΓòÉΓòÉΓòÉΓòÉΓòÉΓòÉΓòÉΓòÉΓòÉΓòÉΓòÉΓòÉΓòÉΓòÉΓòÉΓòÉΓòÉΓòÉΓòÉΓòÉΓòÉΓòÉΓòÉΓòÉΓòÉΓòÉΓòÉΓòÉΓòÉΓòÉΓòÉΓòÉΓòÉΓòÉΓòÉΓòÉΓòÉΓòÉΓòÉΓòÉΓòÉΓòÉΓòÉΓòÉΓòÉΓòÉΓòÉΓòÉΓòÉΓòÉΓòÉΓòÉΓòÉΓòÉΓòÉΓòÉΓòÉΓòÉΓòÉΓòÉΓòÉΓòÉΓòÉΓòÉΓòÉΓòÉΓòÉΓòÉΓòÉΓòÉΓòÉΓòÉΓòÉΓòÉΓòÉΓòÉΓòÉΓòÉΓòÉΓòÉΓòÉΓòÉΓòÉΓòÉΓòÉΓòÉΓòÉ
ΓòÉΓòÉΓòí EXCEPTION CAUGHT BY RENDERING LIBRARY Γò₧ΓòÉΓòÉΓòÉΓòÉΓòÉΓòÉΓòÉΓòÉΓòÉΓòÉΓòÉΓòÉΓòÉΓòÉΓòÉΓòÉΓòÉΓòÉΓòÉΓòÉΓòÉΓòÉΓòÉΓòÉΓòÉΓòÉΓòÉΓòÉΓòÉΓòÉΓòÉΓòÉΓòÉΓòÉΓòÉΓòÉΓòÉΓòÉΓòÉΓòÉΓòÉΓòÉΓòÉΓòÉΓòÉΓòÉΓòÉΓòÉΓòÉΓòÉΓòÉΓòÉΓòÉΓòÉΓòÉΓòÉΓòÉ
The following assertion was thrown during performLayout():
RenderBox was not laid out: RenderPointerListener#1e896 relayoutBoundary=up4 NEEDS-PAINT
'package:flutter/src/rendering/box.dart':
Failed assertion: line 2251 pos 12: 'hasSize'

Either the assertion indicates an error in the framework itself, or we should provide substantially
more information in this error message to help you determine and fix the underlying cause.
In either case, please report this assertion by filing a bug on GitHub:
  https://github.com/flutter/flutter/issues/new?template=02_bug.yml

The relevant error-causing widget was:
  SingleChildScrollView
  SingleChildScrollView:file:///D:/Mystery/programming/projects/PYTHON_PROJECTS/focus/focus_gg/focus_flutter/lib/features/dashboard/dashboard_screen.dart:132:13

When the exception was thrown, this was the stack:
#2      RenderBox.size (package:flutter/src/rendering/box.dart:2251:12)
#3      RenderProxyBoxMixin.performLayout (package:flutter/src/rendering/proxy_box.dart:115:62)
#4      RenderObject.layout (package:flutter/src/rendering/object.dart:2775:7)
#5      RenderProxyBoxMixin.performLayout (package:flutter/src/rendering/proxy_box.dart:115:18)
#6      RenderObject.layout (package:flutter/src/rendering/object.dart:2775:7)
#7      RenderProxyBoxMixin.performLayout (package:flutter/src/rendering/proxy_box.dart:115:18)
#8      _RenderCustomClip.performLayout (package:flutter/src/rendering/proxy_box.dart:1481:11)
#9      RenderObject.layout (package:flutter/src/rendering/object.dart:2775:7)
#10     MultiChildLayoutDelegate.layoutChild (package:flutter/src/rendering/custom_layout.dart:180:12)
#11     _ScaffoldLayout.performLayout (package:flutter/src/material/scaffold.dart:1112:7)
#12     MultiChildLayoutDelegate._callPerformLayout (package:flutter/src/rendering/custom_layout.dart:249:7)
#13     RenderCustomMultiChildLayoutBox.performLayout (package:flutter/src/rendering/custom_layout.dart:420:14)
#14     RenderObject._layoutWithoutResize (package:flutter/src/rendering/object.dart:2623:7)
#15     PipelineOwner.flushLayout (package:flutter/src/rendering/object.dart:1170:18)
#16     PipelineOwner.flushLayout (package:flutter/src/rendering/object.dart:1183:15)
#17     AutomatedTestWidgetsFlutterBinding.drawFrame (package:flutter_test/src/binding.dart:1508:27)
#18     RendererBinding._handlePersistentFrameCallback (package:flutter/src/rendering/binding.dart:495:5)
#19     SchedulerBinding._invokeFrameCallback (package:flutter/src/scheduler/binding.dart:1434:15)
#20     SchedulerBinding.handleDrawFrame (package:flutter/src/scheduler/binding.dart:1347:9)
#21     AutomatedTestWidgetsFlutterBinding.pump.<anonymous closure> (package:flutter_test/src/binding.dart:1335:9)
#24     TestAsyncUtils.guard (package:flutter_test/src/test_async_utils.dart:74:41)
#25     AutomatedTestWidgetsFlutterBinding.pump (package:flutter_test/src/binding.dart:1324:27)
#26     WidgetTester.pumpAndSettle.<anonymous closure> (package:flutter_test/src/widget_tester.dart:719:23)
<asynchronous suspension>
#27     TestAsyncUtils.guard.<anonymous closure> (package:flutter_test/src/test_async_utils.dart:130:27)
<asynchronous suspension>
#28     main.<anonymous closure> (file:///D:/Mystery/programming/projects/PYTHON_PROJECTS/focus/focus_gg/focus_flutter/test/widget_test.dart:20:5)
<asynchronous suspension>
#29     testWidgets.<anonymous closure>.<anonymous closure> (package:flutter_test/src/widget_tester.dart:192:15)
<asynchronous suspension>
#30     TestWidgetsFlutterBinding._runTestBody (package:flutter_test/src/binding.dart:1059:5)
<asynchronous suspension>
<asynchronous suspension>
(elided 5 frames from class _AssertionError, dart:async, and package:stack_trace)

The following RenderObject was being processed when the exception was fired: _RenderScrollSemantics#ebf7b relayoutBoundary=up3 NEEDS-LAYOUT NEEDS-PAINT:
  needs compositing
  creator: _ScrollSemantics-[GlobalKey#1fa52] ΓåÉ NotificationListener<ScrollMetricsNotification> ΓåÉ
    Transform ΓåÉ StretchEffect ΓåÉ ClipRect ΓåÉ AnimatedBuilder ΓåÉ NotificationListener<ScrollNotification>
    ΓåÉ StretchingOverscrollIndicator ΓåÉ Scrollable ΓåÉ PrimaryScrollController ΓåÉ SingleChildScrollView ΓåÉ
    KeyedSubtree-[GlobalKey#15fcd] ΓåÉ Γï»
  parentData: <none> (can use size)
  constraints: BoxConstraints(0.0<=w<=800.0, 0.0<=h<=534.0)
  semantic boundary
  size: MISSING
This RenderObject had the following descendants (showing up to depth 5):
    child: RenderPointerListener#1e896 relayoutBoundary=up4 NEEDS-PAINT
      child: RenderSemanticsGestureHandler#bece2 relayoutBoundary=up5 NEEDS-PAINT
        child: RenderPointerListener#6d0ca relayoutBoundary=up6 NEEDS-PAINT
          child: RenderSemanticsAnnotations#4d9bb relayoutBoundary=up7 NEEDS-PAINT
            child: RenderIgnorePointer#2211b relayoutBoundary=up8 NEEDS-PAINT
ΓòÉΓòÉΓòÉΓòÉΓòÉΓòÉΓòÉΓòÉΓòÉΓòÉΓòÉΓòÉΓòÉΓòÉΓòÉΓòÉΓòÉΓòÉΓòÉΓòÉΓòÉΓòÉΓòÉΓòÉΓòÉΓòÉΓòÉΓòÉΓòÉΓòÉΓòÉΓòÉΓòÉΓòÉΓòÉΓòÉΓòÉΓòÉΓòÉΓòÉΓòÉΓòÉΓòÉΓòÉΓòÉΓòÉΓòÉΓòÉΓòÉΓòÉΓòÉΓòÉΓòÉΓòÉΓòÉΓòÉΓòÉΓòÉΓòÉΓòÉΓòÉΓòÉΓòÉΓòÉΓòÉΓòÉΓòÉΓòÉΓòÉΓòÉΓòÉΓòÉΓòÉΓòÉΓòÉΓòÉΓòÉΓòÉΓòÉΓòÉΓòÉΓòÉΓòÉΓòÉΓòÉΓòÉΓòÉΓòÉΓòÉΓòÉΓòÉΓòÉΓòÉΓòÉΓòÉΓòÉΓòÉΓòÉΓòÉΓòÉ
ΓòÉΓòÉΓòí EXCEPTION CAUGHT BY RENDERING LIBRARY Γò₧ΓòÉΓòÉΓòÉΓòÉΓòÉΓòÉΓòÉΓòÉΓòÉΓòÉΓòÉΓòÉΓòÉΓòÉΓòÉΓòÉΓòÉΓòÉΓòÉΓòÉΓòÉΓòÉΓòÉΓòÉΓòÉΓòÉΓòÉΓòÉΓòÉΓòÉΓòÉΓòÉΓòÉΓòÉΓòÉΓòÉΓòÉΓòÉΓòÉΓòÉΓòÉΓòÉΓòÉΓòÉΓòÉΓòÉΓòÉΓòÉΓòÉΓòÉΓòÉΓòÉΓòÉΓòÉΓòÉΓòÉΓòÉ
The following assertion was thrown during performLayout():
RenderBox was not laid out: _RenderScrollSemantics#ebf7b relayoutBoundary=up3 NEEDS-PAINT
'package:flutter/src/rendering/box.dart':
Failed assertion: line 2251 pos 12: 'hasSize'

Either the assertion indicates an error in the framework itself, or we should provide substantially
more information in this error message to help you determine and fix the underlying cause.
In either case, please report this assertion by filing a bug on GitHub:
  https://github.com/flutter/flutter/issues/new?template=02_bug.yml

The relevant error-causing widget was:
  SingleChildScrollView
  SingleChildScrollView:file:///D:/Mystery/programming/projects/PYTHON_PROJECTS/focus/focus_gg/focus_flutter/lib/features/dashboard/dashboard_screen.dart:132:13

When the exception was thrown, this was the stack:
#2      RenderBox.size (package:flutter/src/rendering/box.dart:2251:12)
#3      RenderProxyBoxMixin.performLayout (package:flutter/src/rendering/proxy_box.dart:115:62)
#4      RenderObject.layout (package:flutter/src/rendering/object.dart:2775:7)
#5      RenderProxyBoxMixin.performLayout (package:flutter/src/rendering/proxy_box.dart:115:18)
#6      _RenderCustomClip.performLayout (package:flutter/src/rendering/proxy_box.dart:1481:11)
#7      RenderObject.layout (package:flutter/src/rendering/object.dart:2775:7)
#8      MultiChildLayoutDelegate.layoutChild (package:flutter/src/rendering/custom_layout.dart:180:12)
#9      _ScaffoldLayout.performLayout (package:flutter/src/material/scaffold.dart:1112:7)
#10     MultiChildLayoutDelegate._callPerformLayout (package:flutter/src/rendering/custom_layout.dart:249:7)
#11     RenderCustomMultiChildLayoutBox.performLayout (package:flutter/src/rendering/custom_layout.dart:420:14)
#12     RenderObject._layoutWithoutResize (package:flutter/src/rendering/object.dart:2623:7)
#13     PipelineOwner.flushLayout (package:flutter/src/rendering/object.dart:1170:18)
#14     PipelineOwner.flushLayout (package:flutter/src/rendering/object.dart:1183:15)
#15     AutomatedTestWidgetsFlutterBinding.drawFrame (package:flutter_test/src/binding.dart:1508:27)
#16     RendererBinding._handlePersistentFrameCallback (package:flutter/src/rendering/binding.dart:495:5)
#17     SchedulerBinding._invokeFrameCallback (package:flutter/src/scheduler/binding.dart:1434:15)
#18     SchedulerBinding.handleDrawFrame (package:flutter/src/scheduler/binding.dart:1347:9)
#19     AutomatedTestWidgetsFlutterBinding.pump.<anonymous closure> (package:flutter_test/src/binding.dart:1335:9)
#22     TestAsyncUtils.guard (package:flutter_test/src/test_async_utils.dart:74:41)
#23     AutomatedTestWidgetsFlutterBinding.pump (package:flutter_test/src/binding.dart:1324:27)
#24     WidgetTester.pumpAndSettle.<anonymous closure> (package:flutter_test/src/widget_tester.dart:719:23)
<asynchronous suspension>
#25     TestAsyncUtils.guard.<anonymous closure> (package:flutter_test/src/test_async_utils.dart:130:27)
<asynchronous suspension>
#26     main.<anonymous closure> (file:///D:/Mystery/programming/projects/PYTHON_PROJECTS/focus/focus_gg/focus_flutter/test/widget_test.dart:20:5)
<asynchronous suspension>
#27     testWidgets.<anonymous closure>.<anonymous closure> (package:flutter_test/src/widget_tester.dart:192:15)
<asynchronous suspension>
#28     TestWidgetsFlutterBinding._runTestBody (package:flutter_test/src/binding.dart:1059:5)
<asynchronous suspension>
<asynchronous suspension>
(elided 5 frames from class _AssertionError, dart:async, and package:stack_trace)

The following RenderObject was being processed when the exception was fired: RenderTransform#c1aea relayoutBoundary=up2 NEEDS-LAYOUT:
  needs compositing
  creator: Transform ΓåÉ StretchEffect ΓåÉ ClipRect ΓåÉ AnimatedBuilder ΓåÉ
    NotificationListener<ScrollNotification> ΓåÉ StretchingOverscrollIndicator ΓåÉ Scrollable ΓåÉ
    PrimaryScrollController ΓåÉ SingleChildScrollView ΓåÉ KeyedSubtree-[GlobalKey#15fcd] ΓåÉ _BodyBuilder ΓåÉ
    MediaQuery ΓåÉ Γï»
  parentData: <none> (can use size)
  constraints: BoxConstraints(0.0<=w<=800.0, 0.0<=h<=534.0)
  size: MISSING
  transform matrix:
    [0] 1.0,0.0,0.0,0.0
    [1] 0.0,1.0,0.0,0.0
    [2] 0.0,0.0,1.0,0.0
    [3] 0.0,0.0,0.0,1.0
  origin: null
  alignment: AlignmentDirectional.bottomCenter
  textDirection: ltr
  transformHitTests: true
This RenderObject had the following descendants (showing up to depth 5):
    child: _RenderScrollSemantics#ebf7b relayoutBoundary=up3 NEEDS-PAINT
      child: RenderPointerListener#1e896 relayoutBoundary=up4 NEEDS-PAINT
        child: RenderSemanticsGestureHandler#bece2 relayoutBoundary=up5 NEEDS-PAINT
          child: RenderPointerListener#6d0ca relayoutBoundary=up6 NEEDS-PAINT
            child: RenderSemanticsAnnotations#4d9bb relayoutBoundary=up7 NEEDS-PAINT
ΓòÉΓòÉΓòÉΓòÉΓòÉΓòÉΓòÉΓòÉΓòÉΓòÉΓòÉΓòÉΓòÉΓòÉΓòÉΓòÉΓòÉΓòÉΓòÉΓòÉΓòÉΓòÉΓòÉΓòÉΓòÉΓòÉΓòÉΓòÉΓòÉΓòÉΓòÉΓòÉΓòÉΓòÉΓòÉΓòÉΓòÉΓòÉΓòÉΓòÉΓòÉΓòÉΓòÉΓòÉΓòÉΓòÉΓòÉΓòÉΓòÉΓòÉΓòÉΓòÉΓòÉΓòÉΓòÉΓòÉΓòÉΓòÉΓòÉΓòÉΓòÉΓòÉΓòÉΓòÉΓòÉΓòÉΓòÉΓòÉΓòÉΓòÉΓòÉΓòÉΓòÉΓòÉΓòÉΓòÉΓòÉΓòÉΓòÉΓòÉΓòÉΓòÉΓòÉΓòÉΓòÉΓòÉΓòÉΓòÉΓòÉΓòÉΓòÉΓòÉΓòÉΓòÉΓòÉΓòÉΓòÉΓòÉΓòÉΓòÉ
ΓòÉΓòÉΓòí EXCEPTION CAUGHT BY RENDERING LIBRARY Γò₧ΓòÉΓòÉΓòÉΓòÉΓòÉΓòÉΓòÉΓòÉΓòÉΓòÉΓòÉΓòÉΓòÉΓòÉΓòÉΓòÉΓòÉΓòÉΓòÉΓòÉΓòÉΓòÉΓòÉΓòÉΓòÉΓòÉΓòÉΓòÉΓòÉΓòÉΓòÉΓòÉΓòÉΓòÉΓòÉΓòÉΓòÉΓòÉΓòÉΓòÉΓòÉΓòÉΓòÉΓòÉΓòÉΓòÉΓòÉΓòÉΓòÉΓòÉΓòÉΓòÉΓòÉΓòÉΓòÉΓòÉΓòÉ
The following assertion was thrown during performLayout():
RenderBox was not laid out: RenderTransform#c1aea relayoutBoundary=up2 NEEDS-PAINT
'package:flutter/src/rendering/box.dart':
Failed assertion: line 2251 pos 12: 'hasSize'

Either the assertion indicates an error in the framework itself, or we should provide substantially
more information in this error message to help you determine and fix the underlying cause.
In either case, please report this assertion by filing a bug on GitHub:
  https://github.com/flutter/flutter/issues/new?template=02_bug.yml

The relevant error-causing widget was:
  SingleChildScrollView
  SingleChildScrollView:file:///D:/Mystery/programming/projects/PYTHON_PROJECTS/focus/focus_gg/focus_flutter/lib/features/dashboard/dashboard_screen.dart:132:13

When the exception was thrown, this was the stack:
#2      RenderBox.size (package:flutter/src/rendering/box.dart:2251:12)
#3      RenderProxyBoxMixin.performLayout (package:flutter/src/rendering/proxy_box.dart:115:62)
#4      _RenderCustomClip.performLayout (package:flutter/src/rendering/proxy_box.dart:1481:11)
#5      RenderObject.layout (package:flutter/src/rendering/object.dart:2775:7)
#6      MultiChildLayoutDelegate.layoutChild (package:flutter/src/rendering/custom_layout.dart:180:12)
#7      _ScaffoldLayout.performLayout (package:flutter/src/material/scaffold.dart:1112:7)
#8      MultiChildLayoutDelegate._callPerformLayout (package:flutter/src/rendering/custom_layout.dart:249:7)
#9      RenderCustomMultiChildLayoutBox.performLayout (package:flutter/src/rendering/custom_layout.dart:420:14)
#10     RenderObject._layoutWithoutResize (package:flutter/src/rendering/object.dart:2623:7)
#11     PipelineOwner.flushLayout (package:flutter/src/rendering/object.dart:1170:18)
#12     PipelineOwner.flushLayout (package:flutter/src/rendering/object.dart:1183:15)
#13     AutomatedTestWidgetsFlutterBinding.drawFrame (package:flutter_test/src/binding.dart:1508:27)
#14     RendererBinding._handlePersistentFrameCallback (package:flutter/src/rendering/binding.dart:495:5)
#15     SchedulerBinding._invokeFrameCallback (package:flutter/src/scheduler/binding.dart:1434:15)
#16     SchedulerBinding.handleDrawFrame (package:flutter/src/scheduler/binding.dart:1347:9)
#17     AutomatedTestWidgetsFlutterBinding.pump.<anonymous closure> (package:flutter_test/src/binding.dart:1335:9)
#20     TestAsyncUtils.guard (package:flutter_test/src/test_async_utils.dart:74:41)
#21     AutomatedTestWidgetsFlutterBinding.pump (package:flutter_test/src/binding.dart:1324:27)
#22     WidgetTester.pumpAndSettle.<anonymous closure> (package:flutter_test/src/widget_tester.dart:719:23)
<asynchronous suspension>
#23     TestAsyncUtils.guard.<anonymous closure> (package:flutter_test/src/test_async_utils.dart:130:27)
<asynchronous suspension>
#24     main.<anonymous closure> (file:///D:/Mystery/programming/projects/PYTHON_PROJECTS/focus/focus_gg/focus_flutter/test/widget_test.dart:20:5)
<asynchronous suspension>
#25     testWidgets.<anonymous closure>.<anonymous closure> (package:flutter_test/src/widget_tester.dart:192:15)
<asynchronous suspension>
#26     TestWidgetsFlutterBinding._runTestBody (package:flutter_test/src/binding.dart:1059:5)
<asynchronous suspension>
<asynchronous suspension>
(elided 5 frames from class _AssertionError, dart:async, and package:stack_trace)

The following RenderObject was being processed when the exception was fired: RenderClipRect#3fd23 relayoutBoundary=up1 NEEDS-LAYOUT NEEDS-PAINT:
  needs compositing
  creator: ClipRect ΓåÉ AnimatedBuilder ΓåÉ NotificationListener<ScrollNotification> ΓåÉ
    StretchingOverscrollIndicator ΓåÉ Scrollable ΓåÉ PrimaryScrollController ΓåÉ SingleChildScrollView ΓåÉ
    KeyedSubtree-[GlobalKey#15fcd] ΓåÉ _BodyBuilder ΓåÉ MediaQuery ΓåÉ LayoutId-[<_ScaffoldSlot.body>] ΓåÉ
    CustomMultiChildLayout ΓåÉ Γï»
  parentData: offset=Offset(0.0, 0.0); id=_ScaffoldSlot.body (can use size)
  constraints: BoxConstraints(0.0<=w<=800.0, 0.0<=h<=534.0)
  size: MISSING
This RenderObject had the following descendants (showing up to depth 5):
    child: RenderTransform#c1aea relayoutBoundary=up2 NEEDS-PAINT
      child: _RenderScrollSemantics#ebf7b relayoutBoundary=up3 NEEDS-PAINT
        child: RenderPointerListener#1e896 relayoutBoundary=up4 NEEDS-PAINT
          child: RenderSemanticsGestureHandler#bece2 relayoutBoundary=up5 NEEDS-PAINT
            child: RenderPointerListener#6d0ca relayoutBoundary=up6 NEEDS-PAINT
ΓòÉΓòÉΓòÉΓòÉΓòÉΓòÉΓòÉΓòÉΓòÉΓòÉΓòÉΓòÉΓòÉΓòÉΓòÉΓòÉΓòÉΓòÉΓòÉΓòÉΓòÉΓòÉΓòÉΓòÉΓòÉΓòÉΓòÉΓòÉΓòÉΓòÉΓòÉΓòÉΓòÉΓòÉΓòÉΓòÉΓòÉΓòÉΓòÉΓòÉΓòÉΓòÉΓòÉΓòÉΓòÉΓòÉΓòÉΓòÉΓòÉΓòÉΓòÉΓòÉΓòÉΓòÉΓòÉΓòÉΓòÉΓòÉΓòÉΓòÉΓòÉΓòÉΓòÉΓòÉΓòÉΓòÉΓòÉΓòÉΓòÉΓòÉΓòÉΓòÉΓòÉΓòÉΓòÉΓòÉΓòÉΓòÉΓòÉΓòÉΓòÉΓòÉΓòÉΓòÉΓòÉΓòÉΓòÉΓòÉΓòÉΓòÉΓòÉΓòÉΓòÉΓòÉΓòÉΓòÉΓòÉΓòÉΓòÉΓòÉ
ΓòÉΓòÉΓòí EXCEPTION CAUGHT BY RENDERING LIBRARY Γò₧ΓòÉΓòÉΓòÉΓòÉΓòÉΓòÉΓòÉΓòÉΓòÉΓòÉΓòÉΓòÉΓòÉΓòÉΓòÉΓòÉΓòÉΓòÉΓòÉΓòÉΓòÉΓòÉΓòÉΓòÉΓòÉΓòÉΓòÉΓòÉΓòÉΓòÉΓòÉΓòÉΓòÉΓòÉΓòÉΓòÉΓòÉΓòÉΓòÉΓòÉΓòÉΓòÉΓòÉΓòÉΓòÉΓòÉΓòÉΓòÉΓòÉΓòÉΓòÉΓòÉΓòÉΓòÉΓòÉΓòÉΓòÉ
The following assertion was thrown during performLayout():
RenderBox was not laid out: RenderClipRect#3fd23 relayoutBoundary=up1 NEEDS-PAINT
'package:flutter/src/rendering/box.dart':
Failed assertion: line 2251 pos 12: 'hasSize'

Either the assertion indicates an error in the framework itself, or we should provide substantially
more information in this error message to help you determine and fix the underlying cause.
In either case, please report this assertion by filing a bug on GitHub:
  https://github.com/flutter/flutter/issues/new?template=02_bug.yml

The relevant error-causing widget was:
  Scaffold
  Scaffold:file:///D:/Mystery/programming/projects/PYTHON_PROJECTS/focus/focus_gg/focus_flutter/lib/features/dashboard/dashboard_screen.dart:131:12

When the exception was thrown, this was the stack:
#2      RenderBox.size (package:flutter/src/rendering/box.dart:2251:12)
#3      MultiChildLayoutDelegate.layoutChild (package:flutter/src/rendering/custom_layout.dart:181:18)
#4      _ScaffoldLayout.performLayout (package:flutter/src/material/scaffold.dart:1112:7)
#5      MultiChildLayoutDelegate._callPerformLayout (package:flutter/src/rendering/custom_layout.dart:249:7)
#6      RenderCustomMultiChildLayoutBox.performLayout (package:flutter/src/rendering/custom_layout.dart:420:14)
#7      RenderObject._layoutWithoutResize (package:flutter/src/rendering/object.dart:2623:7)
#8      PipelineOwner.flushLayout (package:flutter/src/rendering/object.dart:1170:18)
#9      PipelineOwner.flushLayout (package:flutter/src/rendering/object.dart:1183:15)
#10     AutomatedTestWidgetsFlutterBinding.drawFrame (package:flutter_test/src/binding.dart:1508:27)
#11     RendererBinding._handlePersistentFrameCallback (package:flutter/src/rendering/binding.dart:495:5)
#12     SchedulerBinding._invokeFrameCallback (package:flutter/src/scheduler/binding.dart:1434:15)
#13     SchedulerBinding.handleDrawFrame (package:flutter/src/scheduler/binding.dart:1347:9)
#14     AutomatedTestWidgetsFlutterBinding.pump.<anonymous closure> (package:flutter_test/src/binding.dart:1335:9)
#17     TestAsyncUtils.guard (package:flutter_test/src/test_async_utils.dart:74:41)
#18     AutomatedTestWidgetsFlutterBinding.pump (package:flutter_test/src/binding.dart:1324:27)
#19     WidgetTester.pumpAndSettle.<anonymous closure> (package:flutter_test/src/widget_tester.dart:719:23)
<asynchronous suspension>
#20     TestAsyncUtils.guard.<anonymous closure> (package:flutter_test/src/test_async_utils.dart:130:27)
<asynchronous suspension>
#21     main.<anonymous closure> (file:///D:/Mystery/programming/projects/PYTHON_PROJECTS/focus/focus_gg/focus_flutter/test/widget_test.dart:20:5)
<asynchronous suspension>
#22     testWidgets.<anonymous closure>.<anonymous closure> (package:flutter_test/src/widget_tester.dart:192:15)
<asynchronous suspension>
#23     TestWidgetsFlutterBinding._runTestBody (package:flutter_test/src/binding.dart:1059:5)
<asynchronous suspension>
<asynchronous suspension>
(elided 5 frames from class _AssertionError, dart:async, and package:stack_trace)

The following RenderObject was being processed when the exception was fired: RenderCustomMultiChildLayoutBox#62ffe NEEDS-LAYOUT NEEDS-PAINT:
  needs compositing
  creator: CustomMultiChildLayout ΓåÉ _ActionsScope ΓåÉ Actions ΓåÉ AnimatedBuilder ΓåÉ DefaultTextStyle ΓåÉ
    AnimatedDefaultTextStyle ΓåÉ _InkFeatures-[GlobalKey#385e5 ink renderer] ΓåÉ
    NotificationListener<LayoutChangedNotification> ΓåÉ PhysicalModel ΓåÉ AnimatedPhysicalModel ΓåÉ Material
    ΓåÉ _ScrollNotificationObserverScope ΓåÉ Γï»
  parentData: <none> (can use size)
  constraints: BoxConstraints(w=800.0, h=534.0)
  size: Size(800.0, 534.0)
This RenderObject had the following descendants (showing up to depth 5):
    child 1: RenderClipRect#3fd23 relayoutBoundary=up1 NEEDS-PAINT
      child: RenderTransform#c1aea relayoutBoundary=up2 NEEDS-PAINT
        child: _RenderScrollSemantics#ebf7b relayoutBoundary=up3 NEEDS-PAINT
          child: RenderPointerListener#1e896 relayoutBoundary=up4 NEEDS-PAINT
            child: RenderSemanticsGestureHandler#bece2 relayoutBoundary=up5 NEEDS-PAINT
    child 2: RenderStack#2844e NEEDS-LAYOUT NEEDS-PAINT
      child 1: RenderTransform#48460 NEEDS-LAYOUT NEEDS-PAINT
        child: RenderTransform#60269 NEEDS-LAYOUT NEEDS-PAINT
ΓòÉΓòÉΓòÉΓòÉΓòÉΓòÉΓòÉΓòÉΓòÉΓòÉΓòÉΓòÉΓòÉΓòÉΓòÉΓòÉΓòÉΓòÉΓòÉΓòÉΓòÉΓòÉΓòÉΓòÉΓòÉΓòÉΓòÉΓòÉΓòÉΓòÉΓòÉΓòÉΓòÉΓòÉΓòÉΓòÉΓòÉΓòÉΓòÉΓòÉΓòÉΓòÉΓòÉΓòÉΓòÉΓòÉΓòÉΓòÉΓòÉΓòÉΓòÉΓòÉΓòÉΓòÉΓòÉΓòÉΓòÉΓòÉΓòÉΓòÉΓòÉΓòÉΓòÉΓòÉΓòÉΓòÉΓòÉΓòÉΓòÉΓòÉΓòÉΓòÉΓòÉΓòÉΓòÉΓòÉΓòÉΓòÉΓòÉΓòÉΓòÉΓòÉΓòÉΓòÉΓòÉΓòÉΓòÉΓòÉΓòÉΓòÉΓòÉΓòÉΓòÉΓòÉΓòÉΓòÉΓòÉΓòÉΓòÉΓòÉ
ΓòÉΓòÉΓòí EXCEPTION CAUGHT BY RENDERING LIBRARY Γò₧ΓòÉΓòÉΓòÉΓòÉΓòÉΓòÉΓòÉΓòÉΓòÉΓòÉΓòÉΓòÉΓòÉΓòÉΓòÉΓòÉΓòÉΓòÉΓòÉΓòÉΓòÉΓòÉΓòÉΓòÉΓòÉΓòÉΓòÉΓòÉΓòÉΓòÉΓòÉΓòÉΓòÉΓòÉΓòÉΓòÉΓòÉΓòÉΓòÉΓòÉΓòÉΓòÉΓòÉΓòÉΓòÉΓòÉΓòÉΓòÉΓòÉΓòÉΓòÉΓòÉΓòÉΓòÉΓòÉΓòÉΓòÉ
The following assertion was thrown during paint():
RenderBox was not laid out: RenderTransform#c1aea relayoutBoundary=up2
'package:flutter/src/rendering/box.dart':
Failed assertion: line 2251 pos 12: 'hasSize'

Either the assertion indicates an error in the framework itself, or we should provide substantially
more information in this error message to help you determine and fix the underlying cause.
In either case, please report this assertion by filing a bug on GitHub:
  https://github.com/flutter/flutter/issues/new?template=02_bug.yml

The relevant error-causing widget was:
  SingleChildScrollView
  SingleChildScrollView:file:///D:/Mystery/programming/projects/PYTHON_PROJECTS/focus/focus_gg/focus_flutter/lib/features/dashboard/dashboard_screen.dart:132:13

When the exception was thrown, this was the stack:
#2      RenderBox.size (package:flutter/src/rendering/box.dart:2251:12)
#3      RenderTransform._effectiveTransform (package:flutter/src/rendering/proxy_box.dart:2632:49)
#4      RenderTransform.paint (package:flutter/src/rendering/proxy_box.dart:2669:33)
#5      RenderObject._paintWithContext (package:flutter/src/rendering/object.dart:3436:7)
#6      PaintingContext.paintChild (package:flutter/src/rendering/object.dart:261:13)
#7      RenderClipRect.paint (package:flutter/src/rendering/proxy_box.dart:1585:17)
#8      RenderObject._paintWithContext (package:flutter/src/rendering/object.dart:3436:7)
#9      PaintingContext.paintChild (package:flutter/src/rendering/object.dart:261:13)
#10     RenderBoxContainerDefaultsMixin.defaultPaint (package:flutter/src/rendering/box.dart:3367:15)
#11     RenderCustomMultiChildLayoutBox.paint (package:flutter/src/rendering/custom_layout.dart:425:5)
#12     RenderObject._paintWithContext (package:flutter/src/rendering/object.dart:3436:7)
#13     PaintingContext.paintChild (package:flutter/src/rendering/object.dart:261:13)
#14     RenderProxyBoxMixin.paint (package:flutter/src/rendering/proxy_box.dart:140:13)
#15     _RenderInkFeatures.paint (package:flutter/src/material/material.dart:634:11)
#16     RenderObject._paintWithContext (package:flutter/src/rendering/object.dart:3436:7)
#17     PaintingContext.paintChild (package:flutter/src/rendering/object.dart:261:13)
#18     RenderProxyBoxMixin.paint (package:flutter/src/rendering/proxy_box.dart:140:13)
#19     RenderPhysicalModel.paint.<anonymous closure> (package:flutter/src/rendering/proxy_box.dart:2184:15)
#20     PaintingContext.pushClipRRect (package:flutter/src/rendering/object.dart:622:14)
#21     RenderPhysicalModel.paint (package:flutter/src/rendering/proxy_box.dart:2171:21)
#22     RenderObject._paintWithContext (package:flutter/src/rendering/object.dart:3436:7)
#23     PaintingContext.paintChild (package:flutter/src/rendering/object.dart:261:13)
#24     RenderProxyBoxMixin.paint (package:flutter/src/rendering/proxy_box.dart:140:13)
#25     RenderObject._paintWithContext (package:flutter/src/rendering/object.dart:3436:7)
#26     PaintingContext.paintChild (package:flutter/src/rendering/object.dart:261:13)
#27     RenderProxyBoxMixin.paint (package:flutter/src/rendering/proxy_box.dart:140:13)
#28     RenderObject._paintWithContext (package:flutter/src/rendering/object.dart:3436:7)
#29     PaintingContext._repaintCompositedChild (package:flutter/src/rendering/object.dart:176:11)
#30     PaintingContext.repaintCompositedChild (package:flutter/src/rendering/object.dart:121:5)
#31     PipelineOwner.flushPaint (package:flutter/src/rendering/object.dart:1322:31)
#32     PipelineOwner.flushPaint (package:flutter/src/rendering/object.dart:1332:15)
#33     AutomatedTestWidgetsFlutterBinding.drawFrame (package:flutter_test/src/binding.dart:1512:31)
#34     RendererBinding._handlePersistentFrameCallback (package:flutter/src/rendering/binding.dart:495:5)
#35     SchedulerBinding._invokeFrameCallback (package:flutter/src/scheduler/binding.dart:1434:15)
#36     SchedulerBinding.handleDrawFrame (package:flutter/src/scheduler/binding.dart:1347:9)
#37     AutomatedTestWidgetsFlutterBinding.pump.<anonymous closure> (package:flutter_test/src/binding.dart:1335:9)
#40     TestAsyncUtils.guard (package:flutter_test/src/test_async_utils.dart:74:41)
#41     AutomatedTestWidgetsFlutterBinding.pump (package:flutter_test/src/binding.dart:1324:27)
#42     WidgetTester.pumpAndSettle.<anonymous closure> (package:flutter_test/src/widget_tester.dart:719:23)
<asynchronous suspension>
#43     TestAsyncUtils.guard.<anonymous closure> (package:flutter_test/src/test_async_utils.dart:130:27)
<asynchronous suspension>
#44     main.<anonymous closure> (file:///D:/Mystery/programming/projects/PYTHON_PROJECTS/focus/focus_gg/focus_flutter/test/widget_test.dart:20:5)
<asynchronous suspension>
#45     testWidgets.<anonymous closure>.<anonymous closure> (package:flutter_test/src/widget_tester.dart:192:15)
<asynchronous suspension>
#46     TestWidgetsFlutterBinding._runTestBody (package:flutter_test/src/binding.dart:1059:5)
<asynchronous suspension>
<asynchronous suspension>
(elided 5 frames from class _AssertionError, dart:async, and package:stack_trace)

The following RenderObject was being processed when the exception was fired: RenderTransform#c1aea relayoutBoundary=up2:
  needs compositing
  creator: Transform ΓåÉ StretchEffect ΓåÉ ClipRect ΓåÉ AnimatedBuilder ΓåÉ
    NotificationListener<ScrollNotification> ΓåÉ StretchingOverscrollIndicator ΓåÉ Scrollable ΓåÉ
    PrimaryScrollController ΓåÉ SingleChildScrollView ΓåÉ KeyedSubtree-[GlobalKey#15fcd] ΓåÉ _BodyBuilder ΓåÉ
    MediaQuery ΓåÉ Γï»
  parentData: <none> (can use size)
  constraints: BoxConstraints(0.0<=w<=800.0, 0.0<=h<=534.0)
  size: MISSING
  transform matrix:
    [0] 1.0,0.0,0.0,0.0
    [1] 0.0,1.0,0.0,0.0
    [2] 0.0,0.0,1.0,0.0
    [3] 0.0,0.0,0.0,1.0
  origin: null
  alignment: AlignmentDirectional.bottomCenter
  textDirection: ltr
  transformHitTests: true
This RenderObject had the following descendants (showing up to depth 5):
    child: _RenderScrollSemantics#ebf7b relayoutBoundary=up3 NEEDS-PAINT
      child: RenderPointerListener#1e896 relayoutBoundary=up4 NEEDS-PAINT
        child: RenderSemanticsGestureHandler#bece2 relayoutBoundary=up5 NEEDS-PAINT
          child: RenderPointerListener#6d0ca relayoutBoundary=up6 NEEDS-PAINT
            child: RenderSemanticsAnnotations#4d9bb relayoutBoundary=up7 NEEDS-PAINT
ΓòÉΓòÉΓòÉΓòÉΓòÉΓòÉΓòÉΓòÉΓòÉΓòÉΓòÉΓòÉΓòÉΓòÉΓòÉΓòÉΓòÉΓòÉΓòÉΓòÉΓòÉΓòÉΓòÉΓòÉΓòÉΓòÉΓòÉΓòÉΓòÉΓòÉΓòÉΓòÉΓòÉΓòÉΓòÉΓòÉΓòÉΓòÉΓòÉΓòÉΓòÉΓòÉΓòÉΓòÉΓòÉΓòÉΓòÉΓòÉΓòÉΓòÉΓòÉΓòÉΓòÉΓòÉΓòÉΓòÉΓòÉΓòÉΓòÉΓòÉΓòÉΓòÉΓòÉΓòÉΓòÉΓòÉΓòÉΓòÉΓòÉΓòÉΓòÉΓòÉΓòÉΓòÉΓòÉΓòÉΓòÉΓòÉΓòÉΓòÉΓòÉΓòÉΓòÉΓòÉΓòÉΓòÉΓòÉΓòÉΓòÉΓòÉΓòÉΓòÉΓòÉΓòÉΓòÉΓòÉΓòÉΓòÉΓòÉΓòÉ
ΓòÉΓòÉΓòí EXCEPTION CAUGHT BY SCHEDULER LIBRARY Γò₧ΓòÉΓòÉΓòÉΓòÉΓòÉΓòÉΓòÉΓòÉΓòÉΓòÉΓòÉΓòÉΓòÉΓòÉΓòÉΓòÉΓòÉΓòÉΓòÉΓòÉΓòÉΓòÉΓòÉΓòÉΓòÉΓòÉΓòÉΓòÉΓòÉΓòÉΓòÉΓòÉΓòÉΓòÉΓòÉΓòÉΓòÉΓòÉΓòÉΓòÉΓòÉΓòÉΓòÉΓòÉΓòÉΓòÉΓòÉΓòÉΓòÉΓòÉΓòÉΓòÉΓòÉΓòÉΓòÉΓòÉΓòÉ
The following assertion was thrown during a scheduler callback:
'package:flutter/src/rendering/object.dart': Failed assertion: line 5696 pos 14:
'!childSemantics.renderObject._needsLayout': is not true.

Either the assertion indicates an error in the framework itself, or we should provide substantially
more information in this error message to help you determine and fix the underlying cause.
In either case, please report this assertion by filing a bug on GitHub:
  https://github.com/flutter/flutter/issues/new?template=02_bug.yml

When the exception was thrown, this was the stack:
#2      _RenderObjectSemantics._collectChildMergeUpAndSiblingGroup (package:flutter/src/rendering/object.dart:5696:14)
#3      _RenderObjectSemantics.updateChildren (package:flutter/src/rendering/object.dart:5573:50)
#4      _RenderObjectSemantics._didUpdateParentData (package:flutter/src/rendering/object.dart:5774:5)
#5      _RenderObjectSemantics._collectChildMergeUpAndSiblingGroup (package:flutter/src/rendering/object.dart:5697:22)
#6      _RenderObjectSemantics.updateChildren (package:flutter/src/rendering/object.dart:5573:50)
#7      _RenderObjectSemantics._didUpdateParentData (package:flutter/src/rendering/object.dart:5774:5)
#8      _RenderObjectSemantics._collectChildMergeUpAndSiblingGroup (package:flutter/src/rendering/object.dart:5697:22)
#9      _RenderObjectSemantics.updateChildren (package:flutter/src/rendering/object.dart:5573:50)
#10     _RenderObjectSemantics._didUpdateParentData (package:flutter/src/rendering/object.dart:5774:5)
#11     _RenderObjectSemantics._collectChildMergeUpAndSiblingGroup (package:flutter/src/rendering/object.dart:5697:22)
#12     _RenderObjectSemantics.updateChildren (package:flutter/src/rendering/object.dart:5573:50)
#13     _RenderObjectSemantics._didUpdateParentData (package:flutter/src/rendering/object.dart:5774:5)
#14     _RenderObjectSemantics._collectChildMergeUpAndSiblingGroup (package:flutter/src/rendering/object.dart:5697:22)
#15     _RenderObjectSemantics.updateChildren (package:flutter/src/rendering/object.dart:5573:50)
#16     _RenderObjectSemantics._didUpdateParentData (package:flutter/src/rendering/object.dart:5774:5)
#17     _RenderObjectSemantics._collectChildMergeUpAndSiblingGroup (package:flutter/src/rendering/object.dart:5697:22)
#18     _RenderObjectSemantics.updateChildren (package:flutter/src/rendering/object.dart:5573:50)
#19     _RenderObjectSemantics._didUpdateParentData (package:flutter/src/rendering/object.dart:5774:5)
#20     _RenderObjectSemantics._collectChildMergeUpAndSiblingGroup (package:flutter/src/rendering/object.dart:5697:22)
#21     _RenderObjectSemantics.updateChildren (package:flutter/src/rendering/object.dart:5573:50)
#22     _RenderObjectSemantics._didUpdateParentData (package:flutter/src/rendering/object.dart:5774:5)
#23     _RenderObjectSemantics._collectChildMergeUpAndSiblingGroup (package:flutter/src/rendering/object.dart:5697:22)
#24     _RenderObjectSemantics.updateChildren (package:flutter/src/rendering/object.dart:5573:50)
#25     _RenderObjectSemantics._didUpdateParentData (package:flutter/src/rendering/object.dart:5774:5)
#26     _RenderObjectSemantics._collectChildMergeUpAndSiblingGroup (package:flutter/src/rendering/object.dart:5697:22)
#27     _RenderObjectSemantics.updateChildren (package:flutter/src/rendering/object.dart:5573:50)
#28     _RenderObjectSemantics._didUpdateParentData (package:flutter/src/rendering/object.dart:5774:5)
#29     _RenderObjectSemantics._collectChildMergeUpAndSiblingGroup (package:flutter/src/rendering/object.dart:5697:22)
#30     _RenderObjectSemantics.updateChildren (package:flutter/src/rendering/object.dart:5573:50)
#31     _RenderObjectSemantics._didUpdateParentData (package:flutter/src/rendering/object.dart:5774:5)
#32     _RenderObjectSemantics._collectChildMergeUpAndSiblingGroup (package:flutter/src/rendering/object.dart:5697:22)
#33     _RenderObjectSemantics.updateChildren (package:flutter/src/rendering/object.dart:5573:50)
#34     _RenderObjectSemantics._didUpdateParentData (package:flutter/src/rendering/object.dart:5774:5)
#35     _RenderObjectSemantics._collectChildMergeUpAndSiblingGroup (package:flutter/src/rendering/object.dart:5697:22)
#36     _RenderObjectSemantics.updateChildren (package:flutter/src/rendering/object.dart:5573:50)
#37     _RenderObjectSemantics._didUpdateParentData (package:flutter/src/rendering/object.dart:5774:5)
#38     _RenderObjectSemantics._collectChildMergeUpAndSiblingGroup (package:flutter/src/rendering/object.dart:5697:22)
#39     _RenderObjectSemantics.updateChildren (package:flutter/src/rendering/object.dart:5573:50)
#40     _RenderObjectSemantics._didUpdateParentData (package:flutter/src/rendering/object.dart:5774:5)
#41     _RenderObjectSemantics._collectChildMergeUpAndSiblingGroup (package:flutter/src/rendering/object.dart:5697:22)
#42     _RenderObjectSemantics.updateChildren (package:flutter/src/rendering/object.dart:5573:50)
#43     _RenderObjectSemantics._didUpdateParentData (package:flutter/src/rendering/object.dart:5774:5)
#44     _RenderObjectSemantics._collectChildMergeUpAndSiblingGroup (package:flutter/src/rendering/object.dart:5697:22)
#45     _RenderObjectSemantics.updateChildren (package:flutter/src/rendering/object.dart:5573:50)
#46     _RenderObjectSemantics._didUpdateParentData (package:flutter/src/rendering/object.dart:5774:5)
#47     _RenderObjectSemantics._collectChildMergeUpAndSiblingGroup (package:flutter/src/rendering/object.dart:5697:22)
#48     _RenderObjectSemantics.updateChildren (package:flutter/src/rendering/object.dart:5573:50)
#49     _RenderObjectSemantics._didUpdateParentData (package:flutter/src/rendering/object.dart:5774:5)
#50     _RenderObjectSemantics._collectChildMergeUpAndSiblingGroup (package:flutter/src/rendering/object.dart:5697:22)
#51     _RenderObjectSemantics.updateChildren (package:flutter/src/rendering/object.dart:5573:50)
#52     _RenderObjectSemantics._didUpdateParentData (package:flutter/src/rendering/object.dart:5774:5)
#53     _RenderObjectSemantics._collectChildMergeUpAndSiblingGroup (package:flutter/src/rendering/object.dart:5697:22)
#54     _RenderObjectSemantics.updateChildren (package:flutter/src/rendering/object.dart:5573:50)
#55     _RenderObjectSemantics._didUpdateParentData (package:flutter/src/rendering/object.dart:5774:5)
#56     _RenderObjectSemantics._collectChildMergeUpAndSiblingGroup (package:flutter/src/rendering/object.dart:5697:22)
#57     _RenderObjectSemantics.updateChildren (package:flutter/src/rendering/object.dart:5573:50)
#58     _RenderObjectSemantics._didUpdateParentData (package:flutter/src/rendering/object.dart:5774:5)
#59     _RenderObjectSemantics._collectChildMergeUpAndSiblingGroup (package:flutter/src/rendering/object.dart:5697:22)
#60     _RenderObjectSemantics.updateChildren (package:flutter/src/rendering/object.dart:5573:50)
#61     _RenderObjectSemantics._didUpdateParentData (package:flutter/src/rendering/object.dart:5774:5)
#62     _RenderObjectSemantics._collectChildMergeUpAndSiblingGroup (package:flutter/src/rendering/object.dart:5697:22)
#63     _RenderObjectSemantics.updateChildren (package:flutter/src/rendering/object.dart:5573:50)
#64     _RenderObjectSemantics._didUpdateParentData (package:flutter/src/rendering/object.dart:5774:5)
#65     _RenderObjectSemantics._collectChildMergeUpAndSiblingGroup (package:flutter/src/rendering/object.dart:5697:22)
#66     _RenderObjectSemantics.updateChildren (package:flutter/src/rendering/object.dart:5573:50)
#67     _RenderObjectSemantics._didUpdateParentData (package:flutter/src/rendering/object.dart:5774:5)
#68     _RenderObjectSemantics._collectChildMergeUpAndSiblingGroup (package:flutter/src/rendering/object.dart:5697:22)
#69     _RenderObjectSemantics.updateChildren (package:flutter/src/rendering/object.dart:5573:50)
#70     _RenderObjectSemantics._didUpdateParentData (package:flutter/src/rendering/object.dart:5774:5)
#71     _RenderObjectSemantics._collectChildMergeUpAndSiblingGroup (package:flutter/src/rendering/object.dart:5697:22)
#72     _RenderObjectSemantics.updateChildren (package:flutter/src/rendering/object.dart:5573:50)
#73     _RenderObjectSemantics._didUpdateParentData (package:flutter/src/rendering/object.dart:5774:5)
#74     _RenderObjectSemantics._collectChildMergeUpAndSiblingGroup (package:flutter/src/rendering/object.dart:5697:22)
#75     _RenderObjectSemantics.updateChildren (package:flutter/src/rendering/object.dart:5573:50)
#76     _RenderObjectSemantics._didUpdateParentData (package:flutter/src/rendering/object.dart:5774:5)
#77     _RenderObjectSemantics._collectChildMergeUpAndSiblingGroup (package:flutter/src/rendering/object.dart:5697:22)
#78     _RenderObjectSemantics.updateChildren (package:flutter/src/rendering/object.dart:5573:50)
#79     _RenderObjectSemantics._didUpdateParentData (package:flutter/src/rendering/object.dart:5774:5)
#80     _RenderObjectSemantics._collectChildMergeUpAndSiblingGroup (package:flutter/src/rendering/object.dart:5697:22)
#81     _RenderObjectSemantics.updateChildren (package:flutter/src/rendering/object.dart:5573:50)
#82     _RenderObjectSemantics._didUpdateParentData (package:flutter/src/rendering/object.dart:5774:5)
#83     _RenderObjectSemantics._collectChildMergeUpAndSiblingGroup (package:flutter/src/rendering/object.dart:5697:22)
#84     _RenderObjectSemantics.updateChildren (package:flutter/src/rendering/object.dart:5573:50)
#85     _RenderObjectSemantics._didUpdateParentData (package:flutter/src/rendering/object.dart:5774:5)
#86     _RenderObjectSemantics._collectChildMergeUpAndSiblingGroup (package:flutter/src/rendering/object.dart:5697:22)
#87     _RenderObjectSemantics.updateChildren (package:flutter/src/rendering/object.dart:5573:50)
#88     _RenderObjectSemantics._didUpdateParentData (package:flutter/src/rendering/object.dart:5774:5)
#89     _RenderObjectSemantics._collectChildMergeUpAndSiblingGroup (package:flutter/src/rendering/object.dart:5697:22)
#90     _RenderObjectSemantics.updateChildren (package:flutter/src/rendering/object.dart:5573:50)
#91     _RenderObjectSemantics._didUpdateParentData (package:flutter/src/rendering/object.dart:5774:5)
#92     _RenderObjectSemantics._collectChildMergeUpAndSiblingGroup (package:flutter/src/rendering/object.dart:5697:22)
#93     _RenderObjectSemantics.updateChildren (package:flutter/src/rendering/object.dart:5573:50)
#94     _RenderObjectSemantics._didUpdateParentData (package:flutter/src/rendering/object.dart:5774:5)
#95     _RenderObjectSemantics._collectChildMergeUpAndSiblingGroup (package:flutter/src/rendering/object.dart:5697:22)
#96     _RenderObjectSemantics.updateChildren (package:flutter/src/rendering/object.dart:5573:50)
#97     _RenderObjectSemantics._didUpdateParentData (package:flutter/src/rendering/object.dart:5774:5)
#98     _RenderObjectSemantics._collectChildMergeUpAndSiblingGroup (package:flutter/src/rendering/object.dart:5697:22)
#99     _RenderObjectSemantics.updateChildren (package:flutter/src/rendering/object.dart:5573:50)
#100    _RenderObjectSemantics._didUpdateParentData (package:flutter/src/rendering/object.dart:5774:5)
#101    _RenderObjectSemantics._collectChildMergeUpAndSiblingGroup (package:flutter/src/rendering/object.dart:5697:22)
#102    _RenderObjectSemantics.updateChildren (package:flutter/src/rendering/object.dart:5573:50)
#103    _RenderObjectSemantics._didUpdateParentData (package:flutter/src/rendering/object.dart:5774:5)
#104    _RenderObjectSemantics._collectChildMergeUpAndSiblingGroup (package:flutter/src/rendering/object.dart:5697:22)
#105    _RenderObjectSemantics.updateChildren (package:flutter/src/rendering/object.dart:5573:50)
#106    _RenderObjectSemantics._didUpdateParentData (package:flutter/src/rendering/object.dart:5774:5)
#107    _RenderObjectSemantics._collectChildMergeUpAndSiblingGroup (package:flutter/src/rendering/object.dart:5697:22)
#108    _RenderObjectSemantics.updateChildren (package:flutter/src/rendering/object.dart:5573:50)
#109    _RenderObjectSemantics._didUpdateParentData (package:flutter/src/rendering/object.dart:5774:5)
#110    _RenderObjectSemantics._collectChildMergeUpAndSiblingGroup (package:flutter/src/rendering/object.dart:5697:22)
#111    _RenderObjectSemantics.updateChildren (package:flutter/src/rendering/object.dart:5573:50)
#112    _RenderObjectSemantics._didUpdateParentData (package:flutter/src/rendering/object.dart:5774:5)
#113    _RenderObjectSemantics._collectChildMergeUpAndSiblingGroup (package:flutter/src/rendering/object.dart:5697:22)
#114    _RenderObjectSemantics.updateChildren (package:flutter/src/rendering/object.dart:5573:50)
#115    _RenderObjectSemantics._didUpdateParentData (package:flutter/src/rendering/object.dart:5774:5)
#116    _RenderObjectSemantics._collectChildMergeUpAndSiblingGroup (package:flutter/src/rendering/object.dart:5697:22)
#117    _RenderObjectSemantics.updateChildren (package:flutter/src/rendering/object.dart:5573:50)
#118    _RenderObjectSemantics._didUpdateParentData (package:flutter/src/rendering/object.dart:5774:5)
#119    _RenderObjectSemantics._collectChildMergeUpAndSiblingGroup (package:flutter/src/rendering/object.dart:5697:22)
#120    _RenderObjectSemantics.updateChildren (package:flutter/src/rendering/object.dart:5573:50)
#121    _RenderObjectSemantics._didUpdateParentData (package:flutter/src/rendering/object.dart:5774:5)
#122    _RenderObjectSemantics._collectChildMergeUpAndSiblingGroup (package:flutter/src/rendering/object.dart:5697:22)
#123    _RenderObjectSemantics.updateChildren (package:flutter/src/rendering/object.dart:5573:50)
#124    _RenderObjectSemantics._didUpdateParentData (package:flutter/src/rendering/object.dart:5774:5)
#125    _RenderObjectSemantics._collectChildMergeUpAndSiblingGroup (package:flutter/src/rendering/object.dart:5697:22)
#126    _RenderObjectSemantics.updateChildren (package:flutter/src/rendering/object.dart:5573:50)
#127    _RenderObjectSemantics._didUpdateParentData (package:flutter/src/rendering/object.dart:5774:5)
#128    _RenderObjectSemantics._collectChildMergeUpAndSiblingGroup (package:flutter/src/rendering/object.dart:5697:22)
#129    _RenderObjectSemantics.updateChildren (package:flutter/src/rendering/object.dart:5573:50)
#130    _RenderObjectSemantics._didUpdateParentData (package:flutter/src/rendering/object.dart:5774:5)
#131    _RenderObjectSemantics._collectChildMergeUpAndSiblingGroup (package:flutter/src/rendering/object.dart:5697:22)
#132    _RenderObjectSemantics.updateChildren (package:flutter/src/rendering/object.dart:5573:50)
#133    _RenderObjectSemantics._didUpdateParentData (package:flutter/src/rendering/object.dart:5774:5)
#134    _RenderObjectSemantics._collectChildMergeUpAndSiblingGroup (package:flutter/src/rendering/object.dart:5697:22)
#135    _RenderObjectSemantics.updateChildren (package:flutter/src/rendering/object.dart:5573:50)
#136    _RenderObjectSemantics._didUpdateParentData (package:flutter/src/rendering/object.dart:5774:5)
#137    _RenderObjectSemantics._collectChildMergeUpAndSiblingGroup (package:flutter/src/rendering/object.dart:5697:22)
#138    _RenderObjectSemantics.updateChildren (package:flutter/src/rendering/object.dart:5573:50)
#139    _RenderObjectSemantics._didUpdateParentData (package:flutter/src/rendering/object.dart:5774:5)
#140    _RenderObjectSemantics._collectChildMergeUpAndSiblingGroup (package:flutter/src/rendering/object.dart:5697:22)
#141    _RenderObjectSemantics.updateChildren (package:flutter/src/rendering/object.dart:5573:50)
#142    _RenderObjectSemantics._didUpdateParentData (package:flutter/src/rendering/object.dart:5774:5)
#143    _RenderObjectSemantics._collectChildMergeUpAndSiblingGroup (package:flutter/src/rendering/object.dart:5697:22)
#144    _RenderObjectSemantics.updateChildren (package:flutter/src/rendering/object.dart:5573:50)
#145    _RenderObjectSemantics._didUpdateParentData (package:flutter/src/rendering/object.dart:5774:5)
#146    _RenderObjectSemantics._collectChildMergeUpAndSiblingGroup (package:flutter/src/rendering/object.dart:5697:22)
#147    _RenderObjectSemantics.updateChildren (package:flutter/src/rendering/object.dart:5573:50)
#148    _RenderObjectSemantics._didUpdateParentData (package:flutter/src/rendering/object.dart:5774:5)
#149    _RenderObjectSemantics._collectChildMergeUpAndSiblingGroup (package:flutter/src/rendering/object.dart:5697:22)
#150    _RenderObjectSemantics.updateChildren (package:flutter/src/rendering/object.dart:5573:50)
#151    _RenderObjectSemantics._didUpdateParentData (package:flutter/src/rendering/object.dart:5774:5)
#152    _RenderObjectSemantics._collectChildMergeUpAndSiblingGroup (package:flutter/src/rendering/object.dart:5697:22)
#153    _RenderObjectSemantics.updateChildren (package:flutter/src/rendering/object.dart:5573:50)
#154    _RenderObjectSemantics._didUpdateParentData (package:flutter/src/rendering/object.dart:5774:5)
#155    _RenderObjectSemantics._collectChildMergeUpAndSiblingGroup (package:flutter/src/rendering/object.dart:5697:22)
#156    _RenderObjectSemantics.updateChildren (package:flutter/src/rendering/object.dart:5573:50)
#157    _RenderObjectSemantics._didUpdateParentData (package:flutter/src/rendering/object.dart:5774:5)
#158    _RenderObjectSemantics._collectChildMergeUpAndSiblingGroup (package:flutter/src/rendering/object.dart:5697:22)
#159    _RenderObjectSemantics.updateChildren (package:flutter/src/rendering/object.dart:5573:50)
#160    _RenderObjectSemantics._didUpdateParentData (package:flutter/src/rendering/object.dart:5774:5)
#161    _RenderObjectSemantics._collectChildMergeUpAndSiblingGroup (package:flutter/src/rendering/object.dart:5697:22)
#162    _RenderObjectSemantics.updateChildren (package:flutter/src/rendering/object.dart:5573:50)
#163    _RenderObjectSemantics._didUpdateParentData (package:flutter/src/rendering/object.dart:5774:5)
#164    _RenderObjectSemantics._collectChildMergeUpAndSiblingGroup (package:flutter/src/rendering/object.dart:5697:22)
#165    _RenderObjectSemantics.updateChildren (package:flutter/src/rendering/object.dart:5573:50)
#166    _RenderObjectSemantics._didUpdateParentData (package:flutter/src/rendering/object.dart:5774:5)
#167    _RenderObjectSemantics._collectChildMergeUpAndSiblingGroup (package:flutter/src/rendering/object.dart:5697:22)
#168    _RenderObjectSemantics.updateChildren (package:flutter/src/rendering/object.dart:5573:50)
#169    _RenderObjectSemantics._didUpdateParentData (package:flutter/src/rendering/object.dart:5774:5)
#170    _RenderObjectSemantics._collectChildMergeUpAndSiblingGroup (package:flutter/src/rendering/object.dart:5697:22)
#171    _RenderObjectSemantics.updateChildren (package:flutter/src/rendering/object.dart:5573:50)
#172    _RenderObjectSemantics._didUpdateParentData (package:flutter/src/rendering/object.dart:5774:5)
#173    _RenderObjectSemantics._collectChildMergeUpAndSiblingGroup (package:flutter/src/rendering/object.dart:5697:22)
#174    _RenderObjectSemantics.updateChildren (package:flutter/src/rendering/object.dart:5573:50)
#175    _RenderObjectSemantics._didUpdateParentData (package:flutter/src/rendering/object.dart:5774:5)
#176    _RenderObjectSemantics._collectChildMergeUpAndSiblingGroup (package:flutter/src/rendering/object.dart:5697:22)
#177    _RenderObjectSemantics.updateChildren (package:flutter/src/rendering/object.dart:5573:50)
#178    _RenderObjectSemantics._didUpdateParentData (package:flutter/src/rendering/object.dart:5774:5)
#179    _RenderObjectSemantics._collectChildMergeUpAndSiblingGroup (package:flutter/src/rendering/object.dart:5697:22)
#180    _RenderObjectSemantics.updateChildren (package:flutter/src/rendering/object.dart:5573:50)
#181    _RenderObjectSemantics._didUpdateParentData (package:flutter/src/rendering/object.dart:5774:5)
#182    _RenderObjectSemantics._collectChildMergeUpAndSiblingGroup (package:flutter/src/rendering/object.dart:5697:22)
#183    _RenderObjectSemantics.updateChildren (package:flutter/src/rendering/object.dart:5573:50)
#184    PipelineOwner.flushSemantics (package:flutter/src/rendering/object.dart:1470:25)
#185    PipelineOwner.flushSemantics (package:flutter/src/rendering/object.dart:1514:15)
#186    AutomatedTestWidgetsFlutterBinding.drawFrame (package:flutter_test/src/binding.dart:1519:35)
#187    RendererBinding._handlePersistentFrameCallback (package:flutter/src/rendering/binding.dart:495:5)
#188    SchedulerBinding._invokeFrameCallback (package:flutter/src/scheduler/binding.dart:1434:15)
#189    SchedulerBinding.handleDrawFrame (package:flutter/src/scheduler/binding.dart:1347:9)
#190    AutomatedTestWidgetsFlutterBinding.pump.<anonymous closure> (package:flutter_test/src/binding.dart:1335:9)
#193    TestAsyncUtils.guard (package:flutter_test/src/test_async_utils.dart:74:41)
#194    AutomatedTestWidgetsFlutterBinding.pump (package:flutter_test/src/binding.dart:1324:27)
#195    WidgetTester.pumpAndSettle.<anonymous closure> (package:flutter_test/src/widget_tester.dart:719:23)
<asynchronous suspension>
#196    TestAsyncUtils.guard.<anonymous closure> (package:flutter_test/src/test_async_utils.dart:130:27)
<asynchronous suspension>
#197    main.<anonymous closure> (file:///D:/Mystery/programming/projects/PYTHON_PROJECTS/focus/focus_gg/focus_flutter/test/widget_test.dart:20:5)
<asynchronous suspension>
#198    testWidgets.<anonymous closure>.<anonymous closure> (package:flutter_test/src/widget_tester.dart:192:15)
<asynchronous suspension>
#199    TestWidgetsFlutterBinding._runTestBody (package:flutter_test/src/binding.dart:1059:5)
<asynchronous suspension>
<asynchronous suspension>
(elided 5 frames from class _AssertionError, dart:async, and package:stack_trace)
ΓòÉΓòÉΓòÉΓòÉΓòÉΓòÉΓòÉΓòÉΓòÉΓòÉΓòÉΓòÉΓòÉΓòÉΓòÉΓòÉΓòÉΓòÉΓòÉΓòÉΓòÉΓòÉΓòÉΓòÉΓòÉΓòÉΓòÉΓòÉΓòÉΓòÉΓòÉΓòÉΓòÉΓòÉΓòÉΓòÉΓòÉΓòÉΓòÉΓòÉΓòÉΓòÉΓòÉΓòÉΓòÉΓòÉΓòÉΓòÉΓòÉΓòÉΓòÉΓòÉΓòÉΓòÉΓòÉΓòÉΓòÉΓòÉΓòÉΓòÉΓòÉΓòÉΓòÉΓòÉΓòÉΓòÉΓòÉΓòÉΓòÉΓòÉΓòÉΓòÉΓòÉΓòÉΓòÉΓòÉΓòÉΓòÉΓòÉΓòÉΓòÉΓòÉΓòÉΓòÉΓòÉΓòÉΓòÉΓòÉΓòÉΓòÉΓòÉΓòÉΓòÉΓòÉΓòÉΓòÉΓòÉΓòÉΓòÉΓòÉ
ΓòÉΓòÉΓòí EXCEPTION CAUGHT BY RENDERING LIBRARY Γò₧ΓòÉΓòÉΓòÉΓòÉΓòÉΓòÉΓòÉΓòÉΓòÉΓòÉΓòÉΓòÉΓòÉΓòÉΓòÉΓòÉΓòÉΓòÉΓòÉΓòÉΓòÉΓòÉΓòÉΓòÉΓòÉΓòÉΓòÉΓòÉΓòÉΓòÉΓòÉΓòÉΓòÉΓòÉΓòÉΓòÉΓòÉΓòÉΓòÉΓòÉΓòÉΓòÉΓòÉΓòÉΓòÉΓòÉΓòÉΓòÉΓòÉΓòÉΓòÉΓòÉΓòÉΓòÉΓòÉΓòÉΓòÉ
The following assertion was thrown during performLayout():
'package:flutter/src/rendering/object.dart': Failed assertion: line 2709 pos 12:
'!_debugDoingThisLayout': is not true.

Either the assertion indicates an error in the framework itself, or we should provide substantially
more information in this error message to help you determine and fix the underlying cause.
In either case, please report this assertion by filing a bug on GitHub:
  https://github.com/flutter/flutter/issues/new?template=02_bug.yml

The relevant error-causing widget was:
  Column
  Column:file:///D:/Mystery/programming/projects/PYTHON_PROJECTS/focus/focus_gg/focus_flutter/lib/features/dashboard/dashboard_screen.dart:267:22

When the exception was thrown, this was the stack:
#2      RenderObject.layout (package:flutter/src/rendering/object.dart:2709:12)
#3      ChildLayoutHelper.layoutChild (package:flutter/src/rendering/layout_helper.dart:62:11)
#4      RenderFlex._computeSizes (package:flutter/src/rendering/flex.dart:1161:28)
#5      RenderFlex.performLayout (package:flutter/src/rendering/flex.dart:1257:32)
#6      RenderObject.layout (package:flutter/src/rendering/object.dart:2775:7)
#7      _RenderLayoutBuilder.performLayout (package:flutter/src/widgets/layout_builder.dart:450:14)
#8      RenderObject.layout (package:flutter/src/rendering/object.dart:2775:7)
#9      RenderPadding.performLayout (package:flutter/src/rendering/shifted_box.dart:243:12)
#10     RenderObject.layout (package:flutter/src/rendering/object.dart:2775:7)
#11     ChildLayoutHelper.layoutChild (package:flutter/src/rendering/layout_helper.dart:62:11)
#12     RenderStack._computeSize (package:flutter/src/rendering/stack.dart:645:43)
#13     RenderStack.performLayout (package:flutter/src/rendering/stack.dart:680:12)
#14     RenderObject.layout (package:flutter/src/rendering/object.dart:2775:7)
#15     RenderPadding.performLayout (package:flutter/src/rendering/shifted_box.dart:243:12)
#16     RenderObject.layout (package:flutter/src/rendering/object.dart:2775:7)
#17     RenderProxyBoxMixin.performLayout (package:flutter/src/rendering/proxy_box.dart:115:18)
#18     RenderObject.layout (package:flutter/src/rendering/object.dart:2775:7)
#19     ChildLayoutHelper.layoutChild (package:flutter/src/rendering/layout_helper.dart:62:11)
#20     RenderStack._computeSize (package:flutter/src/rendering/stack.dart:645:43)
#21     RenderStack.performLayout (package:flutter/src/rendering/stack.dart:680:12)
#22     RenderObject.layout (package:flutter/src/rendering/object.dart:2775:7)
#23     RenderProxyBoxMixin.performLayout (package:flutter/src/rendering/proxy_box.dart:115:18)
#24     RenderObject.layout (package:flutter/src/rendering/object.dart:2775:7)
#25     RenderProxyBoxMixin.performLayout (package:flutter/src/rendering/proxy_box.dart:115:18)
#26     RenderObject.layout (package:flutter/src/rendering/object.dart:2775:7)
#27     ChildLayoutHelper.layoutChild (package:flutter/src/rendering/layout_helper.dart:62:11)
#28     RenderStack._computeSize (package:flutter/src/rendering/stack.dart:645:43)
#29     RenderStack.performLayout (package:flutter/src/rendering/stack.dart:680:12)
#30     RenderObject.layout (package:flutter/src/rendering/object.dart:2775:7)
#31     RenderProxyBoxMixin.performLayout (package:flutter/src/rendering/proxy_box.dart:115:18)
#32     RenderObject.layout (package:flutter/src/rendering/object.dart:2775:7)
#33     RenderProxyBoxMixin.performLayout (package:flutter/src/rendering/proxy_box.dart:115:18)
#34     RenderObject.layout (package:flutter/src/rendering/object.dart:2775:7)
#35     ChildLayoutHelper.layoutChild (package:flutter/src/rendering/layout_helper.dart:62:11)
#36     RenderFlex._computeSizes (package:flutter/src/rendering/flex.dart:1161:28)
#37     RenderFlex.performLayout (package:flutter/src/rendering/flex.dart:1257:32)
#38     RenderObject.layout (package:flutter/src/rendering/object.dart:2775:7)
#39     RenderPadding.performLayout (package:flutter/src/rendering/shifted_box.dart:243:12)
#40     RenderObject.layout (package:flutter/src/rendering/object.dart:2775:7)
#41     RenderConstrainedBox.performLayout (package:flutter/src/rendering/proxy_box.dart:293:14)
#42     RenderObject.layout (package:flutter/src/rendering/object.dart:2775:7)
#43     RenderPositionedBox.performLayout (package:flutter/src/rendering/shifted_box.dart:465:14)
#44     RenderObject.layout (package:flutter/src/rendering/object.dart:2775:7)
#45     RenderPadding.performLayout (package:flutter/src/rendering/shifted_box.dart:243:12)
#46     RenderObject.layout (package:flutter/src/rendering/object.dart:2775:7)
#47     _RenderSingleChildViewport.performLayout (package:flutter/src/widgets/single_child_scroll_view.dart:502:14)
#48     RenderObject.layout (package:flutter/src/rendering/object.dart:2775:7)
#49     RenderProxyBoxMixin.performLayout (package:flutter/src/rendering/proxy_box.dart:115:18)
#50     RenderObject.layout (package:flutter/src/rendering/object.dart:2775:7)
#51     RenderProxyBoxMixin.performLayout (package:flutter/src/rendering/proxy_box.dart:115:18)
#52     RenderObject.layout (package:flutter/src/rendering/object.dart:2775:7)
#53     RenderProxyBoxMixin.performLayout (package:flutter/src/rendering/proxy_box.dart:115:18)
#54     RenderObject.layout (package:flutter/src/rendering/object.dart:2775:7)
#55     RenderProxyBoxMixin.performLayout (package:flutter/src/rendering/proxy_box.dart:115:18)
#56     RenderObject.layout (package:flutter/src/rendering/object.dart:2775:7)
#57     RenderProxyBoxMixin.performLayout (package:flutter/src/rendering/proxy_box.dart:115:18)
#58     RenderObject.layout (package:flutter/src/rendering/object.dart:2775:7)
#59     RenderProxyBoxMixin.performLayout (package:flutter/src/rendering/proxy_box.dart:115:18)
#60     RenderObject.layout (package:flutter/src/rendering/object.dart:2775:7)
#61     RenderProxyBoxMixin.performLayout (package:flutter/src/rendering/proxy_box.dart:115:18)
#62     RenderObject.layout (package:flutter/src/rendering/object.dart:2775:7)
#63     RenderProxyBoxMixin.performLayout (package:flutter/src/rendering/proxy_box.dart:115:18)
#64     _RenderCustomClip.performLayout (package:flutter/src/rendering/proxy_box.dart:1481:11)
#65     RenderObject.layout (package:flutter/src/rendering/object.dart:2775:7)
#66     MultiChildLayoutDelegate.layoutChild (package:flutter/src/rendering/custom_layout.dart:180:12)
#67     _ScaffoldLayout.performLayout (package:flutter/src/material/scaffold.dart:1112:7)
#68     MultiChildLayoutDelegate._callPerformLayout (package:flutter/src/rendering/custom_layout.dart:249:7)
#69     RenderCustomMultiChildLayoutBox.performLayout (package:flutter/src/rendering/custom_layout.dart:420:14)
#70     RenderObject._layoutWithoutResize (package:flutter/src/rendering/object.dart:2623:7)
#71     PipelineOwner.flushLayout (package:flutter/src/rendering/object.dart:1170:18)
#72     PipelineOwner.flushLayout (package:flutter/src/rendering/object.dart:1183:15)
#73     AutomatedTestWidgetsFlutterBinding.drawFrame (package:flutter_test/src/binding.dart:1508:27)
#74     RendererBinding._handlePersistentFrameCallback (package:flutter/src/rendering/binding.dart:495:5)
#75     SchedulerBinding._invokeFrameCallback (package:flutter/src/scheduler/binding.dart:1434:15)
#76     SchedulerBinding.handleDrawFrame (package:flutter/src/scheduler/binding.dart:1347:9)
#77     AutomatedTestWidgetsFlutterBinding.pump.<anonymous closure> (package:flutter_test/src/binding.dart:1335:9)
#80     TestAsyncUtils.guard (package:flutter_test/src/test_async_utils.dart:74:41)
#81     AutomatedTestWidgetsFlutterBinding.pump (package:flutter_test/src/binding.dart:1324:27)
#82     WidgetTester.pumpAndSettle.<anonymous closure> (package:flutter_test/src/widget_tester.dart:719:23)
<asynchronous suspension>
#83     TestAsyncUtils.guard.<anonymous closure> (package:flutter_test/src/test_async_utils.dart:130:27)
<asynchronous suspension>
#84     main.<anonymous closure> (file:///D:/Mystery/programming/projects/PYTHON_PROJECTS/focus/focus_gg/focus_flutter/test/widget_test.dart:20:5)
<asynchronous suspension>
#85     testWidgets.<anonymous closure>.<anonymous closure> (package:flutter_test/src/widget_tester.dart:192:15)
<asynchronous suspension>
#86     TestWidgetsFlutterBinding._runTestBody (package:flutter_test/src/binding.dart:1059:5)
<asynchronous suspension>
<asynchronous suspension>
(elided 5 frames from class _AssertionError, dart:async, and package:stack_trace)

The following RenderObject was being processed when the exception was fired: RenderFlex#aa1cb relayoutBoundary=up26 NEEDS-LAYOUT NEEDS-PAINT:
  creator: Column ΓåÉ LayoutBuilder ΓåÉ Padding ΓåÉ Stack ΓåÉ Padding ΓåÉ DecoratedBox ΓåÉ Container ΓåÉ Stack ΓåÉ
    Listener ΓåÉ _GestureSemantics ΓåÉ RawGestureDetector ΓåÉ GestureDetector ΓåÉ Γï»
  parentData: offset=Offset(0.0, 0.0) (can use size)
  constraints: BoxConstraints(0.0<=w<=718.0, 0.0<=h<=Infinity)
  size: MISSING
  direction: vertical
  mainAxisAlignment: start
  mainAxisSize: max
  crossAxisAlignment: stretch
  verticalDirection: down
  spacing: 0.0
This RenderObject had the following descendants (showing up to depth 5):
    child 1: RenderPositionedBox#5029c relayoutBoundary=up27 NEEDS-PAINT
      child: RenderDecoratedBox#d57f4 relayoutBoundary=up28 NEEDS-PAINT
        child: RenderPadding#50332 relayoutBoundary=up29 NEEDS-PAINT
          child: RenderParagraph#90228 relayoutBoundary=up30 NEEDS-PAINT
            text: TextSpan
    child 2: RenderConstrainedBox#a0fd6 relayoutBoundary=up27 NEEDS-PAINT
    child 3: RenderFlex#b3cf9 relayoutBoundary=up27 NEEDS-PAINT
      child 1: RenderFlex#f1f04 relayoutBoundary=up28 NEEDS-PAINT
        child 1: RenderFittedBox#b6007 relayoutBoundary=up29 NEEDS-PAINT
          child: RenderFlex#d6f17 relayoutBoundary=up30 NEEDS-PAINT
            child 1: RenderParagraph#67186 relayoutBoundary=up31 NEEDS-PAINT
            child 2: RenderConstrainedBox#5085d relayoutBoundary=up31 NEEDS-PAINT
            child 3: RenderPadding#7cb01 relayoutBoundary=up31 NEEDS-PAINT
        child 2: RenderConstrainedBox#6aabe relayoutBoundary=up29 NEEDS-PAINT
        child 3: RenderPadding#62bef relayoutBoundary=up29 NEEDS-PAINT
          child: RenderFlex#7ce43 relayoutBoundary=up30 NEEDS-PAINT
            child 1: RenderConstrainedBox#d52ad relayoutBoundary=up31 NEEDS-PAINT
            child 2: RenderParagraph#8b3d0 relayoutBoundary=up31 NEEDS-PAINT
        child 4: RenderPadding#e6854 relayoutBoundary=up29 NEEDS-PAINT
          child: RenderFlex#65ef6 relayoutBoundary=up30 NEEDS-PAINT
            child 1: RenderConstrainedBox#fdc29 relayoutBoundary=up31 NEEDS-PAINT
            child 2: RenderParagraph#bab90 relayoutBoundary=up31 NEEDS-PAINT
        child 5: RenderPadding#ab2e0 relayoutBoundary=up29 NEEDS-PAINT
          child: RenderFlex#056f0 relayoutBoundary=up30 NEEDS-PAINT
            child 1: RenderConstrainedBox#3f59d relayoutBoundary=up31 NEEDS-PAINT
            child 2: RenderParagraph#76843 relayoutBoundary=up31 NEEDS-PAINT
    ...(descendants list truncated after 25 lines)
ΓòÉΓòÉΓòÉΓòÉΓòÉΓòÉΓòÉΓòÉΓòÉΓòÉΓòÉΓòÉΓòÉΓòÉΓòÉΓòÉΓòÉΓòÉΓòÉΓòÉΓòÉΓòÉΓòÉΓòÉΓòÉΓòÉΓòÉΓòÉΓòÉΓòÉΓòÉΓòÉΓòÉΓòÉΓòÉΓòÉΓòÉΓòÉΓòÉΓòÉΓòÉΓòÉΓòÉΓòÉΓòÉΓòÉΓòÉΓòÉΓòÉΓòÉΓòÉΓòÉΓòÉΓòÉΓòÉΓòÉΓòÉΓòÉΓòÉΓòÉΓòÉΓòÉΓòÉΓòÉΓòÉΓòÉΓòÉΓòÉΓòÉΓòÉΓòÉΓòÉΓòÉΓòÉΓòÉΓòÉΓòÉΓòÉΓòÉΓòÉΓòÉΓòÉΓòÉΓòÉΓòÉΓòÉΓòÉΓòÉΓòÉΓòÉΓòÉΓòÉΓòÉΓòÉΓòÉΓòÉΓòÉΓòÉΓòÉΓòÉ
ΓòÉΓòÉΓòí EXCEPTION CAUGHT BY RENDERING LIBRARY Γò₧ΓòÉΓòÉΓòÉΓòÉΓòÉΓòÉΓòÉΓòÉΓòÉΓòÉΓòÉΓòÉΓòÉΓòÉΓòÉΓòÉΓòÉΓòÉΓòÉΓòÉΓòÉΓòÉΓòÉΓòÉΓòÉΓòÉΓòÉΓòÉΓòÉΓòÉΓòÉΓòÉΓòÉΓòÉΓòÉΓòÉΓòÉΓòÉΓòÉΓòÉΓòÉΓòÉΓòÉΓòÉΓòÉΓòÉΓòÉΓòÉΓòÉΓòÉΓòÉΓòÉΓòÉΓòÉΓòÉΓòÉΓòÉ
The following assertion was thrown during performLayout():
RenderBox was not laid out: RenderFlex#aa1cb relayoutBoundary=up26 NEEDS-PAINT
'package:flutter/src/rendering/box.dart':
Failed assertion: line 2251 pos 12: 'hasSize'

Either the assertion indicates an error in the framework itself, or we should provide substantially
more information in this error message to help you determine and fix the underlying cause.
In either case, please report this assertion by filing a bug on GitHub:
  https://github.com/flutter/flutter/issues/new?template=02_bug.yml

The relevant error-causing widget was:
  LayoutBuilder
  LayoutBuilder:file:///D:/Mystery/programming/projects/PYTHON_PROJECTS/focus/focus_gg/focus_flutter/lib/features/dashboard/dashboard_screen.dart:197:18

When the exception was thrown, this was the stack:
#2      RenderBox.size (package:flutter/src/rendering/box.dart:2251:12)
#3      _RenderLayoutBuilder.performLayout (package:flutter/src/widgets/layout_builder.dart:451:43)
#4      RenderObject.layout (package:flutter/src/rendering/object.dart:2775:7)
#5      RenderPadding.performLayout (package:flutter/src/rendering/shifted_box.dart:243:12)
#6      RenderObject.layout (package:flutter/src/rendering/object.dart:2775:7)
#7      ChildLayoutHelper.layoutChild (package:flutter/src/rendering/layout_helper.dart:62:11)
#8      RenderStack._computeSize (package:flutter/src/rendering/stack.dart:645:43)
#9      RenderStack.performLayout (package:flutter/src/rendering/stack.dart:680:12)
#10     RenderObject.layout (package:flutter/src/rendering/object.dart:2775:7)
#11     RenderPadding.performLayout (package:flutter/src/rendering/shifted_box.dart:243:12)
#12     RenderObject.layout (package:flutter/src/rendering/object.dart:2775:7)
#13     RenderProxyBoxMixin.performLayout (package:flutter/src/rendering/proxy_box.dart:115:18)
#14     RenderObject.layout (package:flutter/src/rendering/object.dart:2775:7)
#15     ChildLayoutHelper.layoutChild (package:flutter/src/rendering/layout_helper.dart:62:11)
#16     RenderStack._computeSize (package:flutter/src/rendering/stack.dart:645:43)
#17     RenderStack.performLayout (package:flutter/src/rendering/stack.dart:680:12)
#18     RenderObject.layout (package:flutter/src/rendering/object.dart:2775:7)
#19     RenderProxyBoxMixin.performLayout (package:flutter/src/rendering/proxy_box.dart:115:18)
#20     RenderObject.layout (package:flutter/src/rendering/object.dart:2775:7)
#21     RenderProxyBoxMixin.performLayout (package:flutter/src/rendering/proxy_box.dart:115:18)
#22     RenderObject.layout (package:flutter/src/rendering/object.dart:2775:7)
#23     ChildLayoutHelper.layoutChild (package:flutter/src/rendering/layout_helper.dart:62:11)
#24     RenderStack._computeSize (package:flutter/src/rendering/stack.dart:645:43)
#25     RenderStack.performLayout (package:flutter/src/rendering/stack.dart:680:12)
#26     RenderObject.layout (package:flutter/src/rendering/object.dart:2775:7)
#27     RenderProxyBoxMixin.performLayout (package:flutter/src/rendering/proxy_box.dart:115:18)
#28     RenderObject.layout (package:flutter/src/rendering/object.dart:2775:7)
#29     RenderProxyBoxMixin.performLayout (package:flutter/src/rendering/proxy_box.dart:115:18)
#30     RenderObject.layout (package:flutter/src/rendering/object.dart:2775:7)
#31     ChildLayoutHelper.layoutChild (package:flutter/src/rendering/layout_helper.dart:62:11)
#32     RenderFlex._computeSizes (package:flutter/src/rendering/flex.dart:1161:28)
#33     RenderFlex.performLayout (package:flutter/src/rendering/flex.dart:1257:32)
#34     RenderObject.layout (package:flutter/src/rendering/object.dart:2775:7)
#35     RenderPadding.performLayout (package:flutter/src/rendering/shifted_box.dart:243:12)
#36     RenderObject.layout (package:flutter/src/rendering/object.dart:2775:7)
#37     RenderConstrainedBox.performLayout (package:flutter/src/rendering/proxy_box.dart:293:14)
#38     RenderObject.layout (package:flutter/src/rendering/object.dart:2775:7)
#39     RenderPositionedBox.performLayout (package:flutter/src/rendering/shifted_box.dart:465:14)
#40     RenderObject.layout (package:flutter/src/rendering/object.dart:2775:7)
#41     RenderPadding.performLayout (package:flutter/src/rendering/shifted_box.dart:243:12)
#42     RenderObject.layout (package:flutter/src/rendering/object.dart:2775:7)
#43     _RenderSingleChildViewport.performLayout (package:flutter/src/widgets/single_child_scroll_view.dart:502:14)
#44     RenderObject.layout (package:flutter/src/rendering/object.dart:2775:7)
#45     RenderProxyBoxMixin.performLayout (package:flutter/src/rendering/proxy_box.dart:115:18)
#46     RenderObject.layout (package:flutter/src/rendering/object.dart:2775:7)
#47     RenderProxyBoxMixin.performLayout (package:flutter/src/rendering/proxy_box.dart:115:18)
#48     RenderObject.layout (package:flutter/src/rendering/object.dart:2775:7)
#49     RenderProxyBoxMixin.performLayout (package:flutter/src/rendering/proxy_box.dart:115:18)
#50     RenderObject.layout (package:flutter/src/rendering/object.dart:2775:7)
#51     RenderProxyBoxMixin.performLayout (package:flutter/src/rendering/proxy_box.dart:115:18)
#52     RenderObject.layout (package:flutter/src/rendering/object.dart:2775:7)
#53     RenderProxyBoxMixin.performLayout (package:flutter/src/rendering/proxy_box.dart:115:18)
#54     RenderObject.layout (package:flutter/src/rendering/object.dart:2775:7)
#55     RenderProxyBoxMixin.performLayout (package:flutter/src/rendering/proxy_box.dart:115:18)
#56     RenderObject.layout (package:flutter/src/rendering/object.dart:2775:7)
#57     RenderProxyBoxMixin.performLayout (package:flutter/src/rendering/proxy_box.dart:115:18)
#58     RenderObject.layout (package:flutter/src/rendering/object.dart:2775:7)
#59     RenderProxyBoxMixin.performLayout (package:flutter/src/rendering/proxy_box.dart:115:18)
#60     _RenderCustomClip.performLayout (package:flutter/src/rendering/proxy_box.dart:1481:11)
#61     RenderObject.layout (package:flutter/src/rendering/object.dart:2775:7)
#62     MultiChildLayoutDelegate.layoutChild (package:flutter/src/rendering/custom_layout.dart:180:12)
#63     _ScaffoldLayout.performLayout (package:flutter/src/material/scaffold.dart:1112:7)
#64     MultiChildLayoutDelegate._callPerformLayout (package:flutter/src/rendering/custom_layout.dart:249:7)
#65     RenderCustomMultiChildLayoutBox.performLayout (package:flutter/src/rendering/custom_layout.dart:420:14)
#66     RenderObject._layoutWithoutResize (package:flutter/src/rendering/object.dart:2623:7)
#67     PipelineOwner.flushLayout (package:flutter/src/rendering/object.dart:1170:18)
#68     PipelineOwner.flushLayout (package:flutter/src/rendering/object.dart:1183:15)
#69     AutomatedTestWidgetsFlutterBinding.drawFrame (package:flutter_test/src/binding.dart:1508:27)
#70     RendererBinding._handlePersistentFrameCallback (package:flutter/src/rendering/binding.dart:495:5)
#71     SchedulerBinding._invokeFrameCallback (package:flutter/src/scheduler/binding.dart:1434:15)
#72     SchedulerBinding.handleDrawFrame (package:flutter/src/scheduler/binding.dart:1347:9)
#73     AutomatedTestWidgetsFlutterBinding.pump.<anonymous closure> (package:flutter_test/src/binding.dart:1335:9)
#76     TestAsyncUtils.guard (package:flutter_test/src/test_async_utils.dart:74:41)
#77     AutomatedTestWidgetsFlutterBinding.pump (package:flutter_test/src/binding.dart:1324:27)
#78     WidgetTester.pumpAndSettle.<anonymous closure> (package:flutter_test/src/widget_tester.dart:719:23)
<asynchronous suspension>
#79     TestAsyncUtils.guard.<anonymous closure> (package:flutter_test/src/test_async_utils.dart:130:27)
<asynchronous suspension>
#80     main.<anonymous closure> (file:///D:/Mystery/programming/projects/PYTHON_PROJECTS/focus/focus_gg/focus_flutter/test/widget_test.dart:20:5)
<asynchronous suspension>
#81     testWidgets.<anonymous closure>.<anonymous closure> (package:flutter_test/src/widget_tester.dart:192:15)
<asynchronous suspension>
#82     TestWidgetsFlutterBinding._runTestBody (package:flutter_test/src/binding.dart:1059:5)
<asynchronous suspension>
<asynchronous suspension>
(elided 5 frames from class _AssertionError, dart:async, and package:stack_trace)

The following RenderObject was being processed when the exception was fired: _RenderLayoutBuilder#af538 relayoutBoundary=up25 NEEDS-LAYOUT NEEDS-PAINT:
  creator: LayoutBuilder ΓåÉ Padding ΓåÉ Stack ΓåÉ Padding ΓåÉ DecoratedBox ΓåÉ Container ΓåÉ Stack ΓåÉ Listener ΓåÉ
    _GestureSemantics ΓåÉ RawGestureDetector ΓåÉ GestureDetector ΓåÉ CyberCard ΓåÉ Γï»
  parentData: offset=Offset(16.0, 16.0) (can use size)
  constraints: BoxConstraints(0.0<=w<=718.0, 0.0<=h<=Infinity)
  size: MISSING
This RenderObject had the following descendants (showing up to depth 5):
    child: RenderFlex#aa1cb relayoutBoundary=up26 NEEDS-PAINT
      child 1: RenderPositionedBox#5029c relayoutBoundary=up27 NEEDS-PAINT
        child: RenderDecoratedBox#d57f4 relayoutBoundary=up28 NEEDS-PAINT
          child: RenderPadding#50332 relayoutBoundary=up29 NEEDS-PAINT
            child: RenderParagraph#90228 relayoutBoundary=up30 NEEDS-PAINT
      child 2: RenderConstrainedBox#a0fd6 relayoutBoundary=up27 NEEDS-PAINT
      child 3: RenderFlex#b3cf9 relayoutBoundary=up27 NEEDS-PAINT
        child 1: RenderFlex#f1f04 relayoutBoundary=up28 NEEDS-PAINT
          child 1: RenderFittedBox#b6007 relayoutBoundary=up29 NEEDS-PAINT
            child: RenderFlex#d6f17 relayoutBoundary=up30 NEEDS-PAINT
          child 2: RenderConstrainedBox#6aabe relayoutBoundary=up29 NEEDS-PAINT
          child 3: RenderPadding#62bef relayoutBoundary=up29 NEEDS-PAINT
            child: RenderFlex#7ce43 relayoutBoundary=up30 NEEDS-PAINT
          child 4: RenderPadding#e6854 relayoutBoundary=up29 NEEDS-PAINT
            child: RenderFlex#65ef6 relayoutBoundary=up30 NEEDS-PAINT
          child 5: RenderPadding#ab2e0 relayoutBoundary=up29 NEEDS-PAINT
            child: RenderFlex#056f0 relayoutBoundary=up30 NEEDS-PAINT
        child 2: RenderConstrainedBox#47fa4 relayoutBoundary=up28 NEEDS-PAINT
        child 3: RenderFlex#cfa20 relayoutBoundary=up28 NEEDS-PAINT
          child 1: RenderFlex#e845d relayoutBoundary=up29 NEEDS-PAINT
            child 1: RenderPadding#72fd1 relayoutBoundary=up30 NEEDS-PAINT
            child 2: RenderPhysicalModel#e7b79 relayoutBoundary=up30 NEEDS-PAINT
          child 2: RenderConstrainedBox#fe7ce relayoutBoundary=up29 NEEDS-PAINT
          child 3: RenderFlex#ca726 relayoutBoundary=up29 NEEDS-PAINT
            child 1: RenderPadding#b96a6 relayoutBoundary=up30 NEEDS-PAINT
            child 2: RenderPhysicalModel#3f598 relayoutBoundary=up30 NEEDS-PAINT
          child 4: RenderConstrainedBox#6f87b relayoutBoundary=up29 NEEDS-PAINT
          child 5: RenderFlex#5d15d relayoutBoundary=up29 NEEDS-PAINT
            child 1: RenderPadding#776a6 relayoutBoundary=up30 NEEDS-PAINT
    ...(descendants list truncated after 25 lines)
ΓòÉΓòÉΓòÉΓòÉΓòÉΓòÉΓòÉΓòÉΓòÉΓòÉΓòÉΓòÉΓòÉΓòÉΓòÉΓòÉΓòÉΓòÉΓòÉΓòÉΓòÉΓòÉΓòÉΓòÉΓòÉΓòÉΓòÉΓòÉΓòÉΓòÉΓòÉΓòÉΓòÉΓòÉΓòÉΓòÉΓòÉΓòÉΓòÉΓòÉΓòÉΓòÉΓòÉΓòÉΓòÉΓòÉΓòÉΓòÉΓòÉΓòÉΓòÉΓòÉΓòÉΓòÉΓòÉΓòÉΓòÉΓòÉΓòÉΓòÉΓòÉΓòÉΓòÉΓòÉΓòÉΓòÉΓòÉΓòÉΓòÉΓòÉΓòÉΓòÉΓòÉΓòÉΓòÉΓòÉΓòÉΓòÉΓòÉΓòÉΓòÉΓòÉΓòÉΓòÉΓòÉΓòÉΓòÉΓòÉΓòÉΓòÉΓòÉΓòÉΓòÉΓòÉΓòÉΓòÉΓòÉΓòÉΓòÉΓòÉ
ΓòÉΓòÉΓòí EXCEPTION CAUGHT BY RENDERING LIBRARY Γò₧ΓòÉΓòÉΓòÉΓòÉΓòÉΓòÉΓòÉΓòÉΓòÉΓòÉΓòÉΓòÉΓòÉΓòÉΓòÉΓòÉΓòÉΓòÉΓòÉΓòÉΓòÉΓòÉΓòÉΓòÉΓòÉΓòÉΓòÉΓòÉΓòÉΓòÉΓòÉΓòÉΓòÉΓòÉΓòÉΓòÉΓòÉΓòÉΓòÉΓòÉΓòÉΓòÉΓòÉΓòÉΓòÉΓòÉΓòÉΓòÉΓòÉΓòÉΓòÉΓòÉΓòÉΓòÉΓòÉΓòÉΓòÉ
The following assertion was thrown during performLayout():
RenderBox was not laid out: _RenderLayoutBuilder#af538 relayoutBoundary=up25 NEEDS-PAINT
'package:flutter/src/rendering/box.dart':
Failed assertion: line 2251 pos 12: 'hasSize'

Either the assertion indicates an error in the framework itself, or we should provide substantially
more information in this error message to help you determine and fix the underlying cause.
In either case, please report this assertion by filing a bug on GitHub:
  https://github.com/flutter/flutter/issues/new?template=02_bug.yml

The relevant error-causing widget was:
  Padding
  Padding:file:///D:/Mystery/programming/projects/PYTHON_PROJECTS/focus/focus_gg/focus_flutter/lib/shared/widgets/cyber_card.dart:57:17

When the exception was thrown, this was the stack:
#2      RenderBox.size (package:flutter/src/rendering/box.dart:2251:12)
#3      RenderPadding.performLayout (package:flutter/src/rendering/shifted_box.dart:247:40)
#4      RenderObject.layout (package:flutter/src/rendering/object.dart:2775:7)
#5      ChildLayoutHelper.layoutChild (package:flutter/src/rendering/layout_helper.dart:62:11)
#6      RenderStack._computeSize (package:flutter/src/rendering/stack.dart:645:43)
#7      RenderStack.performLayout (package:flutter/src/rendering/stack.dart:680:12)
#8      RenderObject.layout (package:flutter/src/rendering/object.dart:2775:7)
#9      RenderPadding.performLayout (package:flutter/src/rendering/shifted_box.dart:243:12)
#10     RenderObject.layout (package:flutter/src/rendering/object.dart:2775:7)
#11     RenderProxyBoxMixin.performLayout (package:flutter/src/rendering/proxy_box.dart:115:18)
#12     RenderObject.layout (package:flutter/src/rendering/object.dart:2775:7)
#13     ChildLayoutHelper.layoutChild (package:flutter/src/rendering/layout_helper.dart:62:11)
#14     RenderStack._computeSize (package:flutter/src/rendering/stack.dart:645:43)
#15     RenderStack.performLayout (package:flutter/src/rendering/stack.dart:680:12)
#16     RenderObject.layout (package:flutter/src/rendering/object.dart:2775:7)
#17     RenderProxyBoxMixin.performLayout (package:flutter/src/rendering/proxy_box.dart:115:18)
#18     RenderObject.layout (package:flutter/src/rendering/object.dart:2775:7)
#19     RenderProxyBoxMixin.performLayout (package:flutter/src/rendering/proxy_box.dart:115:18)
#20     RenderObject.layout (package:flutter/src/rendering/object.dart:2775:7)
#21     ChildLayoutHelper.layoutChild (package:flutter/src/rendering/layout_helper.dart:62:11)
#22     RenderStack._computeSize (package:flutter/src/rendering/stack.dart:645:43)
#23     RenderStack.performLayout (package:flutter/src/rendering/stack.dart:680:12)
#24     RenderObject.layout (package:flutter/src/rendering/object.dart:2775:7)
#25     RenderProxyBoxMixin.performLayout (package:flutter/src/rendering/proxy_box.dart:115:18)
#26     RenderObject.layout (package:flutter/src/rendering/object.dart:2775:7)
#27     RenderProxyBoxMixin.performLayout (package:flutter/src/rendering/proxy_box.dart:115:18)
#28     RenderObject.layout (package:flutter/src/rendering/object.dart:2775:7)
#29     ChildLayoutHelper.layoutChild (package:flutter/src/rendering/layout_helper.dart:62:11)
#30     RenderFlex._computeSizes (package:flutter/src/rendering/flex.dart:1161:28)
#31     RenderFlex.performLayout (package:flutter/src/rendering/flex.dart:1257:32)
#32     RenderObject.layout (package:flutter/src/rendering/object.dart:2775:7)
#33     RenderPadding.performLayout (package:flutter/src/rendering/shifted_box.dart:243:12)
#34     RenderObject.layout (package:flutter/src/rendering/object.dart:2775:7)
#35     RenderConstrainedBox.performLayout (package:flutter/src/rendering/proxy_box.dart:293:14)
#36     RenderObject.layout (package:flutter/src/rendering/object.dart:2775:7)
#37     RenderPositionedBox.performLayout (package:flutter/src/rendering/shifted_box.dart:465:14)
#38     RenderObject.layout (package:flutter/src/rendering/object.dart:2775:7)
#39     RenderPadding.performLayout (package:flutter/src/rendering/shifted_box.dart:243:12)
#40     RenderObject.layout (package:flutter/src/rendering/object.dart:2775:7)
#41     _RenderSingleChildViewport.performLayout (package:flutter/src/widgets/single_child_scroll_view.dart:502:14)
#42     RenderObject.layout (package:flutter/src/rendering/object.dart:2775:7)
#43     RenderProxyBoxMixin.performLayout (package:flutter/src/rendering/proxy_box.dart:115:18)
#44     RenderObject.layout (package:flutter/src/rendering/object.dart:2775:7)
#45     RenderProxyBoxMixin.performLayout (package:flutter/src/rendering/proxy_box.dart:115:18)
#46     RenderObject.layout (package:flutter/src/rendering/object.dart:2775:7)
#47     RenderProxyBoxMixin.performLayout (package:flutter/src/rendering/proxy_box.dart:115:18)
#48     RenderObject.layout (package:flutter/src/rendering/object.dart:2775:7)
#49     RenderProxyBoxMixin.performLayout (package:flutter/src/rendering/proxy_box.dart:115:18)
#50     RenderObject.layout (package:flutter/src/rendering/object.dart:2775:7)
#51     RenderProxyBoxMixin.performLayout (package:flutter/src/rendering/proxy_box.dart:115:18)
#52     RenderObject.layout (package:flutter/src/rendering/object.dart:2775:7)
#53     RenderProxyBoxMixin.performLayout (package:flutter/src/rendering/proxy_box.dart:115:18)
#54     RenderObject.layout (package:flutter/src/rendering/object.dart:2775:7)
#55     RenderProxyBoxMixin.performLayout (package:flutter/src/rendering/proxy_box.dart:115:18)
#56     RenderObject.layout (package:flutter/src/rendering/object.dart:2775:7)
#57     RenderProxyBoxMixin.performLayout (package:flutter/src/rendering/proxy_box.dart:115:18)
#58     _RenderCustomClip.performLayout (package:flutter/src/rendering/proxy_box.dart:1481:11)
#59     RenderObject.layout (package:flutter/src/rendering/object.dart:2775:7)
#60     MultiChildLayoutDelegate.layoutChild (package:flutter/src/rendering/custom_layout.dart:180:12)
#61     _ScaffoldLayout.performLayout (package:flutter/src/material/scaffold.dart:1112:7)
#62     MultiChildLayoutDelegate._callPerformLayout (package:flutter/src/rendering/custom_layout.dart:249:7)
#63     RenderCustomMultiChildLayoutBox.performLayout (package:flutter/src/rendering/custom_layout.dart:420:14)
#64     RenderObject._layoutWithoutResize (package:flutter/src/rendering/object.dart:2623:7)
#65     PipelineOwner.flushLayout (package:flutter/src/rendering/object.dart:1170:18)
#66     PipelineOwner.flushLayout (package:flutter/src/rendering/object.dart:1183:15)
#67     AutomatedTestWidgetsFlutterBinding.drawFrame (package:flutter_test/src/binding.dart:1508:27)
#68     RendererBinding._handlePersistentFrameCallback (package:flutter/src/rendering/binding.dart:495:5)
#69     SchedulerBinding._invokeFrameCallback (package:flutter/src/scheduler/binding.dart:1434:15)
#70     SchedulerBinding.handleDrawFrame (package:flutter/src/scheduler/binding.dart:1347:9)
#71     AutomatedTestWidgetsFlutterBinding.pump.<anonymous closure> (package:flutter_test/src/binding.dart:1335:9)
#74     TestAsyncUtils.guard (package:flutter_test/src/test_async_utils.dart:74:41)
#75     AutomatedTestWidgetsFlutterBinding.pump (package:flutter_test/src/binding.dart:1324:27)
#76     WidgetTester.pumpAndSettle.<anonymous closure> (package:flutter_test/src/widget_tester.dart:719:23)
<asynchronous suspension>
#77     TestAsyncUtils.guard.<anonymous closure> (package:flutter_test/src/test_async_utils.dart:130:27)
<asynchronous suspension>
#78     main.<anonymous closure> (file:///D:/Mystery/programming/projects/PYTHON_PROJECTS/focus/focus_gg/focus_flutter/test/widget_test.dart:20:5)
<asynchronous suspension>
#79     testWidgets.<anonymous closure>.<anonymous closure> (package:flutter_test/src/widget_tester.dart:192:15)
<asynchronous suspension>
#80     TestWidgetsFlutterBinding._runTestBody (package:flutter_test/src/binding.dart:1059:5)
<asynchronous suspension>
<asynchronous suspension>
(elided 5 frames from class _AssertionError, dart:async, and package:stack_trace)

The following RenderObject was being processed when the exception was fired: RenderPadding#d05ee relayoutBoundary=up24 NEEDS-LAYOUT NEEDS-PAINT:
  creator: Padding ΓåÉ Stack ΓåÉ Padding ΓåÉ DecoratedBox ΓåÉ Container ΓåÉ Stack ΓåÉ Listener ΓåÉ _GestureSemantics
    ΓåÉ RawGestureDetector ΓåÉ GestureDetector ΓåÉ CyberCard ΓåÉ Stack ΓåÉ Γï»
  parentData: not positioned; offset=Offset(0.0, 0.0) (can use size)
  constraints: BoxConstraints(0.0<=w<=750.0, 0.0<=h<=Infinity)
  size: MISSING
  padding: EdgeInsets.all(16.0)
  textDirection: ltr
This RenderObject had the following descendants (showing up to depth 5):
    child: _RenderLayoutBuilder#af538 relayoutBoundary=up25 NEEDS-PAINT
      child: RenderFlex#aa1cb relayoutBoundary=up26 NEEDS-PAINT
        child 1: RenderPositionedBox#5029c relayoutBoundary=up27 NEEDS-PAINT
          child: RenderDecoratedBox#d57f4 relayoutBoundary=up28 NEEDS-PAINT
            child: RenderPadding#50332 relayoutBoundary=up29 NEEDS-PAINT
        child 2: RenderConstrainedBox#a0fd6 relayoutBoundary=up27 NEEDS-PAINT
        child 3: RenderFlex#b3cf9 relayoutBoundary=up27 NEEDS-PAINT
          child 1: RenderFlex#f1f04 relayoutBoundary=up28 NEEDS-PAINT
            child 1: RenderFittedBox#b6007 relayoutBoundary=up29 NEEDS-PAINT
            child 2: RenderConstrainedBox#6aabe relayoutBoundary=up29 NEEDS-PAINT
            child 3: RenderPadding#62bef relayoutBoundary=up29 NEEDS-PAINT
            child 4: RenderPadding#e6854 relayoutBoundary=up29 NEEDS-PAINT
            child 5: RenderPadding#ab2e0 relayoutBoundary=up29 NEEDS-PAINT
          child 2: RenderConstrainedBox#47fa4 relayoutBoundary=up28 NEEDS-PAINT
          child 3: RenderFlex#cfa20 relayoutBoundary=up28 NEEDS-PAINT
            child 1: RenderFlex#e845d relayoutBoundary=up29 NEEDS-PAINT
            child 2: RenderConstrainedBox#fe7ce relayoutBoundary=up29 NEEDS-PAINT
            child 3: RenderFlex#ca726 relayoutBoundary=up29 NEEDS-PAINT
            child 4: RenderConstrainedBox#6f87b relayoutBoundary=up29 NEEDS-PAINT
            child 5: RenderFlex#5d15d relayoutBoundary=up29 NEEDS-PAINT
            child 6: RenderConstrainedBox#54035 relayoutBoundary=up29 NEEDS-PAINT
            child 7: RenderFlex#25cc0 relayoutBoundary=up29 NEEDS-PAINT
        child 4: RenderConstrainedBox#5d447 relayoutBoundary=up27 NEEDS-PAINT
        child 5: RenderFlex#c9e0f relayoutBoundary=up27 NEEDS-PAINT
          child 1: RenderWrap#c6f67 NEEDS-LAYOUT NEEDS-PAINT
            child 1: RenderFittedBox#0ee63 NEEDS-LAYOUT NEEDS-PAINT
            child 2: RenderFittedBox#94987 NEEDS-LAYOUT NEEDS-PAINT
            child 3: RenderFittedBox#4a326 NEEDS-LAYOUT NEEDS-PAINT
            child 4: RenderFittedBox#8d9c2 NEEDS-LAYOUT NEEDS-PAINT
    ...(descendants list truncated after 25 lines)
ΓòÉΓòÉΓòÉΓòÉΓòÉΓòÉΓòÉΓòÉΓòÉΓòÉΓòÉΓòÉΓòÉΓòÉΓòÉΓòÉΓòÉΓòÉΓòÉΓòÉΓòÉΓòÉΓòÉΓòÉΓòÉΓòÉΓòÉΓòÉΓòÉΓòÉΓòÉΓòÉΓòÉΓòÉΓòÉΓòÉΓòÉΓòÉΓòÉΓòÉΓòÉΓòÉΓòÉΓòÉΓòÉΓòÉΓòÉΓòÉΓòÉΓòÉΓòÉΓòÉΓòÉΓòÉΓòÉΓòÉΓòÉΓòÉΓòÉΓòÉΓòÉΓòÉΓòÉΓòÉΓòÉΓòÉΓòÉΓòÉΓòÉΓòÉΓòÉΓòÉΓòÉΓòÉΓòÉΓòÉΓòÉΓòÉΓòÉΓòÉΓòÉΓòÉΓòÉΓòÉΓòÉΓòÉΓòÉΓòÉΓòÉΓòÉΓòÉΓòÉΓòÉΓòÉΓòÉΓòÉΓòÉΓòÉΓòÉΓòÉ
ΓòÉΓòÉΓòí EXCEPTION CAUGHT BY RENDERING LIBRARY Γò₧ΓòÉΓòÉΓòÉΓòÉΓòÉΓòÉΓòÉΓòÉΓòÉΓòÉΓòÉΓòÉΓòÉΓòÉΓòÉΓòÉΓòÉΓòÉΓòÉΓòÉΓòÉΓòÉΓòÉΓòÉΓòÉΓòÉΓòÉΓòÉΓòÉΓòÉΓòÉΓòÉΓòÉΓòÉΓòÉΓòÉΓòÉΓòÉΓòÉΓòÉΓòÉΓòÉΓòÉΓòÉΓòÉΓòÉΓòÉΓòÉΓòÉΓòÉΓòÉΓòÉΓòÉΓòÉΓòÉΓòÉΓòÉ
The following assertion was thrown during performLayout():
RenderBox was not laid out: RenderPadding#d05ee relayoutBoundary=up24 NEEDS-PAINT
'package:flutter/src/rendering/box.dart':
Failed assertion: line 2251 pos 12: 'hasSize'

Either the assertion indicates an error in the framework itself, or we should provide substantially
more information in this error message to help you determine and fix the underlying cause.
In either case, please report this assertion by filing a bug on GitHub:
  https://github.com/flutter/flutter/issues/new?template=02_bug.yml

The relevant error-causing widget was:
  Stack
  Stack:file:///D:/Mystery/programming/projects/PYTHON_PROJECTS/focus/focus_gg/focus_flutter/lib/shared/widgets/cyber_card.dart:37:20

When the exception was thrown, this was the stack:
#2      RenderBox.size (package:flutter/src/rendering/box.dart:2251:12)
#3      ChildLayoutHelper.layoutChild (package:flutter/src/rendering/layout_helper.dart:63:18)
#4      RenderStack._computeSize (package:flutter/src/rendering/stack.dart:645:43)
#5      RenderStack.performLayout (package:flutter/src/rendering/stack.dart:680:12)
#6      RenderObject.layout (package:flutter/src/rendering/object.dart:2775:7)
#7      RenderPadding.performLayout (package:flutter/src/rendering/shifted_box.dart:243:12)
#8      RenderObject.layout (package:flutter/src/rendering/object.dart:2775:7)
#9      RenderProxyBoxMixin.performLayout (package:flutter/src/rendering/proxy_box.dart:115:18)
#10     RenderObject.layout (package:flutter/src/rendering/object.dart:2775:7)
#11     ChildLayoutHelper.layoutChild (package:flutter/src/rendering/layout_helper.dart:62:11)
#12     RenderStack._computeSize (package:flutter/src/rendering/stack.dart:645:43)
#13     RenderStack.performLayout (package:flutter/src/rendering/stack.dart:680:12)
#14     RenderObject.layout (package:flutter/src/rendering/object.dart:2775:7)
#15     RenderProxyBoxMixin.performLayout (package:flutter/src/rendering/proxy_box.dart:115:18)
#16     RenderObject.layout (package:flutter/src/rendering/object.dart:2775:7)
#17     RenderProxyBoxMixin.performLayout (package:flutter/src/rendering/proxy_box.dart:115:18)
#18     RenderObject.layout (package:flutter/src/rendering/object.dart:2775:7)
#19     ChildLayoutHelper.layoutChild (package:flutter/src/rendering/layout_helper.dart:62:11)
#20     RenderStack._computeSize (package:flutter/src/rendering/stack.dart:645:43)
#21     RenderStack.performLayout (package:flutter/src/rendering/stack.dart:680:12)
#22     RenderObject.layout (package:flutter/src/rendering/object.dart:2775:7)
#23     RenderProxyBoxMixin.performLayout (package:flutter/src/rendering/proxy_box.dart:115:18)
#24     RenderObject.layout (package:flutter/src/rendering/object.dart:2775:7)
#25     RenderProxyBoxMixin.performLayout (package:flutter/src/rendering/proxy_box.dart:115:18)
#26     RenderObject.layout (package:flutter/src/rendering/object.dart:2775:7)
#27     ChildLayoutHelper.layoutChild (package:flutter/src/rendering/layout_helper.dart:62:11)
#28     RenderFlex._computeSizes (package:flutter/src/rendering/flex.dart:1161:28)
#29     RenderFlex.performLayout (package:flutter/src/rendering/flex.dart:1257:32)
#30     RenderObject.layout (package:flutter/src/rendering/object.dart:2775:7)
#31     RenderPadding.performLayout (package:flutter/src/rendering/shifted_box.dart:243:12)
#32     RenderObject.layout (package:flutter/src/rendering/object.dart:2775:7)
#33     RenderConstrainedBox.performLayout (package:flutter/src/rendering/proxy_box.dart:293:14)
#34     RenderObject.layout (package:flutter/src/rendering/object.dart:2775:7)
#35     RenderPositionedBox.performLayout (package:flutter/src/rendering/shifted_box.dart:465:14)
#36     RenderObject.layout (package:flutter/src/rendering/object.dart:2775:7)
#37     RenderPadding.performLayout (package:flutter/src/rendering/shifted_box.dart:243:12)
#38     RenderObject.layout (package:flutter/src/rendering/object.dart:2775:7)
#39     _RenderSingleChildViewport.performLayout (package:flutter/src/widgets/single_child_scroll_view.dart:502:14)
#40     RenderObject.layout (package:flutter/src/rendering/object.dart:2775:7)
#41     RenderProxyBoxMixin.performLayout (package:flutter/src/rendering/proxy_box.dart:115:18)
#42     RenderObject.layout (package:flutter/src/rendering/object.dart:2775:7)
#43     RenderProxyBoxMixin.performLayout (package:flutter/src/rendering/proxy_box.dart:115:18)
#44     RenderObject.layout (package:flutter/src/rendering/object.dart:2775:7)
#45     RenderProxyBoxMixin.performLayout (package:flutter/src/rendering/proxy_box.dart:115:18)
#46     RenderObject.layout (package:flutter/src/rendering/object.dart:2775:7)
#47     RenderProxyBoxMixin.performLayout (package:flutter/src/rendering/proxy_box.dart:115:18)
#48     RenderObject.layout (package:flutter/src/rendering/object.dart:2775:7)
#49     RenderProxyBoxMixin.performLayout (package:flutter/src/rendering/proxy_box.dart:115:18)
#50     RenderObject.layout (package:flutter/src/rendering/object.dart:2775:7)
#51     RenderProxyBoxMixin.performLayout (package:flutter/src/rendering/proxy_box.dart:115:18)
#52     RenderObject.layout (package:flutter/src/rendering/object.dart:2775:7)
#53     RenderProxyBoxMixin.performLayout (package:flutter/src/rendering/proxy_box.dart:115:18)
#54     RenderObject.layout (package:flutter/src/rendering/object.dart:2775:7)
#55     RenderProxyBoxMixin.performLayout (package:flutter/src/rendering/proxy_box.dart:115:18)
#56     _RenderCustomClip.performLayout (package:flutter/src/rendering/proxy_box.dart:1481:11)
#57     RenderObject.layout (package:flutter/src/rendering/object.dart:2775:7)
#58     MultiChildLayoutDelegate.layoutChild (package:flutter/src/rendering/custom_layout.dart:180:12)
#59     _ScaffoldLayout.performLayout (package:flutter/src/material/scaffold.dart:1112:7)
#60     MultiChildLayoutDelegate._callPerformLayout (package:flutter/src/rendering/custom_layout.dart:249:7)
#61     RenderCustomMultiChildLayoutBox.performLayout (package:flutter/src/rendering/custom_layout.dart:420:14)
#62     RenderObject._layoutWithoutResize (package:flutter/src/rendering/object.dart:2623:7)
#63     PipelineOwner.flushLayout (package:flutter/src/rendering/object.dart:1170:18)
#64     PipelineOwner.flushLayout (package:flutter/src/rendering/object.dart:1183:15)
#65     AutomatedTestWidgetsFlutterBinding.drawFrame (package:flutter_test/src/binding.dart:1508:27)
#66     RendererBinding._handlePersistentFrameCallback (package:flutter/src/rendering/binding.dart:495:5)
#67     SchedulerBinding._invokeFrameCallback (package:flutter/src/scheduler/binding.dart:1434:15)
#68     SchedulerBinding.handleDrawFrame (package:flutter/src/scheduler/binding.dart:1347:9)
#69     AutomatedTestWidgetsFlutterBinding.pump.<anonymous closure> (package:flutter_test/src/binding.dart:1335:9)
#72     TestAsyncUtils.guard (package:flutter_test/src/test_async_utils.dart:74:41)
#73     AutomatedTestWidgetsFlutterBinding.pump (package:flutter_test/src/binding.dart:1324:27)
#74     WidgetTester.pumpAndSettle.<anonymous closure> (package:flutter_test/src/widget_tester.dart:719:23)
<asynchronous suspension>
#75     TestAsyncUtils.guard.<anonymous closure> (package:flutter_test/src/test_async_utils.dart:130:27)
<asynchronous suspension>
#76     main.<anonymous closure> (file:///D:/Mystery/programming/projects/PYTHON_PROJECTS/focus/focus_gg/focus_flutter/test/widget_test.dart:20:5)
<asynchronous suspension>
#77     testWidgets.<anonymous closure>.<anonymous closure> (package:flutter_test/src/widget_tester.dart:192:15)
<asynchronous suspension>
#78     TestWidgetsFlutterBinding._runTestBody (package:flutter_test/src/binding.dart:1059:5)
<asynchronous suspension>
<asynchronous suspension>
(elided 5 frames from class _AssertionError, dart:async, and package:stack_trace)

The following RenderObject was being processed when the exception was fired: RenderStack#53f33 relayoutBoundary=up23 NEEDS-LAYOUT NEEDS-PAINT:
  creator: Stack ΓåÉ Padding ΓåÉ DecoratedBox ΓåÉ Container ΓåÉ Stack ΓåÉ Listener ΓåÉ _GestureSemantics ΓåÉ
    RawGestureDetector ΓåÉ GestureDetector ΓåÉ CyberCard ΓåÉ Stack ΓåÉ FadeTransition ΓåÉ Γï»
  parentData: offset=Offset(1.0, 1.0) (can use size)
  constraints: BoxConstraints(0.0<=w<=750.0, 0.0<=h<=Infinity)
  size: MISSING
  alignment: AlignmentDirectional.topStart
  textDirection: ltr
  fit: loose
This RenderObject had the following descendants (showing up to depth 5):
    child 1: RenderDecoratedBox#12987 NEEDS-LAYOUT NEEDS-PAINT
      child: RenderPadding#bd09f NEEDS-LAYOUT NEEDS-PAINT
        child: RenderLimitedBox#37e96 NEEDS-LAYOUT NEEDS-PAINT
          child: RenderConstrainedBox#47b94 NEEDS-LAYOUT NEEDS-PAINT
    child 2: RenderConstrainedBox#e358e NEEDS-LAYOUT NEEDS-PAINT
      child: RenderCustomPaint#50ced NEEDS-LAYOUT NEEDS-PAINT
    child 3: RenderConstrainedBox#246ee NEEDS-LAYOUT NEEDS-PAINT
      child: RenderCustomPaint#3a0dc NEEDS-LAYOUT NEEDS-PAINT
    child 4: RenderConstrainedBox#9b710 NEEDS-LAYOUT NEEDS-PAINT
      child: RenderCustomPaint#7df47 NEEDS-LAYOUT NEEDS-PAINT
    child 5: RenderConstrainedBox#c7b6f NEEDS-LAYOUT NEEDS-PAINT
      child: RenderCustomPaint#d817b NEEDS-LAYOUT NEEDS-PAINT
    child 6: RenderPadding#d05ee relayoutBoundary=up24 NEEDS-PAINT
      child: _RenderLayoutBuilder#af538 relayoutBoundary=up25 NEEDS-PAINT
        child: RenderFlex#aa1cb relayoutBoundary=up26 NEEDS-PAINT
          child 1: RenderPositionedBox#5029c relayoutBoundary=up27 NEEDS-PAINT
            child: RenderDecoratedBox#d57f4 relayoutBoundary=up28 NEEDS-PAINT
          child 2: RenderConstrainedBox#a0fd6 relayoutBoundary=up27 NEEDS-PAINT
          child 3: RenderFlex#b3cf9 relayoutBoundary=up27 NEEDS-PAINT
            child 1: RenderFlex#f1f04 relayoutBoundary=up28 NEEDS-PAINT
            child 2: RenderConstrainedBox#47fa4 relayoutBoundary=up28 NEEDS-PAINT
            child 3: RenderFlex#cfa20 relayoutBoundary=up28 NEEDS-PAINT
          child 4: RenderConstrainedBox#5d447 relayoutBoundary=up27 NEEDS-PAINT
          child 5: RenderFlex#c9e0f relayoutBoundary=up27 NEEDS-PAINT
            child 1: RenderWrap#c6f67 NEEDS-LAYOUT NEEDS-PAINT
            child 2: RenderConstrainedBox#5f240 relayoutBoundary=up28 NEEDS-PAINT
            child 3: RenderFlex#895b7 relayoutBoundary=up28 NEEDS-PAINT
ΓòÉΓòÉΓòÉΓòÉΓòÉΓòÉΓòÉΓòÉΓòÉΓòÉΓòÉΓòÉΓòÉΓòÉΓòÉΓòÉΓòÉΓòÉΓòÉΓòÉΓòÉΓòÉΓòÉΓòÉΓòÉΓòÉΓòÉΓòÉΓòÉΓòÉΓòÉΓòÉΓòÉΓòÉΓòÉΓòÉΓòÉΓòÉΓòÉΓòÉΓòÉΓòÉΓòÉΓòÉΓòÉΓòÉΓòÉΓòÉΓòÉΓòÉΓòÉΓòÉΓòÉΓòÉΓòÉΓòÉΓòÉΓòÉΓòÉΓòÉΓòÉΓòÉΓòÉΓòÉΓòÉΓòÉΓòÉΓòÉΓòÉΓòÉΓòÉΓòÉΓòÉΓòÉΓòÉΓòÉΓòÉΓòÉΓòÉΓòÉΓòÉΓòÉΓòÉΓòÉΓòÉΓòÉΓòÉΓòÉΓòÉΓòÉΓòÉΓòÉΓòÉΓòÉΓòÉΓòÉΓòÉΓòÉΓòÉΓòÉ
ΓòÉΓòÉΓòí EXCEPTION CAUGHT BY RENDERING LIBRARY Γò₧ΓòÉΓòÉΓòÉΓòÉΓòÉΓòÉΓòÉΓòÉΓòÉΓòÉΓòÉΓòÉΓòÉΓòÉΓòÉΓòÉΓòÉΓòÉΓòÉΓòÉΓòÉΓòÉΓòÉΓòÉΓòÉΓòÉΓòÉΓòÉΓòÉΓòÉΓòÉΓòÉΓòÉΓòÉΓòÉΓòÉΓòÉΓòÉΓòÉΓòÉΓòÉΓòÉΓòÉΓòÉΓòÉΓòÉΓòÉΓòÉΓòÉΓòÉΓòÉΓòÉΓòÉΓòÉΓòÉΓòÉΓòÉ
The following assertion was thrown during performLayout():
RenderBox was not laid out: RenderStack#53f33 relayoutBoundary=up23 NEEDS-PAINT
'package:flutter/src/rendering/box.dart':
Failed assertion: line 2251 pos 12: 'hasSize'

Either the assertion indicates an error in the framework itself, or we should provide substantially
more information in this error message to help you determine and fix the underlying cause.
In either case, please report this assertion by filing a bug on GitHub:
  https://github.com/flutter/flutter/issues/new?template=02_bug.yml

The relevant error-causing widget was:
  Container
  Container:file:///D:/Mystery/programming/projects/PYTHON_PROJECTS/focus/focus_gg/focus_flutter/lib/shared/widgets/cyber_card.dart:24:11

When the exception was thrown, this was the stack:
#2      RenderBox.size (package:flutter/src/rendering/box.dart:2251:12)
#3      RenderPadding.performLayout (package:flutter/src/rendering/shifted_box.dart:247:40)
#4      RenderObject.layout (package:flutter/src/rendering/object.dart:2775:7)
#5      RenderProxyBoxMixin.performLayout (package:flutter/src/rendering/proxy_box.dart:115:18)
#6      RenderObject.layout (package:flutter/src/rendering/object.dart:2775:7)
#7      ChildLayoutHelper.layoutChild (package:flutter/src/rendering/layout_helper.dart:62:11)
#8      RenderStack._computeSize (package:flutter/src/rendering/stack.dart:645:43)
#9      RenderStack.performLayout (package:flutter/src/rendering/stack.dart:680:12)
#10     RenderObject.layout (package:flutter/src/rendering/object.dart:2775:7)
#11     RenderProxyBoxMixin.performLayout (package:flutter/src/rendering/proxy_box.dart:115:18)
#12     RenderObject.layout (package:flutter/src/rendering/object.dart:2775:7)
#13     RenderProxyBoxMixin.performLayout (package:flutter/src/rendering/proxy_box.dart:115:18)
#14     RenderObject.layout (package:flutter/src/rendering/object.dart:2775:7)
#15     ChildLayoutHelper.layoutChild (package:flutter/src/rendering/layout_helper.dart:62:11)
#16     RenderStack._computeSize (package:flutter/src/rendering/stack.dart:645:43)
#17     RenderStack.performLayout (package:flutter/src/rendering/stack.dart:680:12)
#18     RenderObject.layout (package:flutter/src/rendering/object.dart:2775:7)
#19     RenderProxyBoxMixin.performLayout (package:flutter/src/rendering/proxy_box.dart:115:18)
#20     RenderObject.layout (package:flutter/src/rendering/object.dart:2775:7)
#21     RenderProxyBoxMixin.performLayout (package:flutter/src/rendering/proxy_box.dart:115:18)
#22     RenderObject.layout (package:flutter/src/rendering/object.dart:2775:7)
#23     ChildLayoutHelper.layoutChild (package:flutter/src/rendering/layout_helper.dart:62:11)
#24     RenderFlex._computeSizes (package:flutter/src/rendering/flex.dart:1161:28)
#25     RenderFlex.performLayout (package:flutter/src/rendering/flex.dart:1257:32)
#26     RenderObject.layout (package:flutter/src/rendering/object.dart:2775:7)
#27     RenderPadding.performLayout (package:flutter/src/rendering/shifted_box.dart:243:12)
#28     RenderObject.layout (package:flutter/src/rendering/object.dart:2775:7)
#29     RenderConstrainedBox.performLayout (package:flutter/src/rendering/proxy_box.dart:293:14)
#30     RenderObject.layout (package:flutter/src/rendering/object.dart:2775:7)
#31     RenderPositionedBox.performLayout (package:flutter/src/rendering/shifted_box.dart:465:14)
#32     RenderObject.layout (package:flutter/src/rendering/object.dart:2775:7)
#33     RenderPadding.performLayout (package:flutter/src/rendering/shifted_box.dart:243:12)
#34     RenderObject.layout (package:flutter/src/rendering/object.dart:2775:7)
#35     _RenderSingleChildViewport.performLayout (package:flutter/src/widgets/single_child_scroll_view.dart:502:14)
#36     RenderObject.layout (package:flutter/src/rendering/object.dart:2775:7)
#37     RenderProxyBoxMixin.performLayout (package:flutter/src/rendering/proxy_box.dart:115:18)
#38     RenderObject.layout (package:flutter/src/rendering/object.dart:2775:7)
#39     RenderProxyBoxMixin.performLayout (package:flutter/src/rendering/proxy_box.dart:115:18)
#40     RenderObject.layout (package:flutter/src/rendering/object.dart:2775:7)
#41     RenderProxyBoxMixin.performLayout (package:flutter/src/rendering/proxy_box.dart:115:18)
#42     RenderObject.layout (package:flutter/src/rendering/object.dart:2775:7)
#43     RenderProxyBoxMixin.performLayout (package:flutter/src/rendering/proxy_box.dart:115:18)
#44     RenderObject.layout (package:flutter/src/rendering/object.dart:2775:7)
#45     RenderProxyBoxMixin.performLayout (package:flutter/src/rendering/proxy_box.dart:115:18)
#46     RenderObject.layout (package:flutter/src/rendering/object.dart:2775:7)
#47     RenderProxyBoxMixin.performLayout (package:flutter/src/rendering/proxy_box.dart:115:18)
#48     RenderObject.layout (package:flutter/src/rendering/object.dart:2775:7)
#49     RenderProxyBoxMixin.performLayout (package:flutter/src/rendering/proxy_box.dart:115:18)
#50     RenderObject.layout (package:flutter/src/rendering/object.dart:2775:7)
#51     RenderProxyBoxMixin.performLayout (package:flutter/src/rendering/proxy_box.dart:115:18)
#52     _RenderCustomClip.performLayout (package:flutter/src/rendering/proxy_box.dart:1481:11)
#53     RenderObject.layout (package:flutter/src/rendering/object.dart:2775:7)
#54     MultiChildLayoutDelegate.layoutChild (package:flutter/src/rendering/custom_layout.dart:180:12)
#55     _ScaffoldLayout.performLayout (package:flutter/src/material/scaffold.dart:1112:7)
#56     MultiChildLayoutDelegate._callPerformLayout (package:flutter/src/rendering/custom_layout.dart:249:7)
#57     RenderCustomMultiChildLayoutBox.performLayout (package:flutter/src/rendering/custom_layout.dart:420:14)
#58     RenderObject._layoutWithoutResize (package:flutter/src/rendering/object.dart:2623:7)
#59     PipelineOwner.flushLayout (package:flutter/src/rendering/object.dart:1170:18)
#60     PipelineOwner.flushLayout (package:flutter/src/rendering/object.dart:1183:15)
#61     AutomatedTestWidgetsFlutterBinding.drawFrame (package:flutter_test/src/binding.dart:1508:27)
#62     RendererBinding._handlePersistentFrameCallback (package:flutter/src/rendering/binding.dart:495:5)
#63     SchedulerBinding._invokeFrameCallback (package:flutter/src/scheduler/binding.dart:1434:15)
#64     SchedulerBinding.handleDrawFrame (package:flutter/src/scheduler/binding.dart:1347:9)
#65     AutomatedTestWidgetsFlutterBinding.pump.<anonymous closure> (package:flutter_test/src/binding.dart:1335:9)
#68     TestAsyncUtils.guard (package:flutter_test/src/test_async_utils.dart:74:41)
#69     AutomatedTestWidgetsFlutterBinding.pump (package:flutter_test/src/binding.dart:1324:27)
#70     WidgetTester.pumpAndSettle.<anonymous closure> (package:flutter_test/src/widget_tester.dart:719:23)
<asynchronous suspension>
#71     TestAsyncUtils.guard.<anonymous closure> (package:flutter_test/src/test_async_utils.dart:130:27)
<asynchronous suspension>
#72     main.<anonymous closure> (file:///D:/Mystery/programming/projects/PYTHON_PROJECTS/focus/focus_gg/focus_flutter/test/widget_test.dart:20:5)
<asynchronous suspension>
#73     testWidgets.<anonymous closure>.<anonymous closure> (package:flutter_test/src/widget_tester.dart:192:15)
<asynchronous suspension>
#74     TestWidgetsFlutterBinding._runTestBody (package:flutter_test/src/binding.dart:1059:5)
<asynchronous suspension>
<asynchronous suspension>
(elided 5 frames from class _AssertionError, dart:async, and package:stack_trace)

The following RenderObject was being processed when the exception was fired: RenderPadding#8a8d9 relayoutBoundary=up22 NEEDS-LAYOUT NEEDS-PAINT:
  creator: Padding ΓåÉ DecoratedBox ΓåÉ Container ΓåÉ Stack ΓåÉ Listener ΓåÉ _GestureSemantics ΓåÉ
    RawGestureDetector ΓåÉ GestureDetector ΓåÉ CyberCard ΓåÉ Stack ΓåÉ FadeTransition ΓåÉ FractionalTranslation
    ΓåÉ Γï»
  parentData: <none> (can use size)
  constraints: BoxConstraints(0.0<=w<=752.0, 0.0<=h<=Infinity)
  size: MISSING
  padding: EdgeInsets.all(1.0)
  textDirection: ltr
This RenderObject had the following descendants (showing up to depth 5):
    child: RenderStack#53f33 relayoutBoundary=up23 NEEDS-PAINT
      child 1: RenderDecoratedBox#12987 NEEDS-LAYOUT NEEDS-PAINT
        child: RenderPadding#bd09f NEEDS-LAYOUT NEEDS-PAINT
          child: RenderLimitedBox#37e96 NEEDS-LAYOUT NEEDS-PAINT
            child: RenderConstrainedBox#47b94 NEEDS-LAYOUT NEEDS-PAINT
      child 2: RenderConstrainedBox#e358e NEEDS-LAYOUT NEEDS-PAINT
        child: RenderCustomPaint#50ced NEEDS-LAYOUT NEEDS-PAINT
      child 3: RenderConstrainedBox#246ee NEEDS-LAYOUT NEEDS-PAINT
        child: RenderCustomPaint#3a0dc NEEDS-LAYOUT NEEDS-PAINT
      child 4: RenderConstrainedBox#9b710 NEEDS-LAYOUT NEEDS-PAINT
        child: RenderCustomPaint#7df47 NEEDS-LAYOUT NEEDS-PAINT
      child 5: RenderConstrainedBox#c7b6f NEEDS-LAYOUT NEEDS-PAINT
        child: RenderCustomPaint#d817b NEEDS-LAYOUT NEEDS-PAINT
      child 6: RenderPadding#d05ee relayoutBoundary=up24 NEEDS-PAINT
        child: _RenderLayoutBuilder#af538 relayoutBoundary=up25 NEEDS-PAINT
          child: RenderFlex#aa1cb relayoutBoundary=up26 NEEDS-PAINT
            child 1: RenderPositionedBox#5029c relayoutBoundary=up27 NEEDS-PAINT
            child 2: RenderConstrainedBox#a0fd6 relayoutBoundary=up27 NEEDS-PAINT
            child 3: RenderFlex#b3cf9 relayoutBoundary=up27 NEEDS-PAINT
            child 4: RenderConstrainedBox#5d447 relayoutBoundary=up27 NEEDS-PAINT
            child 5: RenderFlex#c9e0f relayoutBoundary=up27 NEEDS-PAINT
ΓòÉΓòÉΓòÉΓòÉΓòÉΓòÉΓòÉΓòÉΓòÉΓòÉΓòÉΓòÉΓòÉΓòÉΓòÉΓòÉΓòÉΓòÉΓòÉΓòÉΓòÉΓòÉΓòÉΓòÉΓòÉΓòÉΓòÉΓòÉΓòÉΓòÉΓòÉΓòÉΓòÉΓòÉΓòÉΓòÉΓòÉΓòÉΓòÉΓòÉΓòÉΓòÉΓòÉΓòÉΓòÉΓòÉΓòÉΓòÉΓòÉΓòÉΓòÉΓòÉΓòÉΓòÉΓòÉΓòÉΓòÉΓòÉΓòÉΓòÉΓòÉΓòÉΓòÉΓòÉΓòÉΓòÉΓòÉΓòÉΓòÉΓòÉΓòÉΓòÉΓòÉΓòÉΓòÉΓòÉΓòÉΓòÉΓòÉΓòÉΓòÉΓòÉΓòÉΓòÉΓòÉΓòÉΓòÉΓòÉΓòÉΓòÉΓòÉΓòÉΓòÉΓòÉΓòÉΓòÉΓòÉΓòÉΓòÉΓòÉ
ΓòÉΓòÉΓòí EXCEPTION CAUGHT BY RENDERING LIBRARY Γò₧ΓòÉΓòÉΓòÉΓòÉΓòÉΓòÉΓòÉΓòÉΓòÉΓòÉΓòÉΓòÉΓòÉΓòÉΓòÉΓòÉΓòÉΓòÉΓòÉΓòÉΓòÉΓòÉΓòÉΓòÉΓòÉΓòÉΓòÉΓòÉΓòÉΓòÉΓòÉΓòÉΓòÉΓòÉΓòÉΓòÉΓòÉΓòÉΓòÉΓòÉΓòÉΓòÉΓòÉΓòÉΓòÉΓòÉΓòÉΓòÉΓòÉΓòÉΓòÉΓòÉΓòÉΓòÉΓòÉΓòÉΓòÉ
The following assertion was thrown during performLayout():
RenderBox was not laid out: RenderPadding#8a8d9 relayoutBoundary=up22 NEEDS-PAINT
'package:flutter/src/rendering/box.dart':
Failed assertion: line 2251 pos 12: 'hasSize'

Either the assertion indicates an error in the framework itself, or we should provide substantially
more information in this error message to help you determine and fix the underlying cause.
In either case, please report this assertion by filing a bug on GitHub:
  https://github.com/flutter/flutter/issues/new?template=02_bug.yml

The relevant error-causing widget was:
  Container
  Container:file:///D:/Mystery/programming/projects/PYTHON_PROJECTS/focus/focus_gg/focus_flutter/lib/shared/widgets/cyber_card.dart:24:11

When the exception was thrown, this was the stack:
#2      RenderBox.size (package:flutter/src/rendering/box.dart:2251:12)
#3      RenderProxyBoxMixin.performLayout (package:flutter/src/rendering/proxy_box.dart:115:62)
#4      RenderObject.layout (package:flutter/src/rendering/object.dart:2775:7)
#5      ChildLayoutHelper.layoutChild (package:flutter/src/rendering/layout_helper.dart:62:11)
#6      RenderStack._computeSize (package:flutter/src/rendering/stack.dart:645:43)
#7      RenderStack.performLayout (package:flutter/src/rendering/stack.dart:680:12)
#8      RenderObject.layout (package:flutter/src/rendering/object.dart:2775:7)
#9      RenderProxyBoxMixin.performLayout (package:flutter/src/rendering/proxy_box.dart:115:18)
#10     RenderObject.layout (package:flutter/src/rendering/object.dart:2775:7)
#11     RenderProxyBoxMixin.performLayout (package:flutter/src/rendering/proxy_box.dart:115:18)
#12     RenderObject.layout (package:flutter/src/rendering/object.dart:2775:7)
#13     ChildLayoutHelper.layoutChild (package:flutter/src/rendering/layout_helper.dart:62:11)
#14     RenderStack._computeSize (package:flutter/src/rendering/stack.dart:645:43)
#15     RenderStack.performLayout (package:flutter/src/rendering/stack.dart:680:12)
#16     RenderObject.layout (package:flutter/src/rendering/object.dart:2775:7)
#17     RenderProxyBoxMixin.performLayout (package:flutter/src/rendering/proxy_box.dart:115:18)
#18     RenderObject.layout (package:flutter/src/rendering/object.dart:2775:7)
#19     RenderProxyBoxMixin.performLayout (package:flutter/src/rendering/proxy_box.dart:115:18)
#20     RenderObject.layout (package:flutter/src/rendering/object.dart:2775:7)
#21     ChildLayoutHelper.layoutChild (package:flutter/src/rendering/layout_helper.dart:62:11)
#22     RenderFlex._computeSizes (package:flutter/src/rendering/flex.dart:1161:28)
#23     RenderFlex.performLayout (package:flutter/src/rendering/flex.dart:1257:32)
#24     RenderObject.layout (package:flutter/src/rendering/object.dart:2775:7)
#25     RenderPadding.performLayout (package:flutter/src/rendering/shifted_box.dart:243:12)
#26     RenderObject.layout (package:flutter/src/rendering/object.dart:2775:7)
#27     RenderConstrainedBox.performLayout (package:flutter/src/rendering/proxy_box.dart:293:14)
#28     RenderObject.layout (package:flutter/src/rendering/object.dart:2775:7)
#29     RenderPositionedBox.performLayout (package:flutter/src/rendering/shifted_box.dart:465:14)
#30     RenderObject.layout (package:flutter/src/rendering/object.dart:2775:7)
#31     RenderPadding.performLayout (package:flutter/src/rendering/shifted_box.dart:243:12)
#32     RenderObject.layout (package:flutter/src/rendering/object.dart:2775:7)
#33     _RenderSingleChildViewport.performLayout (package:flutter/src/widgets/single_child_scroll_view.dart:502:14)
#34     RenderObject.layout (package:flutter/src/rendering/object.dart:2775:7)
#35     RenderProxyBoxMixin.performLayout (package:flutter/src/rendering/proxy_box.dart:115:18)
#36     RenderObject.layout (package:flutter/src/rendering/object.dart:2775:7)
#37     RenderProxyBoxMixin.performLayout (package:flutter/src/rendering/proxy_box.dart:115:18)
#38     RenderObject.layout (package:flutter/src/rendering/object.dart:2775:7)
#39     RenderProxyBoxMixin.performLayout (package:flutter/src/rendering/proxy_box.dart:115:18)
#40     RenderObject.layout (package:flutter/src/rendering/object.dart:2775:7)
#41     RenderProxyBoxMixin.performLayout (package:flutter/src/rendering/proxy_box.dart:115:18)
#42     RenderObject.layout (package:flutter/src/rendering/object.dart:2775:7)
#43     RenderProxyBoxMixin.performLayout (package:flutter/src/rendering/proxy_box.dart:115:18)
#44     RenderObject.layout (package:flutter/src/rendering/object.dart:2775:7)
#45     RenderProxyBoxMixin.performLayout (package:flutter/src/rendering/proxy_box.dart:115:18)
#46     RenderObject.layout (package:flutter/src/rendering/object.dart:2775:7)
#47     RenderProxyBoxMixin.performLayout (package:flutter/src/rendering/proxy_box.dart:115:18)
#48     RenderObject.layout (package:flutter/src/rendering/object.dart:2775:7)
#49     RenderProxyBoxMixin.performLayout (package:flutter/src/rendering/proxy_box.dart:115:18)
#50     _RenderCustomClip.performLayout (package:flutter/src/rendering/proxy_box.dart:1481:11)
#51     RenderObject.layout (package:flutter/src/rendering/object.dart:2775:7)
#52     MultiChildLayoutDelegate.layoutChild (package:flutter/src/rendering/custom_layout.dart:180:12)
#53     _ScaffoldLayout.performLayout (package:flutter/src/material/scaffold.dart:1112:7)
#54     MultiChildLayoutDelegate._callPerformLayout (package:flutter/src/rendering/custom_layout.dart:249:7)
#55     RenderCustomMultiChildLayoutBox.performLayout (package:flutter/src/rendering/custom_layout.dart:420:14)
#56     RenderObject._layoutWithoutResize (package:flutter/src/rendering/object.dart:2623:7)
#57     PipelineOwner.flushLayout (package:flutter/src/rendering/object.dart:1170:18)
#58     PipelineOwner.flushLayout (package:flutter/src/rendering/object.dart:1183:15)
#59     AutomatedTestWidgetsFlutterBinding.drawFrame (package:flutter_test/src/binding.dart:1508:27)
#60     RendererBinding._handlePersistentFrameCallback (package:flutter/src/rendering/binding.dart:495:5)
#61     SchedulerBinding._invokeFrameCallback (package:flutter/src/scheduler/binding.dart:1434:15)
#62     SchedulerBinding.handleDrawFrame (package:flutter/src/scheduler/binding.dart:1347:9)
#63     AutomatedTestWidgetsFlutterBinding.pump.<anonymous closure> (package:flutter_test/src/binding.dart:1335:9)
#66     TestAsyncUtils.guard (package:flutter_test/src/test_async_utils.dart:74:41)
#67     AutomatedTestWidgetsFlutterBinding.pump (package:flutter_test/src/binding.dart:1324:27)
#68     WidgetTester.pumpAndSettle.<anonymous closure> (package:flutter_test/src/widget_tester.dart:719:23)
<asynchronous suspension>
#69     TestAsyncUtils.guard.<anonymous closure> (package:flutter_test/src/test_async_utils.dart:130:27)
<asynchronous suspension>
#70     main.<anonymous closure> (file:///D:/Mystery/programming/projects/PYTHON_PROJECTS/focus/focus_gg/focus_flutter/test/widget_test.dart:20:5)
<asynchronous suspension>
#71     testWidgets.<anonymous closure>.<anonymous closure> (package:flutter_test/src/widget_tester.dart:192:15)
<asynchronous suspension>
#72     TestWidgetsFlutterBinding._runTestBody (package:flutter_test/src/binding.dart:1059:5)
<asynchronous suspension>
<asynchronous suspension>
(elided 5 frames from class _AssertionError, dart:async, and package:stack_trace)

The following RenderObject was being processed when the exception was fired: RenderDecoratedBox#db310 relayoutBoundary=up21 NEEDS-LAYOUT NEEDS-PAINT:
  creator: DecoratedBox ΓåÉ Container ΓåÉ Stack ΓåÉ Listener ΓåÉ _GestureSemantics ΓåÉ RawGestureDetector ΓåÉ
    GestureDetector ΓåÉ CyberCard ΓåÉ Stack ΓåÉ FadeTransition ΓåÉ FractionalTranslation ΓåÉ SlideTransition ΓåÉ Γï»
  parentData: not positioned; offset=Offset(0.0, 0.0) (can use size)
  constraints: BoxConstraints(0.0<=w<=752.0, 0.0<=h<=Infinity)
  size: MISSING
  decoration: BoxDecoration:
    color: Color(alpha: 0.8000, red: 0.0392, green: 0.0549, blue: 0.0784, colorSpace: ColorSpace.sRGB)
    border: Border.all(BorderSide(color: Color(alpha: 0.3020, red: 0.2980, green: 0.7882, blue: 1.0000,
      colorSpace: ColorSpace.sRGB)))
    borderRadius: BorderRadius.circular(8.0)
    boxShadow: BoxShadow(Color(alpha: 0.1490, red: 0.2980, green: 0.7882, blue: 1.0000, colorSpace:
      ColorSpace.sRGB), Offset(0.0, 0.0), 15.0, 0.0, BlurStyle.normal)
  configuration: ImageConfiguration(bundle: PlatformAssetBundle#5070a(), devicePixelRatio: 3.0,
    locale: en_US, textDirection: TextDirection.ltr, platform: android)
This RenderObject had the following descendants (showing up to depth 5):
    child: RenderPadding#8a8d9 relayoutBoundary=up22 NEEDS-PAINT
      child: RenderStack#53f33 relayoutBoundary=up23 NEEDS-PAINT
        child 1: RenderDecoratedBox#12987 NEEDS-LAYOUT NEEDS-PAINT
          child: RenderPadding#bd09f NEEDS-LAYOUT NEEDS-PAINT
            child: RenderLimitedBox#37e96 NEEDS-LAYOUT NEEDS-PAINT
        child 2: RenderConstrainedBox#e358e NEEDS-LAYOUT NEEDS-PAINT
          child: RenderCustomPaint#50ced NEEDS-LAYOUT NEEDS-PAINT
        child 3: RenderConstrainedBox#246ee NEEDS-LAYOUT NEEDS-PAINT
          child: RenderCustomPaint#3a0dc NEEDS-LAYOUT NEEDS-PAINT
        child 4: RenderConstrainedBox#9b710 NEEDS-LAYOUT NEEDS-PAINT
          child: RenderCustomPaint#7df47 NEEDS-LAYOUT NEEDS-PAINT
        child 5: RenderConstrainedBox#c7b6f NEEDS-LAYOUT NEEDS-PAINT
          child: RenderCustomPaint#d817b NEEDS-LAYOUT NEEDS-PAINT
        child 6: RenderPadding#d05ee relayoutBoundary=up24 NEEDS-PAINT
          child: _RenderLayoutBuilder#af538 relayoutBoundary=up25 NEEDS-PAINT
            child: RenderFlex#aa1cb relayoutBoundary=up26 NEEDS-PAINT
ΓòÉΓòÉΓòÉΓòÉΓòÉΓòÉΓòÉΓòÉΓòÉΓòÉΓòÉΓòÉΓòÉΓòÉΓòÉΓòÉΓòÉΓòÉΓòÉΓòÉΓòÉΓòÉΓòÉΓòÉΓòÉΓòÉΓòÉΓòÉΓòÉΓòÉΓòÉΓòÉΓòÉΓòÉΓòÉΓòÉΓòÉΓòÉΓòÉΓòÉΓòÉΓòÉΓòÉΓòÉΓòÉΓòÉΓòÉΓòÉΓòÉΓòÉΓòÉΓòÉΓòÉΓòÉΓòÉΓòÉΓòÉΓòÉΓòÉΓòÉΓòÉΓòÉΓòÉΓòÉΓòÉΓòÉΓòÉΓòÉΓòÉΓòÉΓòÉΓòÉΓòÉΓòÉΓòÉΓòÉΓòÉΓòÉΓòÉΓòÉΓòÉΓòÉΓòÉΓòÉΓòÉΓòÉΓòÉΓòÉΓòÉΓòÉΓòÉΓòÉΓòÉΓòÉΓòÉΓòÉΓòÉΓòÉΓòÉΓòÉ
ΓòÉΓòÉΓòí EXCEPTION CAUGHT BY RENDERING LIBRARY Γò₧ΓòÉΓòÉΓòÉΓòÉΓòÉΓòÉΓòÉΓòÉΓòÉΓòÉΓòÉΓòÉΓòÉΓòÉΓòÉΓòÉΓòÉΓòÉΓòÉΓòÉΓòÉΓòÉΓòÉΓòÉΓòÉΓòÉΓòÉΓòÉΓòÉΓòÉΓòÉΓòÉΓòÉΓòÉΓòÉΓòÉΓòÉΓòÉΓòÉΓòÉΓòÉΓòÉΓòÉΓòÉΓòÉΓòÉΓòÉΓòÉΓòÉΓòÉΓòÉΓòÉΓòÉΓòÉΓòÉΓòÉΓòÉ
The following assertion was thrown during performLayout():
RenderBox was not laid out: RenderDecoratedBox#db310 relayoutBoundary=up21 NEEDS-PAINT
'package:flutter/src/rendering/box.dart':
Failed assertion: line 2251 pos 12: 'hasSize'

Either the assertion indicates an error in the framework itself, or we should provide substantially
more information in this error message to help you determine and fix the underlying cause.
In either case, please report this assertion by filing a bug on GitHub:
  https://github.com/flutter/flutter/issues/new?template=02_bug.yml

The relevant error-causing widget was:
  Stack
  Stack:file:///D:/Mystery/programming/projects/PYTHON_PROJECTS/focus/focus_gg/focus_flutter/lib/shared/widgets/cyber_card.dart:21:14

When the exception was thrown, this was the stack:
#2      RenderBox.size (package:flutter/src/rendering/box.dart:2251:12)
#3      ChildLayoutHelper.layoutChild (package:flutter/src/rendering/layout_helper.dart:63:18)
#4      RenderStack._computeSize (package:flutter/src/rendering/stack.dart:645:43)
#5      RenderStack.performLayout (package:flutter/src/rendering/stack.dart:680:12)
#6      RenderObject.layout (package:flutter/src/rendering/object.dart:2775:7)
#7      RenderProxyBoxMixin.performLayout (package:flutter/src/rendering/proxy_box.dart:115:18)
#8      RenderObject.layout (package:flutter/src/rendering/object.dart:2775:7)
#9      RenderProxyBoxMixin.performLayout (package:flutter/src/rendering/proxy_box.dart:115:18)
#10     RenderObject.layout (package:flutter/src/rendering/object.dart:2775:7)
#11     ChildLayoutHelper.layoutChild (package:flutter/src/rendering/layout_helper.dart:62:11)
#12     RenderStack._computeSize (package:flutter/src/rendering/stack.dart:645:43)
#13     RenderStack.performLayout (package:flutter/src/rendering/stack.dart:680:12)
#14     RenderObject.layout (package:flutter/src/rendering/object.dart:2775:7)
#15     RenderProxyBoxMixin.performLayout (package:flutter/src/rendering/proxy_box.dart:115:18)
#16     RenderObject.layout (package:flutter/src/rendering/object.dart:2775:7)
#17     RenderProxyBoxMixin.performLayout (package:flutter/src/rendering/proxy_box.dart:115:18)
#18     RenderObject.layout (package:flutter/src/rendering/object.dart:2775:7)
#19     ChildLayoutHelper.layoutChild (package:flutter/src/rendering/layout_helper.dart:62:11)
#20     RenderFlex._computeSizes (package:flutter/src/rendering/flex.dart:1161:28)
#21     RenderFlex.performLayout (package:flutter/src/rendering/flex.dart:1257:32)
#22     RenderObject.layout (package:flutter/src/rendering/object.dart:2775:7)
#23     RenderPadding.performLayout (package:flutter/src/rendering/shifted_box.dart:243:12)
#24     RenderObject.layout (package:flutter/src/rendering/object.dart:2775:7)
#25     RenderConstrainedBox.performLayout (package:flutter/src/rendering/proxy_box.dart:293:14)
#26     RenderObject.layout (package:flutter/src/rendering/object.dart:2775:7)
#27     RenderPositionedBox.performLayout (package:flutter/src/rendering/shifted_box.dart:465:14)
#28     RenderObject.layout (package:flutter/src/rendering/object.dart:2775:7)
#29     RenderPadding.performLayout (package:flutter/src/rendering/shifted_box.dart:243:12)
#30     RenderObject.layout (package:flutter/src/rendering/object.dart:2775:7)
#31     _RenderSingleChildViewport.performLayout (package:flutter/src/widgets/single_child_scroll_view.dart:502:14)
#32     RenderObject.layout (package:flutter/src/rendering/object.dart:2775:7)
#33     RenderProxyBoxMixin.performLayout (package:flutter/src/rendering/proxy_box.dart:115:18)
#34     RenderObject.layout (package:flutter/src/rendering/object.dart:2775:7)
#35     RenderProxyBoxMixin.performLayout (package:flutter/src/rendering/proxy_box.dart:115:18)
#36     RenderObject.layout (package:flutter/src/rendering/object.dart:2775:7)
#37     RenderProxyBoxMixin.performLayout (package:flutter/src/rendering/proxy_box.dart:115:18)
#38     RenderObject.layout (package:flutter/src/rendering/object.dart:2775:7)
#39     RenderProxyBoxMixin.performLayout (package:flutter/src/rendering/proxy_box.dart:115:18)
#40     RenderObject.layout (package:flutter/src/rendering/object.dart:2775:7)
#41     RenderProxyBoxMixin.performLayout (package:flutter/src/rendering/proxy_box.dart:115:18)
#42     RenderObject.layout (package:flutter/src/rendering/object.dart:2775:7)
#43     RenderProxyBoxMixin.performLayout (package:flutter/src/rendering/proxy_box.dart:115:18)
#44     RenderObject.layout (package:flutter/src/rendering/object.dart:2775:7)
#45     RenderProxyBoxMixin.performLayout (package:flutter/src/rendering/proxy_box.dart:115:18)
#46     RenderObject.layout (package:flutter/src/rendering/object.dart:2775:7)
#47     RenderProxyBoxMixin.performLayout (package:flutter/src/rendering/proxy_box.dart:115:18)
#48     _RenderCustomClip.performLayout (package:flutter/src/rendering/proxy_box.dart:1481:11)
#49     RenderObject.layout (package:flutter/src/rendering/object.dart:2775:7)
#50     MultiChildLayoutDelegate.layoutChild (package:flutter/src/rendering/custom_layout.dart:180:12)
#51     _ScaffoldLayout.performLayout (package:flutter/src/material/scaffold.dart:1112:7)
#52     MultiChildLayoutDelegate._callPerformLayout (package:flutter/src/rendering/custom_layout.dart:249:7)
#53     RenderCustomMultiChildLayoutBox.performLayout (package:flutter/src/rendering/custom_layout.dart:420:14)
#54     RenderObject._layoutWithoutResize (package:flutter/src/rendering/object.dart:2623:7)
#55     PipelineOwner.flushLayout (package:flutter/src/rendering/object.dart:1170:18)
#56     PipelineOwner.flushLayout (package:flutter/src/rendering/object.dart:1183:15)
#57     AutomatedTestWidgetsFlutterBinding.drawFrame (package:flutter_test/src/binding.dart:1508:27)
#58     RendererBinding._handlePersistentFrameCallback (package:flutter/src/rendering/binding.dart:495:5)
#59     SchedulerBinding._invokeFrameCallback (package:flutter/src/scheduler/binding.dart:1434:15)
#60     SchedulerBinding.handleDrawFrame (package:flutter/src/scheduler/binding.dart:1347:9)
#61     AutomatedTestWidgetsFlutterBinding.pump.<anonymous closure> (package:flutter_test/src/binding.dart:1335:9)
#64     TestAsyncUtils.guard (package:flutter_test/src/test_async_utils.dart:74:41)
#65     AutomatedTestWidgetsFlutterBinding.pump (package:flutter_test/src/binding.dart:1324:27)
#66     WidgetTester.pumpAndSettle.<anonymous closure> (package:flutter_test/src/widget_tester.dart:719:23)
<asynchronous suspension>
#67     TestAsyncUtils.guard.<anonymous closure> (package:flutter_test/src/test_async_utils.dart:130:27)
<asynchronous suspension>
#68     main.<anonymous closure> (file:///D:/Mystery/programming/projects/PYTHON_PROJECTS/focus/focus_gg/focus_flutter/test/widget_test.dart:20:5)
<asynchronous suspension>
#69     testWidgets.<anonymous closure>.<anonymous closure> (package:flutter_test/src/widget_tester.dart:192:15)
<asynchronous suspension>
#70     TestWidgetsFlutterBinding._runTestBody (package:flutter_test/src/binding.dart:1059:5)
<asynchronous suspension>
<asynchronous suspension>
(elided 5 frames from class _AssertionError, dart:async, and package:stack_trace)

The following RenderObject was being processed when the exception was fired: RenderStack#9d9e2 relayoutBoundary=up20 NEEDS-LAYOUT NEEDS-PAINT:
  creator: Stack ΓåÉ Listener ΓåÉ _GestureSemantics ΓåÉ RawGestureDetector ΓåÉ GestureDetector ΓåÉ CyberCard ΓåÉ
    Stack ΓåÉ FadeTransition ΓåÉ FractionalTranslation ΓåÉ SlideTransition ΓåÉ Animate ΓåÉ Column ΓåÉ Γï»
  parentData: <none> (can use size)
  constraints: BoxConstraints(0.0<=w<=752.0, 0.0<=h<=Infinity)
  size: MISSING
  alignment: AlignmentDirectional.topStart
  textDirection: ltr
  fit: loose
This RenderObject had the following descendants (showing up to depth 5):
    child 1: RenderDecoratedBox#db310 relayoutBoundary=up21 NEEDS-PAINT
      child: RenderPadding#8a8d9 relayoutBoundary=up22 NEEDS-PAINT
        child: RenderStack#53f33 relayoutBoundary=up23 NEEDS-PAINT
          child 1: RenderDecoratedBox#12987 NEEDS-LAYOUT NEEDS-PAINT
            child: RenderPadding#bd09f NEEDS-LAYOUT NEEDS-PAINT
          child 2: RenderConstrainedBox#e358e NEEDS-LAYOUT NEEDS-PAINT
            child: RenderCustomPaint#50ced NEEDS-LAYOUT NEEDS-PAINT
          child 3: RenderConstrainedBox#246ee NEEDS-LAYOUT NEEDS-PAINT
            child: RenderCustomPaint#3a0dc NEEDS-LAYOUT NEEDS-PAINT
          child 4: RenderConstrainedBox#9b710 NEEDS-LAYOUT NEEDS-PAINT
            child: RenderCustomPaint#7df47 NEEDS-LAYOUT NEEDS-PAINT
          child 5: RenderConstrainedBox#c7b6f NEEDS-LAYOUT NEEDS-PAINT
            child: RenderCustomPaint#d817b NEEDS-LAYOUT NEEDS-PAINT
          child 6: RenderPadding#d05ee relayoutBoundary=up24 NEEDS-PAINT
            child: _RenderLayoutBuilder#af538 relayoutBoundary=up25 NEEDS-PAINT
ΓòÉΓòÉΓòÉΓòÉΓòÉΓòÉΓòÉΓòÉΓòÉΓòÉΓòÉΓòÉΓòÉΓòÉΓòÉΓòÉΓòÉΓòÉΓòÉΓòÉΓòÉΓòÉΓòÉΓòÉΓòÉΓòÉΓòÉΓòÉΓòÉΓòÉΓòÉΓòÉΓòÉΓòÉΓòÉΓòÉΓòÉΓòÉΓòÉΓòÉΓòÉΓòÉΓòÉΓòÉΓòÉΓòÉΓòÉΓòÉΓòÉΓòÉΓòÉΓòÉΓòÉΓòÉΓòÉΓòÉΓòÉΓòÉΓòÉΓòÉΓòÉΓòÉΓòÉΓòÉΓòÉΓòÉΓòÉΓòÉΓòÉΓòÉΓòÉΓòÉΓòÉΓòÉΓòÉΓòÉΓòÉΓòÉΓòÉΓòÉΓòÉΓòÉΓòÉΓòÉΓòÉΓòÉΓòÉΓòÉΓòÉΓòÉΓòÉΓòÉΓòÉΓòÉΓòÉΓòÉΓòÉΓòÉΓòÉΓòÉ
ΓòÉΓòÉΓòí EXCEPTION CAUGHT BY RENDERING LIBRARY Γò₧ΓòÉΓòÉΓòÉΓòÉΓòÉΓòÉΓòÉΓòÉΓòÉΓòÉΓòÉΓòÉΓòÉΓòÉΓòÉΓòÉΓòÉΓòÉΓòÉΓòÉΓòÉΓòÉΓòÉΓòÉΓòÉΓòÉΓòÉΓòÉΓòÉΓòÉΓòÉΓòÉΓòÉΓòÉΓòÉΓòÉΓòÉΓòÉΓòÉΓòÉΓòÉΓòÉΓòÉΓòÉΓòÉΓòÉΓòÉΓòÉΓòÉΓòÉΓòÉΓòÉΓòÉΓòÉΓòÉΓòÉΓòÉ
The following assertion was thrown during performLayout():
RenderBox was not laid out: RenderStack#9d9e2 relayoutBoundary=up20 NEEDS-PAINT
'package:flutter/src/rendering/box.dart':
Failed assertion: line 2251 pos 12: 'hasSize'

Either the assertion indicates an error in the framework itself, or we should provide substantially
more information in this error message to help you determine and fix the underlying cause.
In either case, please report this assertion by filing a bug on GitHub:
  https://github.com/flutter/flutter/issues/new?template=02_bug.yml

The relevant error-causing widget was:
  GestureDetector
  GestureDetector:file:///D:/Mystery/programming/projects/PYTHON_PROJECTS/focus/focus_gg/focus_flutter/lib/shared/widgets/cyber_card.dart:19:12

When the exception was thrown, this was the stack:
#2      RenderBox.size (package:flutter/src/rendering/box.dart:2251:12)
#3      RenderProxyBoxMixin.performLayout (package:flutter/src/rendering/proxy_box.dart:115:62)
#4      RenderObject.layout (package:flutter/src/rendering/object.dart:2775:7)
#5      RenderProxyBoxMixin.performLayout (package:flutter/src/rendering/proxy_box.dart:115:18)
#6      RenderObject.layout (package:flutter/src/rendering/object.dart:2775:7)
#7      ChildLayoutHelper.layoutChild (package:flutter/src/rendering/layout_helper.dart:62:11)
#8      RenderStack._computeSize (package:flutter/src/rendering/stack.dart:645:43)
#9      RenderStack.performLayout (package:flutter/src/rendering/stack.dart:680:12)
#10     RenderObject.layout (package:flutter/src/rendering/object.dart:2775:7)
#11     RenderProxyBoxMixin.performLayout (package:flutter/src/rendering/proxy_box.dart:115:18)
#12     RenderObject.layout (package:flutter/src/rendering/object.dart:2775:7)
#13     RenderProxyBoxMixin.performLayout (package:flutter/src/rendering/proxy_box.dart:115:18)
#14     RenderObject.layout (package:flutter/src/rendering/object.dart:2775:7)
#15     ChildLayoutHelper.layoutChild (package:flutter/src/rendering/layout_helper.dart:62:11)
#16     RenderFlex._computeSizes (package:flutter/src/rendering/flex.dart:1161:28)
#17     RenderFlex.performLayout (package:flutter/src/rendering/flex.dart:1257:32)
#18     RenderObject.layout (package:flutter/src/rendering/object.dart:2775:7)
#19     RenderPadding.performLayout (package:flutter/src/rendering/shifted_box.dart:243:12)
#20     RenderObject.layout (package:flutter/src/rendering/object.dart:2775:7)
#21     RenderConstrainedBox.performLayout (package:flutter/src/rendering/proxy_box.dart:293:14)
#22     RenderObject.layout (package:flutter/src/rendering/object.dart:2775:7)
#23     RenderPositionedBox.performLayout (package:flutter/src/rendering/shifted_box.dart:465:14)
#24     RenderObject.layout (package:flutter/src/rendering/object.dart:2775:7)
#25     RenderPadding.performLayout (package:flutter/src/rendering/shifted_box.dart:243:12)
#26     RenderObject.layout (package:flutter/src/rendering/object.dart:2775:7)
#27     _RenderSingleChildViewport.performLayout (package:flutter/src/widgets/single_child_scroll_view.dart:502:14)
#28     RenderObject.layout (package:flutter/src/rendering/object.dart:2775:7)
#29     RenderProxyBoxMixin.performLayout (package:flutter/src/rendering/proxy_box.dart:115:18)
#30     RenderObject.layout (package:flutter/src/rendering/object.dart:2775:7)
#31     RenderProxyBoxMixin.performLayout (package:flutter/src/rendering/proxy_box.dart:115:18)
#32     RenderObject.layout (package:flutter/src/rendering/object.dart:2775:7)
#33     RenderProxyBoxMixin.performLayout (package:flutter/src/rendering/proxy_box.dart:115:18)
#34     RenderObject.layout (package:flutter/src/rendering/object.dart:2775:7)
#35     RenderProxyBoxMixin.performLayout (package:flutter/src/rendering/proxy_box.dart:115:18)
#36     RenderObject.layout (package:flutter/src/rendering/object.dart:2775:7)
#37     RenderProxyBoxMixin.performLayout (package:flutter/src/rendering/proxy_box.dart:115:18)
#38     RenderObject.layout (package:flutter/src/rendering/object.dart:2775:7)
#39     RenderProxyBoxMixin.performLayout (package:flutter/src/rendering/proxy_box.dart:115:18)
#40     RenderObject.layout (package:flutter/src/rendering/object.dart:2775:7)
#41     RenderProxyBoxMixin.performLayout (package:flutter/src/rendering/proxy_box.dart:115:18)
#42     RenderObject.layout (package:flutter/src/rendering/object.dart:2775:7)
#43     RenderProxyBoxMixin.performLayout (package:flutter/src/rendering/proxy_box.dart:115:18)
#44     _RenderCustomClip.performLayout (package:flutter/src/rendering/proxy_box.dart:1481:11)
#45     RenderObject.layout (package:flutter/src/rendering/object.dart:2775:7)
#46     MultiChildLayoutDelegate.layoutChild (package:flutter/src/rendering/custom_layout.dart:180:12)
#47     _ScaffoldLayout.performLayout (package:flutter/src/material/scaffold.dart:1112:7)
#48     MultiChildLayoutDelegate._callPerformLayout (package:flutter/src/rendering/custom_layout.dart:249:7)
#49     RenderCustomMultiChildLayoutBox.performLayout (package:flutter/src/rendering/custom_layout.dart:420:14)
#50     RenderObject._layoutWithoutResize (package:flutter/src/rendering/object.dart:2623:7)
#51     PipelineOwner.flushLayout (package:flutter/src/rendering/object.dart:1170:18)
#52     PipelineOwner.flushLayout (package:flutter/src/rendering/object.dart:1183:15)
#53     AutomatedTestWidgetsFlutterBinding.drawFrame (package:flutter_test/src/binding.dart:1508:27)
#54     RendererBinding._handlePersistentFrameCallback (package:flutter/src/rendering/binding.dart:495:5)
#55     SchedulerBinding._invokeFrameCallback (package:flutter/src/scheduler/binding.dart:1434:15)
#56     SchedulerBinding.handleDrawFrame (package:flutter/src/scheduler/binding.dart:1347:9)
#57     AutomatedTestWidgetsFlutterBinding.pump.<anonymous closure> (package:flutter_test/src/binding.dart:1335:9)
#60     TestAsyncUtils.guard (package:flutter_test/src/test_async_utils.dart:74:41)
#61     AutomatedTestWidgetsFlutterBinding.pump (package:flutter_test/src/binding.dart:1324:27)
#62     WidgetTester.pumpAndSettle.<anonymous closure> (package:flutter_test/src/widget_tester.dart:719:23)
<asynchronous suspension>
#63     TestAsyncUtils.guard.<anonymous closure> (package:flutter_test/src/test_async_utils.dart:130:27)
<asynchronous suspension>
#64     main.<anonymous closure> (file:///D:/Mystery/programming/projects/PYTHON_PROJECTS/focus/focus_gg/focus_flutter/test/widget_test.dart:20:5)
<asynchronous suspension>
#65     testWidgets.<anonymous closure>.<anonymous closure> (package:flutter_test/src/widget_tester.dart:192:15)
<asynchronous suspension>
#66     TestWidgetsFlutterBinding._runTestBody (package:flutter_test/src/binding.dart:1059:5)
<asynchronous suspension>
<asynchronous suspension>
(elided 5 frames from class _AssertionError, dart:async, and package:stack_trace)

The following RenderObject was being processed when the exception was fired: RenderPointerListener#9059c relayoutBoundary=up19 NEEDS-LAYOUT NEEDS-PAINT:
  creator: Listener ΓåÉ _GestureSemantics ΓåÉ RawGestureDetector ΓåÉ GestureDetector ΓåÉ CyberCard ΓåÉ Stack ΓåÉ
    FadeTransition ΓåÉ FractionalTranslation ΓåÉ SlideTransition ΓåÉ Animate ΓåÉ Column ΓåÉ Padding ΓåÉ Γï»
  parentData: <none> (can use size)
  constraints: BoxConstraints(0.0<=w<=752.0, 0.0<=h<=Infinity)
  size: MISSING
  behavior: deferToChild
  listeners: down, panZoomStart
This RenderObject had the following descendants (showing up to depth 5):
    child: RenderStack#9d9e2 relayoutBoundary=up20 NEEDS-PAINT
      child 1: RenderDecoratedBox#db310 relayoutBoundary=up21 NEEDS-PAINT
        child: RenderPadding#8a8d9 relayoutBoundary=up22 NEEDS-PAINT
          child: RenderStack#53f33 relayoutBoundary=up23 NEEDS-PAINT
            child 1: RenderDecoratedBox#12987 NEEDS-LAYOUT NEEDS-PAINT
            child 2: RenderConstrainedBox#e358e NEEDS-LAYOUT NEEDS-PAINT
            child 3: RenderConstrainedBox#246ee NEEDS-LAYOUT NEEDS-PAINT
            child 4: RenderConstrainedBox#9b710 NEEDS-LAYOUT NEEDS-PAINT
            child 5: RenderConstrainedBox#c7b6f NEEDS-LAYOUT NEEDS-PAINT
            child 6: RenderPadding#d05ee relayoutBoundary=up24 NEEDS-PAINT
ΓòÉΓòÉΓòÉΓòÉΓòÉΓòÉΓòÉΓòÉΓòÉΓòÉΓòÉΓòÉΓòÉΓòÉΓòÉΓòÉΓòÉΓòÉΓòÉΓòÉΓòÉΓòÉΓòÉΓòÉΓòÉΓòÉΓòÉΓòÉΓòÉΓòÉΓòÉΓòÉΓòÉΓòÉΓòÉΓòÉΓòÉΓòÉΓòÉΓòÉΓòÉΓòÉΓòÉΓòÉΓòÉΓòÉΓòÉΓòÉΓòÉΓòÉΓòÉΓòÉΓòÉΓòÉΓòÉΓòÉΓòÉΓòÉΓòÉΓòÉΓòÉΓòÉΓòÉΓòÉΓòÉΓòÉΓòÉΓòÉΓòÉΓòÉΓòÉΓòÉΓòÉΓòÉΓòÉΓòÉΓòÉΓòÉΓòÉΓòÉΓòÉΓòÉΓòÉΓòÉΓòÉΓòÉΓòÉΓòÉΓòÉΓòÉΓòÉΓòÉΓòÉΓòÉΓòÉΓòÉΓòÉΓòÉΓòÉΓòÉ
ΓòÉΓòÉΓòí EXCEPTION CAUGHT BY RENDERING LIBRARY Γò₧ΓòÉΓòÉΓòÉΓòÉΓòÉΓòÉΓòÉΓòÉΓòÉΓòÉΓòÉΓòÉΓòÉΓòÉΓòÉΓòÉΓòÉΓòÉΓòÉΓòÉΓòÉΓòÉΓòÉΓòÉΓòÉΓòÉΓòÉΓòÉΓòÉΓòÉΓòÉΓòÉΓòÉΓòÉΓòÉΓòÉΓòÉΓòÉΓòÉΓòÉΓòÉΓòÉΓòÉΓòÉΓòÉΓòÉΓòÉΓòÉΓòÉΓòÉΓòÉΓòÉΓòÉΓòÉΓòÉΓòÉΓòÉ
The following assertion was thrown during performLayout():
RenderBox was not laid out: RenderPointerListener#9059c relayoutBoundary=up19 NEEDS-PAINT
'package:flutter/src/rendering/box.dart':
Failed assertion: line 2251 pos 12: 'hasSize'

Either the assertion indicates an error in the framework itself, or we should provide substantially
more information in this error message to help you determine and fix the underlying cause.
In either case, please report this assertion by filing a bug on GitHub:
  https://github.com/flutter/flutter/issues/new?template=02_bug.yml

The relevant error-causing widget was:
  GestureDetector
  GestureDetector:file:///D:/Mystery/programming/projects/PYTHON_PROJECTS/focus/focus_gg/focus_flutter/lib/shared/widgets/cyber_card.dart:19:12

When the exception was thrown, this was the stack:
#2      RenderBox.size (package:flutter/src/rendering/box.dart:2251:12)
#3      RenderProxyBoxMixin.performLayout (package:flutter/src/rendering/proxy_box.dart:115:62)
#4      RenderObject.layout (package:flutter/src/rendering/object.dart:2775:7)
#5      ChildLayoutHelper.layoutChild (package:flutter/src/rendering/layout_helper.dart:62:11)
#6      RenderStack._computeSize (package:flutter/src/rendering/stack.dart:645:43)
#7      RenderStack.performLayout (package:flutter/src/rendering/stack.dart:680:12)
#8      RenderObject.layout (package:flutter/src/rendering/object.dart:2775:7)
#9      RenderProxyBoxMixin.performLayout (package:flutter/src/rendering/proxy_box.dart:115:18)
#10     RenderObject.layout (package:flutter/src/rendering/object.dart:2775:7)
#11     RenderProxyBoxMixin.performLayout (package:flutter/src/rendering/proxy_box.dart:115:18)
#12     RenderObject.layout (package:flutter/src/rendering/object.dart:2775:7)
#13     ChildLayoutHelper.layoutChild (package:flutter/src/rendering/layout_helper.dart:62:11)
#14     RenderFlex._computeSizes (package:flutter/src/rendering/flex.dart:1161:28)
#15     RenderFlex.performLayout (package:flutter/src/rendering/flex.dart:1257:32)
#16     RenderObject.layout (package:flutter/src/rendering/object.dart:2775:7)
#17     RenderPadding.performLayout (package:flutter/src/rendering/shifted_box.dart:243:12)
#18     RenderObject.layout (package:flutter/src/rendering/object.dart:2775:7)
#19     RenderConstrainedBox.performLayout (package:flutter/src/rendering/proxy_box.dart:293:14)
#20     RenderObject.layout (package:flutter/src/rendering/object.dart:2775:7)
#21     RenderPositionedBox.performLayout (package:flutter/src/rendering/shifted_box.dart:465:14)
#22     RenderObject.layout (package:flutter/src/rendering/object.dart:2775:7)
#23     RenderPadding.performLayout (package:flutter/src/rendering/shifted_box.dart:243:12)
#24     RenderObject.layout (package:flutter/src/rendering/object.dart:2775:7)
#25     _RenderSingleChildViewport.performLayout (package:flutter/src/widgets/single_child_scroll_view.dart:502:14)
#26     RenderObject.layout (package:flutter/src/rendering/object.dart:2775:7)
#27     RenderProxyBoxMixin.performLayout (package:flutter/src/rendering/proxy_box.dart:115:18)
#28     RenderObject.layout (package:flutter/src/rendering/object.dart:2775:7)
#29     RenderProxyBoxMixin.performLayout (package:flutter/src/rendering/proxy_box.dart:115:18)
#30     RenderObject.layout (package:flutter/src/rendering/object.dart:2775:7)
#31     RenderProxyBoxMixin.performLayout (package:flutter/src/rendering/proxy_box.dart:115:18)
#32     RenderObject.layout (package:flutter/src/rendering/object.dart:2775:7)
#33     RenderProxyBoxMixin.performLayout (package:flutter/src/rendering/proxy_box.dart:115:18)
#34     RenderObject.layout (package:flutter/src/rendering/object.dart:2775:7)
#35     RenderProxyBoxMixin.performLayout (package:flutter/src/rendering/proxy_box.dart:115:18)
#36     RenderObject.layout (package:flutter/src/rendering/object.dart:2775:7)
#37     RenderProxyBoxMixin.performLayout (package:flutter/src/rendering/proxy_box.dart:115:18)
#38     RenderObject.layout (package:flutter/src/rendering/object.dart:2775:7)
#39     RenderProxyBoxMixin.performLayout (package:flutter/src/rendering/proxy_box.dart:115:18)
#40     RenderObject.layout (package:flutter/src/rendering/object.dart:2775:7)
#41     RenderProxyBoxMixin.performLayout (package:flutter/src/rendering/proxy_box.dart:115:18)
#42     _RenderCustomClip.performLayout (package:flutter/src/rendering/proxy_box.dart:1481:11)
#43     RenderObject.layout (package:flutter/src/rendering/object.dart:2775:7)
#44     MultiChildLayoutDelegate.layoutChild (package:flutter/src/rendering/custom_layout.dart:180:12)
#45     _ScaffoldLayout.performLayout (package:flutter/src/material/scaffold.dart:1112:7)
#46     MultiChildLayoutDelegate._callPerformLayout (package:flutter/src/rendering/custom_layout.dart:249:7)
#47     RenderCustomMultiChildLayoutBox.performLayout (package:flutter/src/rendering/custom_layout.dart:420:14)
#48     RenderObject._layoutWithoutResize (package:flutter/src/rendering/object.dart:2623:7)
#49     PipelineOwner.flushLayout (package:flutter/src/rendering/object.dart:1170:18)
#50     PipelineOwner.flushLayout (package:flutter/src/rendering/object.dart:1183:15)
#51     AutomatedTestWidgetsFlutterBinding.drawFrame (package:flutter_test/src/binding.dart:1508:27)
#52     RendererBinding._handlePersistentFrameCallback (package:flutter/src/rendering/binding.dart:495:5)
#53     SchedulerBinding._invokeFrameCallback (package:flutter/src/scheduler/binding.dart:1434:15)
#54     SchedulerBinding.handleDrawFrame (package:flutter/src/scheduler/binding.dart:1347:9)
#55     AutomatedTestWidgetsFlutterBinding.pump.<anonymous closure> (package:flutter_test/src/binding.dart:1335:9)
#58     TestAsyncUtils.guard (package:flutter_test/src/test_async_utils.dart:74:41)
#59     AutomatedTestWidgetsFlutterBinding.pump (package:flutter_test/src/binding.dart:1324:27)
#60     WidgetTester.pumpAndSettle.<anonymous closure> (package:flutter_test/src/widget_tester.dart:719:23)
<asynchronous suspension>
#61     TestAsyncUtils.guard.<anonymous closure> (package:flutter_test/src/test_async_utils.dart:130:27)
<asynchronous suspension>
#62     main.<anonymous closure> (file:///D:/Mystery/programming/projects/PYTHON_PROJECTS/focus/focus_gg/focus_flutter/test/widget_test.dart:20:5)
<asynchronous suspension>
#63     testWidgets.<anonymous closure>.<anonymous closure> (package:flutter_test/src/widget_tester.dart:192:15)
<asynchronous suspension>
#64     TestWidgetsFlutterBinding._runTestBody (package:flutter_test/src/binding.dart:1059:5)
<asynchronous suspension>
<asynchronous suspension>
(elided 5 frames from class _AssertionError, dart:async, and package:stack_trace)

The following RenderObject was being processed when the exception was fired: RenderSemanticsGestureHandler#fcad4 relayoutBoundary=up18 NEEDS-LAYOUT NEEDS-PAINT:
  creator: _GestureSemantics ΓåÉ RawGestureDetector ΓåÉ GestureDetector ΓåÉ CyberCard ΓåÉ Stack ΓåÉ
    FadeTransition ΓåÉ FractionalTranslation ΓåÉ SlideTransition ΓåÉ Animate ΓåÉ Column ΓåÉ Padding ΓåÉ
    ConstrainedBox ΓåÉ Γï»
  parentData: not positioned; offset=Offset(0.0, 0.0) (can use size)
  constraints: BoxConstraints(0.0<=w<=752.0, 0.0<=h<=Infinity)
  size: MISSING
  behavior: deferToChild
  gestures: <none>
This RenderObject had the following descendants (showing up to depth 5):
    child: RenderPointerListener#9059c relayoutBoundary=up19 NEEDS-PAINT
      child: RenderStack#9d9e2 relayoutBoundary=up20 NEEDS-PAINT
        child 1: RenderDecoratedBox#db310 relayoutBoundary=up21 NEEDS-PAINT
          child: RenderPadding#8a8d9 relayoutBoundary=up22 NEEDS-PAINT
            child: RenderStack#53f33 relayoutBoundary=up23 NEEDS-PAINT
ΓòÉΓòÉΓòÉΓòÉΓòÉΓòÉΓòÉΓòÉΓòÉΓòÉΓòÉΓòÉΓòÉΓòÉΓòÉΓòÉΓòÉΓòÉΓòÉΓòÉΓòÉΓòÉΓòÉΓòÉΓòÉΓòÉΓòÉΓòÉΓòÉΓòÉΓòÉΓòÉΓòÉΓòÉΓòÉΓòÉΓòÉΓòÉΓòÉΓòÉΓòÉΓòÉΓòÉΓòÉΓòÉΓòÉΓòÉΓòÉΓòÉΓòÉΓòÉΓòÉΓòÉΓòÉΓòÉΓòÉΓòÉΓòÉΓòÉΓòÉΓòÉΓòÉΓòÉΓòÉΓòÉΓòÉΓòÉΓòÉΓòÉΓòÉΓòÉΓòÉΓòÉΓòÉΓòÉΓòÉΓòÉΓòÉΓòÉΓòÉΓòÉΓòÉΓòÉΓòÉΓòÉΓòÉΓòÉΓòÉΓòÉΓòÉΓòÉΓòÉΓòÉΓòÉΓòÉΓòÉΓòÉΓòÉΓòÉΓòÉ
ΓòÉΓòÉΓòí EXCEPTION CAUGHT BY RENDERING LIBRARY Γò₧ΓòÉΓòÉΓòÉΓòÉΓòÉΓòÉΓòÉΓòÉΓòÉΓòÉΓòÉΓòÉΓòÉΓòÉΓòÉΓòÉΓòÉΓòÉΓòÉΓòÉΓòÉΓòÉΓòÉΓòÉΓòÉΓòÉΓòÉΓòÉΓòÉΓòÉΓòÉΓòÉΓòÉΓòÉΓòÉΓòÉΓòÉΓòÉΓòÉΓòÉΓòÉΓòÉΓòÉΓòÉΓòÉΓòÉΓòÉΓòÉΓòÉΓòÉΓòÉΓòÉΓòÉΓòÉΓòÉΓòÉΓòÉ
The following assertion was thrown during performLayout():
RenderBox was not laid out: RenderSemanticsGestureHandler#fcad4 relayoutBoundary=up18 NEEDS-PAINT
'package:flutter/src/rendering/box.dart':
Failed assertion: line 2251 pos 12: 'hasSize'

Either the assertion indicates an error in the framework itself, or we should provide substantially
more information in this error message to help you determine and fix the underlying cause.
In either case, please report this assertion by filing a bug on GitHub:
  https://github.com/flutter/flutter/issues/new?template=02_bug.yml

The relevant error-causing widget was:
  Stack
  Stack:file:///D:/Mystery/programming/projects/PYTHON_PROJECTS/focus/focus_gg/focus_flutter/lib/features/dashboard/dashboard_screen.dart:177:12

When the exception was thrown, this was the stack:
#2      RenderBox.size (package:flutter/src/rendering/box.dart:2251:12)
#3      ChildLayoutHelper.layoutChild (package:flutter/src/rendering/layout_helper.dart:63:18)
#4      RenderStack._computeSize (package:flutter/src/rendering/stack.dart:645:43)
#5      RenderStack.performLayout (package:flutter/src/rendering/stack.dart:680:12)
#6      RenderObject.layout (package:flutter/src/rendering/object.dart:2775:7)
#7      RenderProxyBoxMixin.performLayout (package:flutter/src/rendering/proxy_box.dart:115:18)
#8      RenderObject.layout (package:flutter/src/rendering/object.dart:2775:7)
#9      RenderProxyBoxMixin.performLayout (package:flutter/src/rendering/proxy_box.dart:115:18)
#10     RenderObject.layout (package:flutter/src/rendering/object.dart:2775:7)
#11     ChildLayoutHelper.layoutChild (package:flutter/src/rendering/layout_helper.dart:62:11)
#12     RenderFlex._computeSizes (package:flutter/src/rendering/flex.dart:1161:28)
#13     RenderFlex.performLayout (package:flutter/src/rendering/flex.dart:1257:32)
#14     RenderObject.layout (package:flutter/src/rendering/object.dart:2775:7)
#15     RenderPadding.performLayout (package:flutter/src/rendering/shifted_box.dart:243:12)
#16     RenderObject.layout (package:flutter/src/rendering/object.dart:2775:7)
#17     RenderConstrainedBox.performLayout (package:flutter/src/rendering/proxy_box.dart:293:14)
#18     RenderObject.layout (package:flutter/src/rendering/object.dart:2775:7)
#19     RenderPositionedBox.performLayout (package:flutter/src/rendering/shifted_box.dart:465:14)
#20     RenderObject.layout (package:flutter/src/rendering/object.dart:2775:7)
#21     RenderPadding.performLayout (package:flutter/src/rendering/shifted_box.dart:243:12)
#22     RenderObject.layout (package:flutter/src/rendering/object.dart:2775:7)
#23     _RenderSingleChildViewport.performLayout (package:flutter/src/widgets/single_child_scroll_view.dart:502:14)
#24     RenderObject.layout (package:flutter/src/rendering/object.dart:2775:7)
#25     RenderProxyBoxMixin.performLayout (package:flutter/src/rendering/proxy_box.dart:115:18)
#26     RenderObject.layout (package:flutter/src/rendering/object.dart:2775:7)
#27     RenderProxyBoxMixin.performLayout (package:flutter/src/rendering/proxy_box.dart:115:18)
#28     RenderObject.layout (package:flutter/src/rendering/object.dart:2775:7)
#29     RenderProxyBoxMixin.performLayout (package:flutter/src/rendering/proxy_box.dart:115:18)
#30     RenderObject.layout (package:flutter/src/rendering/object.dart:2775:7)
#31     RenderProxyBoxMixin.performLayout (package:flutter/src/rendering/proxy_box.dart:115:18)
#32     RenderObject.layout (package:flutter/src/rendering/object.dart:2775:7)
#33     RenderProxyBoxMixin.performLayout (package:flutter/src/rendering/proxy_box.dart:115:18)
#34     RenderObject.layout (package:flutter/src/rendering/object.dart:2775:7)
#35     RenderProxyBoxMixin.performLayout (package:flutter/src/rendering/proxy_box.dart:115:18)
#36     RenderObject.layout (package:flutter/src/rendering/object.dart:2775:7)
#37     RenderProxyBoxMixin.performLayout (package:flutter/src/rendering/proxy_box.dart:115:18)
#38     RenderObject.layout (package:flutter/src/rendering/object.dart:2775:7)
#39     RenderProxyBoxMixin.performLayout (package:flutter/src/rendering/proxy_box.dart:115:18)
#40     _RenderCustomClip.performLayout (package:flutter/src/rendering/proxy_box.dart:1481:11)
#41     RenderObject.layout (package:flutter/src/rendering/object.dart:2775:7)
#42     MultiChildLayoutDelegate.layoutChild (package:flutter/src/rendering/custom_layout.dart:180:12)
#43     _ScaffoldLayout.performLayout (package:flutter/src/material/scaffold.dart:1112:7)
#44     MultiChildLayoutDelegate._callPerformLayout (package:flutter/src/rendering/custom_layout.dart:249:7)
#45     RenderCustomMultiChildLayoutBox.performLayout (package:flutter/src/rendering/custom_layout.dart:420:14)
#46     RenderObject._layoutWithoutResize (package:flutter/src/rendering/object.dart:2623:7)
#47     PipelineOwner.flushLayout (package:flutter/src/rendering/object.dart:1170:18)
#48     PipelineOwner.flushLayout (package:flutter/src/rendering/object.dart:1183:15)
#49     AutomatedTestWidgetsFlutterBinding.drawFrame (package:flutter_test/src/binding.dart:1508:27)
#50     RendererBinding._handlePersistentFrameCallback (package:flutter/src/rendering/binding.dart:495:5)
#51     SchedulerBinding._invokeFrameCallback (package:flutter/src/scheduler/binding.dart:1434:15)
#52     SchedulerBinding.handleDrawFrame (package:flutter/src/scheduler/binding.dart:1347:9)
#53     AutomatedTestWidgetsFlutterBinding.pump.<anonymous closure> (package:flutter_test/src/binding.dart:1335:9)
#56     TestAsyncUtils.guard (package:flutter_test/src/test_async_utils.dart:74:41)
#57     AutomatedTestWidgetsFlutterBinding.pump (package:flutter_test/src/binding.dart:1324:27)
#58     WidgetTester.pumpAndSettle.<anonymous closure> (package:flutter_test/src/widget_tester.dart:719:23)
<asynchronous suspension>
#59     TestAsyncUtils.guard.<anonymous closure> (package:flutter_test/src/test_async_utils.dart:130:27)
<asynchronous suspension>
#60     main.<anonymous closure> (file:///D:/Mystery/programming/projects/PYTHON_PROJECTS/focus/focus_gg/focus_flutter/test/widget_test.dart:20:5)
<asynchronous suspension>
#61     testWidgets.<anonymous closure>.<anonymous closure> (package:flutter_test/src/widget_tester.dart:192:15)
<asynchronous suspension>
#62     TestWidgetsFlutterBinding._runTestBody (package:flutter_test/src/binding.dart:1059:5)
<asynchronous suspension>
<asynchronous suspension>
(elided 5 frames from class _AssertionError, dart:async, and package:stack_trace)

The following RenderObject was being processed when the exception was fired: RenderStack#942f2 relayoutBoundary=up17 NEEDS-LAYOUT NEEDS-PAINT:
  creator: Stack ΓåÉ FadeTransition ΓåÉ FractionalTranslation ΓåÉ SlideTransition ΓåÉ Animate ΓåÉ Column ΓåÉ
    Padding ΓåÉ ConstrainedBox ΓåÉ Align ΓåÉ PageContainer ΓåÉ Padding ΓåÉ _SingleChildViewport ΓåÉ Γï»
  parentData: <none> (can use size)
  constraints: BoxConstraints(w=752.0, 0.0<=h<=Infinity)
  size: MISSING
  alignment: AlignmentDirectional.topStart
  textDirection: ltr
  fit: loose
This RenderObject had the following descendants (showing up to depth 5):
    child 1: RenderDecoratedBox#2388f NEEDS-LAYOUT NEEDS-PAINT
      child: RenderPadding#b6df0 NEEDS-LAYOUT NEEDS-PAINT
        child: RenderLimitedBox#53077 NEEDS-LAYOUT NEEDS-PAINT
          child: RenderConstrainedBox#10065 NEEDS-LAYOUT NEEDS-PAINT
    child 2: RenderSemanticsGestureHandler#fcad4 relayoutBoundary=up18 NEEDS-PAINT
      child: RenderPointerListener#9059c relayoutBoundary=up19 NEEDS-PAINT
        child: RenderStack#9d9e2 relayoutBoundary=up20 NEEDS-PAINT
          child 1: RenderDecoratedBox#db310 relayoutBoundary=up21 NEEDS-PAINT
            child: RenderPadding#8a8d9 relayoutBoundary=up22 NEEDS-PAINT
ΓòÉΓòÉΓòÉΓòÉΓòÉΓòÉΓòÉΓòÉΓòÉΓòÉΓòÉΓòÉΓòÉΓòÉΓòÉΓòÉΓòÉΓòÉΓòÉΓòÉΓòÉΓòÉΓòÉΓòÉΓòÉΓòÉΓòÉΓòÉΓòÉΓòÉΓòÉΓòÉΓòÉΓòÉΓòÉΓòÉΓòÉΓòÉΓòÉΓòÉΓòÉΓòÉΓòÉΓòÉΓòÉΓòÉΓòÉΓòÉΓòÉΓòÉΓòÉΓòÉΓòÉΓòÉΓòÉΓòÉΓòÉΓòÉΓòÉΓòÉΓòÉΓòÉΓòÉΓòÉΓòÉΓòÉΓòÉΓòÉΓòÉΓòÉΓòÉΓòÉΓòÉΓòÉΓòÉΓòÉΓòÉΓòÉΓòÉΓòÉΓòÉΓòÉΓòÉΓòÉΓòÉΓòÉΓòÉΓòÉΓòÉΓòÉΓòÉΓòÉΓòÉΓòÉΓòÉΓòÉΓòÉΓòÉΓòÉΓòÉ
ΓòÉΓòÉΓòí EXCEPTION CAUGHT BY RENDERING LIBRARY Γò₧ΓòÉΓòÉΓòÉΓòÉΓòÉΓòÉΓòÉΓòÉΓòÉΓòÉΓòÉΓòÉΓòÉΓòÉΓòÉΓòÉΓòÉΓòÉΓòÉΓòÉΓòÉΓòÉΓòÉΓòÉΓòÉΓòÉΓòÉΓòÉΓòÉΓòÉΓòÉΓòÉΓòÉΓòÉΓòÉΓòÉΓòÉΓòÉΓòÉΓòÉΓòÉΓòÉΓòÉΓòÉΓòÉΓòÉΓòÉΓòÉΓòÉΓòÉΓòÉΓòÉΓòÉΓòÉΓòÉΓòÉΓòÉ
The following assertion was thrown during performLayout():
RenderBox was not laid out: RenderStack#942f2 relayoutBoundary=up17 NEEDS-PAINT
'package:flutter/src/rendering/box.dart':
Failed assertion: line 2251 pos 12: 'hasSize'

Either the assertion indicates an error in the framework itself, or we should provide substantially
more information in this error message to help you determine and fix the underlying cause.
In either case, please report this assertion by filing a bug on GitHub:
  https://github.com/flutter/flutter/issues/new?template=02_bug.yml

The relevant error-causing widget was:
  FadeTransition
  FadeTransition:file:///C:/Users/LENOVO/AppData/Local/Pub/Cache/hosted/pub.dev/flutter_animate-4.5.2/lib/src/effects/fade_effect.dart:31:12

When the exception was thrown, this was the stack:
#2      RenderBox.size (package:flutter/src/rendering/box.dart:2251:12)
#3      RenderProxyBoxMixin.performLayout (package:flutter/src/rendering/proxy_box.dart:115:62)
#4      RenderObject.layout (package:flutter/src/rendering/object.dart:2775:7)
#5      RenderProxyBoxMixin.performLayout (package:flutter/src/rendering/proxy_box.dart:115:18)
#6      RenderObject.layout (package:flutter/src/rendering/object.dart:2775:7)
#7      ChildLayoutHelper.layoutChild (package:flutter/src/rendering/layout_helper.dart:62:11)
#8      RenderFlex._computeSizes (package:flutter/src/rendering/flex.dart:1161:28)
#9      RenderFlex.performLayout (package:flutter/src/rendering/flex.dart:1257:32)
#10     RenderObject.layout (package:flutter/src/rendering/object.dart:2775:7)
#11     RenderPadding.performLayout (package:flutter/src/rendering/shifted_box.dart:243:12)
#12     RenderObject.layout (package:flutter/src/rendering/object.dart:2775:7)
#13     RenderConstrainedBox.performLayout (package:flutter/src/rendering/proxy_box.dart:293:14)
#14     RenderObject.layout (package:flutter/src/rendering/object.dart:2775:7)
#15     RenderPositionedBox.performLayout (package:flutter/src/rendering/shifted_box.dart:465:14)
#16     RenderObject.layout (package:flutter/src/rendering/object.dart:2775:7)
#17     RenderPadding.performLayout (package:flutter/src/rendering/shifted_box.dart:243:12)
#18     RenderObject.layout (package:flutter/src/rendering/object.dart:2775:7)
#19     _RenderSingleChildViewport.performLayout (package:flutter/src/widgets/single_child_scroll_view.dart:502:14)
#20     RenderObject.layout (package:flutter/src/rendering/object.dart:2775:7)
#21     RenderProxyBoxMixin.performLayout (package:flutter/src/rendering/proxy_box.dart:115:18)
#22     RenderObject.layout (package:flutter/src/rendering/object.dart:2775:7)
#23     RenderProxyBoxMixin.performLayout (package:flutter/src/rendering/proxy_box.dart:115:18)
#24     RenderObject.layout (package:flutter/src/rendering/object.dart:2775:7)
#25     RenderProxyBoxMixin.performLayout (package:flutter/src/rendering/proxy_box.dart:115:18)
#26     RenderObject.layout (package:flutter/src/rendering/object.dart:2775:7)
#27     RenderProxyBoxMixin.performLayout (package:flutter/src/rendering/proxy_box.dart:115:18)
#28     RenderObject.layout (package:flutter/src/rendering/object.dart:2775:7)
#29     RenderProxyBoxMixin.performLayout (package:flutter/src/rendering/proxy_box.dart:115:18)
#30     RenderObject.layout (package:flutter/src/rendering/object.dart:2775:7)
#31     RenderProxyBoxMixin.performLayout (package:flutter/src/rendering/proxy_box.dart:115:18)
#32     RenderObject.layout (package:flutter/src/rendering/object.dart:2775:7)
#33     RenderProxyBoxMixin.performLayout (package:flutter/src/rendering/proxy_box.dart:115:18)
#34     RenderObject.layout (package:flutter/src/rendering/object.dart:2775:7)
#35     RenderProxyBoxMixin.performLayout (package:flutter/src/rendering/proxy_box.dart:115:18)
#36     _RenderCustomClip.performLayout (package:flutter/src/rendering/proxy_box.dart:1481:11)
#37     RenderObject.layout (package:flutter/src/rendering/object.dart:2775:7)
#38     MultiChildLayoutDelegate.layoutChild (package:flutter/src/rendering/custom_layout.dart:180:12)
#39     _ScaffoldLayout.performLayout (package:flutter/src/material/scaffold.dart:1112:7)
#40     MultiChildLayoutDelegate._callPerformLayout (package:flutter/src/rendering/custom_layout.dart:249:7)
#41     RenderCustomMultiChildLayoutBox.performLayout (package:flutter/src/rendering/custom_layout.dart:420:14)
#42     RenderObject._layoutWithoutResize (package:flutter/src/rendering/object.dart:2623:7)
#43     PipelineOwner.flushLayout (package:flutter/src/rendering/object.dart:1170:18)
#44     PipelineOwner.flushLayout (package:flutter/src/rendering/object.dart:1183:15)
#45     AutomatedTestWidgetsFlutterBinding.drawFrame (package:flutter_test/src/binding.dart:1508:27)
#46     RendererBinding._handlePersistentFrameCallback (package:flutter/src/rendering/binding.dart:495:5)
#47     SchedulerBinding._invokeFrameCallback (package:flutter/src/scheduler/binding.dart:1434:15)
#48     SchedulerBinding.handleDrawFrame (package:flutter/src/scheduler/binding.dart:1347:9)
#49     AutomatedTestWidgetsFlutterBinding.pump.<anonymous closure> (package:flutter_test/src/binding.dart:1335:9)
#52     TestAsyncUtils.guard (package:flutter_test/src/test_async_utils.dart:74:41)
#53     AutomatedTestWidgetsFlutterBinding.pump (package:flutter_test/src/binding.dart:1324:27)
#54     WidgetTester.pumpAndSettle.<anonymous closure> (package:flutter_test/src/widget_tester.dart:719:23)
<asynchronous suspension>
#55     TestAsyncUtils.guard.<anonymous closure> (package:flutter_test/src/test_async_utils.dart:130:27)
<asynchronous suspension>
#56     main.<anonymous closure> (file:///D:/Mystery/programming/projects/PYTHON_PROJECTS/focus/focus_gg/focus_flutter/test/widget_test.dart:20:5)
<asynchronous suspension>
#57     testWidgets.<anonymous closure>.<anonymous closure> (package:flutter_test/src/widget_tester.dart:192:15)
<asynchronous suspension>
#58     TestWidgetsFlutterBinding._runTestBody (package:flutter_test/src/binding.dart:1059:5)
<asynchronous suspension>
<asynchronous suspension>
(elided 5 frames from class _AssertionError, dart:async, and package:stack_trace)

The following RenderObject was being processed when the exception was fired: RenderAnimatedOpacity#376cd relayoutBoundary=up16 NEEDS-LAYOUT NEEDS-PAINT:
  needs compositing
  creator: FadeTransition ΓåÉ FractionalTranslation ΓåÉ SlideTransition ΓåÉ Animate ΓåÉ Column ΓåÉ Padding ΓåÉ
    ConstrainedBox ΓåÉ Align ΓåÉ PageContainer ΓåÉ Padding ΓåÉ _SingleChildViewport ΓåÉ
    IgnorePointer-[GlobalKey#2ac55] ΓåÉ Γï»
  parentData: <none> (can use size)
  constraints: BoxConstraints(w=752.0, 0.0<=h<=Infinity)
  size: MISSING
  opacity: AnimationController#7383f(Γû╢ 0.333)Γ₧⌐Interval(0.0Γï»1.0)Γ₧⌐Cubic(0.00, 0.00, 0.58,
    1.00)Γ₧⌐Tween<double>(0.0 ΓåÆ 1.0)Γ₧⌐0.4882822036743164
This RenderObject had the following descendants (showing up to depth 5):
    child: RenderStack#942f2 relayoutBoundary=up17 NEEDS-PAINT
      child 1: RenderDecoratedBox#2388f NEEDS-LAYOUT NEEDS-PAINT
        child: RenderPadding#b6df0 NEEDS-LAYOUT NEEDS-PAINT
          child: RenderLimitedBox#53077 NEEDS-LAYOUT NEEDS-PAINT
            child: RenderConstrainedBox#10065 NEEDS-LAYOUT NEEDS-PAINT
      child 2: RenderSemanticsGestureHandler#fcad4 relayoutBoundary=up18 NEEDS-PAINT
        child: RenderPointerListener#9059c relayoutBoundary=up19 NEEDS-PAINT
          child: RenderStack#9d9e2 relayoutBoundary=up20 NEEDS-PAINT
            child 1: RenderDecoratedBox#db310 relayoutBoundary=up21 NEEDS-PAINT
ΓòÉΓòÉΓòÉΓòÉΓòÉΓòÉΓòÉΓòÉΓòÉΓòÉΓòÉΓòÉΓòÉΓòÉΓòÉΓòÉΓòÉΓòÉΓòÉΓòÉΓòÉΓòÉΓòÉΓòÉΓòÉΓòÉΓòÉΓòÉΓòÉΓòÉΓòÉΓòÉΓòÉΓòÉΓòÉΓòÉΓòÉΓòÉΓòÉΓòÉΓòÉΓòÉΓòÉΓòÉΓòÉΓòÉΓòÉΓòÉΓòÉΓòÉΓòÉΓòÉΓòÉΓòÉΓòÉΓòÉΓòÉΓòÉΓòÉΓòÉΓòÉΓòÉΓòÉΓòÉΓòÉΓòÉΓòÉΓòÉΓòÉΓòÉΓòÉΓòÉΓòÉΓòÉΓòÉΓòÉΓòÉΓòÉΓòÉΓòÉΓòÉΓòÉΓòÉΓòÉΓòÉΓòÉΓòÉΓòÉΓòÉΓòÉΓòÉΓòÉΓòÉΓòÉΓòÉΓòÉΓòÉΓòÉΓòÉΓòÉ
ΓòÉΓòÉΓòí EXCEPTION CAUGHT BY RENDERING LIBRARY Γò₧ΓòÉΓòÉΓòÉΓòÉΓòÉΓòÉΓòÉΓòÉΓòÉΓòÉΓòÉΓòÉΓòÉΓòÉΓòÉΓòÉΓòÉΓòÉΓòÉΓòÉΓòÉΓòÉΓòÉΓòÉΓòÉΓòÉΓòÉΓòÉΓòÉΓòÉΓòÉΓòÉΓòÉΓòÉΓòÉΓòÉΓòÉΓòÉΓòÉΓòÉΓòÉΓòÉΓòÉΓòÉΓòÉΓòÉΓòÉΓòÉΓòÉΓòÉΓòÉΓòÉΓòÉΓòÉΓòÉΓòÉΓòÉ
The following assertion was thrown during performLayout():
RenderBox was not laid out: RenderAnimatedOpacity#376cd relayoutBoundary=up16 NEEDS-PAINT
'package:flutter/src/rendering/box.dart':
Failed assertion: line 2251 pos 12: 'hasSize'

Either the assertion indicates an error in the framework itself, or we should provide substantially
more information in this error message to help you determine and fix the underlying cause.
In either case, please report this assertion by filing a bug on GitHub:
  https://github.com/flutter/flutter/issues/new?template=02_bug.yml

The relevant error-causing widget was:
  SlideTransition
  SlideTransition:file:///C:/Users/LENOVO/AppData/Local/Pub/Cache/hosted/pub.dev/flutter_animate-4.5.2/lib/src/effects/slide_effect.dart:37:12

When the exception was thrown, this was the stack:
#2      RenderBox.size (package:flutter/src/rendering/box.dart:2251:12)
#3      RenderProxyBoxMixin.performLayout (package:flutter/src/rendering/proxy_box.dart:115:62)
#4      RenderObject.layout (package:flutter/src/rendering/object.dart:2775:7)
#5      ChildLayoutHelper.layoutChild (package:flutter/src/rendering/layout_helper.dart:62:11)
#6      RenderFlex._computeSizes (package:flutter/src/rendering/flex.dart:1161:28)
#7      RenderFlex.performLayout (package:flutter/src/rendering/flex.dart:1257:32)
#8      RenderObject.layout (package:flutter/src/rendering/object.dart:2775:7)
#9      RenderPadding.performLayout (package:flutter/src/rendering/shifted_box.dart:243:12)
#10     RenderObject.layout (package:flutter/src/rendering/object.dart:2775:7)
#11     RenderConstrainedBox.performLayout (package:flutter/src/rendering/proxy_box.dart:293:14)
#12     RenderObject.layout (package:flutter/src/rendering/object.dart:2775:7)
#13     RenderPositionedBox.performLayout (package:flutter/src/rendering/shifted_box.dart:465:14)
#14     RenderObject.layout (package:flutter/src/rendering/object.dart:2775:7)
#15     RenderPadding.performLayout (package:flutter/src/rendering/shifted_box.dart:243:12)
#16     RenderObject.layout (package:flutter/src/rendering/object.dart:2775:7)
#17     _RenderSingleChildViewport.performLayout (package:flutter/src/widgets/single_child_scroll_view.dart:502:14)
#18     RenderObject.layout (package:flutter/src/rendering/object.dart:2775:7)
#19     RenderProxyBoxMixin.performLayout (package:flutter/src/rendering/proxy_box.dart:115:18)
#20     RenderObject.layout (package:flutter/src/rendering/object.dart:2775:7)
#21     RenderProxyBoxMixin.performLayout (package:flutter/src/rendering/proxy_box.dart:115:18)
#22     RenderObject.layout (package:flutter/src/rendering/object.dart:2775:7)
#23     RenderProxyBoxMixin.performLayout (package:flutter/src/rendering/proxy_box.dart:115:18)
#24     RenderObject.layout (package:flutter/src/rendering/object.dart:2775:7)
#25     RenderProxyBoxMixin.performLayout (package:flutter/src/rendering/proxy_box.dart:115:18)
#26     RenderObject.layout (package:flutter/src/rendering/object.dart:2775:7)
#27     RenderProxyBoxMixin.performLayout (package:flutter/src/rendering/proxy_box.dart:115:18)
#28     RenderObject.layout (package:flutter/src/rendering/object.dart:2775:7)
#29     RenderProxyBoxMixin.performLayout (package:flutter/src/rendering/proxy_box.dart:115:18)
#30     RenderObject.layout (package:flutter/src/rendering/object.dart:2775:7)
#31     RenderProxyBoxMixin.performLayout (package:flutter/src/rendering/proxy_box.dart:115:18)
#32     RenderObject.layout (package:flutter/src/rendering/object.dart:2775:7)
#33     RenderProxyBoxMixin.performLayout (package:flutter/src/rendering/proxy_box.dart:115:18)
#34     _RenderCustomClip.performLayout (package:flutter/src/rendering/proxy_box.dart:1481:11)
#35     RenderObject.layout (package:flutter/src/rendering/object.dart:2775:7)
#36     MultiChildLayoutDelegate.layoutChild (package:flutter/src/rendering/custom_layout.dart:180:12)
#37     _ScaffoldLayout.performLayout (package:flutter/src/material/scaffold.dart:1112:7)
#38     MultiChildLayoutDelegate._callPerformLayout (package:flutter/src/rendering/custom_layout.dart:249:7)
#39     RenderCustomMultiChildLayoutBox.performLayout (package:flutter/src/rendering/custom_layout.dart:420:14)
#40     RenderObject._layoutWithoutResize (package:flutter/src/rendering/object.dart:2623:7)
#41     PipelineOwner.flushLayout (package:flutter/src/rendering/object.dart:1170:18)
#42     PipelineOwner.flushLayout (package:flutter/src/rendering/object.dart:1183:15)
#43     AutomatedTestWidgetsFlutterBinding.drawFrame (package:flutter_test/src/binding.dart:1508:27)
#44     RendererBinding._handlePersistentFrameCallback (package:flutter/src/rendering/binding.dart:495:5)
#45     SchedulerBinding._invokeFrameCallback (package:flutter/src/scheduler/binding.dart:1434:15)
#46     SchedulerBinding.handleDrawFrame (package:flutter/src/scheduler/binding.dart:1347:9)
#47     AutomatedTestWidgetsFlutterBinding.pump.<anonymous closure> (package:flutter_test/src/binding.dart:1335:9)
#50     TestAsyncUtils.guard (package:flutter_test/src/test_async_utils.dart:74:41)
#51     AutomatedTestWidgetsFlutterBinding.pump (package:flutter_test/src/binding.dart:1324:27)
#52     WidgetTester.pumpAndSettle.<anonymous closure> (package:flutter_test/src/widget_tester.dart:719:23)
<asynchronous suspension>
#53     TestAsyncUtils.guard.<anonymous closure> (package:flutter_test/src/test_async_utils.dart:130:27)
<asynchronous suspension>
#54     main.<anonymous closure> (file:///D:/Mystery/programming/projects/PYTHON_PROJECTS/focus/focus_gg/focus_flutter/test/widget_test.dart:20:5)
<asynchronous suspension>
#55     testWidgets.<anonymous closure>.<anonymous closure> (package:flutter_test/src/widget_tester.dart:192:15)
<asynchronous suspension>
#56     TestWidgetsFlutterBinding._runTestBody (package:flutter_test/src/binding.dart:1059:5)
<asynchronous suspension>
<asynchronous suspension>
(elided 5 frames from class _AssertionError, dart:async, and package:stack_trace)

The following RenderObject was being processed when the exception was fired: RenderFractionalTranslation#3e3c5 relayoutBoundary=up15 NEEDS-LAYOUT NEEDS-PAINT:
  needs compositing
  creator: FractionalTranslation ΓåÉ SlideTransition ΓåÉ Animate ΓåÉ Column ΓåÉ Padding ΓåÉ ConstrainedBox ΓåÉ
    Align ΓåÉ PageContainer ΓåÉ Padding ΓåÉ _SingleChildViewport ΓåÉ IgnorePointer-[GlobalKey#2ac55] ΓåÉ
    Semantics ΓåÉ Γï»
  parentData: offset=Offset(0.0, 0.0); flex=null; fit=null (can use size)
  constraints: BoxConstraints(w=752.0, 0.0<=h<=Infinity)
  size: MISSING
  translation: Offset(0.0, 0.0)
  transformHitTests: true
This RenderObject had the following descendants (showing up to depth 5):
    child: RenderAnimatedOpacity#376cd relayoutBoundary=up16 NEEDS-PAINT
      child: RenderStack#942f2 relayoutBoundary=up17 NEEDS-PAINT
        child 1: RenderDecoratedBox#2388f NEEDS-LAYOUT NEEDS-PAINT
          child: RenderPadding#b6df0 NEEDS-LAYOUT NEEDS-PAINT
            child: RenderLimitedBox#53077 NEEDS-LAYOUT NEEDS-PAINT
        child 2: RenderSemanticsGestureHandler#fcad4 relayoutBoundary=up18 NEEDS-PAINT
          child: RenderPointerListener#9059c relayoutBoundary=up19 NEEDS-PAINT
            child: RenderStack#9d9e2 relayoutBoundary=up20 NEEDS-PAINT
ΓòÉΓòÉΓòÉΓòÉΓòÉΓòÉΓòÉΓòÉΓòÉΓòÉΓòÉΓòÉΓòÉΓòÉΓòÉΓòÉΓòÉΓòÉΓòÉΓòÉΓòÉΓòÉΓòÉΓòÉΓòÉΓòÉΓòÉΓòÉΓòÉΓòÉΓòÉΓòÉΓòÉΓòÉΓòÉΓòÉΓòÉΓòÉΓòÉΓòÉΓòÉΓòÉΓòÉΓòÉΓòÉΓòÉΓòÉΓòÉΓòÉΓòÉΓòÉΓòÉΓòÉΓòÉΓòÉΓòÉΓòÉΓòÉΓòÉΓòÉΓòÉΓòÉΓòÉΓòÉΓòÉΓòÉΓòÉΓòÉΓòÉΓòÉΓòÉΓòÉΓòÉΓòÉΓòÉΓòÉΓòÉΓòÉΓòÉΓòÉΓòÉΓòÉΓòÉΓòÉΓòÉΓòÉΓòÉΓòÉΓòÉΓòÉΓòÉΓòÉΓòÉΓòÉΓòÉΓòÉΓòÉΓòÉΓòÉΓòÉ
ΓòÉΓòÉΓòí EXCEPTION CAUGHT BY RENDERING LIBRARY Γò₧ΓòÉΓòÉΓòÉΓòÉΓòÉΓòÉΓòÉΓòÉΓòÉΓòÉΓòÉΓòÉΓòÉΓòÉΓòÉΓòÉΓòÉΓòÉΓòÉΓòÉΓòÉΓòÉΓòÉΓòÉΓòÉΓòÉΓòÉΓòÉΓòÉΓòÉΓòÉΓòÉΓòÉΓòÉΓòÉΓòÉΓòÉΓòÉΓòÉΓòÉΓòÉΓòÉΓòÉΓòÉΓòÉΓòÉΓòÉΓòÉΓòÉΓòÉΓòÉΓòÉΓòÉΓòÉΓòÉΓòÉΓòÉ
The following assertion was thrown during performLayout():
RenderBox was not laid out: RenderFractionalTranslation#3e3c5 relayoutBoundary=up15 NEEDS-PAINT
'package:flutter/src/rendering/box.dart':
Failed assertion: line 2251 pos 12: 'hasSize'

Either the assertion indicates an error in the framework itself, or we should provide substantially
more information in this error message to help you determine and fix the underlying cause.
In either case, please report this assertion by filing a bug on GitHub:
  https://github.com/flutter/flutter/issues/new?template=02_bug.yml

The relevant error-causing widget was:
  Column
  Column:file:///D:/Mystery/programming/projects/PYTHON_PROJECTS/focus/focus_gg/focus_flutter/lib/features/dashboard/dashboard_screen.dart:135:18

When the exception was thrown, this was the stack:
#2      RenderBox.size (package:flutter/src/rendering/box.dart:2251:12)
#3      ChildLayoutHelper.layoutChild (package:flutter/src/rendering/layout_helper.dart:63:18)
#4      RenderFlex._computeSizes (package:flutter/src/rendering/flex.dart:1161:28)
#5      RenderFlex.performLayout (package:flutter/src/rendering/flex.dart:1257:32)
#6      RenderObject.layout (package:flutter/src/rendering/object.dart:2775:7)
#7      RenderPadding.performLayout (package:flutter/src/rendering/shifted_box.dart:243:12)
#8      RenderObject.layout (package:flutter/src/rendering/object.dart:2775:7)
#9      RenderConstrainedBox.performLayout (package:flutter/src/rendering/proxy_box.dart:293:14)
#10     RenderObject.layout (package:flutter/src/rendering/object.dart:2775:7)
#11     RenderPositionedBox.performLayout (package:flutter/src/rendering/shifted_box.dart:465:14)
#12     RenderObject.layout (package:flutter/src/rendering/object.dart:2775:7)
#13     RenderPadding.performLayout (package:flutter/src/rendering/shifted_box.dart:243:12)
#14     RenderObject.layout (package:flutter/src/rendering/object.dart:2775:7)
#15     _RenderSingleChildViewport.performLayout (package:flutter/src/widgets/single_child_scroll_view.dart:502:14)
#16     RenderObject.layout (package:flutter/src/rendering/object.dart:2775:7)
#17     RenderProxyBoxMixin.performLayout (package:flutter/src/rendering/proxy_box.dart:115:18)
#18     RenderObject.layout (package:flutter/src/rendering/object.dart:2775:7)
#19     RenderProxyBoxMixin.performLayout (package:flutter/src/rendering/proxy_box.dart:115:18)
#20     RenderObject.layout (package:flutter/src/rendering/object.dart:2775:7)
#21     RenderProxyBoxMixin.performLayout (package:flutter/src/rendering/proxy_box.dart:115:18)
#22     RenderObject.layout (package:flutter/src/rendering/object.dart:2775:7)
#23     RenderProxyBoxMixin.performLayout (package:flutter/src/rendering/proxy_box.dart:115:18)
#24     RenderObject.layout (package:flutter/src/rendering/object.dart:2775:7)
#25     RenderProxyBoxMixin.performLayout (package:flutter/src/rendering/proxy_box.dart:115:18)
#26     RenderObject.layout (package:flutter/src/rendering/object.dart:2775:7)
#27     RenderProxyBoxMixin.performLayout (package:flutter/src/rendering/proxy_box.dart:115:18)
#28     RenderObject.layout (package:flutter/src/rendering/object.dart:2775:7)
#29     RenderProxyBoxMixin.performLayout (package:flutter/src/rendering/proxy_box.dart:115:18)
#30     RenderObject.layout (package:flutter/src/rendering/object.dart:2775:7)
#31     RenderProxyBoxMixin.performLayout (package:flutter/src/rendering/proxy_box.dart:115:18)
#32     _RenderCustomClip.performLayout (package:flutter/src/rendering/proxy_box.dart:1481:11)
#33     RenderObject.layout (package:flutter/src/rendering/object.dart:2775:7)
#34     MultiChildLayoutDelegate.layoutChild (package:flutter/src/rendering/custom_layout.dart:180:12)
#35     _ScaffoldLayout.performLayout (package:flutter/src/material/scaffold.dart:1112:7)
#36     MultiChildLayoutDelegate._callPerformLayout (package:flutter/src/rendering/custom_layout.dart:249:7)
#37     RenderCustomMultiChildLayoutBox.performLayout (package:flutter/src/rendering/custom_layout.dart:420:14)
#38     RenderObject._layoutWithoutResize (package:flutter/src/rendering/object.dart:2623:7)
#39     PipelineOwner.flushLayout (package:flutter/src/rendering/object.dart:1170:18)
#40     PipelineOwner.flushLayout (package:flutter/src/rendering/object.dart:1183:15)
#41     AutomatedTestWidgetsFlutterBinding.drawFrame (package:flutter_test/src/binding.dart:1508:27)
#42     RendererBinding._handlePersistentFrameCallback (package:flutter/src/rendering/binding.dart:495:5)
#43     SchedulerBinding._invokeFrameCallback (package:flutter/src/scheduler/binding.dart:1434:15)
#44     SchedulerBinding.handleDrawFrame (package:flutter/src/scheduler/binding.dart:1347:9)
#45     AutomatedTestWidgetsFlutterBinding.pump.<anonymous closure> (package:flutter_test/src/binding.dart:1335:9)
#48     TestAsyncUtils.guard (package:flutter_test/src/test_async_utils.dart:74:41)
#49     AutomatedTestWidgetsFlutterBinding.pump (package:flutter_test/src/binding.dart:1324:27)
#50     WidgetTester.pumpAndSettle.<anonymous closure> (package:flutter_test/src/widget_tester.dart:719:23)
<asynchronous suspension>
#51     TestAsyncUtils.guard.<anonymous closure> (package:flutter_test/src/test_async_utils.dart:130:27)
<asynchronous suspension>
#52     main.<anonymous closure> (file:///D:/Mystery/programming/projects/PYTHON_PROJECTS/focus/focus_gg/focus_flutter/test/widget_test.dart:20:5)
<asynchronous suspension>
#53     testWidgets.<anonymous closure>.<anonymous closure> (package:flutter_test/src/widget_tester.dart:192:15)
<asynchronous suspension>
#54     TestWidgetsFlutterBinding._runTestBody (package:flutter_test/src/binding.dart:1059:5)
<asynchronous suspension>
<asynchronous suspension>
(elided 5 frames from class _AssertionError, dart:async, and package:stack_trace)

The following RenderObject was being processed when the exception was fired: RenderFlex#141d3 relayoutBoundary=up14 NEEDS-LAYOUT NEEDS-PAINT:
  needs compositing
  creator: Column ΓåÉ Padding ΓåÉ ConstrainedBox ΓåÉ Align ΓåÉ PageContainer ΓåÉ Padding ΓåÉ _SingleChildViewport
    ΓåÉ IgnorePointer-[GlobalKey#2ac55] ΓåÉ Semantics ΓåÉ Listener ΓåÉ _GestureSemantics ΓåÉ
    RawGestureDetector-[LabeledGlobalKey<RawGestureDetectorState>#b16d0] ΓåÉ Γï»
  parentData: offset=Offset(24.0, 16.0) (can use size)
  constraints: BoxConstraints(0.0<=w<=752.0, 0.0<=h<=Infinity)
  size: MISSING
  direction: vertical
  mainAxisAlignment: start
  mainAxisSize: max
  crossAxisAlignment: stretch
  verticalDirection: down
  spacing: 0.0
This RenderObject had the following descendants (showing up to depth 5):
    child 1: RenderFractionalTranslation#3e3c5 relayoutBoundary=up15 NEEDS-PAINT
      child: RenderAnimatedOpacity#376cd relayoutBoundary=up16 NEEDS-PAINT
        child: RenderStack#942f2 relayoutBoundary=up17 NEEDS-PAINT
          child 1: RenderDecoratedBox#2388f NEEDS-LAYOUT NEEDS-PAINT
            child: RenderPadding#b6df0 NEEDS-LAYOUT NEEDS-PAINT
          child 2: RenderSemanticsGestureHandler#fcad4 relayoutBoundary=up18 NEEDS-PAINT
            child: RenderPointerListener#9059c relayoutBoundary=up19 NEEDS-PAINT
    child 2: RenderConstrainedBox#86da0 NEEDS-LAYOUT NEEDS-PAINT
    child 3: RenderAnimatedOpacity#c08d6 NEEDS-LAYOUT NEEDS-PAINT
      child: RenderSemanticsGestureHandler#ce73c NEEDS-LAYOUT NEEDS-PAINT
        child: RenderPointerListener#91e90 NEEDS-LAYOUT NEEDS-PAINT
          child: RenderStack#80f29 NEEDS-LAYOUT NEEDS-PAINT
            child 1: RenderDecoratedBox#6c0c1 NEEDS-LAYOUT NEEDS-PAINT
    child 4: RenderConstrainedBox#a5c3d NEEDS-LAYOUT NEEDS-PAINT
    child 5: RenderFractionalTranslation#28703 NEEDS-LAYOUT NEEDS-PAINT
      child: RenderAnimatedOpacity#051b4 NEEDS-LAYOUT NEEDS-PAINT
        child: RenderSemanticsGestureHandler#4fefe NEEDS-LAYOUT NEEDS-PAINT
          child: RenderPointerListener#d70a8 NEEDS-LAYOUT NEEDS-PAINT
            child: RenderStack#3b30d NEEDS-LAYOUT NEEDS-PAINT
    child 6: RenderConstrainedBox#0380c NEEDS-LAYOUT NEEDS-PAINT
    child 7: RenderAnimatedOpacity#0f73f NEEDS-LAYOUT NEEDS-PAINT
      child: RenderFlex#70c3c NEEDS-LAYOUT NEEDS-PAINT
        child 1: RenderParagraph#70a78 NEEDS-LAYOUT NEEDS-PAINT
          text: TextSpan
        child 2: RenderSemanticsAnnotations#ad4cd NEEDS-LAYOUT NEEDS-PAINT
          child: _RenderInputPadding#b1a97 NEEDS-LAYOUT NEEDS-PAINT
            child: RenderConstrainedBox#d70ad NEEDS-LAYOUT NEEDS-PAINT
ΓòÉΓòÉΓòÉΓòÉΓòÉΓòÉΓòÉΓòÉΓòÉΓòÉΓòÉΓòÉΓòÉΓòÉΓòÉΓòÉΓòÉΓòÉΓòÉΓòÉΓòÉΓòÉΓòÉΓòÉΓòÉΓòÉΓòÉΓòÉΓòÉΓòÉΓòÉΓòÉΓòÉΓòÉΓòÉΓòÉΓòÉΓòÉΓòÉΓòÉΓòÉΓòÉΓòÉΓòÉΓòÉΓòÉΓòÉΓòÉΓòÉΓòÉΓòÉΓòÉΓòÉΓòÉΓòÉΓòÉΓòÉΓòÉΓòÉΓòÉΓòÉΓòÉΓòÉΓòÉΓòÉΓòÉΓòÉΓòÉΓòÉΓòÉΓòÉΓòÉΓòÉΓòÉΓòÉΓòÉΓòÉΓòÉΓòÉΓòÉΓòÉΓòÉΓòÉΓòÉΓòÉΓòÉΓòÉΓòÉΓòÉΓòÉΓòÉΓòÉΓòÉΓòÉΓòÉΓòÉΓòÉΓòÉΓòÉΓòÉ
ΓòÉΓòÉΓòí EXCEPTION CAUGHT BY RENDERING LIBRARY Γò₧ΓòÉΓòÉΓòÉΓòÉΓòÉΓòÉΓòÉΓòÉΓòÉΓòÉΓòÉΓòÉΓòÉΓòÉΓòÉΓòÉΓòÉΓòÉΓòÉΓòÉΓòÉΓòÉΓòÉΓòÉΓòÉΓòÉΓòÉΓòÉΓòÉΓòÉΓòÉΓòÉΓòÉΓòÉΓòÉΓòÉΓòÉΓòÉΓòÉΓòÉΓòÉΓòÉΓòÉΓòÉΓòÉΓòÉΓòÉΓòÉΓòÉΓòÉΓòÉΓòÉΓòÉΓòÉΓòÉΓòÉΓòÉ
The following assertion was thrown during performLayout():
RenderBox was not laid out: RenderFlex#141d3 relayoutBoundary=up14 NEEDS-PAINT
'package:flutter/src/rendering/box.dart':
Failed assertion: line 2251 pos 12: 'hasSize'

Either the assertion indicates an error in the framework itself, or we should provide substantially
more information in this error message to help you determine and fix the underlying cause.
In either case, please report this assertion by filing a bug on GitHub:
  https://github.com/flutter/flutter/issues/new?template=02_bug.yml

The relevant error-causing widget was:
  Padding
  Padding:file:///D:/Mystery/programming/projects/PYTHON_PROJECTS/focus/focus_gg/focus_flutter/lib/shared/widgets/page_container.dart:25:16

When the exception was thrown, this was the stack:
#2      RenderBox.size (package:flutter/src/rendering/box.dart:2251:12)
#3      RenderPadding.performLayout (package:flutter/src/rendering/shifted_box.dart:247:40)
#4      RenderObject.layout (package:flutter/src/rendering/object.dart:2775:7)
#5      RenderConstrainedBox.performLayout (package:flutter/src/rendering/proxy_box.dart:293:14)
#6      RenderObject.layout (package:flutter/src/rendering/object.dart:2775:7)
#7      RenderPositionedBox.performLayout (package:flutter/src/rendering/shifted_box.dart:465:14)
#8      RenderObject.layout (package:flutter/src/rendering/object.dart:2775:7)
#9      RenderPadding.performLayout (package:flutter/src/rendering/shifted_box.dart:243:12)
#10     RenderObject.layout (package:flutter/src/rendering/object.dart:2775:7)
#11     _RenderSingleChildViewport.performLayout (package:flutter/src/widgets/single_child_scroll_view.dart:502:14)
#12     RenderObject.layout (package:flutter/src/rendering/object.dart:2775:7)
#13     RenderProxyBoxMixin.performLayout (package:flutter/src/rendering/proxy_box.dart:115:18)
#14     RenderObject.layout (package:flutter/src/rendering/object.dart:2775:7)
#15     RenderProxyBoxMixin.performLayout (package:flutter/src/rendering/proxy_box.dart:115:18)
#16     RenderObject.layout (package:flutter/src/rendering/object.dart:2775:7)
#17     RenderProxyBoxMixin.performLayout (package:flutter/src/rendering/proxy_box.dart:115:18)
#18     RenderObject.layout (package:flutter/src/rendering/object.dart:2775:7)
#19     RenderProxyBoxMixin.performLayout (package:flutter/src/rendering/proxy_box.dart:115:18)
#20     RenderObject.layout (package:flutter/src/rendering/object.dart:2775:7)
#21     RenderProxyBoxMixin.performLayout (package:flutter/src/rendering/proxy_box.dart:115:18)
#22     RenderObject.layout (package:flutter/src/rendering/object.dart:2775:7)
#23     RenderProxyBoxMixin.performLayout (package:flutter/src/rendering/proxy_box.dart:115:18)
#24     RenderObject.layout (package:flutter/src/rendering/object.dart:2775:7)
#25     RenderProxyBoxMixin.performLayout (package:flutter/src/rendering/proxy_box.dart:115:18)
#26     RenderObject.layout (package:flutter/src/rendering/object.dart:2775:7)
#27     RenderProxyBoxMixin.performLayout (package:flutter/src/rendering/proxy_box.dart:115:18)
#28     _RenderCustomClip.performLayout (package:flutter/src/rendering/proxy_box.dart:1481:11)
#29     RenderObject.layout (package:flutter/src/rendering/object.dart:2775:7)
#30     MultiChildLayoutDelegate.layoutChild (package:flutter/src/rendering/custom_layout.dart:180:12)
#31     _ScaffoldLayout.performLayout (package:flutter/src/material/scaffold.dart:1112:7)
#32     MultiChildLayoutDelegate._callPerformLayout (package:flutter/src/rendering/custom_layout.dart:249:7)
#33     RenderCustomMultiChildLayoutBox.performLayout (package:flutter/src/rendering/custom_layout.dart:420:14)
#34     RenderObject._layoutWithoutResize (package:flutter/src/rendering/object.dart:2623:7)
#35     PipelineOwner.flushLayout (package:flutter/src/rendering/object.dart:1170:18)
#36     PipelineOwner.flushLayout (package:flutter/src/rendering/object.dart:1183:15)
#37     AutomatedTestWidgetsFlutterBinding.drawFrame (package:flutter_test/src/binding.dart:1508:27)
#38     RendererBinding._handlePersistentFrameCallback (package:flutter/src/rendering/binding.dart:495:5)
#39     SchedulerBinding._invokeFrameCallback (package:flutter/src/scheduler/binding.dart:1434:15)
#40     SchedulerBinding.handleDrawFrame (package:flutter/src/scheduler/binding.dart:1347:9)
#41     AutomatedTestWidgetsFlutterBinding.pump.<anonymous closure> (package:flutter_test/src/binding.dart:1335:9)
#44     TestAsyncUtils.guard (package:flutter_test/src/test_async_utils.dart:74:41)
#45     AutomatedTestWidgetsFlutterBinding.pump (package:flutter_test/src/binding.dart:1324:27)
#46     WidgetTester.pumpAndSettle.<anonymous closure> (package:flutter_test/src/widget_tester.dart:719:23)
<asynchronous suspension>
#47     TestAsyncUtils.guard.<anonymous closure> (package:flutter_test/src/test_async_utils.dart:130:27)
<asynchronous suspension>
#48     main.<anonymous closure> (file:///D:/Mystery/programming/projects/PYTHON_PROJECTS/focus/focus_gg/focus_flutter/test/widget_test.dart:20:5)
<asynchronous suspension>
#49     testWidgets.<anonymous closure>.<anonymous closure> (package:flutter_test/src/widget_tester.dart:192:15)
<asynchronous suspension>
#50     TestWidgetsFlutterBinding._runTestBody (package:flutter_test/src/binding.dart:1059:5)
<asynchronous suspension>
<asynchronous suspension>
(elided 5 frames from class _AssertionError, dart:async, and package:stack_trace)

The following RenderObject was being processed when the exception was fired: RenderPadding#91361 relayoutBoundary=up13 NEEDS-LAYOUT NEEDS-PAINT:
  needs compositing
  creator: Padding ΓåÉ ConstrainedBox ΓåÉ Align ΓåÉ PageContainer ΓåÉ Padding ΓåÉ _SingleChildViewport ΓåÉ
    IgnorePointer-[GlobalKey#2ac55] ΓåÉ Semantics ΓåÉ Listener ΓåÉ _GestureSemantics ΓåÉ
    RawGestureDetector-[LabeledGlobalKey<RawGestureDetectorState>#b16d0] ΓåÉ Listener ΓåÉ Γï»
  parentData: <none> (can use size)
  constraints: BoxConstraints(0.0<=w<=800.0, 0.0<=h<=Infinity)
  size: MISSING
  padding: EdgeInsets(24.0, 16.0, 24.0, 16.0)
  textDirection: ltr
This RenderObject had the following descendants (showing up to depth 5):
    child: RenderFlex#141d3 relayoutBoundary=up14 NEEDS-PAINT
      child 1: RenderFractionalTranslation#3e3c5 relayoutBoundary=up15 NEEDS-PAINT
        child: RenderAnimatedOpacity#376cd relayoutBoundary=up16 NEEDS-PAINT
          child: RenderStack#942f2 relayoutBoundary=up17 NEEDS-PAINT
            child 1: RenderDecoratedBox#2388f NEEDS-LAYOUT NEEDS-PAINT
            child 2: RenderSemanticsGestureHandler#fcad4 relayoutBoundary=up18 NEEDS-PAINT
      child 2: RenderConstrainedBox#86da0 NEEDS-LAYOUT NEEDS-PAINT
      child 3: RenderAnimatedOpacity#c08d6 NEEDS-LAYOUT NEEDS-PAINT
        child: RenderSemanticsGestureHandler#ce73c NEEDS-LAYOUT NEEDS-PAINT
          child: RenderPointerListener#91e90 NEEDS-LAYOUT NEEDS-PAINT
            child: RenderStack#80f29 NEEDS-LAYOUT NEEDS-PAINT
      child 4: RenderConstrainedBox#a5c3d NEEDS-LAYOUT NEEDS-PAINT
      child 5: RenderFractionalTranslation#28703 NEEDS-LAYOUT NEEDS-PAINT
        child: RenderAnimatedOpacity#051b4 NEEDS-LAYOUT NEEDS-PAINT
          child: RenderSemanticsGestureHandler#4fefe NEEDS-LAYOUT NEEDS-PAINT
            child: RenderPointerListener#d70a8 NEEDS-LAYOUT NEEDS-PAINT
      child 6: RenderConstrainedBox#0380c NEEDS-LAYOUT NEEDS-PAINT
      child 7: RenderAnimatedOpacity#0f73f NEEDS-LAYOUT NEEDS-PAINT
        child: RenderFlex#70c3c NEEDS-LAYOUT NEEDS-PAINT
          child 1: RenderParagraph#70a78 NEEDS-LAYOUT NEEDS-PAINT
            text: TextSpan
          child 2: RenderSemanticsAnnotations#ad4cd NEEDS-LAYOUT NEEDS-PAINT
            child: _RenderInputPadding#b1a97 NEEDS-LAYOUT NEEDS-PAINT
      child 8: RenderConstrainedBox#d560d NEEDS-LAYOUT NEEDS-PAINT
      child 9: RenderAnimatedOpacity#0f4f6 NEEDS-LAYOUT NEEDS-PAINT
        child: RenderSemanticsGestureHandler#0bd1a NEEDS-LAYOUT NEEDS-PAINT
          child: RenderPointerListener#30531 NEEDS-LAYOUT NEEDS-PAINT
            child: RenderStack#05a03 NEEDS-LAYOUT NEEDS-PAINT
ΓòÉΓòÉΓòÉΓòÉΓòÉΓòÉΓòÉΓòÉΓòÉΓòÉΓòÉΓòÉΓòÉΓòÉΓòÉΓòÉΓòÉΓòÉΓòÉΓòÉΓòÉΓòÉΓòÉΓòÉΓòÉΓòÉΓòÉΓòÉΓòÉΓòÉΓòÉΓòÉΓòÉΓòÉΓòÉΓòÉΓòÉΓòÉΓòÉΓòÉΓòÉΓòÉΓòÉΓòÉΓòÉΓòÉΓòÉΓòÉΓòÉΓòÉΓòÉΓòÉΓòÉΓòÉΓòÉΓòÉΓòÉΓòÉΓòÉΓòÉΓòÉΓòÉΓòÉΓòÉΓòÉΓòÉΓòÉΓòÉΓòÉΓòÉΓòÉΓòÉΓòÉΓòÉΓòÉΓòÉΓòÉΓòÉΓòÉΓòÉΓòÉΓòÉΓòÉΓòÉΓòÉΓòÉΓòÉΓòÉΓòÉΓòÉΓòÉΓòÉΓòÉΓòÉΓòÉΓòÉΓòÉΓòÉΓòÉΓòÉ
ΓòÉΓòÉΓòí EXCEPTION CAUGHT BY RENDERING LIBRARY Γò₧ΓòÉΓòÉΓòÉΓòÉΓòÉΓòÉΓòÉΓòÉΓòÉΓòÉΓòÉΓòÉΓòÉΓòÉΓòÉΓòÉΓòÉΓòÉΓòÉΓòÉΓòÉΓòÉΓòÉΓòÉΓòÉΓòÉΓòÉΓòÉΓòÉΓòÉΓòÉΓòÉΓòÉΓòÉΓòÉΓòÉΓòÉΓòÉΓòÉΓòÉΓòÉΓòÉΓòÉΓòÉΓòÉΓòÉΓòÉΓòÉΓòÉΓòÉΓòÉΓòÉΓòÉΓòÉΓòÉΓòÉΓòÉ
The following assertion was thrown during performLayout():
RenderBox was not laid out: RenderPadding#91361 relayoutBoundary=up13 NEEDS-PAINT
'package:flutter/src/rendering/box.dart':
Failed assertion: line 2251 pos 12: 'hasSize'

Either the assertion indicates an error in the framework itself, or we should provide substantially
more information in this error message to help you determine and fix the underlying cause.
In either case, please report this assertion by filing a bug on GitHub:
  https://github.com/flutter/flutter/issues/new?template=02_bug.yml

The relevant error-causing widget was:
  ConstrainedBox
  ConstrainedBox:file:///D:/Mystery/programming/projects/PYTHON_PROJECTS/focus/focus_gg/focus_flutter/lib/shared/widgets/page_container.dart:23:14

When the exception was thrown, this was the stack:
#2      RenderBox.size (package:flutter/src/rendering/box.dart:2251:12)
#3      RenderConstrainedBox.performLayout (package:flutter/src/rendering/proxy_box.dart:294:21)
#4      RenderObject.layout (package:flutter/src/rendering/object.dart:2775:7)
#5      RenderPositionedBox.performLayout (package:flutter/src/rendering/shifted_box.dart:465:14)
#6      RenderObject.layout (package:flutter/src/rendering/object.dart:2775:7)
#7      RenderPadding.performLayout (package:flutter/src/rendering/shifted_box.dart:243:12)
#8      RenderObject.layout (package:flutter/src/rendering/object.dart:2775:7)
#9      _RenderSingleChildViewport.performLayout (package:flutter/src/widgets/single_child_scroll_view.dart:502:14)
#10     RenderObject.layout (package:flutter/src/rendering/object.dart:2775:7)
#11     RenderProxyBoxMixin.performLayout (package:flutter/src/rendering/proxy_box.dart:115:18)
#12     RenderObject.layout (package:flutter/src/rendering/object.dart:2775:7)
#13     RenderProxyBoxMixin.performLayout (package:flutter/src/rendering/proxy_box.dart:115:18)
#14     RenderObject.layout (package:flutter/src/rendering/object.dart:2775:7)
#15     RenderProxyBoxMixin.performLayout (package:flutter/src/rendering/proxy_box.dart:115:18)
#16     RenderObject.layout (package:flutter/src/rendering/object.dart:2775:7)
#17     RenderProxyBoxMixin.performLayout (package:flutter/src/rendering/proxy_box.dart:115:18)
#18     RenderObject.layout (package:flutter/src/rendering/object.dart:2775:7)
#19     RenderProxyBoxMixin.performLayout (package:flutter/src/rendering/proxy_box.dart:115:18)
#20     RenderObject.layout (package:flutter/src/rendering/object.dart:2775:7)
#21     RenderProxyBoxMixin.performLayout (package:flutter/src/rendering/proxy_box.dart:115:18)
#22     RenderObject.layout (package:flutter/src/rendering/object.dart:2775:7)
#23     RenderProxyBoxMixin.performLayout (package:flutter/src/rendering/proxy_box.dart:115:18)
#24     RenderObject.layout (package:flutter/src/rendering/object.dart:2775:7)
#25     RenderProxyBoxMixin.performLayout (package:flutter/src/rendering/proxy_box.dart:115:18)
#26     _RenderCustomClip.performLayout (package:flutter/src/rendering/proxy_box.dart:1481:11)
#27     RenderObject.layout (package:flutter/src/rendering/object.dart:2775:7)
#28     MultiChildLayoutDelegate.layoutChild (package:flutter/src/rendering/custom_layout.dart:180:12)
#29     _ScaffoldLayout.performLayout (package:flutter/src/material/scaffold.dart:1112:7)
#30     MultiChildLayoutDelegate._callPerformLayout (package:flutter/src/rendering/custom_layout.dart:249:7)
#31     RenderCustomMultiChildLayoutBox.performLayout (package:flutter/src/rendering/custom_layout.dart:420:14)
#32     RenderObject._layoutWithoutResize (package:flutter/src/rendering/object.dart:2623:7)
#33     PipelineOwner.flushLayout (package:flutter/src/rendering/object.dart:1170:18)
#34     PipelineOwner.flushLayout (package:flutter/src/rendering/object.dart:1183:15)
#35     AutomatedTestWidgetsFlutterBinding.drawFrame (package:flutter_test/src/binding.dart:1508:27)
#36     RendererBinding._handlePersistentFrameCallback (package:flutter/src/rendering/binding.dart:495:5)
#37     SchedulerBinding._invokeFrameCallback (package:flutter/src/scheduler/binding.dart:1434:15)
#38     SchedulerBinding.handleDrawFrame (package:flutter/src/scheduler/binding.dart:1347:9)
#39     AutomatedTestWidgetsFlutterBinding.pump.<anonymous closure> (package:flutter_test/src/binding.dart:1335:9)
#42     TestAsyncUtils.guard (package:flutter_test/src/test_async_utils.dart:74:41)
#43     AutomatedTestWidgetsFlutterBinding.pump (package:flutter_test/src/binding.dart:1324:27)
#44     WidgetTester.pumpAndSettle.<anonymous closure> (package:flutter_test/src/widget_tester.dart:719:23)
<asynchronous suspension>
#45     TestAsyncUtils.guard.<anonymous closure> (package:flutter_test/src/test_async_utils.dart:130:27)
<asynchronous suspension>
#46     main.<anonymous closure> (file:///D:/Mystery/programming/projects/PYTHON_PROJECTS/focus/focus_gg/focus_flutter/test/widget_test.dart:20:5)
<asynchronous suspension>
#47     testWidgets.<anonymous closure>.<anonymous closure> (package:flutter_test/src/widget_tester.dart:192:15)
<asynchronous suspension>
#48     TestWidgetsFlutterBinding._runTestBody (package:flutter_test/src/binding.dart:1059:5)
<asynchronous suspension>
<asynchronous suspension>
(elided 5 frames from class _AssertionError, dart:async, and package:stack_trace)

The following RenderObject was being processed when the exception was fired: RenderConstrainedBox#89b07 relayoutBoundary=up12 NEEDS-LAYOUT NEEDS-PAINT:
  needs compositing
  creator: ConstrainedBox ΓåÉ Align ΓåÉ PageContainer ΓåÉ Padding ΓåÉ _SingleChildViewport ΓåÉ
    IgnorePointer-[GlobalKey#2ac55] ΓåÉ Semantics ΓåÉ Listener ΓåÉ _GestureSemantics ΓåÉ
    RawGestureDetector-[LabeledGlobalKey<RawGestureDetectorState>#b16d0] ΓåÉ Listener ΓåÉ _ScrollableScope
    ΓåÉ Γï»
  parentData: offset=Offset(0.0, 0.0) (can use size)
  constraints: BoxConstraints(0.0<=w<=800.0, 0.0<=h<=Infinity)
  size: MISSING
  additionalConstraints: BoxConstraints(0.0<=w<=1120.0, 0.0<=h<=Infinity)
This RenderObject had the following descendants (showing up to depth 5):
    child: RenderPadding#91361 relayoutBoundary=up13 NEEDS-PAINT
      child: RenderFlex#141d3 relayoutBoundary=up14 NEEDS-PAINT
        child 1: RenderFractionalTranslation#3e3c5 relayoutBoundary=up15 NEEDS-PAINT
          child: RenderAnimatedOpacity#376cd relayoutBoundary=up16 NEEDS-PAINT
            child: RenderStack#942f2 relayoutBoundary=up17 NEEDS-PAINT
        child 2: RenderConstrainedBox#86da0 NEEDS-LAYOUT NEEDS-PAINT
        child 3: RenderAnimatedOpacity#c08d6 NEEDS-LAYOUT NEEDS-PAINT
          child: RenderSemanticsGestureHandler#ce73c NEEDS-LAYOUT NEEDS-PAINT
            child: RenderPointerListener#91e90 NEEDS-LAYOUT NEEDS-PAINT
        child 4: RenderConstrainedBox#a5c3d NEEDS-LAYOUT NEEDS-PAINT
        child 5: RenderFractionalTranslation#28703 NEEDS-LAYOUT NEEDS-PAINT
          child: RenderAnimatedOpacity#051b4 NEEDS-LAYOUT NEEDS-PAINT
            child: RenderSemanticsGestureHandler#4fefe NEEDS-LAYOUT NEEDS-PAINT
        child 6: RenderConstrainedBox#0380c NEEDS-LAYOUT NEEDS-PAINT
        child 7: RenderAnimatedOpacity#0f73f NEEDS-LAYOUT NEEDS-PAINT
          child: RenderFlex#70c3c NEEDS-LAYOUT NEEDS-PAINT
            child 1: RenderParagraph#70a78 NEEDS-LAYOUT NEEDS-PAINT
            child 2: RenderSemanticsAnnotations#ad4cd NEEDS-LAYOUT NEEDS-PAINT
        child 8: RenderConstrainedBox#d560d NEEDS-LAYOUT NEEDS-PAINT
        child 9: RenderAnimatedOpacity#0f4f6 NEEDS-LAYOUT NEEDS-PAINT
          child: RenderSemanticsGestureHandler#0bd1a NEEDS-LAYOUT NEEDS-PAINT
            child: RenderPointerListener#30531 NEEDS-LAYOUT NEEDS-PAINT
        child 10: RenderConstrainedBox#fe898 NEEDS-LAYOUT NEEDS-PAINT
        child 11: RenderAnimatedOpacity#bfbeb NEEDS-LAYOUT NEEDS-PAINT
          child: RenderFlex#9184b NEEDS-LAYOUT NEEDS-PAINT
            child 1: RenderParagraph#d268a NEEDS-LAYOUT NEEDS-PAINT
            child 2: RenderSemanticsAnnotations#6f17d NEEDS-LAYOUT NEEDS-PAINT
    ...(descendants list truncated after 25 lines)
ΓòÉΓòÉΓòÉΓòÉΓòÉΓòÉΓòÉΓòÉΓòÉΓòÉΓòÉΓòÉΓòÉΓòÉΓòÉΓòÉΓòÉΓòÉΓòÉΓòÉΓòÉΓòÉΓòÉΓòÉΓòÉΓòÉΓòÉΓòÉΓòÉΓòÉΓòÉΓòÉΓòÉΓòÉΓòÉΓòÉΓòÉΓòÉΓòÉΓòÉΓòÉΓòÉΓòÉΓòÉΓòÉΓòÉΓòÉΓòÉΓòÉΓòÉΓòÉΓòÉΓòÉΓòÉΓòÉΓòÉΓòÉΓòÉΓòÉΓòÉΓòÉΓòÉΓòÉΓòÉΓòÉΓòÉΓòÉΓòÉΓòÉΓòÉΓòÉΓòÉΓòÉΓòÉΓòÉΓòÉΓòÉΓòÉΓòÉΓòÉΓòÉΓòÉΓòÉΓòÉΓòÉΓòÉΓòÉΓòÉΓòÉΓòÉΓòÉΓòÉΓòÉΓòÉΓòÉΓòÉΓòÉΓòÉΓòÉΓòÉ
ΓòÉΓòÉΓòí EXCEPTION CAUGHT BY RENDERING LIBRARY Γò₧ΓòÉΓòÉΓòÉΓòÉΓòÉΓòÉΓòÉΓòÉΓòÉΓòÉΓòÉΓòÉΓòÉΓòÉΓòÉΓòÉΓòÉΓòÉΓòÉΓòÉΓòÉΓòÉΓòÉΓòÉΓòÉΓòÉΓòÉΓòÉΓòÉΓòÉΓòÉΓòÉΓòÉΓòÉΓòÉΓòÉΓòÉΓòÉΓòÉΓòÉΓòÉΓòÉΓòÉΓòÉΓòÉΓòÉΓòÉΓòÉΓòÉΓòÉΓòÉΓòÉΓòÉΓòÉΓòÉΓòÉΓòÉ
The following assertion was thrown during performLayout():
RenderBox was not laid out: RenderConstrainedBox#89b07 relayoutBoundary=up12 NEEDS-PAINT
'package:flutter/src/rendering/box.dart':
Failed assertion: line 2251 pos 12: 'hasSize'

Either the assertion indicates an error in the framework itself, or we should provide substantially
more information in this error message to help you determine and fix the underlying cause.
In either case, please report this assertion by filing a bug on GitHub:
  https://github.com/flutter/flutter/issues/new?template=02_bug.yml

The relevant error-causing widget was:
  Align
  Align:file:///D:/Mystery/programming/projects/PYTHON_PROJECTS/focus/focus_gg/focus_flutter/lib/shared/widgets/page_container.dart:21:12

When the exception was thrown, this was the stack:
#2      RenderBox.size (package:flutter/src/rendering/box.dart:2251:12)
#3      RenderPositionedBox.performLayout (package:flutter/src/rendering/shifted_box.dart:469:37)
#4      RenderObject.layout (package:flutter/src/rendering/object.dart:2775:7)
#5      RenderPadding.performLayout (package:flutter/src/rendering/shifted_box.dart:243:12)
#6      RenderObject.layout (package:flutter/src/rendering/object.dart:2775:7)
#7      _RenderSingleChildViewport.performLayout (package:flutter/src/widgets/single_child_scroll_view.dart:502:14)
#8      RenderObject.layout (package:flutter/src/rendering/object.dart:2775:7)
#9      RenderProxyBoxMixin.performLayout (package:flutter/src/rendering/proxy_box.dart:115:18)
#10     RenderObject.layout (package:flutter/src/rendering/object.dart:2775:7)
#11     RenderProxyBoxMixin.performLayout (package:flutter/src/rendering/proxy_box.dart:115:18)
#12     RenderObject.layout (package:flutter/src/rendering/object.dart:2775:7)
#13     RenderProxyBoxMixin.performLayout (package:flutter/src/rendering/proxy_box.dart:115:18)
#14     RenderObject.layout (package:flutter/src/rendering/object.dart:2775:7)
#15     RenderProxyBoxMixin.performLayout (package:flutter/src/rendering/proxy_box.dart:115:18)
#16     RenderObject.layout (package:flutter/src/rendering/object.dart:2775:7)
#17     RenderProxyBoxMixin.performLayout (package:flutter/src/rendering/proxy_box.dart:115:18)
#18     RenderObject.layout (package:flutter/src/rendering/object.dart:2775:7)
#19     RenderProxyBoxMixin.performLayout (package:flutter/src/rendering/proxy_box.dart:115:18)
#20     RenderObject.layout (package:flutter/src/rendering/object.dart:2775:7)
#21     RenderProxyBoxMixin.performLayout (package:flutter/src/rendering/proxy_box.dart:115:18)
#22     RenderObject.layout (package:flutter/src/rendering/object.dart:2775:7)
#23     RenderProxyBoxMixin.performLayout (package:flutter/src/rendering/proxy_box.dart:115:18)
#24     _RenderCustomClip.performLayout (package:flutter/src/rendering/proxy_box.dart:1481:11)
#25     RenderObject.layout (package:flutter/src/rendering/object.dart:2775:7)
#26     MultiChildLayoutDelegate.layoutChild (package:flutter/src/rendering/custom_layout.dart:180:12)
#27     _ScaffoldLayout.performLayout (package:flutter/src/material/scaffold.dart:1112:7)
#28     MultiChildLayoutDelegate._callPerformLayout (package:flutter/src/rendering/custom_layout.dart:249:7)
#29     RenderCustomMultiChildLayoutBox.performLayout (package:flutter/src/rendering/custom_layout.dart:420:14)
#30     RenderObject._layoutWithoutResize (package:flutter/src/rendering/object.dart:2623:7)
#31     PipelineOwner.flushLayout (package:flutter/src/rendering/object.dart:1170:18)
#32     PipelineOwner.flushLayout (package:flutter/src/rendering/object.dart:1183:15)
#33     AutomatedTestWidgetsFlutterBinding.drawFrame (package:flutter_test/src/binding.dart:1508:27)
#34     RendererBinding._handlePersistentFrameCallback (package:flutter/src/rendering/binding.dart:495:5)
#35     SchedulerBinding._invokeFrameCallback (package:flutter/src/scheduler/binding.dart:1434:15)
#36     SchedulerBinding.handleDrawFrame (package:flutter/src/scheduler/binding.dart:1347:9)
#37     AutomatedTestWidgetsFlutterBinding.pump.<anonymous closure> (package:flutter_test/src/binding.dart:1335:9)
#40     TestAsyncUtils.guard (package:flutter_test/src/test_async_utils.dart:74:41)
#41     AutomatedTestWidgetsFlutterBinding.pump (package:flutter_test/src/binding.dart:1324:27)
#42     WidgetTester.pumpAndSettle.<anonymous closure> (package:flutter_test/src/widget_tester.dart:719:23)
<asynchronous suspension>
#43     TestAsyncUtils.guard.<anonymous closure> (package:flutter_test/src/test_async_utils.dart:130:27)
<asynchronous suspension>
#44     main.<anonymous closure> (file:///D:/Mystery/programming/projects/PYTHON_PROJECTS/focus/focus_gg/focus_flutter/test/widget_test.dart:20:5)
<asynchronous suspension>
#45     testWidgets.<anonymous closure>.<anonymous closure> (package:flutter_test/src/widget_tester.dart:192:15)
<asynchronous suspension>
#46     TestWidgetsFlutterBinding._runTestBody (package:flutter_test/src/binding.dart:1059:5)
<asynchronous suspension>
<asynchronous suspension>
(elided 5 frames from class _AssertionError, dart:async, and package:stack_trace)

The following RenderObject was being processed when the exception was fired: RenderPositionedBox#201c0 relayoutBoundary=up11 NEEDS-LAYOUT NEEDS-PAINT:
  needs compositing
  creator: Align ΓåÉ PageContainer ΓåÉ Padding ΓåÉ _SingleChildViewport ΓåÉ IgnorePointer-[GlobalKey#2ac55] ΓåÉ
    Semantics ΓåÉ Listener ΓåÉ _GestureSemantics ΓåÉ
    RawGestureDetector-[LabeledGlobalKey<RawGestureDetectorState>#b16d0] ΓåÉ Listener ΓåÉ _ScrollableScope
    ΓåÉ _ScrollSemantics-[GlobalKey#1fa52] ΓåÉ Γï»
  parentData: offset=Offset(0.0, 0.0) (can use size)
  constraints: BoxConstraints(0.0<=w<=800.0, 0.0<=h<=Infinity)
  size: MISSING
  alignment: Alignment.topCenter
  textDirection: ltr
  widthFactor: expand
  heightFactor: expand
This RenderObject had the following descendants (showing up to depth 5):
    child: RenderConstrainedBox#89b07 relayoutBoundary=up12 NEEDS-PAINT
      child: RenderPadding#91361 relayoutBoundary=up13 NEEDS-PAINT
        child: RenderFlex#141d3 relayoutBoundary=up14 NEEDS-PAINT
          child 1: RenderFractionalTranslation#3e3c5 relayoutBoundary=up15 NEEDS-PAINT
            child: RenderAnimatedOpacity#376cd relayoutBoundary=up16 NEEDS-PAINT
          child 2: RenderConstrainedBox#86da0 NEEDS-LAYOUT NEEDS-PAINT
          child 3: RenderAnimatedOpacity#c08d6 NEEDS-LAYOUT NEEDS-PAINT
            child: RenderSemanticsGestureHandler#ce73c NEEDS-LAYOUT NEEDS-PAINT
          child 4: RenderConstrainedBox#a5c3d NEEDS-LAYOUT NEEDS-PAINT
          child 5: RenderFractionalTranslation#28703 NEEDS-LAYOUT NEEDS-PAINT
            child: RenderAnimatedOpacity#051b4 NEEDS-LAYOUT NEEDS-PAINT
          child 6: RenderConstrainedBox#0380c NEEDS-LAYOUT NEEDS-PAINT
          child 7: RenderAnimatedOpacity#0f73f NEEDS-LAYOUT NEEDS-PAINT
            child: RenderFlex#70c3c NEEDS-LAYOUT NEEDS-PAINT
          child 8: RenderConstrainedBox#d560d NEEDS-LAYOUT NEEDS-PAINT
          child 9: RenderAnimatedOpacity#0f4f6 NEEDS-LAYOUT NEEDS-PAINT
            child: RenderSemanticsGestureHandler#0bd1a NEEDS-LAYOUT NEEDS-PAINT
          child 10: RenderConstrainedBox#fe898 NEEDS-LAYOUT NEEDS-PAINT
          child 11: RenderAnimatedOpacity#bfbeb NEEDS-LAYOUT NEEDS-PAINT
            child: RenderFlex#9184b NEEDS-LAYOUT NEEDS-PAINT
          child 12: RenderConstrainedBox#708d6 NEEDS-LAYOUT NEEDS-PAINT
          child 13: RenderAnimatedOpacity#3dcdb NEEDS-LAYOUT NEEDS-PAINT
            child: RenderWrap#c830f NEEDS-LAYOUT NEEDS-PAINT
ΓòÉΓòÉΓòÉΓòÉΓòÉΓòÉΓòÉΓòÉΓòÉΓòÉΓòÉΓòÉΓòÉΓòÉΓòÉΓòÉΓòÉΓòÉΓòÉΓòÉΓòÉΓòÉΓòÉΓòÉΓòÉΓòÉΓòÉΓòÉΓòÉΓòÉΓòÉΓòÉΓòÉΓòÉΓòÉΓòÉΓòÉΓòÉΓòÉΓòÉΓòÉΓòÉΓòÉΓòÉΓòÉΓòÉΓòÉΓòÉΓòÉΓòÉΓòÉΓòÉΓòÉΓòÉΓòÉΓòÉΓòÉΓòÉΓòÉΓòÉΓòÉΓòÉΓòÉΓòÉΓòÉΓòÉΓòÉΓòÉΓòÉΓòÉΓòÉΓòÉΓòÉΓòÉΓòÉΓòÉΓòÉΓòÉΓòÉΓòÉΓòÉΓòÉΓòÉΓòÉΓòÉΓòÉΓòÉΓòÉΓòÉΓòÉΓòÉΓòÉΓòÉΓòÉΓòÉΓòÉΓòÉΓòÉΓòÉΓòÉ
ΓòÉΓòÉΓòí EXCEPTION CAUGHT BY RENDERING LIBRARY Γò₧ΓòÉΓòÉΓòÉΓòÉΓòÉΓòÉΓòÉΓòÉΓòÉΓòÉΓòÉΓòÉΓòÉΓòÉΓòÉΓòÉΓòÉΓòÉΓòÉΓòÉΓòÉΓòÉΓòÉΓòÉΓòÉΓòÉΓòÉΓòÉΓòÉΓòÉΓòÉΓòÉΓòÉΓòÉΓòÉΓòÉΓòÉΓòÉΓòÉΓòÉΓòÉΓòÉΓòÉΓòÉΓòÉΓòÉΓòÉΓòÉΓòÉΓòÉΓòÉΓòÉΓòÉΓòÉΓòÉΓòÉΓòÉ
The following assertion was thrown during performLayout():
RenderBox was not laid out: RenderPositionedBox#201c0 relayoutBoundary=up11 NEEDS-PAINT
'package:flutter/src/rendering/box.dart':
Failed assertion: line 2251 pos 12: 'hasSize'

Either the assertion indicates an error in the framework itself, or we should provide substantially
more information in this error message to help you determine and fix the underlying cause.
In either case, please report this assertion by filing a bug on GitHub:
  https://github.com/flutter/flutter/issues/new?template=02_bug.yml

The relevant error-causing widget was:
  SingleChildScrollView
  SingleChildScrollView:file:///D:/Mystery/programming/projects/PYTHON_PROJECTS/focus/focus_gg/focus_flutter/lib/features/dashboard/dashboard_screen.dart:132:13

When the exception was thrown, this was the stack:
#2      RenderBox.size (package:flutter/src/rendering/box.dart:2251:12)
#3      RenderPadding.performLayout (package:flutter/src/rendering/shifted_box.dart:247:40)
#4      RenderObject.layout (package:flutter/src/rendering/object.dart:2775:7)
#5      _RenderSingleChildViewport.performLayout (package:flutter/src/widgets/single_child_scroll_view.dart:502:14)
#6      RenderObject.layout (package:flutter/src/rendering/object.dart:2775:7)
#7      RenderProxyBoxMixin.performLayout (package:flutter/src/rendering/proxy_box.dart:115:18)
#8      RenderObject.layout (package:flutter/src/rendering/object.dart:2775:7)
#9      RenderProxyBoxMixin.performLayout (package:flutter/src/rendering/proxy_box.dart:115:18)
#10     RenderObject.layout (package:flutter/src/rendering/object.dart:2775:7)
#11     RenderProxyBoxMixin.performLayout (package:flutter/src/rendering/proxy_box.dart:115:18)
#12     RenderObject.layout (package:flutter/src/rendering/object.dart:2775:7)
#13     RenderProxyBoxMixin.performLayout (package:flutter/src/rendering/proxy_box.dart:115:18)
#14     RenderObject.layout (package:flutter/src/rendering/object.dart:2775:7)
#15     RenderProxyBoxMixin.performLayout (package:flutter/src/rendering/proxy_box.dart:115:18)
#16     RenderObject.layout (package:flutter/src/rendering/object.dart:2775:7)
#17     RenderProxyBoxMixin.performLayout (package:flutter/src/rendering/proxy_box.dart:115:18)
#18     RenderObject.layout (package:flutter/src/rendering/object.dart:2775:7)
#19     RenderProxyBoxMixin.performLayout (package:flutter/src/rendering/proxy_box.dart:115:18)
#20     RenderObject.layout (package:flutter/src/rendering/object.dart:2775:7)
#21     RenderProxyBoxMixin.performLayout (package:flutter/src/rendering/proxy_box.dart:115:18)
#22     _RenderCustomClip.performLayout (package:flutter/src/rendering/proxy_box.dart:1481:11)
#23     RenderObject.layout (package:flutter/src/rendering/object.dart:2775:7)
#24     MultiChildLayoutDelegate.layoutChild (package:flutter/src/rendering/custom_layout.dart:180:12)
#25     _ScaffoldLayout.performLayout (package:flutter/src/material/scaffold.dart:1112:7)
#26     MultiChildLayoutDelegate._callPerformLayout (package:flutter/src/rendering/custom_layout.dart:249:7)
#27     RenderCustomMultiChildLayoutBox.performLayout (package:flutter/src/rendering/custom_layout.dart:420:14)
#28     RenderObject._layoutWithoutResize (package:flutter/src/rendering/object.dart:2623:7)
#29     PipelineOwner.flushLayout (package:flutter/src/rendering/object.dart:1170:18)
#30     PipelineOwner.flushLayout (package:flutter/src/rendering/object.dart:1183:15)
#31     AutomatedTestWidgetsFlutterBinding.drawFrame (package:flutter_test/src/binding.dart:1508:27)
#32     RendererBinding._handlePersistentFrameCallback (package:flutter/src/rendering/binding.dart:495:5)
#33     SchedulerBinding._invokeFrameCallback (package:flutter/src/scheduler/binding.dart:1434:15)
#34     SchedulerBinding.handleDrawFrame (package:flutter/src/scheduler/binding.dart:1347:9)
#35     AutomatedTestWidgetsFlutterBinding.pump.<anonymous closure> (package:flutter_test/src/binding.dart:1335:9)
#38     TestAsyncUtils.guard (package:flutter_test/src/test_async_utils.dart:74:41)
#39     AutomatedTestWidgetsFlutterBinding.pump (package:flutter_test/src/binding.dart:1324:27)
#40     WidgetTester.pumpAndSettle.<anonymous closure> (package:flutter_test/src/widget_tester.dart:719:23)
<asynchronous suspension>
#41     TestAsyncUtils.guard.<anonymous closure> (package:flutter_test/src/test_async_utils.dart:130:27)
<asynchronous suspension>
#42     main.<anonymous closure> (file:///D:/Mystery/programming/projects/PYTHON_PROJECTS/focus/focus_gg/focus_flutter/test/widget_test.dart:20:5)
<asynchronous suspension>
#43     testWidgets.<anonymous closure>.<anonymous closure> (package:flutter_test/src/widget_tester.dart:192:15)
<asynchronous suspension>
#44     TestWidgetsFlutterBinding._runTestBody (package:flutter_test/src/binding.dart:1059:5)
<asynchronous suspension>
<asynchronous suspension>
(elided 5 frames from class _AssertionError, dart:async, and package:stack_trace)

The following RenderObject was being processed when the exception was fired: RenderPadding#05935 relayoutBoundary=up10 NEEDS-LAYOUT NEEDS-PAINT:
  needs compositing
  creator: Padding ΓåÉ _SingleChildViewport ΓåÉ IgnorePointer-[GlobalKey#2ac55] ΓåÉ Semantics ΓåÉ Listener ΓåÉ
    _GestureSemantics ΓåÉ RawGestureDetector-[LabeledGlobalKey<RawGestureDetectorState>#b16d0] ΓåÉ
    Listener ΓåÉ _ScrollableScope ΓåÉ _ScrollSemantics-[GlobalKey#1fa52] ΓåÉ
    NotificationListener<ScrollMetricsNotification> ΓåÉ Transform ΓåÉ Γï»
  parentData: <none> (can use size)
  constraints: BoxConstraints(0.0<=w<=800.0, 0.0<=h<=Infinity)
  size: MISSING
  padding: EdgeInsets(0.0, 0.0, 0.0, 96.0)
  textDirection: ltr
This RenderObject had the following descendants (showing up to depth 5):
    child: RenderPositionedBox#201c0 relayoutBoundary=up11 NEEDS-PAINT
      child: RenderConstrainedBox#89b07 relayoutBoundary=up12 NEEDS-PAINT
        child: RenderPadding#91361 relayoutBoundary=up13 NEEDS-PAINT
          child: RenderFlex#141d3 relayoutBoundary=up14 NEEDS-PAINT
            child 1: RenderFractionalTranslation#3e3c5 relayoutBoundary=up15 NEEDS-PAINT
            child 2: RenderConstrainedBox#86da0 NEEDS-LAYOUT NEEDS-PAINT
            child 3: RenderAnimatedOpacity#c08d6 NEEDS-LAYOUT NEEDS-PAINT
            child 4: RenderConstrainedBox#a5c3d NEEDS-LAYOUT NEEDS-PAINT
            child 5: RenderFractionalTranslation#28703 NEEDS-LAYOUT NEEDS-PAINT
            child 6: RenderConstrainedBox#0380c NEEDS-LAYOUT NEEDS-PAINT
            child 7: RenderAnimatedOpacity#0f73f NEEDS-LAYOUT NEEDS-PAINT
            child 8: RenderConstrainedBox#d560d NEEDS-LAYOUT NEEDS-PAINT
            child 9: RenderAnimatedOpacity#0f4f6 NEEDS-LAYOUT NEEDS-PAINT
            child 10: RenderConstrainedBox#fe898 NEEDS-LAYOUT NEEDS-PAINT
            child 11: RenderAnimatedOpacity#bfbeb NEEDS-LAYOUT NEEDS-PAINT
            child 12: RenderConstrainedBox#708d6 NEEDS-LAYOUT NEEDS-PAINT
            child 13: RenderAnimatedOpacity#3dcdb NEEDS-LAYOUT NEEDS-PAINT
ΓòÉΓòÉΓòÉΓòÉΓòÉΓòÉΓòÉΓòÉΓòÉΓòÉΓòÉΓòÉΓòÉΓòÉΓòÉΓòÉΓòÉΓòÉΓòÉΓòÉΓòÉΓòÉΓòÉΓòÉΓòÉΓòÉΓòÉΓòÉΓòÉΓòÉΓòÉΓòÉΓòÉΓòÉΓòÉΓòÉΓòÉΓòÉΓòÉΓòÉΓòÉΓòÉΓòÉΓòÉΓòÉΓòÉΓòÉΓòÉΓòÉΓòÉΓòÉΓòÉΓòÉΓòÉΓòÉΓòÉΓòÉΓòÉΓòÉΓòÉΓòÉΓòÉΓòÉΓòÉΓòÉΓòÉΓòÉΓòÉΓòÉΓòÉΓòÉΓòÉΓòÉΓòÉΓòÉΓòÉΓòÉΓòÉΓòÉΓòÉΓòÉΓòÉΓòÉΓòÉΓòÉΓòÉΓòÉΓòÉΓòÉΓòÉΓòÉΓòÉΓòÉΓòÉΓòÉΓòÉΓòÉΓòÉΓòÉΓòÉ
ΓòÉΓòÉΓòí EXCEPTION CAUGHT BY RENDERING LIBRARY Γò₧ΓòÉΓòÉΓòÉΓòÉΓòÉΓòÉΓòÉΓòÉΓòÉΓòÉΓòÉΓòÉΓòÉΓòÉΓòÉΓòÉΓòÉΓòÉΓòÉΓòÉΓòÉΓòÉΓòÉΓòÉΓòÉΓòÉΓòÉΓòÉΓòÉΓòÉΓòÉΓòÉΓòÉΓòÉΓòÉΓòÉΓòÉΓòÉΓòÉΓòÉΓòÉΓòÉΓòÉΓòÉΓòÉΓòÉΓòÉΓòÉΓòÉΓòÉΓòÉΓòÉΓòÉΓòÉΓòÉΓòÉΓòÉ
The following assertion was thrown during performLayout():
RenderBox was not laid out: RenderPadding#05935 relayoutBoundary=up10 NEEDS-PAINT
'package:flutter/src/rendering/box.dart':
Failed assertion: line 2251 pos 12: 'hasSize'

Either the assertion indicates an error in the framework itself, or we should provide substantially
more information in this error message to help you determine and fix the underlying cause.
In either case, please report this assertion by filing a bug on GitHub:
  https://github.com/flutter/flutter/issues/new?template=02_bug.yml

The relevant error-causing widget was:
  SingleChildScrollView
  SingleChildScrollView:file:///D:/Mystery/programming/projects/PYTHON_PROJECTS/focus/focus_gg/focus_flutter/lib/features/dashboard/dashboard_screen.dart:132:13

When the exception was thrown, this was the stack:
#2      RenderBox.size (package:flutter/src/rendering/box.dart:2251:12)
#3      _RenderSingleChildViewport.performLayout (package:flutter/src/widgets/single_child_scroll_view.dart:503:43)
#4      RenderObject.layout (package:flutter/src/rendering/object.dart:2775:7)
#5      RenderProxyBoxMixin.performLayout (package:flutter/src/rendering/proxy_box.dart:115:18)
#6      RenderObject.layout (package:flutter/src/rendering/object.dart:2775:7)
#7      RenderProxyBoxMixin.performLayout (package:flutter/src/rendering/proxy_box.dart:115:18)
#8      RenderObject.layout (package:flutter/src/rendering/object.dart:2775:7)
#9      RenderProxyBoxMixin.performLayout (package:flutter/src/rendering/proxy_box.dart:115:18)
#10     RenderObject.layout (package:flutter/src/rendering/object.dart:2775:7)
#11     RenderProxyBoxMixin.performLayout (package:flutter/src/rendering/proxy_box.dart:115:18)
#12     RenderObject.layout (package:flutter/src/rendering/object.dart:2775:7)
#13     RenderProxyBoxMixin.performLayout (package:flutter/src/rendering/proxy_box.dart:115:18)
#14     RenderObject.layout (package:flutter/src/rendering/object.dart:2775:7)
#15     RenderProxyBoxMixin.performLayout (package:flutter/src/rendering/proxy_box.dart:115:18)
#16     RenderObject.layout (package:flutter/src/rendering/object.dart:2775:7)
#17     RenderProxyBoxMixin.performLayout (package:flutter/src/rendering/proxy_box.dart:115:18)
#18     RenderObject.layout (package:flutter/src/rendering/object.dart:2775:7)
#19     RenderProxyBoxMixin.performLayout (package:flutter/src/rendering/proxy_box.dart:115:18)
#20     _RenderCustomClip.performLayout (package:flutter/src/rendering/proxy_box.dart:1481:11)
#21     RenderObject.layout (package:flutter/src/rendering/object.dart:2775:7)
#22     MultiChildLayoutDelegate.layoutChild (package:flutter/src/rendering/custom_layout.dart:180:12)
#23     _ScaffoldLayout.performLayout (package:flutter/src/material/scaffold.dart:1112:7)
#24     MultiChildLayoutDelegate._callPerformLayout (package:flutter/src/rendering/custom_layout.dart:249:7)
#25     RenderCustomMultiChildLayoutBox.performLayout (package:flutter/src/rendering/custom_layout.dart:420:14)
#26     RenderObject._layoutWithoutResize (package:flutter/src/rendering/object.dart:2623:7)
#27     PipelineOwner.flushLayout (package:flutter/src/rendering/object.dart:1170:18)
#28     PipelineOwner.flushLayout (package:flutter/src/rendering/object.dart:1183:15)
#29     AutomatedTestWidgetsFlutterBinding.drawFrame (package:flutter_test/src/binding.dart:1508:27)
#30     RendererBinding._handlePersistentFrameCallback (package:flutter/src/rendering/binding.dart:495:5)
#31     SchedulerBinding._invokeFrameCallback (package:flutter/src/scheduler/binding.dart:1434:15)
#32     SchedulerBinding.handleDrawFrame (package:flutter/src/scheduler/binding.dart:1347:9)
#33     AutomatedTestWidgetsFlutterBinding.pump.<anonymous closure> (package:flutter_test/src/binding.dart:1335:9)
#36     TestAsyncUtils.guard (package:flutter_test/src/test_async_utils.dart:74:41)
#37     AutomatedTestWidgetsFlutterBinding.pump (package:flutter_test/src/binding.dart:1324:27)
#38     WidgetTester.pumpAndSettle.<anonymous closure> (package:flutter_test/src/widget_tester.dart:719:23)
<asynchronous suspension>
#39     TestAsyncUtils.guard.<anonymous closure> (package:flutter_test/src/test_async_utils.dart:130:27)
<asynchronous suspension>
#40     main.<anonymous closure> (file:///D:/Mystery/programming/projects/PYTHON_PROJECTS/focus/focus_gg/focus_flutter/test/widget_test.dart:20:5)
<asynchronous suspension>
#41     testWidgets.<anonymous closure>.<anonymous closure> (package:flutter_test/src/widget_tester.dart:192:15)
<asynchronous suspension>
#42     TestWidgetsFlutterBinding._runTestBody (package:flutter_test/src/binding.dart:1059:5)
<asynchronous suspension>
<asynchronous suspension>
(elided 5 frames from class _AssertionError, dart:async, and package:stack_trace)

The following RenderObject was being processed when the exception was fired: _RenderSingleChildViewport#06cd3 relayoutBoundary=up9 NEEDS-LAYOUT NEEDS-PAINT:
  needs compositing
  creator: _SingleChildViewport ΓåÉ IgnorePointer-[GlobalKey#2ac55] ΓåÉ Semantics ΓåÉ Listener ΓåÉ
    _GestureSemantics ΓåÉ RawGestureDetector-[LabeledGlobalKey<RawGestureDetectorState>#b16d0] ΓåÉ
    Listener ΓåÉ _ScrollableScope ΓåÉ _ScrollSemantics-[GlobalKey#1fa52] ΓåÉ
    NotificationListener<ScrollMetricsNotification> ΓåÉ Transform ΓåÉ StretchEffect ΓåÉ Γï»
  parentData: <none> (can use size)
  constraints: BoxConstraints(0.0<=w<=800.0, 0.0<=h<=534.0)
  size: MISSING
  offset: Offset(0.0, -0.0)
This RenderObject had the following descendants (showing up to depth 5):
    child: RenderPadding#05935 relayoutBoundary=up10 NEEDS-PAINT
      child: RenderPositionedBox#201c0 relayoutBoundary=up11 NEEDS-PAINT
        child: RenderConstrainedBox#89b07 relayoutBoundary=up12 NEEDS-PAINT
          child: RenderPadding#91361 relayoutBoundary=up13 NEEDS-PAINT
            child: RenderFlex#141d3 relayoutBoundary=up14 NEEDS-PAINT
ΓòÉΓòÉΓòÉΓòÉΓòÉΓòÉΓòÉΓòÉΓòÉΓòÉΓòÉΓòÉΓòÉΓòÉΓòÉΓòÉΓòÉΓòÉΓòÉΓòÉΓòÉΓòÉΓòÉΓòÉΓòÉΓòÉΓòÉΓòÉΓòÉΓòÉΓòÉΓòÉΓòÉΓòÉΓòÉΓòÉΓòÉΓòÉΓòÉΓòÉΓòÉΓòÉΓòÉΓòÉΓòÉΓòÉΓòÉΓòÉΓòÉΓòÉΓòÉΓòÉΓòÉΓòÉΓòÉΓòÉΓòÉΓòÉΓòÉΓòÉΓòÉΓòÉΓòÉΓòÉΓòÉΓòÉΓòÉΓòÉΓòÉΓòÉΓòÉΓòÉΓòÉΓòÉΓòÉΓòÉΓòÉΓòÉΓòÉΓòÉΓòÉΓòÉΓòÉΓòÉΓòÉΓòÉΓòÉΓòÉΓòÉΓòÉΓòÉΓòÉΓòÉΓòÉΓòÉΓòÉΓòÉΓòÉΓòÉΓòÉ
ΓòÉΓòÉΓòí EXCEPTION CAUGHT BY RENDERING LIBRARY Γò₧ΓòÉΓòÉΓòÉΓòÉΓòÉΓòÉΓòÉΓòÉΓòÉΓòÉΓòÉΓòÉΓòÉΓòÉΓòÉΓòÉΓòÉΓòÉΓòÉΓòÉΓòÉΓòÉΓòÉΓòÉΓòÉΓòÉΓòÉΓòÉΓòÉΓòÉΓòÉΓòÉΓòÉΓòÉΓòÉΓòÉΓòÉΓòÉΓòÉΓòÉΓòÉΓòÉΓòÉΓòÉΓòÉΓòÉΓòÉΓòÉΓòÉΓòÉΓòÉΓòÉΓòÉΓòÉΓòÉΓòÉΓòÉ
The following assertion was thrown during performLayout():
RenderBox was not laid out: _RenderSingleChildViewport#06cd3 relayoutBoundary=up9 NEEDS-PAINT
'package:flutter/src/rendering/box.dart':
Failed assertion: line 2251 pos 12: 'hasSize'

Either the assertion indicates an error in the framework itself, or we should provide substantially
more information in this error message to help you determine and fix the underlying cause.
In either case, please report this assertion by filing a bug on GitHub:
  https://github.com/flutter/flutter/issues/new?template=02_bug.yml

The relevant error-causing widget was:
  SingleChildScrollView
  SingleChildScrollView:file:///D:/Mystery/programming/projects/PYTHON_PROJECTS/focus/focus_gg/focus_flutter/lib/features/dashboard/dashboard_screen.dart:132:13

When the exception was thrown, this was the stack:
#2      RenderBox.size (package:flutter/src/rendering/box.dart:2251:12)
#3      RenderProxyBoxMixin.performLayout (package:flutter/src/rendering/proxy_box.dart:115:62)
#4      RenderObject.layout (package:flutter/src/rendering/object.dart:2775:7)
#5      RenderProxyBoxMixin.performLayout (package:flutter/src/rendering/proxy_box.dart:115:18)
#6      RenderObject.layout (package:flutter/src/rendering/object.dart:2775:7)
#7      RenderProxyBoxMixin.performLayout (package:flutter/src/rendering/proxy_box.dart:115:18)
#8      RenderObject.layout (package:flutter/src/rendering/object.dart:2775:7)
#9      RenderProxyBoxMixin.performLayout (package:flutter/src/rendering/proxy_box.dart:115:18)
#10     RenderObject.layout (package:flutter/src/rendering/object.dart:2775:7)
#11     RenderProxyBoxMixin.performLayout (package:flutter/src/rendering/proxy_box.dart:115:18)
#12     RenderObject.layout (package:flutter/src/rendering/object.dart:2775:7)
#13     RenderProxyBoxMixin.performLayout (package:flutter/src/rendering/proxy_box.dart:115:18)
#14     RenderObject.layout (package:flutter/src/rendering/object.dart:2775:7)
#15     RenderProxyBoxMixin.performLayout (package:flutter/src/rendering/proxy_box.dart:115:18)
#16     RenderObject.layout (package:flutter/src/rendering/object.dart:2775:7)
#17     RenderProxyBoxMixin.performLayout (package:flutter/src/rendering/proxy_box.dart:115:18)
#18     _RenderCustomClip.performLayout (package:flutter/src/rendering/proxy_box.dart:1481:11)
#19     RenderObject.layout (package:flutter/src/rendering/object.dart:2775:7)
#20     MultiChildLayoutDelegate.layoutChild (package:flutter/src/rendering/custom_layout.dart:180:12)
#21     _ScaffoldLayout.performLayout (package:flutter/src/material/scaffold.dart:1112:7)
#22     MultiChildLayoutDelegate._callPerformLayout (package:flutter/src/rendering/custom_layout.dart:249:7)
#23     RenderCustomMultiChildLayoutBox.performLayout (package:flutter/src/rendering/custom_layout.dart:420:14)
#24     RenderObject._layoutWithoutResize (package:flutter/src/rendering/object.dart:2623:7)
#25     PipelineOwner.flushLayout (package:flutter/src/rendering/object.dart:1170:18)
#26     PipelineOwner.flushLayout (package:flutter/src/rendering/object.dart:1183:15)
#27     AutomatedTestWidgetsFlutterBinding.drawFrame (package:flutter_test/src/binding.dart:1508:27)
#28     RendererBinding._handlePersistentFrameCallback (package:flutter/src/rendering/binding.dart:495:5)
#29     SchedulerBinding._invokeFrameCallback (package:flutter/src/scheduler/binding.dart:1434:15)
#30     SchedulerBinding.handleDrawFrame (package:flutter/src/scheduler/binding.dart:1347:9)
#31     AutomatedTestWidgetsFlutterBinding.pump.<anonymous closure> (package:flutter_test/src/binding.dart:1335:9)
#34     TestAsyncUtils.guard (package:flutter_test/src/test_async_utils.dart:74:41)
#35     AutomatedTestWidgetsFlutterBinding.pump (package:flutter_test/src/binding.dart:1324:27)
#36     WidgetTester.pumpAndSettle.<anonymous closure> (package:flutter_test/src/widget_tester.dart:719:23)
<asynchronous suspension>
#37     TestAsyncUtils.guard.<anonymous closure> (package:flutter_test/src/test_async_utils.dart:130:27)
<asynchronous suspension>
#38     main.<anonymous closure> (file:///D:/Mystery/programming/projects/PYTHON_PROJECTS/focus/focus_gg/focus_flutter/test/widget_test.dart:20:5)
<asynchronous suspension>
#39     testWidgets.<anonymous closure>.<anonymous closure> (package:flutter_test/src/widget_tester.dart:192:15)
<asynchronous suspension>
#40     TestWidgetsFlutterBinding._runTestBody (package:flutter_test/src/binding.dart:1059:5)
<asynchronous suspension>
<asynchronous suspension>
(elided 5 frames from class _AssertionError, dart:async, and package:stack_trace)

The following RenderObject was being processed when the exception was fired: RenderIgnorePointer#2211b relayoutBoundary=up8 NEEDS-LAYOUT NEEDS-PAINT:
  needs compositing
  creator: IgnorePointer-[GlobalKey#2ac55] ΓåÉ Semantics ΓåÉ Listener ΓåÉ _GestureSemantics ΓåÉ
    RawGestureDetector-[LabeledGlobalKey<RawGestureDetectorState>#b16d0] ΓåÉ Listener ΓåÉ _ScrollableScope
    ΓåÉ _ScrollSemantics-[GlobalKey#1fa52] ΓåÉ NotificationListener<ScrollMetricsNotification> ΓåÉ Transform
    ΓåÉ StretchEffect ΓåÉ ClipRect ΓåÉ Γï»
  parentData: <none> (can use size)
  constraints: BoxConstraints(0.0<=w<=800.0, 0.0<=h<=534.0)
  size: MISSING
  ignoring: false
  ignoringSemantics: null
This RenderObject had the following descendants (showing up to depth 5):
    child: _RenderSingleChildViewport#06cd3 relayoutBoundary=up9 NEEDS-PAINT
      child: RenderPadding#05935 relayoutBoundary=up10 NEEDS-PAINT
        child: RenderPositionedBox#201c0 relayoutBoundary=up11 NEEDS-PAINT
          child: RenderConstrainedBox#89b07 relayoutBoundary=up12 NEEDS-PAINT
            child: RenderPadding#91361 relayoutBoundary=up13 NEEDS-PAINT
ΓòÉΓòÉΓòÉΓòÉΓòÉΓòÉΓòÉΓòÉΓòÉΓòÉΓòÉΓòÉΓòÉΓòÉΓòÉΓòÉΓòÉΓòÉΓòÉΓòÉΓòÉΓòÉΓòÉΓòÉΓòÉΓòÉΓòÉΓòÉΓòÉΓòÉΓòÉΓòÉΓòÉΓòÉΓòÉΓòÉΓòÉΓòÉΓòÉΓòÉΓòÉΓòÉΓòÉΓòÉΓòÉΓòÉΓòÉΓòÉΓòÉΓòÉΓòÉΓòÉΓòÉΓòÉΓòÉΓòÉΓòÉΓòÉΓòÉΓòÉΓòÉΓòÉΓòÉΓòÉΓòÉΓòÉΓòÉΓòÉΓòÉΓòÉΓòÉΓòÉΓòÉΓòÉΓòÉΓòÉΓòÉΓòÉΓòÉΓòÉΓòÉΓòÉΓòÉΓòÉΓòÉΓòÉΓòÉΓòÉΓòÉΓòÉΓòÉΓòÉΓòÉΓòÉΓòÉΓòÉΓòÉΓòÉΓòÉΓòÉ
ΓòÉΓòÉΓòí EXCEPTION CAUGHT BY RENDERING LIBRARY Γò₧ΓòÉΓòÉΓòÉΓòÉΓòÉΓòÉΓòÉΓòÉΓòÉΓòÉΓòÉΓòÉΓòÉΓòÉΓòÉΓòÉΓòÉΓòÉΓòÉΓòÉΓòÉΓòÉΓòÉΓòÉΓòÉΓòÉΓòÉΓòÉΓòÉΓòÉΓòÉΓòÉΓòÉΓòÉΓòÉΓòÉΓòÉΓòÉΓòÉΓòÉΓòÉΓòÉΓòÉΓòÉΓòÉΓòÉΓòÉΓòÉΓòÉΓòÉΓòÉΓòÉΓòÉΓòÉΓòÉΓòÉΓòÉ
The following assertion was thrown during performLayout():
RenderBox was not laid out: RenderIgnorePointer#2211b relayoutBoundary=up8 NEEDS-PAINT
'package:flutter/src/rendering/box.dart':
Failed assertion: line 2251 pos 12: 'hasSize'

Either the assertion indicates an error in the framework itself, or we should provide substantially
more information in this error message to help you determine and fix the underlying cause.
In either case, please report this assertion by filing a bug on GitHub:
  https://github.com/flutter/flutter/issues/new?template=02_bug.yml

The relevant error-causing widget was:
  SingleChildScrollView
  SingleChildScrollView:file:///D:/Mystery/programming/projects/PYTHON_PROJECTS/focus/focus_gg/focus_flutter/lib/features/dashboard/dashboard_screen.dart:132:13

When the exception was thrown, this was the stack:
#2      RenderBox.size (package:flutter/src/rendering/box.dart:2251:12)
#3      RenderProxyBoxMixin.performLayout (package:flutter/src/rendering/proxy_box.dart:115:62)
#4      RenderObject.layout (package:flutter/src/rendering/object.dart:2775:7)
#5      RenderProxyBoxMixin.performLayout (package:flutter/src/rendering/proxy_box.dart:115:18)
#6      RenderObject.layout (package:flutter/src/rendering/object.dart:2775:7)
#7      RenderProxyBoxMixin.performLayout (package:flutter/src/rendering/proxy_box.dart:115:18)
#8      RenderObject.layout (package:flutter/src/rendering/object.dart:2775:7)
#9      RenderProxyBoxMixin.performLayout (package:flutter/src/rendering/proxy_box.dart:115:18)
#10     RenderObject.layout (package:flutter/src/rendering/object.dart:2775:7)
#11     RenderProxyBoxMixin.performLayout (package:flutter/src/rendering/proxy_box.dart:115:18)
#12     RenderObject.layout (package:flutter/src/rendering/object.dart:2775:7)
#13     RenderProxyBoxMixin.performLayout (package:flutter/src/rendering/proxy_box.dart:115:18)
#14     RenderObject.layout (package:flutter/src/rendering/object.dart:2775:7)
#15     RenderProxyBoxMixin.performLayout (package:flutter/src/rendering/proxy_box.dart:115:18)
#16     _RenderCustomClip.performLayout (package:flutter/src/rendering/proxy_box.dart:1481:11)
#17     RenderObject.layout (package:flutter/src/rendering/object.dart:2775:7)
#18     MultiChildLayoutDelegate.layoutChild (package:flutter/src/rendering/custom_layout.dart:180:12)
#19     _ScaffoldLayout.performLayout (package:flutter/src/material/scaffold.dart:1112:7)
#20     MultiChildLayoutDelegate._callPerformLayout (package:flutter/src/rendering/custom_layout.dart:249:7)
#21     RenderCustomMultiChildLayoutBox.performLayout (package:flutter/src/rendering/custom_layout.dart:420:14)
#22     RenderObject._layoutWithoutResize (package:flutter/src/rendering/object.dart:2623:7)
#23     PipelineOwner.flushLayout (package:flutter/src/rendering/object.dart:1170:18)
#24     PipelineOwner.flushLayout (package:flutter/src/rendering/object.dart:1183:15)
#25     AutomatedTestWidgetsFlutterBinding.drawFrame (package:flutter_test/src/binding.dart:1508:27)
#26     RendererBinding._handlePersistentFrameCallback (package:flutter/src/rendering/binding.dart:495:5)
#27     SchedulerBinding._invokeFrameCallback (package:flutter/src/scheduler/binding.dart:1434:15)
#28     SchedulerBinding.handleDrawFrame (package:flutter/src/scheduler/binding.dart:1347:9)
#29     AutomatedTestWidgetsFlutterBinding.pump.<anonymous closure> (package:flutter_test/src/binding.dart:1335:9)
#32     TestAsyncUtils.guard (package:flutter_test/src/test_async_utils.dart:74:41)
#33     AutomatedTestWidgetsFlutterBinding.pump (package:flutter_test/src/binding.dart:1324:27)
#34     WidgetTester.pumpAndSettle.<anonymous closure> (package:flutter_test/src/widget_tester.dart:719:23)
<asynchronous suspension>
#35     TestAsyncUtils.guard.<anonymous closure> (package:flutter_test/src/test_async_utils.dart:130:27)
<asynchronous suspension>
#36     main.<anonymous closure> (file:///D:/Mystery/programming/projects/PYTHON_PROJECTS/focus/focus_gg/focus_flutter/test/widget_test.dart:20:5)
<asynchronous suspension>
#37     testWidgets.<anonymous closure>.<anonymous closure> (package:flutter_test/src/widget_tester.dart:192:15)
<asynchronous suspension>
#38     TestWidgetsFlutterBinding._runTestBody (package:flutter_test/src/binding.dart:1059:5)
<asynchronous suspension>
<asynchronous suspension>
(elided 5 frames from class _AssertionError, dart:async, and package:stack_trace)

The following RenderObject was being processed when the exception was fired: RenderSemanticsAnnotations#4d9bb relayoutBoundary=up7 NEEDS-LAYOUT NEEDS-PAINT:
  needs compositing
  creator: Semantics ΓåÉ Listener ΓåÉ _GestureSemantics ΓåÉ
    RawGestureDetector-[LabeledGlobalKey<RawGestureDetectorState>#b16d0] ΓåÉ Listener ΓåÉ _ScrollableScope
    ΓåÉ _ScrollSemantics-[GlobalKey#1fa52] ΓåÉ NotificationListener<ScrollMetricsNotification> ΓåÉ Transform
    ΓåÉ StretchEffect ΓåÉ ClipRect ΓåÉ AnimatedBuilder ΓåÉ Γï»
  parentData: <none> (can use size)
  constraints: BoxConstraints(0.0<=w<=800.0, 0.0<=h<=534.0)
  size: MISSING
This RenderObject had the following descendants (showing up to depth 5):
    child: RenderIgnorePointer#2211b relayoutBoundary=up8 NEEDS-PAINT
      child: _RenderSingleChildViewport#06cd3 relayoutBoundary=up9 NEEDS-PAINT
        child: RenderPadding#05935 relayoutBoundary=up10 NEEDS-PAINT
          child: RenderPositionedBox#201c0 relayoutBoundary=up11 NEEDS-PAINT
            child: RenderConstrainedBox#89b07 relayoutBoundary=up12 NEEDS-PAINT
ΓòÉΓòÉΓòÉΓòÉΓòÉΓòÉΓòÉΓòÉΓòÉΓòÉΓòÉΓòÉΓòÉΓòÉΓòÉΓòÉΓòÉΓòÉΓòÉΓòÉΓòÉΓòÉΓòÉΓòÉΓòÉΓòÉΓòÉΓòÉΓòÉΓòÉΓòÉΓòÉΓòÉΓòÉΓòÉΓòÉΓòÉΓòÉΓòÉΓòÉΓòÉΓòÉΓòÉΓòÉΓòÉΓòÉΓòÉΓòÉΓòÉΓòÉΓòÉΓòÉΓòÉΓòÉΓòÉΓòÉΓòÉΓòÉΓòÉΓòÉΓòÉΓòÉΓòÉΓòÉΓòÉΓòÉΓòÉΓòÉΓòÉΓòÉΓòÉΓòÉΓòÉΓòÉΓòÉΓòÉΓòÉΓòÉΓòÉΓòÉΓòÉΓòÉΓòÉΓòÉΓòÉΓòÉΓòÉΓòÉΓòÉΓòÉΓòÉΓòÉΓòÉΓòÉΓòÉΓòÉΓòÉΓòÉΓòÉΓòÉ
ΓòÉΓòÉΓòí EXCEPTION CAUGHT BY RENDERING LIBRARY Γò₧ΓòÉΓòÉΓòÉΓòÉΓòÉΓòÉΓòÉΓòÉΓòÉΓòÉΓòÉΓòÉΓòÉΓòÉΓòÉΓòÉΓòÉΓòÉΓòÉΓòÉΓòÉΓòÉΓòÉΓòÉΓòÉΓòÉΓòÉΓòÉΓòÉΓòÉΓòÉΓòÉΓòÉΓòÉΓòÉΓòÉΓòÉΓòÉΓòÉΓòÉΓòÉΓòÉΓòÉΓòÉΓòÉΓòÉΓòÉΓòÉΓòÉΓòÉΓòÉΓòÉΓòÉΓòÉΓòÉΓòÉΓòÉ
The following assertion was thrown during performLayout():
RenderBox was not laid out: RenderSemanticsAnnotations#4d9bb relayoutBoundary=up7 NEEDS-PAINT
'package:flutter/src/rendering/box.dart':
Failed assertion: line 2251 pos 12: 'hasSize'

Either the assertion indicates an error in the framework itself, or we should provide substantially
more information in this error message to help you determine and fix the underlying cause.
In either case, please report this assertion by filing a bug on GitHub:
  https://github.com/flutter/flutter/issues/new?template=02_bug.yml

The relevant error-causing widget was:
  SingleChildScrollView
  SingleChildScrollView:file:///D:/Mystery/programming/projects/PYTHON_PROJECTS/focus/focus_gg/focus_flutter/lib/features/dashboard/dashboard_screen.dart:132:13

When the exception was thrown, this was the stack:
#2      RenderBox.size (package:flutter/src/rendering/box.dart:2251:12)
#3      RenderProxyBoxMixin.performLayout (package:flutter/src/rendering/proxy_box.dart:115:62)
#4      RenderObject.layout (package:flutter/src/rendering/object.dart:2775:7)
#5      RenderProxyBoxMixin.performLayout (package:flutter/src/rendering/proxy_box.dart:115:18)
#6      RenderObject.layout (package:flutter/src/rendering/object.dart:2775:7)
#7      RenderProxyBoxMixin.performLayout (package:flutter/src/rendering/proxy_box.dart:115:18)
#8      RenderObject.layout (package:flutter/src/rendering/object.dart:2775:7)
#9      RenderProxyBoxMixin.performLayout (package:flutter/src/rendering/proxy_box.dart:115:18)
#10     RenderObject.layout (package:flutter/src/rendering/object.dart:2775:7)
#11     RenderProxyBoxMixin.performLayout (package:flutter/src/rendering/proxy_box.dart:115:18)
#12     RenderObject.layout (package:flutter/src/rendering/object.dart:2775:7)
#13     RenderProxyBoxMixin.performLayout (package:flutter/src/rendering/proxy_box.dart:115:18)
#14     _RenderCustomClip.performLayout (package:flutter/src/rendering/proxy_box.dart:1481:11)
#15     RenderObject.layout (package:flutter/src/rendering/object.dart:2775:7)
#16     MultiChildLayoutDelegate.layoutChild (package:flutter/src/rendering/custom_layout.dart:180:12)
#17     _ScaffoldLayout.performLayout (package:flutter/src/material/scaffold.dart:1112:7)
#18     MultiChildLayoutDelegate._callPerformLayout (package:flutter/src/rendering/custom_layout.dart:249:7)
#19     RenderCustomMultiChildLayoutBox.performLayout (package:flutter/src/rendering/custom_layout.dart:420:14)
#20     RenderObject._layoutWithoutResize (package:flutter/src/rendering/object.dart:2623:7)
#21     PipelineOwner.flushLayout (package:flutter/src/rendering/object.dart:1170:18)
#22     PipelineOwner.flushLayout (package:flutter/src/rendering/object.dart:1183:15)
#23     AutomatedTestWidgetsFlutterBinding.drawFrame (package:flutter_test/src/binding.dart:1508:27)
#24     RendererBinding._handlePersistentFrameCallback (package:flutter/src/rendering/binding.dart:495:5)
#25     SchedulerBinding._invokeFrameCallback (package:flutter/src/scheduler/binding.dart:1434:15)
#26     SchedulerBinding.handleDrawFrame (package:flutter/src/scheduler/binding.dart:1347:9)
#27     AutomatedTestWidgetsFlutterBinding.pump.<anonymous closure> (package:flutter_test/src/binding.dart:1335:9)
#30     TestAsyncUtils.guard (package:flutter_test/src/test_async_utils.dart:74:41)
#31     AutomatedTestWidgetsFlutterBinding.pump (package:flutter_test/src/binding.dart:1324:27)
#32     WidgetTester.pumpAndSettle.<anonymous closure> (package:flutter_test/src/widget_tester.dart:719:23)
<asynchronous suspension>
#33     TestAsyncUtils.guard.<anonymous closure> (package:flutter_test/src/test_async_utils.dart:130:27)
<asynchronous suspension>
#34     main.<anonymous closure> (file:///D:/Mystery/programming/projects/PYTHON_PROJECTS/focus/focus_gg/focus_flutter/test/widget_test.dart:20:5)
<asynchronous suspension>
#35     testWidgets.<anonymous closure>.<anonymous closure> (package:flutter_test/src/widget_tester.dart:192:15)
<asynchronous suspension>
#36     TestWidgetsFlutterBinding._runTestBody (package:flutter_test/src/binding.dart:1059:5)
<asynchronous suspension>
<asynchronous suspension>
(elided 5 frames from class _AssertionError, dart:async, and package:stack_trace)

The following RenderObject was being processed when the exception was fired: RenderPointerListener#6d0ca relayoutBoundary=up6 NEEDS-LAYOUT NEEDS-PAINT:
  needs compositing
  creator: Listener ΓåÉ _GestureSemantics ΓåÉ
    RawGestureDetector-[LabeledGlobalKey<RawGestureDetectorState>#b16d0] ΓåÉ Listener ΓåÉ _ScrollableScope
    ΓåÉ _ScrollSemantics-[GlobalKey#1fa52] ΓåÉ NotificationListener<ScrollMetricsNotification> ΓåÉ Transform
    ΓåÉ StretchEffect ΓåÉ ClipRect ΓåÉ AnimatedBuilder ΓåÉ NotificationListener<ScrollNotification> ΓåÉ Γï»
  parentData: <none> (can use size)
  constraints: BoxConstraints(0.0<=w<=800.0, 0.0<=h<=534.0)
  size: MISSING
  behavior: opaque
  listeners: down, panZoomStart
This RenderObject had the following descendants (showing up to depth 5):
    child: RenderSemanticsAnnotations#4d9bb relayoutBoundary=up7 NEEDS-PAINT
      child: RenderIgnorePointer#2211b relayoutBoundary=up8 NEEDS-PAINT
        child: _RenderSingleChildViewport#06cd3 relayoutBoundary=up9 NEEDS-PAINT
          child: RenderPadding#05935 relayoutBoundary=up10 NEEDS-PAINT
            child: RenderPositionedBox#201c0 relayoutBoundary=up11 NEEDS-PAINT
ΓòÉΓòÉΓòÉΓòÉΓòÉΓòÉΓòÉΓòÉΓòÉΓòÉΓòÉΓòÉΓòÉΓòÉΓòÉΓòÉΓòÉΓòÉΓòÉΓòÉΓòÉΓòÉΓòÉΓòÉΓòÉΓòÉΓòÉΓòÉΓòÉΓòÉΓòÉΓòÉΓòÉΓòÉΓòÉΓòÉΓòÉΓòÉΓòÉΓòÉΓòÉΓòÉΓòÉΓòÉΓòÉΓòÉΓòÉΓòÉΓòÉΓòÉΓòÉΓòÉΓòÉΓòÉΓòÉΓòÉΓòÉΓòÉΓòÉΓòÉΓòÉΓòÉΓòÉΓòÉΓòÉΓòÉΓòÉΓòÉΓòÉΓòÉΓòÉΓòÉΓòÉΓòÉΓòÉΓòÉΓòÉΓòÉΓòÉΓòÉΓòÉΓòÉΓòÉΓòÉΓòÉΓòÉΓòÉΓòÉΓòÉΓòÉΓòÉΓòÉΓòÉΓòÉΓòÉΓòÉΓòÉΓòÉΓòÉΓòÉ
ΓòÉΓòÉΓòí EXCEPTION CAUGHT BY RENDERING LIBRARY Γò₧ΓòÉΓòÉΓòÉΓòÉΓòÉΓòÉΓòÉΓòÉΓòÉΓòÉΓòÉΓòÉΓòÉΓòÉΓòÉΓòÉΓòÉΓòÉΓòÉΓòÉΓòÉΓòÉΓòÉΓòÉΓòÉΓòÉΓòÉΓòÉΓòÉΓòÉΓòÉΓòÉΓòÉΓòÉΓòÉΓòÉΓòÉΓòÉΓòÉΓòÉΓòÉΓòÉΓòÉΓòÉΓòÉΓòÉΓòÉΓòÉΓòÉΓòÉΓòÉΓòÉΓòÉΓòÉΓòÉΓòÉΓòÉ
The following assertion was thrown during performLayout():
RenderBox was not laid out: RenderPointerListener#6d0ca relayoutBoundary=up6 NEEDS-PAINT
'package:flutter/src/rendering/box.dart':
Failed assertion: line 2251 pos 12: 'hasSize'

Either the assertion indicates an error in the framework itself, or we should provide substantially
more information in this error message to help you determine and fix the underlying cause.
In either case, please report this assertion by filing a bug on GitHub:
  https://github.com/flutter/flutter/issues/new?template=02_bug.yml

The relevant error-causing widget was:
  SingleChildScrollView
  SingleChildScrollView:file:///D:/Mystery/programming/projects/PYTHON_PROJECTS/focus/focus_gg/focus_flutter/lib/features/dashboard/dashboard_screen.dart:132:13

When the exception was thrown, this was the stack:
#2      RenderBox.size (package:flutter/src/rendering/box.dart:2251:12)
#3      RenderProxyBoxMixin.performLayout (package:flutter/src/rendering/proxy_box.dart:115:62)
#4      RenderObject.layout (package:flutter/src/rendering/object.dart:2775:7)
#5      RenderProxyBoxMixin.performLayout (package:flutter/src/rendering/proxy_box.dart:115:18)
#6      RenderObject.layout (package:flutter/src/rendering/object.dart:2775:7)
#7      RenderProxyBoxMixin.performLayout (package:flutter/src/rendering/proxy_box.dart:115:18)
#8      RenderObject.layout (package:flutter/src/rendering/object.dart:2775:7)
#9      RenderProxyBoxMixin.performLayout (package:flutter/src/rendering/proxy_box.dart:115:18)
#10     RenderObject.layout (package:flutter/src/rendering/object.dart:2775:7)
#11     RenderProxyBoxMixin.performLayout (package:flutter/src/rendering/proxy_box.dart:115:18)
#12     _RenderCustomClip.performLayout (package:flutter/src/rendering/proxy_box.dart:1481:11)
#13     RenderObject.layout (package:flutter/src/rendering/object.dart:2775:7)
#14     MultiChildLayoutDelegate.layoutChild (package:flutter/src/rendering/custom_layout.dart:180:12)
#15     _ScaffoldLayout.performLayout (package:flutter/src/material/scaffold.dart:1112:7)
#16     MultiChildLayoutDelegate._callPerformLayout (package:flutter/src/rendering/custom_layout.dart:249:7)
#17     RenderCustomMultiChildLayoutBox.performLayout (package:flutter/src/rendering/custom_layout.dart:420:14)
#18     RenderObject._layoutWithoutResize (package:flutter/src/rendering/object.dart:2623:7)
#19     PipelineOwner.flushLayout (package:flutter/src/rendering/object.dart:1170:18)
#20     PipelineOwner.flushLayout (package:flutter/src/rendering/object.dart:1183:15)
#21     AutomatedTestWidgetsFlutterBinding.drawFrame (package:flutter_test/src/binding.dart:1508:27)
#22     RendererBinding._handlePersistentFrameCallback (package:flutter/src/rendering/binding.dart:495:5)
#23     SchedulerBinding._invokeFrameCallback (package:flutter/src/scheduler/binding.dart:1434:15)
#24     SchedulerBinding.handleDrawFrame (package:flutter/src/scheduler/binding.dart:1347:9)
#25     AutomatedTestWidgetsFlutterBinding.pump.<anonymous closure> (package:flutter_test/src/binding.dart:1335:9)
#28     TestAsyncUtils.guard (package:flutter_test/src/test_async_utils.dart:74:41)
#29     AutomatedTestWidgetsFlutterBinding.pump (package:flutter_test/src/binding.dart:1324:27)
#30     WidgetTester.pumpAndSettle.<anonymous closure> (package:flutter_test/src/widget_tester.dart:719:23)
<asynchronous suspension>
#31     TestAsyncUtils.guard.<anonymous closure> (package:flutter_test/src/test_async_utils.dart:130:27)
<asynchronous suspension>
#32     main.<anonymous closure> (file:///D:/Mystery/programming/projects/PYTHON_PROJECTS/focus/focus_gg/focus_flutter/test/widget_test.dart:20:5)
<asynchronous suspension>
#33     testWidgets.<anonymous closure>.<anonymous closure> (package:flutter_test/src/widget_tester.dart:192:15)
<asynchronous suspension>
#34     TestWidgetsFlutterBinding._runTestBody (package:flutter_test/src/binding.dart:1059:5)
<asynchronous suspension>
<asynchronous suspension>
(elided 5 frames from class _AssertionError, dart:async, and package:stack_trace)

The following RenderObject was being processed when the exception was fired: RenderSemanticsGestureHandler#bece2 relayoutBoundary=up5 NEEDS-LAYOUT NEEDS-PAINT:
  needs compositing
  creator: _GestureSemantics ΓåÉ RawGestureDetector-[LabeledGlobalKey<RawGestureDetectorState>#b16d0] ΓåÉ
    Listener ΓåÉ _ScrollableScope ΓåÉ _ScrollSemantics-[GlobalKey#1fa52] ΓåÉ
    NotificationListener<ScrollMetricsNotification> ΓåÉ Transform ΓåÉ StretchEffect ΓåÉ ClipRect ΓåÉ
    AnimatedBuilder ΓåÉ NotificationListener<ScrollNotification> ΓåÉ StretchingOverscrollIndicator ΓåÉ Γï»
  parentData: <none> (can use size)
  constraints: BoxConstraints(0.0<=w<=800.0, 0.0<=h<=534.0)
  size: MISSING
  behavior: opaque
  gestures: <none>
This RenderObject had the following descendants (showing up to depth 5):
    child: RenderPointerListener#6d0ca relayoutBoundary=up6 NEEDS-PAINT
      child: RenderSemanticsAnnotations#4d9bb relayoutBoundary=up7 NEEDS-PAINT
        child: RenderIgnorePointer#2211b relayoutBoundary=up8 NEEDS-PAINT
          child: _RenderSingleChildViewport#06cd3 relayoutBoundary=up9 NEEDS-PAINT
            child: RenderPadding#05935 relayoutBoundary=up10 NEEDS-PAINT
ΓòÉΓòÉΓòÉΓòÉΓòÉΓòÉΓòÉΓòÉΓòÉΓòÉΓòÉΓòÉΓòÉΓòÉΓòÉΓòÉΓòÉΓòÉΓòÉΓòÉΓòÉΓòÉΓòÉΓòÉΓòÉΓòÉΓòÉΓòÉΓòÉΓòÉΓòÉΓòÉΓòÉΓòÉΓòÉΓòÉΓòÉΓòÉΓòÉΓòÉΓòÉΓòÉΓòÉΓòÉΓòÉΓòÉΓòÉΓòÉΓòÉΓòÉΓòÉΓòÉΓòÉΓòÉΓòÉΓòÉΓòÉΓòÉΓòÉΓòÉΓòÉΓòÉΓòÉΓòÉΓòÉΓòÉΓòÉΓòÉΓòÉΓòÉΓòÉΓòÉΓòÉΓòÉΓòÉΓòÉΓòÉΓòÉΓòÉΓòÉΓòÉΓòÉΓòÉΓòÉΓòÉΓòÉΓòÉΓòÉΓòÉΓòÉΓòÉΓòÉΓòÉΓòÉΓòÉΓòÉΓòÉΓòÉΓòÉΓòÉ
ΓòÉΓòÉΓòí EXCEPTION CAUGHT BY RENDERING LIBRARY Γò₧ΓòÉΓòÉΓòÉΓòÉΓòÉΓòÉΓòÉΓòÉΓòÉΓòÉΓòÉΓòÉΓòÉΓòÉΓòÉΓòÉΓòÉΓòÉΓòÉΓòÉΓòÉΓòÉΓòÉΓòÉΓòÉΓòÉΓòÉΓòÉΓòÉΓòÉΓòÉΓòÉΓòÉΓòÉΓòÉΓòÉΓòÉΓòÉΓòÉΓòÉΓòÉΓòÉΓòÉΓòÉΓòÉΓòÉΓòÉΓòÉΓòÉΓòÉΓòÉΓòÉΓòÉΓòÉΓòÉΓòÉΓòÉ
The following assertion was thrown during performLayout():
RenderBox was not laid out: RenderSemanticsGestureHandler#bece2 relayoutBoundary=up5 NEEDS-PAINT
'package:flutter/src/rendering/box.dart':
Failed assertion: line 2251 pos 12: 'hasSize'

Either the assertion indicates an error in the framework itself, or we should provide substantially
more information in this error message to help you determine and fix the underlying cause.
In either case, please report this assertion by filing a bug on GitHub:
  https://github.com/flutter/flutter/issues/new?template=02_bug.yml

The relevant error-causing widget was:
  SingleChildScrollView
  SingleChildScrollView:file:///D:/Mystery/programming/projects/PYTHON_PROJECTS/focus/focus_gg/focus_flutter/lib/features/dashboard/dashboard_screen.dart:132:13

When the exception was thrown, this was the stack:
#2      RenderBox.size (package:flutter/src/rendering/box.dart:2251:12)
#3      RenderProxyBoxMixin.performLayout (package:flutter/src/rendering/proxy_box.dart:115:62)
#4      RenderObject.layout (package:flutter/src/rendering/object.dart:2775:7)
#5      RenderProxyBoxMixin.performLayout (package:flutter/src/rendering/proxy_box.dart:115:18)
#6      RenderObject.layout (package:flutter/src/rendering/object.dart:2775:7)
#7      RenderProxyBoxMixin.performLayout (package:flutter/src/rendering/proxy_box.dart:115:18)
#8      RenderObject.layout (package:flutter/src/rendering/object.dart:2775:7)
#9      RenderProxyBoxMixin.performLayout (package:flutter/src/rendering/proxy_box.dart:115:18)
#10     _RenderCustomClip.performLayout (package:flutter/src/rendering/proxy_box.dart:1481:11)
#11     RenderObject.layout (package:flutter/src/rendering/object.dart:2775:7)
#12     MultiChildLayoutDelegate.layoutChild (package:flutter/src/rendering/custom_layout.dart:180:12)
#13     _ScaffoldLayout.performLayout (package:flutter/src/material/scaffold.dart:1112:7)
#14     MultiChildLayoutDelegate._callPerformLayout (package:flutter/src/rendering/custom_layout.dart:249:7)
#15     RenderCustomMultiChildLayoutBox.performLayout (package:flutter/src/rendering/custom_layout.dart:420:14)
#16     RenderObject._layoutWithoutResize (package:flutter/src/rendering/object.dart:2623:7)
#17     PipelineOwner.flushLayout (package:flutter/src/rendering/object.dart:1170:18)
#18     PipelineOwner.flushLayout (package:flutter/src/rendering/object.dart:1183:15)
#19     AutomatedTestWidgetsFlutterBinding.drawFrame (package:flutter_test/src/binding.dart:1508:27)
#20     RendererBinding._handlePersistentFrameCallback (package:flutter/src/rendering/binding.dart:495:5)
#21     SchedulerBinding._invokeFrameCallback (package:flutter/src/scheduler/binding.dart:1434:15)
#22     SchedulerBinding.handleDrawFrame (package:flutter/src/scheduler/binding.dart:1347:9)
#23     AutomatedTestWidgetsFlutterBinding.pump.<anonymous closure> (package:flutter_test/src/binding.dart:1335:9)
#26     TestAsyncUtils.guard (package:flutter_test/src/test_async_utils.dart:74:41)
#27     AutomatedTestWidgetsFlutterBinding.pump (package:flutter_test/src/binding.dart:1324:27)
#28     WidgetTester.pumpAndSettle.<anonymous closure> (package:flutter_test/src/widget_tester.dart:719:23)
<asynchronous suspension>
#29     TestAsyncUtils.guard.<anonymous closure> (package:flutter_test/src/test_async_utils.dart:130:27)
<asynchronous suspension>
#30     main.<anonymous closure> (file:///D:/Mystery/programming/projects/PYTHON_PROJECTS/focus/focus_gg/focus_flutter/test/widget_test.dart:20:5)
<asynchronous suspension>
#31     testWidgets.<anonymous closure>.<anonymous closure> (package:flutter_test/src/widget_tester.dart:192:15)
<asynchronous suspension>
#32     TestWidgetsFlutterBinding._runTestBody (package:flutter_test/src/binding.dart:1059:5)
<asynchronous suspension>
<asynchronous suspension>
(elided 5 frames from class _AssertionError, dart:async, and package:stack_trace)

The following RenderObject was being processed when the exception was fired: RenderPointerListener#1e896 relayoutBoundary=up4 NEEDS-LAYOUT NEEDS-PAINT:
  needs compositing
  creator: Listener ΓåÉ _ScrollableScope ΓåÉ _ScrollSemantics-[GlobalKey#1fa52] ΓåÉ
    NotificationListener<ScrollMetricsNotification> ΓåÉ Transform ΓåÉ StretchEffect ΓåÉ ClipRect ΓåÉ
    AnimatedBuilder ΓåÉ NotificationListener<ScrollNotification> ΓåÉ StretchingOverscrollIndicator ΓåÉ
    Scrollable ΓåÉ PrimaryScrollController ΓåÉ Γï»
  parentData: <none> (can use size)
  constraints: BoxConstraints(0.0<=w<=800.0, 0.0<=h<=534.0)
  size: MISSING
  behavior: deferToChild
  listeners: signal
This RenderObject had the following descendants (showing up to depth 5):
    child: RenderSemanticsGestureHandler#bece2 relayoutBoundary=up5 NEEDS-PAINT
      child: RenderPointerListener#6d0ca relayoutBoundary=up6 NEEDS-PAINT
        child: RenderSemanticsAnnotations#4d9bb relayoutBoundary=up7 NEEDS-PAINT
          child: RenderIgnorePointer#2211b relayoutBoundary=up8 NEEDS-PAINT
            child: _RenderSingleChildViewport#06cd3 relayoutBoundary=up9 NEEDS-PAINT
ΓòÉΓòÉΓòÉΓòÉΓòÉΓòÉΓòÉΓòÉΓòÉΓòÉΓòÉΓòÉΓòÉΓòÉΓòÉΓòÉΓòÉΓòÉΓòÉΓòÉΓòÉΓòÉΓòÉΓòÉΓòÉΓòÉΓòÉΓòÉΓòÉΓòÉΓòÉΓòÉΓòÉΓòÉΓòÉΓòÉΓòÉΓòÉΓòÉΓòÉΓòÉΓòÉΓòÉΓòÉΓòÉΓòÉΓòÉΓòÉΓòÉΓòÉΓòÉΓòÉΓòÉΓòÉΓòÉΓòÉΓòÉΓòÉΓòÉΓòÉΓòÉΓòÉΓòÉΓòÉΓòÉΓòÉΓòÉΓòÉΓòÉΓòÉΓòÉΓòÉΓòÉΓòÉΓòÉΓòÉΓòÉΓòÉΓòÉΓòÉΓòÉΓòÉΓòÉΓòÉΓòÉΓòÉΓòÉΓòÉΓòÉΓòÉΓòÉΓòÉΓòÉΓòÉΓòÉΓòÉΓòÉΓòÉΓòÉΓòÉ
ΓòÉΓòÉΓòí EXCEPTION CAUGHT BY RENDERING LIBRARY Γò₧ΓòÉΓòÉΓòÉΓòÉΓòÉΓòÉΓòÉΓòÉΓòÉΓòÉΓòÉΓòÉΓòÉΓòÉΓòÉΓòÉΓòÉΓòÉΓòÉΓòÉΓòÉΓòÉΓòÉΓòÉΓòÉΓòÉΓòÉΓòÉΓòÉΓòÉΓòÉΓòÉΓòÉΓòÉΓòÉΓòÉΓòÉΓòÉΓòÉΓòÉΓòÉΓòÉΓòÉΓòÉΓòÉΓòÉΓòÉΓòÉΓòÉΓòÉΓòÉΓòÉΓòÉΓòÉΓòÉΓòÉΓòÉ
The following assertion was thrown during performLayout():
RenderBox was not laid out: RenderPointerListener#1e896 relayoutBoundary=up4 NEEDS-PAINT
'package:flutter/src/rendering/box.dart':
Failed assertion: line 2251 pos 12: 'hasSize'

Either the assertion indicates an error in the framework itself, or we should provide substantially
more information in this error message to help you determine and fix the underlying cause.
In either case, please report this assertion by filing a bug on GitHub:
  https://github.com/flutter/flutter/issues/new?template=02_bug.yml

The relevant error-causing widget was:
  SingleChildScrollView
  SingleChildScrollView:file:///D:/Mystery/programming/projects/PYTHON_PROJECTS/focus/focus_gg/focus_flutter/lib/features/dashboard/dashboard_screen.dart:132:13

When the exception was thrown, this was the stack:
#2      RenderBox.size (package:flutter/src/rendering/box.dart:2251:12)
#3      RenderProxyBoxMixin.performLayout (package:flutter/src/rendering/proxy_box.dart:115:62)
#4      RenderObject.layout (package:flutter/src/rendering/object.dart:2775:7)
#5      RenderProxyBoxMixin.performLayout (package:flutter/src/rendering/proxy_box.dart:115:18)
#6      RenderObject.layout (package:flutter/src/rendering/object.dart:2775:7)
#7      RenderProxyBoxMixin.performLayout (package:flutter/src/rendering/proxy_box.dart:115:18)
#8      _RenderCustomClip.performLayout (package:flutter/src/rendering/proxy_box.dart:1481:11)
#9      RenderObject.layout (package:flutter/src/rendering/object.dart:2775:7)
#10     MultiChildLayoutDelegate.layoutChild (package:flutter/src/rendering/custom_layout.dart:180:12)
#11     _ScaffoldLayout.performLayout (package:flutter/src/material/scaffold.dart:1112:7)
#12     MultiChildLayoutDelegate._callPerformLayout (package:flutter/src/rendering/custom_layout.dart:249:7)
#13     RenderCustomMultiChildLayoutBox.performLayout (package:flutter/src/rendering/custom_layout.dart:420:14)
#14     RenderObject._layoutWithoutResize (package:flutter/src/rendering/object.dart:2623:7)
#15     PipelineOwner.flushLayout (package:flutter/src/rendering/object.dart:1170:18)
#16     PipelineOwner.flushLayout (package:flutter/src/rendering/object.dart:1183:15)
#17     AutomatedTestWidgetsFlutterBinding.drawFrame (package:flutter_test/src/binding.dart:1508:27)
#18     RendererBinding._handlePersistentFrameCallback (package:flutter/src/rendering/binding.dart:495:5)
#19     SchedulerBinding._invokeFrameCallback (package:flutter/src/scheduler/binding.dart:1434:15)
#20     SchedulerBinding.handleDrawFrame (package:flutter/src/scheduler/binding.dart:1347:9)
#21     AutomatedTestWidgetsFlutterBinding.pump.<anonymous closure> (package:flutter_test/src/binding.dart:1335:9)
#24     TestAsyncUtils.guard (package:flutter_test/src/test_async_utils.dart:74:41)
#25     AutomatedTestWidgetsFlutterBinding.pump (package:flutter_test/src/binding.dart:1324:27)
#26     WidgetTester.pumpAndSettle.<anonymous closure> (package:flutter_test/src/widget_tester.dart:719:23)
<asynchronous suspension>
#27     TestAsyncUtils.guard.<anonymous closure> (package:flutter_test/src/test_async_utils.dart:130:27)
<asynchronous suspension>
#28     main.<anonymous closure> (file:///D:/Mystery/programming/projects/PYTHON_PROJECTS/focus/focus_gg/focus_flutter/test/widget_test.dart:20:5)
<asynchronous suspension>
#29     testWidgets.<anonymous closure>.<anonymous closure> (package:flutter_test/src/widget_tester.dart:192:15)
<asynchronous suspension>
#30     TestWidgetsFlutterBinding._runTestBody (package:flutter_test/src/binding.dart:1059:5)
<asynchronous suspension>
<asynchronous suspension>
(elided 5 frames from class _AssertionError, dart:async, and package:stack_trace)

The following RenderObject was being processed when the exception was fired: _RenderScrollSemantics#ebf7b relayoutBoundary=up3 NEEDS-LAYOUT NEEDS-PAINT:
  needs compositing
  creator: _ScrollSemantics-[GlobalKey#1fa52] ΓåÉ NotificationListener<ScrollMetricsNotification> ΓåÉ
    Transform ΓåÉ StretchEffect ΓåÉ ClipRect ΓåÉ AnimatedBuilder ΓåÉ NotificationListener<ScrollNotification>
    ΓåÉ StretchingOverscrollIndicator ΓåÉ Scrollable ΓåÉ PrimaryScrollController ΓåÉ SingleChildScrollView ΓåÉ
    KeyedSubtree-[GlobalKey#15fcd] ΓåÉ Γï»
  parentData: <none> (can use size)
  constraints: BoxConstraints(0.0<=w<=800.0, 0.0<=h<=534.0)
  semantic boundary
  size: MISSING
This RenderObject had the following descendants (showing up to depth 5):
    child: RenderPointerListener#1e896 relayoutBoundary=up4 NEEDS-PAINT
      child: RenderSemanticsGestureHandler#bece2 relayoutBoundary=up5 NEEDS-PAINT
        child: RenderPointerListener#6d0ca relayoutBoundary=up6 NEEDS-PAINT
          child: RenderSemanticsAnnotations#4d9bb relayoutBoundary=up7 NEEDS-PAINT
            child: RenderIgnorePointer#2211b relayoutBoundary=up8 NEEDS-PAINT
ΓòÉΓòÉΓòÉΓòÉΓòÉΓòÉΓòÉΓòÉΓòÉΓòÉΓòÉΓòÉΓòÉΓòÉΓòÉΓòÉΓòÉΓòÉΓòÉΓòÉΓòÉΓòÉΓòÉΓòÉΓòÉΓòÉΓòÉΓòÉΓòÉΓòÉΓòÉΓòÉΓòÉΓòÉΓòÉΓòÉΓòÉΓòÉΓòÉΓòÉΓòÉΓòÉΓòÉΓòÉΓòÉΓòÉΓòÉΓòÉΓòÉΓòÉΓòÉΓòÉΓòÉΓòÉΓòÉΓòÉΓòÉΓòÉΓòÉΓòÉΓòÉΓòÉΓòÉΓòÉΓòÉΓòÉΓòÉΓòÉΓòÉΓòÉΓòÉΓòÉΓòÉΓòÉΓòÉΓòÉΓòÉΓòÉΓòÉΓòÉΓòÉΓòÉΓòÉΓòÉΓòÉΓòÉΓòÉΓòÉΓòÉΓòÉΓòÉΓòÉΓòÉΓòÉΓòÉΓòÉΓòÉΓòÉΓòÉΓòÉ
ΓòÉΓòÉΓòí EXCEPTION CAUGHT BY RENDERING LIBRARY Γò₧ΓòÉΓòÉΓòÉΓòÉΓòÉΓòÉΓòÉΓòÉΓòÉΓòÉΓòÉΓòÉΓòÉΓòÉΓòÉΓòÉΓòÉΓòÉΓòÉΓòÉΓòÉΓòÉΓòÉΓòÉΓòÉΓòÉΓòÉΓòÉΓòÉΓòÉΓòÉΓòÉΓòÉΓòÉΓòÉΓòÉΓòÉΓòÉΓòÉΓòÉΓòÉΓòÉΓòÉΓòÉΓòÉΓòÉΓòÉΓòÉΓòÉΓòÉΓòÉΓòÉΓòÉΓòÉΓòÉΓòÉΓòÉ
The following assertion was thrown during performLayout():
RenderBox was not laid out: _RenderScrollSemantics#ebf7b relayoutBoundary=up3 NEEDS-PAINT
'package:flutter/src/rendering/box.dart':
Failed assertion: line 2251 pos 12: 'hasSize'

Either the assertion indicates an error in the framework itself, or we should provide substantially
more information in this error message to help you determine and fix the underlying cause.
In either case, please report this assertion by filing a bug on GitHub:
  https://github.com/flutter/flutter/issues/new?template=02_bug.yml

The relevant error-causing widget was:
  SingleChildScrollView
  SingleChildScrollView:file:///D:/Mystery/programming/projects/PYTHON_PROJECTS/focus/focus_gg/focus_flutter/lib/features/dashboard/dashboard_screen.dart:132:13

When the exception was thrown, this was the stack:
#2      RenderBox.size (package:flutter/src/rendering/box.dart:2251:12)
#3      RenderProxyBoxMixin.performLayout (package:flutter/src/rendering/proxy_box.dart:115:62)
#4      RenderObject.layout (package:flutter/src/rendering/object.dart:2775:7)
#5      RenderProxyBoxMixin.performLayout (package:flutter/src/rendering/proxy_box.dart:115:18)
#6      _RenderCustomClip.performLayout (package:flutter/src/rendering/proxy_box.dart:1481:11)
#7      RenderObject.layout (package:flutter/src/rendering/object.dart:2775:7)
#8      MultiChildLayoutDelegate.layoutChild (package:flutter/src/rendering/custom_layout.dart:180:12)
#9      _ScaffoldLayout.performLayout (package:flutter/src/material/scaffold.dart:1112:7)
#10     MultiChildLayoutDelegate._callPerformLayout (package:flutter/src/rendering/custom_layout.dart:249:7)
#11     RenderCustomMultiChildLayoutBox.performLayout (package:flutter/src/rendering/custom_layout.dart:420:14)
#12     RenderObject._layoutWithoutResize (package:flutter/src/rendering/object.dart:2623:7)
#13     PipelineOwner.flushLayout (package:flutter/src/rendering/object.dart:1170:18)
#14     PipelineOwner.flushLayout (package:flutter/src/rendering/object.dart:1183:15)
#15     AutomatedTestWidgetsFlutterBinding.drawFrame (package:flutter_test/src/binding.dart:1508:27)
#16     RendererBinding._handlePersistentFrameCallback (package:flutter/src/rendering/binding.dart:495:5)
#17     SchedulerBinding._invokeFrameCallback (package:flutter/src/scheduler/binding.dart:1434:15)
#18     SchedulerBinding.handleDrawFrame (package:flutter/src/scheduler/binding.dart:1347:9)
#19     AutomatedTestWidgetsFlutterBinding.pump.<anonymous closure> (package:flutter_test/src/binding.dart:1335:9)
#22     TestAsyncUtils.guard (package:flutter_test/src/test_async_utils.dart:74:41)
#23     AutomatedTestWidgetsFlutterBinding.pump (package:flutter_test/src/binding.dart:1324:27)
#24     WidgetTester.pumpAndSettle.<anonymous closure> (package:flutter_test/src/widget_tester.dart:719:23)
<asynchronous suspension>
#25     TestAsyncUtils.guard.<anonymous closure> (package:flutter_test/src/test_async_utils.dart:130:27)
<asynchronous suspension>
#26     main.<anonymous closure> (file:///D:/Mystery/programming/projects/PYTHON_PROJECTS/focus/focus_gg/focus_flutter/test/widget_test.dart:20:5)
<asynchronous suspension>
#27     testWidgets.<anonymous closure>.<anonymous closure> (package:flutter_test/src/widget_tester.dart:192:15)
<asynchronous suspension>
#28     TestWidgetsFlutterBinding._runTestBody (package:flutter_test/src/binding.dart:1059:5)
<asynchronous suspension>
<asynchronous suspension>
(elided 5 frames from class _AssertionError, dart:async, and package:stack_trace)

The following RenderObject was being processed when the exception was fired: RenderTransform#c1aea relayoutBoundary=up2 NEEDS-LAYOUT:
  needs compositing
  creator: Transform ΓåÉ StretchEffect ΓåÉ ClipRect ΓåÉ AnimatedBuilder ΓåÉ
    NotificationListener<ScrollNotification> ΓåÉ StretchingOverscrollIndicator ΓåÉ Scrollable ΓåÉ
    PrimaryScrollController ΓåÉ SingleChildScrollView ΓåÉ KeyedSubtree-[GlobalKey#15fcd] ΓåÉ _BodyBuilder ΓåÉ
    MediaQuery ΓåÉ Γï»
  parentData: <none> (can use size)
  constraints: BoxConstraints(0.0<=w<=800.0, 0.0<=h<=534.0)
  size: MISSING
  transform matrix:
    [0] 1.0,0.0,0.0,0.0
    [1] 0.0,1.0,0.0,0.0
    [2] 0.0,0.0,1.0,0.0
    [3] 0.0,0.0,0.0,1.0
  origin: null
  alignment: AlignmentDirectional.bottomCenter
  textDirection: ltr
  transformHitTests: true
This RenderObject had the following descendants (showing up to depth 5):
    child: _RenderScrollSemantics#ebf7b relayoutBoundary=up3 NEEDS-PAINT
      child: RenderPointerListener#1e896 relayoutBoundary=up4 NEEDS-PAINT
        child: RenderSemanticsGestureHandler#bece2 relayoutBoundary=up5 NEEDS-PAINT
          child: RenderPointerListener#6d0ca relayoutBoundary=up6 NEEDS-PAINT
            child: RenderSemanticsAnnotations#4d9bb relayoutBoundary=up7 NEEDS-PAINT
ΓòÉΓòÉΓòÉΓòÉΓòÉΓòÉΓòÉΓòÉΓòÉΓòÉΓòÉΓòÉΓòÉΓòÉΓòÉΓòÉΓòÉΓòÉΓòÉΓòÉΓòÉΓòÉΓòÉΓòÉΓòÉΓòÉΓòÉΓòÉΓòÉΓòÉΓòÉΓòÉΓòÉΓòÉΓòÉΓòÉΓòÉΓòÉΓòÉΓòÉΓòÉΓòÉΓòÉΓòÉΓòÉΓòÉΓòÉΓòÉΓòÉΓòÉΓòÉΓòÉΓòÉΓòÉΓòÉΓòÉΓòÉΓòÉΓòÉΓòÉΓòÉΓòÉΓòÉΓòÉΓòÉΓòÉΓòÉΓòÉΓòÉΓòÉΓòÉΓòÉΓòÉΓòÉΓòÉΓòÉΓòÉΓòÉΓòÉΓòÉΓòÉΓòÉΓòÉΓòÉΓòÉΓòÉΓòÉΓòÉΓòÉΓòÉΓòÉΓòÉΓòÉΓòÉΓòÉΓòÉΓòÉΓòÉΓòÉΓòÉ
ΓòÉΓòÉΓòí EXCEPTION CAUGHT BY RENDERING LIBRARY Γò₧ΓòÉΓòÉΓòÉΓòÉΓòÉΓòÉΓòÉΓòÉΓòÉΓòÉΓòÉΓòÉΓòÉΓòÉΓòÉΓòÉΓòÉΓòÉΓòÉΓòÉΓòÉΓòÉΓòÉΓòÉΓòÉΓòÉΓòÉΓòÉΓòÉΓòÉΓòÉΓòÉΓòÉΓòÉΓòÉΓòÉΓòÉΓòÉΓòÉΓòÉΓòÉΓòÉΓòÉΓòÉΓòÉΓòÉΓòÉΓòÉΓòÉΓòÉΓòÉΓòÉΓòÉΓòÉΓòÉΓòÉΓòÉ
The following assertion was thrown during performLayout():
RenderBox was not laid out: RenderTransform#c1aea relayoutBoundary=up2 NEEDS-PAINT
'package:flutter/src/rendering/box.dart':
Failed assertion: line 2251 pos 12: 'hasSize'

Either the assertion indicates an error in the framework itself, or we should provide substantially
more information in this error message to help you determine and fix the underlying cause.
In either case, please report this assertion by filing a bug on GitHub:
  https://github.com/flutter/flutter/issues/new?template=02_bug.yml

The relevant error-causing widget was:
  SingleChildScrollView
  SingleChildScrollView:file:///D:/Mystery/programming/projects/PYTHON_PROJECTS/focus/focus_gg/focus_flutter/lib/features/dashboard/dashboard_screen.dart:132:13

When the exception was thrown, this was the stack:
#2      RenderBox.size (package:flutter/src/rendering/box.dart:2251:12)
#3      RenderProxyBoxMixin.performLayout (package:flutter/src/rendering/proxy_box.dart:115:62)
#4      _RenderCustomClip.performLayout (package:flutter/src/rendering/proxy_box.dart:1481:11)
#5      RenderObject.layout (package:flutter/src/rendering/object.dart:2775:7)
#6      MultiChildLayoutDelegate.layoutChild (package:flutter/src/rendering/custom_layout.dart:180:12)
#7      _ScaffoldLayout.performLayout (package:flutter/src/material/scaffold.dart:1112:7)
#8      MultiChildLayoutDelegate._callPerformLayout (package:flutter/src/rendering/custom_layout.dart:249:7)
#9      RenderCustomMultiChildLayoutBox.performLayout (package:flutter/src/rendering/custom_layout.dart:420:14)
#10     RenderObject._layoutWithoutResize (package:flutter/src/rendering/object.dart:2623:7)
#11     PipelineOwner.flushLayout (package:flutter/src/rendering/object.dart:1170:18)
#12     PipelineOwner.flushLayout (package:flutter/src/rendering/object.dart:1183:15)
#13     AutomatedTestWidgetsFlutterBinding.drawFrame (package:flutter_test/src/binding.dart:1508:27)
#14     RendererBinding._handlePersistentFrameCallback (package:flutter/src/rendering/binding.dart:495:5)
#15     SchedulerBinding._invokeFrameCallback (package:flutter/src/scheduler/binding.dart:1434:15)
#16     SchedulerBinding.handleDrawFrame (package:flutter/src/scheduler/binding.dart:1347:9)
#17     AutomatedTestWidgetsFlutterBinding.pump.<anonymous closure> (package:flutter_test/src/binding.dart:1335:9)
#20     TestAsyncUtils.guard (package:flutter_test/src/test_async_utils.dart:74:41)
#21     AutomatedTestWidgetsFlutterBinding.pump (package:flutter_test/src/binding.dart:1324:27)
#22     WidgetTester.pumpAndSettle.<anonymous closure> (package:flutter_test/src/widget_tester.dart:719:23)
<asynchronous suspension>
#23     TestAsyncUtils.guard.<anonymous closure> (package:flutter_test/src/test_async_utils.dart:130:27)
<asynchronous suspension>
#24     main.<anonymous closure> (file:///D:/Mystery/programming/projects/PYTHON_PROJECTS/focus/focus_gg/focus_flutter/test/widget_test.dart:20:5)
<asynchronous suspension>
#25     testWidgets.<anonymous closure>.<anonymous closure> (package:flutter_test/src/widget_tester.dart:192:15)
<asynchronous suspension>
#26     TestWidgetsFlutterBinding._runTestBody (package:flutter_test/src/binding.dart:1059:5)
<asynchronous suspension>
<asynchronous suspension>
(elided 5 frames from class _AssertionError, dart:async, and package:stack_trace)

The following RenderObject was being processed when the exception was fired: RenderClipRect#3fd23 relayoutBoundary=up1 NEEDS-LAYOUT NEEDS-PAINT:
  needs compositing
  creator: ClipRect ΓåÉ AnimatedBuilder ΓåÉ NotificationListener<ScrollNotification> ΓåÉ
    StretchingOverscrollIndicator ΓåÉ Scrollable ΓåÉ PrimaryScrollController ΓåÉ SingleChildScrollView ΓåÉ
    KeyedSubtree-[GlobalKey#15fcd] ΓåÉ _BodyBuilder ΓåÉ MediaQuery ΓåÉ LayoutId-[<_ScaffoldSlot.body>] ΓåÉ
    CustomMultiChildLayout ΓåÉ Γï»
  parentData: offset=Offset(0.0, 0.0); id=_ScaffoldSlot.body (can use size)
  constraints: BoxConstraints(0.0<=w<=800.0, 0.0<=h<=534.0)
  size: MISSING
This RenderObject had the following descendants (showing up to depth 5):
    child: RenderTransform#c1aea relayoutBoundary=up2 NEEDS-PAINT
      child: _RenderScrollSemantics#ebf7b relayoutBoundary=up3 NEEDS-PAINT
        child: RenderPointerListener#1e896 relayoutBoundary=up4 NEEDS-PAINT
          child: RenderSemanticsGestureHandler#bece2 relayoutBoundary=up5 NEEDS-PAINT
            child: RenderPointerListener#6d0ca relayoutBoundary=up6 NEEDS-PAINT
ΓòÉΓòÉΓòÉΓòÉΓòÉΓòÉΓòÉΓòÉΓòÉΓòÉΓòÉΓòÉΓòÉΓòÉΓòÉΓòÉΓòÉΓòÉΓòÉΓòÉΓòÉΓòÉΓòÉΓòÉΓòÉΓòÉΓòÉΓòÉΓòÉΓòÉΓòÉΓòÉΓòÉΓòÉΓòÉΓòÉΓòÉΓòÉΓòÉΓòÉΓòÉΓòÉΓòÉΓòÉΓòÉΓòÉΓòÉΓòÉΓòÉΓòÉΓòÉΓòÉΓòÉΓòÉΓòÉΓòÉΓòÉΓòÉΓòÉΓòÉΓòÉΓòÉΓòÉΓòÉΓòÉΓòÉΓòÉΓòÉΓòÉΓòÉΓòÉΓòÉΓòÉΓòÉΓòÉΓòÉΓòÉΓòÉΓòÉΓòÉΓòÉΓòÉΓòÉΓòÉΓòÉΓòÉΓòÉΓòÉΓòÉΓòÉΓòÉΓòÉΓòÉΓòÉΓòÉΓòÉΓòÉΓòÉΓòÉΓòÉ
ΓòÉΓòÉΓòí EXCEPTION CAUGHT BY RENDERING LIBRARY Γò₧ΓòÉΓòÉΓòÉΓòÉΓòÉΓòÉΓòÉΓòÉΓòÉΓòÉΓòÉΓòÉΓòÉΓòÉΓòÉΓòÉΓòÉΓòÉΓòÉΓòÉΓòÉΓòÉΓòÉΓòÉΓòÉΓòÉΓòÉΓòÉΓòÉΓòÉΓòÉΓòÉΓòÉΓòÉΓòÉΓòÉΓòÉΓòÉΓòÉΓòÉΓòÉΓòÉΓòÉΓòÉΓòÉΓòÉΓòÉΓòÉΓòÉΓòÉΓòÉΓòÉΓòÉΓòÉΓòÉΓòÉΓòÉ
The following assertion was thrown during performLayout():
RenderBox was not laid out: RenderClipRect#3fd23 relayoutBoundary=up1 NEEDS-PAINT
'package:flutter/src/rendering/box.dart':
Failed assertion: line 2251 pos 12: 'hasSize'

Either the assertion indicates an error in the framework itself, or we should provide substantially
more information in this error message to help you determine and fix the underlying cause.
In either case, please report this assertion by filing a bug on GitHub:
  https://github.com/flutter/flutter/issues/new?template=02_bug.yml

The relevant error-causing widget was:
  Scaffold
  Scaffold:file:///D:/Mystery/programming/projects/PYTHON_PROJECTS/focus/focus_gg/focus_flutter/lib/features/dashboard/dashboard_screen.dart:131:12

When the exception was thrown, this was the stack:
#2      RenderBox.size (package:flutter/src/rendering/box.dart:2251:12)
#3      MultiChildLayoutDelegate.layoutChild (package:flutter/src/rendering/custom_layout.dart:181:18)
#4      _ScaffoldLayout.performLayout (package:flutter/src/material/scaffold.dart:1112:7)
#5      MultiChildLayoutDelegate._callPerformLayout (package:flutter/src/rendering/custom_layout.dart:249:7)
#6      RenderCustomMultiChildLayoutBox.performLayout (package:flutter/src/rendering/custom_layout.dart:420:14)
#7      RenderObject._layoutWithoutResize (package:flutter/src/rendering/object.dart:2623:7)
#8      PipelineOwner.flushLayout (package:flutter/src/rendering/object.dart:1170:18)
#9      PipelineOwner.flushLayout (package:flutter/src/rendering/object.dart:1183:15)
#10     AutomatedTestWidgetsFlutterBinding.drawFrame (package:flutter_test/src/binding.dart:1508:27)
#11     RendererBinding._handlePersistentFrameCallback (package:flutter/src/rendering/binding.dart:495:5)
#12     SchedulerBinding._invokeFrameCallback (package:flutter/src/scheduler/binding.dart:1434:15)
#13     SchedulerBinding.handleDrawFrame (package:flutter/src/scheduler/binding.dart:1347:9)
#14     AutomatedTestWidgetsFlutterBinding.pump.<anonymous closure> (package:flutter_test/src/binding.dart:1335:9)
#17     TestAsyncUtils.guard (package:flutter_test/src/test_async_utils.dart:74:41)
#18     AutomatedTestWidgetsFlutterBinding.pump (package:flutter_test/src/binding.dart:1324:27)
#19     WidgetTester.pumpAndSettle.<anonymous closure> (package:flutter_test/src/widget_tester.dart:719:23)
<asynchronous suspension>
#20     TestAsyncUtils.guard.<anonymous closure> (package:flutter_test/src/test_async_utils.dart:130:27)
<asynchronous suspension>
#21     main.<anonymous closure> (file:///D:/Mystery/programming/projects/PYTHON_PROJECTS/focus/focus_gg/focus_flutter/test/widget_test.dart:20:5)
<asynchronous suspension>
#22     testWidgets.<anonymous closure>.<anonymous closure> (package:flutter_test/src/widget_tester.dart:192:15)
<asynchronous suspension>
#23     TestWidgetsFlutterBinding._runTestBody (package:flutter_test/src/binding.dart:1059:5)
<asynchronous suspension>
<asynchronous suspension>
(elided 5 frames from class _AssertionError, dart:async, and package:stack_trace)

The following RenderObject was being processed when the exception was fired: RenderCustomMultiChildLayoutBox#62ffe NEEDS-LAYOUT NEEDS-PAINT:
  needs compositing
  creator: CustomMultiChildLayout ΓåÉ _ActionsScope ΓåÉ Actions ΓåÉ AnimatedBuilder ΓåÉ DefaultTextStyle ΓåÉ
    AnimatedDefaultTextStyle ΓåÉ _InkFeatures-[GlobalKey#385e5 ink renderer] ΓåÉ
    NotificationListener<LayoutChangedNotification> ΓåÉ PhysicalModel ΓåÉ AnimatedPhysicalModel ΓåÉ Material
    ΓåÉ _ScrollNotificationObserverScope ΓåÉ Γï»
  parentData: <none> (can use size)
  constraints: BoxConstraints(w=800.0, h=534.0)
  size: Size(800.0, 534.0)
This RenderObject had the following descendants (showing up to depth 5):
    child 1: RenderClipRect#3fd23 relayoutBoundary=up1 NEEDS-PAINT
      child: RenderTransform#c1aea relayoutBoundary=up2 NEEDS-PAINT
        child: _RenderScrollSemantics#ebf7b relayoutBoundary=up3 NEEDS-PAINT
          child: RenderPointerListener#1e896 relayoutBoundary=up4 NEEDS-PAINT
            child: RenderSemanticsGestureHandler#bece2 relayoutBoundary=up5 NEEDS-PAINT
    child 2: RenderStack#2844e NEEDS-LAYOUT NEEDS-PAINT
      child 1: RenderTransform#48460 NEEDS-LAYOUT NEEDS-PAINT
        child: RenderTransform#60269 NEEDS-LAYOUT NEEDS-PAINT
ΓòÉΓòÉΓòÉΓòÉΓòÉΓòÉΓòÉΓòÉΓòÉΓòÉΓòÉΓòÉΓòÉΓòÉΓòÉΓòÉΓòÉΓòÉΓòÉΓòÉΓòÉΓòÉΓòÉΓòÉΓòÉΓòÉΓòÉΓòÉΓòÉΓòÉΓòÉΓòÉΓòÉΓòÉΓòÉΓòÉΓòÉΓòÉΓòÉΓòÉΓòÉΓòÉΓòÉΓòÉΓòÉΓòÉΓòÉΓòÉΓòÉΓòÉΓòÉΓòÉΓòÉΓòÉΓòÉΓòÉΓòÉΓòÉΓòÉΓòÉΓòÉΓòÉΓòÉΓòÉΓòÉΓòÉΓòÉΓòÉΓòÉΓòÉΓòÉΓòÉΓòÉΓòÉΓòÉΓòÉΓòÉΓòÉΓòÉΓòÉΓòÉΓòÉΓòÉΓòÉΓòÉΓòÉΓòÉΓòÉΓòÉΓòÉΓòÉΓòÉΓòÉΓòÉΓòÉΓòÉΓòÉΓòÉΓòÉΓòÉ
ΓòÉΓòÉΓòí EXCEPTION CAUGHT BY RENDERING LIBRARY Γò₧ΓòÉΓòÉΓòÉΓòÉΓòÉΓòÉΓòÉΓòÉΓòÉΓòÉΓòÉΓòÉΓòÉΓòÉΓòÉΓòÉΓòÉΓòÉΓòÉΓòÉΓòÉΓòÉΓòÉΓòÉΓòÉΓòÉΓòÉΓòÉΓòÉΓòÉΓòÉΓòÉΓòÉΓòÉΓòÉΓòÉΓòÉΓòÉΓòÉΓòÉΓòÉΓòÉΓòÉΓòÉΓòÉΓòÉΓòÉΓòÉΓòÉΓòÉΓòÉΓòÉΓòÉΓòÉΓòÉΓòÉΓòÉ
The following assertion was thrown during paint():
RenderBox was not laid out: RenderTransform#c1aea relayoutBoundary=up2
'package:flutter/src/rendering/box.dart':
Failed assertion: line 2251 pos 12: 'hasSize'

Either the assertion indicates an error in the framework itself, or we should provide substantially
more information in this error message to help you determine and fix the underlying cause.
In either case, please report this assertion by filing a bug on GitHub:
  https://github.com/flutter/flutter/issues/new?template=02_bug.yml

The relevant error-causing widget was:
  SingleChildScrollView
  SingleChildScrollView:file:///D:/Mystery/programming/projects/PYTHON_PROJECTS/focus/focus_gg/focus_flutter/lib/features/dashboard/dashboard_screen.dart:132:13

When the exception was thrown, this was the stack:
#2      RenderBox.size (package:flutter/src/rendering/box.dart:2251:12)
#3      RenderTransform._effectiveTransform (package:flutter/src/rendering/proxy_box.dart:2632:49)
#4      RenderTransform.paint (package:flutter/src/rendering/proxy_box.dart:2669:33)
#5      RenderObject._paintWithContext (package:flutter/src/rendering/object.dart:3436:7)
#6      PaintingContext.paintChild (package:flutter/src/rendering/object.dart:261:13)
#7      RenderClipRect.paint (package:flutter/src/rendering/proxy_box.dart:1585:17)
#8      RenderObject._paintWithContext (package:flutter/src/rendering/object.dart:3436:7)
#9      PaintingContext.paintChild (package:flutter/src/rendering/object.dart:261:13)
#10     RenderBoxContainerDefaultsMixin.defaultPaint (package:flutter/src/rendering/box.dart:3367:15)
#11     RenderCustomMultiChildLayoutBox.paint (package:flutter/src/rendering/custom_layout.dart:425:5)
#12     RenderObject._paintWithContext (package:flutter/src/rendering/object.dart:3436:7)
#13     PaintingContext.paintChild (package:flutter/src/rendering/object.dart:261:13)
#14     RenderProxyBoxMixin.paint (package:flutter/src/rendering/proxy_box.dart:140:13)
#15     _RenderInkFeatures.paint (package:flutter/src/material/material.dart:634:11)
#16     RenderObject._paintWithContext (package:flutter/src/rendering/object.dart:3436:7)
#17     PaintingContext.paintChild (package:flutter/src/rendering/object.dart:261:13)
#18     RenderProxyBoxMixin.paint (package:flutter/src/rendering/proxy_box.dart:140:13)
#19     RenderPhysicalModel.paint.<anonymous closure> (package:flutter/src/rendering/proxy_box.dart:2184:15)
#20     PaintingContext.pushClipRRect (package:flutter/src/rendering/object.dart:622:14)
#21     RenderPhysicalModel.paint (package:flutter/src/rendering/proxy_box.dart:2171:21)
#22     RenderObject._paintWithContext (package:flutter/src/rendering/object.dart:3436:7)
#23     PaintingContext.paintChild (package:flutter/src/rendering/object.dart:261:13)
#24     RenderProxyBoxMixin.paint (package:flutter/src/rendering/proxy_box.dart:140:13)
#25     RenderObject._paintWithContext (package:flutter/src/rendering/object.dart:3436:7)
#26     PaintingContext.paintChild (package:flutter/src/rendering/object.dart:261:13)
#27     RenderProxyBoxMixin.paint (package:flutter/src/rendering/proxy_box.dart:140:13)
#28     RenderObject._paintWithContext (package:flutter/src/rendering/object.dart:3436:7)
#29     PaintingContext._repaintCompositedChild (package:flutter/src/rendering/object.dart:176:11)
#30     PaintingContext.repaintCompositedChild (package:flutter/src/rendering/object.dart:121:5)
#31     PipelineOwner.flushPaint (package:flutter/src/rendering/object.dart:1322:31)
#32     PipelineOwner.flushPaint (package:flutter/src/rendering/object.dart:1332:15)
#33     AutomatedTestWidgetsFlutterBinding.drawFrame (package:flutter_test/src/binding.dart:1512:31)
#34     RendererBinding._handlePersistentFrameCallback (package:flutter/src/rendering/binding.dart:495:5)
#35     SchedulerBinding._invokeFrameCallback (package:flutter/src/scheduler/binding.dart:1434:15)
#36     SchedulerBinding.handleDrawFrame (package:flutter/src/scheduler/binding.dart:1347:9)
#37     AutomatedTestWidgetsFlutterBinding.pump.<anonymous closure> (package:flutter_test/src/binding.dart:1335:9)
#40     TestAsyncUtils.guard (package:flutter_test/src/test_async_utils.dart:74:41)
#41     AutomatedTestWidgetsFlutterBinding.pump (package:flutter_test/src/binding.dart:1324:27)
#42     WidgetTester.pumpAndSettle.<anonymous closure> (package:flutter_test/src/widget_tester.dart:719:23)
<asynchronous suspension>
#43     TestAsyncUtils.guard.<anonymous closure> (package:flutter_test/src/test_async_utils.dart:130:27)
<asynchronous suspension>
#44     main.<anonymous closure> (file:///D:/Mystery/programming/projects/PYTHON_PROJECTS/focus/focus_gg/focus_flutter/test/widget_test.dart:20:5)
<asynchronous suspension>
#45     testWidgets.<anonymous closure>.<anonymous closure> (package:flutter_test/src/widget_tester.dart:192:15)
<asynchronous suspension>
#46     TestWidgetsFlutterBinding._runTestBody (package:flutter_test/src/binding.dart:1059:5)
<asynchronous suspension>
<asynchronous suspension>
(elided 5 frames from class _AssertionError, dart:async, and package:stack_trace)

The following RenderObject was being processed when the exception was fired: RenderTransform#c1aea relayoutBoundary=up2:
  needs compositing
  creator: Transform ΓåÉ StretchEffect ΓåÉ ClipRect ΓåÉ AnimatedBuilder ΓåÉ
    NotificationListener<ScrollNotification> ΓåÉ StretchingOverscrollIndicator ΓåÉ Scrollable ΓåÉ
    PrimaryScrollController ΓåÉ SingleChildScrollView ΓåÉ KeyedSubtree-[GlobalKey#15fcd] ΓåÉ _BodyBuilder ΓåÉ
    MediaQuery ΓåÉ Γï»
  parentData: <none> (can use size)
  constraints: BoxConstraints(0.0<=w<=800.0, 0.0<=h<=534.0)
  size: MISSING
  transform matrix:
    [0] 1.0,0.0,0.0,0.0
    [1] 0.0,1.0,0.0,0.0
    [2] 0.0,0.0,1.0,0.0
    [3] 0.0,0.0,0.0,1.0
  origin: null
  alignment: AlignmentDirectional.bottomCenter
  textDirection: ltr
  transformHitTests: true
This RenderObject had the following descendants (showing up to depth 5):
    child: _RenderScrollSemantics#ebf7b relayoutBoundary=up3 NEEDS-PAINT
      child: RenderPointerListener#1e896 relayoutBoundary=up4 NEEDS-PAINT
        child: RenderSemanticsGestureHandler#bece2 relayoutBoundary=up5 NEEDS-PAINT
          child: RenderPointerListener#6d0ca relayoutBoundary=up6 NEEDS-PAINT
            child: RenderSemanticsAnnotations#4d9bb relayoutBoundary=up7 NEEDS-PAINT
ΓòÉΓòÉΓòÉΓòÉΓòÉΓòÉΓòÉΓòÉΓòÉΓòÉΓòÉΓòÉΓòÉΓòÉΓòÉΓòÉΓòÉΓòÉΓòÉΓòÉΓòÉΓòÉΓòÉΓòÉΓòÉΓòÉΓòÉΓòÉΓòÉΓòÉΓòÉΓòÉΓòÉΓòÉΓòÉΓòÉΓòÉΓòÉΓòÉΓòÉΓòÉΓòÉΓòÉΓòÉΓòÉΓòÉΓòÉΓòÉΓòÉΓòÉΓòÉΓòÉΓòÉΓòÉΓòÉΓòÉΓòÉΓòÉΓòÉΓòÉΓòÉΓòÉΓòÉΓòÉΓòÉΓòÉΓòÉΓòÉΓòÉΓòÉΓòÉΓòÉΓòÉΓòÉΓòÉΓòÉΓòÉΓòÉΓòÉΓòÉΓòÉΓòÉΓòÉΓòÉΓòÉΓòÉΓòÉΓòÉΓòÉΓòÉΓòÉΓòÉΓòÉΓòÉΓòÉΓòÉΓòÉΓòÉΓòÉΓòÉ
ΓòÉΓòÉΓòí EXCEPTION CAUGHT BY SCHEDULER LIBRARY Γò₧ΓòÉΓòÉΓòÉΓòÉΓòÉΓòÉΓòÉΓòÉΓòÉΓòÉΓòÉΓòÉΓòÉΓòÉΓòÉΓòÉΓòÉΓòÉΓòÉΓòÉΓòÉΓòÉΓòÉΓòÉΓòÉΓòÉΓòÉΓòÉΓòÉΓòÉΓòÉΓòÉΓòÉΓòÉΓòÉΓòÉΓòÉΓòÉΓòÉΓòÉΓòÉΓòÉΓòÉΓòÉΓòÉΓòÉΓòÉΓòÉΓòÉΓòÉΓòÉΓòÉΓòÉΓòÉΓòÉΓòÉΓòÉ
The following assertion was thrown during a scheduler callback:
'package:flutter/src/rendering/object.dart': Failed assertion: line 5696 pos 14:
'!childSemantics.renderObject._needsLayout': is not true.

Either the assertion indicates an error in the framework itself, or we should provide substantially
more information in this error message to help you determine and fix the underlying cause.
In either case, please report this assertion by filing a bug on GitHub:
  https://github.com/flutter/flutter/issues/new?template=02_bug.yml

When the exception was thrown, this was the stack:
#2      _RenderObjectSemantics._collectChildMergeUpAndSiblingGroup (package:flutter/src/rendering/object.dart:5696:14)
#3      _RenderObjectSemantics.updateChildren (package:flutter/src/rendering/object.dart:5573:50)
#4      _RenderObjectSemantics._didUpdateParentData (package:flutter/src/rendering/object.dart:5774:5)
#5      _RenderObjectSemantics._collectChildMergeUpAndSiblingGroup (package:flutter/src/rendering/object.dart:5697:22)
#6      _RenderObjectSemantics.updateChildren (package:flutter/src/rendering/object.dart:5573:50)
#7      _RenderObjectSemantics._didUpdateParentData (package:flutter/src/rendering/object.dart:5774:5)
#8      _RenderObjectSemantics._collectChildMergeUpAndSiblingGroup (package:flutter/src/rendering/object.dart:5697:22)
#9      _RenderObjectSemantics.updateChildren (package:flutter/src/rendering/object.dart:5573:50)
#10     _RenderObjectSemantics._didUpdateParentData (package:flutter/src/rendering/object.dart:5774:5)
#11     _RenderObjectSemantics._collectChildMergeUpAndSiblingGroup (package:flutter/src/rendering/object.dart:5697:22)
#12     _RenderObjectSemantics.updateChildren (package:flutter/src/rendering/object.dart:5573:50)
#13     _RenderObjectSemantics._didUpdateParentData (package:flutter/src/rendering/object.dart:5774:5)
#14     _RenderObjectSemantics._collectChildMergeUpAndSiblingGroup (package:flutter/src/rendering/object.dart:5697:22)
#15     _RenderObjectSemantics.updateChildren (package:flutter/src/rendering/object.dart:5573:50)
#16     _RenderObjectSemantics._didUpdateParentData (package:flutter/src/rendering/object.dart:5774:5)
#17     _RenderObjectSemantics._collectChildMergeUpAndSiblingGroup (package:flutter/src/rendering/object.dart:5697:22)
#18     _RenderObjectSemantics.updateChildren (package:flutter/src/rendering/object.dart:5573:50)
#19     _RenderObjectSemantics._didUpdateParentData (package:flutter/src/rendering/object.dart:5774:5)
#20     _RenderObjectSemantics._collectChildMergeUpAndSiblingGroup (package:flutter/src/rendering/object.dart:5697:22)
#21     _RenderObjectSemantics.updateChildren (package:flutter/src/rendering/object.dart:5573:50)
#22     _RenderObjectSemantics._didUpdateParentData (package:flutter/src/rendering/object.dart:5774:5)
#23     _RenderObjectSemantics._collectChildMergeUpAndSiblingGroup (package:flutter/src/rendering/object.dart:5697:22)
#24     _RenderObjectSemantics.updateChildren (package:flutter/src/rendering/object.dart:5573:50)
#25     _RenderObjectSemantics._didUpdateParentData (package:flutter/src/rendering/object.dart:5774:5)
#26     _RenderObjectSemantics._collectChildMergeUpAndSiblingGroup (package:flutter/src/rendering/object.dart:5697:22)
#27     _RenderObjectSemantics.updateChildren (package:flutter/src/rendering/object.dart:5573:50)
#28     _RenderObjectSemantics._didUpdateParentData (package:flutter/src/rendering/object.dart:5774:5)
#29     _RenderObjectSemantics._collectChildMergeUpAndSiblingGroup (package:flutter/src/rendering/object.dart:5697:22)
#30     _RenderObjectSemantics.updateChildren (package:flutter/src/rendering/object.dart:5573:50)
#31     _RenderObjectSemantics._didUpdateParentData (package:flutter/src/rendering/object.dart:5774:5)
#32     _RenderObjectSemantics._collectChildMergeUpAndSiblingGroup (package:flutter/src/rendering/object.dart:5697:22)
#33     _RenderObjectSemantics.updateChildren (package:flutter/src/rendering/object.dart:5573:50)
#34     _RenderObjectSemantics._didUpdateParentData (package:flutter/src/rendering/object.dart:5774:5)
#35     _RenderObjectSemantics._collectChildMergeUpAndSiblingGroup (package:flutter/src/rendering/object.dart:5697:22)
#36     _RenderObjectSemantics.updateChildren (package:flutter/src/rendering/object.dart:5573:50)
#37     _RenderObjectSemantics._didUpdateParentData (package:flutter/src/rendering/object.dart:5774:5)
#38     _RenderObjectSemantics._collectChildMergeUpAndSiblingGroup (package:flutter/src/rendering/object.dart:5697:22)
#39     _RenderObjectSemantics.updateChildren (package:flutter/src/rendering/object.dart:5573:50)
#40     _RenderObjectSemantics._didUpdateParentData (package:flutter/src/rendering/object.dart:5774:5)
#41     _RenderObjectSemantics._collectChildMergeUpAndSiblingGroup (package:flutter/src/rendering/object.dart:5697:22)
#42     _RenderObjectSemantics.updateChildren (package:flutter/src/rendering/object.dart:5573:50)
#43     _RenderObjectSemantics._didUpdateParentData (package:flutter/src/rendering/object.dart:5774:5)
#44     _RenderObjectSemantics._collectChildMergeUpAndSiblingGroup (package:flutter/src/rendering/object.dart:5697:22)
#45     _RenderObjectSemantics.updateChildren (package:flutter/src/rendering/object.dart:5573:50)
#46     _RenderObjectSemantics._didUpdateParentData (package:flutter/src/rendering/object.dart:5774:5)
#47     _RenderObjectSemantics._collectChildMergeUpAndSiblingGroup (package:flutter/src/rendering/object.dart:5697:22)
#48     _RenderObjectSemantics.updateChildren (package:flutter/src/rendering/object.dart:5573:50)
#49     _RenderObjectSemantics._didUpdateParentData (package:flutter/src/rendering/object.dart:5774:5)
#50     _RenderObjectSemantics._collectChildMergeUpAndSiblingGroup (package:flutter/src/rendering/object.dart:5697:22)
#51     _RenderObjectSemantics.updateChildren (package:flutter/src/rendering/object.dart:5573:50)
#52     _RenderObjectSemantics._didUpdateParentData (package:flutter/src/rendering/object.dart:5774:5)
#53     _RenderObjectSemantics._collectChildMergeUpAndSiblingGroup (package:flutter/src/rendering/object.dart:5697:22)
#54     _RenderObjectSemantics.updateChildren (package:flutter/src/rendering/object.dart:5573:50)
#55     _RenderObjectSemantics._didUpdateParentData (package:flutter/src/rendering/object.dart:5774:5)
#56     _RenderObjectSemantics._collectChildMergeUpAndSiblingGroup (package:flutter/src/rendering/object.dart:5697:22)
#57     _RenderObjectSemantics.updateChildren (package:flutter/src/rendering/object.dart:5573:50)
#58     _RenderObjectSemantics._didUpdateParentData (package:flutter/src/rendering/object.dart:5774:5)
#59     _RenderObjectSemantics._collectChildMergeUpAndSiblingGroup (package:flutter/src/rendering/object.dart:5697:22)
#60     _RenderObjectSemantics.updateChildren (package:flutter/src/rendering/object.dart:5573:50)
#61     _RenderObjectSemantics._didUpdateParentData (package:flutter/src/rendering/object.dart:5774:5)
#62     _RenderObjectSemantics._collectChildMergeUpAndSiblingGroup (package:flutter/src/rendering/object.dart:5697:22)
#63     _RenderObjectSemantics.updateChildren (package:flutter/src/rendering/object.dart:5573:50)
#64     _RenderObjectSemantics._didUpdateParentData (package:flutter/src/rendering/object.dart:5774:5)
#65     _RenderObjectSemantics._collectChildMergeUpAndSiblingGroup (package:flutter/src/rendering/object.dart:5697:22)
#66     _RenderObjectSemantics.updateChildren (package:flutter/src/rendering/object.dart:5573:50)
#67     _RenderObjectSemantics._didUpdateParentData (package:flutter/src/rendering/object.dart:5774:5)
#68     _RenderObjectSemantics._collectChildMergeUpAndSiblingGroup (package:flutter/src/rendering/object.dart:5697:22)
#69     _RenderObjectSemantics.updateChildren (package:flutter/src/rendering/object.dart:5573:50)
#70     _RenderObjectSemantics._didUpdateParentData (package:flutter/src/rendering/object.dart:5774:5)
#71     _RenderObjectSemantics._collectChildMergeUpAndSiblingGroup (package:flutter/src/rendering/object.dart:5697:22)
#72     _RenderObjectSemantics.updateChildren (package:flutter/src/rendering/object.dart:5573:50)
#73     _RenderObjectSemantics._didUpdateParentData (package:flutter/src/rendering/object.dart:5774:5)
#74     _RenderObjectSemantics._collectChildMergeUpAndSiblingGroup (package:flutter/src/rendering/object.dart:5697:22)
#75     _RenderObjectSemantics.updateChildren (package:flutter/src/rendering/object.dart:5573:50)
#76     _RenderObjectSemantics._didUpdateParentData (package:flutter/src/rendering/object.dart:5774:5)
#77     _RenderObjectSemantics._collectChildMergeUpAndSiblingGroup (package:flutter/src/rendering/object.dart:5697:22)
#78     _RenderObjectSemantics.updateChildren (package:flutter/src/rendering/object.dart:5573:50)
#79     _RenderObjectSemantics._didUpdateParentData (package:flutter/src/rendering/object.dart:5774:5)
#80     _RenderObjectSemantics._collectChildMergeUpAndSiblingGroup (package:flutter/src/rendering/object.dart:5697:22)
#81     _RenderObjectSemantics.updateChildren (package:flutter/src/rendering/object.dart:5573:50)
#82     _RenderObjectSemantics._didUpdateParentData (package:flutter/src/rendering/object.dart:5774:5)
#83     _RenderObjectSemantics._collectChildMergeUpAndSiblingGroup (package:flutter/src/rendering/object.dart:5697:22)
#84     _RenderObjectSemantics.updateChildren (package:flutter/src/rendering/object.dart:5573:50)
#85     _RenderObjectSemantics._didUpdateParentData (package:flutter/src/rendering/object.dart:5774:5)
#86     _RenderObjectSemantics._collectChildMergeUpAndSiblingGroup (package:flutter/src/rendering/object.dart:5697:22)
#87     _RenderObjectSemantics.updateChildren (package:flutter/src/rendering/object.dart:5573:50)
#88     _RenderObjectSemantics._didUpdateParentData (package:flutter/src/rendering/object.dart:5774:5)
#89     _RenderObjectSemantics._collectChildMergeUpAndSiblingGroup (package:flutter/src/rendering/object.dart:5697:22)
#90     _RenderObjectSemantics.updateChildren (package:flutter/src/rendering/object.dart:5573:50)
#91     _RenderObjectSemantics._didUpdateParentData (package:flutter/src/rendering/object.dart:5774:5)
#92     _RenderObjectSemantics._collectChildMergeUpAndSiblingGroup (package:flutter/src/rendering/object.dart:5697:22)
#93     _RenderObjectSemantics.updateChildren (package:flutter/src/rendering/object.dart:5573:50)
#94     _RenderObjectSemantics._didUpdateParentData (package:flutter/src/rendering/object.dart:5774:5)
#95     _RenderObjectSemantics._collectChildMergeUpAndSiblingGroup (package:flutter/src/rendering/object.dart:5697:22)
#96     _RenderObjectSemantics.updateChildren (package:flutter/src/rendering/object.dart:5573:50)
#97     _RenderObjectSemantics._didUpdateParentData (package:flutter/src/rendering/object.dart:5774:5)
#98     _RenderObjectSemantics._collectChildMergeUpAndSiblingGroup (package:flutter/src/rendering/object.dart:5697:22)
#99     _RenderObjectSemantics.updateChildren (package:flutter/src/rendering/object.dart:5573:50)
#100    _RenderObjectSemantics._didUpdateParentData (package:flutter/src/rendering/object.dart:5774:5)
#101    _RenderObjectSemantics._collectChildMergeUpAndSiblingGroup (package:flutter/src/rendering/object.dart:5697:22)
#102    _RenderObjectSemantics.updateChildren (package:flutter/src/rendering/object.dart:5573:50)
#103    _RenderObjectSemantics._didUpdateParentData (package:flutter/src/rendering/object.dart:5774:5)
#104    _RenderObjectSemantics._collectChildMergeUpAndSiblingGroup (package:flutter/src/rendering/object.dart:5697:22)
#105    _RenderObjectSemantics.updateChildren (package:flutter/src/rendering/object.dart:5573:50)
#106    _RenderObjectSemantics._didUpdateParentData (package:flutter/src/rendering/object.dart:5774:5)
#107    _RenderObjectSemantics._collectChildMergeUpAndSiblingGroup (package:flutter/src/rendering/object.dart:5697:22)
#108    _RenderObjectSemantics.updateChildren (package:flutter/src/rendering/object.dart:5573:50)
#109    _RenderObjectSemantics._didUpdateParentData (package:flutter/src/rendering/object.dart:5774:5)
#110    _RenderObjectSemantics._collectChildMergeUpAndSiblingGroup (package:flutter/src/rendering/object.dart:5697:22)
#111    _RenderObjectSemantics.updateChildren (package:flutter/src/rendering/object.dart:5573:50)
#112    _RenderObjectSemantics._didUpdateParentData (package:flutter/src/rendering/object.dart:5774:5)
#113    _RenderObjectSemantics._collectChildMergeUpAndSiblingGroup (package:flutter/src/rendering/object.dart:5697:22)
#114    _RenderObjectSemantics.updateChildren (package:flutter/src/rendering/object.dart:5573:50)
#115    _RenderObjectSemantics._didUpdateParentData (package:flutter/src/rendering/object.dart:5774:5)
#116    _RenderObjectSemantics._collectChildMergeUpAndSiblingGroup (package:flutter/src/rendering/object.dart:5697:22)
#117    _RenderObjectSemantics.updateChildren (package:flutter/src/rendering/object.dart:5573:50)
#118    _RenderObjectSemantics._didUpdateParentData (package:flutter/src/rendering/object.dart:5774:5)
#119    _RenderObjectSemantics._collectChildMergeUpAndSiblingGroup (package:flutter/src/rendering/object.dart:5697:22)
#120    _RenderObjectSemantics.updateChildren (package:flutter/src/rendering/object.dart:5573:50)
#121    _RenderObjectSemantics._didUpdateParentData (package:flutter/src/rendering/object.dart:5774:5)
#122    _RenderObjectSemantics._collectChildMergeUpAndSiblingGroup (package:flutter/src/rendering/object.dart:5697:22)
#123    _RenderObjectSemantics.updateChildren (package:flutter/src/rendering/object.dart:5573:50)
#124    _RenderObjectSemantics._didUpdateParentData (package:flutter/src/rendering/object.dart:5774:5)
#125    _RenderObjectSemantics._collectChildMergeUpAndSiblingGroup (package:flutter/src/rendering/object.dart:5697:22)
#126    _RenderObjectSemantics.updateChildren (package:flutter/src/rendering/object.dart:5573:50)
#127    _RenderObjectSemantics._didUpdateParentData (package:flutter/src/rendering/object.dart:5774:5)
#128    _RenderObjectSemantics._collectChildMergeUpAndSiblingGroup (package:flutter/src/rendering/object.dart:5697:22)
#129    _RenderObjectSemantics.updateChildren (package:flutter/src/rendering/object.dart:5573:50)
#130    _RenderObjectSemantics._didUpdateParentData (package:flutter/src/rendering/object.dart:5774:5)
#131    _RenderObjectSemantics._collectChildMergeUpAndSiblingGroup (package:flutter/src/rendering/object.dart:5697:22)
#132    _RenderObjectSemantics.updateChildren (package:flutter/src/rendering/object.dart:5573:50)
#133    _RenderObjectSemantics._didUpdateParentData (package:flutter/src/rendering/object.dart:5774:5)
#134    _RenderObjectSemantics._collectChildMergeUpAndSiblingGroup (package:flutter/src/rendering/object.dart:5697:22)
#135    _RenderObjectSemantics.updateChildren (package:flutter/src/rendering/object.dart:5573:50)
#136    _RenderObjectSemantics._didUpdateParentData (package:flutter/src/rendering/object.dart:5774:5)
#137    _RenderObjectSemantics._collectChildMergeUpAndSiblingGroup (package:flutter/src/rendering/object.dart:5697:22)
#138    _RenderObjectSemantics.updateChildren (package:flutter/src/rendering/object.dart:5573:50)
#139    _RenderObjectSemantics._didUpdateParentData (package:flutter/src/rendering/object.dart:5774:5)
#140    _RenderObjectSemantics._collectChildMergeUpAndSiblingGroup (package:flutter/src/rendering/object.dart:5697:22)
#141    _RenderObjectSemantics.updateChildren (package:flutter/src/rendering/object.dart:5573:50)
#142    _RenderObjectSemantics._didUpdateParentData (package:flutter/src/rendering/object.dart:5774:5)
#143    _RenderObjectSemantics._collectChildMergeUpAndSiblingGroup (package:flutter/src/rendering/object.dart:5697:22)
#144    _RenderObjectSemantics.updateChildren (package:flutter/src/rendering/object.dart:5573:50)
#145    _RenderObjectSemantics._didUpdateParentData (package:flutter/src/rendering/object.dart:5774:5)
#146    _RenderObjectSemantics._collectChildMergeUpAndSiblingGroup (package:flutter/src/rendering/object.dart:5697:22)
#147    _RenderObjectSemantics.updateChildren (package:flutter/src/rendering/object.dart:5573:50)
#148    _RenderObjectSemantics._didUpdateParentData (package:flutter/src/rendering/object.dart:5774:5)
#149    _RenderObjectSemantics._collectChildMergeUpAndSiblingGroup (package:flutter/src/rendering/object.dart:5697:22)
#150    _RenderObjectSemantics.updateChildren (package:flutter/src/rendering/object.dart:5573:50)
#151    _RenderObjectSemantics._didUpdateParentData (package:flutter/src/rendering/object.dart:5774:5)
#152    _RenderObjectSemantics._collectChildMergeUpAndSiblingGroup (package:flutter/src/rendering/object.dart:5697:22)
#153    _RenderObjectSemantics.updateChildren (package:flutter/src/rendering/object.dart:5573:50)
#154    _RenderObjectSemantics._didUpdateParentData (package:flutter/src/rendering/object.dart:5774:5)
#155    _RenderObjectSemantics._collectChildMergeUpAndSiblingGroup (package:flutter/src/rendering/object.dart:5697:22)
#156    _RenderObjectSemantics.updateChildren (package:flutter/src/rendering/object.dart:5573:50)
#157    _RenderObjectSemantics._didUpdateParentData (package:flutter/src/rendering/object.dart:5774:5)
#158    _RenderObjectSemantics._collectChildMergeUpAndSiblingGroup (package:flutter/src/rendering/object.dart:5697:22)
#159    _RenderObjectSemantics.updateChildren (package:flutter/src/rendering/object.dart:5573:50)
#160    _RenderObjectSemantics._didUpdateParentData (package:flutter/src/rendering/object.dart:5774:5)
#161    _RenderObjectSemantics._collectChildMergeUpAndSiblingGroup (package:flutter/src/rendering/object.dart:5697:22)
#162    _RenderObjectSemantics.updateChildren (package:flutter/src/rendering/object.dart:5573:50)
#163    _RenderObjectSemantics._didUpdateParentData (package:flutter/src/rendering/object.dart:5774:5)
#164    _RenderObjectSemantics._collectChildMergeUpAndSiblingGroup (package:flutter/src/rendering/object.dart:5697:22)
#165    _RenderObjectSemantics.updateChildren (package:flutter/src/rendering/object.dart:5573:50)
#166    _RenderObjectSemantics._didUpdateParentData (package:flutter/src/rendering/object.dart:5774:5)
#167    _RenderObjectSemantics._collectChildMergeUpAndSiblingGroup (package:flutter/src/rendering/object.dart:5697:22)
#168    _RenderObjectSemantics.updateChildren (package:flutter/src/rendering/object.dart:5573:50)
#169    _RenderObjectSemantics._didUpdateParentData (package:flutter/src/rendering/object.dart:5774:5)
#170    _RenderObjectSemantics._collectChildMergeUpAndSiblingGroup (package:flutter/src/rendering/object.dart:5697:22)
#171    _RenderObjectSemantics.updateChildren (package:flutter/src/rendering/object.dart:5573:50)
#172    _RenderObjectSemantics._didUpdateParentData (package:flutter/src/rendering/object.dart:5774:5)
#173    _RenderObjectSemantics._collectChildMergeUpAndSiblingGroup (package:flutter/src/rendering/object.dart:5697:22)
#174    _RenderObjectSemantics.updateChildren (package:flutter/src/rendering/object.dart:5573:50)
#175    PipelineOwner.flushSemantics (package:flutter/src/rendering/object.dart:1470:25)
#176    PipelineOwner.flushSemantics (package:flutter/src/rendering/object.dart:1514:15)
#177    AutomatedTestWidgetsFlutterBinding.drawFrame (package:flutter_test/src/binding.dart:1519:35)
#178    RendererBinding._handlePersistentFrameCallback (package:flutter/src/rendering/binding.dart:495:5)
#179    SchedulerBinding._invokeFrameCallback (package:flutter/src/scheduler/binding.dart:1434:15)
#180    SchedulerBinding.handleDrawFrame (package:flutter/src/scheduler/binding.dart:1347:9)
#181    AutomatedTestWidgetsFlutterBinding.pump.<anonymous closure> (package:flutter_test/src/binding.dart:1335:9)
#184    TestAsyncUtils.guard (package:flutter_test/src/test_async_utils.dart:74:41)
#185    AutomatedTestWidgetsFlutterBinding.pump (package:flutter_test/src/binding.dart:1324:27)
#186    WidgetTester.pumpAndSettle.<anonymous closure> (package:flutter_test/src/widget_tester.dart:719:23)
<asynchronous suspension>
#187    TestAsyncUtils.guard.<anonymous closure> (package:flutter_test/src/test_async_utils.dart:130:27)
<asynchronous suspension>
#188    main.<anonymous closure> (file:///D:/Mystery/programming/projects/PYTHON_PROJECTS/focus/focus_gg/focus_flutter/test/widget_test.dart:20:5)
<asynchronous suspension>
#189    testWidgets.<anonymous closure>.<anonymous closure> (package:flutter_test/src/widget_tester.dart:192:15)
<asynchronous suspension>
#190    TestWidgetsFlutterBinding._runTestBody (package:flutter_test/src/binding.dart:1059:5)
<asynchronous suspension>
<asynchronous suspension>
(elided 5 frames from class _AssertionError, dart:async, and package:stack_trace)
ΓòÉΓòÉΓòÉΓòÉΓòÉΓòÉΓòÉΓòÉΓòÉΓòÉΓòÉΓòÉΓòÉΓòÉΓòÉΓòÉΓòÉΓòÉΓòÉΓòÉΓòÉΓòÉΓòÉΓòÉΓòÉΓòÉΓòÉΓòÉΓòÉΓòÉΓòÉΓòÉΓòÉΓòÉΓòÉΓòÉΓòÉΓòÉΓòÉΓòÉΓòÉΓòÉΓòÉΓòÉΓòÉΓòÉΓòÉΓòÉΓòÉΓòÉΓòÉΓòÉΓòÉΓòÉΓòÉΓòÉΓòÉΓòÉΓòÉΓòÉΓòÉΓòÉΓòÉΓòÉΓòÉΓòÉΓòÉΓòÉΓòÉΓòÉΓòÉΓòÉΓòÉΓòÉΓòÉΓòÉΓòÉΓòÉΓòÉΓòÉΓòÉΓòÉΓòÉΓòÉΓòÉΓòÉΓòÉΓòÉΓòÉΓòÉΓòÉΓòÉΓòÉΓòÉΓòÉΓòÉΓòÉΓòÉΓòÉΓòÉ
ΓòÉΓòÉΓòí EXCEPTION CAUGHT BY RENDERING LIBRARY Γò₧ΓòÉΓòÉΓòÉΓòÉΓòÉΓòÉΓòÉΓòÉΓòÉΓòÉΓòÉΓòÉΓòÉΓòÉΓòÉΓòÉΓòÉΓòÉΓòÉΓòÉΓòÉΓòÉΓòÉΓòÉΓòÉΓòÉΓòÉΓòÉΓòÉΓòÉΓòÉΓòÉΓòÉΓòÉΓòÉΓòÉΓòÉΓòÉΓòÉΓòÉΓòÉΓòÉΓòÉΓòÉΓòÉΓòÉΓòÉΓòÉΓòÉΓòÉΓòÉΓòÉΓòÉΓòÉΓòÉΓòÉΓòÉ
The following assertion was thrown during performLayout():
'package:flutter/src/rendering/object.dart': Failed assertion: line 2709 pos 12:
'!_debugDoingThisLayout': is not true.

Either the assertion indicates an error in the framework itself, or we should provide substantially
more information in this error message to help you determine and fix the underlying cause.
In either case, please report this assertion by filing a bug on GitHub:
  https://github.com/flutter/flutter/issues/new?template=02_bug.yml

The relevant error-causing widget was:
  Column
  Column:file:///D:/Mystery/programming/projects/PYTHON_PROJECTS/focus/focus_gg/focus_flutter/lib/features/dashboard/dashboard_screen.dart:267:22

When the exception was thrown, this was the stack:
#2      RenderObject.layout (package:flutter/src/rendering/object.dart:2709:12)
#3      ChildLayoutHelper.layoutChild (package:flutter/src/rendering/layout_helper.dart:62:11)
#4      RenderFlex._computeSizes (package:flutter/src/rendering/flex.dart:1161:28)
#5      RenderFlex.performLayout (package:flutter/src/rendering/flex.dart:1257:32)
#6      RenderObject.layout (package:flutter/src/rendering/object.dart:2775:7)
#7      _RenderLayoutBuilder.performLayout (package:flutter/src/widgets/layout_builder.dart:450:14)
#8      RenderObject.layout (package:flutter/src/rendering/object.dart:2775:7)
#9      RenderPadding.performLayout (package:flutter/src/rendering/shifted_box.dart:243:12)
#10     RenderObject.layout (package:flutter/src/rendering/object.dart:2775:7)
#11     ChildLayoutHelper.layoutChild (package:flutter/src/rendering/layout_helper.dart:62:11)
#12     RenderStack._computeSize (package:flutter/src/rendering/stack.dart:645:43)
#13     RenderStack.performLayout (package:flutter/src/rendering/stack.dart:680:12)
#14     RenderObject.layout (package:flutter/src/rendering/object.dart:2775:7)
#15     RenderPadding.performLayout (package:flutter/src/rendering/shifted_box.dart:243:12)
#16     RenderObject.layout (package:flutter/src/rendering/object.dart:2775:7)
#17     RenderProxyBoxMixin.performLayout (package:flutter/src/rendering/proxy_box.dart:115:18)
#18     RenderObject.layout (package:flutter/src/rendering/object.dart:2775:7)
#19     ChildLayoutHelper.layoutChild (package:flutter/src/rendering/layout_helper.dart:62:11)
#20     RenderStack._computeSize (package:flutter/src/rendering/stack.dart:645:43)
#21     RenderStack.performLayout (package:flutter/src/rendering/stack.dart:680:12)
#22     RenderObject.layout (package:flutter/src/rendering/object.dart:2775:7)
#23     RenderProxyBoxMixin.performLayout (package:flutter/src/rendering/proxy_box.dart:115:18)
#24     RenderObject.layout (package:flutter/src/rendering/object.dart:2775:7)
#25     RenderProxyBoxMixin.performLayout (package:flutter/src/rendering/proxy_box.dart:115:18)
#26     RenderObject.layout (package:flutter/src/rendering/object.dart:2775:7)
#27     ChildLayoutHelper.layoutChild (package:flutter/src/rendering/layout_helper.dart:62:11)
#28     RenderStack._computeSize (package:flutter/src/rendering/stack.dart:645:43)
#29     RenderStack.performLayout (package:flutter/src/rendering/stack.dart:680:12)
#30     RenderObject.layout (package:flutter/src/rendering/object.dart:2775:7)
#31     RenderProxyBoxMixin.performLayout (package:flutter/src/rendering/proxy_box.dart:115:18)
#32     RenderObject.layout (package:flutter/src/rendering/object.dart:2775:7)
#33     RenderProxyBoxMixin.performLayout (package:flutter/src/rendering/proxy_box.dart:115:18)
#34     RenderObject.layout (package:flutter/src/rendering/object.dart:2775:7)
#35     ChildLayoutHelper.layoutChild (package:flutter/src/rendering/layout_helper.dart:62:11)
#36     RenderFlex._computeSizes (package:flutter/src/rendering/flex.dart:1161:28)
#37     RenderFlex.performLayout (package:flutter/src/rendering/flex.dart:1257:32)
#38     RenderObject.layout (package:flutter/src/rendering/object.dart:2775:7)
#39     RenderPadding.performLayout (package:flutter/src/rendering/shifted_box.dart:243:12)
#40     RenderObject.layout (package:flutter/src/rendering/object.dart:2775:7)
#41     RenderConstrainedBox.performLayout (package:flutter/src/rendering/proxy_box.dart:293:14)
#42     RenderObject.layout (package:flutter/src/rendering/object.dart:2775:7)
#43     RenderPositionedBox.performLayout (package:flutter/src/rendering/shifted_box.dart:465:14)
#44     RenderObject.layout (package:flutter/src/rendering/object.dart:2775:7)
#45     RenderPadding.performLayout (package:flutter/src/rendering/shifted_box.dart:243:12)
#46     RenderObject.layout (package:flutter/src/rendering/object.dart:2775:7)
#47     _RenderSingleChildViewport.performLayout (package:flutter/src/widgets/single_child_scroll_view.dart:502:14)
#48     RenderObject.layout (package:flutter/src/rendering/object.dart:2775:7)
#49     RenderProxyBoxMixin.performLayout (package:flutter/src/rendering/proxy_box.dart:115:18)
#50     RenderObject.layout (package:flutter/src/rendering/object.dart:2775:7)
#51     RenderProxyBoxMixin.performLayout (package:flutter/src/rendering/proxy_box.dart:115:18)
#52     RenderObject.layout (package:flutter/src/rendering/object.dart:2775:7)
#53     RenderProxyBoxMixin.performLayout (package:flutter/src/rendering/proxy_box.dart:115:18)
#54     RenderObject.layout (package:flutter/src/rendering/object.dart:2775:7)
#55     RenderProxyBoxMixin.performLayout (package:flutter/src/rendering/proxy_box.dart:115:18)
#56     RenderObject.layout (package:flutter/src/rendering/object.dart:2775:7)
#57     RenderProxyBoxMixin.performLayout (package:flutter/src/rendering/proxy_box.dart:115:18)
#58     RenderObject.layout (package:flutter/src/rendering/object.dart:2775:7)
#59     RenderProxyBoxMixin.performLayout (package:flutter/src/rendering/proxy_box.dart:115:18)
#60     RenderObject.layout (package:flutter/src/rendering/object.dart:2775:7)
#61     RenderProxyBoxMixin.performLayout (package:flutter/src/rendering/proxy_box.dart:115:18)
#62     RenderObject.layout (package:flutter/src/rendering/object.dart:2775:7)
#63     RenderProxyBoxMixin.performLayout (package:flutter/src/rendering/proxy_box.dart:115:18)
#64     _RenderCustomClip.performLayout (package:flutter/src/rendering/proxy_box.dart:1481:11)
#65     RenderObject.layout (package:flutter/src/rendering/object.dart:2775:7)
#66     MultiChildLayoutDelegate.layoutChild (package:flutter/src/rendering/custom_layout.dart:180:12)
#67     _ScaffoldLayout.performLayout (package:flutter/src/material/scaffold.dart:1112:7)
#68     MultiChildLayoutDelegate._callPerformLayout (package:flutter/src/rendering/custom_layout.dart:249:7)
#69     RenderCustomMultiChildLayoutBox.performLayout (package:flutter/src/rendering/custom_layout.dart:420:14)
#70     RenderObject._layoutWithoutResize (package:flutter/src/rendering/object.dart:2623:7)
#71     PipelineOwner.flushLayout (package:flutter/src/rendering/object.dart:1170:18)
#72     PipelineOwner.flushLayout (package:flutter/src/rendering/object.dart:1183:15)
#73     AutomatedTestWidgetsFlutterBinding.drawFrame (package:flutter_test/src/binding.dart:1508:27)
#74     RendererBinding._handlePersistentFrameCallback (package:flutter/src/rendering/binding.dart:495:5)
#75     SchedulerBinding._invokeFrameCallback (package:flutter/src/scheduler/binding.dart:1434:15)
#76     SchedulerBinding.handleDrawFrame (package:flutter/src/scheduler/binding.dart:1347:9)
#77     AutomatedTestWidgetsFlutterBinding.pump.<anonymous closure> (package:flutter_test/src/binding.dart:1335:9)
#80     TestAsyncUtils.guard (package:flutter_test/src/test_async_utils.dart:74:41)
#81     AutomatedTestWidgetsFlutterBinding.pump (package:flutter_test/src/binding.dart:1324:27)
#82     WidgetTester.pumpAndSettle.<anonymous closure> (package:flutter_test/src/widget_tester.dart:719:23)
<asynchronous suspension>
#83     TestAsyncUtils.guard.<anonymous closure> (package:flutter_test/src/test_async_utils.dart:130:27)
<asynchronous suspension>
#84     main.<anonymous closure> (file:///D:/Mystery/programming/projects/PYTHON_PROJECTS/focus/focus_gg/focus_flutter/test/widget_test.dart:20:5)
<asynchronous suspension>
#85     testWidgets.<anonymous closure>.<anonymous closure> (package:flutter_test/src/widget_tester.dart:192:15)
<asynchronous suspension>
#86     TestWidgetsFlutterBinding._runTestBody (package:flutter_test/src/binding.dart:1059:5)
<asynchronous suspension>
<asynchronous suspension>
(elided 5 frames from class _AssertionError, dart:async, and package:stack_trace)

The following RenderObject was being processed when the exception was fired: RenderFlex#aa1cb relayoutBoundary=up26 NEEDS-LAYOUT NEEDS-PAINT:
  creator: Column ΓåÉ LayoutBuilder ΓåÉ Padding ΓåÉ Stack ΓåÉ Padding ΓåÉ DecoratedBox ΓåÉ Container ΓåÉ Stack ΓåÉ
    Listener ΓåÉ _GestureSemantics ΓåÉ RawGestureDetector ΓåÉ GestureDetector ΓåÉ Γï»
  parentData: offset=Offset(0.0, 0.0) (can use size)
  constraints: BoxConstraints(0.0<=w<=718.0, 0.0<=h<=Infinity)
  size: MISSING
  direction: vertical
  mainAxisAlignment: start
  mainAxisSize: max
  crossAxisAlignment: stretch
  verticalDirection: down
  spacing: 0.0
This RenderObject had the following descendants (showing up to depth 5):
    child 1: RenderPositionedBox#5029c relayoutBoundary=up27 NEEDS-PAINT
      child: RenderDecoratedBox#d57f4 relayoutBoundary=up28 NEEDS-PAINT
        child: RenderPadding#50332 relayoutBoundary=up29 NEEDS-PAINT
          child: RenderParagraph#90228 relayoutBoundary=up30 NEEDS-PAINT
            text: TextSpan
    child 2: RenderConstrainedBox#a0fd6 relayoutBoundary=up27 NEEDS-PAINT
    child 3: RenderFlex#b3cf9 relayoutBoundary=up27 NEEDS-PAINT
      child 1: RenderFlex#f1f04 relayoutBoundary=up28 NEEDS-PAINT
        child 1: RenderFittedBox#b6007 relayoutBoundary=up29 NEEDS-PAINT
          child: RenderFlex#d6f17 relayoutBoundary=up30 NEEDS-PAINT
            child 1: RenderParagraph#67186 relayoutBoundary=up31 NEEDS-PAINT
            child 2: RenderConstrainedBox#5085d relayoutBoundary=up31 NEEDS-PAINT
            child 3: RenderPadding#7cb01 relayoutBoundary=up31 NEEDS-PAINT
        child 2: RenderConstrainedBox#6aabe relayoutBoundary=up29 NEEDS-PAINT
        child 3: RenderPadding#62bef relayoutBoundary=up29 NEEDS-PAINT
          child: RenderFlex#7ce43 relayoutBoundary=up30 NEEDS-PAINT
            child 1: RenderConstrainedBox#d52ad relayoutBoundary=up31 NEEDS-PAINT
            child 2: RenderParagraph#8b3d0 relayoutBoundary=up31 NEEDS-PAINT
        child 4: RenderPadding#e6854 relayoutBoundary=up29 NEEDS-PAINT
          child: RenderFlex#65ef6 relayoutBoundary=up30 NEEDS-PAINT
            child 1: RenderConstrainedBox#fdc29 relayoutBoundary=up31 NEEDS-PAINT
            child 2: RenderParagraph#bab90 relayoutBoundary=up31 NEEDS-PAINT
        child 5: RenderPadding#ab2e0 relayoutBoundary=up29 NEEDS-PAINT
          child: RenderFlex#056f0 relayoutBoundary=up30 NEEDS-PAINT
            child 1: RenderConstrainedBox#3f59d relayoutBoundary=up31 NEEDS-PAINT
            child 2: RenderParagraph#76843 relayoutBoundary=up31 NEEDS-PAINT
    ...(descendants list truncated after 25 lines)
ΓòÉΓòÉΓòÉΓòÉΓòÉΓòÉΓòÉΓòÉΓòÉΓòÉΓòÉΓòÉΓòÉΓòÉΓòÉΓòÉΓòÉΓòÉΓòÉΓòÉΓòÉΓòÉΓòÉΓòÉΓòÉΓòÉΓòÉΓòÉΓòÉΓòÉΓòÉΓòÉΓòÉΓòÉΓòÉΓòÉΓòÉΓòÉΓòÉΓòÉΓòÉΓòÉΓòÉΓòÉΓòÉΓòÉΓòÉΓòÉΓòÉΓòÉΓòÉΓòÉΓòÉΓòÉΓòÉΓòÉΓòÉΓòÉΓòÉΓòÉΓòÉΓòÉΓòÉΓòÉΓòÉΓòÉΓòÉΓòÉΓòÉΓòÉΓòÉΓòÉΓòÉΓòÉΓòÉΓòÉΓòÉΓòÉΓòÉΓòÉΓòÉΓòÉΓòÉΓòÉΓòÉΓòÉΓòÉΓòÉΓòÉΓòÉΓòÉΓòÉΓòÉΓòÉΓòÉΓòÉΓòÉΓòÉΓòÉΓòÉ
ΓòÉΓòÉΓòí EXCEPTION CAUGHT BY RENDERING LIBRARY Γò₧ΓòÉΓòÉΓòÉΓòÉΓòÉΓòÉΓòÉΓòÉΓòÉΓòÉΓòÉΓòÉΓòÉΓòÉΓòÉΓòÉΓòÉΓòÉΓòÉΓòÉΓòÉΓòÉΓòÉΓòÉΓòÉΓòÉΓòÉΓòÉΓòÉΓòÉΓòÉΓòÉΓòÉΓòÉΓòÉΓòÉΓòÉΓòÉΓòÉΓòÉΓòÉΓòÉΓòÉΓòÉΓòÉΓòÉΓòÉΓòÉΓòÉΓòÉΓòÉΓòÉΓòÉΓòÉΓòÉΓòÉΓòÉ
The following assertion was thrown during performLayout():
RenderBox was not laid out: RenderFlex#aa1cb relayoutBoundary=up26 NEEDS-PAINT
'package:flutter/src/rendering/box.dart':
Failed assertion: line 2251 pos 12: 'hasSize'

Either the assertion indicates an error in the framework itself, or we should provide substantially
more information in this error message to help you determine and fix the underlying cause.
In either case, please report this assertion by filing a bug on GitHub:
  https://github.com/flutter/flutter/issues/new?template=02_bug.yml

The relevant error-causing widget was:
  LayoutBuilder
  LayoutBuilder:file:///D:/Mystery/programming/projects/PYTHON_PROJECTS/focus/focus_gg/focus_flutter/lib/features/dashboard/dashboard_screen.dart:197:18

When the exception was thrown, this was the stack:
#2      RenderBox.size (package:flutter/src/rendering/box.dart:2251:12)
#3      _RenderLayoutBuilder.performLayout (package:flutter/src/widgets/layout_builder.dart:451:43)
#4      RenderObject.layout (package:flutter/src/rendering/object.dart:2775:7)
#5      RenderPadding.performLayout (package:flutter/src/rendering/shifted_box.dart:243:12)
#6      RenderObject.layout (package:flutter/src/rendering/object.dart:2775:7)
#7      ChildLayoutHelper.layoutChild (package:flutter/src/rendering/layout_helper.dart:62:11)
#8      RenderStack._computeSize (package:flutter/src/rendering/stack.dart:645:43)
#9      RenderStack.performLayout (package:flutter/src/rendering/stack.dart:680:12)
#10     RenderObject.layout (package:flutter/src/rendering/object.dart:2775:7)
#11     RenderPadding.performLayout (package:flutter/src/rendering/shifted_box.dart:243:12)
#12     RenderObject.layout (package:flutter/src/rendering/object.dart:2775:7)
#13     RenderProxyBoxMixin.performLayout (package:flutter/src/rendering/proxy_box.dart:115:18)
#14     RenderObject.layout (package:flutter/src/rendering/object.dart:2775:7)
#15     ChildLayoutHelper.layoutChild (package:flutter/src/rendering/layout_helper.dart:62:11)
#16     RenderStack._computeSize (package:flutter/src/rendering/stack.dart:645:43)
#17     RenderStack.performLayout (package:flutter/src/rendering/stack.dart:680:12)
#18     RenderObject.layout (package:flutter/src/rendering/object.dart:2775:7)
#19     RenderProxyBoxMixin.performLayout (package:flutter/src/rendering/proxy_box.dart:115:18)
#20     RenderObject.layout (package:flutter/src/rendering/object.dart:2775:7)
#21     RenderProxyBoxMixin.performLayout (package:flutter/src/rendering/proxy_box.dart:115:18)
#22     RenderObject.layout (package:flutter/src/rendering/object.dart:2775:7)
#23     ChildLayoutHelper.layoutChild (package:flutter/src/rendering/layout_helper.dart:62:11)
#24     RenderStack._computeSize (package:flutter/src/rendering/stack.dart:645:43)
#25     RenderStack.performLayout (package:flutter/src/rendering/stack.dart:680:12)
#26     RenderObject.layout (package:flutter/src/rendering/object.dart:2775:7)
#27     RenderProxyBoxMixin.performLayout (package:flutter/src/rendering/proxy_box.dart:115:18)
#28     RenderObject.layout (package:flutter/src/rendering/object.dart:2775:7)
#29     RenderProxyBoxMixin.performLayout (package:flutter/src/rendering/proxy_box.dart:115:18)
#30     RenderObject.layout (package:flutter/src/rendering/object.dart:2775:7)
#31     ChildLayoutHelper.layoutChild (package:flutter/src/rendering/layout_helper.dart:62:11)
#32     RenderFlex._computeSizes (package:flutter/src/rendering/flex.dart:1161:28)
#33     RenderFlex.performLayout (package:flutter/src/rendering/flex.dart:1257:32)
#34     RenderObject.layout (package:flutter/src/rendering/object.dart:2775:7)
#35     RenderPadding.performLayout (package:flutter/src/rendering/shifted_box.dart:243:12)
#36     RenderObject.layout (package:flutter/src/rendering/object.dart:2775:7)
#37     RenderConstrainedBox.performLayout (package:flutter/src/rendering/proxy_box.dart:293:14)
#38     RenderObject.layout (package:flutter/src/rendering/object.dart:2775:7)
#39     RenderPositionedBox.performLayout (package:flutter/src/rendering/shifted_box.dart:465:14)
#40     RenderObject.layout (package:flutter/src/rendering/object.dart:2775:7)
#41     RenderPadding.performLayout (package:flutter/src/rendering/shifted_box.dart:243:12)
#42     RenderObject.layout (package:flutter/src/rendering/object.dart:2775:7)
#43     _RenderSingleChildViewport.performLayout (package:flutter/src/widgets/single_child_scroll_view.dart:502:14)
#44     RenderObject.layout (package:flutter/src/rendering/object.dart:2775:7)
#45     RenderProxyBoxMixin.performLayout (package:flutter/src/rendering/proxy_box.dart:115:18)
#46     RenderObject.layout (package:flutter/src/rendering/object.dart:2775:7)
#47     RenderProxyBoxMixin.performLayout (package:flutter/src/rendering/proxy_box.dart:115:18)
#48     RenderObject.layout (package:flutter/src/rendering/object.dart:2775:7)
#49     RenderProxyBoxMixin.performLayout (package:flutter/src/rendering/proxy_box.dart:115:18)
#50     RenderObject.layout (package:flutter/src/rendering/object.dart:2775:7)
#51     RenderProxyBoxMixin.performLayout (package:flutter/src/rendering/proxy_box.dart:115:18)
#52     RenderObject.layout (package:flutter/src/rendering/object.dart:2775:7)
#53     RenderProxyBoxMixin.performLayout (package:flutter/src/rendering/proxy_box.dart:115:18)
#54     RenderObject.layout (package:flutter/src/rendering/object.dart:2775:7)
#55     RenderProxyBoxMixin.performLayout (package:flutter/src/rendering/proxy_box.dart:115:18)
#56     RenderObject.layout (package:flutter/src/rendering/object.dart:2775:7)
#57     RenderProxyBoxMixin.performLayout (package:flutter/src/rendering/proxy_box.dart:115:18)
#58     RenderObject.layout (package:flutter/src/rendering/object.dart:2775:7)
#59     RenderProxyBoxMixin.performLayout (package:flutter/src/rendering/proxy_box.dart:115:18)
#60     _RenderCustomClip.performLayout (package:flutter/src/rendering/proxy_box.dart:1481:11)
#61     RenderObject.layout (package:flutter/src/rendering/object.dart:2775:7)
#62     MultiChildLayoutDelegate.layoutChild (package:flutter/src/rendering/custom_layout.dart:180:12)
#63     _ScaffoldLayout.performLayout (package:flutter/src/material/scaffold.dart:1112:7)
#64     MultiChildLayoutDelegate._callPerformLayout (package:flutter/src/rendering/custom_layout.dart:249:7)
#65     RenderCustomMultiChildLayoutBox.performLayout (package:flutter/src/rendering/custom_layout.dart:420:14)
#66     RenderObject._layoutWithoutResize (package:flutter/src/rendering/object.dart:2623:7)
#67     PipelineOwner.flushLayout (package:flutter/src/rendering/object.dart:1170:18)
#68     PipelineOwner.flushLayout (package:flutter/src/rendering/object.dart:1183:15)
#69     AutomatedTestWidgetsFlutterBinding.drawFrame (package:flutter_test/src/binding.dart:1508:27)
#70     RendererBinding._handlePersistentFrameCallback (package:flutter/src/rendering/binding.dart:495:5)
#71     SchedulerBinding._invokeFrameCallback (package:flutter/src/scheduler/binding.dart:1434:15)
#72     SchedulerBinding.handleDrawFrame (package:flutter/src/scheduler/binding.dart:1347:9)
#73     AutomatedTestWidgetsFlutterBinding.pump.<anonymous closure> (package:flutter_test/src/binding.dart:1335:9)
#76     TestAsyncUtils.guard (package:flutter_test/src/test_async_utils.dart:74:41)
#77     AutomatedTestWidgetsFlutterBinding.pump (package:flutter_test/src/binding.dart:1324:27)
#78     WidgetTester.pumpAndSettle.<anonymous closure> (package:flutter_test/src/widget_tester.dart:719:23)
<asynchronous suspension>
#79     TestAsyncUtils.guard.<anonymous closure> (package:flutter_test/src/test_async_utils.dart:130:27)
<asynchronous suspension>
#80     main.<anonymous closure> (file:///D:/Mystery/programming/projects/PYTHON_PROJECTS/focus/focus_gg/focus_flutter/test/widget_test.dart:20:5)
<asynchronous suspension>
#81     testWidgets.<anonymous closure>.<anonymous closure> (package:flutter_test/src/widget_tester.dart:192:15)
<asynchronous suspension>
#82     TestWidgetsFlutterBinding._runTestBody (package:flutter_test/src/binding.dart:1059:5)
<asynchronous suspension>
<asynchronous suspension>
(elided 5 frames from class _AssertionError, dart:async, and package:stack_trace)

The following RenderObject was being processed when the exception was fired: _RenderLayoutBuilder#af538 relayoutBoundary=up25 NEEDS-LAYOUT NEEDS-PAINT:
  creator: LayoutBuilder ΓåÉ Padding ΓåÉ Stack ΓåÉ Padding ΓåÉ DecoratedBox ΓåÉ Container ΓåÉ Stack ΓåÉ Listener ΓåÉ
    _GestureSemantics ΓåÉ RawGestureDetector ΓåÉ GestureDetector ΓåÉ CyberCard ΓåÉ Γï»
  parentData: offset=Offset(16.0, 16.0) (can use size)
  constraints: BoxConstraints(0.0<=w<=718.0, 0.0<=h<=Infinity)
  size: MISSING
This RenderObject had the following descendants (showing up to depth 5):
    child: RenderFlex#aa1cb relayoutBoundary=up26 NEEDS-PAINT
      child 1: RenderPositionedBox#5029c relayoutBoundary=up27 NEEDS-PAINT
        child: RenderDecoratedBox#d57f4 relayoutBoundary=up28 NEEDS-PAINT
          child: RenderPadding#50332 relayoutBoundary=up29 NEEDS-PAINT
            child: RenderParagraph#90228 relayoutBoundary=up30 NEEDS-PAINT
      child 2: RenderConstrainedBox#a0fd6 relayoutBoundary=up27 NEEDS-PAINT
      child 3: RenderFlex#b3cf9 relayoutBoundary=up27 NEEDS-PAINT
        child 1: RenderFlex#f1f04 relayoutBoundary=up28 NEEDS-PAINT
          child 1: RenderFittedBox#b6007 relayoutBoundary=up29 NEEDS-PAINT
            child: RenderFlex#d6f17 relayoutBoundary=up30 NEEDS-PAINT
          child 2: RenderConstrainedBox#6aabe relayoutBoundary=up29 NEEDS-PAINT
          child 3: RenderPadding#62bef relayoutBoundary=up29 NEEDS-PAINT
            child: RenderFlex#7ce43 relayoutBoundary=up30 NEEDS-PAINT
          child 4: RenderPadding#e6854 relayoutBoundary=up29 NEEDS-PAINT
            child: RenderFlex#65ef6 relayoutBoundary=up30 NEEDS-PAINT
          child 5: RenderPadding#ab2e0 relayoutBoundary=up29 NEEDS-PAINT
            child: RenderFlex#056f0 relayoutBoundary=up30 NEEDS-PAINT
        child 2: RenderConstrainedBox#47fa4 relayoutBoundary=up28 NEEDS-PAINT
        child 3: RenderFlex#cfa20 relayoutBoundary=up28 NEEDS-PAINT
          child 1: RenderFlex#e845d relayoutBoundary=up29 NEEDS-PAINT
            child 1: RenderPadding#72fd1 relayoutBoundary=up30 NEEDS-PAINT
            child 2: RenderPhysicalModel#e7b79 relayoutBoundary=up30 NEEDS-PAINT
          child 2: RenderConstrainedBox#fe7ce relayoutBoundary=up29 NEEDS-PAINT
          child 3: RenderFlex#ca726 relayoutBoundary=up29 NEEDS-PAINT
            child 1: RenderPadding#b96a6 relayoutBoundary=up30 NEEDS-PAINT
            child 2: RenderPhysicalModel#3f598 relayoutBoundary=up30 NEEDS-PAINT
          child 4: RenderConstrainedBox#6f87b relayoutBoundary=up29 NEEDS-PAINT
          child 5: RenderFlex#5d15d relayoutBoundary=up29 NEEDS-PAINT
            child 1: RenderPadding#776a6 relayoutBoundary=up30 NEEDS-PAINT
    ...(descendants list truncated after 25 lines)
ΓòÉΓòÉΓòÉΓòÉΓòÉΓòÉΓòÉΓòÉΓòÉΓòÉΓòÉΓòÉΓòÉΓòÉΓòÉΓòÉΓòÉΓòÉΓòÉΓòÉΓòÉΓòÉΓòÉΓòÉΓòÉΓòÉΓòÉΓòÉΓòÉΓòÉΓòÉΓòÉΓòÉΓòÉΓòÉΓòÉΓòÉΓòÉΓòÉΓòÉΓòÉΓòÉΓòÉΓòÉΓòÉΓòÉΓòÉΓòÉΓòÉΓòÉΓòÉΓòÉΓòÉΓòÉΓòÉΓòÉΓòÉΓòÉΓòÉΓòÉΓòÉΓòÉΓòÉΓòÉΓòÉΓòÉΓòÉΓòÉΓòÉΓòÉΓòÉΓòÉΓòÉΓòÉΓòÉΓòÉΓòÉΓòÉΓòÉΓòÉΓòÉΓòÉΓòÉΓòÉΓòÉΓòÉΓòÉΓòÉΓòÉΓòÉΓòÉΓòÉΓòÉΓòÉΓòÉΓòÉΓòÉΓòÉΓòÉΓòÉ
ΓòÉΓòÉΓòí EXCEPTION CAUGHT BY RENDERING LIBRARY Γò₧ΓòÉΓòÉΓòÉΓòÉΓòÉΓòÉΓòÉΓòÉΓòÉΓòÉΓòÉΓòÉΓòÉΓòÉΓòÉΓòÉΓòÉΓòÉΓòÉΓòÉΓòÉΓòÉΓòÉΓòÉΓòÉΓòÉΓòÉΓòÉΓòÉΓòÉΓòÉΓòÉΓòÉΓòÉΓòÉΓòÉΓòÉΓòÉΓòÉΓòÉΓòÉΓòÉΓòÉΓòÉΓòÉΓòÉΓòÉΓòÉΓòÉΓòÉΓòÉΓòÉΓòÉΓòÉΓòÉΓòÉΓòÉ
The following assertion was thrown during performLayout():
RenderBox was not laid out: _RenderLayoutBuilder#af538 relayoutBoundary=up25 NEEDS-PAINT
'package:flutter/src/rendering/box.dart':
Failed assertion: line 2251 pos 12: 'hasSize'

Either the assertion indicates an error in the framework itself, or we should provide substantially
more information in this error message to help you determine and fix the underlying cause.
In either case, please report this assertion by filing a bug on GitHub:
  https://github.com/flutter/flutter/issues/new?template=02_bug.yml

The relevant error-causing widget was:
  Padding
  Padding:file:///D:/Mystery/programming/projects/PYTHON_PROJECTS/focus/focus_gg/focus_flutter/lib/shared/widgets/cyber_card.dart:57:17

When the exception was thrown, this was the stack:
#2      RenderBox.size (package:flutter/src/rendering/box.dart:2251:12)
#3      RenderPadding.performLayout (package:flutter/src/rendering/shifted_box.dart:247:40)
#4      RenderObject.layout (package:flutter/src/rendering/object.dart:2775:7)
#5      ChildLayoutHelper.layoutChild (package:flutter/src/rendering/layout_helper.dart:62:11)
#6      RenderStack._computeSize (package:flutter/src/rendering/stack.dart:645:43)
#7      RenderStack.performLayout (package:flutter/src/rendering/stack.dart:680:12)
#8      RenderObject.layout (package:flutter/src/rendering/object.dart:2775:7)
#9      RenderPadding.performLayout (package:flutter/src/rendering/shifted_box.dart:243:12)
#10     RenderObject.layout (package:flutter/src/rendering/object.dart:2775:7)
#11     RenderProxyBoxMixin.performLayout (package:flutter/src/rendering/proxy_box.dart:115:18)
#12     RenderObject.layout (package:flutter/src/rendering/object.dart:2775:7)
#13     ChildLayoutHelper.layoutChild (package:flutter/src/rendering/layout_helper.dart:62:11)
#14     RenderStack._computeSize (package:flutter/src/rendering/stack.dart:645:43)
#15     RenderStack.performLayout (package:flutter/src/rendering/stack.dart:680:12)
#16     RenderObject.layout (package:flutter/src/rendering/object.dart:2775:7)
#17     RenderProxyBoxMixin.performLayout (package:flutter/src/rendering/proxy_box.dart:115:18)
#18     RenderObject.layout (package:flutter/src/rendering/object.dart:2775:7)
#19     RenderProxyBoxMixin.performLayout (package:flutter/src/rendering/proxy_box.dart:115:18)
#20     RenderObject.layout (package:flutter/src/rendering/object.dart:2775:7)
#21     ChildLayoutHelper.layoutChild (package:flutter/src/rendering/layout_helper.dart:62:11)
#22     RenderStack._computeSize (package:flutter/src/rendering/stack.dart:645:43)
#23     RenderStack.performLayout (package:flutter/src/rendering/stack.dart:680:12)
#24     RenderObject.layout (package:flutter/src/rendering/object.dart:2775:7)
#25     RenderProxyBoxMixin.performLayout (package:flutter/src/rendering/proxy_box.dart:115:18)
#26     RenderObject.layout (package:flutter/src/rendering/object.dart:2775:7)
#27     RenderProxyBoxMixin.performLayout (package:flutter/src/rendering/proxy_box.dart:115:18)
#28     RenderObject.layout (package:flutter/src/rendering/object.dart:2775:7)
#29     ChildLayoutHelper.layoutChild (package:flutter/src/rendering/layout_helper.dart:62:11)
#30     RenderFlex._computeSizes (package:flutter/src/rendering/flex.dart:1161:28)
#31     RenderFlex.performLayout (package:flutter/src/rendering/flex.dart:1257:32)
#32     RenderObject.layout (package:flutter/src/rendering/object.dart:2775:7)
#33     RenderPadding.performLayout (package:flutter/src/rendering/shifted_box.dart:243:12)
#34     RenderObject.layout (package:flutter/src/rendering/object.dart:2775:7)
#35     RenderConstrainedBox.performLayout (package:flutter/src/rendering/proxy_box.dart:293:14)
#36     RenderObject.layout (package:flutter/src/rendering/object.dart:2775:7)
#37     RenderPositionedBox.performLayout (package:flutter/src/rendering/shifted_box.dart:465:14)
#38     RenderObject.layout (package:flutter/src/rendering/object.dart:2775:7)
#39     RenderPadding.performLayout (package:flutter/src/rendering/shifted_box.dart:243:12)
#40     RenderObject.layout (package:flutter/src/rendering/object.dart:2775:7)
#41     _RenderSingleChildViewport.performLayout (package:flutter/src/widgets/single_child_scroll_view.dart:502:14)
#42     RenderObject.layout (package:flutter/src/rendering/object.dart:2775:7)
#43     RenderProxyBoxMixin.performLayout (package:flutter/src/rendering/proxy_box.dart:115:18)
#44     RenderObject.layout (package:flutter/src/rendering/object.dart:2775:7)
#45     RenderProxyBoxMixin.performLayout (package:flutter/src/rendering/proxy_box.dart:115:18)
#46     RenderObject.layout (package:flutter/src/rendering/object.dart:2775:7)
#47     RenderProxyBoxMixin.performLayout (package:flutter/src/rendering/proxy_box.dart:115:18)
#48     RenderObject.layout (package:flutter/src/rendering/object.dart:2775:7)
#49     RenderProxyBoxMixin.performLayout (package:flutter/src/rendering/proxy_box.dart:115:18)
#50     RenderObject.layout (package:flutter/src/rendering/object.dart:2775:7)
#51     RenderProxyBoxMixin.performLayout (package:flutter/src/rendering/proxy_box.dart:115:18)
#52     RenderObject.layout (package:flutter/src/rendering/object.dart:2775:7)
#53     RenderProxyBoxMixin.performLayout (package:flutter/src/rendering/proxy_box.dart:115:18)
#54     RenderObject.layout (package:flutter/src/rendering/object.dart:2775:7)
#55     RenderProxyBoxMixin.performLayout (package:flutter/src/rendering/proxy_box.dart:115:18)
#56     RenderObject.layout (package:flutter/src/rendering/object.dart:2775:7)
#57     RenderProxyBoxMixin.performLayout (package:flutter/src/rendering/proxy_box.dart:115:18)
#58     _RenderCustomClip.performLayout (package:flutter/src/rendering/proxy_box.dart:1481:11)
#59     RenderObject.layout (package:flutter/src/rendering/object.dart:2775:7)
#60     MultiChildLayoutDelegate.layoutChild (package:flutter/src/rendering/custom_layout.dart:180:12)
#61     _ScaffoldLayout.performLayout (package:flutter/src/material/scaffold.dart:1112:7)
#62     MultiChildLayoutDelegate._callPerformLayout (package:flutter/src/rendering/custom_layout.dart:249:7)
#63     RenderCustomMultiChildLayoutBox.performLayout (package:flutter/src/rendering/custom_layout.dart:420:14)
#64     RenderObject._layoutWithoutResize (package:flutter/src/rendering/object.dart:2623:7)
#65     PipelineOwner.flushLayout (package:flutter/src/rendering/object.dart:1170:18)
#66     PipelineOwner.flushLayout (package:flutter/src/rendering/object.dart:1183:15)
#67     AutomatedTestWidgetsFlutterBinding.drawFrame (package:flutter_test/src/binding.dart:1508:27)
#68     RendererBinding._handlePersistentFrameCallback (package:flutter/src/rendering/binding.dart:495:5)
#69     SchedulerBinding._invokeFrameCallback (package:flutter/src/scheduler/binding.dart:1434:15)
#70     SchedulerBinding.handleDrawFrame (package:flutter/src/scheduler/binding.dart:1347:9)
#71     AutomatedTestWidgetsFlutterBinding.pump.<anonymous closure> (package:flutter_test/src/binding.dart:1335:9)
#74     TestAsyncUtils.guard (package:flutter_test/src/test_async_utils.dart:74:41)
#75     AutomatedTestWidgetsFlutterBinding.pump (package:flutter_test/src/binding.dart:1324:27)
#76     WidgetTester.pumpAndSettle.<anonymous closure> (package:flutter_test/src/widget_tester.dart:719:23)
<asynchronous suspension>
#77     TestAsyncUtils.guard.<anonymous closure> (package:flutter_test/src/test_async_utils.dart:130:27)
<asynchronous suspension>
#78     main.<anonymous closure> (file:///D:/Mystery/programming/projects/PYTHON_PROJECTS/focus/focus_gg/focus_flutter/test/widget_test.dart:20:5)
<asynchronous suspension>
#79     testWidgets.<anonymous closure>.<anonymous closure> (package:flutter_test/src/widget_tester.dart:192:15)
<asynchronous suspension>
#80     TestWidgetsFlutterBinding._runTestBody (package:flutter_test/src/binding.dart:1059:5)
<asynchronous suspension>
<asynchronous suspension>
(elided 5 frames from class _AssertionError, dart:async, and package:stack_trace)

The following RenderObject was being processed when the exception was fired: RenderPadding#d05ee relayoutBoundary=up24 NEEDS-LAYOUT NEEDS-PAINT:
  creator: Padding ΓåÉ Stack ΓåÉ Padding ΓåÉ DecoratedBox ΓåÉ Container ΓåÉ Stack ΓåÉ Listener ΓåÉ _GestureSemantics
    ΓåÉ RawGestureDetector ΓåÉ GestureDetector ΓåÉ CyberCard ΓåÉ Stack ΓåÉ Γï»
  parentData: not positioned; offset=Offset(0.0, 0.0) (can use size)
  constraints: BoxConstraints(0.0<=w<=750.0, 0.0<=h<=Infinity)
  size: MISSING
  padding: EdgeInsets.all(16.0)
  textDirection: ltr
This RenderObject had the following descendants (showing up to depth 5):
    child: _RenderLayoutBuilder#af538 relayoutBoundary=up25 NEEDS-PAINT
      child: RenderFlex#aa1cb relayoutBoundary=up26 NEEDS-PAINT
        child 1: RenderPositionedBox#5029c relayoutBoundary=up27 NEEDS-PAINT
          child: RenderDecoratedBox#d57f4 relayoutBoundary=up28 NEEDS-PAINT
            child: RenderPadding#50332 relayoutBoundary=up29 NEEDS-PAINT
        child 2: RenderConstrainedBox#a0fd6 relayoutBoundary=up27 NEEDS-PAINT
        child 3: RenderFlex#b3cf9 relayoutBoundary=up27 NEEDS-PAINT
          child 1: RenderFlex#f1f04 relayoutBoundary=up28 NEEDS-PAINT
            child 1: RenderFittedBox#b6007 relayoutBoundary=up29 NEEDS-PAINT
            child 2: RenderConstrainedBox#6aabe relayoutBoundary=up29 NEEDS-PAINT
            child 3: RenderPadding#62bef relayoutBoundary=up29 NEEDS-PAINT
            child 4: RenderPadding#e6854 relayoutBoundary=up29 NEEDS-PAINT
            child 5: RenderPadding#ab2e0 relayoutBoundary=up29 NEEDS-PAINT
          child 2: RenderConstrainedBox#47fa4 relayoutBoundary=up28 NEEDS-PAINT
          child 3: RenderFlex#cfa20 relayoutBoundary=up28 NEEDS-PAINT
            child 1: RenderFlex#e845d relayoutBoundary=up29 NEEDS-PAINT
            child 2: RenderConstrainedBox#fe7ce relayoutBoundary=up29 NEEDS-PAINT
            child 3: RenderFlex#ca726 relayoutBoundary=up29 NEEDS-PAINT
            child 4: RenderConstrainedBox#6f87b relayoutBoundary=up29 NEEDS-PAINT
            child 5: RenderFlex#5d15d relayoutBoundary=up29 NEEDS-PAINT
            child 6: RenderConstrainedBox#54035 relayoutBoundary=up29 NEEDS-PAINT
            child 7: RenderFlex#25cc0 relayoutBoundary=up29 NEEDS-PAINT
        child 4: RenderConstrainedBox#5d447 relayoutBoundary=up27 NEEDS-PAINT
        child 5: RenderFlex#c9e0f relayoutBoundary=up27 NEEDS-PAINT
          child 1: RenderWrap#c6f67 NEEDS-LAYOUT NEEDS-PAINT
            child 1: RenderFittedBox#0ee63 NEEDS-LAYOUT NEEDS-PAINT
            child 2: RenderFittedBox#94987 NEEDS-LAYOUT NEEDS-PAINT
            child 3: RenderFittedBox#4a326 NEEDS-LAYOUT NEEDS-PAINT
            child 4: RenderFittedBox#8d9c2 NEEDS-LAYOUT NEEDS-PAINT
    ...(descendants list truncated after 25 lines)
ΓòÉΓòÉΓòÉΓòÉΓòÉΓòÉΓòÉΓòÉΓòÉΓòÉΓòÉΓòÉΓòÉΓòÉΓòÉΓòÉΓòÉΓòÉΓòÉΓòÉΓòÉΓòÉΓòÉΓòÉΓòÉΓòÉΓòÉΓòÉΓòÉΓòÉΓòÉΓòÉΓòÉΓòÉΓòÉΓòÉΓòÉΓòÉΓòÉΓòÉΓòÉΓòÉΓòÉΓòÉΓòÉΓòÉΓòÉΓòÉΓòÉΓòÉΓòÉΓòÉΓòÉΓòÉΓòÉΓòÉΓòÉΓòÉΓòÉΓòÉΓòÉΓòÉΓòÉΓòÉΓòÉΓòÉΓòÉΓòÉΓòÉΓòÉΓòÉΓòÉΓòÉΓòÉΓòÉΓòÉΓòÉΓòÉΓòÉΓòÉΓòÉΓòÉΓòÉΓòÉΓòÉΓòÉΓòÉΓòÉΓòÉΓòÉΓòÉΓòÉΓòÉΓòÉΓòÉΓòÉΓòÉΓòÉΓòÉΓòÉ
ΓòÉΓòÉΓòí EXCEPTION CAUGHT BY RENDERING LIBRARY Γò₧ΓòÉΓòÉΓòÉΓòÉΓòÉΓòÉΓòÉΓòÉΓòÉΓòÉΓòÉΓòÉΓòÉΓòÉΓòÉΓòÉΓòÉΓòÉΓòÉΓòÉΓòÉΓòÉΓòÉΓòÉΓòÉΓòÉΓòÉΓòÉΓòÉΓòÉΓòÉΓòÉΓòÉΓòÉΓòÉΓòÉΓòÉΓòÉΓòÉΓòÉΓòÉΓòÉΓòÉΓòÉΓòÉΓòÉΓòÉΓòÉΓòÉΓòÉΓòÉΓòÉΓòÉΓòÉΓòÉΓòÉΓòÉ
The following assertion was thrown during performLayout():
RenderBox was not laid out: RenderPadding#d05ee relayoutBoundary=up24 NEEDS-PAINT
'package:flutter/src/rendering/box.dart':
Failed assertion: line 2251 pos 12: 'hasSize'

Either the assertion indicates an error in the framework itself, or we should provide substantially
more information in this error message to help you determine and fix the underlying cause.
In either case, please report this assertion by filing a bug on GitHub:
  https://github.com/flutter/flutter/issues/new?template=02_bug.yml

The relevant error-causing widget was:
  Stack
  Stack:file:///D:/Mystery/programming/projects/PYTHON_PROJECTS/focus/focus_gg/focus_flutter/lib/shared/widgets/cyber_card.dart:37:20

When the exception was thrown, this was the stack:
#2      RenderBox.size (package:flutter/src/rendering/box.dart:2251:12)
#3      ChildLayoutHelper.layoutChild (package:flutter/src/rendering/layout_helper.dart:63:18)
#4      RenderStack._computeSize (package:flutter/src/rendering/stack.dart:645:43)
#5      RenderStack.performLayout (package:flutter/src/rendering/stack.dart:680:12)
#6      RenderObject.layout (package:flutter/src/rendering/object.dart:2775:7)
#7      RenderPadding.performLayout (package:flutter/src/rendering/shifted_box.dart:243:12)
#8      RenderObject.layout (package:flutter/src/rendering/object.dart:2775:7)
#9      RenderProxyBoxMixin.performLayout (package:flutter/src/rendering/proxy_box.dart:115:18)
#10     RenderObject.layout (package:flutter/src/rendering/object.dart:2775:7)
#11     ChildLayoutHelper.layoutChild (package:flutter/src/rendering/layout_helper.dart:62:11)
#12     RenderStack._computeSize (package:flutter/src/rendering/stack.dart:645:43)
#13     RenderStack.performLayout (package:flutter/src/rendering/stack.dart:680:12)
#14     RenderObject.layout (package:flutter/src/rendering/object.dart:2775:7)
#15     RenderProxyBoxMixin.performLayout (package:flutter/src/rendering/proxy_box.dart:115:18)
#16     RenderObject.layout (package:flutter/src/rendering/object.dart:2775:7)
#17     RenderProxyBoxMixin.performLayout (package:flutter/src/rendering/proxy_box.dart:115:18)
#18     RenderObject.layout (package:flutter/src/rendering/object.dart:2775:7)
#19     ChildLayoutHelper.layoutChild (package:flutter/src/rendering/layout_helper.dart:62:11)
#20     RenderStack._computeSize (package:flutter/src/rendering/stack.dart:645:43)
#21     RenderStack.performLayout (package:flutter/src/rendering/stack.dart:680:12)
#22     RenderObject.layout (package:flutter/src/rendering/object.dart:2775:7)
#23     RenderProxyBoxMixin.performLayout (package:flutter/src/rendering/proxy_box.dart:115:18)
#24     RenderObject.layout (package:flutter/src/rendering/object.dart:2775:7)
#25     RenderProxyBoxMixin.performLayout (package:flutter/src/rendering/proxy_box.dart:115:18)
#26     RenderObject.layout (package:flutter/src/rendering/object.dart:2775:7)
#27     ChildLayoutHelper.layoutChild (package:flutter/src/rendering/layout_helper.dart:62:11)
#28     RenderFlex._computeSizes (package:flutter/src/rendering/flex.dart:1161:28)
#29     RenderFlex.performLayout (package:flutter/src/rendering/flex.dart:1257:32)
#30     RenderObject.layout (package:flutter/src/rendering/object.dart:2775:7)
#31     RenderPadding.performLayout (package:flutter/src/rendering/shifted_box.dart:243:12)
#32     RenderObject.layout (package:flutter/src/rendering/object.dart:2775:7)
#33     RenderConstrainedBox.performLayout (package:flutter/src/rendering/proxy_box.dart:293:14)
#34     RenderObject.layout (package:flutter/src/rendering/object.dart:2775:7)
#35     RenderPositionedBox.performLayout (package:flutter/src/rendering/shifted_box.dart:465:14)
#36     RenderObject.layout (package:flutter/src/rendering/object.dart:2775:7)
#37     RenderPadding.performLayout (package:flutter/src/rendering/shifted_box.dart:243:12)
#38     RenderObject.layout (package:flutter/src/rendering/object.dart:2775:7)
#39     _RenderSingleChildViewport.performLayout (package:flutter/src/widgets/single_child_scroll_view.dart:502:14)
#40     RenderObject.layout (package:flutter/src/rendering/object.dart:2775:7)
#41     RenderProxyBoxMixin.performLayout (package:flutter/src/rendering/proxy_box.dart:115:18)
#42     RenderObject.layout (package:flutter/src/rendering/object.dart:2775:7)
#43     RenderProxyBoxMixin.performLayout (package:flutter/src/rendering/proxy_box.dart:115:18)
#44     RenderObject.layout (package:flutter/src/rendering/object.dart:2775:7)
#45     RenderProxyBoxMixin.performLayout (package:flutter/src/rendering/proxy_box.dart:115:18)
#46     RenderObject.layout (package:flutter/src/rendering/object.dart:2775:7)
#47     RenderProxyBoxMixin.performLayout (package:flutter/src/rendering/proxy_box.dart:115:18)
#48     RenderObject.layout (package:flutter/src/rendering/object.dart:2775:7)
#49     RenderProxyBoxMixin.performLayout (package:flutter/src/rendering/proxy_box.dart:115:18)
#50     RenderObject.layout (package:flutter/src/rendering/object.dart:2775:7)
#51     RenderProxyBoxMixin.performLayout (package:flutter/src/rendering/proxy_box.dart:115:18)
#52     RenderObject.layout (package:flutter/src/rendering/object.dart:2775:7)
#53     RenderProxyBoxMixin.performLayout (package:flutter/src/rendering/proxy_box.dart:115:18)
#54     RenderObject.layout (package:flutter/src/rendering/object.dart:2775:7)
#55     RenderProxyBoxMixin.performLayout (package:flutter/src/rendering/proxy_box.dart:115:18)
#56     _RenderCustomClip.performLayout (package:flutter/src/rendering/proxy_box.dart:1481:11)
#57     RenderObject.layout (package:flutter/src/rendering/object.dart:2775:7)
#58     MultiChildLayoutDelegate.layoutChild (package:flutter/src/rendering/custom_layout.dart:180:12)
#59     _ScaffoldLayout.performLayout (package:flutter/src/material/scaffold.dart:1112:7)
#60     MultiChildLayoutDelegate._callPerformLayout (package:flutter/src/rendering/custom_layout.dart:249:7)
#61     RenderCustomMultiChildLayoutBox.performLayout (package:flutter/src/rendering/custom_layout.dart:420:14)
#62     RenderObject._layoutWithoutResize (package:flutter/src/rendering/object.dart:2623:7)
#63     PipelineOwner.flushLayout (package:flutter/src/rendering/object.dart:1170:18)
#64     PipelineOwner.flushLayout (package:flutter/src/rendering/object.dart:1183:15)
#65     AutomatedTestWidgetsFlutterBinding.drawFrame (package:flutter_test/src/binding.dart:1508:27)
#66     RendererBinding._handlePersistentFrameCallback (package:flutter/src/rendering/binding.dart:495:5)
#67     SchedulerBinding._invokeFrameCallback (package:flutter/src/scheduler/binding.dart:1434:15)
#68     SchedulerBinding.handleDrawFrame (package:flutter/src/scheduler/binding.dart:1347:9)
#69     AutomatedTestWidgetsFlutterBinding.pump.<anonymous closure> (package:flutter_test/src/binding.dart:1335:9)
#72     TestAsyncUtils.guard (package:flutter_test/src/test_async_utils.dart:74:41)
#73     AutomatedTestWidgetsFlutterBinding.pump (package:flutter_test/src/binding.dart:1324:27)
#74     WidgetTester.pumpAndSettle.<anonymous closure> (package:flutter_test/src/widget_tester.dart:719:23)
<asynchronous suspension>
#75     TestAsyncUtils.guard.<anonymous closure> (package:flutter_test/src/test_async_utils.dart:130:27)
<asynchronous suspension>
#76     main.<anonymous closure> (file:///D:/Mystery/programming/projects/PYTHON_PROJECTS/focus/focus_gg/focus_flutter/test/widget_test.dart:20:5)
<asynchronous suspension>
#77     testWidgets.<anonymous closure>.<anonymous closure> (package:flutter_test/src/widget_tester.dart:192:15)
<asynchronous suspension>
#78     TestWidgetsFlutterBinding._runTestBody (package:flutter_test/src/binding.dart:1059:5)
<asynchronous suspension>
<asynchronous suspension>
(elided 5 frames from class _AssertionError, dart:async, and package:stack_trace)

The following RenderObject was being processed when the exception was fired: RenderStack#53f33 relayoutBoundary=up23 NEEDS-LAYOUT NEEDS-PAINT:
  creator: Stack ΓåÉ Padding ΓåÉ DecoratedBox ΓåÉ Container ΓåÉ Stack ΓåÉ Listener ΓåÉ _GestureSemantics ΓåÉ
    RawGestureDetector ΓåÉ GestureDetector ΓåÉ CyberCard ΓåÉ Stack ΓåÉ FadeTransition ΓåÉ Γï»
  parentData: offset=Offset(1.0, 1.0) (can use size)
  constraints: BoxConstraints(0.0<=w<=750.0, 0.0<=h<=Infinity)
  size: MISSING
  alignment: AlignmentDirectional.topStart
  textDirection: ltr
  fit: loose
This RenderObject had the following descendants (showing up to depth 5):
    child 1: RenderDecoratedBox#12987 NEEDS-LAYOUT NEEDS-PAINT
      child: RenderPadding#bd09f NEEDS-LAYOUT NEEDS-PAINT
        child: RenderLimitedBox#37e96 NEEDS-LAYOUT NEEDS-PAINT
          child: RenderConstrainedBox#47b94 NEEDS-LAYOUT NEEDS-PAINT
    child 2: RenderConstrainedBox#e358e NEEDS-LAYOUT NEEDS-PAINT
      child: RenderCustomPaint#50ced NEEDS-LAYOUT NEEDS-PAINT
    child 3: RenderConstrainedBox#246ee NEEDS-LAYOUT NEEDS-PAINT
      child: RenderCustomPaint#3a0dc NEEDS-LAYOUT NEEDS-PAINT
    child 4: RenderConstrainedBox#9b710 NEEDS-LAYOUT NEEDS-PAINT
      child: RenderCustomPaint#7df47 NEEDS-LAYOUT NEEDS-PAINT
    child 5: RenderConstrainedBox#c7b6f NEEDS-LAYOUT NEEDS-PAINT
      child: RenderCustomPaint#d817b NEEDS-LAYOUT NEEDS-PAINT
    child 6: RenderPadding#d05ee relayoutBoundary=up24 NEEDS-PAINT
      child: _RenderLayoutBuilder#af538 relayoutBoundary=up25 NEEDS-PAINT
        child: RenderFlex#aa1cb relayoutBoundary=up26 NEEDS-PAINT
          child 1: RenderPositionedBox#5029c relayoutBoundary=up27 NEEDS-PAINT
            child: RenderDecoratedBox#d57f4 relayoutBoundary=up28 NEEDS-PAINT
          child 2: RenderConstrainedBox#a0fd6 relayoutBoundary=up27 NEEDS-PAINT
          child 3: RenderFlex#b3cf9 relayoutBoundary=up27 NEEDS-PAINT
            child 1: RenderFlex#f1f04 relayoutBoundary=up28 NEEDS-PAINT
            child 2: RenderConstrainedBox#47fa4 relayoutBoundary=up28 NEEDS-PAINT
            child 3: RenderFlex#cfa20 relayoutBoundary=up28 NEEDS-PAINT
          child 4: RenderConstrainedBox#5d447 relayoutBoundary=up27 NEEDS-PAINT
          child 5: RenderFlex#c9e0f relayoutBoundary=up27 NEEDS-PAINT
            child 1: RenderWrap#c6f67 NEEDS-LAYOUT NEEDS-PAINT
            child 2: RenderConstrainedBox#5f240 relayoutBoundary=up28 NEEDS-PAINT
            child 3: RenderFlex#895b7 relayoutBoundary=up28 NEEDS-PAINT
ΓòÉΓòÉΓòÉΓòÉΓòÉΓòÉΓòÉΓòÉΓòÉΓòÉΓòÉΓòÉΓòÉΓòÉΓòÉΓòÉΓòÉΓòÉΓòÉΓòÉΓòÉΓòÉΓòÉΓòÉΓòÉΓòÉΓòÉΓòÉΓòÉΓòÉΓòÉΓòÉΓòÉΓòÉΓòÉΓòÉΓòÉΓòÉΓòÉΓòÉΓòÉΓòÉΓòÉΓòÉΓòÉΓòÉΓòÉΓòÉΓòÉΓòÉΓòÉΓòÉΓòÉΓòÉΓòÉΓòÉΓòÉΓòÉΓòÉΓòÉΓòÉΓòÉΓòÉΓòÉΓòÉΓòÉΓòÉΓòÉΓòÉΓòÉΓòÉΓòÉΓòÉΓòÉΓòÉΓòÉΓòÉΓòÉΓòÉΓòÉΓòÉΓòÉΓòÉΓòÉΓòÉΓòÉΓòÉΓòÉΓòÉΓòÉΓòÉΓòÉΓòÉΓòÉΓòÉΓòÉΓòÉΓòÉΓòÉΓòÉ
ΓòÉΓòÉΓòí EXCEPTION CAUGHT BY RENDERING LIBRARY Γò₧ΓòÉΓòÉΓòÉΓòÉΓòÉΓòÉΓòÉΓòÉΓòÉΓòÉΓòÉΓòÉΓòÉΓòÉΓòÉΓòÉΓòÉΓòÉΓòÉΓòÉΓòÉΓòÉΓòÉΓòÉΓòÉΓòÉΓòÉΓòÉΓòÉΓòÉΓòÉΓòÉΓòÉΓòÉΓòÉΓòÉΓòÉΓòÉΓòÉΓòÉΓòÉΓòÉΓòÉΓòÉΓòÉΓòÉΓòÉΓòÉΓòÉΓòÉΓòÉΓòÉΓòÉΓòÉΓòÉΓòÉΓòÉ
The following assertion was thrown during performLayout():
RenderBox was not laid out: RenderStack#53f33 relayoutBoundary=up23 NEEDS-PAINT
'package:flutter/src/rendering/box.dart':
Failed assertion: line 2251 pos 12: 'hasSize'

Either the assertion indicates an error in the framework itself, or we should provide substantially
more information in this error message to help you determine and fix the underlying cause.
In either case, please report this assertion by filing a bug on GitHub:
  https://github.com/flutter/flutter/issues/new?template=02_bug.yml

The relevant error-causing widget was:
  Container
  Container:file:///D:/Mystery/programming/projects/PYTHON_PROJECTS/focus/focus_gg/focus_flutter/lib/shared/widgets/cyber_card.dart:24:11

When the exception was thrown, this was the stack:
#2      RenderBox.size (package:flutter/src/rendering/box.dart:2251:12)
#3      RenderPadding.performLayout (package:flutter/src/rendering/shifted_box.dart:247:40)
#4      RenderObject.layout (package:flutter/src/rendering/object.dart:2775:7)
#5      RenderProxyBoxMixin.performLayout (package:flutter/src/rendering/proxy_box.dart:115:18)
#6      RenderObject.layout (package:flutter/src/rendering/object.dart:2775:7)
#7      ChildLayoutHelper.layoutChild (package:flutter/src/rendering/layout_helper.dart:62:11)
#8      RenderStack._computeSize (package:flutter/src/rendering/stack.dart:645:43)
#9      RenderStack.performLayout (package:flutter/src/rendering/stack.dart:680:12)
#10     RenderObject.layout (package:flutter/src/rendering/object.dart:2775:7)
#11     RenderProxyBoxMixin.performLayout (package:flutter/src/rendering/proxy_box.dart:115:18)
#12     RenderObject.layout (package:flutter/src/rendering/object.dart:2775:7)
#13     RenderProxyBoxMixin.performLayout (package:flutter/src/rendering/proxy_box.dart:115:18)
#14     RenderObject.layout (package:flutter/src/rendering/object.dart:2775:7)
#15     ChildLayoutHelper.layoutChild (package:flutter/src/rendering/layout_helper.dart:62:11)
#16     RenderStack._computeSize (package:flutter/src/rendering/stack.dart:645:43)
#17     RenderStack.performLayout (package:flutter/src/rendering/stack.dart:680:12)
#18     RenderObject.layout (package:flutter/src/rendering/object.dart:2775:7)
#19     RenderProxyBoxMixin.performLayout (package:flutter/src/rendering/proxy_box.dart:115:18)
#20     RenderObject.layout (package:flutter/src/rendering/object.dart:2775:7)
#21     RenderProxyBoxMixin.performLayout (package:flutter/src/rendering/proxy_box.dart:115:18)
#22     RenderObject.layout (package:flutter/src/rendering/object.dart:2775:7)
#23     ChildLayoutHelper.layoutChild (package:flutter/src/rendering/layout_helper.dart:62:11)
#24     RenderFlex._computeSizes (package:flutter/src/rendering/flex.dart:1161:28)
#25     RenderFlex.performLayout (package:flutter/src/rendering/flex.dart:1257:32)
#26     RenderObject.layout (package:flutter/src/rendering/object.dart:2775:7)
#27     RenderPadding.performLayout (package:flutter/src/rendering/shifted_box.dart:243:12)
#28     RenderObject.layout (package:flutter/src/rendering/object.dart:2775:7)
#29     RenderConstrainedBox.performLayout (package:flutter/src/rendering/proxy_box.dart:293:14)
#30     RenderObject.layout (package:flutter/src/rendering/object.dart:2775:7)
#31     RenderPositionedBox.performLayout (package:flutter/src/rendering/shifted_box.dart:465:14)
#32     RenderObject.layout (package:flutter/src/rendering/object.dart:2775:7)
#33     RenderPadding.performLayout (package:flutter/src/rendering/shifted_box.dart:243:12)
#34     RenderObject.layout (package:flutter/src/rendering/object.dart:2775:7)
#35     _RenderSingleChildViewport.performLayout (package:flutter/src/widgets/single_child_scroll_view.dart:502:14)
#36     RenderObject.layout (package:flutter/src/rendering/object.dart:2775:7)
#37     RenderProxyBoxMixin.performLayout (package:flutter/src/rendering/proxy_box.dart:115:18)
#38     RenderObject.layout (package:flutter/src/rendering/object.dart:2775:7)
#39     RenderProxyBoxMixin.performLayout (package:flutter/src/rendering/proxy_box.dart:115:18)
#40     RenderObject.layout (package:flutter/src/rendering/object.dart:2775:7)
#41     RenderProxyBoxMixin.performLayout (package:flutter/src/rendering/proxy_box.dart:115:18)
#42     RenderObject.layout (package:flutter/src/rendering/object.dart:2775:7)
#43     RenderProxyBoxMixin.performLayout (package:flutter/src/rendering/proxy_box.dart:115:18)
#44     RenderObject.layout (package:flutter/src/rendering/object.dart:2775:7)
#45     RenderProxyBoxMixin.performLayout (package:flutter/src/rendering/proxy_box.dart:115:18)
#46     RenderObject.layout (package:flutter/src/rendering/object.dart:2775:7)
#47     RenderProxyBoxMixin.performLayout (package:flutter/src/rendering/proxy_box.dart:115:18)
#48     RenderObject.layout (package:flutter/src/rendering/object.dart:2775:7)
#49     RenderProxyBoxMixin.performLayout (package:flutter/src/rendering/proxy_box.dart:115:18)
#50     RenderObject.layout (package:flutter/src/rendering/object.dart:2775:7)
#51     RenderProxyBoxMixin.performLayout (package:flutter/src/rendering/proxy_box.dart:115:18)
#52     _RenderCustomClip.performLayout (package:flutter/src/rendering/proxy_box.dart:1481:11)
#53     RenderObject.layout (package:flutter/src/rendering/object.dart:2775:7)
#54     MultiChildLayoutDelegate.layoutChild (package:flutter/src/rendering/custom_layout.dart:180:12)
#55     _ScaffoldLayout.performLayout (package:flutter/src/material/scaffold.dart:1112:7)
#56     MultiChildLayoutDelegate._callPerformLayout (package:flutter/src/rendering/custom_layout.dart:249:7)
#57     RenderCustomMultiChildLayoutBox.performLayout (package:flutter/src/rendering/custom_layout.dart:420:14)
#58     RenderObject._layoutWithoutResize (package:flutter/src/rendering/object.dart:2623:7)
#59     PipelineOwner.flushLayout (package:flutter/src/rendering/object.dart:1170:18)
#60     PipelineOwner.flushLayout (package:flutter/src/rendering/object.dart:1183:15)
#61     AutomatedTestWidgetsFlutterBinding.drawFrame (package:flutter_test/src/binding.dart:1508:27)
#62     RendererBinding._handlePersistentFrameCallback (package:flutter/src/rendering/binding.dart:495:5)
#63     SchedulerBinding._invokeFrameCallback (package:flutter/src/scheduler/binding.dart:1434:15)
#64     SchedulerBinding.handleDrawFrame (package:flutter/src/scheduler/binding.dart:1347:9)
#65     AutomatedTestWidgetsFlutterBinding.pump.<anonymous closure> (package:flutter_test/src/binding.dart:1335:9)
#68     TestAsyncUtils.guard (package:flutter_test/src/test_async_utils.dart:74:41)
#69     AutomatedTestWidgetsFlutterBinding.pump (package:flutter_test/src/binding.dart:1324:27)
#70     WidgetTester.pumpAndSettle.<anonymous closure> (package:flutter_test/src/widget_tester.dart:719:23)
<asynchronous suspension>
#71     TestAsyncUtils.guard.<anonymous closure> (package:flutter_test/src/test_async_utils.dart:130:27)
<asynchronous suspension>
#72     main.<anonymous closure> (file:///D:/Mystery/programming/projects/PYTHON_PROJECTS/focus/focus_gg/focus_flutter/test/widget_test.dart:20:5)
<asynchronous suspension>
#73     testWidgets.<anonymous closure>.<anonymous closure> (package:flutter_test/src/widget_tester.dart:192:15)
<asynchronous suspension>
#74     TestWidgetsFlutterBinding._runTestBody (package:flutter_test/src/binding.dart:1059:5)
<asynchronous suspension>
<asynchronous suspension>
(elided 5 frames from class _AssertionError, dart:async, and package:stack_trace)

The following RenderObject was being processed when the exception was fired: RenderPadding#8a8d9 relayoutBoundary=up22 NEEDS-LAYOUT NEEDS-PAINT:
  creator: Padding ΓåÉ DecoratedBox ΓåÉ Container ΓåÉ Stack ΓåÉ Listener ΓåÉ _GestureSemantics ΓåÉ
    RawGestureDetector ΓåÉ GestureDetector ΓåÉ CyberCard ΓåÉ Stack ΓåÉ FadeTransition ΓåÉ FractionalTranslation
    ΓåÉ Γï»
  parentData: <none> (can use size)
  constraints: BoxConstraints(0.0<=w<=752.0, 0.0<=h<=Infinity)
  size: MISSING
  padding: EdgeInsets.all(1.0)
  textDirection: ltr
This RenderObject had the following descendants (showing up to depth 5):
    child: RenderStack#53f33 relayoutBoundary=up23 NEEDS-PAINT
      child 1: RenderDecoratedBox#12987 NEEDS-LAYOUT NEEDS-PAINT
        child: RenderPadding#bd09f NEEDS-LAYOUT NEEDS-PAINT
          child: RenderLimitedBox#37e96 NEEDS-LAYOUT NEEDS-PAINT
            child: RenderConstrainedBox#47b94 NEEDS-LAYOUT NEEDS-PAINT
      child 2: RenderConstrainedBox#e358e NEEDS-LAYOUT NEEDS-PAINT
        child: RenderCustomPaint#50ced NEEDS-LAYOUT NEEDS-PAINT
      child 3: RenderConstrainedBox#246ee NEEDS-LAYOUT NEEDS-PAINT
        child: RenderCustomPaint#3a0dc NEEDS-LAYOUT NEEDS-PAINT
      child 4: RenderConstrainedBox#9b710 NEEDS-LAYOUT NEEDS-PAINT
        child: RenderCustomPaint#7df47 NEEDS-LAYOUT NEEDS-PAINT
      child 5: RenderConstrainedBox#c7b6f NEEDS-LAYOUT NEEDS-PAINT
        child: RenderCustomPaint#d817b NEEDS-LAYOUT NEEDS-PAINT
      child 6: RenderPadding#d05ee relayoutBoundary=up24 NEEDS-PAINT
        child: _RenderLayoutBuilder#af538 relayoutBoundary=up25 NEEDS-PAINT
          child: RenderFlex#aa1cb relayoutBoundary=up26 NEEDS-PAINT
            child 1: RenderPositionedBox#5029c relayoutBoundary=up27 NEEDS-PAINT
            child 2: RenderConstrainedBox#a0fd6 relayoutBoundary=up27 NEEDS-PAINT
            child 3: RenderFlex#b3cf9 relayoutBoundary=up27 NEEDS-PAINT
            child 4: RenderConstrainedBox#5d447 relayoutBoundary=up27 NEEDS-PAINT
            child 5: RenderFlex#c9e0f relayoutBoundary=up27 NEEDS-PAINT
ΓòÉΓòÉΓòÉΓòÉΓòÉΓòÉΓòÉΓòÉΓòÉΓòÉΓòÉΓòÉΓòÉΓòÉΓòÉΓòÉΓòÉΓòÉΓòÉΓòÉΓòÉΓòÉΓòÉΓòÉΓòÉΓòÉΓòÉΓòÉΓòÉΓòÉΓòÉΓòÉΓòÉΓòÉΓòÉΓòÉΓòÉΓòÉΓòÉΓòÉΓòÉΓòÉΓòÉΓòÉΓòÉΓòÉΓòÉΓòÉΓòÉΓòÉΓòÉΓòÉΓòÉΓòÉΓòÉΓòÉΓòÉΓòÉΓòÉΓòÉΓòÉΓòÉΓòÉΓòÉΓòÉΓòÉΓòÉΓòÉΓòÉΓòÉΓòÉΓòÉΓòÉΓòÉΓòÉΓòÉΓòÉΓòÉΓòÉΓòÉΓòÉΓòÉΓòÉΓòÉΓòÉΓòÉΓòÉΓòÉΓòÉΓòÉΓòÉΓòÉΓòÉΓòÉΓòÉΓòÉΓòÉΓòÉΓòÉΓòÉ
ΓòÉΓòÉΓòí EXCEPTION CAUGHT BY RENDERING LIBRARY Γò₧ΓòÉΓòÉΓòÉΓòÉΓòÉΓòÉΓòÉΓòÉΓòÉΓòÉΓòÉΓòÉΓòÉΓòÉΓòÉΓòÉΓòÉΓòÉΓòÉΓòÉΓòÉΓòÉΓòÉΓòÉΓòÉΓòÉΓòÉΓòÉΓòÉΓòÉΓòÉΓòÉΓòÉΓòÉΓòÉΓòÉΓòÉΓòÉΓòÉΓòÉΓòÉΓòÉΓòÉΓòÉΓòÉΓòÉΓòÉΓòÉΓòÉΓòÉΓòÉΓòÉΓòÉΓòÉΓòÉΓòÉΓòÉ
The following assertion was thrown during performLayout():
RenderBox was not laid out: RenderPadding#8a8d9 relayoutBoundary=up22 NEEDS-PAINT
'package:flutter/src/rendering/box.dart':
Failed assertion: line 2251 pos 12: 'hasSize'

Either the assertion indicates an error in the framework itself, or we should provide substantially
more information in this error message to help you determine and fix the underlying cause.
In either case, please report this assertion by filing a bug on GitHub:
  https://github.com/flutter/flutter/issues/new?template=02_bug.yml

The relevant error-causing widget was:
  Container
  Container:file:///D:/Mystery/programming/projects/PYTHON_PROJECTS/focus/focus_gg/focus_flutter/lib/shared/widgets/cyber_card.dart:24:11

When the exception was thrown, this was the stack:
#2      RenderBox.size (package:flutter/src/rendering/box.dart:2251:12)
#3      RenderProxyBoxMixin.performLayout (package:flutter/src/rendering/proxy_box.dart:115:62)
#4      RenderObject.layout (package:flutter/src/rendering/object.dart:2775:7)
#5      ChildLayoutHelper.layoutChild (package:flutter/src/rendering/layout_helper.dart:62:11)
#6      RenderStack._computeSize (package:flutter/src/rendering/stack.dart:645:43)
#7      RenderStack.performLayout (package:flutter/src/rendering/stack.dart:680:12)
#8      RenderObject.layout (package:flutter/src/rendering/object.dart:2775:7)
#9      RenderProxyBoxMixin.performLayout (package:flutter/src/rendering/proxy_box.dart:115:18)
#10     RenderObject.layout (package:flutter/src/rendering/object.dart:2775:7)
#11     RenderProxyBoxMixin.performLayout (package:flutter/src/rendering/proxy_box.dart:115:18)
#12     RenderObject.layout (package:flutter/src/rendering/object.dart:2775:7)
#13     ChildLayoutHelper.layoutChild (package:flutter/src/rendering/layout_helper.dart:62:11)
#14     RenderStack._computeSize (package:flutter/src/rendering/stack.dart:645:43)
#15     RenderStack.performLayout (package:flutter/src/rendering/stack.dart:680:12)
#16     RenderObject.layout (package:flutter/src/rendering/object.dart:2775:7)
#17     RenderProxyBoxMixin.performLayout (package:flutter/src/rendering/proxy_box.dart:115:18)
#18     RenderObject.layout (package:flutter/src/rendering/object.dart:2775:7)
#19     RenderProxyBoxMixin.performLayout (package:flutter/src/rendering/proxy_box.dart:115:18)
#20     RenderObject.layout (package:flutter/src/rendering/object.dart:2775:7)
#21     ChildLayoutHelper.layoutChild (package:flutter/src/rendering/layout_helper.dart:62:11)
#22     RenderFlex._computeSizes (package:flutter/src/rendering/flex.dart:1161:28)
#23     RenderFlex.performLayout (package:flutter/src/rendering/flex.dart:1257:32)
#24     RenderObject.layout (package:flutter/src/rendering/object.dart:2775:7)
#25     RenderPadding.performLayout (package:flutter/src/rendering/shifted_box.dart:243:12)
#26     RenderObject.layout (package:flutter/src/rendering/object.dart:2775:7)
#27     RenderConstrainedBox.performLayout (package:flutter/src/rendering/proxy_box.dart:293:14)
#28     RenderObject.layout (package:flutter/src/rendering/object.dart:2775:7)
#29     RenderPositionedBox.performLayout (package:flutter/src/rendering/shifted_box.dart:465:14)
#30     RenderObject.layout (package:flutter/src/rendering/object.dart:2775:7)
#31     RenderPadding.performLayout (package:flutter/src/rendering/shifted_box.dart:243:12)
#32     RenderObject.layout (package:flutter/src/rendering/object.dart:2775:7)
#33     _RenderSingleChildViewport.performLayout (package:flutter/src/widgets/single_child_scroll_view.dart:502:14)
#34     RenderObject.layout (package:flutter/src/rendering/object.dart:2775:7)
#35     RenderProxyBoxMixin.performLayout (package:flutter/src/rendering/proxy_box.dart:115:18)
#36     RenderObject.layout (package:flutter/src/rendering/object.dart:2775:7)
#37     RenderProxyBoxMixin.performLayout (package:flutter/src/rendering/proxy_box.dart:115:18)
#38     RenderObject.layout (package:flutter/src/rendering/object.dart:2775:7)
#39     RenderProxyBoxMixin.performLayout (package:flutter/src/rendering/proxy_box.dart:115:18)
#40     RenderObject.layout (package:flutter/src/rendering/object.dart:2775:7)
#41     RenderProxyBoxMixin.performLayout (package:flutter/src/rendering/proxy_box.dart:115:18)
#42     RenderObject.layout (package:flutter/src/rendering/object.dart:2775:7)
#43     RenderProxyBoxMixin.performLayout (package:flutter/src/rendering/proxy_box.dart:115:18)
#44     RenderObject.layout (package:flutter/src/rendering/object.dart:2775:7)
#45     RenderProxyBoxMixin.performLayout (package:flutter/src/rendering/proxy_box.dart:115:18)
#46     RenderObject.layout (package:flutter/src/rendering/object.dart:2775:7)
#47     RenderProxyBoxMixin.performLayout (package:flutter/src/rendering/proxy_box.dart:115:18)
#48     RenderObject.layout (package:flutter/src/rendering/object.dart:2775:7)
#49     RenderProxyBoxMixin.performLayout (package:flutter/src/rendering/proxy_box.dart:115:18)
#50     _RenderCustomClip.performLayout (package:flutter/src/rendering/proxy_box.dart:1481:11)
#51     RenderObject.layout (package:flutter/src/rendering/object.dart:2775:7)
#52     MultiChildLayoutDelegate.layoutChild (package:flutter/src/rendering/custom_layout.dart:180:12)
#53     _ScaffoldLayout.performLayout (package:flutter/src/material/scaffold.dart:1112:7)
#54     MultiChildLayoutDelegate._callPerformLayout (package:flutter/src/rendering/custom_layout.dart:249:7)
#55     RenderCustomMultiChildLayoutBox.performLayout (package:flutter/src/rendering/custom_layout.dart:420:14)
#56     RenderObject._layoutWithoutResize (package:flutter/src/rendering/object.dart:2623:7)
#57     PipelineOwner.flushLayout (package:flutter/src/rendering/object.dart:1170:18)
#58     PipelineOwner.flushLayout (package:flutter/src/rendering/object.dart:1183:15)
#59     AutomatedTestWidgetsFlutterBinding.drawFrame (package:flutter_test/src/binding.dart:1508:27)
#60     RendererBinding._handlePersistentFrameCallback (package:flutter/src/rendering/binding.dart:495:5)
#61     SchedulerBinding._invokeFrameCallback (package:flutter/src/scheduler/binding.dart:1434:15)
#62     SchedulerBinding.handleDrawFrame (package:flutter/src/scheduler/binding.dart:1347:9)
#63     AutomatedTestWidgetsFlutterBinding.pump.<anonymous closure> (package:flutter_test/src/binding.dart:1335:9)
#66     TestAsyncUtils.guard (package:flutter_test/src/test_async_utils.dart:74:41)
#67     AutomatedTestWidgetsFlutterBinding.pump (package:flutter_test/src/binding.dart:1324:27)
#68     WidgetTester.pumpAndSettle.<anonymous closure> (package:flutter_test/src/widget_tester.dart:719:23)
<asynchronous suspension>
#69     TestAsyncUtils.guard.<anonymous closure> (package:flutter_test/src/test_async_utils.dart:130:27)
<asynchronous suspension>
#70     main.<anonymous closure> (file:///D:/Mystery/programming/projects/PYTHON_PROJECTS/focus/focus_gg/focus_flutter/test/widget_test.dart:20:5)
<asynchronous suspension>
#71     testWidgets.<anonymous closure>.<anonymous closure> (package:flutter_test/src/widget_tester.dart:192:15)
<asynchronous suspension>
#72     TestWidgetsFlutterBinding._runTestBody (package:flutter_test/src/binding.dart:1059:5)
<asynchronous suspension>
<asynchronous suspension>
(elided 5 frames from class _AssertionError, dart:async, and package:stack_trace)

The following RenderObject was being processed when the exception was fired: RenderDecoratedBox#db310 relayoutBoundary=up21 NEEDS-LAYOUT NEEDS-PAINT:
  creator: DecoratedBox ΓåÉ Container ΓåÉ Stack ΓåÉ Listener ΓåÉ _GestureSemantics ΓåÉ RawGestureDetector ΓåÉ
    GestureDetector ΓåÉ CyberCard ΓåÉ Stack ΓåÉ FadeTransition ΓåÉ FractionalTranslation ΓåÉ SlideTransition ΓåÉ Γï»
  parentData: not positioned; offset=Offset(0.0, 0.0) (can use size)
  constraints: BoxConstraints(0.0<=w<=752.0, 0.0<=h<=Infinity)
  size: MISSING
  decoration: BoxDecoration:
    color: Color(alpha: 0.8000, red: 0.0392, green: 0.0549, blue: 0.0784, colorSpace: ColorSpace.sRGB)
    border: Border.all(BorderSide(color: Color(alpha: 0.3020, red: 0.2980, green: 0.7882, blue: 1.0000,
      colorSpace: ColorSpace.sRGB)))
    borderRadius: BorderRadius.circular(8.0)
    boxShadow: BoxShadow(Color(alpha: 0.1490, red: 0.2980, green: 0.7882, blue: 1.0000, colorSpace:
      ColorSpace.sRGB), Offset(0.0, 0.0), 15.0, 0.0, BlurStyle.normal)
  configuration: ImageConfiguration(bundle: PlatformAssetBundle#5070a(), devicePixelRatio: 3.0,
    locale: en_US, textDirection: TextDirection.ltr, platform: android)
This RenderObject had the following descendants (showing up to depth 5):
    child: RenderPadding#8a8d9 relayoutBoundary=up22 NEEDS-PAINT
      child: RenderStack#53f33 relayoutBoundary=up23 NEEDS-PAINT
        child 1: RenderDecoratedBox#12987 NEEDS-LAYOUT NEEDS-PAINT
          child: RenderPadding#bd09f NEEDS-LAYOUT NEEDS-PAINT
            child: RenderLimitedBox#37e96 NEEDS-LAYOUT NEEDS-PAINT
        child 2: RenderConstrainedBox#e358e NEEDS-LAYOUT NEEDS-PAINT
          child: RenderCustomPaint#50ced NEEDS-LAYOUT NEEDS-PAINT
        child 3: RenderConstrainedBox#246ee NEEDS-LAYOUT NEEDS-PAINT
          child: RenderCustomPaint#3a0dc NEEDS-LAYOUT NEEDS-PAINT
        child 4: RenderConstrainedBox#9b710 NEEDS-LAYOUT NEEDS-PAINT
          child: RenderCustomPaint#7df47 NEEDS-LAYOUT NEEDS-PAINT
        child 5: RenderConstrainedBox#c7b6f NEEDS-LAYOUT NEEDS-PAINT
          child: RenderCustomPaint#d817b NEEDS-LAYOUT NEEDS-PAINT
        child 6: RenderPadding#d05ee relayoutBoundary=up24 NEEDS-PAINT
          child: _RenderLayoutBuilder#af538 relayoutBoundary=up25 NEEDS-PAINT
            child: RenderFlex#aa1cb relayoutBoundary=up26 NEEDS-PAINT
ΓòÉΓòÉΓòÉΓòÉΓòÉΓòÉΓòÉΓòÉΓòÉΓòÉΓòÉΓòÉΓòÉΓòÉΓòÉΓòÉΓòÉΓòÉΓòÉΓòÉΓòÉΓòÉΓòÉΓòÉΓòÉΓòÉΓòÉΓòÉΓòÉΓòÉΓòÉΓòÉΓòÉΓòÉΓòÉΓòÉΓòÉΓòÉΓòÉΓòÉΓòÉΓòÉΓòÉΓòÉΓòÉΓòÉΓòÉΓòÉΓòÉΓòÉΓòÉΓòÉΓòÉΓòÉΓòÉΓòÉΓòÉΓòÉΓòÉΓòÉΓòÉΓòÉΓòÉΓòÉΓòÉΓòÉΓòÉΓòÉΓòÉΓòÉΓòÉΓòÉΓòÉΓòÉΓòÉΓòÉΓòÉΓòÉΓòÉΓòÉΓòÉΓòÉΓòÉΓòÉΓòÉΓòÉΓòÉΓòÉΓòÉΓòÉΓòÉΓòÉΓòÉΓòÉΓòÉΓòÉΓòÉΓòÉΓòÉΓòÉ
ΓòÉΓòÉΓòí EXCEPTION CAUGHT BY RENDERING LIBRARY Γò₧ΓòÉΓòÉΓòÉΓòÉΓòÉΓòÉΓòÉΓòÉΓòÉΓòÉΓòÉΓòÉΓòÉΓòÉΓòÉΓòÉΓòÉΓòÉΓòÉΓòÉΓòÉΓòÉΓòÉΓòÉΓòÉΓòÉΓòÉΓòÉΓòÉΓòÉΓòÉΓòÉΓòÉΓòÉΓòÉΓòÉΓòÉΓòÉΓòÉΓòÉΓòÉΓòÉΓòÉΓòÉΓòÉΓòÉΓòÉΓòÉΓòÉΓòÉΓòÉΓòÉΓòÉΓòÉΓòÉΓòÉΓòÉ
The following assertion was thrown during performLayout():
RenderBox was not laid out: RenderDecoratedBox#db310 relayoutBoundary=up21 NEEDS-PAINT
'package:flutter/src/rendering/box.dart':
Failed assertion: line 2251 pos 12: 'hasSize'

Either the assertion indicates an error in the framework itself, or we should provide substantially
more information in this error message to help you determine and fix the underlying cause.
In either case, please report this assertion by filing a bug on GitHub:
  https://github.com/flutter/flutter/issues/new?template=02_bug.yml

The relevant error-causing widget was:
  Stack
  Stack:file:///D:/Mystery/programming/projects/PYTHON_PROJECTS/focus/focus_gg/focus_flutter/lib/shared/widgets/cyber_card.dart:21:14

When the exception was thrown, this was the stack:
#2      RenderBox.size (package:flutter/src/rendering/box.dart:2251:12)
#3      ChildLayoutHelper.layoutChild (package:flutter/src/rendering/layout_helper.dart:63:18)
#4      RenderStack._computeSize (package:flutter/src/rendering/stack.dart:645:43)
#5      RenderStack.performLayout (package:flutter/src/rendering/stack.dart:680:12)
#6      RenderObject.layout (package:flutter/src/rendering/object.dart:2775:7)
#7      RenderProxyBoxMixin.performLayout (package:flutter/src/rendering/proxy_box.dart:115:18)
#8      RenderObject.layout (package:flutter/src/rendering/object.dart:2775:7)
#9      RenderProxyBoxMixin.performLayout (package:flutter/src/rendering/proxy_box.dart:115:18)
#10     RenderObject.layout (package:flutter/src/rendering/object.dart:2775:7)
#11     ChildLayoutHelper.layoutChild (package:flutter/src/rendering/layout_helper.dart:62:11)
#12     RenderStack._computeSize (package:flutter/src/rendering/stack.dart:645:43)
#13     RenderStack.performLayout (package:flutter/src/rendering/stack.dart:680:12)
#14     RenderObject.layout (package:flutter/src/rendering/object.dart:2775:7)
#15     RenderProxyBoxMixin.performLayout (package:flutter/src/rendering/proxy_box.dart:115:18)
#16     RenderObject.layout (package:flutter/src/rendering/object.dart:2775:7)
#17     RenderProxyBoxMixin.performLayout (package:flutter/src/rendering/proxy_box.dart:115:18)
#18     RenderObject.layout (package:flutter/src/rendering/object.dart:2775:7)
#19     ChildLayoutHelper.layoutChild (package:flutter/src/rendering/layout_helper.dart:62:11)
#20     RenderFlex._computeSizes (package:flutter/src/rendering/flex.dart:1161:28)
#21     RenderFlex.performLayout (package:flutter/src/rendering/flex.dart:1257:32)
#22     RenderObject.layout (package:flutter/src/rendering/object.dart:2775:7)
#23     RenderPadding.performLayout (package:flutter/src/rendering/shifted_box.dart:243:12)
#24     RenderObject.layout (package:flutter/src/rendering/object.dart:2775:7)
#25     RenderConstrainedBox.performLayout (package:flutter/src/rendering/proxy_box.dart:293:14)
#26     RenderObject.layout (package:flutter/src/rendering/object.dart:2775:7)
#27     RenderPositionedBox.performLayout (package:flutter/src/rendering/shifted_box.dart:465:14)
#28     RenderObject.layout (package:flutter/src/rendering/object.dart:2775:7)
#29     RenderPadding.performLayout (package:flutter/src/rendering/shifted_box.dart:243:12)
#30     RenderObject.layout (package:flutter/src/rendering/object.dart:2775:7)
#31     _RenderSingleChildViewport.performLayout (package:flutter/src/widgets/single_child_scroll_view.dart:502:14)
#32     RenderObject.layout (package:flutter/src/rendering/object.dart:2775:7)
#33     RenderProxyBoxMixin.performLayout (package:flutter/src/rendering/proxy_box.dart:115:18)
#34     RenderObject.layout (package:flutter/src/rendering/object.dart:2775:7)
#35     RenderProxyBoxMixin.performLayout (package:flutter/src/rendering/proxy_box.dart:115:18)
#36     RenderObject.layout (package:flutter/src/rendering/object.dart:2775:7)
#37     RenderProxyBoxMixin.performLayout (package:flutter/src/rendering/proxy_box.dart:115:18)
#38     RenderObject.layout (package:flutter/src/rendering/object.dart:2775:7)
#39     RenderProxyBoxMixin.performLayout (package:flutter/src/rendering/proxy_box.dart:115:18)
#40     RenderObject.layout (package:flutter/src/rendering/object.dart:2775:7)
#41     RenderProxyBoxMixin.performLayout (package:flutter/src/rendering/proxy_box.dart:115:18)
#42     RenderObject.layout (package:flutter/src/rendering/object.dart:2775:7)
#43     RenderProxyBoxMixin.performLayout (package:flutter/src/rendering/proxy_box.dart:115:18)
#44     RenderObject.layout (package:flutter/src/rendering/object.dart:2775:7)
#45     RenderProxyBoxMixin.performLayout (package:flutter/src/rendering/proxy_box.dart:115:18)
#46     RenderObject.layout (package:flutter/src/rendering/object.dart:2775:7)
#47     RenderProxyBoxMixin.performLayout (package:flutter/src/rendering/proxy_box.dart:115:18)
#48     _RenderCustomClip.performLayout (package:flutter/src/rendering/proxy_box.dart:1481:11)
#49     RenderObject.layout (package:flutter/src/rendering/object.dart:2775:7)
#50     MultiChildLayoutDelegate.layoutChild (package:flutter/src/rendering/custom_layout.dart:180:12)
#51     _ScaffoldLayout.performLayout (package:flutter/src/material/scaffold.dart:1112:7)
#52     MultiChildLayoutDelegate._callPerformLayout (package:flutter/src/rendering/custom_layout.dart:249:7)
#53     RenderCustomMultiChildLayoutBox.performLayout (package:flutter/src/rendering/custom_layout.dart:420:14)
#54     RenderObject._layoutWithoutResize (package:flutter/src/rendering/object.dart:2623:7)
#55     PipelineOwner.flushLayout (package:flutter/src/rendering/object.dart:1170:18)
#56     PipelineOwner.flushLayout (package:flutter/src/rendering/object.dart:1183:15)
#57     AutomatedTestWidgetsFlutterBinding.drawFrame (package:flutter_test/src/binding.dart:1508:27)
#58     RendererBinding._handlePersistentFrameCallback (package:flutter/src/rendering/binding.dart:495:5)
#59     SchedulerBinding._invokeFrameCallback (package:flutter/src/scheduler/binding.dart:1434:15)
#60     SchedulerBinding.handleDrawFrame (package:flutter/src/scheduler/binding.dart:1347:9)
#61     AutomatedTestWidgetsFlutterBinding.pump.<anonymous closure> (package:flutter_test/src/binding.dart:1335:9)
#64     TestAsyncUtils.guard (package:flutter_test/src/test_async_utils.dart:74:41)
#65     AutomatedTestWidgetsFlutterBinding.pump (package:flutter_test/src/binding.dart:1324:27)
#66     WidgetTester.pumpAndSettle.<anonymous closure> (package:flutter_test/src/widget_tester.dart:719:23)
<asynchronous suspension>
#67     TestAsyncUtils.guard.<anonymous closure> (package:flutter_test/src/test_async_utils.dart:130:27)
<asynchronous suspension>
#68     main.<anonymous closure> (file:///D:/Mystery/programming/projects/PYTHON_PROJECTS/focus/focus_gg/focus_flutter/test/widget_test.dart:20:5)
<asynchronous suspension>
#69     testWidgets.<anonymous closure>.<anonymous closure> (package:flutter_test/src/widget_tester.dart:192:15)
<asynchronous suspension>
#70     TestWidgetsFlutterBinding._runTestBody (package:flutter_test/src/binding.dart:1059:5)
<asynchronous suspension>
<asynchronous suspension>
(elided 5 frames from class _AssertionError, dart:async, and package:stack_trace)

The following RenderObject was being processed when the exception was fired: RenderStack#9d9e2 relayoutBoundary=up20 NEEDS-LAYOUT NEEDS-PAINT:
  creator: Stack ΓåÉ Listener ΓåÉ _GestureSemantics ΓåÉ RawGestureDetector ΓåÉ GestureDetector ΓåÉ CyberCard ΓåÉ
    Stack ΓåÉ FadeTransition ΓåÉ FractionalTranslation ΓåÉ SlideTransition ΓåÉ Animate ΓåÉ Column ΓåÉ Γï»
  parentData: <none> (can use size)
  constraints: BoxConstraints(0.0<=w<=752.0, 0.0<=h<=Infinity)
  size: MISSING
  alignment: AlignmentDirectional.topStart
  textDirection: ltr
  fit: loose
This RenderObject had the following descendants (showing up to depth 5):
    child 1: RenderDecoratedBox#db310 relayoutBoundary=up21 NEEDS-PAINT
      child: RenderPadding#8a8d9 relayoutBoundary=up22 NEEDS-PAINT
        child: RenderStack#53f33 relayoutBoundary=up23 NEEDS-PAINT
          child 1: RenderDecoratedBox#12987 NEEDS-LAYOUT NEEDS-PAINT
            child: RenderPadding#bd09f NEEDS-LAYOUT NEEDS-PAINT
          child 2: RenderConstrainedBox#e358e NEEDS-LAYOUT NEEDS-PAINT
            child: RenderCustomPaint#50ced NEEDS-LAYOUT NEEDS-PAINT
          child 3: RenderConstrainedBox#246ee NEEDS-LAYOUT NEEDS-PAINT
            child: RenderCustomPaint#3a0dc NEEDS-LAYOUT NEEDS-PAINT
          child 4: RenderConstrainedBox#9b710 NEEDS-LAYOUT NEEDS-PAINT
            child: RenderCustomPaint#7df47 NEEDS-LAYOUT NEEDS-PAINT
          child 5: RenderConstrainedBox#c7b6f NEEDS-LAYOUT NEEDS-PAINT
            child: RenderCustomPaint#d817b NEEDS-LAYOUT NEEDS-PAINT
          child 6: RenderPadding#d05ee relayoutBoundary=up24 NEEDS-PAINT
            child: _RenderLayoutBuilder#af538 relayoutBoundary=up25 NEEDS-PAINT
ΓòÉΓòÉΓòÉΓòÉΓòÉΓòÉΓòÉΓòÉΓòÉΓòÉΓòÉΓòÉΓòÉΓòÉΓòÉΓòÉΓòÉΓòÉΓòÉΓòÉΓòÉΓòÉΓòÉΓòÉΓòÉΓòÉΓòÉΓòÉΓòÉΓòÉΓòÉΓòÉΓòÉΓòÉΓòÉΓòÉΓòÉΓòÉΓòÉΓòÉΓòÉΓòÉΓòÉΓòÉΓòÉΓòÉΓòÉΓòÉΓòÉΓòÉΓòÉΓòÉΓòÉΓòÉΓòÉΓòÉΓòÉΓòÉΓòÉΓòÉΓòÉΓòÉΓòÉΓòÉΓòÉΓòÉΓòÉΓòÉΓòÉΓòÉΓòÉΓòÉΓòÉΓòÉΓòÉΓòÉΓòÉΓòÉΓòÉΓòÉΓòÉΓòÉΓòÉΓòÉΓòÉΓòÉΓòÉΓòÉΓòÉΓòÉΓòÉΓòÉΓòÉΓòÉΓòÉΓòÉΓòÉΓòÉΓòÉΓòÉ
ΓòÉΓòÉΓòí EXCEPTION CAUGHT BY RENDERING LIBRARY Γò₧ΓòÉΓòÉΓòÉΓòÉΓòÉΓòÉΓòÉΓòÉΓòÉΓòÉΓòÉΓòÉΓòÉΓòÉΓòÉΓòÉΓòÉΓòÉΓòÉΓòÉΓòÉΓòÉΓòÉΓòÉΓòÉΓòÉΓòÉΓòÉΓòÉΓòÉΓòÉΓòÉΓòÉΓòÉΓòÉΓòÉΓòÉΓòÉΓòÉΓòÉΓòÉΓòÉΓòÉΓòÉΓòÉΓòÉΓòÉΓòÉΓòÉΓòÉΓòÉΓòÉΓòÉΓòÉΓòÉΓòÉΓòÉ
The following assertion was thrown during performLayout():
RenderBox was not laid out: RenderStack#9d9e2 relayoutBoundary=up20 NEEDS-PAINT
'package:flutter/src/rendering/box.dart':
Failed assertion: line 2251 pos 12: 'hasSize'

Either the assertion indicates an error in the framework itself, or we should provide substantially
more information in this error message to help you determine and fix the underlying cause.
In either case, please report this assertion by filing a bug on GitHub:
  https://github.com/flutter/flutter/issues/new?template=02_bug.yml

The relevant error-causing widget was:
  GestureDetector
  GestureDetector:file:///D:/Mystery/programming/projects/PYTHON_PROJECTS/focus/focus_gg/focus_flutter/lib/shared/widgets/cyber_card.dart:19:12

When the exception was thrown, this was the stack:
#2      RenderBox.size (package:flutter/src/rendering/box.dart:2251:12)
#3      RenderProxyBoxMixin.performLayout (package:flutter/src/rendering/proxy_box.dart:115:62)
#4      RenderObject.layout (package:flutter/src/rendering/object.dart:2775:7)
#5      RenderProxyBoxMixin.performLayout (package:flutter/src/rendering/proxy_box.dart:115:18)
#6      RenderObject.layout (package:flutter/src/rendering/object.dart:2775:7)
#7      ChildLayoutHelper.layoutChild (package:flutter/src/rendering/layout_helper.dart:62:11)
#8      RenderStack._computeSize (package:flutter/src/rendering/stack.dart:645:43)
#9      RenderStack.performLayout (package:flutter/src/rendering/stack.dart:680:12)
#10     RenderObject.layout (package:flutter/src/rendering/object.dart:2775:7)
#11     RenderProxyBoxMixin.performLayout (package:flutter/src/rendering/proxy_box.dart:115:18)
#12     RenderObject.layout (package:flutter/src/rendering/object.dart:2775:7)
#13     RenderProxyBoxMixin.performLayout (package:flutter/src/rendering/proxy_box.dart:115:18)
#14     RenderObject.layout (package:flutter/src/rendering/object.dart:2775:7)
#15     ChildLayoutHelper.layoutChild (package:flutter/src/rendering/layout_helper.dart:62:11)
#16     RenderFlex._computeSizes (package:flutter/src/rendering/flex.dart:1161:28)
#17     RenderFlex.performLayout (package:flutter/src/rendering/flex.dart:1257:32)
#18     RenderObject.layout (package:flutter/src/rendering/object.dart:2775:7)
#19     RenderPadding.performLayout (package:flutter/src/rendering/shifted_box.dart:243:12)
#20     RenderObject.layout (package:flutter/src/rendering/object.dart:2775:7)
#21     RenderConstrainedBox.performLayout (package:flutter/src/rendering/proxy_box.dart:293:14)
#22     RenderObject.layout (package:flutter/src/rendering/object.dart:2775:7)
#23     RenderPositionedBox.performLayout (package:flutter/src/rendering/shifted_box.dart:465:14)
#24     RenderObject.layout (package:flutter/src/rendering/object.dart:2775:7)
#25     RenderPadding.performLayout (package:flutter/src/rendering/shifted_box.dart:243:12)
#26     RenderObject.layout (package:flutter/src/rendering/object.dart:2775:7)
#27     _RenderSingleChildViewport.performLayout (package:flutter/src/widgets/single_child_scroll_view.dart:502:14)
#28     RenderObject.layout (package:flutter/src/rendering/object.dart:2775:7)
#29     RenderProxyBoxMixin.performLayout (package:flutter/src/rendering/proxy_box.dart:115:18)
#30     RenderObject.layout (package:flutter/src/rendering/object.dart:2775:7)
#31     RenderProxyBoxMixin.performLayout (package:flutter/src/rendering/proxy_box.dart:115:18)
#32     RenderObject.layout (package:flutter/src/rendering/object.dart:2775:7)
#33     RenderProxyBoxMixin.performLayout (package:flutter/src/rendering/proxy_box.dart:115:18)
#34     RenderObject.layout (package:flutter/src/rendering/object.dart:2775:7)
#35     RenderProxyBoxMixin.performLayout (package:flutter/src/rendering/proxy_box.dart:115:18)
#36     RenderObject.layout (package:flutter/src/rendering/object.dart:2775:7)
#37     RenderProxyBoxMixin.performLayout (package:flutter/src/rendering/proxy_box.dart:115:18)
#38     RenderObject.layout (package:flutter/src/rendering/object.dart:2775:7)
#39     RenderProxyBoxMixin.performLayout (package:flutter/src/rendering/proxy_box.dart:115:18)
#40     RenderObject.layout (package:flutter/src/rendering/object.dart:2775:7)
#41     RenderProxyBoxMixin.performLayout (package:flutter/src/rendering/proxy_box.dart:115:18)
#42     RenderObject.layout (package:flutter/src/rendering/object.dart:2775:7)
#43     RenderProxyBoxMixin.performLayout (package:flutter/src/rendering/proxy_box.dart:115:18)
#44     _RenderCustomClip.performLayout (package:flutter/src/rendering/proxy_box.dart:1481:11)
#45     RenderObject.layout (package:flutter/src/rendering/object.dart:2775:7)
#46     MultiChildLayoutDelegate.layoutChild (package:flutter/src/rendering/custom_layout.dart:180:12)
#47     _ScaffoldLayout.performLayout (package:flutter/src/material/scaffold.dart:1112:7)
#48     MultiChildLayoutDelegate._callPerformLayout (package:flutter/src/rendering/custom_layout.dart:249:7)
#49     RenderCustomMultiChildLayoutBox.performLayout (package:flutter/src/rendering/custom_layout.dart:420:14)
#50     RenderObject._layoutWithoutResize (package:flutter/src/rendering/object.dart:2623:7)
#51     PipelineOwner.flushLayout (package:flutter/src/rendering/object.dart:1170:18)
#52     PipelineOwner.flushLayout (package:flutter/src/rendering/object.dart:1183:15)
#53     AutomatedTestWidgetsFlutterBinding.drawFrame (package:flutter_test/src/binding.dart:1508:27)
#54     RendererBinding._handlePersistentFrameCallback (package:flutter/src/rendering/binding.dart:495:5)
#55     SchedulerBinding._invokeFrameCallback (package:flutter/src/scheduler/binding.dart:1434:15)
#56     SchedulerBinding.handleDrawFrame (package:flutter/src/scheduler/binding.dart:1347:9)
#57     AutomatedTestWidgetsFlutterBinding.pump.<anonymous closure> (package:flutter_test/src/binding.dart:1335:9)
#60     TestAsyncUtils.guard (package:flutter_test/src/test_async_utils.dart:74:41)
#61     AutomatedTestWidgetsFlutterBinding.pump (package:flutter_test/src/binding.dart:1324:27)
#62     WidgetTester.pumpAndSettle.<anonymous closure> (package:flutter_test/src/widget_tester.dart:719:23)
<asynchronous suspension>
#63     TestAsyncUtils.guard.<anonymous closure> (package:flutter_test/src/test_async_utils.dart:130:27)
<asynchronous suspension>
#64     main.<anonymous closure> (file:///D:/Mystery/programming/projects/PYTHON_PROJECTS/focus/focus_gg/focus_flutter/test/widget_test.dart:20:5)
<asynchronous suspension>
#65     testWidgets.<anonymous closure>.<anonymous closure> (package:flutter_test/src/widget_tester.dart:192:15)
<asynchronous suspension>
#66     TestWidgetsFlutterBinding._runTestBody (package:flutter_test/src/binding.dart:1059:5)
<asynchronous suspension>
<asynchronous suspension>
(elided 5 frames from class _AssertionError, dart:async, and package:stack_trace)

The following RenderObject was being processed when the exception was fired: RenderPointerListener#9059c relayoutBoundary=up19 NEEDS-LAYOUT NEEDS-PAINT:
  creator: Listener ΓåÉ _GestureSemantics ΓåÉ RawGestureDetector ΓåÉ GestureDetector ΓåÉ CyberCard ΓåÉ Stack ΓåÉ
    FadeTransition ΓåÉ FractionalTranslation ΓåÉ SlideTransition ΓåÉ Animate ΓåÉ Column ΓåÉ Padding ΓåÉ Γï»
  parentData: <none> (can use size)
  constraints: BoxConstraints(0.0<=w<=752.0, 0.0<=h<=Infinity)
  size: MISSING
  behavior: deferToChild
  listeners: down, panZoomStart
This RenderObject had the following descendants (showing up to depth 5):
    child: RenderStack#9d9e2 relayoutBoundary=up20 NEEDS-PAINT
      child 1: RenderDecoratedBox#db310 relayoutBoundary=up21 NEEDS-PAINT
        child: RenderPadding#8a8d9 relayoutBoundary=up22 NEEDS-PAINT
          child: RenderStack#53f33 relayoutBoundary=up23 NEEDS-PAINT
            child 1: RenderDecoratedBox#12987 NEEDS-LAYOUT NEEDS-PAINT
            child 2: RenderConstrainedBox#e358e NEEDS-LAYOUT NEEDS-PAINT
            child 3: RenderConstrainedBox#246ee NEEDS-LAYOUT NEEDS-PAINT
            child 4: RenderConstrainedBox#9b710 NEEDS-LAYOUT NEEDS-PAINT
            child 5: RenderConstrainedBox#c7b6f NEEDS-LAYOUT NEEDS-PAINT
            child 6: RenderPadding#d05ee relayoutBoundary=up24 NEEDS-PAINT
ΓòÉΓòÉΓòÉΓòÉΓòÉΓòÉΓòÉΓòÉΓòÉΓòÉΓòÉΓòÉΓòÉΓòÉΓòÉΓòÉΓòÉΓòÉΓòÉΓòÉΓòÉΓòÉΓòÉΓòÉΓòÉΓòÉΓòÉΓòÉΓòÉΓòÉΓòÉΓòÉΓòÉΓòÉΓòÉΓòÉΓòÉΓòÉΓòÉΓòÉΓòÉΓòÉΓòÉΓòÉΓòÉΓòÉΓòÉΓòÉΓòÉΓòÉΓòÉΓòÉΓòÉΓòÉΓòÉΓòÉΓòÉΓòÉΓòÉΓòÉΓòÉΓòÉΓòÉΓòÉΓòÉΓòÉΓòÉΓòÉΓòÉΓòÉΓòÉΓòÉΓòÉΓòÉΓòÉΓòÉΓòÉΓòÉΓòÉΓòÉΓòÉΓòÉΓòÉΓòÉΓòÉΓòÉΓòÉΓòÉΓòÉΓòÉΓòÉΓòÉΓòÉΓòÉΓòÉΓòÉΓòÉΓòÉΓòÉΓòÉ
ΓòÉΓòÉΓòí EXCEPTION CAUGHT BY RENDERING LIBRARY Γò₧ΓòÉΓòÉΓòÉΓòÉΓòÉΓòÉΓòÉΓòÉΓòÉΓòÉΓòÉΓòÉΓòÉΓòÉΓòÉΓòÉΓòÉΓòÉΓòÉΓòÉΓòÉΓòÉΓòÉΓòÉΓòÉΓòÉΓòÉΓòÉΓòÉΓòÉΓòÉΓòÉΓòÉΓòÉΓòÉΓòÉΓòÉΓòÉΓòÉΓòÉΓòÉΓòÉΓòÉΓòÉΓòÉΓòÉΓòÉΓòÉΓòÉΓòÉΓòÉΓòÉΓòÉΓòÉΓòÉΓòÉΓòÉ
The following assertion was thrown during performLayout():
RenderBox was not laid out: RenderPointerListener#9059c relayoutBoundary=up19 NEEDS-PAINT
'package:flutter/src/rendering/box.dart':
Failed assertion: line 2251 pos 12: 'hasSize'

Either the assertion indicates an error in the framework itself, or we should provide substantially
more information in this error message to help you determine and fix the underlying cause.
In either case, please report this assertion by filing a bug on GitHub:
  https://github.com/flutter/flutter/issues/new?template=02_bug.yml

The relevant error-causing widget was:
  GestureDetector
  GestureDetector:file:///D:/Mystery/programming/projects/PYTHON_PROJECTS/focus/focus_gg/focus_flutter/lib/shared/widgets/cyber_card.dart:19:12

When the exception was thrown, this was the stack:
#2      RenderBox.size (package:flutter/src/rendering/box.dart:2251:12)
#3      RenderProxyBoxMixin.performLayout (package:flutter/src/rendering/proxy_box.dart:115:62)
#4      RenderObject.layout (package:flutter/src/rendering/object.dart:2775:7)
#5      ChildLayoutHelper.layoutChild (package:flutter/src/rendering/layout_helper.dart:62:11)
#6      RenderStack._computeSize (package:flutter/src/rendering/stack.dart:645:43)
#7      RenderStack.performLayout (package:flutter/src/rendering/stack.dart:680:12)
#8      RenderObject.layout (package:flutter/src/rendering/object.dart:2775:7)
#9      RenderProxyBoxMixin.performLayout (package:flutter/src/rendering/proxy_box.dart:115:18)
#10     RenderObject.layout (package:flutter/src/rendering/object.dart:2775:7)
#11     RenderProxyBoxMixin.performLayout (package:flutter/src/rendering/proxy_box.dart:115:18)
#12     RenderObject.layout (package:flutter/src/rendering/object.dart:2775:7)
#13     ChildLayoutHelper.layoutChild (package:flutter/src/rendering/layout_helper.dart:62:11)
#14     RenderFlex._computeSizes (package:flutter/src/rendering/flex.dart:1161:28)
#15     RenderFlex.performLayout (package:flutter/src/rendering/flex.dart:1257:32)
#16     RenderObject.layout (package:flutter/src/rendering/object.dart:2775:7)
#17     RenderPadding.performLayout (package:flutter/src/rendering/shifted_box.dart:243:12)
#18     RenderObject.layout (package:flutter/src/rendering/object.dart:2775:7)
#19     RenderConstrainedBox.performLayout (package:flutter/src/rendering/proxy_box.dart:293:14)
#20     RenderObject.layout (package:flutter/src/rendering/object.dart:2775:7)
#21     RenderPositionedBox.performLayout (package:flutter/src/rendering/shifted_box.dart:465:14)
#22     RenderObject.layout (package:flutter/src/rendering/object.dart:2775:7)
#23     RenderPadding.performLayout (package:flutter/src/rendering/shifted_box.dart:243:12)
#24     RenderObject.layout (package:flutter/src/rendering/object.dart:2775:7)
#25     _RenderSingleChildViewport.performLayout (package:flutter/src/widgets/single_child_scroll_view.dart:502:14)
#26     RenderObject.layout (package:flutter/src/rendering/object.dart:2775:7)
#27     RenderProxyBoxMixin.performLayout (package:flutter/src/rendering/proxy_box.dart:115:18)
#28     RenderObject.layout (package:flutter/src/rendering/object.dart:2775:7)
#29     RenderProxyBoxMixin.performLayout (package:flutter/src/rendering/proxy_box.dart:115:18)
#30     RenderObject.layout (package:flutter/src/rendering/object.dart:2775:7)
#31     RenderProxyBoxMixin.performLayout (package:flutter/src/rendering/proxy_box.dart:115:18)
#32     RenderObject.layout (package:flutter/src/rendering/object.dart:2775:7)
#33     RenderProxyBoxMixin.performLayout (package:flutter/src/rendering/proxy_box.dart:115:18)
#34     RenderObject.layout (package:flutter/src/rendering/object.dart:2775:7)
#35     RenderProxyBoxMixin.performLayout (package:flutter/src/rendering/proxy_box.dart:115:18)
#36     RenderObject.layout (package:flutter/src/rendering/object.dart:2775:7)
#37     RenderProxyBoxMixin.performLayout (package:flutter/src/rendering/proxy_box.dart:115:18)
#38     RenderObject.layout (package:flutter/src/rendering/object.dart:2775:7)
#39     RenderProxyBoxMixin.performLayout (package:flutter/src/rendering/proxy_box.dart:115:18)
#40     RenderObject.layout (package:flutter/src/rendering/object.dart:2775:7)
#41     RenderProxyBoxMixin.performLayout (package:flutter/src/rendering/proxy_box.dart:115:18)
#42     _RenderCustomClip.performLayout (package:flutter/src/rendering/proxy_box.dart:1481:11)
#43     RenderObject.layout (package:flutter/src/rendering/object.dart:2775:7)
#44     MultiChildLayoutDelegate.layoutChild (package:flutter/src/rendering/custom_layout.dart:180:12)
#45     _ScaffoldLayout.performLayout (package:flutter/src/material/scaffold.dart:1112:7)
#46     MultiChildLayoutDelegate._callPerformLayout (package:flutter/src/rendering/custom_layout.dart:249:7)
#47     RenderCustomMultiChildLayoutBox.performLayout (package:flutter/src/rendering/custom_layout.dart:420:14)
#48     RenderObject._layoutWithoutResize (package:flutter/src/rendering/object.dart:2623:7)
#49     PipelineOwner.flushLayout (package:flutter/src/rendering/object.dart:1170:18)
#50     PipelineOwner.flushLayout (package:flutter/src/rendering/object.dart:1183:15)
#51     AutomatedTestWidgetsFlutterBinding.drawFrame (package:flutter_test/src/binding.dart:1508:27)
#52     RendererBinding._handlePersistentFrameCallback (package:flutter/src/rendering/binding.dart:495:5)
#53     SchedulerBinding._invokeFrameCallback (package:flutter/src/scheduler/binding.dart:1434:15)
#54     SchedulerBinding.handleDrawFrame (package:flutter/src/scheduler/binding.dart:1347:9)
#55     AutomatedTestWidgetsFlutterBinding.pump.<anonymous closure> (package:flutter_test/src/binding.dart:1335:9)
#58     TestAsyncUtils.guard (package:flutter_test/src/test_async_utils.dart:74:41)
#59     AutomatedTestWidgetsFlutterBinding.pump (package:flutter_test/src/binding.dart:1324:27)
#60     WidgetTester.pumpAndSettle.<anonymous closure> (package:flutter_test/src/widget_tester.dart:719:23)
<asynchronous suspension>
#61     TestAsyncUtils.guard.<anonymous closure> (package:flutter_test/src/test_async_utils.dart:130:27)
<asynchronous suspension>
#62     main.<anonymous closure> (file:///D:/Mystery/programming/projects/PYTHON_PROJECTS/focus/focus_gg/focus_flutter/test/widget_test.dart:20:5)
<asynchronous suspension>
#63     testWidgets.<anonymous closure>.<anonymous closure> (package:flutter_test/src/widget_tester.dart:192:15)
<asynchronous suspension>
#64     TestWidgetsFlutterBinding._runTestBody (package:flutter_test/src/binding.dart:1059:5)
<asynchronous suspension>
<asynchronous suspension>
(elided 5 frames from class _AssertionError, dart:async, and package:stack_trace)

The following RenderObject was being processed when the exception was fired: RenderSemanticsGestureHandler#fcad4 relayoutBoundary=up18 NEEDS-LAYOUT NEEDS-PAINT:
  creator: _GestureSemantics ΓåÉ RawGestureDetector ΓåÉ GestureDetector ΓåÉ CyberCard ΓåÉ Stack ΓåÉ
    FadeTransition ΓåÉ FractionalTranslation ΓåÉ SlideTransition ΓåÉ Animate ΓåÉ Column ΓåÉ Padding ΓåÉ
    ConstrainedBox ΓåÉ Γï»
  parentData: not positioned; offset=Offset(0.0, 0.0) (can use size)
  constraints: BoxConstraints(0.0<=w<=752.0, 0.0<=h<=Infinity)
  size: MISSING
  behavior: deferToChild
  gestures: <none>
This RenderObject had the following descendants (showing up to depth 5):
    child: RenderPointerListener#9059c relayoutBoundary=up19 NEEDS-PAINT
      child: RenderStack#9d9e2 relayoutBoundary=up20 NEEDS-PAINT
        child 1: RenderDecoratedBox#db310 relayoutBoundary=up21 NEEDS-PAINT
          child: RenderPadding#8a8d9 relayoutBoundary=up22 NEEDS-PAINT
            child: RenderStack#53f33 relayoutBoundary=up23 NEEDS-PAINT
ΓòÉΓòÉΓòÉΓòÉΓòÉΓòÉΓòÉΓòÉΓòÉΓòÉΓòÉΓòÉΓòÉΓòÉΓòÉΓòÉΓòÉΓòÉΓòÉΓòÉΓòÉΓòÉΓòÉΓòÉΓòÉΓòÉΓòÉΓòÉΓòÉΓòÉΓòÉΓòÉΓòÉΓòÉΓòÉΓòÉΓòÉΓòÉΓòÉΓòÉΓòÉΓòÉΓòÉΓòÉΓòÉΓòÉΓòÉΓòÉΓòÉΓòÉΓòÉΓòÉΓòÉΓòÉΓòÉΓòÉΓòÉΓòÉΓòÉΓòÉΓòÉΓòÉΓòÉΓòÉΓòÉΓòÉΓòÉΓòÉΓòÉΓòÉΓòÉΓòÉΓòÉΓòÉΓòÉΓòÉΓòÉΓòÉΓòÉΓòÉΓòÉΓòÉΓòÉΓòÉΓòÉΓòÉΓòÉΓòÉΓòÉΓòÉΓòÉΓòÉΓòÉΓòÉΓòÉΓòÉΓòÉΓòÉΓòÉΓòÉ
ΓòÉΓòÉΓòí EXCEPTION CAUGHT BY RENDERING LIBRARY Γò₧ΓòÉΓòÉΓòÉΓòÉΓòÉΓòÉΓòÉΓòÉΓòÉΓòÉΓòÉΓòÉΓòÉΓòÉΓòÉΓòÉΓòÉΓòÉΓòÉΓòÉΓòÉΓòÉΓòÉΓòÉΓòÉΓòÉΓòÉΓòÉΓòÉΓòÉΓòÉΓòÉΓòÉΓòÉΓòÉΓòÉΓòÉΓòÉΓòÉΓòÉΓòÉΓòÉΓòÉΓòÉΓòÉΓòÉΓòÉΓòÉΓòÉΓòÉΓòÉΓòÉΓòÉΓòÉΓòÉΓòÉΓòÉ
The following assertion was thrown during performLayout():
RenderBox was not laid out: RenderSemanticsGestureHandler#fcad4 relayoutBoundary=up18 NEEDS-PAINT
'package:flutter/src/rendering/box.dart':
Failed assertion: line 2251 pos 12: 'hasSize'

Either the assertion indicates an error in the framework itself, or we should provide substantially
more information in this error message to help you determine and fix the underlying cause.
In either case, please report this assertion by filing a bug on GitHub:
  https://github.com/flutter/flutter/issues/new?template=02_bug.yml

The relevant error-causing widget was:
  Stack
  Stack:file:///D:/Mystery/programming/projects/PYTHON_PROJECTS/focus/focus_gg/focus_flutter/lib/features/dashboard/dashboard_screen.dart:177:12

When the exception was thrown, this was the stack:
#2      RenderBox.size (package:flutter/src/rendering/box.dart:2251:12)
#3      ChildLayoutHelper.layoutChild (package:flutter/src/rendering/layout_helper.dart:63:18)
#4      RenderStack._computeSize (package:flutter/src/rendering/stack.dart:645:43)
#5      RenderStack.performLayout (package:flutter/src/rendering/stack.dart:680:12)
#6      RenderObject.layout (package:flutter/src/rendering/object.dart:2775:7)
#7      RenderProxyBoxMixin.performLayout (package:flutter/src/rendering/proxy_box.dart:115:18)
#8      RenderObject.layout (package:flutter/src/rendering/object.dart:2775:7)
#9      RenderProxyBoxMixin.performLayout (package:flutter/src/rendering/proxy_box.dart:115:18)
#10     RenderObject.layout (package:flutter/src/rendering/object.dart:2775:7)
#11     ChildLayoutHelper.layoutChild (package:flutter/src/rendering/layout_helper.dart:62:11)
#12     RenderFlex._computeSizes (package:flutter/src/rendering/flex.dart:1161:28)
#13     RenderFlex.performLayout (package:flutter/src/rendering/flex.dart:1257:32)
#14     RenderObject.layout (package:flutter/src/rendering/object.dart:2775:7)
#15     RenderPadding.performLayout (package:flutter/src/rendering/shifted_box.dart:243:12)
#16     RenderObject.layout (package:flutter/src/rendering/object.dart:2775:7)
#17     RenderConstrainedBox.performLayout (package:flutter/src/rendering/proxy_box.dart:293:14)
#18     RenderObject.layout (package:flutter/src/rendering/object.dart:2775:7)
#19     RenderPositionedBox.performLayout (package:flutter/src/rendering/shifted_box.dart:465:14)
#20     RenderObject.layout (package:flutter/src/rendering/object.dart:2775:7)
#21     RenderPadding.performLayout (package:flutter/src/rendering/shifted_box.dart:243:12)
#22     RenderObject.layout (package:flutter/src/rendering/object.dart:2775:7)
#23     _RenderSingleChildViewport.performLayout (package:flutter/src/widgets/single_child_scroll_view.dart:502:14)
#24     RenderObject.layout (package:flutter/src/rendering/object.dart:2775:7)
#25     RenderProxyBoxMixin.performLayout (package:flutter/src/rendering/proxy_box.dart:115:18)
#26     RenderObject.layout (package:flutter/src/rendering/object.dart:2775:7)
#27     RenderProxyBoxMixin.performLayout (package:flutter/src/rendering/proxy_box.dart:115:18)
#28     RenderObject.layout (package:flutter/src/rendering/object.dart:2775:7)
#29     RenderProxyBoxMixin.performLayout (package:flutter/src/rendering/proxy_box.dart:115:18)
#30     RenderObject.layout (package:flutter/src/rendering/object.dart:2775:7)
#31     RenderProxyBoxMixin.performLayout (package:flutter/src/rendering/proxy_box.dart:115:18)
#32     RenderObject.layout (package:flutter/src/rendering/object.dart:2775:7)
#33     RenderProxyBoxMixin.performLayout (package:flutter/src/rendering/proxy_box.dart:115:18)
#34     RenderObject.layout (package:flutter/src/rendering/object.dart:2775:7)
#35     RenderProxyBoxMixin.performLayout (package:flutter/src/rendering/proxy_box.dart:115:18)
#36     RenderObject.layout (package:flutter/src/rendering/object.dart:2775:7)
#37     RenderProxyBoxMixin.performLayout (package:flutter/src/rendering/proxy_box.dart:115:18)
#38     RenderObject.layout (package:flutter/src/rendering/object.dart:2775:7)
#39     RenderProxyBoxMixin.performLayout (package:flutter/src/rendering/proxy_box.dart:115:18)
#40     _RenderCustomClip.performLayout (package:flutter/src/rendering/proxy_box.dart:1481:11)
#41     RenderObject.layout (package:flutter/src/rendering/object.dart:2775:7)
#42     MultiChildLayoutDelegate.layoutChild (package:flutter/src/rendering/custom_layout.dart:180:12)
#43     _ScaffoldLayout.performLayout (package:flutter/src/material/scaffold.dart:1112:7)
#44     MultiChildLayoutDelegate._callPerformLayout (package:flutter/src/rendering/custom_layout.dart:249:7)
#45     RenderCustomMultiChildLayoutBox.performLayout (package:flutter/src/rendering/custom_layout.dart:420:14)
#46     RenderObject._layoutWithoutResize (package:flutter/src/rendering/object.dart:2623:7)
#47     PipelineOwner.flushLayout (package:flutter/src/rendering/object.dart:1170:18)
#48     PipelineOwner.flushLayout (package:flutter/src/rendering/object.dart:1183:15)
#49     AutomatedTestWidgetsFlutterBinding.drawFrame (package:flutter_test/src/binding.dart:1508:27)
#50     RendererBinding._handlePersistentFrameCallback (package:flutter/src/rendering/binding.dart:495:5)
#51     SchedulerBinding._invokeFrameCallback (package:flutter/src/scheduler/binding.dart:1434:15)
#52     SchedulerBinding.handleDrawFrame (package:flutter/src/scheduler/binding.dart:1347:9)
#53     AutomatedTestWidgetsFlutterBinding.pump.<anonymous closure> (package:flutter_test/src/binding.dart:1335:9)
#56     TestAsyncUtils.guard (package:flutter_test/src/test_async_utils.dart:74:41)
#57     AutomatedTestWidgetsFlutterBinding.pump (package:flutter_test/src/binding.dart:1324:27)
#58     WidgetTester.pumpAndSettle.<anonymous closure> (package:flutter_test/src/widget_tester.dart:719:23)
<asynchronous suspension>
#59     TestAsyncUtils.guard.<anonymous closure> (package:flutter_test/src/test_async_utils.dart:130:27)
<asynchronous suspension>
#60     main.<anonymous closure> (file:///D:/Mystery/programming/projects/PYTHON_PROJECTS/focus/focus_gg/focus_flutter/test/widget_test.dart:20:5)
<asynchronous suspension>
#61     testWidgets.<anonymous closure>.<anonymous closure> (package:flutter_test/src/widget_tester.dart:192:15)
<asynchronous suspension>
#62     TestWidgetsFlutterBinding._runTestBody (package:flutter_test/src/binding.dart:1059:5)
<asynchronous suspension>
<asynchronous suspension>
(elided 5 frames from class _AssertionError, dart:async, and package:stack_trace)

The following RenderObject was being processed when the exception was fired: RenderStack#942f2 relayoutBoundary=up17 NEEDS-LAYOUT NEEDS-PAINT:
  creator: Stack ΓåÉ FadeTransition ΓåÉ FractionalTranslation ΓåÉ SlideTransition ΓåÉ Animate ΓåÉ Column ΓåÉ
    Padding ΓåÉ ConstrainedBox ΓåÉ Align ΓåÉ PageContainer ΓåÉ Padding ΓåÉ _SingleChildViewport ΓåÉ Γï»
  parentData: <none> (can use size)
  constraints: BoxConstraints(w=752.0, 0.0<=h<=Infinity)
  size: MISSING
  alignment: AlignmentDirectional.topStart
  textDirection: ltr
  fit: loose
This RenderObject had the following descendants (showing up to depth 5):
    child 1: RenderDecoratedBox#2388f NEEDS-LAYOUT NEEDS-PAINT
      child: RenderPadding#b6df0 NEEDS-LAYOUT NEEDS-PAINT
        child: RenderLimitedBox#53077 NEEDS-LAYOUT NEEDS-PAINT
          child: RenderConstrainedBox#10065 NEEDS-LAYOUT NEEDS-PAINT
    child 2: RenderSemanticsGestureHandler#fcad4 relayoutBoundary=up18 NEEDS-PAINT
      child: RenderPointerListener#9059c relayoutBoundary=up19 NEEDS-PAINT
        child: RenderStack#9d9e2 relayoutBoundary=up20 NEEDS-PAINT
          child 1: RenderDecoratedBox#db310 relayoutBoundary=up21 NEEDS-PAINT
            child: RenderPadding#8a8d9 relayoutBoundary=up22 NEEDS-PAINT
ΓòÉΓòÉΓòÉΓòÉΓòÉΓòÉΓòÉΓòÉΓòÉΓòÉΓòÉΓòÉΓòÉΓòÉΓòÉΓòÉΓòÉΓòÉΓòÉΓòÉΓòÉΓòÉΓòÉΓòÉΓòÉΓòÉΓòÉΓòÉΓòÉΓòÉΓòÉΓòÉΓòÉΓòÉΓòÉΓòÉΓòÉΓòÉΓòÉΓòÉΓòÉΓòÉΓòÉΓòÉΓòÉΓòÉΓòÉΓòÉΓòÉΓòÉΓòÉΓòÉΓòÉΓòÉΓòÉΓòÉΓòÉΓòÉΓòÉΓòÉΓòÉΓòÉΓòÉΓòÉΓòÉΓòÉΓòÉΓòÉΓòÉΓòÉΓòÉΓòÉΓòÉΓòÉΓòÉΓòÉΓòÉΓòÉΓòÉΓòÉΓòÉΓòÉΓòÉΓòÉΓòÉΓòÉΓòÉΓòÉΓòÉΓòÉΓòÉΓòÉΓòÉΓòÉΓòÉΓòÉΓòÉΓòÉΓòÉΓòÉ
ΓòÉΓòÉΓòí EXCEPTION CAUGHT BY RENDERING LIBRARY Γò₧ΓòÉΓòÉΓòÉΓòÉΓòÉΓòÉΓòÉΓòÉΓòÉΓòÉΓòÉΓòÉΓòÉΓòÉΓòÉΓòÉΓòÉΓòÉΓòÉΓòÉΓòÉΓòÉΓòÉΓòÉΓòÉΓòÉΓòÉΓòÉΓòÉΓòÉΓòÉΓòÉΓòÉΓòÉΓòÉΓòÉΓòÉΓòÉΓòÉΓòÉΓòÉΓòÉΓòÉΓòÉΓòÉΓòÉΓòÉΓòÉΓòÉΓòÉΓòÉΓòÉΓòÉΓòÉΓòÉΓòÉΓòÉ
The following assertion was thrown during performLayout():
RenderBox was not laid out: RenderStack#942f2 relayoutBoundary=up17 NEEDS-PAINT
'package:flutter/src/rendering/box.dart':
Failed assertion: line 2251 pos 12: 'hasSize'

Either the assertion indicates an error in the framework itself, or we should provide substantially
more information in this error message to help you determine and fix the underlying cause.
In either case, please report this assertion by filing a bug on GitHub:
  https://github.com/flutter/flutter/issues/new?template=02_bug.yml

The relevant error-causing widget was:
  FadeTransition
  FadeTransition:file:///C:/Users/LENOVO/AppData/Local/Pub/Cache/hosted/pub.dev/flutter_animate-4.5.2/lib/src/effects/fade_effect.dart:31:12

When the exception was thrown, this was the stack:
#2      RenderBox.size (package:flutter/src/rendering/box.dart:2251:12)
#3      RenderProxyBoxMixin.performLayout (package:flutter/src/rendering/proxy_box.dart:115:62)
#4      RenderObject.layout (package:flutter/src/rendering/object.dart:2775:7)
#5      RenderProxyBoxMixin.performLayout (package:flutter/src/rendering/proxy_box.dart:115:18)
#6      RenderObject.layout (package:flutter/src/rendering/object.dart:2775:7)
#7      ChildLayoutHelper.layoutChild (package:flutter/src/rendering/layout_helper.dart:62:11)
#8      RenderFlex._computeSizes (package:flutter/src/rendering/flex.dart:1161:28)
#9      RenderFlex.performLayout (package:flutter/src/rendering/flex.dart:1257:32)
#10     RenderObject.layout (package:flutter/src/rendering/object.dart:2775:7)
#11     RenderPadding.performLayout (package:flutter/src/rendering/shifted_box.dart:243:12)
#12     RenderObject.layout (package:flutter/src/rendering/object.dart:2775:7)
#13     RenderConstrainedBox.performLayout (package:flutter/src/rendering/proxy_box.dart:293:14)
#14     RenderObject.layout (package:flutter/src/rendering/object.dart:2775:7)
#15     RenderPositionedBox.performLayout (package:flutter/src/rendering/shifted_box.dart:465:14)
#16     RenderObject.layout (package:flutter/src/rendering/object.dart:2775:7)
#17     RenderPadding.performLayout (package:flutter/src/rendering/shifted_box.dart:243:12)
#18     RenderObject.layout (package:flutter/src/rendering/object.dart:2775:7)
#19     _RenderSingleChildViewport.performLayout (package:flutter/src/widgets/single_child_scroll_view.dart:502:14)
#20     RenderObject.layout (package:flutter/src/rendering/object.dart:2775:7)
#21     RenderProxyBoxMixin.performLayout (package:flutter/src/rendering/proxy_box.dart:115:18)
#22     RenderObject.layout (package:flutter/src/rendering/object.dart:2775:7)
#23     RenderProxyBoxMixin.performLayout (package:flutter/src/rendering/proxy_box.dart:115:18)
#24     RenderObject.layout (package:flutter/src/rendering/object.dart:2775:7)
#25     RenderProxyBoxMixin.performLayout (package:flutter/src/rendering/proxy_box.dart:115:18)
#26     RenderObject.layout (package:flutter/src/rendering/object.dart:2775:7)
#27     RenderProxyBoxMixin.performLayout (package:flutter/src/rendering/proxy_box.dart:115:18)
#28     RenderObject.layout (package:flutter/src/rendering/object.dart:2775:7)
#29     RenderProxyBoxMixin.performLayout (package:flutter/src/rendering/proxy_box.dart:115:18)
#30     RenderObject.layout (package:flutter/src/rendering/object.dart:2775:7)
#31     RenderProxyBoxMixin.performLayout (package:flutter/src/rendering/proxy_box.dart:115:18)
#32     RenderObject.layout (package:flutter/src/rendering/object.dart:2775:7)
#33     RenderProxyBoxMixin.performLayout (package:flutter/src/rendering/proxy_box.dart:115:18)
#34     RenderObject.layout (package:flutter/src/rendering/object.dart:2775:7)
#35     RenderProxyBoxMixin.performLayout (package:flutter/src/rendering/proxy_box.dart:115:18)
#36     _RenderCustomClip.performLayout (package:flutter/src/rendering/proxy_box.dart:1481:11)
#37     RenderObject.layout (package:flutter/src/rendering/object.dart:2775:7)
#38     MultiChildLayoutDelegate.layoutChild (package:flutter/src/rendering/custom_layout.dart:180:12)
#39     _ScaffoldLayout.performLayout (package:flutter/src/material/scaffold.dart:1112:7)
#40     MultiChildLayoutDelegate._callPerformLayout (package:flutter/src/rendering/custom_layout.dart:249:7)
#41     RenderCustomMultiChildLayoutBox.performLayout (package:flutter/src/rendering/custom_layout.dart:420:14)
#42     RenderObject._layoutWithoutResize (package:flutter/src/rendering/object.dart:2623:7)
#43     PipelineOwner.flushLayout (package:flutter/src/rendering/object.dart:1170:18)
#44     PipelineOwner.flushLayout (package:flutter/src/rendering/object.dart:1183:15)
#45     AutomatedTestWidgetsFlutterBinding.drawFrame (package:flutter_test/src/binding.dart:1508:27)
#46     RendererBinding._handlePersistentFrameCallback (package:flutter/src/rendering/binding.dart:495:5)
#47     SchedulerBinding._invokeFrameCallback (package:flutter/src/scheduler/binding.dart:1434:15)
#48     SchedulerBinding.handleDrawFrame (package:flutter/src/scheduler/binding.dart:1347:9)
#49     AutomatedTestWidgetsFlutterBinding.pump.<anonymous closure> (package:flutter_test/src/binding.dart:1335:9)
#52     TestAsyncUtils.guard (package:flutter_test/src/test_async_utils.dart:74:41)
#53     AutomatedTestWidgetsFlutterBinding.pump (package:flutter_test/src/binding.dart:1324:27)
#54     WidgetTester.pumpAndSettle.<anonymous closure> (package:flutter_test/src/widget_tester.dart:719:23)
<asynchronous suspension>
#55     TestAsyncUtils.guard.<anonymous closure> (package:flutter_test/src/test_async_utils.dart:130:27)
<asynchronous suspension>
#56     main.<anonymous closure> (file:///D:/Mystery/programming/projects/PYTHON_PROJECTS/focus/focus_gg/focus_flutter/test/widget_test.dart:20:5)
<asynchronous suspension>
#57     testWidgets.<anonymous closure>.<anonymous closure> (package:flutter_test/src/widget_tester.dart:192:15)
<asynchronous suspension>
#58     TestWidgetsFlutterBinding._runTestBody (package:flutter_test/src/binding.dart:1059:5)
<asynchronous suspension>
<asynchronous suspension>
(elided 5 frames from class _AssertionError, dart:async, and package:stack_trace)

The following RenderObject was being processed when the exception was fired: RenderAnimatedOpacity#376cd relayoutBoundary=up16 NEEDS-LAYOUT NEEDS-PAINT:
  needs compositing
  creator: FadeTransition ΓåÉ FractionalTranslation ΓåÉ SlideTransition ΓåÉ Animate ΓåÉ Column ΓåÉ Padding ΓåÉ
    ConstrainedBox ΓåÉ Align ΓåÉ PageContainer ΓåÉ Padding ΓåÉ _SingleChildViewport ΓåÉ
    IgnorePointer-[GlobalKey#2ac55] ΓåÉ Γï»
  parentData: <none> (can use size)
  constraints: BoxConstraints(w=752.0, 0.0<=h<=Infinity)
  size: MISSING
  opacity: AnimationController#7383f(Γû╢ 0.500)Γ₧⌐Interval(0.0Γï»1.0)Γ₧⌐Cubic(0.00, 0.00, 0.58,
    1.00)Γ₧⌐Tween<double>(0.0 ΓåÆ 1.0)Γ₧⌐0.68359375
This RenderObject had the following descendants (showing up to depth 5):
    child: RenderStack#942f2 relayoutBoundary=up17 NEEDS-PAINT
      child 1: RenderDecoratedBox#2388f NEEDS-LAYOUT NEEDS-PAINT
        child: RenderPadding#b6df0 NEEDS-LAYOUT NEEDS-PAINT
          child: RenderLimitedBox#53077 NEEDS-LAYOUT NEEDS-PAINT
            child: RenderConstrainedBox#10065 NEEDS-LAYOUT NEEDS-PAINT
      child 2: RenderSemanticsGestureHandler#fcad4 relayoutBoundary=up18 NEEDS-PAINT
        child: RenderPointerListener#9059c relayoutBoundary=up19 NEEDS-PAINT
          child: RenderStack#9d9e2 relayoutBoundary=up20 NEEDS-PAINT
            child 1: RenderDecoratedBox#db310 relayoutBoundary=up21 NEEDS-PAINT
ΓòÉΓòÉΓòÉΓòÉΓòÉΓòÉΓòÉΓòÉΓòÉΓòÉΓòÉΓòÉΓòÉΓòÉΓòÉΓòÉΓòÉΓòÉΓòÉΓòÉΓòÉΓòÉΓòÉΓòÉΓòÉΓòÉΓòÉΓòÉΓòÉΓòÉΓòÉΓòÉΓòÉΓòÉΓòÉΓòÉΓòÉΓòÉΓòÉΓòÉΓòÉΓòÉΓòÉΓòÉΓòÉΓòÉΓòÉΓòÉΓòÉΓòÉΓòÉΓòÉΓòÉΓòÉΓòÉΓòÉΓòÉΓòÉΓòÉΓòÉΓòÉΓòÉΓòÉΓòÉΓòÉΓòÉΓòÉΓòÉΓòÉΓòÉΓòÉΓòÉΓòÉΓòÉΓòÉΓòÉΓòÉΓòÉΓòÉΓòÉΓòÉΓòÉΓòÉΓòÉΓòÉΓòÉΓòÉΓòÉΓòÉΓòÉΓòÉΓòÉΓòÉΓòÉΓòÉΓòÉΓòÉΓòÉΓòÉΓòÉ
ΓòÉΓòÉΓòí EXCEPTION CAUGHT BY RENDERING LIBRARY Γò₧ΓòÉΓòÉΓòÉΓòÉΓòÉΓòÉΓòÉΓòÉΓòÉΓòÉΓòÉΓòÉΓòÉΓòÉΓòÉΓòÉΓòÉΓòÉΓòÉΓòÉΓòÉΓòÉΓòÉΓòÉΓòÉΓòÉΓòÉΓòÉΓòÉΓòÉΓòÉΓòÉΓòÉΓòÉΓòÉΓòÉΓòÉΓòÉΓòÉΓòÉΓòÉΓòÉΓòÉΓòÉΓòÉΓòÉΓòÉΓòÉΓòÉΓòÉΓòÉΓòÉΓòÉΓòÉΓòÉΓòÉΓòÉ
The following assertion was thrown during performLayout():
RenderBox was not laid out: RenderAnimatedOpacity#376cd relayoutBoundary=up16 NEEDS-PAINT
'package:flutter/src/rendering/box.dart':
Failed assertion: line 2251 pos 12: 'hasSize'

Either the assertion indicates an error in the framework itself, or we should provide substantially
more information in this error message to help you determine and fix the underlying cause.
In either case, please report this assertion by filing a bug on GitHub:
  https://github.com/flutter/flutter/issues/new?template=02_bug.yml

The relevant error-causing widget was:
  SlideTransition
  SlideTransition:file:///C:/Users/LENOVO/AppData/Local/Pub/Cache/hosted/pub.dev/flutter_animate-4.5.2/lib/src/effects/slide_effect.dart:37:12

When the exception was thrown, this was the stack:
#2      RenderBox.size (package:flutter/src/rendering/box.dart:2251:12)
#3      RenderProxyBoxMixin.performLayout (package:flutter/src/rendering/proxy_box.dart:115:62)
#4      RenderObject.layout (package:flutter/src/rendering/object.dart:2775:7)
#5      ChildLayoutHelper.layoutChild (package:flutter/src/rendering/layout_helper.dart:62:11)
#6      RenderFlex._computeSizes (package:flutter/src/rendering/flex.dart:1161:28)
#7      RenderFlex.performLayout (package:flutter/src/rendering/flex.dart:1257:32)
#8      RenderObject.layout (package:flutter/src/rendering/object.dart:2775:7)
#9      RenderPadding.performLayout (package:flutter/src/rendering/shifted_box.dart:243:12)
#10     RenderObject.layout (package:flutter/src/rendering/object.dart:2775:7)
#11     RenderConstrainedBox.performLayout (package:flutter/src/rendering/proxy_box.dart:293:14)
#12     RenderObject.layout (package:flutter/src/rendering/object.dart:2775:7)
#13     RenderPositionedBox.performLayout (package:flutter/src/rendering/shifted_box.dart:465:14)
#14     RenderObject.layout (package:flutter/src/rendering/object.dart:2775:7)
#15     RenderPadding.performLayout (package:flutter/src/rendering/shifted_box.dart:243:12)
#16     RenderObject.layout (package:flutter/src/rendering/object.dart:2775:7)
#17     _RenderSingleChildViewport.performLayout (package:flutter/src/widgets/single_child_scroll_view.dart:502:14)
#18     RenderObject.layout (package:flutter/src/rendering/object.dart:2775:7)
#19     RenderProxyBoxMixin.performLayout (package:flutter/src/rendering/proxy_box.dart:115:18)
#20     RenderObject.layout (package:flutter/src/rendering/object.dart:2775:7)
#21     RenderProxyBoxMixin.performLayout (package:flutter/src/rendering/proxy_box.dart:115:18)
#22     RenderObject.layout (package:flutter/src/rendering/object.dart:2775:7)
#23     RenderProxyBoxMixin.performLayout (package:flutter/src/rendering/proxy_box.dart:115:18)
#24     RenderObject.layout (package:flutter/src/rendering/object.dart:2775:7)
#25     RenderProxyBoxMixin.performLayout (package:flutter/src/rendering/proxy_box.dart:115:18)
#26     RenderObject.layout (package:flutter/src/rendering/object.dart:2775:7)
#27     RenderProxyBoxMixin.performLayout (package:flutter/src/rendering/proxy_box.dart:115:18)
#28     RenderObject.layout (package:flutter/src/rendering/object.dart:2775:7)
#29     RenderProxyBoxMixin.performLayout (package:flutter/src/rendering/proxy_box.dart:115:18)
#30     RenderObject.layout (package:flutter/src/rendering/object.dart:2775:7)
#31     RenderProxyBoxMixin.performLayout (package:flutter/src/rendering/proxy_box.dart:115:18)
#32     RenderObject.layout (package:flutter/src/rendering/object.dart:2775:7)
#33     RenderProxyBoxMixin.performLayout (package:flutter/src/rendering/proxy_box.dart:115:18)
#34     _RenderCustomClip.performLayout (package:flutter/src/rendering/proxy_box.dart:1481:11)
#35     RenderObject.layout (package:flutter/src/rendering/object.dart:2775:7)
#36     MultiChildLayoutDelegate.layoutChild (package:flutter/src/rendering/custom_layout.dart:180:12)
#37     _ScaffoldLayout.performLayout (package:flutter/src/material/scaffold.dart:1112:7)
#38     MultiChildLayoutDelegate._callPerformLayout (package:flutter/src/rendering/custom_layout.dart:249:7)
#39     RenderCustomMultiChildLayoutBox.performLayout (package:flutter/src/rendering/custom_layout.dart:420:14)
#40     RenderObject._layoutWithoutResize (package:flutter/src/rendering/object.dart:2623:7)
#41     PipelineOwner.flushLayout (package:flutter/src/rendering/object.dart:1170:18)
#42     PipelineOwner.flushLayout (package:flutter/src/rendering/object.dart:1183:15)
#43     AutomatedTestWidgetsFlutterBinding.drawFrame (package:flutter_test/src/binding.dart:1508:27)
#44     RendererBinding._handlePersistentFrameCallback (package:flutter/src/rendering/binding.dart:495:5)
#45     SchedulerBinding._invokeFrameCallback (package:flutter/src/scheduler/binding.dart:1434:15)
#46     SchedulerBinding.handleDrawFrame (package:flutter/src/scheduler/binding.dart:1347:9)
#47     AutomatedTestWidgetsFlutterBinding.pump.<anonymous closure> (package:flutter_test/src/binding.dart:1335:9)
#50     TestAsyncUtils.guard (package:flutter_test/src/test_async_utils.dart:74:41)
#51     AutomatedTestWidgetsFlutterBinding.pump (package:flutter_test/src/binding.dart:1324:27)
#52     WidgetTester.pumpAndSettle.<anonymous closure> (package:flutter_test/src/widget_tester.dart:719:23)
<asynchronous suspension>
#53     TestAsyncUtils.guard.<anonymous closure> (package:flutter_test/src/test_async_utils.dart:130:27)
<asynchronous suspension>
#54     main.<anonymous closure> (file:///D:/Mystery/programming/projects/PYTHON_PROJECTS/focus/focus_gg/focus_flutter/test/widget_test.dart:20:5)
<asynchronous suspension>
#55     testWidgets.<anonymous closure>.<anonymous closure> (package:flutter_test/src/widget_tester.dart:192:15)
<asynchronous suspension>
#56     TestWidgetsFlutterBinding._runTestBody (package:flutter_test/src/binding.dart:1059:5)
<asynchronous suspension>
<asynchronous suspension>
(elided 5 frames from class _AssertionError, dart:async, and package:stack_trace)

The following RenderObject was being processed when the exception was fired: RenderFractionalTranslation#3e3c5 relayoutBoundary=up15 NEEDS-LAYOUT NEEDS-PAINT:
  needs compositing
  creator: FractionalTranslation ΓåÉ SlideTransition ΓåÉ Animate ΓåÉ Column ΓåÉ Padding ΓåÉ ConstrainedBox ΓåÉ
    Align ΓåÉ PageContainer ΓåÉ Padding ΓåÉ _SingleChildViewport ΓåÉ IgnorePointer-[GlobalKey#2ac55] ΓåÉ
    Semantics ΓåÉ Γï»
  parentData: offset=Offset(0.0, 0.0); flex=null; fit=null (can use size)
  constraints: BoxConstraints(w=752.0, 0.0<=h<=Infinity)
  size: MISSING
  translation: Offset(0.0, 0.0)
  transformHitTests: true
This RenderObject had the following descendants (showing up to depth 5):
    child: RenderAnimatedOpacity#376cd relayoutBoundary=up16 NEEDS-PAINT
      child: RenderStack#942f2 relayoutBoundary=up17 NEEDS-PAINT
        child 1: RenderDecoratedBox#2388f NEEDS-LAYOUT NEEDS-PAINT
          child: RenderPadding#b6df0 NEEDS-LAYOUT NEEDS-PAINT
            child: RenderLimitedBox#53077 NEEDS-LAYOUT NEEDS-PAINT
        child 2: RenderSemanticsGestureHandler#fcad4 relayoutBoundary=up18 NEEDS-PAINT
          child: RenderPointerListener#9059c relayoutBoundary=up19 NEEDS-PAINT
            child: RenderStack#9d9e2 relayoutBoundary=up20 NEEDS-PAINT
ΓòÉΓòÉΓòÉΓòÉΓòÉΓòÉΓòÉΓòÉΓòÉΓòÉΓòÉΓòÉΓòÉΓòÉΓòÉΓòÉΓòÉΓòÉΓòÉΓòÉΓòÉΓòÉΓòÉΓòÉΓòÉΓòÉΓòÉΓòÉΓòÉΓòÉΓòÉΓòÉΓòÉΓòÉΓòÉΓòÉΓòÉΓòÉΓòÉΓòÉΓòÉΓòÉΓòÉΓòÉΓòÉΓòÉΓòÉΓòÉΓòÉΓòÉΓòÉΓòÉΓòÉΓòÉΓòÉΓòÉΓòÉΓòÉΓòÉΓòÉΓòÉΓòÉΓòÉΓòÉΓòÉΓòÉΓòÉΓòÉΓòÉΓòÉΓòÉΓòÉΓòÉΓòÉΓòÉΓòÉΓòÉΓòÉΓòÉΓòÉΓòÉΓòÉΓòÉΓòÉΓòÉΓòÉΓòÉΓòÉΓòÉΓòÉΓòÉΓòÉΓòÉΓòÉΓòÉΓòÉΓòÉΓòÉΓòÉΓòÉ
ΓòÉΓòÉΓòí EXCEPTION CAUGHT BY RENDERING LIBRARY Γò₧ΓòÉΓòÉΓòÉΓòÉΓòÉΓòÉΓòÉΓòÉΓòÉΓòÉΓòÉΓòÉΓòÉΓòÉΓòÉΓòÉΓòÉΓòÉΓòÉΓòÉΓòÉΓòÉΓòÉΓòÉΓòÉΓòÉΓòÉΓòÉΓòÉΓòÉΓòÉΓòÉΓòÉΓòÉΓòÉΓòÉΓòÉΓòÉΓòÉΓòÉΓòÉΓòÉΓòÉΓòÉΓòÉΓòÉΓòÉΓòÉΓòÉΓòÉΓòÉΓòÉΓòÉΓòÉΓòÉΓòÉΓòÉ
The following assertion was thrown during performLayout():
RenderBox was not laid out: RenderFractionalTranslation#3e3c5 relayoutBoundary=up15 NEEDS-PAINT
'package:flutter/src/rendering/box.dart':
Failed assertion: line 2251 pos 12: 'hasSize'

Either the assertion indicates an error in the framework itself, or we should provide substantially
more information in this error message to help you determine and fix the underlying cause.
In either case, please report this assertion by filing a bug on GitHub:
  https://github.com/flutter/flutter/issues/new?template=02_bug.yml

The relevant error-causing widget was:
  Column
  Column:file:///D:/Mystery/programming/projects/PYTHON_PROJECTS/focus/focus_gg/focus_flutter/lib/features/dashboard/dashboard_screen.dart:135:18

When the exception was thrown, this was the stack:
#2      RenderBox.size (package:flutter/src/rendering/box.dart:2251:12)
#3      ChildLayoutHelper.layoutChild (package:flutter/src/rendering/layout_helper.dart:63:18)
#4      RenderFlex._computeSizes (package:flutter/src/rendering/flex.dart:1161:28)
#5      RenderFlex.performLayout (package:flutter/src/rendering/flex.dart:1257:32)
#6      RenderObject.layout (package:flutter/src/rendering/object.dart:2775:7)
#7      RenderPadding.performLayout (package:flutter/src/rendering/shifted_box.dart:243:12)
#8      RenderObject.layout (package:flutter/src/rendering/object.dart:2775:7)
#9      RenderConstrainedBox.performLayout (package:flutter/src/rendering/proxy_box.dart:293:14)
#10     RenderObject.layout (package:flutter/src/rendering/object.dart:2775:7)
#11     RenderPositionedBox.performLayout (package:flutter/src/rendering/shifted_box.dart:465:14)
#12     RenderObject.layout (package:flutter/src/rendering/object.dart:2775:7)
#13     RenderPadding.performLayout (package:flutter/src/rendering/shifted_box.dart:243:12)
#14     RenderObject.layout (package:flutter/src/rendering/object.dart:2775:7)
#15     _RenderSingleChildViewport.performLayout (package:flutter/src/widgets/single_child_scroll_view.dart:502:14)
#16     RenderObject.layout (package:flutter/src/rendering/object.dart:2775:7)
#17     RenderProxyBoxMixin.performLayout (package:flutter/src/rendering/proxy_box.dart:115:18)
#18     RenderObject.layout (package:flutter/src/rendering/object.dart:2775:7)
#19     RenderProxyBoxMixin.performLayout (package:flutter/src/rendering/proxy_box.dart:115:18)
#20     RenderObject.layout (package:flutter/src/rendering/object.dart:2775:7)
#21     RenderProxyBoxMixin.performLayout (package:flutter/src/rendering/proxy_box.dart:115:18)
#22     RenderObject.layout (package:flutter/src/rendering/object.dart:2775:7)
#23     RenderProxyBoxMixin.performLayout (package:flutter/src/rendering/proxy_box.dart:115:18)
#24     RenderObject.layout (package:flutter/src/rendering/object.dart:2775:7)
#25     RenderProxyBoxMixin.performLayout (package:flutter/src/rendering/proxy_box.dart:115:18)
#26     RenderObject.layout (package:flutter/src/rendering/object.dart:2775:7)
#27     RenderProxyBoxMixin.performLayout (package:flutter/src/rendering/proxy_box.dart:115:18)
#28     RenderObject.layout (package:flutter/src/rendering/object.dart:2775:7)
#29     RenderProxyBoxMixin.performLayout (package:flutter/src/rendering/proxy_box.dart:115:18)
#30     RenderObject.layout (package:flutter/src/rendering/object.dart:2775:7)
#31     RenderProxyBoxMixin.performLayout (package:flutter/src/rendering/proxy_box.dart:115:18)
#32     _RenderCustomClip.performLayout (package:flutter/src/rendering/proxy_box.dart:1481:11)
#33     RenderObject.layout (package:flutter/src/rendering/object.dart:2775:7)
#34     MultiChildLayoutDelegate.layoutChild (package:flutter/src/rendering/custom_layout.dart:180:12)
#35     _ScaffoldLayout.performLayout (package:flutter/src/material/scaffold.dart:1112:7)
#36     MultiChildLayoutDelegate._callPerformLayout (package:flutter/src/rendering/custom_layout.dart:249:7)
#37     RenderCustomMultiChildLayoutBox.performLayout (package:flutter/src/rendering/custom_layout.dart:420:14)
#38     RenderObject._layoutWithoutResize (package:flutter/src/rendering/object.dart:2623:7)
#39     PipelineOwner.flushLayout (package:flutter/src/rendering/object.dart:1170:18)
#40     PipelineOwner.flushLayout (package:flutter/src/rendering/object.dart:1183:15)
#41     AutomatedTestWidgetsFlutterBinding.drawFrame (package:flutter_test/src/binding.dart:1508:27)
#42     RendererBinding._handlePersistentFrameCallback (package:flutter/src/rendering/binding.dart:495:5)
#43     SchedulerBinding._invokeFrameCallback (package:flutter/src/scheduler/binding.dart:1434:15)
#44     SchedulerBinding.handleDrawFrame (package:flutter/src/scheduler/binding.dart:1347:9)
#45     AutomatedTestWidgetsFlutterBinding.pump.<anonymous closure> (package:flutter_test/src/binding.dart:1335:9)
#48     TestAsyncUtils.guard (package:flutter_test/src/test_async_utils.dart:74:41)
#49     AutomatedTestWidgetsFlutterBinding.pump (package:flutter_test/src/binding.dart:1324:27)
#50     WidgetTester.pumpAndSettle.<anonymous closure> (package:flutter_test/src/widget_tester.dart:719:23)
<asynchronous suspension>
#51     TestAsyncUtils.guard.<anonymous closure> (package:flutter_test/src/test_async_utils.dart:130:27)
<asynchronous suspension>
#52     main.<anonymous closure> (file:///D:/Mystery/programming/projects/PYTHON_PROJECTS/focus/focus_gg/focus_flutter/test/widget_test.dart:20:5)
<asynchronous suspension>
#53     testWidgets.<anonymous closure>.<anonymous closure> (package:flutter_test/src/widget_tester.dart:192:15)
<asynchronous suspension>
#54     TestWidgetsFlutterBinding._runTestBody (package:flutter_test/src/binding.dart:1059:5)
<asynchronous suspension>
<asynchronous suspension>
(elided 5 frames from class _AssertionError, dart:async, and package:stack_trace)

The following RenderObject was being processed when the exception was fired: RenderFlex#141d3 relayoutBoundary=up14 NEEDS-LAYOUT NEEDS-PAINT:
  needs compositing
  creator: Column ΓåÉ Padding ΓåÉ ConstrainedBox ΓåÉ Align ΓåÉ PageContainer ΓåÉ Padding ΓåÉ _SingleChildViewport
    ΓåÉ IgnorePointer-[GlobalKey#2ac55] ΓåÉ Semantics ΓåÉ Listener ΓåÉ _GestureSemantics ΓåÉ
    RawGestureDetector-[LabeledGlobalKey<RawGestureDetectorState>#b16d0] ΓåÉ Γï»
  parentData: offset=Offset(24.0, 16.0) (can use size)
  constraints: BoxConstraints(0.0<=w<=752.0, 0.0<=h<=Infinity)
  size: MISSING
  direction: vertical
  mainAxisAlignment: start
  mainAxisSize: max
  crossAxisAlignment: stretch
  verticalDirection: down
  spacing: 0.0
This RenderObject had the following descendants (showing up to depth 5):
    child 1: RenderFractionalTranslation#3e3c5 relayoutBoundary=up15 NEEDS-PAINT
      child: RenderAnimatedOpacity#376cd relayoutBoundary=up16 NEEDS-PAINT
        child: RenderStack#942f2 relayoutBoundary=up17 NEEDS-PAINT
          child 1: RenderDecoratedBox#2388f NEEDS-LAYOUT NEEDS-PAINT
            child: RenderPadding#b6df0 NEEDS-LAYOUT NEEDS-PAINT
          child 2: RenderSemanticsGestureHandler#fcad4 relayoutBoundary=up18 NEEDS-PAINT
            child: RenderPointerListener#9059c relayoutBoundary=up19 NEEDS-PAINT
    child 2: RenderConstrainedBox#86da0 NEEDS-LAYOUT NEEDS-PAINT
    child 3: RenderAnimatedOpacity#c08d6 NEEDS-LAYOUT NEEDS-PAINT
      child: RenderSemanticsGestureHandler#ce73c NEEDS-LAYOUT NEEDS-PAINT
        child: RenderPointerListener#91e90 NEEDS-LAYOUT NEEDS-PAINT
          child: RenderStack#80f29 NEEDS-LAYOUT NEEDS-PAINT
            child 1: RenderDecoratedBox#6c0c1 NEEDS-LAYOUT NEEDS-PAINT
    child 4: RenderConstrainedBox#a5c3d NEEDS-LAYOUT NEEDS-PAINT
    child 5: RenderFractionalTranslation#28703 NEEDS-LAYOUT NEEDS-PAINT
      child: RenderAnimatedOpacity#051b4 NEEDS-LAYOUT NEEDS-PAINT
        child: RenderSemanticsGestureHandler#4fefe NEEDS-LAYOUT NEEDS-PAINT
          child: RenderPointerListener#d70a8 NEEDS-LAYOUT NEEDS-PAINT
            child: RenderStack#3b30d NEEDS-LAYOUT NEEDS-PAINT
    child 6: RenderConstrainedBox#0380c NEEDS-LAYOUT NEEDS-PAINT
    child 7: RenderAnimatedOpacity#0f73f NEEDS-LAYOUT NEEDS-PAINT
      child: RenderFlex#70c3c NEEDS-LAYOUT NEEDS-PAINT
        child 1: RenderParagraph#70a78 NEEDS-LAYOUT NEEDS-PAINT
          text: TextSpan
        child 2: RenderSemanticsAnnotations#ad4cd NEEDS-LAYOUT NEEDS-PAINT
          child: _RenderInputPadding#b1a97 NEEDS-LAYOUT NEEDS-PAINT
            child: RenderConstrainedBox#d70ad NEEDS-LAYOUT NEEDS-PAINT
ΓòÉΓòÉΓòÉΓòÉΓòÉΓòÉΓòÉΓòÉΓòÉΓòÉΓòÉΓòÉΓòÉΓòÉΓòÉΓòÉΓòÉΓòÉΓòÉΓòÉΓòÉΓòÉΓòÉΓòÉΓòÉΓòÉΓòÉΓòÉΓòÉΓòÉΓòÉΓòÉΓòÉΓòÉΓòÉΓòÉΓòÉΓòÉΓòÉΓòÉΓòÉΓòÉΓòÉΓòÉΓòÉΓòÉΓòÉΓòÉΓòÉΓòÉΓòÉΓòÉΓòÉΓòÉΓòÉΓòÉΓòÉΓòÉΓòÉΓòÉΓòÉΓòÉΓòÉΓòÉΓòÉΓòÉΓòÉΓòÉΓòÉΓòÉΓòÉΓòÉΓòÉΓòÉΓòÉΓòÉΓòÉΓòÉΓòÉΓòÉΓòÉΓòÉΓòÉΓòÉΓòÉΓòÉΓòÉΓòÉΓòÉΓòÉΓòÉΓòÉΓòÉΓòÉΓòÉΓòÉΓòÉΓòÉΓòÉΓòÉ
ΓòÉΓòÉΓòí EXCEPTION CAUGHT BY RENDERING LIBRARY Γò₧ΓòÉΓòÉΓòÉΓòÉΓòÉΓòÉΓòÉΓòÉΓòÉΓòÉΓòÉΓòÉΓòÉΓòÉΓòÉΓòÉΓòÉΓòÉΓòÉΓòÉΓòÉΓòÉΓòÉΓòÉΓòÉΓòÉΓòÉΓòÉΓòÉΓòÉΓòÉΓòÉΓòÉΓòÉΓòÉΓòÉΓòÉΓòÉΓòÉΓòÉΓòÉΓòÉΓòÉΓòÉΓòÉΓòÉΓòÉΓòÉΓòÉΓòÉΓòÉΓòÉΓòÉΓòÉΓòÉΓòÉΓòÉ
The following assertion was thrown during performLayout():
RenderBox was not laid out: RenderFlex#141d3 relayoutBoundary=up14 NEEDS-PAINT
'package:flutter/src/rendering/box.dart':
Failed assertion: line 2251 pos 12: 'hasSize'

Either the assertion indicates an error in the framework itself, or we should provide substantially
more information in this error message to help you determine and fix the underlying cause.
In either case, please report this assertion by filing a bug on GitHub:
  https://github.com/flutter/flutter/issues/new?template=02_bug.yml

The relevant error-causing widget was:
  Padding
  Padding:file:///D:/Mystery/programming/projects/PYTHON_PROJECTS/focus/focus_gg/focus_flutter/lib/shared/widgets/page_container.dart:25:16

When the exception was thrown, this was the stack:
#2      RenderBox.size (package:flutter/src/rendering/box.dart:2251:12)
#3      RenderPadding.performLayout (package:flutter/src/rendering/shifted_box.dart:247:40)
#4      RenderObject.layout (package:flutter/src/rendering/object.dart:2775:7)
#5      RenderConstrainedBox.performLayout (package:flutter/src/rendering/proxy_box.dart:293:14)
#6      RenderObject.layout (package:flutter/src/rendering/object.dart:2775:7)
#7      RenderPositionedBox.performLayout (package:flutter/src/rendering/shifted_box.dart:465:14)
#8      RenderObject.layout (package:flutter/src/rendering/object.dart:2775:7)
#9      RenderPadding.performLayout (package:flutter/src/rendering/shifted_box.dart:243:12)
#10     RenderObject.layout (package:flutter/src/rendering/object.dart:2775:7)
#11     _RenderSingleChildViewport.performLayout (package:flutter/src/widgets/single_child_scroll_view.dart:502:14)
#12     RenderObject.layout (package:flutter/src/rendering/object.dart:2775:7)
#13     RenderProxyBoxMixin.performLayout (package:flutter/src/rendering/proxy_box.dart:115:18)
#14     RenderObject.layout (package:flutter/src/rendering/object.dart:2775:7)
#15     RenderProxyBoxMixin.performLayout (package:flutter/src/rendering/proxy_box.dart:115:18)
#16     RenderObject.layout (package:flutter/src/rendering/object.dart:2775:7)
#17     RenderProxyBoxMixin.performLayout (package:flutter/src/rendering/proxy_box.dart:115:18)
#18     RenderObject.layout (package:flutter/src/rendering/object.dart:2775:7)
#19     RenderProxyBoxMixin.performLayout (package:flutter/src/rendering/proxy_box.dart:115:18)
#20     RenderObject.layout (package:flutter/src/rendering/object.dart:2775:7)
#21     RenderProxyBoxMixin.performLayout (package:flutter/src/rendering/proxy_box.dart:115:18)
#22     RenderObject.layout (package:flutter/src/rendering/object.dart:2775:7)
#23     RenderProxyBoxMixin.performLayout (package:flutter/src/rendering/proxy_box.dart:115:18)
#24     RenderObject.layout (package:flutter/src/rendering/object.dart:2775:7)
#25     RenderProxyBoxMixin.performLayout (package:flutter/src/rendering/proxy_box.dart:115:18)
#26     RenderObject.layout (package:flutter/src/rendering/object.dart:2775:7)
#27     RenderProxyBoxMixin.performLayout (package:flutter/src/rendering/proxy_box.dart:115:18)
#28     _RenderCustomClip.performLayout (package:flutter/src/rendering/proxy_box.dart:1481:11)
#29     RenderObject.layout (package:flutter/src/rendering/object.dart:2775:7)
#30     MultiChildLayoutDelegate.layoutChild (package:flutter/src/rendering/custom_layout.dart:180:12)
#31     _ScaffoldLayout.performLayout (package:flutter/src/material/scaffold.dart:1112:7)
#32     MultiChildLayoutDelegate._callPerformLayout (package:flutter/src/rendering/custom_layout.dart:249:7)
#33     RenderCustomMultiChildLayoutBox.performLayout (package:flutter/src/rendering/custom_layout.dart:420:14)
#34     RenderObject._layoutWithoutResize (package:flutter/src/rendering/object.dart:2623:7)
#35     PipelineOwner.flushLayout (package:flutter/src/rendering/object.dart:1170:18)
#36     PipelineOwner.flushLayout (package:flutter/src/rendering/object.dart:1183:15)
#37     AutomatedTestWidgetsFlutterBinding.drawFrame (package:flutter_test/src/binding.dart:1508:27)
#38     RendererBinding._handlePersistentFrameCallback (package:flutter/src/rendering/binding.dart:495:5)
#39     SchedulerBinding._invokeFrameCallback (package:flutter/src/scheduler/binding.dart:1434:15)
#40     SchedulerBinding.handleDrawFrame (package:flutter/src/scheduler/binding.dart:1347:9)
#41     AutomatedTestWidgetsFlutterBinding.pump.<anonymous closure> (package:flutter_test/src/binding.dart:1335:9)
#44     TestAsyncUtils.guard (package:flutter_test/src/test_async_utils.dart:74:41)
#45     AutomatedTestWidgetsFlutterBinding.pump (package:flutter_test/src/binding.dart:1324:27)
#46     WidgetTester.pumpAndSettle.<anonymous closure> (package:flutter_test/src/widget_tester.dart:719:23)
<asynchronous suspension>
#47     TestAsyncUtils.guard.<anonymous closure> (package:flutter_test/src/test_async_utils.dart:130:27)
<asynchronous suspension>
#48     main.<anonymous closure> (file:///D:/Mystery/programming/projects/PYTHON_PROJECTS/focus/focus_gg/focus_flutter/test/widget_test.dart:20:5)
<asynchronous suspension>
#49     testWidgets.<anonymous closure>.<anonymous closure> (package:flutter_test/src/widget_tester.dart:192:15)
<asynchronous suspension>
#50     TestWidgetsFlutterBinding._runTestBody (package:flutter_test/src/binding.dart:1059:5)
<asynchronous suspension>
<asynchronous suspension>
(elided 5 frames from class _AssertionError, dart:async, and package:stack_trace)

The following RenderObject was being processed when the exception was fired: RenderPadding#91361 relayoutBoundary=up13 NEEDS-LAYOUT NEEDS-PAINT:
  needs compositing
  creator: Padding ΓåÉ ConstrainedBox ΓåÉ Align ΓåÉ PageContainer ΓåÉ Padding ΓåÉ _SingleChildViewport ΓåÉ
    IgnorePointer-[GlobalKey#2ac55] ΓåÉ Semantics ΓåÉ Listener ΓåÉ _GestureSemantics ΓåÉ
    RawGestureDetector-[LabeledGlobalKey<RawGestureDetectorState>#b16d0] ΓåÉ Listener ΓåÉ Γï»
  parentData: <none> (can use size)
  constraints: BoxConstraints(0.0<=w<=800.0, 0.0<=h<=Infinity)
  size: MISSING
  padding: EdgeInsets(24.0, 16.0, 24.0, 16.0)
  textDirection: ltr
This RenderObject had the following descendants (showing up to depth 5):
    child: RenderFlex#141d3 relayoutBoundary=up14 NEEDS-PAINT
      child 1: RenderFractionalTranslation#3e3c5 relayoutBoundary=up15 NEEDS-PAINT
        child: RenderAnimatedOpacity#376cd relayoutBoundary=up16 NEEDS-PAINT
          child: RenderStack#942f2 relayoutBoundary=up17 NEEDS-PAINT
            child 1: RenderDecoratedBox#2388f NEEDS-LAYOUT NEEDS-PAINT
            child 2: RenderSemanticsGestureHandler#fcad4 relayoutBoundary=up18 NEEDS-PAINT
      child 2: RenderConstrainedBox#86da0 NEEDS-LAYOUT NEEDS-PAINT
      child 3: RenderAnimatedOpacity#c08d6 NEEDS-LAYOUT NEEDS-PAINT
        child: RenderSemanticsGestureHandler#ce73c NEEDS-LAYOUT NEEDS-PAINT
          child: RenderPointerListener#91e90 NEEDS-LAYOUT NEEDS-PAINT
            child: RenderStack#80f29 NEEDS-LAYOUT NEEDS-PAINT
      child 4: RenderConstrainedBox#a5c3d NEEDS-LAYOUT NEEDS-PAINT
      child 5: RenderFractionalTranslation#28703 NEEDS-LAYOUT NEEDS-PAINT
        child: RenderAnimatedOpacity#051b4 NEEDS-LAYOUT NEEDS-PAINT
          child: RenderSemanticsGestureHandler#4fefe NEEDS-LAYOUT NEEDS-PAINT
            child: RenderPointerListener#d70a8 NEEDS-LAYOUT NEEDS-PAINT
      child 6: RenderConstrainedBox#0380c NEEDS-LAYOUT NEEDS-PAINT
      child 7: RenderAnimatedOpacity#0f73f NEEDS-LAYOUT NEEDS-PAINT
        child: RenderFlex#70c3c NEEDS-LAYOUT NEEDS-PAINT
          child 1: RenderParagraph#70a78 NEEDS-LAYOUT NEEDS-PAINT
            text: TextSpan
          child 2: RenderSemanticsAnnotations#ad4cd NEEDS-LAYOUT NEEDS-PAINT
            child: _RenderInputPadding#b1a97 NEEDS-LAYOUT NEEDS-PAINT
      child 8: RenderConstrainedBox#d560d NEEDS-LAYOUT NEEDS-PAINT
      child 9: RenderAnimatedOpacity#0f4f6 NEEDS-LAYOUT NEEDS-PAINT
        child: RenderSemanticsGestureHandler#0bd1a NEEDS-LAYOUT NEEDS-PAINT
          child: RenderPointerListener#30531 NEEDS-LAYOUT NEEDS-PAINT
            child: RenderStack#05a03 NEEDS-LAYOUT NEEDS-PAINT
ΓòÉΓòÉΓòÉΓòÉΓòÉΓòÉΓòÉΓòÉΓòÉΓòÉΓòÉΓòÉΓòÉΓòÉΓòÉΓòÉΓòÉΓòÉΓòÉΓòÉΓòÉΓòÉΓòÉΓòÉΓòÉΓòÉΓòÉΓòÉΓòÉΓòÉΓòÉΓòÉΓòÉΓòÉΓòÉΓòÉΓòÉΓòÉΓòÉΓòÉΓòÉΓòÉΓòÉΓòÉΓòÉΓòÉΓòÉΓòÉΓòÉΓòÉΓòÉΓòÉΓòÉΓòÉΓòÉΓòÉΓòÉΓòÉΓòÉΓòÉΓòÉΓòÉΓòÉΓòÉΓòÉΓòÉΓòÉΓòÉΓòÉΓòÉΓòÉΓòÉΓòÉΓòÉΓòÉΓòÉΓòÉΓòÉΓòÉΓòÉΓòÉΓòÉΓòÉΓòÉΓòÉΓòÉΓòÉΓòÉΓòÉΓòÉΓòÉΓòÉΓòÉΓòÉΓòÉΓòÉΓòÉΓòÉΓòÉΓòÉ
ΓòÉΓòÉΓòí EXCEPTION CAUGHT BY RENDERING LIBRARY Γò₧ΓòÉΓòÉΓòÉΓòÉΓòÉΓòÉΓòÉΓòÉΓòÉΓòÉΓòÉΓòÉΓòÉΓòÉΓòÉΓòÉΓòÉΓòÉΓòÉΓòÉΓòÉΓòÉΓòÉΓòÉΓòÉΓòÉΓòÉΓòÉΓòÉΓòÉΓòÉΓòÉΓòÉΓòÉΓòÉΓòÉΓòÉΓòÉΓòÉΓòÉΓòÉΓòÉΓòÉΓòÉΓòÉΓòÉΓòÉΓòÉΓòÉΓòÉΓòÉΓòÉΓòÉΓòÉΓòÉΓòÉΓòÉ
The following assertion was thrown during performLayout():
RenderBox was not laid out: RenderPadding#91361 relayoutBoundary=up13 NEEDS-PAINT
'package:flutter/src/rendering/box.dart':
Failed assertion: line 2251 pos 12: 'hasSize'

Either the assertion indicates an error in the framework itself, or we should provide substantially
more information in this error message to help you determine and fix the underlying cause.
In either case, please report this assertion by filing a bug on GitHub:
  https://github.com/flutter/flutter/issues/new?template=02_bug.yml

The relevant error-causing widget was:
  ConstrainedBox
  ConstrainedBox:file:///D:/Mystery/programming/projects/PYTHON_PROJECTS/focus/focus_gg/focus_flutter/lib/shared/widgets/page_container.dart:23:14

When the exception was thrown, this was the stack:
#2      RenderBox.size (package:flutter/src/rendering/box.dart:2251:12)
#3      RenderConstrainedBox.performLayout (package:flutter/src/rendering/proxy_box.dart:294:21)
#4      RenderObject.layout (package:flutter/src/rendering/object.dart:2775:7)
#5      RenderPositionedBox.performLayout (package:flutter/src/rendering/shifted_box.dart:465:14)
#6      RenderObject.layout (package:flutter/src/rendering/object.dart:2775:7)
#7      RenderPadding.performLayout (package:flutter/src/rendering/shifted_box.dart:243:12)
#8      RenderObject.layout (package:flutter/src/rendering/object.dart:2775:7)
#9      _RenderSingleChildViewport.performLayout (package:flutter/src/widgets/single_child_scroll_view.dart:502:14)
#10     RenderObject.layout (package:flutter/src/rendering/object.dart:2775:7)
#11     RenderProxyBoxMixin.performLayout (package:flutter/src/rendering/proxy_box.dart:115:18)
#12     RenderObject.layout (package:flutter/src/rendering/object.dart:2775:7)
#13     RenderProxyBoxMixin.performLayout (package:flutter/src/rendering/proxy_box.dart:115:18)
#14     RenderObject.layout (package:flutter/src/rendering/object.dart:2775:7)
#15     RenderProxyBoxMixin.performLayout (package:flutter/src/rendering/proxy_box.dart:115:18)
#16     RenderObject.layout (package:flutter/src/rendering/object.dart:2775:7)
#17     RenderProxyBoxMixin.performLayout (package:flutter/src/rendering/proxy_box.dart:115:18)
#18     RenderObject.layout (package:flutter/src/rendering/object.dart:2775:7)
#19     RenderProxyBoxMixin.performLayout (package:flutter/src/rendering/proxy_box.dart:115:18)
#20     RenderObject.layout (package:flutter/src/rendering/object.dart:2775:7)
#21     RenderProxyBoxMixin.performLayout (package:flutter/src/rendering/proxy_box.dart:115:18)
#22     RenderObject.layout (package:flutter/src/rendering/object.dart:2775:7)
#23     RenderProxyBoxMixin.performLayout (package:flutter/src/rendering/proxy_box.dart:115:18)
#24     RenderObject.layout (package:flutter/src/rendering/object.dart:2775:7)
#25     RenderProxyBoxMixin.performLayout (package:flutter/src/rendering/proxy_box.dart:115:18)
#26     _RenderCustomClip.performLayout (package:flutter/src/rendering/proxy_box.dart:1481:11)
#27     RenderObject.layout (package:flutter/src/rendering/object.dart:2775:7)
#28     MultiChildLayoutDelegate.layoutChild (package:flutter/src/rendering/custom_layout.dart:180:12)
#29     _ScaffoldLayout.performLayout (package:flutter/src/material/scaffold.dart:1112:7)
#30     MultiChildLayoutDelegate._callPerformLayout (package:flutter/src/rendering/custom_layout.dart:249:7)
#31     RenderCustomMultiChildLayoutBox.performLayout (package:flutter/src/rendering/custom_layout.dart:420:14)
#32     RenderObject._layoutWithoutResize (package:flutter/src/rendering/object.dart:2623:7)
#33     PipelineOwner.flushLayout (package:flutter/src/rendering/object.dart:1170:18)
#34     PipelineOwner.flushLayout (package:flutter/src/rendering/object.dart:1183:15)
#35     AutomatedTestWidgetsFlutterBinding.drawFrame (package:flutter_test/src/binding.dart:1508:27)
#36     RendererBinding._handlePersistentFrameCallback (package:flutter/src/rendering/binding.dart:495:5)
#37     SchedulerBinding._invokeFrameCallback (package:flutter/src/scheduler/binding.dart:1434:15)
#38     SchedulerBinding.handleDrawFrame (package:flutter/src/scheduler/binding.dart:1347:9)
#39     AutomatedTestWidgetsFlutterBinding.pump.<anonymous closure> (package:flutter_test/src/binding.dart:1335:9)
#42     TestAsyncUtils.guard (package:flutter_test/src/test_async_utils.dart:74:41)
#43     AutomatedTestWidgetsFlutterBinding.pump (package:flutter_test/src/binding.dart:1324:27)
#44     WidgetTester.pumpAndSettle.<anonymous closure> (package:flutter_test/src/widget_tester.dart:719:23)
<asynchronous suspension>
#45     TestAsyncUtils.guard.<anonymous closure> (package:flutter_test/src/test_async_utils.dart:130:27)
<asynchronous suspension>
#46     main.<anonymous closure> (file:///D:/Mystery/programming/projects/PYTHON_PROJECTS/focus/focus_gg/focus_flutter/test/widget_test.dart:20:5)
<asynchronous suspension>
#47     testWidgets.<anonymous closure>.<anonymous closure> (package:flutter_test/src/widget_tester.dart:192:15)
<asynchronous suspension>
#48     TestWidgetsFlutterBinding._runTestBody (package:flutter_test/src/binding.dart:1059:5)
<asynchronous suspension>
<asynchronous suspension>
(elided 5 frames from class _AssertionError, dart:async, and package:stack_trace)

The following RenderObject was being processed when the exception was fired: RenderConstrainedBox#89b07 relayoutBoundary=up12 NEEDS-LAYOUT NEEDS-PAINT:
  needs compositing
  creator: ConstrainedBox ΓåÉ Align ΓåÉ PageContainer ΓåÉ Padding ΓåÉ _SingleChildViewport ΓåÉ
    IgnorePointer-[GlobalKey#2ac55] ΓåÉ Semantics ΓåÉ Listener ΓåÉ _GestureSemantics ΓåÉ
    RawGestureDetector-[LabeledGlobalKey<RawGestureDetectorState>#b16d0] ΓåÉ Listener ΓåÉ _ScrollableScope
    ΓåÉ Γï»
  parentData: offset=Offset(0.0, 0.0) (can use size)
  constraints: BoxConstraints(0.0<=w<=800.0, 0.0<=h<=Infinity)
  size: MISSING
  additionalConstraints: BoxConstraints(0.0<=w<=1120.0, 0.0<=h<=Infinity)
This RenderObject had the following descendants (showing up to depth 5):
    child: RenderPadding#91361 relayoutBoundary=up13 NEEDS-PAINT
      child: RenderFlex#141d3 relayoutBoundary=up14 NEEDS-PAINT
        child 1: RenderFractionalTranslation#3e3c5 relayoutBoundary=up15 NEEDS-PAINT
          child: RenderAnimatedOpacity#376cd relayoutBoundary=up16 NEEDS-PAINT
            child: RenderStack#942f2 relayoutBoundary=up17 NEEDS-PAINT
        child 2: RenderConstrainedBox#86da0 NEEDS-LAYOUT NEEDS-PAINT
        child 3: RenderAnimatedOpacity#c08d6 NEEDS-LAYOUT NEEDS-PAINT
          child: RenderSemanticsGestureHandler#ce73c NEEDS-LAYOUT NEEDS-PAINT
            child: RenderPointerListener#91e90 NEEDS-LAYOUT NEEDS-PAINT
        child 4: RenderConstrainedBox#a5c3d NEEDS-LAYOUT NEEDS-PAINT
        child 5: RenderFractionalTranslation#28703 NEEDS-LAYOUT NEEDS-PAINT
          child: RenderAnimatedOpacity#051b4 NEEDS-LAYOUT NEEDS-PAINT
            child: RenderSemanticsGestureHandler#4fefe NEEDS-LAYOUT NEEDS-PAINT
        child 6: RenderConstrainedBox#0380c NEEDS-LAYOUT NEEDS-PAINT
        child 7: RenderAnimatedOpacity#0f73f NEEDS-LAYOUT NEEDS-PAINT
          child: RenderFlex#70c3c NEEDS-LAYOUT NEEDS-PAINT
            child 1: RenderParagraph#70a78 NEEDS-LAYOUT NEEDS-PAINT
            child 2: RenderSemanticsAnnotations#ad4cd NEEDS-LAYOUT NEEDS-PAINT
        child 8: RenderConstrainedBox#d560d NEEDS-LAYOUT NEEDS-PAINT
        child 9: RenderAnimatedOpacity#0f4f6 NEEDS-LAYOUT NEEDS-PAINT
          child: RenderSemanticsGestureHandler#0bd1a NEEDS-LAYOUT NEEDS-PAINT
            child: RenderPointerListener#30531 NEEDS-LAYOUT NEEDS-PAINT
        child 10: RenderConstrainedBox#fe898 NEEDS-LAYOUT NEEDS-PAINT
        child 11: RenderAnimatedOpacity#bfbeb NEEDS-LAYOUT NEEDS-PAINT
          child: RenderFlex#9184b NEEDS-LAYOUT NEEDS-PAINT
            child 1: RenderParagraph#d268a NEEDS-LAYOUT NEEDS-PAINT
            child 2: RenderSemanticsAnnotations#6f17d NEEDS-LAYOUT NEEDS-PAINT
    ...(descendants list truncated after 25 lines)
ΓòÉΓòÉΓòÉΓòÉΓòÉΓòÉΓòÉΓòÉΓòÉΓòÉΓòÉΓòÉΓòÉΓòÉΓòÉΓòÉΓòÉΓòÉΓòÉΓòÉΓòÉΓòÉΓòÉΓòÉΓòÉΓòÉΓòÉΓòÉΓòÉΓòÉΓòÉΓòÉΓòÉΓòÉΓòÉΓòÉΓòÉΓòÉΓòÉΓòÉΓòÉΓòÉΓòÉΓòÉΓòÉΓòÉΓòÉΓòÉΓòÉΓòÉΓòÉΓòÉΓòÉΓòÉΓòÉΓòÉΓòÉΓòÉΓòÉΓòÉΓòÉΓòÉΓòÉΓòÉΓòÉΓòÉΓòÉΓòÉΓòÉΓòÉΓòÉΓòÉΓòÉΓòÉΓòÉΓòÉΓòÉΓòÉΓòÉΓòÉΓòÉΓòÉΓòÉΓòÉΓòÉΓòÉΓòÉΓòÉΓòÉΓòÉΓòÉΓòÉΓòÉΓòÉΓòÉΓòÉΓòÉΓòÉΓòÉΓòÉ
ΓòÉΓòÉΓòí EXCEPTION CAUGHT BY RENDERING LIBRARY Γò₧ΓòÉΓòÉΓòÉΓòÉΓòÉΓòÉΓòÉΓòÉΓòÉΓòÉΓòÉΓòÉΓòÉΓòÉΓòÉΓòÉΓòÉΓòÉΓòÉΓòÉΓòÉΓòÉΓòÉΓòÉΓòÉΓòÉΓòÉΓòÉΓòÉΓòÉΓòÉΓòÉΓòÉΓòÉΓòÉΓòÉΓòÉΓòÉΓòÉΓòÉΓòÉΓòÉΓòÉΓòÉΓòÉΓòÉΓòÉΓòÉΓòÉΓòÉΓòÉΓòÉΓòÉΓòÉΓòÉΓòÉΓòÉ
The following assertion was thrown during performLayout():
RenderBox was not laid out: RenderConstrainedBox#89b07 relayoutBoundary=up12 NEEDS-PAINT
'package:flutter/src/rendering/box.dart':
Failed assertion: line 2251 pos 12: 'hasSize'

Either the assertion indicates an error in the framework itself, or we should provide substantially
more information in this error message to help you determine and fix the underlying cause.
In either case, please report this assertion by filing a bug on GitHub:
  https://github.com/flutter/flutter/issues/new?template=02_bug.yml

The relevant error-causing widget was:
  Align
  Align:file:///D:/Mystery/programming/projects/PYTHON_PROJECTS/focus/focus_gg/focus_flutter/lib/shared/widgets/page_container.dart:21:12

When the exception was thrown, this was the stack:
#2      RenderBox.size (package:flutter/src/rendering/box.dart:2251:12)
#3      RenderPositionedBox.performLayout (package:flutter/src/rendering/shifted_box.dart:469:37)
#4      RenderObject.layout (package:flutter/src/rendering/object.dart:2775:7)
#5      RenderPadding.performLayout (package:flutter/src/rendering/shifted_box.dart:243:12)
#6      RenderObject.layout (package:flutter/src/rendering/object.dart:2775:7)
#7      _RenderSingleChildViewport.performLayout (package:flutter/src/widgets/single_child_scroll_view.dart:502:14)
#8      RenderObject.layout (package:flutter/src/rendering/object.dart:2775:7)
#9      RenderProxyBoxMixin.performLayout (package:flutter/src/rendering/proxy_box.dart:115:18)
#10     RenderObject.layout (package:flutter/src/rendering/object.dart:2775:7)
#11     RenderProxyBoxMixin.performLayout (package:flutter/src/rendering/proxy_box.dart:115:18)
#12     RenderObject.layout (package:flutter/src/rendering/object.dart:2775:7)
#13     RenderProxyBoxMixin.performLayout (package:flutter/src/rendering/proxy_box.dart:115:18)
#14     RenderObject.layout (package:flutter/src/rendering/object.dart:2775:7)
#15     RenderProxyBoxMixin.performLayout (package:flutter/src/rendering/proxy_box.dart:115:18)
#16     RenderObject.layout (package:flutter/src/rendering/object.dart:2775:7)
#17     RenderProxyBoxMixin.performLayout (package:flutter/src/rendering/proxy_box.dart:115:18)
#18     RenderObject.layout (package:flutter/src/rendering/object.dart:2775:7)
#19     RenderProxyBoxMixin.performLayout (package:flutter/src/rendering/proxy_box.dart:115:18)
#20     RenderObject.layout (package:flutter/src/rendering/object.dart:2775:7)
#21     RenderProxyBoxMixin.performLayout (package:flutter/src/rendering/proxy_box.dart:115:18)
#22     RenderObject.layout (package:flutter/src/rendering/object.dart:2775:7)
#23     RenderProxyBoxMixin.performLayout (package:flutter/src/rendering/proxy_box.dart:115:18)
#24     _RenderCustomClip.performLayout (package:flutter/src/rendering/proxy_box.dart:1481:11)
#25     RenderObject.layout (package:flutter/src/rendering/object.dart:2775:7)
#26     MultiChildLayoutDelegate.layoutChild (package:flutter/src/rendering/custom_layout.dart:180:12)
#27     _ScaffoldLayout.performLayout (package:flutter/src/material/scaffold.dart:1112:7)
#28     MultiChildLayoutDelegate._callPerformLayout (package:flutter/src/rendering/custom_layout.dart:249:7)
#29     RenderCustomMultiChildLayoutBox.performLayout (package:flutter/src/rendering/custom_layout.dart:420:14)
#30     RenderObject._layoutWithoutResize (package:flutter/src/rendering/object.dart:2623:7)
#31     PipelineOwner.flushLayout (package:flutter/src/rendering/object.dart:1170:18)
#32     PipelineOwner.flushLayout (package:flutter/src/rendering/object.dart:1183:15)
#33     AutomatedTestWidgetsFlutterBinding.drawFrame (package:flutter_test/src/binding.dart:1508:27)
#34     RendererBinding._handlePersistentFrameCallback (package:flutter/src/rendering/binding.dart:495:5)
#35     SchedulerBinding._invokeFrameCallback (package:flutter/src/scheduler/binding.dart:1434:15)
#36     SchedulerBinding.handleDrawFrame (package:flutter/src/scheduler/binding.dart:1347:9)
#37     AutomatedTestWidgetsFlutterBinding.pump.<anonymous closure> (package:flutter_test/src/binding.dart:1335:9)
#40     TestAsyncUtils.guard (package:flutter_test/src/test_async_utils.dart:74:41)
#41     AutomatedTestWidgetsFlutterBinding.pump (package:flutter_test/src/binding.dart:1324:27)
#42     WidgetTester.pumpAndSettle.<anonymous closure> (package:flutter_test/src/widget_tester.dart:719:23)
<asynchronous suspension>
#43     TestAsyncUtils.guard.<anonymous closure> (package:flutter_test/src/test_async_utils.dart:130:27)
<asynchronous suspension>
#44     main.<anonymous closure> (file:///D:/Mystery/programming/projects/PYTHON_PROJECTS/focus/focus_gg/focus_flutter/test/widget_test.dart:20:5)
<asynchronous suspension>
#45     testWidgets.<anonymous closure>.<anonymous closure> (package:flutter_test/src/widget_tester.dart:192:15)
<asynchronous suspension>
#46     TestWidgetsFlutterBinding._runTestBody (package:flutter_test/src/binding.dart:1059:5)
<asynchronous suspension>
<asynchronous suspension>
(elided 5 frames from class _AssertionError, dart:async, and package:stack_trace)

The following RenderObject was being processed when the exception was fired: RenderPositionedBox#201c0 relayoutBoundary=up11 NEEDS-LAYOUT NEEDS-PAINT:
  needs compositing
  creator: Align ΓåÉ PageContainer ΓåÉ Padding ΓåÉ _SingleChildViewport ΓåÉ IgnorePointer-[GlobalKey#2ac55] ΓåÉ
    Semantics ΓåÉ Listener ΓåÉ _GestureSemantics ΓåÉ
    RawGestureDetector-[LabeledGlobalKey<RawGestureDetectorState>#b16d0] ΓåÉ Listener ΓåÉ _ScrollableScope
    ΓåÉ _ScrollSemantics-[GlobalKey#1fa52] ΓåÉ Γï»
  parentData: offset=Offset(0.0, 0.0) (can use size)
  constraints: BoxConstraints(0.0<=w<=800.0, 0.0<=h<=Infinity)
  size: MISSING
  alignment: Alignment.topCenter
  textDirection: ltr
  widthFactor: expand
  heightFactor: expand
This RenderObject had the following descendants (showing up to depth 5):
    child: RenderConstrainedBox#89b07 relayoutBoundary=up12 NEEDS-PAINT
      child: RenderPadding#91361 relayoutBoundary=up13 NEEDS-PAINT
        child: RenderFlex#141d3 relayoutBoundary=up14 NEEDS-PAINT
          child 1: RenderFractionalTranslation#3e3c5 relayoutBoundary=up15 NEEDS-PAINT
            child: RenderAnimatedOpacity#376cd relayoutBoundary=up16 NEEDS-PAINT
          child 2: RenderConstrainedBox#86da0 NEEDS-LAYOUT NEEDS-PAINT
          child 3: RenderAnimatedOpacity#c08d6 NEEDS-LAYOUT NEEDS-PAINT
            child: RenderSemanticsGestureHandler#ce73c NEEDS-LAYOUT NEEDS-PAINT
          child 4: RenderConstrainedBox#a5c3d NEEDS-LAYOUT NEEDS-PAINT
          child 5: RenderFractionalTranslation#28703 NEEDS-LAYOUT NEEDS-PAINT
            child: RenderAnimatedOpacity#051b4 NEEDS-LAYOUT NEEDS-PAINT
          child 6: RenderConstrainedBox#0380c NEEDS-LAYOUT NEEDS-PAINT
          child 7: RenderAnimatedOpacity#0f73f NEEDS-LAYOUT NEEDS-PAINT
            child: RenderFlex#70c3c NEEDS-LAYOUT NEEDS-PAINT
          child 8: RenderConstrainedBox#d560d NEEDS-LAYOUT NEEDS-PAINT
          child 9: RenderAnimatedOpacity#0f4f6 NEEDS-LAYOUT NEEDS-PAINT
            child: RenderSemanticsGestureHandler#0bd1a NEEDS-LAYOUT NEEDS-PAINT
          child 10: RenderConstrainedBox#fe898 NEEDS-LAYOUT NEEDS-PAINT
          child 11: RenderAnimatedOpacity#bfbeb NEEDS-LAYOUT NEEDS-PAINT
            child: RenderFlex#9184b NEEDS-LAYOUT NEEDS-PAINT
          child 12: RenderConstrainedBox#708d6 NEEDS-LAYOUT NEEDS-PAINT
          child 13: RenderAnimatedOpacity#3dcdb NEEDS-LAYOUT NEEDS-PAINT
            child: RenderWrap#c830f NEEDS-LAYOUT NEEDS-PAINT
ΓòÉΓòÉΓòÉΓòÉΓòÉΓòÉΓòÉΓòÉΓòÉΓòÉΓòÉΓòÉΓòÉΓòÉΓòÉΓòÉΓòÉΓòÉΓòÉΓòÉΓòÉΓòÉΓòÉΓòÉΓòÉΓòÉΓòÉΓòÉΓòÉΓòÉΓòÉΓòÉΓòÉΓòÉΓòÉΓòÉΓòÉΓòÉΓòÉΓòÉΓòÉΓòÉΓòÉΓòÉΓòÉΓòÉΓòÉΓòÉΓòÉΓòÉΓòÉΓòÉΓòÉΓòÉΓòÉΓòÉΓòÉΓòÉΓòÉΓòÉΓòÉΓòÉΓòÉΓòÉΓòÉΓòÉΓòÉΓòÉΓòÉΓòÉΓòÉΓòÉΓòÉΓòÉΓòÉΓòÉΓòÉΓòÉΓòÉΓòÉΓòÉΓòÉΓòÉΓòÉΓòÉΓòÉΓòÉΓòÉΓòÉΓòÉΓòÉΓòÉΓòÉΓòÉΓòÉΓòÉΓòÉΓòÉΓòÉΓòÉ
ΓòÉΓòÉΓòí EXCEPTION CAUGHT BY RENDERING LIBRARY Γò₧ΓòÉΓòÉΓòÉΓòÉΓòÉΓòÉΓòÉΓòÉΓòÉΓòÉΓòÉΓòÉΓòÉΓòÉΓòÉΓòÉΓòÉΓòÉΓòÉΓòÉΓòÉΓòÉΓòÉΓòÉΓòÉΓòÉΓòÉΓòÉΓòÉΓòÉΓòÉΓòÉΓòÉΓòÉΓòÉΓòÉΓòÉΓòÉΓòÉΓòÉΓòÉΓòÉΓòÉΓòÉΓòÉΓòÉΓòÉΓòÉΓòÉΓòÉΓòÉΓòÉΓòÉΓòÉΓòÉΓòÉΓòÉ
The following assertion was thrown during performLayout():
RenderBox was not laid out: RenderPositionedBox#201c0 relayoutBoundary=up11 NEEDS-PAINT
'package:flutter/src/rendering/box.dart':
Failed assertion: line 2251 pos 12: 'hasSize'

Either the assertion indicates an error in the framework itself, or we should provide substantially
more information in this error message to help you determine and fix the underlying cause.
In either case, please report this assertion by filing a bug on GitHub:
  https://github.com/flutter/flutter/issues/new?template=02_bug.yml

The relevant error-causing widget was:
  SingleChildScrollView
  SingleChildScrollView:file:///D:/Mystery/programming/projects/PYTHON_PROJECTS/focus/focus_gg/focus_flutter/lib/features/dashboard/dashboard_screen.dart:132:13

When the exception was thrown, this was the stack:
#2      RenderBox.size (package:flutter/src/rendering/box.dart:2251:12)
#3      RenderPadding.performLayout (package:flutter/src/rendering/shifted_box.dart:247:40)
#4      RenderObject.layout (package:flutter/src/rendering/object.dart:2775:7)
#5      _RenderSingleChildViewport.performLayout (package:flutter/src/widgets/single_child_scroll_view.dart:502:14)
#6      RenderObject.layout (package:flutter/src/rendering/object.dart:2775:7)
#7      RenderProxyBoxMixin.performLayout (package:flutter/src/rendering/proxy_box.dart:115:18)
#8      RenderObject.layout (package:flutter/src/rendering/object.dart:2775:7)
#9      RenderProxyBoxMixin.performLayout (package:flutter/src/rendering/proxy_box.dart:115:18)
#10     RenderObject.layout (package:flutter/src/rendering/object.dart:2775:7)
#11     RenderProxyBoxMixin.performLayout (package:flutter/src/rendering/proxy_box.dart:115:18)
#12     RenderObject.layout (package:flutter/src/rendering/object.dart:2775:7)
#13     RenderProxyBoxMixin.performLayout (package:flutter/src/rendering/proxy_box.dart:115:18)
#14     RenderObject.layout (package:flutter/src/rendering/object.dart:2775:7)
#15     RenderProxyBoxMixin.performLayout (package:flutter/src/rendering/proxy_box.dart:115:18)
#16     RenderObject.layout (package:flutter/src/rendering/object.dart:2775:7)
#17     RenderProxyBoxMixin.performLayout (package:flutter/src/rendering/proxy_box.dart:115:18)
#18     RenderObject.layout (package:flutter/src/rendering/object.dart:2775:7)
#19     RenderProxyBoxMixin.performLayout (package:flutter/src/rendering/proxy_box.dart:115:18)
#20     RenderObject.layout (package:flutter/src/rendering/object.dart:2775:7)
#21     RenderProxyBoxMixin.performLayout (package:flutter/src/rendering/proxy_box.dart:115:18)
#22     _RenderCustomClip.performLayout (package:flutter/src/rendering/proxy_box.dart:1481:11)
#23     RenderObject.layout (package:flutter/src/rendering/object.dart:2775:7)
#24     MultiChildLayoutDelegate.layoutChild (package:flutter/src/rendering/custom_layout.dart:180:12)
#25     _ScaffoldLayout.performLayout (package:flutter/src/material/scaffold.dart:1112:7)
#26     MultiChildLayoutDelegate._callPerformLayout (package:flutter/src/rendering/custom_layout.dart:249:7)
#27     RenderCustomMultiChildLayoutBox.performLayout (package:flutter/src/rendering/custom_layout.dart:420:14)
#28     RenderObject._layoutWithoutResize (package:flutter/src/rendering/object.dart:2623:7)
#29     PipelineOwner.flushLayout (package:flutter/src/rendering/object.dart:1170:18)
#30     PipelineOwner.flushLayout (package:flutter/src/rendering/object.dart:1183:15)
#31     AutomatedTestWidgetsFlutterBinding.drawFrame (package:flutter_test/src/binding.dart:1508:27)
#32     RendererBinding._handlePersistentFrameCallback (package:flutter/src/rendering/binding.dart:495:5)
#33     SchedulerBinding._invokeFrameCallback (package:flutter/src/scheduler/binding.dart:1434:15)
#34     SchedulerBinding.handleDrawFrame (package:flutter/src/scheduler/binding.dart:1347:9)
#35     AutomatedTestWidgetsFlutterBinding.pump.<anonymous closure> (package:flutter_test/src/binding.dart:1335:9)
#38     TestAsyncUtils.guard (package:flutter_test/src/test_async_utils.dart:74:41)
#39     AutomatedTestWidgetsFlutterBinding.pump (package:flutter_test/src/binding.dart:1324:27)
#40     WidgetTester.pumpAndSettle.<anonymous closure> (package:flutter_test/src/widget_tester.dart:719:23)
<asynchronous suspension>
#41     TestAsyncUtils.guard.<anonymous closure> (package:flutter_test/src/test_async_utils.dart:130:27)
<asynchronous suspension>
#42     main.<anonymous closure> (file:///D:/Mystery/programming/projects/PYTHON_PROJECTS/focus/focus_gg/focus_flutter/test/widget_test.dart:20:5)
<asynchronous suspension>
#43     testWidgets.<anonymous closure>.<anonymous closure> (package:flutter_test/src/widget_tester.dart:192:15)
<asynchronous suspension>
#44     TestWidgetsFlutterBinding._runTestBody (package:flutter_test/src/binding.dart:1059:5)
<asynchronous suspension>
<asynchronous suspension>
(elided 5 frames from class _AssertionError, dart:async, and package:stack_trace)

The following RenderObject was being processed when the exception was fired: RenderPadding#05935 relayoutBoundary=up10 NEEDS-LAYOUT NEEDS-PAINT:
  needs compositing
  creator: Padding ΓåÉ _SingleChildViewport ΓåÉ IgnorePointer-[GlobalKey#2ac55] ΓåÉ Semantics ΓåÉ Listener ΓåÉ
    _GestureSemantics ΓåÉ RawGestureDetector-[LabeledGlobalKey<RawGestureDetectorState>#b16d0] ΓåÉ
    Listener ΓåÉ _ScrollableScope ΓåÉ _ScrollSemantics-[GlobalKey#1fa52] ΓåÉ
    NotificationListener<ScrollMetricsNotification> ΓåÉ Transform ΓåÉ Γï»
  parentData: <none> (can use size)
  constraints: BoxConstraints(0.0<=w<=800.0, 0.0<=h<=Infinity)
  size: MISSING
  padding: EdgeInsets(0.0, 0.0, 0.0, 96.0)
  textDirection: ltr
This RenderObject had the following descendants (showing up to depth 5):
    child: RenderPositionedBox#201c0 relayoutBoundary=up11 NEEDS-PAINT
      child: RenderConstrainedBox#89b07 relayoutBoundary=up12 NEEDS-PAINT
        child: RenderPadding#91361 relayoutBoundary=up13 NEEDS-PAINT
          child: RenderFlex#141d3 relayoutBoundary=up14 NEEDS-PAINT
            child 1: RenderFractionalTranslation#3e3c5 relayoutBoundary=up15 NEEDS-PAINT
            child 2: RenderConstrainedBox#86da0 NEEDS-LAYOUT NEEDS-PAINT
            child 3: RenderAnimatedOpacity#c08d6 NEEDS-LAYOUT NEEDS-PAINT
            child 4: RenderConstrainedBox#a5c3d NEEDS-LAYOUT NEEDS-PAINT
            child 5: RenderFractionalTranslation#28703 NEEDS-LAYOUT NEEDS-PAINT
            child 6: RenderConstrainedBox#0380c NEEDS-LAYOUT NEEDS-PAINT
            child 7: RenderAnimatedOpacity#0f73f NEEDS-LAYOUT NEEDS-PAINT
            child 8: RenderConstrainedBox#d560d NEEDS-LAYOUT NEEDS-PAINT
            child 9: RenderAnimatedOpacity#0f4f6 NEEDS-LAYOUT NEEDS-PAINT
            child 10: RenderConstrainedBox#fe898 NEEDS-LAYOUT NEEDS-PAINT
            child 11: RenderAnimatedOpacity#bfbeb NEEDS-LAYOUT NEEDS-PAINT
            child 12: RenderConstrainedBox#708d6 NEEDS-LAYOUT NEEDS-PAINT
            child 13: RenderAnimatedOpacity#3dcdb NEEDS-LAYOUT NEEDS-PAINT
ΓòÉΓòÉΓòÉΓòÉΓòÉΓòÉΓòÉΓòÉΓòÉΓòÉΓòÉΓòÉΓòÉΓòÉΓòÉΓòÉΓòÉΓòÉΓòÉΓòÉΓòÉΓòÉΓòÉΓòÉΓòÉΓòÉΓòÉΓòÉΓòÉΓòÉΓòÉΓòÉΓòÉΓòÉΓòÉΓòÉΓòÉΓòÉΓòÉΓòÉΓòÉΓòÉΓòÉΓòÉΓòÉΓòÉΓòÉΓòÉΓòÉΓòÉΓòÉΓòÉΓòÉΓòÉΓòÉΓòÉΓòÉΓòÉΓòÉΓòÉΓòÉΓòÉΓòÉΓòÉΓòÉΓòÉΓòÉΓòÉΓòÉΓòÉΓòÉΓòÉΓòÉΓòÉΓòÉΓòÉΓòÉΓòÉΓòÉΓòÉΓòÉΓòÉΓòÉΓòÉΓòÉΓòÉΓòÉΓòÉΓòÉΓòÉΓòÉΓòÉΓòÉΓòÉΓòÉΓòÉΓòÉΓòÉΓòÉΓòÉ
ΓòÉΓòÉΓòí EXCEPTION CAUGHT BY RENDERING LIBRARY Γò₧ΓòÉΓòÉΓòÉΓòÉΓòÉΓòÉΓòÉΓòÉΓòÉΓòÉΓòÉΓòÉΓòÉΓòÉΓòÉΓòÉΓòÉΓòÉΓòÉΓòÉΓòÉΓòÉΓòÉΓòÉΓòÉΓòÉΓòÉΓòÉΓòÉΓòÉΓòÉΓòÉΓòÉΓòÉΓòÉΓòÉΓòÉΓòÉΓòÉΓòÉΓòÉΓòÉΓòÉΓòÉΓòÉΓòÉΓòÉΓòÉΓòÉΓòÉΓòÉΓòÉΓòÉΓòÉΓòÉΓòÉΓòÉ
The following assertion was thrown during performLayout():
RenderBox was not laid out: RenderPadding#05935 relayoutBoundary=up10 NEEDS-PAINT
'package:flutter/src/rendering/box.dart':
Failed assertion: line 2251 pos 12: 'hasSize'

Either the assertion indicates an error in the framework itself, or we should provide substantially
more information in this error message to help you determine and fix the underlying cause.
In either case, please report this assertion by filing a bug on GitHub:
  https://github.com/flutter/flutter/issues/new?template=02_bug.yml

The relevant error-causing widget was:
  SingleChildScrollView
  SingleChildScrollView:file:///D:/Mystery/programming/projects/PYTHON_PROJECTS/focus/focus_gg/focus_flutter/lib/features/dashboard/dashboard_screen.dart:132:13

When the exception was thrown, this was the stack:
#2      RenderBox.size (package:flutter/src/rendering/box.dart:2251:12)
#3      _RenderSingleChildViewport.performLayout (package:flutter/src/widgets/single_child_scroll_view.dart:503:43)
#4      RenderObject.layout (package:flutter/src/rendering/object.dart:2775:7)
#5      RenderProxyBoxMixin.performLayout (package:flutter/src/rendering/proxy_box.dart:115:18)
#6      RenderObject.layout (package:flutter/src/rendering/object.dart:2775:7)
#7      RenderProxyBoxMixin.performLayout (package:flutter/src/rendering/proxy_box.dart:115:18)
#8      RenderObject.layout (package:flutter/src/rendering/object.dart:2775:7)
#9      RenderProxyBoxMixin.performLayout (package:flutter/src/rendering/proxy_box.dart:115:18)
#10     RenderObject.layout (package:flutter/src/rendering/object.dart:2775:7)
#11     RenderProxyBoxMixin.performLayout (package:flutter/src/rendering/proxy_box.dart:115:18)
#12     RenderObject.layout (package:flutter/src/rendering/object.dart:2775:7)
#13     RenderProxyBoxMixin.performLayout (package:flutter/src/rendering/proxy_box.dart:115:18)
#14     RenderObject.layout (package:flutter/src/rendering/object.dart:2775:7)
#15     RenderProxyBoxMixin.performLayout (package:flutter/src/rendering/proxy_box.dart:115:18)
#16     RenderObject.layout (package:flutter/src/rendering/object.dart:2775:7)
#17     RenderProxyBoxMixin.performLayout (package:flutter/src/rendering/proxy_box.dart:115:18)
#18     RenderObject.layout (package:flutter/src/rendering/object.dart:2775:7)
#19     RenderProxyBoxMixin.performLayout (package:flutter/src/rendering/proxy_box.dart:115:18)
#20     _RenderCustomClip.performLayout (package:flutter/src/rendering/proxy_box.dart:1481:11)
#21     RenderObject.layout (package:flutter/src/rendering/object.dart:2775:7)
#22     MultiChildLayoutDelegate.layoutChild (package:flutter/src/rendering/custom_layout.dart:180:12)
#23     _ScaffoldLayout.performLayout (package:flutter/src/material/scaffold.dart:1112:7)
#24     MultiChildLayoutDelegate._callPerformLayout (package:flutter/src/rendering/custom_layout.dart:249:7)
#25     RenderCustomMultiChildLayoutBox.performLayout (package:flutter/src/rendering/custom_layout.dart:420:14)
#26     RenderObject._layoutWithoutResize (package:flutter/src/rendering/object.dart:2623:7)
#27     PipelineOwner.flushLayout (package:flutter/src/rendering/object.dart:1170:18)
#28     PipelineOwner.flushLayout (package:flutter/src/rendering/object.dart:1183:15)
#29     AutomatedTestWidgetsFlutterBinding.drawFrame (package:flutter_test/src/binding.dart:1508:27)
#30     RendererBinding._handlePersistentFrameCallback (package:flutter/src/rendering/binding.dart:495:5)
#31     SchedulerBinding._invokeFrameCallback (package:flutter/src/scheduler/binding.dart:1434:15)
#32     SchedulerBinding.handleDrawFrame (package:flutter/src/scheduler/binding.dart:1347:9)
#33     AutomatedTestWidgetsFlutterBinding.pump.<anonymous closure> (package:flutter_test/src/binding.dart:1335:9)
#36     TestAsyncUtils.guard (package:flutter_test/src/test_async_utils.dart:74:41)
#37     AutomatedTestWidgetsFlutterBinding.pump (package:flutter_test/src/binding.dart:1324:27)
#38     WidgetTester.pumpAndSettle.<anonymous closure> (package:flutter_test/src/widget_tester.dart:719:23)
<asynchronous suspension>
#39     TestAsyncUtils.guard.<anonymous closure> (package:flutter_test/src/test_async_utils.dart:130:27)
<asynchronous suspension>
#40     main.<anonymous closure> (file:///D:/Mystery/programming/projects/PYTHON_PROJECTS/focus/focus_gg/focus_flutter/test/widget_test.dart:20:5)
<asynchronous suspension>
#41     testWidgets.<anonymous closure>.<anonymous closure> (package:flutter_test/src/widget_tester.dart:192:15)
<asynchronous suspension>
#42     TestWidgetsFlutterBinding._runTestBody (package:flutter_test/src/binding.dart:1059:5)
<asynchronous suspension>
<asynchronous suspension>
(elided 5 frames from class _AssertionError, dart:async, and package:stack_trace)

The following RenderObject was being processed when the exception was fired: _RenderSingleChildViewport#06cd3 relayoutBoundary=up9 NEEDS-LAYOUT NEEDS-PAINT:
  needs compositing
  creator: _SingleChildViewport ΓåÉ IgnorePointer-[GlobalKey#2ac55] ΓåÉ Semantics ΓåÉ Listener ΓåÉ
    _GestureSemantics ΓåÉ RawGestureDetector-[LabeledGlobalKey<RawGestureDetectorState>#b16d0] ΓåÉ
    Listener ΓåÉ _ScrollableScope ΓåÉ _ScrollSemantics-[GlobalKey#1fa52] ΓåÉ
    NotificationListener<ScrollMetricsNotification> ΓåÉ Transform ΓåÉ StretchEffect ΓåÉ Γï»
  parentData: <none> (can use size)
  constraints: BoxConstraints(0.0<=w<=800.0, 0.0<=h<=534.0)
  size: MISSING
  offset: Offset(0.0, -0.0)
This RenderObject had the following descendants (showing up to depth 5):
    child: RenderPadding#05935 relayoutBoundary=up10 NEEDS-PAINT
      child: RenderPositionedBox#201c0 relayoutBoundary=up11 NEEDS-PAINT
        child: RenderConstrainedBox#89b07 relayoutBoundary=up12 NEEDS-PAINT
          child: RenderPadding#91361 relayoutBoundary=up13 NEEDS-PAINT
            child: RenderFlex#141d3 relayoutBoundary=up14 NEEDS-PAINT
ΓòÉΓòÉΓòÉΓòÉΓòÉΓòÉΓòÉΓòÉΓòÉΓòÉΓòÉΓòÉΓòÉΓòÉΓòÉΓòÉΓòÉΓòÉΓòÉΓòÉΓòÉΓòÉΓòÉΓòÉΓòÉΓòÉΓòÉΓòÉΓòÉΓòÉΓòÉΓòÉΓòÉΓòÉΓòÉΓòÉΓòÉΓòÉΓòÉΓòÉΓòÉΓòÉΓòÉΓòÉΓòÉΓòÉΓòÉΓòÉΓòÉΓòÉΓòÉΓòÉΓòÉΓòÉΓòÉΓòÉΓòÉΓòÉΓòÉΓòÉΓòÉΓòÉΓòÉΓòÉΓòÉΓòÉΓòÉΓòÉΓòÉΓòÉΓòÉΓòÉΓòÉΓòÉΓòÉΓòÉΓòÉΓòÉΓòÉΓòÉΓòÉΓòÉΓòÉΓòÉΓòÉΓòÉΓòÉΓòÉΓòÉΓòÉΓòÉΓòÉΓòÉΓòÉΓòÉΓòÉΓòÉΓòÉΓòÉΓòÉ
ΓòÉΓòÉΓòí EXCEPTION CAUGHT BY RENDERING LIBRARY Γò₧ΓòÉΓòÉΓòÉΓòÉΓòÉΓòÉΓòÉΓòÉΓòÉΓòÉΓòÉΓòÉΓòÉΓòÉΓòÉΓòÉΓòÉΓòÉΓòÉΓòÉΓòÉΓòÉΓòÉΓòÉΓòÉΓòÉΓòÉΓòÉΓòÉΓòÉΓòÉΓòÉΓòÉΓòÉΓòÉΓòÉΓòÉΓòÉΓòÉΓòÉΓòÉΓòÉΓòÉΓòÉΓòÉΓòÉΓòÉΓòÉΓòÉΓòÉΓòÉΓòÉΓòÉΓòÉΓòÉΓòÉΓòÉ
The following assertion was thrown during performLayout():
RenderBox was not laid out: _RenderSingleChildViewport#06cd3 relayoutBoundary=up9 NEEDS-PAINT
'package:flutter/src/rendering/box.dart':
Failed assertion: line 2251 pos 12: 'hasSize'

Either the assertion indicates an error in the framework itself, or we should provide substantially
more information in this error message to help you determine and fix the underlying cause.
In either case, please report this assertion by filing a bug on GitHub:
  https://github.com/flutter/flutter/issues/new?template=02_bug.yml

The relevant error-causing widget was:
  SingleChildScrollView
  SingleChildScrollView:file:///D:/Mystery/programming/projects/PYTHON_PROJECTS/focus/focus_gg/focus_flutter/lib/features/dashboard/dashboard_screen.dart:132:13

When the exception was thrown, this was the stack:
#2      RenderBox.size (package:flutter/src/rendering/box.dart:2251:12)
#3      RenderProxyBoxMixin.performLayout (package:flutter/src/rendering/proxy_box.dart:115:62)
#4      RenderObject.layout (package:flutter/src/rendering/object.dart:2775:7)
#5      RenderProxyBoxMixin.performLayout (package:flutter/src/rendering/proxy_box.dart:115:18)
#6      RenderObject.layout (package:flutter/src/rendering/object.dart:2775:7)
#7      RenderProxyBoxMixin.performLayout (package:flutter/src/rendering/proxy_box.dart:115:18)
#8      RenderObject.layout (package:flutter/src/rendering/object.dart:2775:7)
#9      RenderProxyBoxMixin.performLayout (package:flutter/src/rendering/proxy_box.dart:115:18)
#10     RenderObject.layout (package:flutter/src/rendering/object.dart:2775:7)
#11     RenderProxyBoxMixin.performLayout (package:flutter/src/rendering/proxy_box.dart:115:18)
#12     RenderObject.layout (package:flutter/src/rendering/object.dart:2775:7)
#13     RenderProxyBoxMixin.performLayout (package:flutter/src/rendering/proxy_box.dart:115:18)
#14     RenderObject.layout (package:flutter/src/rendering/object.dart:2775:7)
#15     RenderProxyBoxMixin.performLayout (package:flutter/src/rendering/proxy_box.dart:115:18)
#16     RenderObject.layout (package:flutter/src/rendering/object.dart:2775:7)
#17     RenderProxyBoxMixin.performLayout (package:flutter/src/rendering/proxy_box.dart:115:18)
#18     _RenderCustomClip.performLayout (package:flutter/src/rendering/proxy_box.dart:1481:11)
#19     RenderObject.layout (package:flutter/src/rendering/object.dart:2775:7)
#20     MultiChildLayoutDelegate.layoutChild (package:flutter/src/rendering/custom_layout.dart:180:12)
#21     _ScaffoldLayout.performLayout (package:flutter/src/material/scaffold.dart:1112:7)
#22     MultiChildLayoutDelegate._callPerformLayout (package:flutter/src/rendering/custom_layout.dart:249:7)
#23     RenderCustomMultiChildLayoutBox.performLayout (package:flutter/src/rendering/custom_layout.dart:420:14)
#24     RenderObject._layoutWithoutResize (package:flutter/src/rendering/object.dart:2623:7)
#25     PipelineOwner.flushLayout (package:flutter/src/rendering/object.dart:1170:18)
#26     PipelineOwner.flushLayout (package:flutter/src/rendering/object.dart:1183:15)
#27     AutomatedTestWidgetsFlutterBinding.drawFrame (package:flutter_test/src/binding.dart:1508:27)
#28     RendererBinding._handlePersistentFrameCallback (package:flutter/src/rendering/binding.dart:495:5)
#29     SchedulerBinding._invokeFrameCallback (package:flutter/src/scheduler/binding.dart:1434:15)
#30     SchedulerBinding.handleDrawFrame (package:flutter/src/scheduler/binding.dart:1347:9)
#31     AutomatedTestWidgetsFlutterBinding.pump.<anonymous closure> (package:flutter_test/src/binding.dart:1335:9)
#34     TestAsyncUtils.guard (package:flutter_test/src/test_async_utils.dart:74:41)
#35     AutomatedTestWidgetsFlutterBinding.pump (package:flutter_test/src/binding.dart:1324:27)
#36     WidgetTester.pumpAndSettle.<anonymous closure> (package:flutter_test/src/widget_tester.dart:719:23)
<asynchronous suspension>
#37     TestAsyncUtils.guard.<anonymous closure> (package:flutter_test/src/test_async_utils.dart:130:27)
<asynchronous suspension>
#38     main.<anonymous closure> (file:///D:/Mystery/programming/projects/PYTHON_PROJECTS/focus/focus_gg/focus_flutter/test/widget_test.dart:20:5)
<asynchronous suspension>
#39     testWidgets.<anonymous closure>.<anonymous closure> (package:flutter_test/src/widget_tester.dart:192:15)
<asynchronous suspension>
#40     TestWidgetsFlutterBinding._runTestBody (package:flutter_test/src/binding.dart:1059:5)
<asynchronous suspension>
<asynchronous suspension>
(elided 5 frames from class _AssertionError, dart:async, and package:stack_trace)

The following RenderObject was being processed when the exception was fired: RenderIgnorePointer#2211b relayoutBoundary=up8 NEEDS-LAYOUT NEEDS-PAINT:
  needs compositing
  creator: IgnorePointer-[GlobalKey#2ac55] ΓåÉ Semantics ΓåÉ Listener ΓåÉ _GestureSemantics ΓåÉ
    RawGestureDetector-[LabeledGlobalKey<RawGestureDetectorState>#b16d0] ΓåÉ Listener ΓåÉ _ScrollableScope
    ΓåÉ _ScrollSemantics-[GlobalKey#1fa52] ΓåÉ NotificationListener<ScrollMetricsNotification> ΓåÉ Transform
    ΓåÉ StretchEffect ΓåÉ ClipRect ΓåÉ Γï»
  parentData: <none> (can use size)
  constraints: BoxConstraints(0.0<=w<=800.0, 0.0<=h<=534.0)
  size: MISSING
  ignoring: false
  ignoringSemantics: null
This RenderObject had the following descendants (showing up to depth 5):
    child: _RenderSingleChildViewport#06cd3 relayoutBoundary=up9 NEEDS-PAINT
      child: RenderPadding#05935 relayoutBoundary=up10 NEEDS-PAINT
        child: RenderPositionedBox#201c0 relayoutBoundary=up11 NEEDS-PAINT
          child: RenderConstrainedBox#89b07 relayoutBoundary=up12 NEEDS-PAINT
            child: RenderPadding#91361 relayoutBoundary=up13 NEEDS-PAINT
ΓòÉΓòÉΓòÉΓòÉΓòÉΓòÉΓòÉΓòÉΓòÉΓòÉΓòÉΓòÉΓòÉΓòÉΓòÉΓòÉΓòÉΓòÉΓòÉΓòÉΓòÉΓòÉΓòÉΓòÉΓòÉΓòÉΓòÉΓòÉΓòÉΓòÉΓòÉΓòÉΓòÉΓòÉΓòÉΓòÉΓòÉΓòÉΓòÉΓòÉΓòÉΓòÉΓòÉΓòÉΓòÉΓòÉΓòÉΓòÉΓòÉΓòÉΓòÉΓòÉΓòÉΓòÉΓòÉΓòÉΓòÉΓòÉΓòÉΓòÉΓòÉΓòÉΓòÉΓòÉΓòÉΓòÉΓòÉΓòÉΓòÉΓòÉΓòÉΓòÉΓòÉΓòÉΓòÉΓòÉΓòÉΓòÉΓòÉΓòÉΓòÉΓòÉΓòÉΓòÉΓòÉΓòÉΓòÉΓòÉΓòÉΓòÉΓòÉΓòÉΓòÉΓòÉΓòÉΓòÉΓòÉΓòÉΓòÉΓòÉ
ΓòÉΓòÉΓòí EXCEPTION CAUGHT BY RENDERING LIBRARY Γò₧ΓòÉΓòÉΓòÉΓòÉΓòÉΓòÉΓòÉΓòÉΓòÉΓòÉΓòÉΓòÉΓòÉΓòÉΓòÉΓòÉΓòÉΓòÉΓòÉΓòÉΓòÉΓòÉΓòÉΓòÉΓòÉΓòÉΓòÉΓòÉΓòÉΓòÉΓòÉΓòÉΓòÉΓòÉΓòÉΓòÉΓòÉΓòÉΓòÉΓòÉΓòÉΓòÉΓòÉΓòÉΓòÉΓòÉΓòÉΓòÉΓòÉΓòÉΓòÉΓòÉΓòÉΓòÉΓòÉΓòÉΓòÉ
The following assertion was thrown during performLayout():
RenderBox was not laid out: RenderIgnorePointer#2211b relayoutBoundary=up8 NEEDS-PAINT
'package:flutter/src/rendering/box.dart':
Failed assertion: line 2251 pos 12: 'hasSize'

Either the assertion indicates an error in the framework itself, or we should provide substantially
more information in this error message to help you determine and fix the underlying cause.
In either case, please report this assertion by filing a bug on GitHub:
  https://github.com/flutter/flutter/issues/new?template=02_bug.yml

The relevant error-causing widget was:
  SingleChildScrollView
  SingleChildScrollView:file:///D:/Mystery/programming/projects/PYTHON_PROJECTS/focus/focus_gg/focus_flutter/lib/features/dashboard/dashboard_screen.dart:132:13

When the exception was thrown, this was the stack:
#2      RenderBox.size (package:flutter/src/rendering/box.dart:2251:12)
#3      RenderProxyBoxMixin.performLayout (package:flutter/src/rendering/proxy_box.dart:115:62)
#4      RenderObject.layout (package:flutter/src/rendering/object.dart:2775:7)
#5      RenderProxyBoxMixin.performLayout (package:flutter/src/rendering/proxy_box.dart:115:18)
#6      RenderObject.layout (package:flutter/src/rendering/object.dart:2775:7)
#7      RenderProxyBoxMixin.performLayout (package:flutter/src/rendering/proxy_box.dart:115:18)
#8      RenderObject.layout (package:flutter/src/rendering/object.dart:2775:7)
#9      RenderProxyBoxMixin.performLayout (package:flutter/src/rendering/proxy_box.dart:115:18)
#10     RenderObject.layout (package:flutter/src/rendering/object.dart:2775:7)
#11     RenderProxyBoxMixin.performLayout (package:flutter/src/rendering/proxy_box.dart:115:18)
#12     RenderObject.layout (package:flutter/src/rendering/object.dart:2775:7)
#13     RenderProxyBoxMixin.performLayout (package:flutter/src/rendering/proxy_box.dart:115:18)
#14     RenderObject.layout (package:flutter/src/rendering/object.dart:2775:7)
#15     RenderProxyBoxMixin.performLayout (package:flutter/src/rendering/proxy_box.dart:115:18)
#16     _RenderCustomClip.performLayout (package:flutter/src/rendering/proxy_box.dart:1481:11)
#17     RenderObject.layout (package:flutter/src/rendering/object.dart:2775:7)
#18     MultiChildLayoutDelegate.layoutChild (package:flutter/src/rendering/custom_layout.dart:180:12)
#19     _ScaffoldLayout.performLayout (package:flutter/src/material/scaffold.dart:1112:7)
#20     MultiChildLayoutDelegate._callPerformLayout (package:flutter/src/rendering/custom_layout.dart:249:7)
#21     RenderCustomMultiChildLayoutBox.performLayout (package:flutter/src/rendering/custom_layout.dart:420:14)
#22     RenderObject._layoutWithoutResize (package:flutter/src/rendering/object.dart:2623:7)
#23     PipelineOwner.flushLayout (package:flutter/src/rendering/object.dart:1170:18)
#24     PipelineOwner.flushLayout (package:flutter/src/rendering/object.dart:1183:15)
#25     AutomatedTestWidgetsFlutterBinding.drawFrame (package:flutter_test/src/binding.dart:1508:27)
#26     RendererBinding._handlePersistentFrameCallback (package:flutter/src/rendering/binding.dart:495:5)
#27     SchedulerBinding._invokeFrameCallback (package:flutter/src/scheduler/binding.dart:1434:15)
#28     SchedulerBinding.handleDrawFrame (package:flutter/src/scheduler/binding.dart:1347:9)
#29     AutomatedTestWidgetsFlutterBinding.pump.<anonymous closure> (package:flutter_test/src/binding.dart:1335:9)
#32     TestAsyncUtils.guard (package:flutter_test/src/test_async_utils.dart:74:41)
#33     AutomatedTestWidgetsFlutterBinding.pump (package:flutter_test/src/binding.dart:1324:27)
#34     WidgetTester.pumpAndSettle.<anonymous closure> (package:flutter_test/src/widget_tester.dart:719:23)
<asynchronous suspension>
#35     TestAsyncUtils.guard.<anonymous closure> (package:flutter_test/src/test_async_utils.dart:130:27)
<asynchronous suspension>
#36     main.<anonymous closure> (file:///D:/Mystery/programming/projects/PYTHON_PROJECTS/focus/focus_gg/focus_flutter/test/widget_test.dart:20:5)
<asynchronous suspension>
#37     testWidgets.<anonymous closure>.<anonymous closure> (package:flutter_test/src/widget_tester.dart:192:15)
<asynchronous suspension>
#38     TestWidgetsFlutterBinding._runTestBody (package:flutter_test/src/binding.dart:1059:5)
<asynchronous suspension>
<asynchronous suspension>
(elided 5 frames from class _AssertionError, dart:async, and package:stack_trace)

The following RenderObject was being processed when the exception was fired: RenderSemanticsAnnotations#4d9bb relayoutBoundary=up7 NEEDS-LAYOUT NEEDS-PAINT:
  needs compositing
  creator: Semantics ΓåÉ Listener ΓåÉ _GestureSemantics ΓåÉ
    RawGestureDetector-[LabeledGlobalKey<RawGestureDetectorState>#b16d0] ΓåÉ Listener ΓåÉ _ScrollableScope
    ΓåÉ _ScrollSemantics-[GlobalKey#1fa52] ΓåÉ NotificationListener<ScrollMetricsNotification> ΓåÉ Transform
    ΓåÉ StretchEffect ΓåÉ ClipRect ΓåÉ AnimatedBuilder ΓåÉ Γï»
  parentData: <none> (can use size)
  constraints: BoxConstraints(0.0<=w<=800.0, 0.0<=h<=534.0)
  size: MISSING
This RenderObject had the following descendants (showing up to depth 5):
    child: RenderIgnorePointer#2211b relayoutBoundary=up8 NEEDS-PAINT
      child: _RenderSingleChildViewport#06cd3 relayoutBoundary=up9 NEEDS-PAINT
        child: RenderPadding#05935 relayoutBoundary=up10 NEEDS-PAINT
          child: RenderPositionedBox#201c0 relayoutBoundary=up11 NEEDS-PAINT
            child: RenderConstrainedBox#89b07 relayoutBoundary=up12 NEEDS-PAINT
ΓòÉΓòÉΓòÉΓòÉΓòÉΓòÉΓòÉΓòÉΓòÉΓòÉΓòÉΓòÉΓòÉΓòÉΓòÉΓòÉΓòÉΓòÉΓòÉΓòÉΓòÉΓòÉΓòÉΓòÉΓòÉΓòÉΓòÉΓòÉΓòÉΓòÉΓòÉΓòÉΓòÉΓòÉΓòÉΓòÉΓòÉΓòÉΓòÉΓòÉΓòÉΓòÉΓòÉΓòÉΓòÉΓòÉΓòÉΓòÉΓòÉΓòÉΓòÉΓòÉΓòÉΓòÉΓòÉΓòÉΓòÉΓòÉΓòÉΓòÉΓòÉΓòÉΓòÉΓòÉΓòÉΓòÉΓòÉΓòÉΓòÉΓòÉΓòÉΓòÉΓòÉΓòÉΓòÉΓòÉΓòÉΓòÉΓòÉΓòÉΓòÉΓòÉΓòÉΓòÉΓòÉΓòÉΓòÉΓòÉΓòÉΓòÉΓòÉΓòÉΓòÉΓòÉΓòÉΓòÉΓòÉΓòÉΓòÉΓòÉ
ΓòÉΓòÉΓòí EXCEPTION CAUGHT BY RENDERING LIBRARY Γò₧ΓòÉΓòÉΓòÉΓòÉΓòÉΓòÉΓòÉΓòÉΓòÉΓòÉΓòÉΓòÉΓòÉΓòÉΓòÉΓòÉΓòÉΓòÉΓòÉΓòÉΓòÉΓòÉΓòÉΓòÉΓòÉΓòÉΓòÉΓòÉΓòÉΓòÉΓòÉΓòÉΓòÉΓòÉΓòÉΓòÉΓòÉΓòÉΓòÉΓòÉΓòÉΓòÉΓòÉΓòÉΓòÉΓòÉΓòÉΓòÉΓòÉΓòÉΓòÉΓòÉΓòÉΓòÉΓòÉΓòÉΓòÉ
The following assertion was thrown during performLayout():
RenderBox was not laid out: RenderSemanticsAnnotations#4d9bb relayoutBoundary=up7 NEEDS-PAINT
'package:flutter/src/rendering/box.dart':
Failed assertion: line 2251 pos 12: 'hasSize'

Either the assertion indicates an error in the framework itself, or we should provide substantially
more information in this error message to help you determine and fix the underlying cause.
In either case, please report this assertion by filing a bug on GitHub:
  https://github.com/flutter/flutter/issues/new?template=02_bug.yml

The relevant error-causing widget was:
  SingleChildScrollView
  SingleChildScrollView:file:///D:/Mystery/programming/projects/PYTHON_PROJECTS/focus/focus_gg/focus_flutter/lib/features/dashboard/dashboard_screen.dart:132:13

When the exception was thrown, this was the stack:
#2      RenderBox.size (package:flutter/src/rendering/box.dart:2251:12)
#3      RenderProxyBoxMixin.performLayout (package:flutter/src/rendering/proxy_box.dart:115:62)
#4      RenderObject.layout (package:flutter/src/rendering/object.dart:2775:7)
#5      RenderProxyBoxMixin.performLayout (package:flutter/src/rendering/proxy_box.dart:115:18)
#6      RenderObject.layout (package:flutter/src/rendering/object.dart:2775:7)
#7      RenderProxyBoxMixin.performLayout (package:flutter/src/rendering/proxy_box.dart:115:18)
#8      RenderObject.layout (package:flutter/src/rendering/object.dart:2775:7)
#9      RenderProxyBoxMixin.performLayout (package:flutter/src/rendering/proxy_box.dart:115:18)
#10     RenderObject.layout (package:flutter/src/rendering/object.dart:2775:7)
#11     RenderProxyBoxMixin.performLayout (package:flutter/src/rendering/proxy_box.dart:115:18)
#12     RenderObject.layout (package:flutter/src/rendering/object.dart:2775:7)
#13     RenderProxyBoxMixin.performLayout (package:flutter/src/rendering/proxy_box.dart:115:18)
#14     _RenderCustomClip.performLayout (package:flutter/src/rendering/proxy_box.dart:1481:11)
#15     RenderObject.layout (package:flutter/src/rendering/object.dart:2775:7)
#16     MultiChildLayoutDelegate.layoutChild (package:flutter/src/rendering/custom_layout.dart:180:12)
#17     _ScaffoldLayout.performLayout (package:flutter/src/material/scaffold.dart:1112:7)
#18     MultiChildLayoutDelegate._callPerformLayout (package:flutter/src/rendering/custom_layout.dart:249:7)
#19     RenderCustomMultiChildLayoutBox.performLayout (package:flutter/src/rendering/custom_layout.dart:420:14)
#20     RenderObject._layoutWithoutResize (package:flutter/src/rendering/object.dart:2623:7)
#21     PipelineOwner.flushLayout (package:flutter/src/rendering/object.dart:1170:18)
#22     PipelineOwner.flushLayout (package:flutter/src/rendering/object.dart:1183:15)
#23     AutomatedTestWidgetsFlutterBinding.drawFrame (package:flutter_test/src/binding.dart:1508:27)
#24     RendererBinding._handlePersistentFrameCallback (package:flutter/src/rendering/binding.dart:495:5)
#25     SchedulerBinding._invokeFrameCallback (package:flutter/src/scheduler/binding.dart:1434:15)
#26     SchedulerBinding.handleDrawFrame (package:flutter/src/scheduler/binding.dart:1347:9)
#27     AutomatedTestWidgetsFlutterBinding.pump.<anonymous closure> (package:flutter_test/src/binding.dart:1335:9)
#30     TestAsyncUtils.guard (package:flutter_test/src/test_async_utils.dart:74:41)
#31     AutomatedTestWidgetsFlutterBinding.pump (package:flutter_test/src/binding.dart:1324:27)
#32     WidgetTester.pumpAndSettle.<anonymous closure> (package:flutter_test/src/widget_tester.dart:719:23)
<asynchronous suspension>
#33     TestAsyncUtils.guard.<anonymous closure> (package:flutter_test/src/test_async_utils.dart:130:27)
<asynchronous suspension>
#34     main.<anonymous closure> (file:///D:/Mystery/programming/projects/PYTHON_PROJECTS/focus/focus_gg/focus_flutter/test/widget_test.dart:20:5)
<asynchronous suspension>
#35     testWidgets.<anonymous closure>.<anonymous closure> (package:flutter_test/src/widget_tester.dart:192:15)
<asynchronous suspension>
#36     TestWidgetsFlutterBinding._runTestBody (package:flutter_test/src/binding.dart:1059:5)
<asynchronous suspension>
<asynchronous suspension>
(elided 5 frames from class _AssertionError, dart:async, and package:stack_trace)

The following RenderObject was being processed when the exception was fired: RenderPointerListener#6d0ca relayoutBoundary=up6 NEEDS-LAYOUT NEEDS-PAINT:
  needs compositing
  creator: Listener ΓåÉ _GestureSemantics ΓåÉ
    RawGestureDetector-[LabeledGlobalKey<RawGestureDetectorState>#b16d0] ΓåÉ Listener ΓåÉ _ScrollableScope
    ΓåÉ _ScrollSemantics-[GlobalKey#1fa52] ΓåÉ NotificationListener<ScrollMetricsNotification> ΓåÉ Transform
    ΓåÉ StretchEffect ΓåÉ ClipRect ΓåÉ AnimatedBuilder ΓåÉ NotificationListener<ScrollNotification> ΓåÉ Γï»
  parentData: <none> (can use size)
  constraints: BoxConstraints(0.0<=w<=800.0, 0.0<=h<=534.0)
  size: MISSING
  behavior: opaque
  listeners: down, panZoomStart
This RenderObject had the following descendants (showing up to depth 5):
    child: RenderSemanticsAnnotations#4d9bb relayoutBoundary=up7 NEEDS-PAINT
      child: RenderIgnorePointer#2211b relayoutBoundary=up8 NEEDS-PAINT
        child: _RenderSingleChildViewport#06cd3 relayoutBoundary=up9 NEEDS-PAINT
          child: RenderPadding#05935 relayoutBoundary=up10 NEEDS-PAINT
            child: RenderPositionedBox#201c0 relayoutBoundary=up11 NEEDS-PAINT
ΓòÉΓòÉΓòÉΓòÉΓòÉΓòÉΓòÉΓòÉΓòÉΓòÉΓòÉΓòÉΓòÉΓòÉΓòÉΓòÉΓòÉΓòÉΓòÉΓòÉΓòÉΓòÉΓòÉΓòÉΓòÉΓòÉΓòÉΓòÉΓòÉΓòÉΓòÉΓòÉΓòÉΓòÉΓòÉΓòÉΓòÉΓòÉΓòÉΓòÉΓòÉΓòÉΓòÉΓòÉΓòÉΓòÉΓòÉΓòÉΓòÉΓòÉΓòÉΓòÉΓòÉΓòÉΓòÉΓòÉΓòÉΓòÉΓòÉΓòÉΓòÉΓòÉΓòÉΓòÉΓòÉΓòÉΓòÉΓòÉΓòÉΓòÉΓòÉΓòÉΓòÉΓòÉΓòÉΓòÉΓòÉΓòÉΓòÉΓòÉΓòÉΓòÉΓòÉΓòÉΓòÉΓòÉΓòÉΓòÉΓòÉΓòÉΓòÉΓòÉΓòÉΓòÉΓòÉΓòÉΓòÉΓòÉΓòÉΓòÉ
ΓòÉΓòÉΓòí EXCEPTION CAUGHT BY RENDERING LIBRARY Γò₧ΓòÉΓòÉΓòÉΓòÉΓòÉΓòÉΓòÉΓòÉΓòÉΓòÉΓòÉΓòÉΓòÉΓòÉΓòÉΓòÉΓòÉΓòÉΓòÉΓòÉΓòÉΓòÉΓòÉΓòÉΓòÉΓòÉΓòÉΓòÉΓòÉΓòÉΓòÉΓòÉΓòÉΓòÉΓòÉΓòÉΓòÉΓòÉΓòÉΓòÉΓòÉΓòÉΓòÉΓòÉΓòÉΓòÉΓòÉΓòÉΓòÉΓòÉΓòÉΓòÉΓòÉΓòÉΓòÉΓòÉΓòÉ
The following assertion was thrown during performLayout():
RenderBox was not laid out: RenderPointerListener#6d0ca relayoutBoundary=up6 NEEDS-PAINT
'package:flutter/src/rendering/box.dart':
Failed assertion: line 2251 pos 12: 'hasSize'

Either the assertion indicates an error in the framework itself, or we should provide substantially
more information in this error message to help you determine and fix the underlying cause.
In either case, please report this assertion by filing a bug on GitHub:
  https://github.com/flutter/flutter/issues/new?template=02_bug.yml

The relevant error-causing widget was:
  SingleChildScrollView
  SingleChildScrollView:file:///D:/Mystery/programming/projects/PYTHON_PROJECTS/focus/focus_gg/focus_flutter/lib/features/dashboard/dashboard_screen.dart:132:13

When the exception was thrown, this was the stack:
#2      RenderBox.size (package:flutter/src/rendering/box.dart:2251:12)
#3      RenderProxyBoxMixin.performLayout (package:flutter/src/rendering/proxy_box.dart:115:62)
#4      RenderObject.layout (package:flutter/src/rendering/object.dart:2775:7)
#5      RenderProxyBoxMixin.performLayout (package:flutter/src/rendering/proxy_box.dart:115:18)
#6      RenderObject.layout (package:flutter/src/rendering/object.dart:2775:7)
#7      RenderProxyBoxMixin.performLayout (package:flutter/src/rendering/proxy_box.dart:115:18)
#8      RenderObject.layout (package:flutter/src/rendering/object.dart:2775:7)
#9      RenderProxyBoxMixin.performLayout (package:flutter/src/rendering/proxy_box.dart:115:18)
#10     RenderObject.layout (package:flutter/src/rendering/object.dart:2775:7)
#11     RenderProxyBoxMixin.performLayout (package:flutter/src/rendering/proxy_box.dart:115:18)
#12     _RenderCustomClip.performLayout (package:flutter/src/rendering/proxy_box.dart:1481:11)
#13     RenderObject.layout (package:flutter/src/rendering/object.dart:2775:7)
#14     MultiChildLayoutDelegate.layoutChild (package:flutter/src/rendering/custom_layout.dart:180:12)
#15     _ScaffoldLayout.performLayout (package:flutter/src/material/scaffold.dart:1112:7)
#16     MultiChildLayoutDelegate._callPerformLayout (package:flutter/src/rendering/custom_layout.dart:249:7)
#17     RenderCustomMultiChildLayoutBox.performLayout (package:flutter/src/rendering/custom_layout.dart:420:14)
#18     RenderObject._layoutWithoutResize (package:flutter/src/rendering/object.dart:2623:7)
#19     PipelineOwner.flushLayout (package:flutter/src/rendering/object.dart:1170:18)
#20     PipelineOwner.flushLayout (package:flutter/src/rendering/object.dart:1183:15)
#21     AutomatedTestWidgetsFlutterBinding.drawFrame (package:flutter_test/src/binding.dart:1508:27)
#22     RendererBinding._handlePersistentFrameCallback (package:flutter/src/rendering/binding.dart:495:5)
#23     SchedulerBinding._invokeFrameCallback (package:flutter/src/scheduler/binding.dart:1434:15)
#24     SchedulerBinding.handleDrawFrame (package:flutter/src/scheduler/binding.dart:1347:9)
#25     AutomatedTestWidgetsFlutterBinding.pump.<anonymous closure> (package:flutter_test/src/binding.dart:1335:9)
#28     TestAsyncUtils.guard (package:flutter_test/src/test_async_utils.dart:74:41)
#29     AutomatedTestWidgetsFlutterBinding.pump (package:flutter_test/src/binding.dart:1324:27)
#30     WidgetTester.pumpAndSettle.<anonymous closure> (package:flutter_test/src/widget_tester.dart:719:23)
<asynchronous suspension>
#31     TestAsyncUtils.guard.<anonymous closure> (package:flutter_test/src/test_async_utils.dart:130:27)
<asynchronous suspension>
#32     main.<anonymous closure> (file:///D:/Mystery/programming/projects/PYTHON_PROJECTS/focus/focus_gg/focus_flutter/test/widget_test.dart:20:5)
<asynchronous suspension>
#33     testWidgets.<anonymous closure>.<anonymous closure> (package:flutter_test/src/widget_tester.dart:192:15)
<asynchronous suspension>
#34     TestWidgetsFlutterBinding._runTestBody (package:flutter_test/src/binding.dart:1059:5)
<asynchronous suspension>
<asynchronous suspension>
(elided 5 frames from class _AssertionError, dart:async, and package:stack_trace)

The following RenderObject was being processed when the exception was fired: RenderSemanticsGestureHandler#bece2 relayoutBoundary=up5 NEEDS-LAYOUT NEEDS-PAINT:
  needs compositing
  creator: _GestureSemantics ΓåÉ RawGestureDetector-[LabeledGlobalKey<RawGestureDetectorState>#b16d0] ΓåÉ
    Listener ΓåÉ _ScrollableScope ΓåÉ _ScrollSemantics-[GlobalKey#1fa52] ΓåÉ
    NotificationListener<ScrollMetricsNotification> ΓåÉ Transform ΓåÉ StretchEffect ΓåÉ ClipRect ΓåÉ
    AnimatedBuilder ΓåÉ NotificationListener<ScrollNotification> ΓåÉ StretchingOverscrollIndicator ΓåÉ Γï»
  parentData: <none> (can use size)
  constraints: BoxConstraints(0.0<=w<=800.0, 0.0<=h<=534.0)
  size: MISSING
  behavior: opaque
  gestures: <none>
This RenderObject had the following descendants (showing up to depth 5):
    child: RenderPointerListener#6d0ca relayoutBoundary=up6 NEEDS-PAINT
      child: RenderSemanticsAnnotations#4d9bb relayoutBoundary=up7 NEEDS-PAINT
        child: RenderIgnorePointer#2211b relayoutBoundary=up8 NEEDS-PAINT
          child: _RenderSingleChildViewport#06cd3 relayoutBoundary=up9 NEEDS-PAINT
            child: RenderPadding#05935 relayoutBoundary=up10 NEEDS-PAINT
ΓòÉΓòÉΓòÉΓòÉΓòÉΓòÉΓòÉΓòÉΓòÉΓòÉΓòÉΓòÉΓòÉΓòÉΓòÉΓòÉΓòÉΓòÉΓòÉΓòÉΓòÉΓòÉΓòÉΓòÉΓòÉΓòÉΓòÉΓòÉΓòÉΓòÉΓòÉΓòÉΓòÉΓòÉΓòÉΓòÉΓòÉΓòÉΓòÉΓòÉΓòÉΓòÉΓòÉΓòÉΓòÉΓòÉΓòÉΓòÉΓòÉΓòÉΓòÉΓòÉΓòÉΓòÉΓòÉΓòÉΓòÉΓòÉΓòÉΓòÉΓòÉΓòÉΓòÉΓòÉΓòÉΓòÉΓòÉΓòÉΓòÉΓòÉΓòÉΓòÉΓòÉΓòÉΓòÉΓòÉΓòÉΓòÉΓòÉΓòÉΓòÉΓòÉΓòÉΓòÉΓòÉΓòÉΓòÉΓòÉΓòÉΓòÉΓòÉΓòÉΓòÉΓòÉΓòÉΓòÉΓòÉΓòÉΓòÉΓòÉ
ΓòÉΓòÉΓòí EXCEPTION CAUGHT BY RENDERING LIBRARY Γò₧ΓòÉΓòÉΓòÉΓòÉΓòÉΓòÉΓòÉΓòÉΓòÉΓòÉΓòÉΓòÉΓòÉΓòÉΓòÉΓòÉΓòÉΓòÉΓòÉΓòÉΓòÉΓòÉΓòÉΓòÉΓòÉΓòÉΓòÉΓòÉΓòÉΓòÉΓòÉΓòÉΓòÉΓòÉΓòÉΓòÉΓòÉΓòÉΓòÉΓòÉΓòÉΓòÉΓòÉΓòÉΓòÉΓòÉΓòÉΓòÉΓòÉΓòÉΓòÉΓòÉΓòÉΓòÉΓòÉΓòÉΓòÉ
The following assertion was thrown during performLayout():
RenderBox was not laid out: RenderSemanticsGestureHandler#bece2 relayoutBoundary=up5 NEEDS-PAINT
'package:flutter/src/rendering/box.dart':
Failed assertion: line 2251 pos 12: 'hasSize'

Either the assertion indicates an error in the framework itself, or we should provide substantially
more information in this error message to help you determine and fix the underlying cause.
In either case, please report this assertion by filing a bug on GitHub:
  https://github.com/flutter/flutter/issues/new?template=02_bug.yml

The relevant error-causing widget was:
  SingleChildScrollView
  SingleChildScrollView:file:///D:/Mystery/programming/projects/PYTHON_PROJECTS/focus/focus_gg/focus_flutter/lib/features/dashboard/dashboard_screen.dart:132:13

When the exception was thrown, this was the stack:
#2      RenderBox.size (package:flutter/src/rendering/box.dart:2251:12)
#3      RenderProxyBoxMixin.performLayout (package:flutter/src/rendering/proxy_box.dart:115:62)
#4      RenderObject.layout (package:flutter/src/rendering/object.dart:2775:7)
#5      RenderProxyBoxMixin.performLayout (package:flutter/src/rendering/proxy_box.dart:115:18)
#6      RenderObject.layout (package:flutter/src/rendering/object.dart:2775:7)
#7      RenderProxyBoxMixin.performLayout (package:flutter/src/rendering/proxy_box.dart:115:18)
#8      RenderObject.layout (package:flutter/src/rendering/object.dart:2775:7)
#9      RenderProxyBoxMixin.performLayout (package:flutter/src/rendering/proxy_box.dart:115:18)
#10     _RenderCustomClip.performLayout (package:flutter/src/rendering/proxy_box.dart:1481:11)
#11     RenderObject.layout (package:flutter/src/rendering/object.dart:2775:7)
#12     MultiChildLayoutDelegate.layoutChild (package:flutter/src/rendering/custom_layout.dart:180:12)
#13     _ScaffoldLayout.performLayout (package:flutter/src/material/scaffold.dart:1112:7)
#14     MultiChildLayoutDelegate._callPerformLayout (package:flutter/src/rendering/custom_layout.dart:249:7)
#15     RenderCustomMultiChildLayoutBox.performLayout (package:flutter/src/rendering/custom_layout.dart:420:14)
#16     RenderObject._layoutWithoutResize (package:flutter/src/rendering/object.dart:2623:7)
#17     PipelineOwner.flushLayout (package:flutter/src/rendering/object.dart:1170:18)
#18     PipelineOwner.flushLayout (package:flutter/src/rendering/object.dart:1183:15)
#19     AutomatedTestWidgetsFlutterBinding.drawFrame (package:flutter_test/src/binding.dart:1508:27)
#20     RendererBinding._handlePersistentFrameCallback (package:flutter/src/rendering/binding.dart:495:5)
#21     SchedulerBinding._invokeFrameCallback (package:flutter/src/scheduler/binding.dart:1434:15)
#22     SchedulerBinding.handleDrawFrame (package:flutter/src/scheduler/binding.dart:1347:9)
#23     AutomatedTestWidgetsFlutterBinding.pump.<anonymous closure> (package:flutter_test/src/binding.dart:1335:9)
#26     TestAsyncUtils.guard (package:flutter_test/src/test_async_utils.dart:74:41)
#27     AutomatedTestWidgetsFlutterBinding.pump (package:flutter_test/src/binding.dart:1324:27)
#28     WidgetTester.pumpAndSettle.<anonymous closure> (package:flutter_test/src/widget_tester.dart:719:23)
<asynchronous suspension>
#29     TestAsyncUtils.guard.<anonymous closure> (package:flutter_test/src/test_async_utils.dart:130:27)
<asynchronous suspension>
#30     main.<anonymous closure> (file:///D:/Mystery/programming/projects/PYTHON_PROJECTS/focus/focus_gg/focus_flutter/test/widget_test.dart:20:5)
<asynchronous suspension>
#31     testWidgets.<anonymous closure>.<anonymous closure> (package:flutter_test/src/widget_tester.dart:192:15)
<asynchronous suspension>
#32     TestWidgetsFlutterBinding._runTestBody (package:flutter_test/src/binding.dart:1059:5)
<asynchronous suspension>
<asynchronous suspension>
(elided 5 frames from class _AssertionError, dart:async, and package:stack_trace)

The following RenderObject was being processed when the exception was fired: RenderPointerListener#1e896 relayoutBoundary=up4 NEEDS-LAYOUT NEEDS-PAINT:
  needs compositing
  creator: Listener ΓåÉ _ScrollableScope ΓåÉ _ScrollSemantics-[GlobalKey#1fa52] ΓåÉ
    NotificationListener<ScrollMetricsNotification> ΓåÉ Transform ΓåÉ StretchEffect ΓåÉ ClipRect ΓåÉ
    AnimatedBuilder ΓåÉ NotificationListener<ScrollNotification> ΓåÉ StretchingOverscrollIndicator ΓåÉ
    Scrollable ΓåÉ PrimaryScrollController ΓåÉ Γï»
  parentData: <none> (can use size)
  constraints: BoxConstraints(0.0<=w<=800.0, 0.0<=h<=534.0)
  size: MISSING
  behavior: deferToChild
  listeners: signal
This RenderObject had the following descendants (showing up to depth 5):
    child: RenderSemanticsGestureHandler#bece2 relayoutBoundary=up5 NEEDS-PAINT
      child: RenderPointerListener#6d0ca relayoutBoundary=up6 NEEDS-PAINT
        child: RenderSemanticsAnnotations#4d9bb relayoutBoundary=up7 NEEDS-PAINT
          child: RenderIgnorePointer#2211b relayoutBoundary=up8 NEEDS-PAINT
            child: _RenderSingleChildViewport#06cd3 relayoutBoundary=up9 NEEDS-PAINT
ΓòÉΓòÉΓòÉΓòÉΓòÉΓòÉΓòÉΓòÉΓòÉΓòÉΓòÉΓòÉΓòÉΓòÉΓòÉΓòÉΓòÉΓòÉΓòÉΓòÉΓòÉΓòÉΓòÉΓòÉΓòÉΓòÉΓòÉΓòÉΓòÉΓòÉΓòÉΓòÉΓòÉΓòÉΓòÉΓòÉΓòÉΓòÉΓòÉΓòÉΓòÉΓòÉΓòÉΓòÉΓòÉΓòÉΓòÉΓòÉΓòÉΓòÉΓòÉΓòÉΓòÉΓòÉΓòÉΓòÉΓòÉΓòÉΓòÉΓòÉΓòÉΓòÉΓòÉΓòÉΓòÉΓòÉΓòÉΓòÉΓòÉΓòÉΓòÉΓòÉΓòÉΓòÉΓòÉΓòÉΓòÉΓòÉΓòÉΓòÉΓòÉΓòÉΓòÉΓòÉΓòÉΓòÉΓòÉΓòÉΓòÉΓòÉΓòÉΓòÉΓòÉΓòÉΓòÉΓòÉΓòÉΓòÉΓòÉΓòÉ
ΓòÉΓòÉΓòí EXCEPTION CAUGHT BY RENDERING LIBRARY Γò₧ΓòÉΓòÉΓòÉΓòÉΓòÉΓòÉΓòÉΓòÉΓòÉΓòÉΓòÉΓòÉΓòÉΓòÉΓòÉΓòÉΓòÉΓòÉΓòÉΓòÉΓòÉΓòÉΓòÉΓòÉΓòÉΓòÉΓòÉΓòÉΓòÉΓòÉΓòÉΓòÉΓòÉΓòÉΓòÉΓòÉΓòÉΓòÉΓòÉΓòÉΓòÉΓòÉΓòÉΓòÉΓòÉΓòÉΓòÉΓòÉΓòÉΓòÉΓòÉΓòÉΓòÉΓòÉΓòÉΓòÉΓòÉ
The following assertion was thrown during performLayout():
RenderBox was not laid out: RenderPointerListener#1e896 relayoutBoundary=up4 NEEDS-PAINT
'package:flutter/src/rendering/box.dart':
Failed assertion: line 2251 pos 12: 'hasSize'

Either the assertion indicates an error in the framework itself, or we should provide substantially
more information in this error message to help you determine and fix the underlying cause.
In either case, please report this assertion by filing a bug on GitHub:
  https://github.com/flutter/flutter/issues/new?template=02_bug.yml

The relevant error-causing widget was:
  SingleChildScrollView
  SingleChildScrollView:file:///D:/Mystery/programming/projects/PYTHON_PROJECTS/focus/focus_gg/focus_flutter/lib/features/dashboard/dashboard_screen.dart:132:13

When the exception was thrown, this was the stack:
#2      RenderBox.size (package:flutter/src/rendering/box.dart:2251:12)
#3      RenderProxyBoxMixin.performLayout (package:flutter/src/rendering/proxy_box.dart:115:62)
#4      RenderObject.layout (package:flutter/src/rendering/object.dart:2775:7)
#5      RenderProxyBoxMixin.performLayout (package:flutter/src/rendering/proxy_box.dart:115:18)
#6      RenderObject.layout (package:flutter/src/rendering/object.dart:2775:7)
#7      RenderProxyBoxMixin.performLayout (package:flutter/src/rendering/proxy_box.dart:115:18)
#8      _RenderCustomClip.performLayout (package:flutter/src/rendering/proxy_box.dart:1481:11)
#9      RenderObject.layout (package:flutter/src/rendering/object.dart:2775:7)
#10     MultiChildLayoutDelegate.layoutChild (package:flutter/src/rendering/custom_layout.dart:180:12)
#11     _ScaffoldLayout.performLayout (package:flutter/src/material/scaffold.dart:1112:7)
#12     MultiChildLayoutDelegate._callPerformLayout (package:flutter/src/rendering/custom_layout.dart:249:7)
#13     RenderCustomMultiChildLayoutBox.performLayout (package:flutter/src/rendering/custom_layout.dart:420:14)
#14     RenderObject._layoutWithoutResize (package:flutter/src/rendering/object.dart:2623:7)
#15     PipelineOwner.flushLayout (package:flutter/src/rendering/object.dart:1170:18)
#16     PipelineOwner.flushLayout (package:flutter/src/rendering/object.dart:1183:15)
#17     AutomatedTestWidgetsFlutterBinding.drawFrame (package:flutter_test/src/binding.dart:1508:27)
#18     RendererBinding._handlePersistentFrameCallback (package:flutter/src/rendering/binding.dart:495:5)
#19     SchedulerBinding._invokeFrameCallback (package:flutter/src/scheduler/binding.dart:1434:15)
#20     SchedulerBinding.handleDrawFrame (package:flutter/src/scheduler/binding.dart:1347:9)
#21     AutomatedTestWidgetsFlutterBinding.pump.<anonymous closure> (package:flutter_test/src/binding.dart:1335:9)
#24     TestAsyncUtils.guard (package:flutter_test/src/test_async_utils.dart:74:41)
#25     AutomatedTestWidgetsFlutterBinding.pump (package:flutter_test/src/binding.dart:1324:27)
#26     WidgetTester.pumpAndSettle.<anonymous closure> (package:flutter_test/src/widget_tester.dart:719:23)
<asynchronous suspension>
#27     TestAsyncUtils.guard.<anonymous closure> (package:flutter_test/src/test_async_utils.dart:130:27)
<asynchronous suspension>
#28     main.<anonymous closure> (file:///D:/Mystery/programming/projects/PYTHON_PROJECTS/focus/focus_gg/focus_flutter/test/widget_test.dart:20:5)
<asynchronous suspension>
#29     testWidgets.<anonymous closure>.<anonymous closure> (package:flutter_test/src/widget_tester.dart:192:15)
<asynchronous suspension>
#30     TestWidgetsFlutterBinding._runTestBody (package:flutter_test/src/binding.dart:1059:5)
<asynchronous suspension>
<asynchronous suspension>
(elided 5 frames from class _AssertionError, dart:async, and package:stack_trace)

The following RenderObject was being processed when the exception was fired: _RenderScrollSemantics#ebf7b relayoutBoundary=up3 NEEDS-LAYOUT NEEDS-PAINT:
  needs compositing
  creator: _ScrollSemantics-[GlobalKey#1fa52] ΓåÉ NotificationListener<ScrollMetricsNotification> ΓåÉ
    Transform ΓåÉ StretchEffect ΓåÉ ClipRect ΓåÉ AnimatedBuilder ΓåÉ NotificationListener<ScrollNotification>
    ΓåÉ StretchingOverscrollIndicator ΓåÉ Scrollable ΓåÉ PrimaryScrollController ΓåÉ SingleChildScrollView ΓåÉ
    KeyedSubtree-[GlobalKey#15fcd] ΓåÉ Γï»
  parentData: <none> (can use size)
  constraints: BoxConstraints(0.0<=w<=800.0, 0.0<=h<=534.0)
  semantic boundary
  size: MISSING
This RenderObject had the following descendants (showing up to depth 5):
    child: RenderPointerListener#1e896 relayoutBoundary=up4 NEEDS-PAINT
      child: RenderSemanticsGestureHandler#bece2 relayoutBoundary=up5 NEEDS-PAINT
        child: RenderPointerListener#6d0ca relayoutBoundary=up6 NEEDS-PAINT
          child: RenderSemanticsAnnotations#4d9bb relayoutBoundary=up7 NEEDS-PAINT
            child: RenderIgnorePointer#2211b relayoutBoundary=up8 NEEDS-PAINT
ΓòÉΓòÉΓòÉΓòÉΓòÉΓòÉΓòÉΓòÉΓòÉΓòÉΓòÉΓòÉΓòÉΓòÉΓòÉΓòÉΓòÉΓòÉΓòÉΓòÉΓòÉΓòÉΓòÉΓòÉΓòÉΓòÉΓòÉΓòÉΓòÉΓòÉΓòÉΓòÉΓòÉΓòÉΓòÉΓòÉΓòÉΓòÉΓòÉΓòÉΓòÉΓòÉΓòÉΓòÉΓòÉΓòÉΓòÉΓòÉΓòÉΓòÉΓòÉΓòÉΓòÉΓòÉΓòÉΓòÉΓòÉΓòÉΓòÉΓòÉΓòÉΓòÉΓòÉΓòÉΓòÉΓòÉΓòÉΓòÉΓòÉΓòÉΓòÉΓòÉΓòÉΓòÉΓòÉΓòÉΓòÉΓòÉΓòÉΓòÉΓòÉΓòÉΓòÉΓòÉΓòÉΓòÉΓòÉΓòÉΓòÉΓòÉΓòÉΓòÉΓòÉΓòÉΓòÉΓòÉΓòÉΓòÉΓòÉΓòÉ
ΓòÉΓòÉΓòí EXCEPTION CAUGHT BY RENDERING LIBRARY Γò₧ΓòÉΓòÉΓòÉΓòÉΓòÉΓòÉΓòÉΓòÉΓòÉΓòÉΓòÉΓòÉΓòÉΓòÉΓòÉΓòÉΓòÉΓòÉΓòÉΓòÉΓòÉΓòÉΓòÉΓòÉΓòÉΓòÉΓòÉΓòÉΓòÉΓòÉΓòÉΓòÉΓòÉΓòÉΓòÉΓòÉΓòÉΓòÉΓòÉΓòÉΓòÉΓòÉΓòÉΓòÉΓòÉΓòÉΓòÉΓòÉΓòÉΓòÉΓòÉΓòÉΓòÉΓòÉΓòÉΓòÉΓòÉ
The following assertion was thrown during performLayout():
RenderBox was not laid out: _RenderScrollSemantics#ebf7b relayoutBoundary=up3 NEEDS-PAINT
'package:flutter/src/rendering/box.dart':
Failed assertion: line 2251 pos 12: 'hasSize'

Either the assertion indicates an error in the framework itself, or we should provide substantially
more information in this error message to help you determine and fix the underlying cause.
In either case, please report this assertion by filing a bug on GitHub:
  https://github.com/flutter/flutter/issues/new?template=02_bug.yml

The relevant error-causing widget was:
  SingleChildScrollView
  SingleChildScrollView:file:///D:/Mystery/programming/projects/PYTHON_PROJECTS/focus/focus_gg/focus_flutter/lib/features/dashboard/dashboard_screen.dart:132:13

When the exception was thrown, this was the stack:
#2      RenderBox.size (package:flutter/src/rendering/box.dart:2251:12)
#3      RenderProxyBoxMixin.performLayout (package:flutter/src/rendering/proxy_box.dart:115:62)
#4      RenderObject.layout (package:flutter/src/rendering/object.dart:2775:7)
#5      RenderProxyBoxMixin.performLayout (package:flutter/src/rendering/proxy_box.dart:115:18)
#6      _RenderCustomClip.performLayout (package:flutter/src/rendering/proxy_box.dart:1481:11)
#7      RenderObject.layout (package:flutter/src/rendering/object.dart:2775:7)
#8      MultiChildLayoutDelegate.layoutChild (package:flutter/src/rendering/custom_layout.dart:180:12)
#9      _ScaffoldLayout.performLayout (package:flutter/src/material/scaffold.dart:1112:7)
#10     MultiChildLayoutDelegate._callPerformLayout (package:flutter/src/rendering/custom_layout.dart:249:7)
#11     RenderCustomMultiChildLayoutBox.performLayout (package:flutter/src/rendering/custom_layout.dart:420:14)
#12     RenderObject._layoutWithoutResize (package:flutter/src/rendering/object.dart:2623:7)
#13     PipelineOwner.flushLayout (package:flutter/src/rendering/object.dart:1170:18)
#14     PipelineOwner.flushLayout (package:flutter/src/rendering/object.dart:1183:15)
#15     AutomatedTestWidgetsFlutterBinding.drawFrame (package:flutter_test/src/binding.dart:1508:27)
#16     RendererBinding._handlePersistentFrameCallback (package:flutter/src/rendering/binding.dart:495:5)
#17     SchedulerBinding._invokeFrameCallback (package:flutter/src/scheduler/binding.dart:1434:15)
#18     SchedulerBinding.handleDrawFrame (package:flutter/src/scheduler/binding.dart:1347:9)
#19     AutomatedTestWidgetsFlutterBinding.pump.<anonymous closure> (package:flutter_test/src/binding.dart:1335:9)
#22     TestAsyncUtils.guard (package:flutter_test/src/test_async_utils.dart:74:41)
#23     AutomatedTestWidgetsFlutterBinding.pump (package:flutter_test/src/binding.dart:1324:27)
#24     WidgetTester.pumpAndSettle.<anonymous closure> (package:flutter_test/src/widget_tester.dart:719:23)
<asynchronous suspension>
#25     TestAsyncUtils.guard.<anonymous closure> (package:flutter_test/src/test_async_utils.dart:130:27)
<asynchronous suspension>
#26     main.<anonymous closure> (file:///D:/Mystery/programming/projects/PYTHON_PROJECTS/focus/focus_gg/focus_flutter/test/widget_test.dart:20:5)
<asynchronous suspension>
#27     testWidgets.<anonymous closure>.<anonymous closure> (package:flutter_test/src/widget_tester.dart:192:15)
<asynchronous suspension>
#28     TestWidgetsFlutterBinding._runTestBody (package:flutter_test/src/binding.dart:1059:5)
<asynchronous suspension>
<asynchronous suspension>
(elided 5 frames from class _AssertionError, dart:async, and package:stack_trace)

The following RenderObject was being processed when the exception was fired: RenderTransform#c1aea relayoutBoundary=up2 NEEDS-LAYOUT:
  needs compositing
  creator: Transform ΓåÉ StretchEffect ΓåÉ ClipRect ΓåÉ AnimatedBuilder ΓåÉ
    NotificationListener<ScrollNotification> ΓåÉ StretchingOverscrollIndicator ΓåÉ Scrollable ΓåÉ
    PrimaryScrollController ΓåÉ SingleChildScrollView ΓåÉ KeyedSubtree-[GlobalKey#15fcd] ΓåÉ _BodyBuilder ΓåÉ
    MediaQuery ΓåÉ Γï»
  parentData: <none> (can use size)
  constraints: BoxConstraints(0.0<=w<=800.0, 0.0<=h<=534.0)
  size: MISSING
  transform matrix:
    [0] 1.0,0.0,0.0,0.0
    [1] 0.0,1.0,0.0,0.0
    [2] 0.0,0.0,1.0,0.0
    [3] 0.0,0.0,0.0,1.0
  origin: null
  alignment: AlignmentDirectional.bottomCenter
  textDirection: ltr
  transformHitTests: true
This RenderObject had the following descendants (showing up to depth 5):
    child: _RenderScrollSemantics#ebf7b relayoutBoundary=up3 NEEDS-PAINT
      child: RenderPointerListener#1e896 relayoutBoundary=up4 NEEDS-PAINT
        child: RenderSemanticsGestureHandler#bece2 relayoutBoundary=up5 NEEDS-PAINT
          child: RenderPointerListener#6d0ca relayoutBoundary=up6 NEEDS-PAINT
            child: RenderSemanticsAnnotations#4d9bb relayoutBoundary=up7 NEEDS-PAINT
ΓòÉΓòÉΓòÉΓòÉΓòÉΓòÉΓòÉΓòÉΓòÉΓòÉΓòÉΓòÉΓòÉΓòÉΓòÉΓòÉΓòÉΓòÉΓòÉΓòÉΓòÉΓòÉΓòÉΓòÉΓòÉΓòÉΓòÉΓòÉΓòÉΓòÉΓòÉΓòÉΓòÉΓòÉΓòÉΓòÉΓòÉΓòÉΓòÉΓòÉΓòÉΓòÉΓòÉΓòÉΓòÉΓòÉΓòÉΓòÉΓòÉΓòÉΓòÉΓòÉΓòÉΓòÉΓòÉΓòÉΓòÉΓòÉΓòÉΓòÉΓòÉΓòÉΓòÉΓòÉΓòÉΓòÉΓòÉΓòÉΓòÉΓòÉΓòÉΓòÉΓòÉΓòÉΓòÉΓòÉΓòÉΓòÉΓòÉΓòÉΓòÉΓòÉΓòÉΓòÉΓòÉΓòÉΓòÉΓòÉΓòÉΓòÉΓòÉΓòÉΓòÉΓòÉΓòÉΓòÉΓòÉΓòÉΓòÉΓòÉ
ΓòÉΓòÉΓòí EXCEPTION CAUGHT BY RENDERING LIBRARY Γò₧ΓòÉΓòÉΓòÉΓòÉΓòÉΓòÉΓòÉΓòÉΓòÉΓòÉΓòÉΓòÉΓòÉΓòÉΓòÉΓòÉΓòÉΓòÉΓòÉΓòÉΓòÉΓòÉΓòÉΓòÉΓòÉΓòÉΓòÉΓòÉΓòÉΓòÉΓòÉΓòÉΓòÉΓòÉΓòÉΓòÉΓòÉΓòÉΓòÉΓòÉΓòÉΓòÉΓòÉΓòÉΓòÉΓòÉΓòÉΓòÉΓòÉΓòÉΓòÉΓòÉΓòÉΓòÉΓòÉΓòÉΓòÉ
The following assertion was thrown during performLayout():
RenderBox was not laid out: RenderTransform#c1aea relayoutBoundary=up2 NEEDS-PAINT
'package:flutter/src/rendering/box.dart':
Failed assertion: line 2251 pos 12: 'hasSize'

Either the assertion indicates an error in the framework itself, or we should provide substantially
more information in this error message to help you determine and fix the underlying cause.
In either case, please report this assertion by filing a bug on GitHub:
  https://github.com/flutter/flutter/issues/new?template=02_bug.yml

The relevant error-causing widget was:
  SingleChildScrollView
  SingleChildScrollView:file:///D:/Mystery/programming/projects/PYTHON_PROJECTS/focus/focus_gg/focus_flutter/lib/features/dashboard/dashboard_screen.dart:132:13

When the exception was thrown, this was the stack:
#2      RenderBox.size (package:flutter/src/rendering/box.dart:2251:12)
#3      RenderProxyBoxMixin.performLayout (package:flutter/src/rendering/proxy_box.dart:115:62)
#4      _RenderCustomClip.performLayout (package:flutter/src/rendering/proxy_box.dart:1481:11)
#5      RenderObject.layout (package:flutter/src/rendering/object.dart:2775:7)
#6      MultiChildLayoutDelegate.layoutChild (package:flutter/src/rendering/custom_layout.dart:180:12)
#7      _ScaffoldLayout.performLayout (package:flutter/src/material/scaffold.dart:1112:7)
#8      MultiChildLayoutDelegate._callPerformLayout (package:flutter/src/rendering/custom_layout.dart:249:7)
#9      RenderCustomMultiChildLayoutBox.performLayout (package:flutter/src/rendering/custom_layout.dart:420:14)
#10     RenderObject._layoutWithoutResize (package:flutter/src/rendering/object.dart:2623:7)
#11     PipelineOwner.flushLayout (package:flutter/src/rendering/object.dart:1170:18)
#12     PipelineOwner.flushLayout (package:flutter/src/rendering/object.dart:1183:15)
#13     AutomatedTestWidgetsFlutterBinding.drawFrame (package:flutter_test/src/binding.dart:1508:27)
#14     RendererBinding._handlePersistentFrameCallback (package:flutter/src/rendering/binding.dart:495:5)
#15     SchedulerBinding._invokeFrameCallback (package:flutter/src/scheduler/binding.dart:1434:15)
#16     SchedulerBinding.handleDrawFrame (package:flutter/src/scheduler/binding.dart:1347:9)
#17     AutomatedTestWidgetsFlutterBinding.pump.<anonymous closure> (package:flutter_test/src/binding.dart:1335:9)
#20     TestAsyncUtils.guard (package:flutter_test/src/test_async_utils.dart:74:41)
#21     AutomatedTestWidgetsFlutterBinding.pump (package:flutter_test/src/binding.dart:1324:27)
#22     WidgetTester.pumpAndSettle.<anonymous closure> (package:flutter_test/src/widget_tester.dart:719:23)
<asynchronous suspension>
#23     TestAsyncUtils.guard.<anonymous closure> (package:flutter_test/src/test_async_utils.dart:130:27)
<asynchronous suspension>
#24     main.<anonymous closure> (file:///D:/Mystery/programming/projects/PYTHON_PROJECTS/focus/focus_gg/focus_flutter/test/widget_test.dart:20:5)
<asynchronous suspension>
#25     testWidgets.<anonymous closure>.<anonymous closure> (package:flutter_test/src/widget_tester.dart:192:15)
<asynchronous suspension>
#26     TestWidgetsFlutterBinding._runTestBody (package:flutter_test/src/binding.dart:1059:5)
<asynchronous suspension>
<asynchronous suspension>
(elided 5 frames from class _AssertionError, dart:async, and package:stack_trace)

The following RenderObject was being processed when the exception was fired: RenderClipRect#3fd23 relayoutBoundary=up1 NEEDS-LAYOUT NEEDS-PAINT:
  needs compositing
  creator: ClipRect ΓåÉ AnimatedBuilder ΓåÉ NotificationListener<ScrollNotification> ΓåÉ
    StretchingOverscrollIndicator ΓåÉ Scrollable ΓåÉ PrimaryScrollController ΓåÉ SingleChildScrollView ΓåÉ
    KeyedSubtree-[GlobalKey#15fcd] ΓåÉ _BodyBuilder ΓåÉ MediaQuery ΓåÉ LayoutId-[<_ScaffoldSlot.body>] ΓåÉ
    CustomMultiChildLayout ΓåÉ Γï»
  parentData: offset=Offset(0.0, 0.0); id=_ScaffoldSlot.body (can use size)
  constraints: BoxConstraints(0.0<=w<=800.0, 0.0<=h<=534.0)
  size: MISSING
This RenderObject had the following descendants (showing up to depth 5):
    child: RenderTransform#c1aea relayoutBoundary=up2 NEEDS-PAINT
      child: _RenderScrollSemantics#ebf7b relayoutBoundary=up3 NEEDS-PAINT
        child: RenderPointerListener#1e896 relayoutBoundary=up4 NEEDS-PAINT
          child: RenderSemanticsGestureHandler#bece2 relayoutBoundary=up5 NEEDS-PAINT
            child: RenderPointerListener#6d0ca relayoutBoundary=up6 NEEDS-PAINT
ΓòÉΓòÉΓòÉΓòÉΓòÉΓòÉΓòÉΓòÉΓòÉΓòÉΓòÉΓòÉΓòÉΓòÉΓòÉΓòÉΓòÉΓòÉΓòÉΓòÉΓòÉΓòÉΓòÉΓòÉΓòÉΓòÉΓòÉΓòÉΓòÉΓòÉΓòÉΓòÉΓòÉΓòÉΓòÉΓòÉΓòÉΓòÉΓòÉΓòÉΓòÉΓòÉΓòÉΓòÉΓòÉΓòÉΓòÉΓòÉΓòÉΓòÉΓòÉΓòÉΓòÉΓòÉΓòÉΓòÉΓòÉΓòÉΓòÉΓòÉΓòÉΓòÉΓòÉΓòÉΓòÉΓòÉΓòÉΓòÉΓòÉΓòÉΓòÉΓòÉΓòÉΓòÉΓòÉΓòÉΓòÉΓòÉΓòÉΓòÉΓòÉΓòÉΓòÉΓòÉΓòÉΓòÉΓòÉΓòÉΓòÉΓòÉΓòÉΓòÉΓòÉΓòÉΓòÉΓòÉΓòÉΓòÉΓòÉΓòÉ
ΓòÉΓòÉΓòí EXCEPTION CAUGHT BY RENDERING LIBRARY Γò₧ΓòÉΓòÉΓòÉΓòÉΓòÉΓòÉΓòÉΓòÉΓòÉΓòÉΓòÉΓòÉΓòÉΓòÉΓòÉΓòÉΓòÉΓòÉΓòÉΓòÉΓòÉΓòÉΓòÉΓòÉΓòÉΓòÉΓòÉΓòÉΓòÉΓòÉΓòÉΓòÉΓòÉΓòÉΓòÉΓòÉΓòÉΓòÉΓòÉΓòÉΓòÉΓòÉΓòÉΓòÉΓòÉΓòÉΓòÉΓòÉΓòÉΓòÉΓòÉΓòÉΓòÉΓòÉΓòÉΓòÉΓòÉ
The following assertion was thrown during performLayout():
RenderBox was not laid out: RenderClipRect#3fd23 relayoutBoundary=up1 NEEDS-PAINT
'package:flutter/src/rendering/box.dart':
Failed assertion: line 2251 pos 12: 'hasSize'

Either the assertion indicates an error in the framework itself, or we should provide substantially
more information in this error message to help you determine and fix the underlying cause.
In either case, please report this assertion by filing a bug on GitHub:
  https://github.com/flutter/flutter/issues/new?template=02_bug.yml

The relevant error-causing widget was:
  Scaffold
  Scaffold:file:///D:/Mystery/programming/projects/PYTHON_PROJECTS/focus/focus_gg/focus_flutter/lib/features/dashboard/dashboard_screen.dart:131:12

When the exception was thrown, this was the stack:
#2      RenderBox.size (package:flutter/src/rendering/box.dart:2251:12)
#3      MultiChildLayoutDelegate.layoutChild (package:flutter/src/rendering/custom_layout.dart:181:18)
#4      _ScaffoldLayout.performLayout (package:flutter/src/material/scaffold.dart:1112:7)
#5      MultiChildLayoutDelegate._callPerformLayout (package:flutter/src/rendering/custom_layout.dart:249:7)
#6      RenderCustomMultiChildLayoutBox.performLayout (package:flutter/src/rendering/custom_layout.dart:420:14)
#7      RenderObject._layoutWithoutResize (package:flutter/src/rendering/object.dart:2623:7)
#8      PipelineOwner.flushLayout (package:flutter/src/rendering/object.dart:1170:18)
#9      PipelineOwner.flushLayout (package:flutter/src/rendering/object.dart:1183:15)
#10     AutomatedTestWidgetsFlutterBinding.drawFrame (package:flutter_test/src/binding.dart:1508:27)
#11     RendererBinding._handlePersistentFrameCallback (package:flutter/src/rendering/binding.dart:495:5)
#12     SchedulerBinding._invokeFrameCallback (package:flutter/src/scheduler/binding.dart:1434:15)
#13     SchedulerBinding.handleDrawFrame (package:flutter/src/scheduler/binding.dart:1347:9)
#14     AutomatedTestWidgetsFlutterBinding.pump.<anonymous closure> (package:flutter_test/src/binding.dart:1335:9)
#17     TestAsyncUtils.guard (package:flutter_test/src/test_async_utils.dart:74:41)
#18     AutomatedTestWidgetsFlutterBinding.pump (package:flutter_test/src/binding.dart:1324:27)
#19     WidgetTester.pumpAndSettle.<anonymous closure> (package:flutter_test/src/widget_tester.dart:719:23)
<asynchronous suspension>
#20     TestAsyncUtils.guard.<anonymous closure> (package:flutter_test/src/test_async_utils.dart:130:27)
<asynchronous suspension>
#21     main.<anonymous closure> (file:///D:/Mystery/programming/projects/PYTHON_PROJECTS/focus/focus_gg/focus_flutter/test/widget_test.dart:20:5)
<asynchronous suspension>
#22     testWidgets.<anonymous closure>.<anonymous closure> (package:flutter_test/src/widget_tester.dart:192:15)
<asynchronous suspension>
#23     TestWidgetsFlutterBinding._runTestBody (package:flutter_test/src/binding.dart:1059:5)
<asynchronous suspension>
<asynchronous suspension>
(elided 5 frames from class _AssertionError, dart:async, and package:stack_trace)

The following RenderObject was being processed when the exception was fired: RenderCustomMultiChildLayoutBox#62ffe NEEDS-LAYOUT NEEDS-PAINT:
  needs compositing
  creator: CustomMultiChildLayout ΓåÉ _ActionsScope ΓåÉ Actions ΓåÉ AnimatedBuilder ΓåÉ DefaultTextStyle ΓåÉ
    AnimatedDefaultTextStyle ΓåÉ _InkFeatures-[GlobalKey#385e5 ink renderer] ΓåÉ
    NotificationListener<LayoutChangedNotification> ΓåÉ PhysicalModel ΓåÉ AnimatedPhysicalModel ΓåÉ Material
    ΓåÉ _ScrollNotificationObserverScope ΓåÉ Γï»
  parentData: <none> (can use size)
  constraints: BoxConstraints(w=800.0, h=534.0)
  size: Size(800.0, 534.0)
This RenderObject had the following descendants (showing up to depth 5):
    child 1: RenderClipRect#3fd23 relayoutBoundary=up1 NEEDS-PAINT
      child: RenderTransform#c1aea relayoutBoundary=up2 NEEDS-PAINT
        child: _RenderScrollSemantics#ebf7b relayoutBoundary=up3 NEEDS-PAINT
          child: RenderPointerListener#1e896 relayoutBoundary=up4 NEEDS-PAINT
            child: RenderSemanticsGestureHandler#bece2 relayoutBoundary=up5 NEEDS-PAINT
    child 2: RenderStack#2844e NEEDS-LAYOUT NEEDS-PAINT
      child 1: RenderTransform#48460 NEEDS-LAYOUT NEEDS-PAINT
        child: RenderTransform#60269 NEEDS-LAYOUT NEEDS-PAINT
ΓòÉΓòÉΓòÉΓòÉΓòÉΓòÉΓòÉΓòÉΓòÉΓòÉΓòÉΓòÉΓòÉΓòÉΓòÉΓòÉΓòÉΓòÉΓòÉΓòÉΓòÉΓòÉΓòÉΓòÉΓòÉΓòÉΓòÉΓòÉΓòÉΓòÉΓòÉΓòÉΓòÉΓòÉΓòÉΓòÉΓòÉΓòÉΓòÉΓòÉΓòÉΓòÉΓòÉΓòÉΓòÉΓòÉΓòÉΓòÉΓòÉΓòÉΓòÉΓòÉΓòÉΓòÉΓòÉΓòÉΓòÉΓòÉΓòÉΓòÉΓòÉΓòÉΓòÉΓòÉΓòÉΓòÉΓòÉΓòÉΓòÉΓòÉΓòÉΓòÉΓòÉΓòÉΓòÉΓòÉΓòÉΓòÉΓòÉΓòÉΓòÉΓòÉΓòÉΓòÉΓòÉΓòÉΓòÉΓòÉΓòÉΓòÉΓòÉΓòÉΓòÉΓòÉΓòÉΓòÉΓòÉΓòÉΓòÉΓòÉ
ΓòÉΓòÉΓòí EXCEPTION CAUGHT BY RENDERING LIBRARY Γò₧ΓòÉΓòÉΓòÉΓòÉΓòÉΓòÉΓòÉΓòÉΓòÉΓòÉΓòÉΓòÉΓòÉΓòÉΓòÉΓòÉΓòÉΓòÉΓòÉΓòÉΓòÉΓòÉΓòÉΓòÉΓòÉΓòÉΓòÉΓòÉΓòÉΓòÉΓòÉΓòÉΓòÉΓòÉΓòÉΓòÉΓòÉΓòÉΓòÉΓòÉΓòÉΓòÉΓòÉΓòÉΓòÉΓòÉΓòÉΓòÉΓòÉΓòÉΓòÉΓòÉΓòÉΓòÉΓòÉΓòÉΓòÉ
The following assertion was thrown during paint():
RenderBox was not laid out: RenderTransform#c1aea relayoutBoundary=up2
'package:flutter/src/rendering/box.dart':
Failed assertion: line 2251 pos 12: 'hasSize'

Either the assertion indicates an error in the framework itself, or we should provide substantially
more information in this error message to help you determine and fix the underlying cause.
In either case, please report this assertion by filing a bug on GitHub:
  https://github.com/flutter/flutter/issues/new?template=02_bug.yml

The relevant error-causing widget was:
  SingleChildScrollView
  SingleChildScrollView:file:///D:/Mystery/programming/projects/PYTHON_PROJECTS/focus/focus_gg/focus_flutter/lib/features/dashboard/dashboard_screen.dart:132:13

When the exception was thrown, this was the stack:
#2      RenderBox.size (package:flutter/src/rendering/box.dart:2251:12)
#3      RenderTransform._effectiveTransform (package:flutter/src/rendering/proxy_box.dart:2632:49)
#4      RenderTransform.paint (package:flutter/src/rendering/proxy_box.dart:2669:33)
#5      RenderObject._paintWithContext (package:flutter/src/rendering/object.dart:3436:7)
#6      PaintingContext.paintChild (package:flutter/src/rendering/object.dart:261:13)
#7      RenderClipRect.paint (package:flutter/src/rendering/proxy_box.dart:1585:17)
#8      RenderObject._paintWithContext (package:flutter/src/rendering/object.dart:3436:7)
#9      PaintingContext.paintChild (package:flutter/src/rendering/object.dart:261:13)
#10     RenderBoxContainerDefaultsMixin.defaultPaint (package:flutter/src/rendering/box.dart:3367:15)
#11     RenderCustomMultiChildLayoutBox.paint (package:flutter/src/rendering/custom_layout.dart:425:5)
#12     RenderObject._paintWithContext (package:flutter/src/rendering/object.dart:3436:7)
#13     PaintingContext.paintChild (package:flutter/src/rendering/object.dart:261:13)
#14     RenderProxyBoxMixin.paint (package:flutter/src/rendering/proxy_box.dart:140:13)
#15     _RenderInkFeatures.paint (package:flutter/src/material/material.dart:634:11)
#16     RenderObject._paintWithContext (package:flutter/src/rendering/object.dart:3436:7)
#17     PaintingContext.paintChild (package:flutter/src/rendering/object.dart:261:13)
#18     RenderProxyBoxMixin.paint (package:flutter/src/rendering/proxy_box.dart:140:13)
#19     RenderPhysicalModel.paint.<anonymous closure> (package:flutter/src/rendering/proxy_box.dart:2184:15)
#20     PaintingContext.pushClipRRect (package:flutter/src/rendering/object.dart:622:14)
#21     RenderPhysicalModel.paint (package:flutter/src/rendering/proxy_box.dart:2171:21)
#22     RenderObject._paintWithContext (package:flutter/src/rendering/object.dart:3436:7)
#23     PaintingContext.paintChild (package:flutter/src/rendering/object.dart:261:13)
#24     RenderProxyBoxMixin.paint (package:flutter/src/rendering/proxy_box.dart:140:13)
#25     RenderObject._paintWithContext (package:flutter/src/rendering/object.dart:3436:7)
#26     PaintingContext.paintChild (package:flutter/src/rendering/object.dart:261:13)
#27     RenderProxyBoxMixin.paint (package:flutter/src/rendering/proxy_box.dart:140:13)
#28     RenderObject._paintWithContext (package:flutter/src/rendering/object.dart:3436:7)
#29     PaintingContext._repaintCompositedChild (package:flutter/src/rendering/object.dart:176:11)
#30     PaintingContext.repaintCompositedChild (package:flutter/src/rendering/object.dart:121:5)
#31     PipelineOwner.flushPaint (package:flutter/src/rendering/object.dart:1322:31)
#32     PipelineOwner.flushPaint (package:flutter/src/rendering/object.dart:1332:15)
#33     AutomatedTestWidgetsFlutterBinding.drawFrame (package:flutter_test/src/binding.dart:1512:31)
#34     RendererBinding._handlePersistentFrameCallback (package:flutter/src/rendering/binding.dart:495:5)
#35     SchedulerBinding._invokeFrameCallback (package:flutter/src/scheduler/binding.dart:1434:15)
#36     SchedulerBinding.handleDrawFrame (package:flutter/src/scheduler/binding.dart:1347:9)
#37     AutomatedTestWidgetsFlutterBinding.pump.<anonymous closure> (package:flutter_test/src/binding.dart:1335:9)
#40     TestAsyncUtils.guard (package:flutter_test/src/test_async_utils.dart:74:41)
#41     AutomatedTestWidgetsFlutterBinding.pump (package:flutter_test/src/binding.dart:1324:27)
#42     WidgetTester.pumpAndSettle.<anonymous closure> (package:flutter_test/src/widget_tester.dart:719:23)
<asynchronous suspension>
#43     TestAsyncUtils.guard.<anonymous closure> (package:flutter_test/src/test_async_utils.dart:130:27)
<asynchronous suspension>
#44     main.<anonymous closure> (file:///D:/Mystery/programming/projects/PYTHON_PROJECTS/focus/focus_gg/focus_flutter/test/widget_test.dart:20:5)
<asynchronous suspension>
#45     testWidgets.<anonymous closure>.<anonymous closure> (package:flutter_test/src/widget_tester.dart:192:15)
<asynchronous suspension>
#46     TestWidgetsFlutterBinding._runTestBody (package:flutter_test/src/binding.dart:1059:5)
<asynchronous suspension>
<asynchronous suspension>
(elided 5 frames from class _AssertionError, dart:async, and package:stack_trace)

The following RenderObject was being processed when the exception was fired: RenderTransform#c1aea relayoutBoundary=up2:
  needs compositing
  creator: Transform ΓåÉ StretchEffect ΓåÉ ClipRect ΓåÉ AnimatedBuilder ΓåÉ
    NotificationListener<ScrollNotification> ΓåÉ StretchingOverscrollIndicator ΓåÉ Scrollable ΓåÉ
    PrimaryScrollController ΓåÉ SingleChildScrollView ΓåÉ KeyedSubtree-[GlobalKey#15fcd] ΓåÉ _BodyBuilder ΓåÉ
    MediaQuery ΓåÉ Γï»
  parentData: <none> (can use size)
  constraints: BoxConstraints(0.0<=w<=800.0, 0.0<=h<=534.0)
  size: MISSING
  transform matrix:
    [0] 1.0,0.0,0.0,0.0
    [1] 0.0,1.0,0.0,0.0
    [2] 0.0,0.0,1.0,0.0
    [3] 0.0,0.0,0.0,1.0
  origin: null
  alignment: AlignmentDirectional.bottomCenter
  textDirection: ltr
  transformHitTests: true
This RenderObject had the following descendants (showing up to depth 5):
    child: _RenderScrollSemantics#ebf7b relayoutBoundary=up3 NEEDS-PAINT
      child: RenderPointerListener#1e896 relayoutBoundary=up4 NEEDS-PAINT
        child: RenderSemanticsGestureHandler#bece2 relayoutBoundary=up5 NEEDS-PAINT
          child: RenderPointerListener#6d0ca relayoutBoundary=up6 NEEDS-PAINT
            child: RenderSemanticsAnnotations#4d9bb relayoutBoundary=up7 NEEDS-PAINT
ΓòÉΓòÉΓòÉΓòÉΓòÉΓòÉΓòÉΓòÉΓòÉΓòÉΓòÉΓòÉΓòÉΓòÉΓòÉΓòÉΓòÉΓòÉΓòÉΓòÉΓòÉΓòÉΓòÉΓòÉΓòÉΓòÉΓòÉΓòÉΓòÉΓòÉΓòÉΓòÉΓòÉΓòÉΓòÉΓòÉΓòÉΓòÉΓòÉΓòÉΓòÉΓòÉΓòÉΓòÉΓòÉΓòÉΓòÉΓòÉΓòÉΓòÉΓòÉΓòÉΓòÉΓòÉΓòÉΓòÉΓòÉΓòÉΓòÉΓòÉΓòÉΓòÉΓòÉΓòÉΓòÉΓòÉΓòÉΓòÉΓòÉΓòÉΓòÉΓòÉΓòÉΓòÉΓòÉΓòÉΓòÉΓòÉΓòÉΓòÉΓòÉΓòÉΓòÉΓòÉΓòÉΓòÉΓòÉΓòÉΓòÉΓòÉΓòÉΓòÉΓòÉΓòÉΓòÉΓòÉΓòÉΓòÉΓòÉΓòÉ
ΓòÉΓòÉΓòí EXCEPTION CAUGHT BY SCHEDULER LIBRARY Γò₧ΓòÉΓòÉΓòÉΓòÉΓòÉΓòÉΓòÉΓòÉΓòÉΓòÉΓòÉΓòÉΓòÉΓòÉΓòÉΓòÉΓòÉΓòÉΓòÉΓòÉΓòÉΓòÉΓòÉΓòÉΓòÉΓòÉΓòÉΓòÉΓòÉΓòÉΓòÉΓòÉΓòÉΓòÉΓòÉΓòÉΓòÉΓòÉΓòÉΓòÉΓòÉΓòÉΓòÉΓòÉΓòÉΓòÉΓòÉΓòÉΓòÉΓòÉΓòÉΓòÉΓòÉΓòÉΓòÉΓòÉΓòÉ
The following assertion was thrown during a scheduler callback:
'package:flutter/src/rendering/object.dart': Failed assertion: line 5696 pos 14:
'!childSemantics.renderObject._needsLayout': is not true.

Either the assertion indicates an error in the framework itself, or we should provide substantially
more information in this error message to help you determine and fix the underlying cause.
In either case, please report this assertion by filing a bug on GitHub:
  https://github.com/flutter/flutter/issues/new?template=02_bug.yml

When the exception was thrown, this was the stack:
#2      _RenderObjectSemantics._collectChildMergeUpAndSiblingGroup (package:flutter/src/rendering/object.dart:5696:14)
#3      _RenderObjectSemantics.updateChildren (package:flutter/src/rendering/object.dart:5573:50)
#4      _RenderObjectSemantics._didUpdateParentData (package:flutter/src/rendering/object.dart:5774:5)
#5      _RenderObjectSemantics._collectChildMergeUpAndSiblingGroup (package:flutter/src/rendering/object.dart:5697:22)
#6      _RenderObjectSemantics.updateChildren (package:flutter/src/rendering/object.dart:5573:50)
#7      _RenderObjectSemantics._didUpdateParentData (package:flutter/src/rendering/object.dart:5774:5)
#8      _RenderObjectSemantics._collectChildMergeUpAndSiblingGroup (package:flutter/src/rendering/object.dart:5697:22)
#9      _RenderObjectSemantics.updateChildren (package:flutter/src/rendering/object.dart:5573:50)
#10     _RenderObjectSemantics._didUpdateParentData (package:flutter/src/rendering/object.dart:5774:5)
#11     _RenderObjectSemantics._collectChildMergeUpAndSiblingGroup (package:flutter/src/rendering/object.dart:5697:22)
#12     _RenderObjectSemantics.updateChildren (package:flutter/src/rendering/object.dart:5573:50)
#13     _RenderObjectSemantics._didUpdateParentData (package:flutter/src/rendering/object.dart:5774:5)
#14     _RenderObjectSemantics._collectChildMergeUpAndSiblingGroup (package:flutter/src/rendering/object.dart:5697:22)
#15     _RenderObjectSemantics.updateChildren (package:flutter/src/rendering/object.dart:5573:50)
#16     _RenderObjectSemantics._didUpdateParentData (package:flutter/src/rendering/object.dart:5774:5)
#17     _RenderObjectSemantics._collectChildMergeUpAndSiblingGroup (package:flutter/src/rendering/object.dart:5697:22)
#18     _RenderObjectSemantics.updateChildren (package:flutter/src/rendering/object.dart:5573:50)
#19     _RenderObjectSemantics._didUpdateParentData (package:flutter/src/rendering/object.dart:5774:5)
#20     _RenderObjectSemantics._collectChildMergeUpAndSiblingGroup (package:flutter/src/rendering/object.dart:5697:22)
#21     _RenderObjectSemantics.updateChildren (package:flutter/src/rendering/object.dart:5573:50)
#22     _RenderObjectSemantics._didUpdateParentData (package:flutter/src/rendering/object.dart:5774:5)
#23     _RenderObjectSemantics._collectChildMergeUpAndSiblingGroup (package:flutter/src/rendering/object.dart:5697:22)
#24     _RenderObjectSemantics.updateChildren (package:flutter/src/rendering/object.dart:5573:50)
#25     _RenderObjectSemantics._didUpdateParentData (package:flutter/src/rendering/object.dart:5774:5)
#26     _RenderObjectSemantics._collectChildMergeUpAndSiblingGroup (package:flutter/src/rendering/object.dart:5697:22)
#27     _RenderObjectSemantics.updateChildren (package:flutter/src/rendering/object.dart:5573:50)
#28     _RenderObjectSemantics._didUpdateParentData (package:flutter/src/rendering/object.dart:5774:5)
#29     _RenderObjectSemantics._collectChildMergeUpAndSiblingGroup (package:flutter/src/rendering/object.dart:5697:22)
#30     _RenderObjectSemantics.updateChildren (package:flutter/src/rendering/object.dart:5573:50)
#31     _RenderObjectSemantics._didUpdateParentData (package:flutter/src/rendering/object.dart:5774:5)
#32     _RenderObjectSemantics._collectChildMergeUpAndSiblingGroup (package:flutter/src/rendering/object.dart:5697:22)
#33     _RenderObjectSemantics.updateChildren (package:flutter/src/rendering/object.dart:5573:50)
#34     _RenderObjectSemantics._didUpdateParentData (package:flutter/src/rendering/object.dart:5774:5)
#35     _RenderObjectSemantics._collectChildMergeUpAndSiblingGroup (package:flutter/src/rendering/object.dart:5697:22)
#36     _RenderObjectSemantics.updateChildren (package:flutter/src/rendering/object.dart:5573:50)
#37     _RenderObjectSemantics._didUpdateParentData (package:flutter/src/rendering/object.dart:5774:5)
#38     _RenderObjectSemantics._collectChildMergeUpAndSiblingGroup (package:flutter/src/rendering/object.dart:5697:22)
#39     _RenderObjectSemantics.updateChildren (package:flutter/src/rendering/object.dart:5573:50)
#40     _RenderObjectSemantics._didUpdateParentData (package:flutter/src/rendering/object.dart:5774:5)
#41     _RenderObjectSemantics._collectChildMergeUpAndSiblingGroup (package:flutter/src/rendering/object.dart:5697:22)
#42     _RenderObjectSemantics.updateChildren (package:flutter/src/rendering/object.dart:5573:50)
#43     _RenderObjectSemantics._didUpdateParentData (package:flutter/src/rendering/object.dart:5774:5)
#44     _RenderObjectSemantics._collectChildMergeUpAndSiblingGroup (package:flutter/src/rendering/object.dart:5697:22)
#45     _RenderObjectSemantics.updateChildren (package:flutter/src/rendering/object.dart:5573:50)
#46     _RenderObjectSemantics._didUpdateParentData (package:flutter/src/rendering/object.dart:5774:5)
#47     _RenderObjectSemantics._collectChildMergeUpAndSiblingGroup (package:flutter/src/rendering/object.dart:5697:22)
#48     _RenderObjectSemantics.updateChildren (package:flutter/src/rendering/object.dart:5573:50)
#49     _RenderObjectSemantics._didUpdateParentData (package:flutter/src/rendering/object.dart:5774:5)
#50     _RenderObjectSemantics._collectChildMergeUpAndSiblingGroup (package:flutter/src/rendering/object.dart:5697:22)
#51     _RenderObjectSemantics.updateChildren (package:flutter/src/rendering/object.dart:5573:50)
#52     _RenderObjectSemantics._didUpdateParentData (package:flutter/src/rendering/object.dart:5774:5)
#53     _RenderObjectSemantics._collectChildMergeUpAndSiblingGroup (package:flutter/src/rendering/object.dart:5697:22)
#54     _RenderObjectSemantics.updateChildren (package:flutter/src/rendering/object.dart:5573:50)
#55     _RenderObjectSemantics._didUpdateParentData (package:flutter/src/rendering/object.dart:5774:5)
#56     _RenderObjectSemantics._collectChildMergeUpAndSiblingGroup (package:flutter/src/rendering/object.dart:5697:22)
#57     _RenderObjectSemantics.updateChildren (package:flutter/src/rendering/object.dart:5573:50)
#58     _RenderObjectSemantics._didUpdateParentData (package:flutter/src/rendering/object.dart:5774:5)
#59     _RenderObjectSemantics._collectChildMergeUpAndSiblingGroup (package:flutter/src/rendering/object.dart:5697:22)
#60     _RenderObjectSemantics.updateChildren (package:flutter/src/rendering/object.dart:5573:50)
#61     _RenderObjectSemantics._didUpdateParentData (package:flutter/src/rendering/object.dart:5774:5)
#62     _RenderObjectSemantics._collectChildMergeUpAndSiblingGroup (package:flutter/src/rendering/object.dart:5697:22)
#63     _RenderObjectSemantics.updateChildren (package:flutter/src/rendering/object.dart:5573:50)
#64     _RenderObjectSemantics._didUpdateParentData (package:flutter/src/rendering/object.dart:5774:5)
#65     _RenderObjectSemantics._collectChildMergeUpAndSiblingGroup (package:flutter/src/rendering/object.dart:5697:22)
#66     _RenderObjectSemantics.updateChildren (package:flutter/src/rendering/object.dart:5573:50)
#67     _RenderObjectSemantics._didUpdateParentData (package:flutter/src/rendering/object.dart:5774:5)
#68     _RenderObjectSemantics._collectChildMergeUpAndSiblingGroup (package:flutter/src/rendering/object.dart:5697:22)
#69     _RenderObjectSemantics.updateChildren (package:flutter/src/rendering/object.dart:5573:50)
#70     _RenderObjectSemantics._didUpdateParentData (package:flutter/src/rendering/object.dart:5774:5)
#71     _RenderObjectSemantics._collectChildMergeUpAndSiblingGroup (package:flutter/src/rendering/object.dart:5697:22)
#72     _RenderObjectSemantics.updateChildren (package:flutter/src/rendering/object.dart:5573:50)
#73     _RenderObjectSemantics._didUpdateParentData (package:flutter/src/rendering/object.dart:5774:5)
#74     _RenderObjectSemantics._collectChildMergeUpAndSiblingGroup (package:flutter/src/rendering/object.dart:5697:22)
#75     _RenderObjectSemantics.updateChildren (package:flutter/src/rendering/object.dart:5573:50)
#76     _RenderObjectSemantics._didUpdateParentData (package:flutter/src/rendering/object.dart:5774:5)
#77     _RenderObjectSemantics._collectChildMergeUpAndSiblingGroup (package:flutter/src/rendering/object.dart:5697:22)
#78     _RenderObjectSemantics.updateChildren (package:flutter/src/rendering/object.dart:5573:50)
#79     _RenderObjectSemantics._didUpdateParentData (package:flutter/src/rendering/object.dart:5774:5)
#80     _RenderObjectSemantics._collectChildMergeUpAndSiblingGroup (package:flutter/src/rendering/object.dart:5697:22)
#81     _RenderObjectSemantics.updateChildren (package:flutter/src/rendering/object.dart:5573:50)
#82     _RenderObjectSemantics._didUpdateParentData (package:flutter/src/rendering/object.dart:5774:5)
#83     _RenderObjectSemantics._collectChildMergeUpAndSiblingGroup (package:flutter/src/rendering/object.dart:5697:22)
#84     _RenderObjectSemantics.updateChildren (package:flutter/src/rendering/object.dart:5573:50)
#85     _RenderObjectSemantics._didUpdateParentData (package:flutter/src/rendering/object.dart:5774:5)
#86     _RenderObjectSemantics._collectChildMergeUpAndSiblingGroup (package:flutter/src/rendering/object.dart:5697:22)
#87     _RenderObjectSemantics.updateChildren (package:flutter/src/rendering/object.dart:5573:50)
#88     _RenderObjectSemantics._didUpdateParentData (package:flutter/src/rendering/object.dart:5774:5)
#89     _RenderObjectSemantics._collectChildMergeUpAndSiblingGroup (package:flutter/src/rendering/object.dart:5697:22)
#90     _RenderObjectSemantics.updateChildren (package:flutter/src/rendering/object.dart:5573:50)
#91     _RenderObjectSemantics._didUpdateParentData (package:flutter/src/rendering/object.dart:5774:5)
#92     _RenderObjectSemantics._collectChildMergeUpAndSiblingGroup (package:flutter/src/rendering/object.dart:5697:22)
#93     _RenderObjectSemantics.updateChildren (package:flutter/src/rendering/object.dart:5573:50)
#94     _RenderObjectSemantics._didUpdateParentData (package:flutter/src/rendering/object.dart:5774:5)
#95     _RenderObjectSemantics._collectChildMergeUpAndSiblingGroup (package:flutter/src/rendering/object.dart:5697:22)
#96     _RenderObjectSemantics.updateChildren (package:flutter/src/rendering/object.dart:5573:50)
#97     _RenderObjectSemantics._didUpdateParentData (package:flutter/src/rendering/object.dart:5774:5)
#98     _RenderObjectSemantics._collectChildMergeUpAndSiblingGroup (package:flutter/src/rendering/object.dart:5697:22)
#99     _RenderObjectSemantics.updateChildren (package:flutter/src/rendering/object.dart:5573:50)
#100    _RenderObjectSemantics._didUpdateParentData (package:flutter/src/rendering/object.dart:5774:5)
#101    _RenderObjectSemantics._collectChildMergeUpAndSiblingGroup (package:flutter/src/rendering/object.dart:5697:22)
#102    _RenderObjectSemantics.updateChildren (package:flutter/src/rendering/object.dart:5573:50)
#103    _RenderObjectSemantics._didUpdateParentData (package:flutter/src/rendering/object.dart:5774:5)
#104    _RenderObjectSemantics._collectChildMergeUpAndSiblingGroup (package:flutter/src/rendering/object.dart:5697:22)
#105    _RenderObjectSemantics.updateChildren (package:flutter/src/rendering/object.dart:5573:50)
#106    _RenderObjectSemantics._didUpdateParentData (package:flutter/src/rendering/object.dart:5774:5)
#107    _RenderObjectSemantics._collectChildMergeUpAndSiblingGroup (package:flutter/src/rendering/object.dart:5697:22)
#108    _RenderObjectSemantics.updateChildren (package:flutter/src/rendering/object.dart:5573:50)
#109    _RenderObjectSemantics._didUpdateParentData (package:flutter/src/rendering/object.dart:5774:5)
#110    _RenderObjectSemantics._collectChildMergeUpAndSiblingGroup (package:flutter/src/rendering/object.dart:5697:22)
#111    _RenderObjectSemantics.updateChildren (package:flutter/src/rendering/object.dart:5573:50)
#112    _RenderObjectSemantics._didUpdateParentData (package:flutter/src/rendering/object.dart:5774:5)
#113    _RenderObjectSemantics._collectChildMergeUpAndSiblingGroup (package:flutter/src/rendering/object.dart:5697:22)
#114    _RenderObjectSemantics.updateChildren (package:flutter/src/rendering/object.dart:5573:50)
#115    _RenderObjectSemantics._didUpdateParentData (package:flutter/src/rendering/object.dart:5774:5)
#116    _RenderObjectSemantics._collectChildMergeUpAndSiblingGroup (package:flutter/src/rendering/object.dart:5697:22)
#117    _RenderObjectSemantics.updateChildren (package:flutter/src/rendering/object.dart:5573:50)
#118    _RenderObjectSemantics._didUpdateParentData (package:flutter/src/rendering/object.dart:5774:5)
#119    _RenderObjectSemantics._collectChildMergeUpAndSiblingGroup (package:flutter/src/rendering/object.dart:5697:22)
#120    _RenderObjectSemantics.updateChildren (package:flutter/src/rendering/object.dart:5573:50)
#121    _RenderObjectSemantics._didUpdateParentData (package:flutter/src/rendering/object.dart:5774:5)
#122    _RenderObjectSemantics._collectChildMergeUpAndSiblingGroup (package:flutter/src/rendering/object.dart:5697:22)
#123    _RenderObjectSemantics.updateChildren (package:flutter/src/rendering/object.dart:5573:50)
#124    _RenderObjectSemantics._didUpdateParentData (package:flutter/src/rendering/object.dart:5774:5)
#125    _RenderObjectSemantics._collectChildMergeUpAndSiblingGroup (package:flutter/src/rendering/object.dart:5697:22)
#126    _RenderObjectSemantics.updateChildren (package:flutter/src/rendering/object.dart:5573:50)
#127    _RenderObjectSemantics._didUpdateParentData (package:flutter/src/rendering/object.dart:5774:5)
#128    _RenderObjectSemantics._collectChildMergeUpAndSiblingGroup (package:flutter/src/rendering/object.dart:5697:22)
#129    _RenderObjectSemantics.updateChildren (package:flutter/src/rendering/object.dart:5573:50)
#130    _RenderObjectSemantics._didUpdateParentData (package:flutter/src/rendering/object.dart:5774:5)
#131    _RenderObjectSemantics._collectChildMergeUpAndSiblingGroup (package:flutter/src/rendering/object.dart:5697:22)
#132    _RenderObjectSemantics.updateChildren (package:flutter/src/rendering/object.dart:5573:50)
#133    _RenderObjectSemantics._didUpdateParentData (package:flutter/src/rendering/object.dart:5774:5)
#134    _RenderObjectSemantics._collectChildMergeUpAndSiblingGroup (package:flutter/src/rendering/object.dart:5697:22)
#135    _RenderObjectSemantics.updateChildren (package:flutter/src/rendering/object.dart:5573:50)
#136    _RenderObjectSemantics._didUpdateParentData (package:flutter/src/rendering/object.dart:5774:5)
#137    _RenderObjectSemantics._collectChildMergeUpAndSiblingGroup (package:flutter/src/rendering/object.dart:5697:22)
#138    _RenderObjectSemantics.updateChildren (package:flutter/src/rendering/object.dart:5573:50)
#139    _RenderObjectSemantics._didUpdateParentData (package:flutter/src/rendering/object.dart:5774:5)
#140    _RenderObjectSemantics._collectChildMergeUpAndSiblingGroup (package:flutter/src/rendering/object.dart:5697:22)
#141    _RenderObjectSemantics.updateChildren (package:flutter/src/rendering/object.dart:5573:50)
#142    _RenderObjectSemantics._didUpdateParentData (package:flutter/src/rendering/object.dart:5774:5)
#143    _RenderObjectSemantics._collectChildMergeUpAndSiblingGroup (package:flutter/src/rendering/object.dart:5697:22)
#144    _RenderObjectSemantics.updateChildren (package:flutter/src/rendering/object.dart:5573:50)
#145    _RenderObjectSemantics._didUpdateParentData (package:flutter/src/rendering/object.dart:5774:5)
#146    _RenderObjectSemantics._collectChildMergeUpAndSiblingGroup (package:flutter/src/rendering/object.dart:5697:22)
#147    _RenderObjectSemantics.updateChildren (package:flutter/src/rendering/object.dart:5573:50)
#148    _RenderObjectSemantics._didUpdateParentData (package:flutter/src/rendering/object.dart:5774:5)
#149    _RenderObjectSemantics._collectChildMergeUpAndSiblingGroup (package:flutter/src/rendering/object.dart:5697:22)
#150    _RenderObjectSemantics.updateChildren (package:flutter/src/rendering/object.dart:5573:50)
#151    _RenderObjectSemantics._didUpdateParentData (package:flutter/src/rendering/object.dart:5774:5)
#152    _RenderObjectSemantics._collectChildMergeUpAndSiblingGroup (package:flutter/src/rendering/object.dart:5697:22)
#153    _RenderObjectSemantics.updateChildren (package:flutter/src/rendering/object.dart:5573:50)
#154    _RenderObjectSemantics._didUpdateParentData (package:flutter/src/rendering/object.dart:5774:5)
#155    _RenderObjectSemantics._collectChildMergeUpAndSiblingGroup (package:flutter/src/rendering/object.dart:5697:22)
#156    _RenderObjectSemantics.updateChildren (package:flutter/src/rendering/object.dart:5573:50)
#157    _RenderObjectSemantics._didUpdateParentData (package:flutter/src/rendering/object.dart:5774:5)
#158    _RenderObjectSemantics._collectChildMergeUpAndSiblingGroup (package:flutter/src/rendering/object.dart:5697:22)
#159    _RenderObjectSemantics.updateChildren (package:flutter/src/rendering/object.dart:5573:50)
#160    _RenderObjectSemantics._didUpdateParentData (package:flutter/src/rendering/object.dart:5774:5)
#161    _RenderObjectSemantics._collectChildMergeUpAndSiblingGroup (package:flutter/src/rendering/object.dart:5697:22)
#162    _RenderObjectSemantics.updateChildren (package:flutter/src/rendering/object.dart:5573:50)
#163    _RenderObjectSemantics._didUpdateParentData (package:flutter/src/rendering/object.dart:5774:5)
#164    _RenderObjectSemantics._collectChildMergeUpAndSiblingGroup (package:flutter/src/rendering/object.dart:5697:22)
#165    _RenderObjectSemantics.updateChildren (package:flutter/src/rendering/object.dart:5573:50)
#166    _RenderObjectSemantics._didUpdateParentData (package:flutter/src/rendering/object.dart:5774:5)
#167    _RenderObjectSemantics._collectChildMergeUpAndSiblingGroup (package:flutter/src/rendering/object.dart:5697:22)
#168    _RenderObjectSemantics.updateChildren (package:flutter/src/rendering/object.dart:5573:50)
#169    _RenderObjectSemantics._didUpdateParentData (package:flutter/src/rendering/object.dart:5774:5)
#170    _RenderObjectSemantics._collectChildMergeUpAndSiblingGroup (package:flutter/src/rendering/object.dart:5697:22)
#171    _RenderObjectSemantics.updateChildren (package:flutter/src/rendering/object.dart:5573:50)
#172    _RenderObjectSemantics._didUpdateParentData (package:flutter/src/rendering/object.dart:5774:5)
#173    _RenderObjectSemantics._collectChildMergeUpAndSiblingGroup (package:flutter/src/rendering/object.dart:5697:22)
#174    _RenderObjectSemantics.updateChildren (package:flutter/src/rendering/object.dart:5573:50)
#175    PipelineOwner.flushSemantics (package:flutter/src/rendering/object.dart:1470:25)
#176    PipelineOwner.flushSemantics (package:flutter/src/rendering/object.dart:1514:15)
#177    AutomatedTestWidgetsFlutterBinding.drawFrame (package:flutter_test/src/binding.dart:1519:35)
#178    RendererBinding._handlePersistentFrameCallback (package:flutter/src/rendering/binding.dart:495:5)
#179    SchedulerBinding._invokeFrameCallback (package:flutter/src/scheduler/binding.dart:1434:15)
#180    SchedulerBinding.handleDrawFrame (package:flutter/src/scheduler/binding.dart:1347:9)
#181    AutomatedTestWidgetsFlutterBinding.pump.<anonymous closure> (package:flutter_test/src/binding.dart:1335:9)
#184    TestAsyncUtils.guard (package:flutter_test/src/test_async_utils.dart:74:41)
#185    AutomatedTestWidgetsFlutterBinding.pump (package:flutter_test/src/binding.dart:1324:27)
#186    WidgetTester.pumpAndSettle.<anonymous closure> (package:flutter_test/src/widget_tester.dart:719:23)
<asynchronous suspension>
#187    TestAsyncUtils.guard.<anonymous closure> (package:flutter_test/src/test_async_utils.dart:130:27)
<asynchronous suspension>
#188    main.<anonymous closure> (file:///D:/Mystery/programming/projects/PYTHON_PROJECTS/focus/focus_gg/focus_flutter/test/widget_test.dart:20:5)
<asynchronous suspension>
#189    testWidgets.<anonymous closure>.<anonymous closure> (package:flutter_test/src/widget_tester.dart:192:15)
<asynchronous suspension>
#190    TestWidgetsFlutterBinding._runTestBody (package:flutter_test/src/binding.dart:1059:5)
<asynchronous suspension>
<asynchronous suspension>
(elided 5 frames from class _AssertionError, dart:async, and package:stack_trace)
ΓòÉΓòÉΓòÉΓòÉΓòÉΓòÉΓòÉΓòÉΓòÉΓòÉΓòÉΓòÉΓòÉΓòÉΓòÉΓòÉΓòÉΓòÉΓòÉΓòÉΓòÉΓòÉΓòÉΓòÉΓòÉΓòÉΓòÉΓòÉΓòÉΓòÉΓòÉΓòÉΓòÉΓòÉΓòÉΓòÉΓòÉΓòÉΓòÉΓòÉΓòÉΓòÉΓòÉΓòÉΓòÉΓòÉΓòÉΓòÉΓòÉΓòÉΓòÉΓòÉΓòÉΓòÉΓòÉΓòÉΓòÉΓòÉΓòÉΓòÉΓòÉΓòÉΓòÉΓòÉΓòÉΓòÉΓòÉΓòÉΓòÉΓòÉΓòÉΓòÉΓòÉΓòÉΓòÉΓòÉΓòÉΓòÉΓòÉΓòÉΓòÉΓòÉΓòÉΓòÉΓòÉΓòÉΓòÉΓòÉΓòÉΓòÉΓòÉΓòÉΓòÉΓòÉΓòÉΓòÉΓòÉΓòÉΓòÉΓòÉ
ΓòÉΓòÉΓòí EXCEPTION CAUGHT BY RENDERING LIBRARY Γò₧ΓòÉΓòÉΓòÉΓòÉΓòÉΓòÉΓòÉΓòÉΓòÉΓòÉΓòÉΓòÉΓòÉΓòÉΓòÉΓòÉΓòÉΓòÉΓòÉΓòÉΓòÉΓòÉΓòÉΓòÉΓòÉΓòÉΓòÉΓòÉΓòÉΓòÉΓòÉΓòÉΓòÉΓòÉΓòÉΓòÉΓòÉΓòÉΓòÉΓòÉΓòÉΓòÉΓòÉΓòÉΓòÉΓòÉΓòÉΓòÉΓòÉΓòÉΓòÉΓòÉΓòÉΓòÉΓòÉΓòÉΓòÉ
The following assertion was thrown during performLayout():
'package:flutter/src/rendering/object.dart': Failed assertion: line 2709 pos 12:
'!_debugDoingThisLayout': is not true.

Either the assertion indicates an error in the framework itself, or we should provide substantially
more information in this error message to help you determine and fix the underlying cause.
In either case, please report this assertion by filing a bug on GitHub:
  https://github.com/flutter/flutter/issues/new?template=02_bug.yml

The relevant error-causing widget was:
  Column
  Column:file:///D:/Mystery/programming/projects/PYTHON_PROJECTS/focus/focus_gg/focus_flutter/lib/features/dashboard/dashboard_screen.dart:267:22

When the exception was thrown, this was the stack:
#2      RenderObject.layout (package:flutter/src/rendering/object.dart:2709:12)
#3      ChildLayoutHelper.layoutChild (package:flutter/src/rendering/layout_helper.dart:62:11)
#4      RenderFlex._computeSizes (package:flutter/src/rendering/flex.dart:1161:28)
#5      RenderFlex.performLayout (package:flutter/src/rendering/flex.dart:1257:32)
#6      RenderObject.layout (package:flutter/src/rendering/object.dart:2775:7)
#7      _RenderLayoutBuilder.performLayout (package:flutter/src/widgets/layout_builder.dart:450:14)
#8      RenderObject.layout (package:flutter/src/rendering/object.dart:2775:7)
#9      RenderPadding.performLayout (package:flutter/src/rendering/shifted_box.dart:243:12)
#10     RenderObject.layout (package:flutter/src/rendering/object.dart:2775:7)
#11     ChildLayoutHelper.layoutChild (package:flutter/src/rendering/layout_helper.dart:62:11)
#12     RenderStack._computeSize (package:flutter/src/rendering/stack.dart:645:43)
#13     RenderStack.performLayout (package:flutter/src/rendering/stack.dart:680:12)
#14     RenderObject.layout (package:flutter/src/rendering/object.dart:2775:7)
#15     RenderPadding.performLayout (package:flutter/src/rendering/shifted_box.dart:243:12)
#16     RenderObject.layout (package:flutter/src/rendering/object.dart:2775:7)
#17     RenderProxyBoxMixin.performLayout (package:flutter/src/rendering/proxy_box.dart:115:18)
#18     RenderObject.layout (package:flutter/src/rendering/object.dart:2775:7)
#19     ChildLayoutHelper.layoutChild (package:flutter/src/rendering/layout_helper.dart:62:11)
#20     RenderStack._computeSize (package:flutter/src/rendering/stack.dart:645:43)
#21     RenderStack.performLayout (package:flutter/src/rendering/stack.dart:680:12)
#22     RenderObject.layout (package:flutter/src/rendering/object.dart:2775:7)
#23     RenderProxyBoxMixin.performLayout (package:flutter/src/rendering/proxy_box.dart:115:18)
#24     RenderObject.layout (package:flutter/src/rendering/object.dart:2775:7)
#25     RenderProxyBoxMixin.performLayout (package:flutter/src/rendering/proxy_box.dart:115:18)
#26     RenderObject.layout (package:flutter/src/rendering/object.dart:2775:7)
#27     ChildLayoutHelper.layoutChild (package:flutter/src/rendering/layout_helper.dart:62:11)
#28     RenderStack._computeSize (package:flutter/src/rendering/stack.dart:645:43)
#29     RenderStack.performLayout (package:flutter/src/rendering/stack.dart:680:12)
#30     RenderObject.layout (package:flutter/src/rendering/object.dart:2775:7)
#31     RenderProxyBoxMixin.performLayout (package:flutter/src/rendering/proxy_box.dart:115:18)
#32     RenderObject.layout (package:flutter/src/rendering/object.dart:2775:7)
#33     RenderProxyBoxMixin.performLayout (package:flutter/src/rendering/proxy_box.dart:115:18)
#34     RenderObject.layout (package:flutter/src/rendering/object.dart:2775:7)
#35     ChildLayoutHelper.layoutChild (package:flutter/src/rendering/layout_helper.dart:62:11)
#36     RenderFlex._computeSizes (package:flutter/src/rendering/flex.dart:1161:28)
#37     RenderFlex.performLayout (package:flutter/src/rendering/flex.dart:1257:32)
#38     RenderObject.layout (package:flutter/src/rendering/object.dart:2775:7)
#39     RenderPadding.performLayout (package:flutter/src/rendering/shifted_box.dart:243:12)
#40     RenderObject.layout (package:flutter/src/rendering/object.dart:2775:7)
#41     RenderConstrainedBox.performLayout (package:flutter/src/rendering/proxy_box.dart:293:14)
#42     RenderObject.layout (package:flutter/src/rendering/object.dart:2775:7)
#43     RenderPositionedBox.performLayout (package:flutter/src/rendering/shifted_box.dart:465:14)
#44     RenderObject.layout (package:flutter/src/rendering/object.dart:2775:7)
#45     RenderPadding.performLayout (package:flutter/src/rendering/shifted_box.dart:243:12)
#46     RenderObject.layout (package:flutter/src/rendering/object.dart:2775:7)
#47     _RenderSingleChildViewport.performLayout (package:flutter/src/widgets/single_child_scroll_view.dart:502:14)
#48     RenderObject.layout (package:flutter/src/rendering/object.dart:2775:7)
#49     RenderProxyBoxMixin.performLayout (package:flutter/src/rendering/proxy_box.dart:115:18)
#50     RenderObject.layout (package:flutter/src/rendering/object.dart:2775:7)
#51     RenderProxyBoxMixin.performLayout (package:flutter/src/rendering/proxy_box.dart:115:18)
#52     RenderObject.layout (package:flutter/src/rendering/object.dart:2775:7)
#53     RenderProxyBoxMixin.performLayout (package:flutter/src/rendering/proxy_box.dart:115:18)
#54     RenderObject.layout (package:flutter/src/rendering/object.dart:2775:7)
#55     RenderProxyBoxMixin.performLayout (package:flutter/src/rendering/proxy_box.dart:115:18)
#56     RenderObject.layout (package:flutter/src/rendering/object.dart:2775:7)
#57     RenderProxyBoxMixin.performLayout (package:flutter/src/rendering/proxy_box.dart:115:18)
#58     RenderObject.layout (package:flutter/src/rendering/object.dart:2775:7)
#59     RenderProxyBoxMixin.performLayout (package:flutter/src/rendering/proxy_box.dart:115:18)
#60     RenderObject.layout (package:flutter/src/rendering/object.dart:2775:7)
#61     RenderProxyBoxMixin.performLayout (package:flutter/src/rendering/proxy_box.dart:115:18)
#62     RenderObject.layout (package:flutter/src/rendering/object.dart:2775:7)
#63     RenderProxyBoxMixin.performLayout (package:flutter/src/rendering/proxy_box.dart:115:18)
#64     _RenderCustomClip.performLayout (package:flutter/src/rendering/proxy_box.dart:1481:11)
#65     RenderObject.layout (package:flutter/src/rendering/object.dart:2775:7)
#66     MultiChildLayoutDelegate.layoutChild (package:flutter/src/rendering/custom_layout.dart:180:12)
#67     _ScaffoldLayout.performLayout (package:flutter/src/material/scaffold.dart:1112:7)
#68     MultiChildLayoutDelegate._callPerformLayout (package:flutter/src/rendering/custom_layout.dart:249:7)
#69     RenderCustomMultiChildLayoutBox.performLayout (package:flutter/src/rendering/custom_layout.dart:420:14)
#70     RenderObject._layoutWithoutResize (package:flutter/src/rendering/object.dart:2623:7)
#71     PipelineOwner.flushLayout (package:flutter/src/rendering/object.dart:1170:18)
#72     PipelineOwner.flushLayout (package:flutter/src/rendering/object.dart:1183:15)
#73     AutomatedTestWidgetsFlutterBinding.drawFrame (package:flutter_test/src/binding.dart:1508:27)
#74     RendererBinding._handlePersistentFrameCallback (package:flutter/src/rendering/binding.dart:495:5)
#75     SchedulerBinding._invokeFrameCallback (package:flutter/src/scheduler/binding.dart:1434:15)
#76     SchedulerBinding.handleDrawFrame (package:flutter/src/scheduler/binding.dart:1347:9)
#77     AutomatedTestWidgetsFlutterBinding.pump.<anonymous closure> (package:flutter_test/src/binding.dart:1335:9)
#80     TestAsyncUtils.guard (package:flutter_test/src/test_async_utils.dart:74:41)
#81     AutomatedTestWidgetsFlutterBinding.pump (package:flutter_test/src/binding.dart:1324:27)
#82     WidgetTester.pumpAndSettle.<anonymous closure> (package:flutter_test/src/widget_tester.dart:719:23)
<asynchronous suspension>
#83     TestAsyncUtils.guard.<anonymous closure> (package:flutter_test/src/test_async_utils.dart:130:27)
<asynchronous suspension>
#84     main.<anonymous closure> (file:///D:/Mystery/programming/projects/PYTHON_PROJECTS/focus/focus_gg/focus_flutter/test/widget_test.dart:20:5)
<asynchronous suspension>
#85     testWidgets.<anonymous closure>.<anonymous closure> (package:flutter_test/src/widget_tester.dart:192:15)
<asynchronous suspension>
#86     TestWidgetsFlutterBinding._runTestBody (package:flutter_test/src/binding.dart:1059:5)
<asynchronous suspension>
<asynchronous suspension>
(elided 5 frames from class _AssertionError, dart:async, and package:stack_trace)

The following RenderObject was being processed when the exception was fired: RenderFlex#aa1cb relayoutBoundary=up26 NEEDS-LAYOUT NEEDS-PAINT:
  creator: Column ΓåÉ LayoutBuilder ΓåÉ Padding ΓåÉ Stack ΓåÉ Padding ΓåÉ DecoratedBox ΓåÉ Container ΓåÉ Stack ΓåÉ
    Listener ΓåÉ _GestureSemantics ΓåÉ RawGestureDetector ΓåÉ GestureDetector ΓåÉ Γï»
  parentData: offset=Offset(0.0, 0.0) (can use size)
  constraints: BoxConstraints(0.0<=w<=718.0, 0.0<=h<=Infinity)
  size: MISSING
  direction: vertical
  mainAxisAlignment: start
  mainAxisSize: max
  crossAxisAlignment: stretch
  verticalDirection: down
  spacing: 0.0
This RenderObject had the following descendants (showing up to depth 5):
    child 1: RenderPositionedBox#5029c relayoutBoundary=up27 NEEDS-PAINT
      child: RenderDecoratedBox#d57f4 relayoutBoundary=up28 NEEDS-PAINT
        child: RenderPadding#50332 relayoutBoundary=up29 NEEDS-PAINT
          child: RenderParagraph#90228 relayoutBoundary=up30 NEEDS-PAINT
            text: TextSpan
    child 2: RenderConstrainedBox#a0fd6 relayoutBoundary=up27 NEEDS-PAINT
    child 3: RenderFlex#b3cf9 relayoutBoundary=up27 NEEDS-PAINT
      child 1: RenderFlex#f1f04 relayoutBoundary=up28 NEEDS-PAINT
        child 1: RenderFittedBox#b6007 relayoutBoundary=up29 NEEDS-PAINT
          child: RenderFlex#d6f17 relayoutBoundary=up30 NEEDS-PAINT
            child 1: RenderParagraph#67186 relayoutBoundary=up31 NEEDS-PAINT
            child 2: RenderConstrainedBox#5085d relayoutBoundary=up31 NEEDS-PAINT
            child 3: RenderPadding#7cb01 relayoutBoundary=up31 NEEDS-PAINT
        child 2: RenderConstrainedBox#6aabe relayoutBoundary=up29 NEEDS-PAINT
        child 3: RenderPadding#62bef relayoutBoundary=up29 NEEDS-PAINT
          child: RenderFlex#7ce43 relayoutBoundary=up30 NEEDS-PAINT
            child 1: RenderConstrainedBox#d52ad relayoutBoundary=up31 NEEDS-PAINT
            child 2: RenderParagraph#8b3d0 relayoutBoundary=up31 NEEDS-PAINT
        child 4: RenderPadding#e6854 relayoutBoundary=up29 NEEDS-PAINT
          child: RenderFlex#65ef6 relayoutBoundary=up30 NEEDS-PAINT
            child 1: RenderConstrainedBox#fdc29 relayoutBoundary=up31 NEEDS-PAINT
            child 2: RenderParagraph#bab90 relayoutBoundary=up31 NEEDS-PAINT
        child 5: RenderPadding#ab2e0 relayoutBoundary=up29 NEEDS-PAINT
          child: RenderFlex#056f0 relayoutBoundary=up30 NEEDS-PAINT
            child 1: RenderConstrainedBox#3f59d relayoutBoundary=up31 NEEDS-PAINT
            child 2: RenderParagraph#76843 relayoutBoundary=up31 NEEDS-PAINT
    ...(descendants list truncated after 25 lines)
ΓòÉΓòÉΓòÉΓòÉΓòÉΓòÉΓòÉΓòÉΓòÉΓòÉΓòÉΓòÉΓòÉΓòÉΓòÉΓòÉΓòÉΓòÉΓòÉΓòÉΓòÉΓòÉΓòÉΓòÉΓòÉΓòÉΓòÉΓòÉΓòÉΓòÉΓòÉΓòÉΓòÉΓòÉΓòÉΓòÉΓòÉΓòÉΓòÉΓòÉΓòÉΓòÉΓòÉΓòÉΓòÉΓòÉΓòÉΓòÉΓòÉΓòÉΓòÉΓòÉΓòÉΓòÉΓòÉΓòÉΓòÉΓòÉΓòÉΓòÉΓòÉΓòÉΓòÉΓòÉΓòÉΓòÉΓòÉΓòÉΓòÉΓòÉΓòÉΓòÉΓòÉΓòÉΓòÉΓòÉΓòÉΓòÉΓòÉΓòÉΓòÉΓòÉΓòÉΓòÉΓòÉΓòÉΓòÉΓòÉΓòÉΓòÉΓòÉΓòÉΓòÉΓòÉΓòÉΓòÉΓòÉΓòÉΓòÉΓòÉ
ΓòÉΓòÉΓòí EXCEPTION CAUGHT BY RENDERING LIBRARY Γò₧ΓòÉΓòÉΓòÉΓòÉΓòÉΓòÉΓòÉΓòÉΓòÉΓòÉΓòÉΓòÉΓòÉΓòÉΓòÉΓòÉΓòÉΓòÉΓòÉΓòÉΓòÉΓòÉΓòÉΓòÉΓòÉΓòÉΓòÉΓòÉΓòÉΓòÉΓòÉΓòÉΓòÉΓòÉΓòÉΓòÉΓòÉΓòÉΓòÉΓòÉΓòÉΓòÉΓòÉΓòÉΓòÉΓòÉΓòÉΓòÉΓòÉΓòÉΓòÉΓòÉΓòÉΓòÉΓòÉΓòÉΓòÉ
The following assertion was thrown during performLayout():
RenderBox was not laid out: RenderFlex#aa1cb relayoutBoundary=up26 NEEDS-PAINT
'package:flutter/src/rendering/box.dart':
Failed assertion: line 2251 pos 12: 'hasSize'

Either the assertion indicates an error in the framework itself, or we should provide substantially
more information in this error message to help you determine and fix the underlying cause.
In either case, please report this assertion by filing a bug on GitHub:
  https://github.com/flutter/flutter/issues/new?template=02_bug.yml

The relevant error-causing widget was:
  LayoutBuilder
  LayoutBuilder:file:///D:/Mystery/programming/projects/PYTHON_PROJECTS/focus/focus_gg/focus_flutter/lib/features/dashboard/dashboard_screen.dart:197:18

When the exception was thrown, this was the stack:
#2      RenderBox.size (package:flutter/src/rendering/box.dart:2251:12)
#3      _RenderLayoutBuilder.performLayout (package:flutter/src/widgets/layout_builder.dart:451:43)
#4      RenderObject.layout (package:flutter/src/rendering/object.dart:2775:7)
#5      RenderPadding.performLayout (package:flutter/src/rendering/shifted_box.dart:243:12)
#6      RenderObject.layout (package:flutter/src/rendering/object.dart:2775:7)
#7      ChildLayoutHelper.layoutChild (package:flutter/src/rendering/layout_helper.dart:62:11)
#8      RenderStack._computeSize (package:flutter/src/rendering/stack.dart:645:43)
#9      RenderStack.performLayout (package:flutter/src/rendering/stack.dart:680:12)
#10     RenderObject.layout (package:flutter/src/rendering/object.dart:2775:7)
#11     RenderPadding.performLayout (package:flutter/src/rendering/shifted_box.dart:243:12)
#12     RenderObject.layout (package:flutter/src/rendering/object.dart:2775:7)
#13     RenderProxyBoxMixin.performLayout (package:flutter/src/rendering/proxy_box.dart:115:18)
#14     RenderObject.layout (package:flutter/src/rendering/object.dart:2775:7)
#15     ChildLayoutHelper.layoutChild (package:flutter/src/rendering/layout_helper.dart:62:11)
#16     RenderStack._computeSize (package:flutter/src/rendering/stack.dart:645:43)
#17     RenderStack.performLayout (package:flutter/src/rendering/stack.dart:680:12)
#18     RenderObject.layout (package:flutter/src/rendering/object.dart:2775:7)
#19     RenderProxyBoxMixin.performLayout (package:flutter/src/rendering/proxy_box.dart:115:18)
#20     RenderObject.layout (package:flutter/src/rendering/object.dart:2775:7)
#21     RenderProxyBoxMixin.performLayout (package:flutter/src/rendering/proxy_box.dart:115:18)
#22     RenderObject.layout (package:flutter/src/rendering/object.dart:2775:7)
#23     ChildLayoutHelper.layoutChild (package:flutter/src/rendering/layout_helper.dart:62:11)
#24     RenderStack._computeSize (package:flutter/src/rendering/stack.dart:645:43)
#25     RenderStack.performLayout (package:flutter/src/rendering/stack.dart:680:12)
#26     RenderObject.layout (package:flutter/src/rendering/object.dart:2775:7)
#27     RenderProxyBoxMixin.performLayout (package:flutter/src/rendering/proxy_box.dart:115:18)
#28     RenderObject.layout (package:flutter/src/rendering/object.dart:2775:7)
#29     RenderProxyBoxMixin.performLayout (package:flutter/src/rendering/proxy_box.dart:115:18)
#30     RenderObject.layout (package:flutter/src/rendering/object.dart:2775:7)
#31     ChildLayoutHelper.layoutChild (package:flutter/src/rendering/layout_helper.dart:62:11)
#32     RenderFlex._computeSizes (package:flutter/src/rendering/flex.dart:1161:28)
#33     RenderFlex.performLayout (package:flutter/src/rendering/flex.dart:1257:32)
#34     RenderObject.layout (package:flutter/src/rendering/object.dart:2775:7)
#35     RenderPadding.performLayout (package:flutter/src/rendering/shifted_box.dart:243:12)
#36     RenderObject.layout (package:flutter/src/rendering/object.dart:2775:7)
#37     RenderConstrainedBox.performLayout (package:flutter/src/rendering/proxy_box.dart:293:14)
#38     RenderObject.layout (package:flutter/src/rendering/object.dart:2775:7)
#39     RenderPositionedBox.performLayout (package:flutter/src/rendering/shifted_box.dart:465:14)
#40     RenderObject.layout (package:flutter/src/rendering/object.dart:2775:7)
#41     RenderPadding.performLayout (package:flutter/src/rendering/shifted_box.dart:243:12)
#42     RenderObject.layout (package:flutter/src/rendering/object.dart:2775:7)
#43     _RenderSingleChildViewport.performLayout (package:flutter/src/widgets/single_child_scroll_view.dart:502:14)
#44     RenderObject.layout (package:flutter/src/rendering/object.dart:2775:7)
#45     RenderProxyBoxMixin.performLayout (package:flutter/src/rendering/proxy_box.dart:115:18)
#46     RenderObject.layout (package:flutter/src/rendering/object.dart:2775:7)
#47     RenderProxyBoxMixin.performLayout (package:flutter/src/rendering/proxy_box.dart:115:18)
#48     RenderObject.layout (package:flutter/src/rendering/object.dart:2775:7)
#49     RenderProxyBoxMixin.performLayout (package:flutter/src/rendering/proxy_box.dart:115:18)
#50     RenderObject.layout (package:flutter/src/rendering/object.dart:2775:7)
#51     RenderProxyBoxMixin.performLayout (package:flutter/src/rendering/proxy_box.dart:115:18)
#52     RenderObject.layout (package:flutter/src/rendering/object.dart:2775:7)
#53     RenderProxyBoxMixin.performLayout (package:flutter/src/rendering/proxy_box.dart:115:18)
#54     RenderObject.layout (package:flutter/src/rendering/object.dart:2775:7)
#55     RenderProxyBoxMixin.performLayout (package:flutter/src/rendering/proxy_box.dart:115:18)
#56     RenderObject.layout (package:flutter/src/rendering/object.dart:2775:7)
#57     RenderProxyBoxMixin.performLayout (package:flutter/src/rendering/proxy_box.dart:115:18)
#58     RenderObject.layout (package:flutter/src/rendering/object.dart:2775:7)
#59     RenderProxyBoxMixin.performLayout (package:flutter/src/rendering/proxy_box.dart:115:18)
#60     _RenderCustomClip.performLayout (package:flutter/src/rendering/proxy_box.dart:1481:11)
#61     RenderObject.layout (package:flutter/src/rendering/object.dart:2775:7)
#62     MultiChildLayoutDelegate.layoutChild (package:flutter/src/rendering/custom_layout.dart:180:12)
#63     _ScaffoldLayout.performLayout (package:flutter/src/material/scaffold.dart:1112:7)
#64     MultiChildLayoutDelegate._callPerformLayout (package:flutter/src/rendering/custom_layout.dart:249:7)
#65     RenderCustomMultiChildLayoutBox.performLayout (package:flutter/src/rendering/custom_layout.dart:420:14)
#66     RenderObject._layoutWithoutResize (package:flutter/src/rendering/object.dart:2623:7)
#67     PipelineOwner.flushLayout (package:flutter/src/rendering/object.dart:1170:18)
#68     PipelineOwner.flushLayout (package:flutter/src/rendering/object.dart:1183:15)
#69     AutomatedTestWidgetsFlutterBinding.drawFrame (package:flutter_test/src/binding.dart:1508:27)
#70     RendererBinding._handlePersistentFrameCallback (package:flutter/src/rendering/binding.dart:495:5)
#71     SchedulerBinding._invokeFrameCallback (package:flutter/src/scheduler/binding.dart:1434:15)
#72     SchedulerBinding.handleDrawFrame (package:flutter/src/scheduler/binding.dart:1347:9)
#73     AutomatedTestWidgetsFlutterBinding.pump.<anonymous closure> (package:flutter_test/src/binding.dart:1335:9)
#76     TestAsyncUtils.guard (package:flutter_test/src/test_async_utils.dart:74:41)
#77     AutomatedTestWidgetsFlutterBinding.pump (package:flutter_test/src/binding.dart:1324:27)
#78     WidgetTester.pumpAndSettle.<anonymous closure> (package:flutter_test/src/widget_tester.dart:719:23)
<asynchronous suspension>
#79     TestAsyncUtils.guard.<anonymous closure> (package:flutter_test/src/test_async_utils.dart:130:27)
<asynchronous suspension>
#80     main.<anonymous closure> (file:///D:/Mystery/programming/projects/PYTHON_PROJECTS/focus/focus_gg/focus_flutter/test/widget_test.dart:20:5)
<asynchronous suspension>
#81     testWidgets.<anonymous closure>.<anonymous closure> (package:flutter_test/src/widget_tester.dart:192:15)
<asynchronous suspension>
#82     TestWidgetsFlutterBinding._runTestBody (package:flutter_test/src/binding.dart:1059:5)
<asynchronous suspension>
<asynchronous suspension>
(elided 5 frames from class _AssertionError, dart:async, and package:stack_trace)

The following RenderObject was being processed when the exception was fired: _RenderLayoutBuilder#af538 relayoutBoundary=up25 NEEDS-LAYOUT NEEDS-PAINT:
  creator: LayoutBuilder ΓåÉ Padding ΓåÉ Stack ΓåÉ Padding ΓåÉ DecoratedBox ΓåÉ Container ΓåÉ Stack ΓåÉ Listener ΓåÉ
    _GestureSemantics ΓåÉ RawGestureDetector ΓåÉ GestureDetector ΓåÉ CyberCard ΓåÉ Γï»
  parentData: offset=Offset(16.0, 16.0) (can use size)
  constraints: BoxConstraints(0.0<=w<=718.0, 0.0<=h<=Infinity)
  size: MISSING
This RenderObject had the following descendants (showing up to depth 5):
    child: RenderFlex#aa1cb relayoutBoundary=up26 NEEDS-PAINT
      child 1: RenderPositionedBox#5029c relayoutBoundary=up27 NEEDS-PAINT
        child: RenderDecoratedBox#d57f4 relayoutBoundary=up28 NEEDS-PAINT
          child: RenderPadding#50332 relayoutBoundary=up29 NEEDS-PAINT
            child: RenderParagraph#90228 relayoutBoundary=up30 NEEDS-PAINT
      child 2: RenderConstrainedBox#a0fd6 relayoutBoundary=up27 NEEDS-PAINT
      child 3: RenderFlex#b3cf9 relayoutBoundary=up27 NEEDS-PAINT
        child 1: RenderFlex#f1f04 relayoutBoundary=up28 NEEDS-PAINT
          child 1: RenderFittedBox#b6007 relayoutBoundary=up29 NEEDS-PAINT
            child: RenderFlex#d6f17 relayoutBoundary=up30 NEEDS-PAINT
          child 2: RenderConstrainedBox#6aabe relayoutBoundary=up29 NEEDS-PAINT
          child 3: RenderPadding#62bef relayoutBoundary=up29 NEEDS-PAINT
            child: RenderFlex#7ce43 relayoutBoundary=up30 NEEDS-PAINT
          child 4: RenderPadding#e6854 relayoutBoundary=up29 NEEDS-PAINT
            child: RenderFlex#65ef6 relayoutBoundary=up30 NEEDS-PAINT
          child 5: RenderPadding#ab2e0 relayoutBoundary=up29 NEEDS-PAINT
            child: RenderFlex#056f0 relayoutBoundary=up30 NEEDS-PAINT
        child 2: RenderConstrainedBox#47fa4 relayoutBoundary=up28 NEEDS-PAINT
        child 3: RenderFlex#cfa20 relayoutBoundary=up28 NEEDS-PAINT
          child 1: RenderFlex#e845d relayoutBoundary=up29 NEEDS-PAINT
            child 1: RenderPadding#72fd1 relayoutBoundary=up30 NEEDS-PAINT
            child 2: RenderPhysicalModel#e7b79 relayoutBoundary=up30 NEEDS-PAINT
          child 2: RenderConstrainedBox#fe7ce relayoutBoundary=up29 NEEDS-PAINT
          child 3: RenderFlex#ca726 relayoutBoundary=up29 NEEDS-PAINT
            child 1: RenderPadding#b96a6 relayoutBoundary=up30 NEEDS-PAINT
            child 2: RenderPhysicalModel#3f598 relayoutBoundary=up30 NEEDS-PAINT
          child 4: RenderConstrainedBox#6f87b relayoutBoundary=up29 NEEDS-PAINT
          child 5: RenderFlex#5d15d relayoutBoundary=up29 NEEDS-PAINT
            child 1: RenderPadding#776a6 relayoutBoundary=up30 NEEDS-PAINT
    ...(descendants list truncated after 25 lines)
ΓòÉΓòÉΓòÉΓòÉΓòÉΓòÉΓòÉΓòÉΓòÉΓòÉΓòÉΓòÉΓòÉΓòÉΓòÉΓòÉΓòÉΓòÉΓòÉΓòÉΓòÉΓòÉΓòÉΓòÉΓòÉΓòÉΓòÉΓòÉΓòÉΓòÉΓòÉΓòÉΓòÉΓòÉΓòÉΓòÉΓòÉΓòÉΓòÉΓòÉΓòÉΓòÉΓòÉΓòÉΓòÉΓòÉΓòÉΓòÉΓòÉΓòÉΓòÉΓòÉΓòÉΓòÉΓòÉΓòÉΓòÉΓòÉΓòÉΓòÉΓòÉΓòÉΓòÉΓòÉΓòÉΓòÉΓòÉΓòÉΓòÉΓòÉΓòÉΓòÉΓòÉΓòÉΓòÉΓòÉΓòÉΓòÉΓòÉΓòÉΓòÉΓòÉΓòÉΓòÉΓòÉΓòÉΓòÉΓòÉΓòÉΓòÉΓòÉΓòÉΓòÉΓòÉΓòÉΓòÉΓòÉΓòÉΓòÉΓòÉ
ΓòÉΓòÉΓòí EXCEPTION CAUGHT BY RENDERING LIBRARY Γò₧ΓòÉΓòÉΓòÉΓòÉΓòÉΓòÉΓòÉΓòÉΓòÉΓòÉΓòÉΓòÉΓòÉΓòÉΓòÉΓòÉΓòÉΓòÉΓòÉΓòÉΓòÉΓòÉΓòÉΓòÉΓòÉΓòÉΓòÉΓòÉΓòÉΓòÉΓòÉΓòÉΓòÉΓòÉΓòÉΓòÉΓòÉΓòÉΓòÉΓòÉΓòÉΓòÉΓòÉΓòÉΓòÉΓòÉΓòÉΓòÉΓòÉΓòÉΓòÉΓòÉΓòÉΓòÉΓòÉΓòÉΓòÉ
The following assertion was thrown during performLayout():
RenderBox was not laid out: _RenderLayoutBuilder#af538 relayoutBoundary=up25 NEEDS-PAINT
'package:flutter/src/rendering/box.dart':
Failed assertion: line 2251 pos 12: 'hasSize'

Either the assertion indicates an error in the framework itself, or we should provide substantially
more information in this error message to help you determine and fix the underlying cause.
In either case, please report this assertion by filing a bug on GitHub:
  https://github.com/flutter/flutter/issues/new?template=02_bug.yml

The relevant error-causing widget was:
  Padding
  Padding:file:///D:/Mystery/programming/projects/PYTHON_PROJECTS/focus/focus_gg/focus_flutter/lib/shared/widgets/cyber_card.dart:57:17

When the exception was thrown, this was the stack:
#2      RenderBox.size (package:flutter/src/rendering/box.dart:2251:12)
#3      RenderPadding.performLayout (package:flutter/src/rendering/shifted_box.dart:247:40)
#4      RenderObject.layout (package:flutter/src/rendering/object.dart:2775:7)
#5      ChildLayoutHelper.layoutChild (package:flutter/src/rendering/layout_helper.dart:62:11)
#6      RenderStack._computeSize (package:flutter/src/rendering/stack.dart:645:43)
#7      RenderStack.performLayout (package:flutter/src/rendering/stack.dart:680:12)
#8      RenderObject.layout (package:flutter/src/rendering/object.dart:2775:7)
#9      RenderPadding.performLayout (package:flutter/src/rendering/shifted_box.dart:243:12)
#10     RenderObject.layout (package:flutter/src/rendering/object.dart:2775:7)
#11     RenderProxyBoxMixin.performLayout (package:flutter/src/rendering/proxy_box.dart:115:18)
#12     RenderObject.layout (package:flutter/src/rendering/object.dart:2775:7)
#13     ChildLayoutHelper.layoutChild (package:flutter/src/rendering/layout_helper.dart:62:11)
#14     RenderStack._computeSize (package:flutter/src/rendering/stack.dart:645:43)
#15     RenderStack.performLayout (package:flutter/src/rendering/stack.dart:680:12)
#16     RenderObject.layout (package:flutter/src/rendering/object.dart:2775:7)
#17     RenderProxyBoxMixin.performLayout (package:flutter/src/rendering/proxy_box.dart:115:18)
#18     RenderObject.layout (package:flutter/src/rendering/object.dart:2775:7)
#19     RenderProxyBoxMixin.performLayout (package:flutter/src/rendering/proxy_box.dart:115:18)
#20     RenderObject.layout (package:flutter/src/rendering/object.dart:2775:7)
#21     ChildLayoutHelper.layoutChild (package:flutter/src/rendering/layout_helper.dart:62:11)
#22     RenderStack._computeSize (package:flutter/src/rendering/stack.dart:645:43)
#23     RenderStack.performLayout (package:flutter/src/rendering/stack.dart:680:12)
#24     RenderObject.layout (package:flutter/src/rendering/object.dart:2775:7)
#25     RenderProxyBoxMixin.performLayout (package:flutter/src/rendering/proxy_box.dart:115:18)
#26     RenderObject.layout (package:flutter/src/rendering/object.dart:2775:7)
#27     RenderProxyBoxMixin.performLayout (package:flutter/src/rendering/proxy_box.dart:115:18)
#28     RenderObject.layout (package:flutter/src/rendering/object.dart:2775:7)
#29     ChildLayoutHelper.layoutChild (package:flutter/src/rendering/layout_helper.dart:62:11)
#30     RenderFlex._computeSizes (package:flutter/src/rendering/flex.dart:1161:28)
#31     RenderFlex.performLayout (package:flutter/src/rendering/flex.dart:1257:32)
#32     RenderObject.layout (package:flutter/src/rendering/object.dart:2775:7)
#33     RenderPadding.performLayout (package:flutter/src/rendering/shifted_box.dart:243:12)
#34     RenderObject.layout (package:flutter/src/rendering/object.dart:2775:7)
#35     RenderConstrainedBox.performLayout (package:flutter/src/rendering/proxy_box.dart:293:14)
#36     RenderObject.layout (package:flutter/src/rendering/object.dart:2775:7)
#37     RenderPositionedBox.performLayout (package:flutter/src/rendering/shifted_box.dart:465:14)
#38     RenderObject.layout (package:flutter/src/rendering/object.dart:2775:7)
#39     RenderPadding.performLayout (package:flutter/src/rendering/shifted_box.dart:243:12)
#40     RenderObject.layout (package:flutter/src/rendering/object.dart:2775:7)
#41     _RenderSingleChildViewport.performLayout (package:flutter/src/widgets/single_child_scroll_view.dart:502:14)
#42     RenderObject.layout (package:flutter/src/rendering/object.dart:2775:7)
#43     RenderProxyBoxMixin.performLayout (package:flutter/src/rendering/proxy_box.dart:115:18)
#44     RenderObject.layout (package:flutter/src/rendering/object.dart:2775:7)
#45     RenderProxyBoxMixin.performLayout (package:flutter/src/rendering/proxy_box.dart:115:18)
#46     RenderObject.layout (package:flutter/src/rendering/object.dart:2775:7)
#47     RenderProxyBoxMixin.performLayout (package:flutter/src/rendering/proxy_box.dart:115:18)
#48     RenderObject.layout (package:flutter/src/rendering/object.dart:2775:7)
#49     RenderProxyBoxMixin.performLayout (package:flutter/src/rendering/proxy_box.dart:115:18)
#50     RenderObject.layout (package:flutter/src/rendering/object.dart:2775:7)
#51     RenderProxyBoxMixin.performLayout (package:flutter/src/rendering/proxy_box.dart:115:18)
#52     RenderObject.layout (package:flutter/src/rendering/object.dart:2775:7)
#53     RenderProxyBoxMixin.performLayout (package:flutter/src/rendering/proxy_box.dart:115:18)
#54     RenderObject.layout (package:flutter/src/rendering/object.dart:2775:7)
#55     RenderProxyBoxMixin.performLayout (package:flutter/src/rendering/proxy_box.dart:115:18)
#56     RenderObject.layout (package:flutter/src/rendering/object.dart:2775:7)
#57     RenderProxyBoxMixin.performLayout (package:flutter/src/rendering/proxy_box.dart:115:18)
#58     _RenderCustomClip.performLayout (package:flutter/src/rendering/proxy_box.dart:1481:11)
#59     RenderObject.layout (package:flutter/src/rendering/object.dart:2775:7)
#60     MultiChildLayoutDelegate.layoutChild (package:flutter/src/rendering/custom_layout.dart:180:12)
#61     _ScaffoldLayout.performLayout (package:flutter/src/material/scaffold.dart:1112:7)
#62     MultiChildLayoutDelegate._callPerformLayout (package:flutter/src/rendering/custom_layout.dart:249:7)
#63     RenderCustomMultiChildLayoutBox.performLayout (package:flutter/src/rendering/custom_layout.dart:420:14)
#64     RenderObject._layoutWithoutResize (package:flutter/src/rendering/object.dart:2623:7)
#65     PipelineOwner.flushLayout (package:flutter/src/rendering/object.dart:1170:18)
#66     PipelineOwner.flushLayout (package:flutter/src/rendering/object.dart:1183:15)
#67     AutomatedTestWidgetsFlutterBinding.drawFrame (package:flutter_test/src/binding.dart:1508:27)
#68     RendererBinding._handlePersistentFrameCallback (package:flutter/src/rendering/binding.dart:495:5)
#69     SchedulerBinding._invokeFrameCallback (package:flutter/src/scheduler/binding.dart:1434:15)
#70     SchedulerBinding.handleDrawFrame (package:flutter/src/scheduler/binding.dart:1347:9)
#71     AutomatedTestWidgetsFlutterBinding.pump.<anonymous closure> (package:flutter_test/src/binding.dart:1335:9)
#74     TestAsyncUtils.guard (package:flutter_test/src/test_async_utils.dart:74:41)
#75     AutomatedTestWidgetsFlutterBinding.pump (package:flutter_test/src/binding.dart:1324:27)
#76     WidgetTester.pumpAndSettle.<anonymous closure> (package:flutter_test/src/widget_tester.dart:719:23)
<asynchronous suspension>
#77     TestAsyncUtils.guard.<anonymous closure> (package:flutter_test/src/test_async_utils.dart:130:27)
<asynchronous suspension>
#78     main.<anonymous closure> (file:///D:/Mystery/programming/projects/PYTHON_PROJECTS/focus/focus_gg/focus_flutter/test/widget_test.dart:20:5)
<asynchronous suspension>
#79     testWidgets.<anonymous closure>.<anonymous closure> (package:flutter_test/src/widget_tester.dart:192:15)
<asynchronous suspension>
#80     TestWidgetsFlutterBinding._runTestBody (package:flutter_test/src/binding.dart:1059:5)
<asynchronous suspension>
<asynchronous suspension>
(elided 5 frames from class _AssertionError, dart:async, and package:stack_trace)

The following RenderObject was being processed when the exception was fired: RenderPadding#d05ee relayoutBoundary=up24 NEEDS-LAYOUT NEEDS-PAINT:
  creator: Padding ΓåÉ Stack ΓåÉ Padding ΓåÉ DecoratedBox ΓåÉ Container ΓåÉ Stack ΓåÉ Listener ΓåÉ _GestureSemantics
    ΓåÉ RawGestureDetector ΓåÉ GestureDetector ΓåÉ CyberCard ΓåÉ Stack ΓåÉ Γï»
  parentData: not positioned; offset=Offset(0.0, 0.0) (can use size)
  constraints: BoxConstraints(0.0<=w<=750.0, 0.0<=h<=Infinity)
  size: MISSING
  padding: EdgeInsets.all(16.0)
  textDirection: ltr
This RenderObject had the following descendants (showing up to depth 5):
    child: _RenderLayoutBuilder#af538 relayoutBoundary=up25 NEEDS-PAINT
      child: RenderFlex#aa1cb relayoutBoundary=up26 NEEDS-PAINT
        child 1: RenderPositionedBox#5029c relayoutBoundary=up27 NEEDS-PAINT
          child: RenderDecoratedBox#d57f4 relayoutBoundary=up28 NEEDS-PAINT
            child: RenderPadding#50332 relayoutBoundary=up29 NEEDS-PAINT
        child 2: RenderConstrainedBox#a0fd6 relayoutBoundary=up27 NEEDS-PAINT
        child 3: RenderFlex#b3cf9 relayoutBoundary=up27 NEEDS-PAINT
          child 1: RenderFlex#f1f04 relayoutBoundary=up28 NEEDS-PAINT
            child 1: RenderFittedBox#b6007 relayoutBoundary=up29 NEEDS-PAINT
            child 2: RenderConstrainedBox#6aabe relayoutBoundary=up29 NEEDS-PAINT
            child 3: RenderPadding#62bef relayoutBoundary=up29 NEEDS-PAINT
            child 4: RenderPadding#e6854 relayoutBoundary=up29 NEEDS-PAINT
            child 5: RenderPadding#ab2e0 relayoutBoundary=up29 NEEDS-PAINT
          child 2: RenderConstrainedBox#47fa4 relayoutBoundary=up28 NEEDS-PAINT
          child 3: RenderFlex#cfa20 relayoutBoundary=up28 NEEDS-PAINT
            child 1: RenderFlex#e845d relayoutBoundary=up29 NEEDS-PAINT
            child 2: RenderConstrainedBox#fe7ce relayoutBoundary=up29 NEEDS-PAINT
            child 3: RenderFlex#ca726 relayoutBoundary=up29 NEEDS-PAINT
            child 4: RenderConstrainedBox#6f87b relayoutBoundary=up29 NEEDS-PAINT
            child 5: RenderFlex#5d15d relayoutBoundary=up29 NEEDS-PAINT
            child 6: RenderConstrainedBox#54035 relayoutBoundary=up29 NEEDS-PAINT
            child 7: RenderFlex#25cc0 relayoutBoundary=up29 NEEDS-PAINT
        child 4: RenderConstrainedBox#5d447 relayoutBoundary=up27 NEEDS-PAINT
        child 5: RenderFlex#c9e0f relayoutBoundary=up27 NEEDS-PAINT
          child 1: RenderWrap#c6f67 NEEDS-LAYOUT NEEDS-PAINT
            child 1: RenderFittedBox#0ee63 NEEDS-LAYOUT NEEDS-PAINT
            child 2: RenderFittedBox#94987 NEEDS-LAYOUT NEEDS-PAINT
            child 3: RenderFittedBox#4a326 NEEDS-LAYOUT NEEDS-PAINT
            child 4: RenderFittedBox#8d9c2 NEEDS-LAYOUT NEEDS-PAINT
    ...(descendants list truncated after 25 lines)
ΓòÉΓòÉΓòÉΓòÉΓòÉΓòÉΓòÉΓòÉΓòÉΓòÉΓòÉΓòÉΓòÉΓòÉΓòÉΓòÉΓòÉΓòÉΓòÉΓòÉΓòÉΓòÉΓòÉΓòÉΓòÉΓòÉΓòÉΓòÉΓòÉΓòÉΓòÉΓòÉΓòÉΓòÉΓòÉΓòÉΓòÉΓòÉΓòÉΓòÉΓòÉΓòÉΓòÉΓòÉΓòÉΓòÉΓòÉΓòÉΓòÉΓòÉΓòÉΓòÉΓòÉΓòÉΓòÉΓòÉΓòÉΓòÉΓòÉΓòÉΓòÉΓòÉΓòÉΓòÉΓòÉΓòÉΓòÉΓòÉΓòÉΓòÉΓòÉΓòÉΓòÉΓòÉΓòÉΓòÉΓòÉΓòÉΓòÉΓòÉΓòÉΓòÉΓòÉΓòÉΓòÉΓòÉΓòÉΓòÉΓòÉΓòÉΓòÉΓòÉΓòÉΓòÉΓòÉΓòÉΓòÉΓòÉΓòÉΓòÉ
ΓòÉΓòÉΓòí EXCEPTION CAUGHT BY RENDERING LIBRARY Γò₧ΓòÉΓòÉΓòÉΓòÉΓòÉΓòÉΓòÉΓòÉΓòÉΓòÉΓòÉΓòÉΓòÉΓòÉΓòÉΓòÉΓòÉΓòÉΓòÉΓòÉΓòÉΓòÉΓòÉΓòÉΓòÉΓòÉΓòÉΓòÉΓòÉΓòÉΓòÉΓòÉΓòÉΓòÉΓòÉΓòÉΓòÉΓòÉΓòÉΓòÉΓòÉΓòÉΓòÉΓòÉΓòÉΓòÉΓòÉΓòÉΓòÉΓòÉΓòÉΓòÉΓòÉΓòÉΓòÉΓòÉΓòÉ
The following assertion was thrown during performLayout():
RenderBox was not laid out: RenderPadding#d05ee relayoutBoundary=up24 NEEDS-PAINT
'package:flutter/src/rendering/box.dart':
Failed assertion: line 2251 pos 12: 'hasSize'

Either the assertion indicates an error in the framework itself, or we should provide substantially
more information in this error message to help you determine and fix the underlying cause.
In either case, please report this assertion by filing a bug on GitHub:
  https://github.com/flutter/flutter/issues/new?template=02_bug.yml

The relevant error-causing widget was:
  Stack
  Stack:file:///D:/Mystery/programming/projects/PYTHON_PROJECTS/focus/focus_gg/focus_flutter/lib/shared/widgets/cyber_card.dart:37:20

When the exception was thrown, this was the stack:
#2      RenderBox.size (package:flutter/src/rendering/box.dart:2251:12)
#3      ChildLayoutHelper.layoutChild (package:flutter/src/rendering/layout_helper.dart:63:18)
#4      RenderStack._computeSize (package:flutter/src/rendering/stack.dart:645:43)
#5      RenderStack.performLayout (package:flutter/src/rendering/stack.dart:680:12)
#6      RenderObject.layout (package:flutter/src/rendering/object.dart:2775:7)
#7      RenderPadding.performLayout (package:flutter/src/rendering/shifted_box.dart:243:12)
#8      RenderObject.layout (package:flutter/src/rendering/object.dart:2775:7)
#9      RenderProxyBoxMixin.performLayout (package:flutter/src/rendering/proxy_box.dart:115:18)
#10     RenderObject.layout (package:flutter/src/rendering/object.dart:2775:7)
#11     ChildLayoutHelper.layoutChild (package:flutter/src/rendering/layout_helper.dart:62:11)
#12     RenderStack._computeSize (package:flutter/src/rendering/stack.dart:645:43)
#13     RenderStack.performLayout (package:flutter/src/rendering/stack.dart:680:12)
#14     RenderObject.layout (package:flutter/src/rendering/object.dart:2775:7)
#15     RenderProxyBoxMixin.performLayout (package:flutter/src/rendering/proxy_box.dart:115:18)
#16     RenderObject.layout (package:flutter/src/rendering/object.dart:2775:7)
#17     RenderProxyBoxMixin.performLayout (package:flutter/src/rendering/proxy_box.dart:115:18)
#18     RenderObject.layout (package:flutter/src/rendering/object.dart:2775:7)
#19     ChildLayoutHelper.layoutChild (package:flutter/src/rendering/layout_helper.dart:62:11)
#20     RenderStack._computeSize (package:flutter/src/rendering/stack.dart:645:43)
#21     RenderStack.performLayout (package:flutter/src/rendering/stack.dart:680:12)
#22     RenderObject.layout (package:flutter/src/rendering/object.dart:2775:7)
#23     RenderProxyBoxMixin.performLayout (package:flutter/src/rendering/proxy_box.dart:115:18)
#24     RenderObject.layout (package:flutter/src/rendering/object.dart:2775:7)
#25     RenderProxyBoxMixin.performLayout (package:flutter/src/rendering/proxy_box.dart:115:18)
#26     RenderObject.layout (package:flutter/src/rendering/object.dart:2775:7)
#27     ChildLayoutHelper.layoutChild (package:flutter/src/rendering/layout_helper.dart:62:11)
#28     RenderFlex._computeSizes (package:flutter/src/rendering/flex.dart:1161:28)
#29     RenderFlex.performLayout (package:flutter/src/rendering/flex.dart:1257:32)
#30     RenderObject.layout (package:flutter/src/rendering/object.dart:2775:7)
#31     RenderPadding.performLayout (package:flutter/src/rendering/shifted_box.dart:243:12)
#32     RenderObject.layout (package:flutter/src/rendering/object.dart:2775:7)
#33     RenderConstrainedBox.performLayout (package:flutter/src/rendering/proxy_box.dart:293:14)
#34     RenderObject.layout (package:flutter/src/rendering/object.dart:2775:7)
#35     RenderPositionedBox.performLayout (package:flutter/src/rendering/shifted_box.dart:465:14)
#36     RenderObject.layout (package:flutter/src/rendering/object.dart:2775:7)
#37     RenderPadding.performLayout (package:flutter/src/rendering/shifted_box.dart:243:12)
#38     RenderObject.layout (package:flutter/src/rendering/object.dart:2775:7)
#39     _RenderSingleChildViewport.performLayout (package:flutter/src/widgets/single_child_scroll_view.dart:502:14)
#40     RenderObject.layout (package:flutter/src/rendering/object.dart:2775:7)
#41     RenderProxyBoxMixin.performLayout (package:flutter/src/rendering/proxy_box.dart:115:18)
#42     RenderObject.layout (package:flutter/src/rendering/object.dart:2775:7)
#43     RenderProxyBoxMixin.performLayout (package:flutter/src/rendering/proxy_box.dart:115:18)
#44     RenderObject.layout (package:flutter/src/rendering/object.dart:2775:7)
#45     RenderProxyBoxMixin.performLayout (package:flutter/src/rendering/proxy_box.dart:115:18)
#46     RenderObject.layout (package:flutter/src/rendering/object.dart:2775:7)
#47     RenderProxyBoxMixin.performLayout (package:flutter/src/rendering/proxy_box.dart:115:18)
#48     RenderObject.layout (package:flutter/src/rendering/object.dart:2775:7)
#49     RenderProxyBoxMixin.performLayout (package:flutter/src/rendering/proxy_box.dart:115:18)
#50     RenderObject.layout (package:flutter/src/rendering/object.dart:2775:7)
#51     RenderProxyBoxMixin.performLayout (package:flutter/src/rendering/proxy_box.dart:115:18)
#52     RenderObject.layout (package:flutter/src/rendering/object.dart:2775:7)
#53     RenderProxyBoxMixin.performLayout (package:flutter/src/rendering/proxy_box.dart:115:18)
#54     RenderObject.layout (package:flutter/src/rendering/object.dart:2775:7)
#55     RenderProxyBoxMixin.performLayout (package:flutter/src/rendering/proxy_box.dart:115:18)
#56     _RenderCustomClip.performLayout (package:flutter/src/rendering/proxy_box.dart:1481:11)
#57     RenderObject.layout (package:flutter/src/rendering/object.dart:2775:7)
#58     MultiChildLayoutDelegate.layoutChild (package:flutter/src/rendering/custom_layout.dart:180:12)
#59     _ScaffoldLayout.performLayout (package:flutter/src/material/scaffold.dart:1112:7)
#60     MultiChildLayoutDelegate._callPerformLayout (package:flutter/src/rendering/custom_layout.dart:249:7)
#61     RenderCustomMultiChildLayoutBox.performLayout (package:flutter/src/rendering/custom_layout.dart:420:14)
#62     RenderObject._layoutWithoutResize (package:flutter/src/rendering/object.dart:2623:7)
#63     PipelineOwner.flushLayout (package:flutter/src/rendering/object.dart:1170:18)
#64     PipelineOwner.flushLayout (package:flutter/src/rendering/object.dart:1183:15)
#65     AutomatedTestWidgetsFlutterBinding.drawFrame (package:flutter_test/src/binding.dart:1508:27)
#66     RendererBinding._handlePersistentFrameCallback (package:flutter/src/rendering/binding.dart:495:5)
#67     SchedulerBinding._invokeFrameCallback (package:flutter/src/scheduler/binding.dart:1434:15)
#68     SchedulerBinding.handleDrawFrame (package:flutter/src/scheduler/binding.dart:1347:9)
#69     AutomatedTestWidgetsFlutterBinding.pump.<anonymous closure> (package:flutter_test/src/binding.dart:1335:9)
#72     TestAsyncUtils.guard (package:flutter_test/src/test_async_utils.dart:74:41)
#73     AutomatedTestWidgetsFlutterBinding.pump (package:flutter_test/src/binding.dart:1324:27)
#74     WidgetTester.pumpAndSettle.<anonymous closure> (package:flutter_test/src/widget_tester.dart:719:23)
<asynchronous suspension>
#75     TestAsyncUtils.guard.<anonymous closure> (package:flutter_test/src/test_async_utils.dart:130:27)
<asynchronous suspension>
#76     main.<anonymous closure> (file:///D:/Mystery/programming/projects/PYTHON_PROJECTS/focus/focus_gg/focus_flutter/test/widget_test.dart:20:5)
<asynchronous suspension>
#77     testWidgets.<anonymous closure>.<anonymous closure> (package:flutter_test/src/widget_tester.dart:192:15)
<asynchronous suspension>
#78     TestWidgetsFlutterBinding._runTestBody (package:flutter_test/src/binding.dart:1059:5)
<asynchronous suspension>
<asynchronous suspension>
(elided 5 frames from class _AssertionError, dart:async, and package:stack_trace)

The following RenderObject was being processed when the exception was fired: RenderStack#53f33 relayoutBoundary=up23 NEEDS-LAYOUT NEEDS-PAINT:
  creator: Stack ΓåÉ Padding ΓåÉ DecoratedBox ΓåÉ Container ΓåÉ Stack ΓåÉ Listener ΓåÉ _GestureSemantics ΓåÉ
    RawGestureDetector ΓåÉ GestureDetector ΓåÉ CyberCard ΓåÉ Stack ΓåÉ FadeTransition ΓåÉ Γï»
  parentData: offset=Offset(1.0, 1.0) (can use size)
  constraints: BoxConstraints(0.0<=w<=750.0, 0.0<=h<=Infinity)
  size: MISSING
  alignment: AlignmentDirectional.topStart
  textDirection: ltr
  fit: loose
This RenderObject had the following descendants (showing up to depth 5):
    child 1: RenderDecoratedBox#12987 NEEDS-LAYOUT NEEDS-PAINT
      child: RenderPadding#bd09f NEEDS-LAYOUT NEEDS-PAINT
        child: RenderLimitedBox#37e96 NEEDS-LAYOUT NEEDS-PAINT
          child: RenderConstrainedBox#47b94 NEEDS-LAYOUT NEEDS-PAINT
    child 2: RenderConstrainedBox#e358e NEEDS-LAYOUT NEEDS-PAINT
      child: RenderCustomPaint#50ced NEEDS-LAYOUT NEEDS-PAINT
    child 3: RenderConstrainedBox#246ee NEEDS-LAYOUT NEEDS-PAINT
      child: RenderCustomPaint#3a0dc NEEDS-LAYOUT NEEDS-PAINT
    child 4: RenderConstrainedBox#9b710 NEEDS-LAYOUT NEEDS-PAINT
      child: RenderCustomPaint#7df47 NEEDS-LAYOUT NEEDS-PAINT
    child 5: RenderConstrainedBox#c7b6f NEEDS-LAYOUT NEEDS-PAINT
      child: RenderCustomPaint#d817b NEEDS-LAYOUT NEEDS-PAINT
    child 6: RenderPadding#d05ee relayoutBoundary=up24 NEEDS-PAINT
      child: _RenderLayoutBuilder#af538 relayoutBoundary=up25 NEEDS-PAINT
        child: RenderFlex#aa1cb relayoutBoundary=up26 NEEDS-PAINT
          child 1: RenderPositionedBox#5029c relayoutBoundary=up27 NEEDS-PAINT
            child: RenderDecoratedBox#d57f4 relayoutBoundary=up28 NEEDS-PAINT
          child 2: RenderConstrainedBox#a0fd6 relayoutBoundary=up27 NEEDS-PAINT
          child 3: RenderFlex#b3cf9 relayoutBoundary=up27 NEEDS-PAINT
            child 1: RenderFlex#f1f04 relayoutBoundary=up28 NEEDS-PAINT
            child 2: RenderConstrainedBox#47fa4 relayoutBoundary=up28 NEEDS-PAINT
            child 3: RenderFlex#cfa20 relayoutBoundary=up28 NEEDS-PAINT
          child 4: RenderConstrainedBox#5d447 relayoutBoundary=up27 NEEDS-PAINT
          child 5: RenderFlex#c9e0f relayoutBoundary=up27 NEEDS-PAINT
            child 1: RenderWrap#c6f67 NEEDS-LAYOUT NEEDS-PAINT
            child 2: RenderConstrainedBox#5f240 relayoutBoundary=up28 NEEDS-PAINT
            child 3: RenderFlex#895b7 relayoutBoundary=up28 NEEDS-PAINT
ΓòÉΓòÉΓòÉΓòÉΓòÉΓòÉΓòÉΓòÉΓòÉΓòÉΓòÉΓòÉΓòÉΓòÉΓòÉΓòÉΓòÉΓòÉΓòÉΓòÉΓòÉΓòÉΓòÉΓòÉΓòÉΓòÉΓòÉΓòÉΓòÉΓòÉΓòÉΓòÉΓòÉΓòÉΓòÉΓòÉΓòÉΓòÉΓòÉΓòÉΓòÉΓòÉΓòÉΓòÉΓòÉΓòÉΓòÉΓòÉΓòÉΓòÉΓòÉΓòÉΓòÉΓòÉΓòÉΓòÉΓòÉΓòÉΓòÉΓòÉΓòÉΓòÉΓòÉΓòÉΓòÉΓòÉΓòÉΓòÉΓòÉΓòÉΓòÉΓòÉΓòÉΓòÉΓòÉΓòÉΓòÉΓòÉΓòÉΓòÉΓòÉΓòÉΓòÉΓòÉΓòÉΓòÉΓòÉΓòÉΓòÉΓòÉΓòÉΓòÉΓòÉΓòÉΓòÉΓòÉΓòÉΓòÉΓòÉΓòÉ
ΓòÉΓòÉΓòí EXCEPTION CAUGHT BY RENDERING LIBRARY Γò₧ΓòÉΓòÉΓòÉΓòÉΓòÉΓòÉΓòÉΓòÉΓòÉΓòÉΓòÉΓòÉΓòÉΓòÉΓòÉΓòÉΓòÉΓòÉΓòÉΓòÉΓòÉΓòÉΓòÉΓòÉΓòÉΓòÉΓòÉΓòÉΓòÉΓòÉΓòÉΓòÉΓòÉΓòÉΓòÉΓòÉΓòÉΓòÉΓòÉΓòÉΓòÉΓòÉΓòÉΓòÉΓòÉΓòÉΓòÉΓòÉΓòÉΓòÉΓòÉΓòÉΓòÉΓòÉΓòÉΓòÉΓòÉ
The following assertion was thrown during performLayout():
RenderBox was not laid out: RenderStack#53f33 relayoutBoundary=up23 NEEDS-PAINT
'package:flutter/src/rendering/box.dart':
Failed assertion: line 2251 pos 12: 'hasSize'

Either the assertion indicates an error in the framework itself, or we should provide substantially
more information in this error message to help you determine and fix the underlying cause.
In either case, please report this assertion by filing a bug on GitHub:
  https://github.com/flutter/flutter/issues/new?template=02_bug.yml

The relevant error-causing widget was:
  Container
  Container:file:///D:/Mystery/programming/projects/PYTHON_PROJECTS/focus/focus_gg/focus_flutter/lib/shared/widgets/cyber_card.dart:24:11

When the exception was thrown, this was the stack:
#2      RenderBox.size (package:flutter/src/rendering/box.dart:2251:12)
#3      RenderPadding.performLayout (package:flutter/src/rendering/shifted_box.dart:247:40)
#4      RenderObject.layout (package:flutter/src/rendering/object.dart:2775:7)
#5      RenderProxyBoxMixin.performLayout (package:flutter/src/rendering/proxy_box.dart:115:18)
#6      RenderObject.layout (package:flutter/src/rendering/object.dart:2775:7)
#7      ChildLayoutHelper.layoutChild (package:flutter/src/rendering/layout_helper.dart:62:11)
#8      RenderStack._computeSize (package:flutter/src/rendering/stack.dart:645:43)
#9      RenderStack.performLayout (package:flutter/src/rendering/stack.dart:680:12)
#10     RenderObject.layout (package:flutter/src/rendering/object.dart:2775:7)
#11     RenderProxyBoxMixin.performLayout (package:flutter/src/rendering/proxy_box.dart:115:18)
#12     RenderObject.layout (package:flutter/src/rendering/object.dart:2775:7)
#13     RenderProxyBoxMixin.performLayout (package:flutter/src/rendering/proxy_box.dart:115:18)
#14     RenderObject.layout (package:flutter/src/rendering/object.dart:2775:7)
#15     ChildLayoutHelper.layoutChild (package:flutter/src/rendering/layout_helper.dart:62:11)
#16     RenderStack._computeSize (package:flutter/src/rendering/stack.dart:645:43)
#17     RenderStack.performLayout (package:flutter/src/rendering/stack.dart:680:12)
#18     RenderObject.layout (package:flutter/src/rendering/object.dart:2775:7)
#19     RenderProxyBoxMixin.performLayout (package:flutter/src/rendering/proxy_box.dart:115:18)
#20     RenderObject.layout (package:flutter/src/rendering/object.dart:2775:7)
#21     RenderProxyBoxMixin.performLayout (package:flutter/src/rendering/proxy_box.dart:115:18)
#22     RenderObject.layout (package:flutter/src/rendering/object.dart:2775:7)
#23     ChildLayoutHelper.layoutChild (package:flutter/src/rendering/layout_helper.dart:62:11)
#24     RenderFlex._computeSizes (package:flutter/src/rendering/flex.dart:1161:28)
#25     RenderFlex.performLayout (package:flutter/src/rendering/flex.dart:1257:32)
#26     RenderObject.layout (package:flutter/src/rendering/object.dart:2775:7)
#27     RenderPadding.performLayout (package:flutter/src/rendering/shifted_box.dart:243:12)
#28     RenderObject.layout (package:flutter/src/rendering/object.dart:2775:7)
#29     RenderConstrainedBox.performLayout (package:flutter/src/rendering/proxy_box.dart:293:14)
#30     RenderObject.layout (package:flutter/src/rendering/object.dart:2775:7)
#31     RenderPositionedBox.performLayout (package:flutter/src/rendering/shifted_box.dart:465:14)
#32     RenderObject.layout (package:flutter/src/rendering/object.dart:2775:7)
#33     RenderPadding.performLayout (package:flutter/src/rendering/shifted_box.dart:243:12)
#34     RenderObject.layout (package:flutter/src/rendering/object.dart:2775:7)
#35     _RenderSingleChildViewport.performLayout (package:flutter/src/widgets/single_child_scroll_view.dart:502:14)
#36     RenderObject.layout (package:flutter/src/rendering/object.dart:2775:7)
#37     RenderProxyBoxMixin.performLayout (package:flutter/src/rendering/proxy_box.dart:115:18)
#38     RenderObject.layout (package:flutter/src/rendering/object.dart:2775:7)
#39     RenderProxyBoxMixin.performLayout (package:flutter/src/rendering/proxy_box.dart:115:18)
#40     RenderObject.layout (package:flutter/src/rendering/object.dart:2775:7)
#41     RenderProxyBoxMixin.performLayout (package:flutter/src/rendering/proxy_box.dart:115:18)
#42     RenderObject.layout (package:flutter/src/rendering/object.dart:2775:7)
#43     RenderProxyBoxMixin.performLayout (package:flutter/src/rendering/proxy_box.dart:115:18)
#44     RenderObject.layout (package:flutter/src/rendering/object.dart:2775:7)
#45     RenderProxyBoxMixin.performLayout (package:flutter/src/rendering/proxy_box.dart:115:18)
#46     RenderObject.layout (package:flutter/src/rendering/object.dart:2775:7)
#47     RenderProxyBoxMixin.performLayout (package:flutter/src/rendering/proxy_box.dart:115:18)
#48     RenderObject.layout (package:flutter/src/rendering/object.dart:2775:7)
#49     RenderProxyBoxMixin.performLayout (package:flutter/src/rendering/proxy_box.dart:115:18)
#50     RenderObject.layout (package:flutter/src/rendering/object.dart:2775:7)
#51     RenderProxyBoxMixin.performLayout (package:flutter/src/rendering/proxy_box.dart:115:18)
#52     _RenderCustomClip.performLayout (package:flutter/src/rendering/proxy_box.dart:1481:11)
#53     RenderObject.layout (package:flutter/src/rendering/object.dart:2775:7)
#54     MultiChildLayoutDelegate.layoutChild (package:flutter/src/rendering/custom_layout.dart:180:12)
#55     _ScaffoldLayout.performLayout (package:flutter/src/material/scaffold.dart:1112:7)
#56     MultiChildLayoutDelegate._callPerformLayout (package:flutter/src/rendering/custom_layout.dart:249:7)
#57     RenderCustomMultiChildLayoutBox.performLayout (package:flutter/src/rendering/custom_layout.dart:420:14)
#58     RenderObject._layoutWithoutResize (package:flutter/src/rendering/object.dart:2623:7)
#59     PipelineOwner.flushLayout (package:flutter/src/rendering/object.dart:1170:18)
#60     PipelineOwner.flushLayout (package:flutter/src/rendering/object.dart:1183:15)
#61     AutomatedTestWidgetsFlutterBinding.drawFrame (package:flutter_test/src/binding.dart:1508:27)
#62     RendererBinding._handlePersistentFrameCallback (package:flutter/src/rendering/binding.dart:495:5)
#63     SchedulerBinding._invokeFrameCallback (package:flutter/src/scheduler/binding.dart:1434:15)
#64     SchedulerBinding.handleDrawFrame (package:flutter/src/scheduler/binding.dart:1347:9)
#65     AutomatedTestWidgetsFlutterBinding.pump.<anonymous closure> (package:flutter_test/src/binding.dart:1335:9)
#68     TestAsyncUtils.guard (package:flutter_test/src/test_async_utils.dart:74:41)
#69     AutomatedTestWidgetsFlutterBinding.pump (package:flutter_test/src/binding.dart:1324:27)
#70     WidgetTester.pumpAndSettle.<anonymous closure> (package:flutter_test/src/widget_tester.dart:719:23)
<asynchronous suspension>
#71     TestAsyncUtils.guard.<anonymous closure> (package:flutter_test/src/test_async_utils.dart:130:27)
<asynchronous suspension>
#72     main.<anonymous closure> (file:///D:/Mystery/programming/projects/PYTHON_PROJECTS/focus/focus_gg/focus_flutter/test/widget_test.dart:20:5)
<asynchronous suspension>
#73     testWidgets.<anonymous closure>.<anonymous closure> (package:flutter_test/src/widget_tester.dart:192:15)
<asynchronous suspension>
#74     TestWidgetsFlutterBinding._runTestBody (package:flutter_test/src/binding.dart:1059:5)
<asynchronous suspension>
<asynchronous suspension>
(elided 5 frames from class _AssertionError, dart:async, and package:stack_trace)

The following RenderObject was being processed when the exception was fired: RenderPadding#8a8d9 relayoutBoundary=up22 NEEDS-LAYOUT NEEDS-PAINT:
  creator: Padding ΓåÉ DecoratedBox ΓåÉ Container ΓåÉ Stack ΓåÉ Listener ΓåÉ _GestureSemantics ΓåÉ
    RawGestureDetector ΓåÉ GestureDetector ΓåÉ CyberCard ΓåÉ Stack ΓåÉ FadeTransition ΓåÉ FractionalTranslation
    ΓåÉ Γï»
  parentData: <none> (can use size)
  constraints: BoxConstraints(0.0<=w<=752.0, 0.0<=h<=Infinity)
  size: MISSING
  padding: EdgeInsets.all(1.0)
  textDirection: ltr
This RenderObject had the following descendants (showing up to depth 5):
    child: RenderStack#53f33 relayoutBoundary=up23 NEEDS-PAINT
      child 1: RenderDecoratedBox#12987 NEEDS-LAYOUT NEEDS-PAINT
        child: RenderPadding#bd09f NEEDS-LAYOUT NEEDS-PAINT
          child: RenderLimitedBox#37e96 NEEDS-LAYOUT NEEDS-PAINT
            child: RenderConstrainedBox#47b94 NEEDS-LAYOUT NEEDS-PAINT
      child 2: RenderConstrainedBox#e358e NEEDS-LAYOUT NEEDS-PAINT
        child: RenderCustomPaint#50ced NEEDS-LAYOUT NEEDS-PAINT
      child 3: RenderConstrainedBox#246ee NEEDS-LAYOUT NEEDS-PAINT
        child: RenderCustomPaint#3a0dc NEEDS-LAYOUT NEEDS-PAINT
      child 4: RenderConstrainedBox#9b710 NEEDS-LAYOUT NEEDS-PAINT
        child: RenderCustomPaint#7df47 NEEDS-LAYOUT NEEDS-PAINT
      child 5: RenderConstrainedBox#c7b6f NEEDS-LAYOUT NEEDS-PAINT
        child: RenderCustomPaint#d817b NEEDS-LAYOUT NEEDS-PAINT
      child 6: RenderPadding#d05ee relayoutBoundary=up24 NEEDS-PAINT
        child: _RenderLayoutBuilder#af538 relayoutBoundary=up25 NEEDS-PAINT
          child: RenderFlex#aa1cb relayoutBoundary=up26 NEEDS-PAINT
            child 1: RenderPositionedBox#5029c relayoutBoundary=up27 NEEDS-PAINT
            child 2: RenderConstrainedBox#a0fd6 relayoutBoundary=up27 NEEDS-PAINT
            child 3: RenderFlex#b3cf9 relayoutBoundary=up27 NEEDS-PAINT
            child 4: RenderConstrainedBox#5d447 relayoutBoundary=up27 NEEDS-PAINT
            child 5: RenderFlex#c9e0f relayoutBoundary=up27 NEEDS-PAINT
ΓòÉΓòÉΓòÉΓòÉΓòÉΓòÉΓòÉΓòÉΓòÉΓòÉΓòÉΓòÉΓòÉΓòÉΓòÉΓòÉΓòÉΓòÉΓòÉΓòÉΓòÉΓòÉΓòÉΓòÉΓòÉΓòÉΓòÉΓòÉΓòÉΓòÉΓòÉΓòÉΓòÉΓòÉΓòÉΓòÉΓòÉΓòÉΓòÉΓòÉΓòÉΓòÉΓòÉΓòÉΓòÉΓòÉΓòÉΓòÉΓòÉΓòÉΓòÉΓòÉΓòÉΓòÉΓòÉΓòÉΓòÉΓòÉΓòÉΓòÉΓòÉΓòÉΓòÉΓòÉΓòÉΓòÉΓòÉΓòÉΓòÉΓòÉΓòÉΓòÉΓòÉΓòÉΓòÉΓòÉΓòÉΓòÉΓòÉΓòÉΓòÉΓòÉΓòÉΓòÉΓòÉΓòÉΓòÉΓòÉΓòÉΓòÉΓòÉΓòÉΓòÉΓòÉΓòÉΓòÉΓòÉΓòÉΓòÉΓòÉ
ΓòÉΓòÉΓòí EXCEPTION CAUGHT BY RENDERING LIBRARY Γò₧ΓòÉΓòÉΓòÉΓòÉΓòÉΓòÉΓòÉΓòÉΓòÉΓòÉΓòÉΓòÉΓòÉΓòÉΓòÉΓòÉΓòÉΓòÉΓòÉΓòÉΓòÉΓòÉΓòÉΓòÉΓòÉΓòÉΓòÉΓòÉΓòÉΓòÉΓòÉΓòÉΓòÉΓòÉΓòÉΓòÉΓòÉΓòÉΓòÉΓòÉΓòÉΓòÉΓòÉΓòÉΓòÉΓòÉΓòÉΓòÉΓòÉΓòÉΓòÉΓòÉΓòÉΓòÉΓòÉΓòÉΓòÉ
The following assertion was thrown during performLayout():
RenderBox was not laid out: RenderPadding#8a8d9 relayoutBoundary=up22 NEEDS-PAINT
'package:flutter/src/rendering/box.dart':
Failed assertion: line 2251 pos 12: 'hasSize'

Either the assertion indicates an error in the framework itself, or we should provide substantially
more information in this error message to help you determine and fix the underlying cause.
In either case, please report this assertion by filing a bug on GitHub:
  https://github.com/flutter/flutter/issues/new?template=02_bug.yml

The relevant error-causing widget was:
  Container
  Container:file:///D:/Mystery/programming/projects/PYTHON_PROJECTS/focus/focus_gg/focus_flutter/lib/shared/widgets/cyber_card.dart:24:11

When the exception was thrown, this was the stack:
#2      RenderBox.size (package:flutter/src/rendering/box.dart:2251:12)
#3      RenderProxyBoxMixin.performLayout (package:flutter/src/rendering/proxy_box.dart:115:62)
#4      RenderObject.layout (package:flutter/src/rendering/object.dart:2775:7)
#5      ChildLayoutHelper.layoutChild (package:flutter/src/rendering/layout_helper.dart:62:11)
#6      RenderStack._computeSize (package:flutter/src/rendering/stack.dart:645:43)
#7      RenderStack.performLayout (package:flutter/src/rendering/stack.dart:680:12)
#8      RenderObject.layout (package:flutter/src/rendering/object.dart:2775:7)
#9      RenderProxyBoxMixin.performLayout (package:flutter/src/rendering/proxy_box.dart:115:18)
#10     RenderObject.layout (package:flutter/src/rendering/object.dart:2775:7)
#11     RenderProxyBoxMixin.performLayout (package:flutter/src/rendering/proxy_box.dart:115:18)
#12     RenderObject.layout (package:flutter/src/rendering/object.dart:2775:7)
#13     ChildLayoutHelper.layoutChild (package:flutter/src/rendering/layout_helper.dart:62:11)
#14     RenderStack._computeSize (package:flutter/src/rendering/stack.dart:645:43)
#15     RenderStack.performLayout (package:flutter/src/rendering/stack.dart:680:12)
#16     RenderObject.layout (package:flutter/src/rendering/object.dart:2775:7)
#17     RenderProxyBoxMixin.performLayout (package:flutter/src/rendering/proxy_box.dart:115:18)
#18     RenderObject.layout (package:flutter/src/rendering/object.dart:2775:7)
#19     RenderProxyBoxMixin.performLayout (package:flutter/src/rendering/proxy_box.dart:115:18)
#20     RenderObject.layout (package:flutter/src/rendering/object.dart:2775:7)
#21     ChildLayoutHelper.layoutChild (package:flutter/src/rendering/layout_helper.dart:62:11)
#22     RenderFlex._computeSizes (package:flutter/src/rendering/flex.dart:1161:28)
#23     RenderFlex.performLayout (package:flutter/src/rendering/flex.dart:1257:32)
#24     RenderObject.layout (package:flutter/src/rendering/object.dart:2775:7)
#25     RenderPadding.performLayout (package:flutter/src/rendering/shifted_box.dart:243:12)
#26     RenderObject.layout (package:flutter/src/rendering/object.dart:2775:7)
#27     RenderConstrainedBox.performLayout (package:flutter/src/rendering/proxy_box.dart:293:14)
#28     RenderObject.layout (package:flutter/src/rendering/object.dart:2775:7)
#29     RenderPositionedBox.performLayout (package:flutter/src/rendering/shifted_box.dart:465:14)
#30     RenderObject.layout (package:flutter/src/rendering/object.dart:2775:7)
#31     RenderPadding.performLayout (package:flutter/src/rendering/shifted_box.dart:243:12)
#32     RenderObject.layout (package:flutter/src/rendering/object.dart:2775:7)
#33     _RenderSingleChildViewport.performLayout (package:flutter/src/widgets/single_child_scroll_view.dart:502:14)
#34     RenderObject.layout (package:flutter/src/rendering/object.dart:2775:7)
#35     RenderProxyBoxMixin.performLayout (package:flutter/src/rendering/proxy_box.dart:115:18)
#36     RenderObject.layout (package:flutter/src/rendering/object.dart:2775:7)
#37     RenderProxyBoxMixin.performLayout (package:flutter/src/rendering/proxy_box.dart:115:18)
#38     RenderObject.layout (package:flutter/src/rendering/object.dart:2775:7)
#39     RenderProxyBoxMixin.performLayout (package:flutter/src/rendering/proxy_box.dart:115:18)
#40     RenderObject.layout (package:flutter/src/rendering/object.dart:2775:7)
#41     RenderProxyBoxMixin.performLayout (package:flutter/src/rendering/proxy_box.dart:115:18)
#42     RenderObject.layout (package:flutter/src/rendering/object.dart:2775:7)
#43     RenderProxyBoxMixin.performLayout (package:flutter/src/rendering/proxy_box.dart:115:18)
#44     RenderObject.layout (package:flutter/src/rendering/object.dart:2775:7)
#45     RenderProxyBoxMixin.performLayout (package:flutter/src/rendering/proxy_box.dart:115:18)
#46     RenderObject.layout (package:flutter/src/rendering/object.dart:2775:7)
#47     RenderProxyBoxMixin.performLayout (package:flutter/src/rendering/proxy_box.dart:115:18)
#48     RenderObject.layout (package:flutter/src/rendering/object.dart:2775:7)
#49     RenderProxyBoxMixin.performLayout (package:flutter/src/rendering/proxy_box.dart:115:18)
#50     _RenderCustomClip.performLayout (package:flutter/src/rendering/proxy_box.dart:1481:11)
#51     RenderObject.layout (package:flutter/src/rendering/object.dart:2775:7)
#52     MultiChildLayoutDelegate.layoutChild (package:flutter/src/rendering/custom_layout.dart:180:12)
#53     _ScaffoldLayout.performLayout (package:flutter/src/material/scaffold.dart:1112:7)
#54     MultiChildLayoutDelegate._callPerformLayout (package:flutter/src/rendering/custom_layout.dart:249:7)
#55     RenderCustomMultiChildLayoutBox.performLayout (package:flutter/src/rendering/custom_layout.dart:420:14)
#56     RenderObject._layoutWithoutResize (package:flutter/src/rendering/object.dart:2623:7)
#57     PipelineOwner.flushLayout (package:flutter/src/rendering/object.dart:1170:18)
#58     PipelineOwner.flushLayout (package:flutter/src/rendering/object.dart:1183:15)
#59     AutomatedTestWidgetsFlutterBinding.drawFrame (package:flutter_test/src/binding.dart:1508:27)
#60     RendererBinding._handlePersistentFrameCallback (package:flutter/src/rendering/binding.dart:495:5)
#61     SchedulerBinding._invokeFrameCallback (package:flutter/src/scheduler/binding.dart:1434:15)
#62     SchedulerBinding.handleDrawFrame (package:flutter/src/scheduler/binding.dart:1347:9)
#63     AutomatedTestWidgetsFlutterBinding.pump.<anonymous closure> (package:flutter_test/src/binding.dart:1335:9)
#66     TestAsyncUtils.guard (package:flutter_test/src/test_async_utils.dart:74:41)
#67     AutomatedTestWidgetsFlutterBinding.pump (package:flutter_test/src/binding.dart:1324:27)
#68     WidgetTester.pumpAndSettle.<anonymous closure> (package:flutter_test/src/widget_tester.dart:719:23)
<asynchronous suspension>
#69     TestAsyncUtils.guard.<anonymous closure> (package:flutter_test/src/test_async_utils.dart:130:27)
<asynchronous suspension>
#70     main.<anonymous closure> (file:///D:/Mystery/programming/projects/PYTHON_PROJECTS/focus/focus_gg/focus_flutter/test/widget_test.dart:20:5)
<asynchronous suspension>
#71     testWidgets.<anonymous closure>.<anonymous closure> (package:flutter_test/src/widget_tester.dart:192:15)
<asynchronous suspension>
#72     TestWidgetsFlutterBinding._runTestBody (package:flutter_test/src/binding.dart:1059:5)
<asynchronous suspension>
<asynchronous suspension>
(elided 5 frames from class _AssertionError, dart:async, and package:stack_trace)

The following RenderObject was being processed when the exception was fired: RenderDecoratedBox#db310 relayoutBoundary=up21 NEEDS-LAYOUT NEEDS-PAINT:
  creator: DecoratedBox ΓåÉ Container ΓåÉ Stack ΓåÉ Listener ΓåÉ _GestureSemantics ΓåÉ RawGestureDetector ΓåÉ
    GestureDetector ΓåÉ CyberCard ΓåÉ Stack ΓåÉ FadeTransition ΓåÉ FractionalTranslation ΓåÉ SlideTransition ΓåÉ Γï»
  parentData: not positioned; offset=Offset(0.0, 0.0) (can use size)
  constraints: BoxConstraints(0.0<=w<=752.0, 0.0<=h<=Infinity)
  size: MISSING
  decoration: BoxDecoration:
    color: Color(alpha: 0.8000, red: 0.0392, green: 0.0549, blue: 0.0784, colorSpace: ColorSpace.sRGB)
    border: Border.all(BorderSide(color: Color(alpha: 0.3020, red: 0.2980, green: 0.7882, blue: 1.0000,
      colorSpace: ColorSpace.sRGB)))
    borderRadius: BorderRadius.circular(8.0)
    boxShadow: BoxShadow(Color(alpha: 0.1490, red: 0.2980, green: 0.7882, blue: 1.0000, colorSpace:
      ColorSpace.sRGB), Offset(0.0, 0.0), 15.0, 0.0, BlurStyle.normal)
  configuration: ImageConfiguration(bundle: PlatformAssetBundle#5070a(), devicePixelRatio: 3.0,
    locale: en_US, textDirection: TextDirection.ltr, platform: android)
This RenderObject had the following descendants (showing up to depth 5):
    child: RenderPadding#8a8d9 relayoutBoundary=up22 NEEDS-PAINT
      child: RenderStack#53f33 relayoutBoundary=up23 NEEDS-PAINT
        child 1: RenderDecoratedBox#12987 NEEDS-LAYOUT NEEDS-PAINT
          child: RenderPadding#bd09f NEEDS-LAYOUT NEEDS-PAINT
            child: RenderLimitedBox#37e96 NEEDS-LAYOUT NEEDS-PAINT
        child 2: RenderConstrainedBox#e358e NEEDS-LAYOUT NEEDS-PAINT
          child: RenderCustomPaint#50ced NEEDS-LAYOUT NEEDS-PAINT
        child 3: RenderConstrainedBox#246ee NEEDS-LAYOUT NEEDS-PAINT
          child: RenderCustomPaint#3a0dc NEEDS-LAYOUT NEEDS-PAINT
        child 4: RenderConstrainedBox#9b710 NEEDS-LAYOUT NEEDS-PAINT
          child: RenderCustomPaint#7df47 NEEDS-LAYOUT NEEDS-PAINT
        child 5: RenderConstrainedBox#c7b6f NEEDS-LAYOUT NEEDS-PAINT
          child: RenderCustomPaint#d817b NEEDS-LAYOUT NEEDS-PAINT
        child 6: RenderPadding#d05ee relayoutBoundary=up24 NEEDS-PAINT
          child: _RenderLayoutBuilder#af538 relayoutBoundary=up25 NEEDS-PAINT
            child: RenderFlex#aa1cb relayoutBoundary=up26 NEEDS-PAINT
ΓòÉΓòÉΓòÉΓòÉΓòÉΓòÉΓòÉΓòÉΓòÉΓòÉΓòÉΓòÉΓòÉΓòÉΓòÉΓòÉΓòÉΓòÉΓòÉΓòÉΓòÉΓòÉΓòÉΓòÉΓòÉΓòÉΓòÉΓòÉΓòÉΓòÉΓòÉΓòÉΓòÉΓòÉΓòÉΓòÉΓòÉΓòÉΓòÉΓòÉΓòÉΓòÉΓòÉΓòÉΓòÉΓòÉΓòÉΓòÉΓòÉΓòÉΓòÉΓòÉΓòÉΓòÉΓòÉΓòÉΓòÉΓòÉΓòÉΓòÉΓòÉΓòÉΓòÉΓòÉΓòÉΓòÉΓòÉΓòÉΓòÉΓòÉΓòÉΓòÉΓòÉΓòÉΓòÉΓòÉΓòÉΓòÉΓòÉΓòÉΓòÉΓòÉΓòÉΓòÉΓòÉΓòÉΓòÉΓòÉΓòÉΓòÉΓòÉΓòÉΓòÉΓòÉΓòÉΓòÉΓòÉΓòÉΓòÉΓòÉ
ΓòÉΓòÉΓòí EXCEPTION CAUGHT BY RENDERING LIBRARY Γò₧ΓòÉΓòÉΓòÉΓòÉΓòÉΓòÉΓòÉΓòÉΓòÉΓòÉΓòÉΓòÉΓòÉΓòÉΓòÉΓòÉΓòÉΓòÉΓòÉΓòÉΓòÉΓòÉΓòÉΓòÉΓòÉΓòÉΓòÉΓòÉΓòÉΓòÉΓòÉΓòÉΓòÉΓòÉΓòÉΓòÉΓòÉΓòÉΓòÉΓòÉΓòÉΓòÉΓòÉΓòÉΓòÉΓòÉΓòÉΓòÉΓòÉΓòÉΓòÉΓòÉΓòÉΓòÉΓòÉΓòÉΓòÉ
The following assertion was thrown during performLayout():
RenderBox was not laid out: RenderDecoratedBox#db310 relayoutBoundary=up21 NEEDS-PAINT
'package:flutter/src/rendering/box.dart':
Failed assertion: line 2251 pos 12: 'hasSize'

Either the assertion indicates an error in the framework itself, or we should provide substantially
more information in this error message to help you determine and fix the underlying cause.
In either case, please report this assertion by filing a bug on GitHub:
  https://github.com/flutter/flutter/issues/new?template=02_bug.yml

The relevant error-causing widget was:
  Stack
  Stack:file:///D:/Mystery/programming/projects/PYTHON_PROJECTS/focus/focus_gg/focus_flutter/lib/shared/widgets/cyber_card.dart:21:14

When the exception was thrown, this was the stack:
#2      RenderBox.size (package:flutter/src/rendering/box.dart:2251:12)
#3      ChildLayoutHelper.layoutChild (package:flutter/src/rendering/layout_helper.dart:63:18)
#4      RenderStack._computeSize (package:flutter/src/rendering/stack.dart:645:43)
#5      RenderStack.performLayout (package:flutter/src/rendering/stack.dart:680:12)
#6      RenderObject.layout (package:flutter/src/rendering/object.dart:2775:7)
#7      RenderProxyBoxMixin.performLayout (package:flutter/src/rendering/proxy_box.dart:115:18)
#8      RenderObject.layout (package:flutter/src/rendering/object.dart:2775:7)
#9      RenderProxyBoxMixin.performLayout (package:flutter/src/rendering/proxy_box.dart:115:18)
#10     RenderObject.layout (package:flutter/src/rendering/object.dart:2775:7)
#11     ChildLayoutHelper.layoutChild (package:flutter/src/rendering/layout_helper.dart:62:11)
#12     RenderStack._computeSize (package:flutter/src/rendering/stack.dart:645:43)
#13     RenderStack.performLayout (package:flutter/src/rendering/stack.dart:680:12)
#14     RenderObject.layout (package:flutter/src/rendering/object.dart:2775:7)
#15     RenderProxyBoxMixin.performLayout (package:flutter/src/rendering/proxy_box.dart:115:18)
#16     RenderObject.layout (package:flutter/src/rendering/object.dart:2775:7)
#17     RenderProxyBoxMixin.performLayout (package:flutter/src/rendering/proxy_box.dart:115:18)
#18     RenderObject.layout (package:flutter/src/rendering/object.dart:2775:7)
#19     ChildLayoutHelper.layoutChild (package:flutter/src/rendering/layout_helper.dart:62:11)
#20     RenderFlex._computeSizes (package:flutter/src/rendering/flex.dart:1161:28)
#21     RenderFlex.performLayout (package:flutter/src/rendering/flex.dart:1257:32)
#22     RenderObject.layout (package:flutter/src/rendering/object.dart:2775:7)
#23     RenderPadding.performLayout (package:flutter/src/rendering/shifted_box.dart:243:12)
#24     RenderObject.layout (package:flutter/src/rendering/object.dart:2775:7)
#25     RenderConstrainedBox.performLayout (package:flutter/src/rendering/proxy_box.dart:293:14)
#26     RenderObject.layout (package:flutter/src/rendering/object.dart:2775:7)
#27     RenderPositionedBox.performLayout (package:flutter/src/rendering/shifted_box.dart:465:14)
#28     RenderObject.layout (package:flutter/src/rendering/object.dart:2775:7)
#29     RenderPadding.performLayout (package:flutter/src/rendering/shifted_box.dart:243:12)
#30     RenderObject.layout (package:flutter/src/rendering/object.dart:2775:7)
#31     _RenderSingleChildViewport.performLayout (package:flutter/src/widgets/single_child_scroll_view.dart:502:14)
#32     RenderObject.layout (package:flutter/src/rendering/object.dart:2775:7)
#33     RenderProxyBoxMixin.performLayout (package:flutter/src/rendering/proxy_box.dart:115:18)
#34     RenderObject.layout (package:flutter/src/rendering/object.dart:2775:7)
#35     RenderProxyBoxMixin.performLayout (package:flutter/src/rendering/proxy_box.dart:115:18)
#36     RenderObject.layout (package:flutter/src/rendering/object.dart:2775:7)
#37     RenderProxyBoxMixin.performLayout (package:flutter/src/rendering/proxy_box.dart:115:18)
#38     RenderObject.layout (package:flutter/src/rendering/object.dart:2775:7)
#39     RenderProxyBoxMixin.performLayout (package:flutter/src/rendering/proxy_box.dart:115:18)
#40     RenderObject.layout (package:flutter/src/rendering/object.dart:2775:7)
#41     RenderProxyBoxMixin.performLayout (package:flutter/src/rendering/proxy_box.dart:115:18)
#42     RenderObject.layout (package:flutter/src/rendering/object.dart:2775:7)
#43     RenderProxyBoxMixin.performLayout (package:flutter/src/rendering/proxy_box.dart:115:18)
#44     RenderObject.layout (package:flutter/src/rendering/object.dart:2775:7)
#45     RenderProxyBoxMixin.performLayout (package:flutter/src/rendering/proxy_box.dart:115:18)
#46     RenderObject.layout (package:flutter/src/rendering/object.dart:2775:7)
#47     RenderProxyBoxMixin.performLayout (package:flutter/src/rendering/proxy_box.dart:115:18)
#48     _RenderCustomClip.performLayout (package:flutter/src/rendering/proxy_box.dart:1481:11)
#49     RenderObject.layout (package:flutter/src/rendering/object.dart:2775:7)
#50     MultiChildLayoutDelegate.layoutChild (package:flutter/src/rendering/custom_layout.dart:180:12)
#51     _ScaffoldLayout.performLayout (package:flutter/src/material/scaffold.dart:1112:7)
#52     MultiChildLayoutDelegate._callPerformLayout (package:flutter/src/rendering/custom_layout.dart:249:7)
#53     RenderCustomMultiChildLayoutBox.performLayout (package:flutter/src/rendering/custom_layout.dart:420:14)
#54     RenderObject._layoutWithoutResize (package:flutter/src/rendering/object.dart:2623:7)
#55     PipelineOwner.flushLayout (package:flutter/src/rendering/object.dart:1170:18)
#56     PipelineOwner.flushLayout (package:flutter/src/rendering/object.dart:1183:15)
#57     AutomatedTestWidgetsFlutterBinding.drawFrame (package:flutter_test/src/binding.dart:1508:27)
#58     RendererBinding._handlePersistentFrameCallback (package:flutter/src/rendering/binding.dart:495:5)
#59     SchedulerBinding._invokeFrameCallback (package:flutter/src/scheduler/binding.dart:1434:15)
#60     SchedulerBinding.handleDrawFrame (package:flutter/src/scheduler/binding.dart:1347:9)
#61     AutomatedTestWidgetsFlutterBinding.pump.<anonymous closure> (package:flutter_test/src/binding.dart:1335:9)
#64     TestAsyncUtils.guard (package:flutter_test/src/test_async_utils.dart:74:41)
#65     AutomatedTestWidgetsFlutterBinding.pump (package:flutter_test/src/binding.dart:1324:27)
#66     WidgetTester.pumpAndSettle.<anonymous closure> (package:flutter_test/src/widget_tester.dart:719:23)
<asynchronous suspension>
#67     TestAsyncUtils.guard.<anonymous closure> (package:flutter_test/src/test_async_utils.dart:130:27)
<asynchronous suspension>
#68     main.<anonymous closure> (file:///D:/Mystery/programming/projects/PYTHON_PROJECTS/focus/focus_gg/focus_flutter/test/widget_test.dart:20:5)
<asynchronous suspension>
#69     testWidgets.<anonymous closure>.<anonymous closure> (package:flutter_test/src/widget_tester.dart:192:15)
<asynchronous suspension>
#70     TestWidgetsFlutterBinding._runTestBody (package:flutter_test/src/binding.dart:1059:5)
<asynchronous suspension>
<asynchronous suspension>
(elided 5 frames from class _AssertionError, dart:async, and package:stack_trace)

The following RenderObject was being processed when the exception was fired: RenderStack#9d9e2 relayoutBoundary=up20 NEEDS-LAYOUT NEEDS-PAINT:
  creator: Stack ΓåÉ Listener ΓåÉ _GestureSemantics ΓåÉ RawGestureDetector ΓåÉ GestureDetector ΓåÉ CyberCard ΓåÉ
    Stack ΓåÉ FadeTransition ΓåÉ FractionalTranslation ΓåÉ SlideTransition ΓåÉ Animate ΓåÉ Column ΓåÉ Γï»
  parentData: <none> (can use size)
  constraints: BoxConstraints(0.0<=w<=752.0, 0.0<=h<=Infinity)
  size: MISSING
  alignment: AlignmentDirectional.topStart
  textDirection: ltr
  fit: loose
This RenderObject had the following descendants (showing up to depth 5):
    child 1: RenderDecoratedBox#db310 relayoutBoundary=up21 NEEDS-PAINT
      child: RenderPadding#8a8d9 relayoutBoundary=up22 NEEDS-PAINT
        child: RenderStack#53f33 relayoutBoundary=up23 NEEDS-PAINT
          child 1: RenderDecoratedBox#12987 NEEDS-LAYOUT NEEDS-PAINT
            child: RenderPadding#bd09f NEEDS-LAYOUT NEEDS-PAINT
          child 2: RenderConstrainedBox#e358e NEEDS-LAYOUT NEEDS-PAINT
            child: RenderCustomPaint#50ced NEEDS-LAYOUT NEEDS-PAINT
          child 3: RenderConstrainedBox#246ee NEEDS-LAYOUT NEEDS-PAINT
            child: RenderCustomPaint#3a0dc NEEDS-LAYOUT NEEDS-PAINT
          child 4: RenderConstrainedBox#9b710 NEEDS-LAYOUT NEEDS-PAINT
            child: RenderCustomPaint#7df47 NEEDS-LAYOUT NEEDS-PAINT
          child 5: RenderConstrainedBox#c7b6f NEEDS-LAYOUT NEEDS-PAINT
            child: RenderCustomPaint#d817b NEEDS-LAYOUT NEEDS-PAINT
          child 6: RenderPadding#d05ee relayoutBoundary=up24 NEEDS-PAINT
            child: _RenderLayoutBuilder#af538 relayoutBoundary=up25 NEEDS-PAINT
ΓòÉΓòÉΓòÉΓòÉΓòÉΓòÉΓòÉΓòÉΓòÉΓòÉΓòÉΓòÉΓòÉΓòÉΓòÉΓòÉΓòÉΓòÉΓòÉΓòÉΓòÉΓòÉΓòÉΓòÉΓòÉΓòÉΓòÉΓòÉΓòÉΓòÉΓòÉΓòÉΓòÉΓòÉΓòÉΓòÉΓòÉΓòÉΓòÉΓòÉΓòÉΓòÉΓòÉΓòÉΓòÉΓòÉΓòÉΓòÉΓòÉΓòÉΓòÉΓòÉΓòÉΓòÉΓòÉΓòÉΓòÉΓòÉΓòÉΓòÉΓòÉΓòÉΓòÉΓòÉΓòÉΓòÉΓòÉΓòÉΓòÉΓòÉΓòÉΓòÉΓòÉΓòÉΓòÉΓòÉΓòÉΓòÉΓòÉΓòÉΓòÉΓòÉΓòÉΓòÉΓòÉΓòÉΓòÉΓòÉΓòÉΓòÉΓòÉΓòÉΓòÉΓòÉΓòÉΓòÉΓòÉΓòÉΓòÉΓòÉ
ΓòÉΓòÉΓòí EXCEPTION CAUGHT BY RENDERING LIBRARY Γò₧ΓòÉΓòÉΓòÉΓòÉΓòÉΓòÉΓòÉΓòÉΓòÉΓòÉΓòÉΓòÉΓòÉΓòÉΓòÉΓòÉΓòÉΓòÉΓòÉΓòÉΓòÉΓòÉΓòÉΓòÉΓòÉΓòÉΓòÉΓòÉΓòÉΓòÉΓòÉΓòÉΓòÉΓòÉΓòÉΓòÉΓòÉΓòÉΓòÉΓòÉΓòÉΓòÉΓòÉΓòÉΓòÉΓòÉΓòÉΓòÉΓòÉΓòÉΓòÉΓòÉΓòÉΓòÉΓòÉΓòÉΓòÉ
The following assertion was thrown during performLayout():
RenderBox was not laid out: RenderStack#9d9e2 relayoutBoundary=up20 NEEDS-PAINT
'package:flutter/src/rendering/box.dart':
Failed assertion: line 2251 pos 12: 'hasSize'

Either the assertion indicates an error in the framework itself, or we should provide substantially
more information in this error message to help you determine and fix the underlying cause.
In either case, please report this assertion by filing a bug on GitHub:
  https://github.com/flutter/flutter/issues/new?template=02_bug.yml

The relevant error-causing widget was:
  GestureDetector
  GestureDetector:file:///D:/Mystery/programming/projects/PYTHON_PROJECTS/focus/focus_gg/focus_flutter/lib/shared/widgets/cyber_card.dart:19:12

When the exception was thrown, this was the stack:
#2      RenderBox.size (package:flutter/src/rendering/box.dart:2251:12)
#3      RenderProxyBoxMixin.performLayout (package:flutter/src/rendering/proxy_box.dart:115:62)
#4      RenderObject.layout (package:flutter/src/rendering/object.dart:2775:7)
#5      RenderProxyBoxMixin.performLayout (package:flutter/src/rendering/proxy_box.dart:115:18)
#6      RenderObject.layout (package:flutter/src/rendering/object.dart:2775:7)
#7      ChildLayoutHelper.layoutChild (package:flutter/src/rendering/layout_helper.dart:62:11)
#8      RenderStack._computeSize (package:flutter/src/rendering/stack.dart:645:43)
#9      RenderStack.performLayout (package:flutter/src/rendering/stack.dart:680:12)
#10     RenderObject.layout (package:flutter/src/rendering/object.dart:2775:7)
#11     RenderProxyBoxMixin.performLayout (package:flutter/src/rendering/proxy_box.dart:115:18)
#12     RenderObject.layout (package:flutter/src/rendering/object.dart:2775:7)
#13     RenderProxyBoxMixin.performLayout (package:flutter/src/rendering/proxy_box.dart:115:18)
#14     RenderObject.layout (package:flutter/src/rendering/object.dart:2775:7)
#15     ChildLayoutHelper.layoutChild (package:flutter/src/rendering/layout_helper.dart:62:11)
#16     RenderFlex._computeSizes (package:flutter/src/rendering/flex.dart:1161:28)
#17     RenderFlex.performLayout (package:flutter/src/rendering/flex.dart:1257:32)
#18     RenderObject.layout (package:flutter/src/rendering/object.dart:2775:7)
#19     RenderPadding.performLayout (package:flutter/src/rendering/shifted_box.dart:243:12)
#20     RenderObject.layout (package:flutter/src/rendering/object.dart:2775:7)
#21     RenderConstrainedBox.performLayout (package:flutter/src/rendering/proxy_box.dart:293:14)
#22     RenderObject.layout (package:flutter/src/rendering/object.dart:2775:7)
#23     RenderPositionedBox.performLayout (package:flutter/src/rendering/shifted_box.dart:465:14)
#24     RenderObject.layout (package:flutter/src/rendering/object.dart:2775:7)
#25     RenderPadding.performLayout (package:flutter/src/rendering/shifted_box.dart:243:12)
#26     RenderObject.layout (package:flutter/src/rendering/object.dart:2775:7)
#27     _RenderSingleChildViewport.performLayout (package:flutter/src/widgets/single_child_scroll_view.dart:502:14)
#28     RenderObject.layout (package:flutter/src/rendering/object.dart:2775:7)
#29     RenderProxyBoxMixin.performLayout (package:flutter/src/rendering/proxy_box.dart:115:18)
#30     RenderObject.layout (package:flutter/src/rendering/object.dart:2775:7)
#31     RenderProxyBoxMixin.performLayout (package:flutter/src/rendering/proxy_box.dart:115:18)
#32     RenderObject.layout (package:flutter/src/rendering/object.dart:2775:7)
#33     RenderProxyBoxMixin.performLayout (package:flutter/src/rendering/proxy_box.dart:115:18)
#34     RenderObject.layout (package:flutter/src/rendering/object.dart:2775:7)
#35     RenderProxyBoxMixin.performLayout (package:flutter/src/rendering/proxy_box.dart:115:18)
#36     RenderObject.layout (package:flutter/src/rendering/object.dart:2775:7)
#37     RenderProxyBoxMixin.performLayout (package:flutter/src/rendering/proxy_box.dart:115:18)
#38     RenderObject.layout (package:flutter/src/rendering/object.dart:2775:7)
#39     RenderProxyBoxMixin.performLayout (package:flutter/src/rendering/proxy_box.dart:115:18)
#40     RenderObject.layout (package:flutter/src/rendering/object.dart:2775:7)
#41     RenderProxyBoxMixin.performLayout (package:flutter/src/rendering/proxy_box.dart:115:18)
#42     RenderObject.layout (package:flutter/src/rendering/object.dart:2775:7)
#43     RenderProxyBoxMixin.performLayout (package:flutter/src/rendering/proxy_box.dart:115:18)
#44     _RenderCustomClip.performLayout (package:flutter/src/rendering/proxy_box.dart:1481:11)
#45     RenderObject.layout (package:flutter/src/rendering/object.dart:2775:7)
#46     MultiChildLayoutDelegate.layoutChild (package:flutter/src/rendering/custom_layout.dart:180:12)
#47     _ScaffoldLayout.performLayout (package:flutter/src/material/scaffold.dart:1112:7)
#48     MultiChildLayoutDelegate._callPerformLayout (package:flutter/src/rendering/custom_layout.dart:249:7)
#49     RenderCustomMultiChildLayoutBox.performLayout (package:flutter/src/rendering/custom_layout.dart:420:14)
#50     RenderObject._layoutWithoutResize (package:flutter/src/rendering/object.dart:2623:7)
#51     PipelineOwner.flushLayout (package:flutter/src/rendering/object.dart:1170:18)
#52     PipelineOwner.flushLayout (package:flutter/src/rendering/object.dart:1183:15)
#53     AutomatedTestWidgetsFlutterBinding.drawFrame (package:flutter_test/src/binding.dart:1508:27)
#54     RendererBinding._handlePersistentFrameCallback (package:flutter/src/rendering/binding.dart:495:5)
#55     SchedulerBinding._invokeFrameCallback (package:flutter/src/scheduler/binding.dart:1434:15)
#56     SchedulerBinding.handleDrawFrame (package:flutter/src/scheduler/binding.dart:1347:9)
#57     AutomatedTestWidgetsFlutterBinding.pump.<anonymous closure> (package:flutter_test/src/binding.dart:1335:9)
#60     TestAsyncUtils.guard (package:flutter_test/src/test_async_utils.dart:74:41)
#61     AutomatedTestWidgetsFlutterBinding.pump (package:flutter_test/src/binding.dart:1324:27)
#62     WidgetTester.pumpAndSettle.<anonymous closure> (package:flutter_test/src/widget_tester.dart:719:23)
<asynchronous suspension>
#63     TestAsyncUtils.guard.<anonymous closure> (package:flutter_test/src/test_async_utils.dart:130:27)
<asynchronous suspension>
#64     main.<anonymous closure> (file:///D:/Mystery/programming/projects/PYTHON_PROJECTS/focus/focus_gg/focus_flutter/test/widget_test.dart:20:5)
<asynchronous suspension>
#65     testWidgets.<anonymous closure>.<anonymous closure> (package:flutter_test/src/widget_tester.dart:192:15)
<asynchronous suspension>
#66     TestWidgetsFlutterBinding._runTestBody (package:flutter_test/src/binding.dart:1059:5)
<asynchronous suspension>
<asynchronous suspension>
(elided 5 frames from class _AssertionError, dart:async, and package:stack_trace)

The following RenderObject was being processed when the exception was fired: RenderPointerListener#9059c relayoutBoundary=up19 NEEDS-LAYOUT NEEDS-PAINT:
  creator: Listener ΓåÉ _GestureSemantics ΓåÉ RawGestureDetector ΓåÉ GestureDetector ΓåÉ CyberCard ΓåÉ Stack ΓåÉ
    FadeTransition ΓåÉ FractionalTranslation ΓåÉ SlideTransition ΓåÉ Animate ΓåÉ Column ΓåÉ Padding ΓåÉ Γï»
  parentData: <none> (can use size)
  constraints: BoxConstraints(0.0<=w<=752.0, 0.0<=h<=Infinity)
  size: MISSING
  behavior: deferToChild
  listeners: down, panZoomStart
This RenderObject had the following descendants (showing up to depth 5):
    child: RenderStack#9d9e2 relayoutBoundary=up20 NEEDS-PAINT
      child 1: RenderDecoratedBox#db310 relayoutBoundary=up21 NEEDS-PAINT
        child: RenderPadding#8a8d9 relayoutBoundary=up22 NEEDS-PAINT
          child: RenderStack#53f33 relayoutBoundary=up23 NEEDS-PAINT
            child 1: RenderDecoratedBox#12987 NEEDS-LAYOUT NEEDS-PAINT
            child 2: RenderConstrainedBox#e358e NEEDS-LAYOUT NEEDS-PAINT
            child 3: RenderConstrainedBox#246ee NEEDS-LAYOUT NEEDS-PAINT
            child 4: RenderConstrainedBox#9b710 NEEDS-LAYOUT NEEDS-PAINT
            child 5: RenderConstrainedBox#c7b6f NEEDS-LAYOUT NEEDS-PAINT
            child 6: RenderPadding#d05ee relayoutBoundary=up24 NEEDS-PAINT
ΓòÉΓòÉΓòÉΓòÉΓòÉΓòÉΓòÉΓòÉΓòÉΓòÉΓòÉΓòÉΓòÉΓòÉΓòÉΓòÉΓòÉΓòÉΓòÉΓòÉΓòÉΓòÉΓòÉΓòÉΓòÉΓòÉΓòÉΓòÉΓòÉΓòÉΓòÉΓòÉΓòÉΓòÉΓòÉΓòÉΓòÉΓòÉΓòÉΓòÉΓòÉΓòÉΓòÉΓòÉΓòÉΓòÉΓòÉΓòÉΓòÉΓòÉΓòÉΓòÉΓòÉΓòÉΓòÉΓòÉΓòÉΓòÉΓòÉΓòÉΓòÉΓòÉΓòÉΓòÉΓòÉΓòÉΓòÉΓòÉΓòÉΓòÉΓòÉΓòÉΓòÉΓòÉΓòÉΓòÉΓòÉΓòÉΓòÉΓòÉΓòÉΓòÉΓòÉΓòÉΓòÉΓòÉΓòÉΓòÉΓòÉΓòÉΓòÉΓòÉΓòÉΓòÉΓòÉΓòÉΓòÉΓòÉΓòÉΓòÉ
ΓòÉΓòÉΓòí EXCEPTION CAUGHT BY RENDERING LIBRARY Γò₧ΓòÉΓòÉΓòÉΓòÉΓòÉΓòÉΓòÉΓòÉΓòÉΓòÉΓòÉΓòÉΓòÉΓòÉΓòÉΓòÉΓòÉΓòÉΓòÉΓòÉΓòÉΓòÉΓòÉΓòÉΓòÉΓòÉΓòÉΓòÉΓòÉΓòÉΓòÉΓòÉΓòÉΓòÉΓòÉΓòÉΓòÉΓòÉΓòÉΓòÉΓòÉΓòÉΓòÉΓòÉΓòÉΓòÉΓòÉΓòÉΓòÉΓòÉΓòÉΓòÉΓòÉΓòÉΓòÉΓòÉΓòÉ
The following assertion was thrown during performLayout():
RenderBox was not laid out: RenderPointerListener#9059c relayoutBoundary=up19 NEEDS-PAINT
'package:flutter/src/rendering/box.dart':
Failed assertion: line 2251 pos 12: 'hasSize'

Either the assertion indicates an error in the framework itself, or we should provide substantially
more information in this error message to help you determine and fix the underlying cause.
In either case, please report this assertion by filing a bug on GitHub:
  https://github.com/flutter/flutter/issues/new?template=02_bug.yml

The relevant error-causing widget was:
  GestureDetector
  GestureDetector:file:///D:/Mystery/programming/projects/PYTHON_PROJECTS/focus/focus_gg/focus_flutter/lib/shared/widgets/cyber_card.dart:19:12

When the exception was thrown, this was the stack:
#2      RenderBox.size (package:flutter/src/rendering/box.dart:2251:12)
#3      RenderProxyBoxMixin.performLayout (package:flutter/src/rendering/proxy_box.dart:115:62)
#4      RenderObject.layout (package:flutter/src/rendering/object.dart:2775:7)
#5      ChildLayoutHelper.layoutChild (package:flutter/src/rendering/layout_helper.dart:62:11)
#6      RenderStack._computeSize (package:flutter/src/rendering/stack.dart:645:43)
#7      RenderStack.performLayout (package:flutter/src/rendering/stack.dart:680:12)
#8      RenderObject.layout (package:flutter/src/rendering/object.dart:2775:7)
#9      RenderProxyBoxMixin.performLayout (package:flutter/src/rendering/proxy_box.dart:115:18)
#10     RenderObject.layout (package:flutter/src/rendering/object.dart:2775:7)
#11     RenderProxyBoxMixin.performLayout (package:flutter/src/rendering/proxy_box.dart:115:18)
#12     RenderObject.layout (package:flutter/src/rendering/object.dart:2775:7)
#13     ChildLayoutHelper.layoutChild (package:flutter/src/rendering/layout_helper.dart:62:11)
#14     RenderFlex._computeSizes (package:flutter/src/rendering/flex.dart:1161:28)
#15     RenderFlex.performLayout (package:flutter/src/rendering/flex.dart:1257:32)
#16     RenderObject.layout (package:flutter/src/rendering/object.dart:2775:7)
#17     RenderPadding.performLayout (package:flutter/src/rendering/shifted_box.dart:243:12)
#18     RenderObject.layout (package:flutter/src/rendering/object.dart:2775:7)
#19     RenderConstrainedBox.performLayout (package:flutter/src/rendering/proxy_box.dart:293:14)
#20     RenderObject.layout (package:flutter/src/rendering/object.dart:2775:7)
#21     RenderPositionedBox.performLayout (package:flutter/src/rendering/shifted_box.dart:465:14)
#22     RenderObject.layout (package:flutter/src/rendering/object.dart:2775:7)
#23     RenderPadding.performLayout (package:flutter/src/rendering/shifted_box.dart:243:12)
#24     RenderObject.layout (package:flutter/src/rendering/object.dart:2775:7)
#25     _RenderSingleChildViewport.performLayout (package:flutter/src/widgets/single_child_scroll_view.dart:502:14)
#26     RenderObject.layout (package:flutter/src/rendering/object.dart:2775:7)
#27     RenderProxyBoxMixin.performLayout (package:flutter/src/rendering/proxy_box.dart:115:18)
#28     RenderObject.layout (package:flutter/src/rendering/object.dart:2775:7)
#29     RenderProxyBoxMixin.performLayout (package:flutter/src/rendering/proxy_box.dart:115:18)
#30     RenderObject.layout (package:flutter/src/rendering/object.dart:2775:7)
#31     RenderProxyBoxMixin.performLayout (package:flutter/src/rendering/proxy_box.dart:115:18)
#32     RenderObject.layout (package:flutter/src/rendering/object.dart:2775:7)
#33     RenderProxyBoxMixin.performLayout (package:flutter/src/rendering/proxy_box.dart:115:18)
#34     RenderObject.layout (package:flutter/src/rendering/object.dart:2775:7)
#35     RenderProxyBoxMixin.performLayout (package:flutter/src/rendering/proxy_box.dart:115:18)
#36     RenderObject.layout (package:flutter/src/rendering/object.dart:2775:7)
#37     RenderProxyBoxMixin.performLayout (package:flutter/src/rendering/proxy_box.dart:115:18)
#38     RenderObject.layout (package:flutter/src/rendering/object.dart:2775:7)
#39     RenderProxyBoxMixin.performLayout (package:flutter/src/rendering/proxy_box.dart:115:18)
#40     RenderObject.layout (package:flutter/src/rendering/object.dart:2775:7)
#41     RenderProxyBoxMixin.performLayout (package:flutter/src/rendering/proxy_box.dart:115:18)
#42     _RenderCustomClip.performLayout (package:flutter/src/rendering/proxy_box.dart:1481:11)
#43     RenderObject.layout (package:flutter/src/rendering/object.dart:2775:7)
#44     MultiChildLayoutDelegate.layoutChild (package:flutter/src/rendering/custom_layout.dart:180:12)
#45     _ScaffoldLayout.performLayout (package:flutter/src/material/scaffold.dart:1112:7)
#46     MultiChildLayoutDelegate._callPerformLayout (package:flutter/src/rendering/custom_layout.dart:249:7)
#47     RenderCustomMultiChildLayoutBox.performLayout (package:flutter/src/rendering/custom_layout.dart:420:14)
#48     RenderObject._layoutWithoutResize (package:flutter/src/rendering/object.dart:2623:7)
#49     PipelineOwner.flushLayout (package:flutter/src/rendering/object.dart:1170:18)
#50     PipelineOwner.flushLayout (package:flutter/src/rendering/object.dart:1183:15)
#51     AutomatedTestWidgetsFlutterBinding.drawFrame (package:flutter_test/src/binding.dart:1508:27)
#52     RendererBinding._handlePersistentFrameCallback (package:flutter/src/rendering/binding.dart:495:5)
#53     SchedulerBinding._invokeFrameCallback (package:flutter/src/scheduler/binding.dart:1434:15)
#54     SchedulerBinding.handleDrawFrame (package:flutter/src/scheduler/binding.dart:1347:9)
#55     AutomatedTestWidgetsFlutterBinding.pump.<anonymous closure> (package:flutter_test/src/binding.dart:1335:9)
#58     TestAsyncUtils.guard (package:flutter_test/src/test_async_utils.dart:74:41)
#59     AutomatedTestWidgetsFlutterBinding.pump (package:flutter_test/src/binding.dart:1324:27)
#60     WidgetTester.pumpAndSettle.<anonymous closure> (package:flutter_test/src/widget_tester.dart:719:23)
<asynchronous suspension>
#61     TestAsyncUtils.guard.<anonymous closure> (package:flutter_test/src/test_async_utils.dart:130:27)
<asynchronous suspension>
#62     main.<anonymous closure> (file:///D:/Mystery/programming/projects/PYTHON_PROJECTS/focus/focus_gg/focus_flutter/test/widget_test.dart:20:5)
<asynchronous suspension>
#63     testWidgets.<anonymous closure>.<anonymous closure> (package:flutter_test/src/widget_tester.dart:192:15)
<asynchronous suspension>
#64     TestWidgetsFlutterBinding._runTestBody (package:flutter_test/src/binding.dart:1059:5)
<asynchronous suspension>
<asynchronous suspension>
(elided 5 frames from class _AssertionError, dart:async, and package:stack_trace)

The following RenderObject was being processed when the exception was fired: RenderSemanticsGestureHandler#fcad4 relayoutBoundary=up18 NEEDS-LAYOUT NEEDS-PAINT:
  creator: _GestureSemantics ΓåÉ RawGestureDetector ΓåÉ GestureDetector ΓåÉ CyberCard ΓåÉ Stack ΓåÉ
    FadeTransition ΓåÉ FractionalTranslation ΓåÉ SlideTransition ΓåÉ Animate ΓåÉ Column ΓåÉ Padding ΓåÉ
    ConstrainedBox ΓåÉ Γï»
  parentData: not positioned; offset=Offset(0.0, 0.0) (can use size)
  constraints: BoxConstraints(0.0<=w<=752.0, 0.0<=h<=Infinity)
  size: MISSING
  behavior: deferToChild
  gestures: <none>
This RenderObject had the following descendants (showing up to depth 5):
    child: RenderPointerListener#9059c relayoutBoundary=up19 NEEDS-PAINT
      child: RenderStack#9d9e2 relayoutBoundary=up20 NEEDS-PAINT
        child 1: RenderDecoratedBox#db310 relayoutBoundary=up21 NEEDS-PAINT
          child: RenderPadding#8a8d9 relayoutBoundary=up22 NEEDS-PAINT
            child: RenderStack#53f33 relayoutBoundary=up23 NEEDS-PAINT
ΓòÉΓòÉΓòÉΓòÉΓòÉΓòÉΓòÉΓòÉΓòÉΓòÉΓòÉΓòÉΓòÉΓòÉΓòÉΓòÉΓòÉΓòÉΓòÉΓòÉΓòÉΓòÉΓòÉΓòÉΓòÉΓòÉΓòÉΓòÉΓòÉΓòÉΓòÉΓòÉΓòÉΓòÉΓòÉΓòÉΓòÉΓòÉΓòÉΓòÉΓòÉΓòÉΓòÉΓòÉΓòÉΓòÉΓòÉΓòÉΓòÉΓòÉΓòÉΓòÉΓòÉΓòÉΓòÉΓòÉΓòÉΓòÉΓòÉΓòÉΓòÉΓòÉΓòÉΓòÉΓòÉΓòÉΓòÉΓòÉΓòÉΓòÉΓòÉΓòÉΓòÉΓòÉΓòÉΓòÉΓòÉΓòÉΓòÉΓòÉΓòÉΓòÉΓòÉΓòÉΓòÉΓòÉΓòÉΓòÉΓòÉΓòÉΓòÉΓòÉΓòÉΓòÉΓòÉΓòÉΓòÉΓòÉΓòÉΓòÉ
ΓòÉΓòÉΓòí EXCEPTION CAUGHT BY RENDERING LIBRARY Γò₧ΓòÉΓòÉΓòÉΓòÉΓòÉΓòÉΓòÉΓòÉΓòÉΓòÉΓòÉΓòÉΓòÉΓòÉΓòÉΓòÉΓòÉΓòÉΓòÉΓòÉΓòÉΓòÉΓòÉΓòÉΓòÉΓòÉΓòÉΓòÉΓòÉΓòÉΓòÉΓòÉΓòÉΓòÉΓòÉΓòÉΓòÉΓòÉΓòÉΓòÉΓòÉΓòÉΓòÉΓòÉΓòÉΓòÉΓòÉΓòÉΓòÉΓòÉΓòÉΓòÉΓòÉΓòÉΓòÉΓòÉΓòÉ
The following assertion was thrown during performLayout():
RenderBox was not laid out: RenderSemanticsGestureHandler#fcad4 relayoutBoundary=up18 NEEDS-PAINT
'package:flutter/src/rendering/box.dart':
Failed assertion: line 2251 pos 12: 'hasSize'

Either the assertion indicates an error in the framework itself, or we should provide substantially
more information in this error message to help you determine and fix the underlying cause.
In either case, please report this assertion by filing a bug on GitHub:
  https://github.com/flutter/flutter/issues/new?template=02_bug.yml

The relevant error-causing widget was:
  Stack
  Stack:file:///D:/Mystery/programming/projects/PYTHON_PROJECTS/focus/focus_gg/focus_flutter/lib/features/dashboard/dashboard_screen.dart:177:12

When the exception was thrown, this was the stack:
#2      RenderBox.size (package:flutter/src/rendering/box.dart:2251:12)
#3      ChildLayoutHelper.layoutChild (package:flutter/src/rendering/layout_helper.dart:63:18)
#4      RenderStack._computeSize (package:flutter/src/rendering/stack.dart:645:43)
#5      RenderStack.performLayout (package:flutter/src/rendering/stack.dart:680:12)
#6      RenderObject.layout (package:flutter/src/rendering/object.dart:2775:7)
#7      RenderProxyBoxMixin.performLayout (package:flutter/src/rendering/proxy_box.dart:115:18)
#8      RenderObject.layout (package:flutter/src/rendering/object.dart:2775:7)
#9      RenderProxyBoxMixin.performLayout (package:flutter/src/rendering/proxy_box.dart:115:18)
#10     RenderObject.layout (package:flutter/src/rendering/object.dart:2775:7)
#11     ChildLayoutHelper.layoutChild (package:flutter/src/rendering/layout_helper.dart:62:11)
#12     RenderFlex._computeSizes (package:flutter/src/rendering/flex.dart:1161:28)
#13     RenderFlex.performLayout (package:flutter/src/rendering/flex.dart:1257:32)
#14     RenderObject.layout (package:flutter/src/rendering/object.dart:2775:7)
#15     RenderPadding.performLayout (package:flutter/src/rendering/shifted_box.dart:243:12)
#16     RenderObject.layout (package:flutter/src/rendering/object.dart:2775:7)
#17     RenderConstrainedBox.performLayout (package:flutter/src/rendering/proxy_box.dart:293:14)
#18     RenderObject.layout (package:flutter/src/rendering/object.dart:2775:7)
#19     RenderPositionedBox.performLayout (package:flutter/src/rendering/shifted_box.dart:465:14)
#20     RenderObject.layout (package:flutter/src/rendering/object.dart:2775:7)
#21     RenderPadding.performLayout (package:flutter/src/rendering/shifted_box.dart:243:12)
#22     RenderObject.layout (package:flutter/src/rendering/object.dart:2775:7)
#23     _RenderSingleChildViewport.performLayout (package:flutter/src/widgets/single_child_scroll_view.dart:502:14)
#24     RenderObject.layout (package:flutter/src/rendering/object.dart:2775:7)
#25     RenderProxyBoxMixin.performLayout (package:flutter/src/rendering/proxy_box.dart:115:18)
#26     RenderObject.layout (package:flutter/src/rendering/object.dart:2775:7)
#27     RenderProxyBoxMixin.performLayout (package:flutter/src/rendering/proxy_box.dart:115:18)
#28     RenderObject.layout (package:flutter/src/rendering/object.dart:2775:7)
#29     RenderProxyBoxMixin.performLayout (package:flutter/src/rendering/proxy_box.dart:115:18)
#30     RenderObject.layout (package:flutter/src/rendering/object.dart:2775:7)
#31     RenderProxyBoxMixin.performLayout (package:flutter/src/rendering/proxy_box.dart:115:18)
#32     RenderObject.layout (package:flutter/src/rendering/object.dart:2775:7)
#33     RenderProxyBoxMixin.performLayout (package:flutter/src/rendering/proxy_box.dart:115:18)
#34     RenderObject.layout (package:flutter/src/rendering/object.dart:2775:7)
#35     RenderProxyBoxMixin.performLayout (package:flutter/src/rendering/proxy_box.dart:115:18)
#36     RenderObject.layout (package:flutter/src/rendering/object.dart:2775:7)
#37     RenderProxyBoxMixin.performLayout (package:flutter/src/rendering/proxy_box.dart:115:18)
#38     RenderObject.layout (package:flutter/src/rendering/object.dart:2775:7)
#39     RenderProxyBoxMixin.performLayout (package:flutter/src/rendering/proxy_box.dart:115:18)
#40     _RenderCustomClip.performLayout (package:flutter/src/rendering/proxy_box.dart:1481:11)
#41     RenderObject.layout (package:flutter/src/rendering/object.dart:2775:7)
#42     MultiChildLayoutDelegate.layoutChild (package:flutter/src/rendering/custom_layout.dart:180:12)
#43     _ScaffoldLayout.performLayout (package:flutter/src/material/scaffold.dart:1112:7)
#44     MultiChildLayoutDelegate._callPerformLayout (package:flutter/src/rendering/custom_layout.dart:249:7)
#45     RenderCustomMultiChildLayoutBox.performLayout (package:flutter/src/rendering/custom_layout.dart:420:14)
#46     RenderObject._layoutWithoutResize (package:flutter/src/rendering/object.dart:2623:7)
#47     PipelineOwner.flushLayout (package:flutter/src/rendering/object.dart:1170:18)
#48     PipelineOwner.flushLayout (package:flutter/src/rendering/object.dart:1183:15)
#49     AutomatedTestWidgetsFlutterBinding.drawFrame (package:flutter_test/src/binding.dart:1508:27)
#50     RendererBinding._handlePersistentFrameCallback (package:flutter/src/rendering/binding.dart:495:5)
#51     SchedulerBinding._invokeFrameCallback (package:flutter/src/scheduler/binding.dart:1434:15)
#52     SchedulerBinding.handleDrawFrame (package:flutter/src/scheduler/binding.dart:1347:9)
#53     AutomatedTestWidgetsFlutterBinding.pump.<anonymous closure> (package:flutter_test/src/binding.dart:1335:9)
#56     TestAsyncUtils.guard (package:flutter_test/src/test_async_utils.dart:74:41)
#57     AutomatedTestWidgetsFlutterBinding.pump (package:flutter_test/src/binding.dart:1324:27)
#58     WidgetTester.pumpAndSettle.<anonymous closure> (package:flutter_test/src/widget_tester.dart:719:23)
<asynchronous suspension>
#59     TestAsyncUtils.guard.<anonymous closure> (package:flutter_test/src/test_async_utils.dart:130:27)
<asynchronous suspension>
#60     main.<anonymous closure> (file:///D:/Mystery/programming/projects/PYTHON_PROJECTS/focus/focus_gg/focus_flutter/test/widget_test.dart:20:5)
<asynchronous suspension>
#61     testWidgets.<anonymous closure>.<anonymous closure> (package:flutter_test/src/widget_tester.dart:192:15)
<asynchronous suspension>
#62     TestWidgetsFlutterBinding._runTestBody (package:flutter_test/src/binding.dart:1059:5)
<asynchronous suspension>
<asynchronous suspension>
(elided 5 frames from class _AssertionError, dart:async, and package:stack_trace)

The following RenderObject was being processed when the exception was fired: RenderStack#942f2 relayoutBoundary=up17 NEEDS-LAYOUT NEEDS-PAINT:
  creator: Stack ΓåÉ FadeTransition ΓåÉ FractionalTranslation ΓåÉ SlideTransition ΓåÉ Animate ΓåÉ Column ΓåÉ
    Padding ΓåÉ ConstrainedBox ΓåÉ Align ΓåÉ PageContainer ΓåÉ Padding ΓåÉ _SingleChildViewport ΓåÉ Γï»
  parentData: <none> (can use size)
  constraints: BoxConstraints(w=752.0, 0.0<=h<=Infinity)
  size: MISSING
  alignment: AlignmentDirectional.topStart
  textDirection: ltr
  fit: loose
This RenderObject had the following descendants (showing up to depth 5):
    child 1: RenderDecoratedBox#2388f NEEDS-LAYOUT NEEDS-PAINT
      child: RenderPadding#b6df0 NEEDS-LAYOUT NEEDS-PAINT
        child: RenderLimitedBox#53077 NEEDS-LAYOUT NEEDS-PAINT
          child: RenderConstrainedBox#10065 NEEDS-LAYOUT NEEDS-PAINT
    child 2: RenderSemanticsGestureHandler#fcad4 relayoutBoundary=up18 NEEDS-PAINT
      child: RenderPointerListener#9059c relayoutBoundary=up19 NEEDS-PAINT
        child: RenderStack#9d9e2 relayoutBoundary=up20 NEEDS-PAINT
          child 1: RenderDecoratedBox#db310 relayoutBoundary=up21 NEEDS-PAINT
            child: RenderPadding#8a8d9 relayoutBoundary=up22 NEEDS-PAINT
ΓòÉΓòÉΓòÉΓòÉΓòÉΓòÉΓòÉΓòÉΓòÉΓòÉΓòÉΓòÉΓòÉΓòÉΓòÉΓòÉΓòÉΓòÉΓòÉΓòÉΓòÉΓòÉΓòÉΓòÉΓòÉΓòÉΓòÉΓòÉΓòÉΓòÉΓòÉΓòÉΓòÉΓòÉΓòÉΓòÉΓòÉΓòÉΓòÉΓòÉΓòÉΓòÉΓòÉΓòÉΓòÉΓòÉΓòÉΓòÉΓòÉΓòÉΓòÉΓòÉΓòÉΓòÉΓòÉΓòÉΓòÉΓòÉΓòÉΓòÉΓòÉΓòÉΓòÉΓòÉΓòÉΓòÉΓòÉΓòÉΓòÉΓòÉΓòÉΓòÉΓòÉΓòÉΓòÉΓòÉΓòÉΓòÉΓòÉΓòÉΓòÉΓòÉΓòÉΓòÉΓòÉΓòÉΓòÉΓòÉΓòÉΓòÉΓòÉΓòÉΓòÉΓòÉΓòÉΓòÉΓòÉΓòÉΓòÉΓòÉ
ΓòÉΓòÉΓòí EXCEPTION CAUGHT BY RENDERING LIBRARY Γò₧ΓòÉΓòÉΓòÉΓòÉΓòÉΓòÉΓòÉΓòÉΓòÉΓòÉΓòÉΓòÉΓòÉΓòÉΓòÉΓòÉΓòÉΓòÉΓòÉΓòÉΓòÉΓòÉΓòÉΓòÉΓòÉΓòÉΓòÉΓòÉΓòÉΓòÉΓòÉΓòÉΓòÉΓòÉΓòÉΓòÉΓòÉΓòÉΓòÉΓòÉΓòÉΓòÉΓòÉΓòÉΓòÉΓòÉΓòÉΓòÉΓòÉΓòÉΓòÉΓòÉΓòÉΓòÉΓòÉΓòÉΓòÉ
The following assertion was thrown during performLayout():
RenderBox was not laid out: RenderStack#942f2 relayoutBoundary=up17 NEEDS-PAINT
'package:flutter/src/rendering/box.dart':
Failed assertion: line 2251 pos 12: 'hasSize'

Either the assertion indicates an error in the framework itself, or we should provide substantially
more information in this error message to help you determine and fix the underlying cause.
In either case, please report this assertion by filing a bug on GitHub:
  https://github.com/flutter/flutter/issues/new?template=02_bug.yml

The relevant error-causing widget was:
  FadeTransition
  FadeTransition:file:///C:/Users/LENOVO/AppData/Local/Pub/Cache/hosted/pub.dev/flutter_animate-4.5.2/lib/src/effects/fade_effect.dart:31:12

When the exception was thrown, this was the stack:
#2      RenderBox.size (package:flutter/src/rendering/box.dart:2251:12)
#3      RenderProxyBoxMixin.performLayout (package:flutter/src/rendering/proxy_box.dart:115:62)
#4      RenderObject.layout (package:flutter/src/rendering/object.dart:2775:7)
#5      RenderProxyBoxMixin.performLayout (package:flutter/src/rendering/proxy_box.dart:115:18)
#6      RenderObject.layout (package:flutter/src/rendering/object.dart:2775:7)
#7      ChildLayoutHelper.layoutChild (package:flutter/src/rendering/layout_helper.dart:62:11)
#8      RenderFlex._computeSizes (package:flutter/src/rendering/flex.dart:1161:28)
#9      RenderFlex.performLayout (package:flutter/src/rendering/flex.dart:1257:32)
#10     RenderObject.layout (package:flutter/src/rendering/object.dart:2775:7)
#11     RenderPadding.performLayout (package:flutter/src/rendering/shifted_box.dart:243:12)
#12     RenderObject.layout (package:flutter/src/rendering/object.dart:2775:7)
#13     RenderConstrainedBox.performLayout (package:flutter/src/rendering/proxy_box.dart:293:14)
#14     RenderObject.layout (package:flutter/src/rendering/object.dart:2775:7)
#15     RenderPositionedBox.performLayout (package:flutter/src/rendering/shifted_box.dart:465:14)
#16     RenderObject.layout (package:flutter/src/rendering/object.dart:2775:7)
#17     RenderPadding.performLayout (package:flutter/src/rendering/shifted_box.dart:243:12)
#18     RenderObject.layout (package:flutter/src/rendering/object.dart:2775:7)
#19     _RenderSingleChildViewport.performLayout (package:flutter/src/widgets/single_child_scroll_view.dart:502:14)
#20     RenderObject.layout (package:flutter/src/rendering/object.dart:2775:7)
#21     RenderProxyBoxMixin.performLayout (package:flutter/src/rendering/proxy_box.dart:115:18)
#22     RenderObject.layout (package:flutter/src/rendering/object.dart:2775:7)
#23     RenderProxyBoxMixin.performLayout (package:flutter/src/rendering/proxy_box.dart:115:18)
#24     RenderObject.layout (package:flutter/src/rendering/object.dart:2775:7)
#25     RenderProxyBoxMixin.performLayout (package:flutter/src/rendering/proxy_box.dart:115:18)
#26     RenderObject.layout (package:flutter/src/rendering/object.dart:2775:7)
#27     RenderProxyBoxMixin.performLayout (package:flutter/src/rendering/proxy_box.dart:115:18)
#28     RenderObject.layout (package:flutter/src/rendering/object.dart:2775:7)
#29     RenderProxyBoxMixin.performLayout (package:flutter/src/rendering/proxy_box.dart:115:18)
#30     RenderObject.layout (package:flutter/src/rendering/object.dart:2775:7)
#31     RenderProxyBoxMixin.performLayout (package:flutter/src/rendering/proxy_box.dart:115:18)
#32     RenderObject.layout (package:flutter/src/rendering/object.dart:2775:7)
#33     RenderProxyBoxMixin.performLayout (package:flutter/src/rendering/proxy_box.dart:115:18)
#34     RenderObject.layout (package:flutter/src/rendering/object.dart:2775:7)
#35     RenderProxyBoxMixin.performLayout (package:flutter/src/rendering/proxy_box.dart:115:18)
#36     _RenderCustomClip.performLayout (package:flutter/src/rendering/proxy_box.dart:1481:11)
#37     RenderObject.layout (package:flutter/src/rendering/object.dart:2775:7)
#38     MultiChildLayoutDelegate.layoutChild (package:flutter/src/rendering/custom_layout.dart:180:12)
#39     _ScaffoldLayout.performLayout (package:flutter/src/material/scaffold.dart:1112:7)
#40     MultiChildLayoutDelegate._callPerformLayout (package:flutter/src/rendering/custom_layout.dart:249:7)
#41     RenderCustomMultiChildLayoutBox.performLayout (package:flutter/src/rendering/custom_layout.dart:420:14)
#42     RenderObject._layoutWithoutResize (package:flutter/src/rendering/object.dart:2623:7)
#43     PipelineOwner.flushLayout (package:flutter/src/rendering/object.dart:1170:18)
#44     PipelineOwner.flushLayout (package:flutter/src/rendering/object.dart:1183:15)
#45     AutomatedTestWidgetsFlutterBinding.drawFrame (package:flutter_test/src/binding.dart:1508:27)
#46     RendererBinding._handlePersistentFrameCallback (package:flutter/src/rendering/binding.dart:495:5)
#47     SchedulerBinding._invokeFrameCallback (package:flutter/src/scheduler/binding.dart:1434:15)
#48     SchedulerBinding.handleDrawFrame (package:flutter/src/scheduler/binding.dart:1347:9)
#49     AutomatedTestWidgetsFlutterBinding.pump.<anonymous closure> (package:flutter_test/src/binding.dart:1335:9)
#52     TestAsyncUtils.guard (package:flutter_test/src/test_async_utils.dart:74:41)
#53     AutomatedTestWidgetsFlutterBinding.pump (package:flutter_test/src/binding.dart:1324:27)
#54     WidgetTester.pumpAndSettle.<anonymous closure> (package:flutter_test/src/widget_tester.dart:719:23)
<asynchronous suspension>
#55     TestAsyncUtils.guard.<anonymous closure> (package:flutter_test/src/test_async_utils.dart:130:27)
<asynchronous suspension>
#56     main.<anonymous closure> (file:///D:/Mystery/programming/projects/PYTHON_PROJECTS/focus/focus_gg/focus_flutter/test/widget_test.dart:20:5)
<asynchronous suspension>
#57     testWidgets.<anonymous closure>.<anonymous closure> (package:flutter_test/src/widget_tester.dart:192:15)
<asynchronous suspension>
#58     TestWidgetsFlutterBinding._runTestBody (package:flutter_test/src/binding.dart:1059:5)
<asynchronous suspension>
<asynchronous suspension>
(elided 5 frames from class _AssertionError, dart:async, and package:stack_trace)

The following RenderObject was being processed when the exception was fired: RenderAnimatedOpacity#376cd relayoutBoundary=up16 NEEDS-LAYOUT NEEDS-PAINT:
  needs compositing
  creator: FadeTransition ΓåÉ FractionalTranslation ΓåÉ SlideTransition ΓåÉ Animate ΓåÉ Column ΓåÉ Padding ΓåÉ
    ConstrainedBox ΓåÉ Align ΓåÉ PageContainer ΓåÉ Padding ΓåÉ _SingleChildViewport ΓåÉ
    IgnorePointer-[GlobalKey#2ac55] ΓåÉ Γï»
  parentData: <none> (can use size)
  constraints: BoxConstraints(w=752.0, 0.0<=h<=Infinity)
  size: MISSING
  opacity: AnimationController#7383f(Γû╢ 0.667)Γ₧⌐Interval(0.0Γï»1.0)Γ₧⌐Cubic(0.00, 0.00, 0.58,
    1.00)Γ₧⌐Tween<double>(0.0 ΓåÆ 1.0)Γ₧⌐0.84375
This RenderObject had the following descendants (showing up to depth 5):
    child: RenderStack#942f2 relayoutBoundary=up17 NEEDS-PAINT
      child 1: RenderDecoratedBox#2388f NEEDS-LAYOUT NEEDS-PAINT
        child: RenderPadding#b6df0 NEEDS-LAYOUT NEEDS-PAINT
          child: RenderLimitedBox#53077 NEEDS-LAYOUT NEEDS-PAINT
            child: RenderConstrainedBox#10065 NEEDS-LAYOUT NEEDS-PAINT
      child 2: RenderSemanticsGestureHandler#fcad4 relayoutBoundary=up18 NEEDS-PAINT
        child: RenderPointerListener#9059c relayoutBoundary=up19 NEEDS-PAINT
          child: RenderStack#9d9e2 relayoutBoundary=up20 NEEDS-PAINT
            child 1: RenderDecoratedBox#db310 relayoutBoundary=up21 NEEDS-PAINT
ΓòÉΓòÉΓòÉΓòÉΓòÉΓòÉΓòÉΓòÉΓòÉΓòÉΓòÉΓòÉΓòÉΓòÉΓòÉΓòÉΓòÉΓòÉΓòÉΓòÉΓòÉΓòÉΓòÉΓòÉΓòÉΓòÉΓòÉΓòÉΓòÉΓòÉΓòÉΓòÉΓòÉΓòÉΓòÉΓòÉΓòÉΓòÉΓòÉΓòÉΓòÉΓòÉΓòÉΓòÉΓòÉΓòÉΓòÉΓòÉΓòÉΓòÉΓòÉΓòÉΓòÉΓòÉΓòÉΓòÉΓòÉΓòÉΓòÉΓòÉΓòÉΓòÉΓòÉΓòÉΓòÉΓòÉΓòÉΓòÉΓòÉΓòÉΓòÉΓòÉΓòÉΓòÉΓòÉΓòÉΓòÉΓòÉΓòÉΓòÉΓòÉΓòÉΓòÉΓòÉΓòÉΓòÉΓòÉΓòÉΓòÉΓòÉΓòÉΓòÉΓòÉΓòÉΓòÉΓòÉΓòÉΓòÉΓòÉΓòÉ
ΓòÉΓòÉΓòí EXCEPTION CAUGHT BY RENDERING LIBRARY Γò₧ΓòÉΓòÉΓòÉΓòÉΓòÉΓòÉΓòÉΓòÉΓòÉΓòÉΓòÉΓòÉΓòÉΓòÉΓòÉΓòÉΓòÉΓòÉΓòÉΓòÉΓòÉΓòÉΓòÉΓòÉΓòÉΓòÉΓòÉΓòÉΓòÉΓòÉΓòÉΓòÉΓòÉΓòÉΓòÉΓòÉΓòÉΓòÉΓòÉΓòÉΓòÉΓòÉΓòÉΓòÉΓòÉΓòÉΓòÉΓòÉΓòÉΓòÉΓòÉΓòÉΓòÉΓòÉΓòÉΓòÉΓòÉ
The following assertion was thrown during performLayout():
RenderBox was not laid out: RenderAnimatedOpacity#376cd relayoutBoundary=up16 NEEDS-PAINT
'package:flutter/src/rendering/box.dart':
Failed assertion: line 2251 pos 12: 'hasSize'

Either the assertion indicates an error in the framework itself, or we should provide substantially
more information in this error message to help you determine and fix the underlying cause.
In either case, please report this assertion by filing a bug on GitHub:
  https://github.com/flutter/flutter/issues/new?template=02_bug.yml

The relevant error-causing widget was:
  SlideTransition
  SlideTransition:file:///C:/Users/LENOVO/AppData/Local/Pub/Cache/hosted/pub.dev/flutter_animate-4.5.2/lib/src/effects/slide_effect.dart:37:12

When the exception was thrown, this was the stack:
#2      RenderBox.size (package:flutter/src/rendering/box.dart:2251:12)
#3      RenderProxyBoxMixin.performLayout (package:flutter/src/rendering/proxy_box.dart:115:62)
#4      RenderObject.layout (package:flutter/src/rendering/object.dart:2775:7)
#5      ChildLayoutHelper.layoutChild (package:flutter/src/rendering/layout_helper.dart:62:11)
#6      RenderFlex._computeSizes (package:flutter/src/rendering/flex.dart:1161:28)
#7      RenderFlex.performLayout (package:flutter/src/rendering/flex.dart:1257:32)
#8      RenderObject.layout (package:flutter/src/rendering/object.dart:2775:7)
#9      RenderPadding.performLayout (package:flutter/src/rendering/shifted_box.dart:243:12)
#10     RenderObject.layout (package:flutter/src/rendering/object.dart:2775:7)
#11     RenderConstrainedBox.performLayout (package:flutter/src/rendering/proxy_box.dart:293:14)
#12     RenderObject.layout (package:flutter/src/rendering/object.dart:2775:7)
#13     RenderPositionedBox.performLayout (package:flutter/src/rendering/shifted_box.dart:465:14)
#14     RenderObject.layout (package:flutter/src/rendering/object.dart:2775:7)
#15     RenderPadding.performLayout (package:flutter/src/rendering/shifted_box.dart:243:12)
#16     RenderObject.layout (package:flutter/src/rendering/object.dart:2775:7)
#17     _RenderSingleChildViewport.performLayout (package:flutter/src/widgets/single_child_scroll_view.dart:502:14)
#18     RenderObject.layout (package:flutter/src/rendering/object.dart:2775:7)
#19     RenderProxyBoxMixin.performLayout (package:flutter/src/rendering/proxy_box.dart:115:18)
#20     RenderObject.layout (package:flutter/src/rendering/object.dart:2775:7)
#21     RenderProxyBoxMixin.performLayout (package:flutter/src/rendering/proxy_box.dart:115:18)
#22     RenderObject.layout (package:flutter/src/rendering/object.dart:2775:7)
#23     RenderProxyBoxMixin.performLayout (package:flutter/src/rendering/proxy_box.dart:115:18)
#24     RenderObject.layout (package:flutter/src/rendering/object.dart:2775:7)
#25     RenderProxyBoxMixin.performLayout (package:flutter/src/rendering/proxy_box.dart:115:18)
#26     RenderObject.layout (package:flutter/src/rendering/object.dart:2775:7)
#27     RenderProxyBoxMixin.performLayout (package:flutter/src/rendering/proxy_box.dart:115:18)
#28     RenderObject.layout (package:flutter/src/rendering/object.dart:2775:7)
#29     RenderProxyBoxMixin.performLayout (package:flutter/src/rendering/proxy_box.dart:115:18)
#30     RenderObject.layout (package:flutter/src/rendering/object.dart:2775:7)
#31     RenderProxyBoxMixin.performLayout (package:flutter/src/rendering/proxy_box.dart:115:18)
#32     RenderObject.layout (package:flutter/src/rendering/object.dart:2775:7)
#33     RenderProxyBoxMixin.performLayout (package:flutter/src/rendering/proxy_box.dart:115:18)
#34     _RenderCustomClip.performLayout (package:flutter/src/rendering/proxy_box.dart:1481:11)
#35     RenderObject.layout (package:flutter/src/rendering/object.dart:2775:7)
#36     MultiChildLayoutDelegate.layoutChild (package:flutter/src/rendering/custom_layout.dart:180:12)
#37     _ScaffoldLayout.performLayout (package:flutter/src/material/scaffold.dart:1112:7)
#38     MultiChildLayoutDelegate._callPerformLayout (package:flutter/src/rendering/custom_layout.dart:249:7)
#39     RenderCustomMultiChildLayoutBox.performLayout (package:flutter/src/rendering/custom_layout.dart:420:14)
#40     RenderObject._layoutWithoutResize (package:flutter/src/rendering/object.dart:2623:7)
#41     PipelineOwner.flushLayout (package:flutter/src/rendering/object.dart:1170:18)
#42     PipelineOwner.flushLayout (package:flutter/src/rendering/object.dart:1183:15)
#43     AutomatedTestWidgetsFlutterBinding.drawFrame (package:flutter_test/src/binding.dart:1508:27)
#44     RendererBinding._handlePersistentFrameCallback (package:flutter/src/rendering/binding.dart:495:5)
#45     SchedulerBinding._invokeFrameCallback (package:flutter/src/scheduler/binding.dart:1434:15)
#46     SchedulerBinding.handleDrawFrame (package:flutter/src/scheduler/binding.dart:1347:9)
#47     AutomatedTestWidgetsFlutterBinding.pump.<anonymous closure> (package:flutter_test/src/binding.dart:1335:9)
#50     TestAsyncUtils.guard (package:flutter_test/src/test_async_utils.dart:74:41)
#51     AutomatedTestWidgetsFlutterBinding.pump (package:flutter_test/src/binding.dart:1324:27)
#52     WidgetTester.pumpAndSettle.<anonymous closure> (package:flutter_test/src/widget_tester.dart:719:23)
<asynchronous suspension>
#53     TestAsyncUtils.guard.<anonymous closure> (package:flutter_test/src/test_async_utils.dart:130:27)
<asynchronous suspension>
#54     main.<anonymous closure> (file:///D:/Mystery/programming/projects/PYTHON_PROJECTS/focus/focus_gg/focus_flutter/test/widget_test.dart:20:5)
<asynchronous suspension>
#55     testWidgets.<anonymous closure>.<anonymous closure> (package:flutter_test/src/widget_tester.dart:192:15)
<asynchronous suspension>
#56     TestWidgetsFlutterBinding._runTestBody (package:flutter_test/src/binding.dart:1059:5)
<asynchronous suspension>
<asynchronous suspension>
(elided 5 frames from class _AssertionError, dart:async, and package:stack_trace)

The following RenderObject was being processed when the exception was fired: RenderFractionalTranslation#3e3c5 relayoutBoundary=up15 NEEDS-LAYOUT NEEDS-PAINT:
  needs compositing
  creator: FractionalTranslation ΓåÉ SlideTransition ΓåÉ Animate ΓåÉ Column ΓåÉ Padding ΓåÉ ConstrainedBox ΓåÉ
    Align ΓåÉ PageContainer ΓåÉ Padding ΓåÉ _SingleChildViewport ΓåÉ IgnorePointer-[GlobalKey#2ac55] ΓåÉ
    Semantics ΓåÉ Γï»
  parentData: offset=Offset(0.0, 0.0); flex=null; fit=null (can use size)
  constraints: BoxConstraints(w=752.0, 0.0<=h<=Infinity)
  size: MISSING
  translation: Offset(0.0, 0.0)
  transformHitTests: true
This RenderObject had the following descendants (showing up to depth 5):
    child: RenderAnimatedOpacity#376cd relayoutBoundary=up16 NEEDS-PAINT
      child: RenderStack#942f2 relayoutBoundary=up17 NEEDS-PAINT
        child 1: RenderDecoratedBox#2388f NEEDS-LAYOUT NEEDS-PAINT
          child: RenderPadding#b6df0 NEEDS-LAYOUT NEEDS-PAINT
            child: RenderLimitedBox#53077 NEEDS-LAYOUT NEEDS-PAINT
        child 2: RenderSemanticsGestureHandler#fcad4 relayoutBoundary=up18 NEEDS-PAINT
          child: RenderPointerListener#9059c relayoutBoundary=up19 NEEDS-PAINT
            child: RenderStack#9d9e2 relayoutBoundary=up20 NEEDS-PAINT
ΓòÉΓòÉΓòÉΓòÉΓòÉΓòÉΓòÉΓòÉΓòÉΓòÉΓòÉΓòÉΓòÉΓòÉΓòÉΓòÉΓòÉΓòÉΓòÉΓòÉΓòÉΓòÉΓòÉΓòÉΓòÉΓòÉΓòÉΓòÉΓòÉΓòÉΓòÉΓòÉΓòÉΓòÉΓòÉΓòÉΓòÉΓòÉΓòÉΓòÉΓòÉΓòÉΓòÉΓòÉΓòÉΓòÉΓòÉΓòÉΓòÉΓòÉΓòÉΓòÉΓòÉΓòÉΓòÉΓòÉΓòÉΓòÉΓòÉΓòÉΓòÉΓòÉΓòÉΓòÉΓòÉΓòÉΓòÉΓòÉΓòÉΓòÉΓòÉΓòÉΓòÉΓòÉΓòÉΓòÉΓòÉΓòÉΓòÉΓòÉΓòÉΓòÉΓòÉΓòÉΓòÉΓòÉΓòÉΓòÉΓòÉΓòÉΓòÉΓòÉΓòÉΓòÉΓòÉΓòÉΓòÉΓòÉΓòÉΓòÉ
ΓòÉΓòÉΓòí EXCEPTION CAUGHT BY RENDERING LIBRARY Γò₧ΓòÉΓòÉΓòÉΓòÉΓòÉΓòÉΓòÉΓòÉΓòÉΓòÉΓòÉΓòÉΓòÉΓòÉΓòÉΓòÉΓòÉΓòÉΓòÉΓòÉΓòÉΓòÉΓòÉΓòÉΓòÉΓòÉΓòÉΓòÉΓòÉΓòÉΓòÉΓòÉΓòÉΓòÉΓòÉΓòÉΓòÉΓòÉΓòÉΓòÉΓòÉΓòÉΓòÉΓòÉΓòÉΓòÉΓòÉΓòÉΓòÉΓòÉΓòÉΓòÉΓòÉΓòÉΓòÉΓòÉΓòÉ
The following assertion was thrown during performLayout():
RenderBox was not laid out: RenderFractionalTranslation#3e3c5 relayoutBoundary=up15 NEEDS-PAINT
'package:flutter/src/rendering/box.dart':
Failed assertion: line 2251 pos 12: 'hasSize'

Either the assertion indicates an error in the framework itself, or we should provide substantially
more information in this error message to help you determine and fix the underlying cause.
In either case, please report this assertion by filing a bug on GitHub:
  https://github.com/flutter/flutter/issues/new?template=02_bug.yml

The relevant error-causing widget was:
  Column
  Column:file:///D:/Mystery/programming/projects/PYTHON_PROJECTS/focus/focus_gg/focus_flutter/lib/features/dashboard/dashboard_screen.dart:135:18

When the exception was thrown, this was the stack:
#2      RenderBox.size (package:flutter/src/rendering/box.dart:2251:12)
#3      ChildLayoutHelper.layoutChild (package:flutter/src/rendering/layout_helper.dart:63:18)
#4      RenderFlex._computeSizes (package:flutter/src/rendering/flex.dart:1161:28)
#5      RenderFlex.performLayout (package:flutter/src/rendering/flex.dart:1257:32)
#6      RenderObject.layout (package:flutter/src/rendering/object.dart:2775:7)
#7      RenderPadding.performLayout (package:flutter/src/rendering/shifted_box.dart:243:12)
#8      RenderObject.layout (package:flutter/src/rendering/object.dart:2775:7)
#9      RenderConstrainedBox.performLayout (package:flutter/src/rendering/proxy_box.dart:293:14)
#10     RenderObject.layout (package:flutter/src/rendering/object.dart:2775:7)
#11     RenderPositionedBox.performLayout (package:flutter/src/rendering/shifted_box.dart:465:14)
#12     RenderObject.layout (package:flutter/src/rendering/object.dart:2775:7)
#13     RenderPadding.performLayout (package:flutter/src/rendering/shifted_box.dart:243:12)
#14     RenderObject.layout (package:flutter/src/rendering/object.dart:2775:7)
#15     _RenderSingleChildViewport.performLayout (package:flutter/src/widgets/single_child_scroll_view.dart:502:14)
#16     RenderObject.layout (package:flutter/src/rendering/object.dart:2775:7)
#17     RenderProxyBoxMixin.performLayout (package:flutter/src/rendering/proxy_box.dart:115:18)
#18     RenderObject.layout (package:flutter/src/rendering/object.dart:2775:7)
#19     RenderProxyBoxMixin.performLayout (package:flutter/src/rendering/proxy_box.dart:115:18)
#20     RenderObject.layout (package:flutter/src/rendering/object.dart:2775:7)
#21     RenderProxyBoxMixin.performLayout (package:flutter/src/rendering/proxy_box.dart:115:18)
#22     RenderObject.layout (package:flutter/src/rendering/object.dart:2775:7)
#23     RenderProxyBoxMixin.performLayout (package:flutter/src/rendering/proxy_box.dart:115:18)
#24     RenderObject.layout (package:flutter/src/rendering/object.dart:2775:7)
#25     RenderProxyBoxMixin.performLayout (package:flutter/src/rendering/proxy_box.dart:115:18)
#26     RenderObject.layout (package:flutter/src/rendering/object.dart:2775:7)
#27     RenderProxyBoxMixin.performLayout (package:flutter/src/rendering/proxy_box.dart:115:18)
#28     RenderObject.layout (package:flutter/src/rendering/object.dart:2775:7)
#29     RenderProxyBoxMixin.performLayout (package:flutter/src/rendering/proxy_box.dart:115:18)
#30     RenderObject.layout (package:flutter/src/rendering/object.dart:2775:7)
#31     RenderProxyBoxMixin.performLayout (package:flutter/src/rendering/proxy_box.dart:115:18)
#32     _RenderCustomClip.performLayout (package:flutter/src/rendering/proxy_box.dart:1481:11)
#33     RenderObject.layout (package:flutter/src/rendering/object.dart:2775:7)
#34     MultiChildLayoutDelegate.layoutChild (package:flutter/src/rendering/custom_layout.dart:180:12)
#35     _ScaffoldLayout.performLayout (package:flutter/src/material/scaffold.dart:1112:7)
#36     MultiChildLayoutDelegate._callPerformLayout (package:flutter/src/rendering/custom_layout.dart:249:7)
#37     RenderCustomMultiChildLayoutBox.performLayout (package:flutter/src/rendering/custom_layout.dart:420:14)
#38     RenderObject._layoutWithoutResize (package:flutter/src/rendering/object.dart:2623:7)
#39     PipelineOwner.flushLayout (package:flutter/src/rendering/object.dart:1170:18)
#40     PipelineOwner.flushLayout (package:flutter/src/rendering/object.dart:1183:15)
#41     AutomatedTestWidgetsFlutterBinding.drawFrame (package:flutter_test/src/binding.dart:1508:27)
#42     RendererBinding._handlePersistentFrameCallback (package:flutter/src/rendering/binding.dart:495:5)
#43     SchedulerBinding._invokeFrameCallback (package:flutter/src/scheduler/binding.dart:1434:15)
#44     SchedulerBinding.handleDrawFrame (package:flutter/src/scheduler/binding.dart:1347:9)
#45     AutomatedTestWidgetsFlutterBinding.pump.<anonymous closure> (package:flutter_test/src/binding.dart:1335:9)
#48     TestAsyncUtils.guard (package:flutter_test/src/test_async_utils.dart:74:41)
#49     AutomatedTestWidgetsFlutterBinding.pump (package:flutter_test/src/binding.dart:1324:27)
#50     WidgetTester.pumpAndSettle.<anonymous closure> (package:flutter_test/src/widget_tester.dart:719:23)
<asynchronous suspension>
#51     TestAsyncUtils.guard.<anonymous closure> (package:flutter_test/src/test_async_utils.dart:130:27)
<asynchronous suspension>
#52     main.<anonymous closure> (file:///D:/Mystery/programming/projects/PYTHON_PROJECTS/focus/focus_gg/focus_flutter/test/widget_test.dart:20:5)
<asynchronous suspension>
#53     testWidgets.<anonymous closure>.<anonymous closure> (package:flutter_test/src/widget_tester.dart:192:15)
<asynchronous suspension>
#54     TestWidgetsFlutterBinding._runTestBody (package:flutter_test/src/binding.dart:1059:5)
<asynchronous suspension>
<asynchronous suspension>
(elided 5 frames from class _AssertionError, dart:async, and package:stack_trace)

The following RenderObject was being processed when the exception was fired: RenderFlex#141d3 relayoutBoundary=up14 NEEDS-LAYOUT NEEDS-PAINT NEEDS-COMPOSITING-BITS-UPDATE:
  needs compositing
  creator: Column ΓåÉ Padding ΓåÉ ConstrainedBox ΓåÉ Align ΓåÉ PageContainer ΓåÉ Padding ΓåÉ _SingleChildViewport
    ΓåÉ IgnorePointer-[GlobalKey#2ac55] ΓåÉ Semantics ΓåÉ Listener ΓåÉ _GestureSemantics ΓåÉ
    RawGestureDetector-[LabeledGlobalKey<RawGestureDetectorState>#b16d0] ΓåÉ Γï»
  parentData: offset=Offset(24.0, 16.0) (can use size)
  constraints: BoxConstraints(0.0<=w<=752.0, 0.0<=h<=Infinity)
  size: MISSING
  direction: vertical
  mainAxisAlignment: start
  mainAxisSize: max
  crossAxisAlignment: stretch
  verticalDirection: down
  spacing: 0.0
This RenderObject had the following descendants (showing up to depth 5):
    child 1: RenderFractionalTranslation#3e3c5 relayoutBoundary=up15 NEEDS-PAINT
      child: RenderAnimatedOpacity#376cd relayoutBoundary=up16 NEEDS-PAINT
        child: RenderStack#942f2 relayoutBoundary=up17 NEEDS-PAINT
          child 1: RenderDecoratedBox#2388f NEEDS-LAYOUT NEEDS-PAINT
            child: RenderPadding#b6df0 NEEDS-LAYOUT NEEDS-PAINT
          child 2: RenderSemanticsGestureHandler#fcad4 relayoutBoundary=up18 NEEDS-PAINT
            child: RenderPointerListener#9059c relayoutBoundary=up19 NEEDS-PAINT
    child 2: RenderConstrainedBox#86da0 NEEDS-LAYOUT NEEDS-PAINT
    child 3: RenderAnimatedOpacity#c08d6 NEEDS-LAYOUT NEEDS-PAINT NEEDS-COMPOSITING-BITS-UPDATE
      child: RenderSemanticsGestureHandler#ce73c NEEDS-LAYOUT NEEDS-PAINT
        child: RenderPointerListener#91e90 NEEDS-LAYOUT NEEDS-PAINT
          child: RenderStack#80f29 NEEDS-LAYOUT NEEDS-PAINT
            child 1: RenderDecoratedBox#6c0c1 NEEDS-LAYOUT NEEDS-PAINT
    child 4: RenderConstrainedBox#a5c3d NEEDS-LAYOUT NEEDS-PAINT
    child 5: RenderFractionalTranslation#28703 NEEDS-LAYOUT NEEDS-PAINT NEEDS-COMPOSITING-BITS-UPDATE
      child: RenderAnimatedOpacity#051b4 NEEDS-LAYOUT NEEDS-PAINT NEEDS-COMPOSITING-BITS-UPDATE
        child: RenderSemanticsGestureHandler#4fefe NEEDS-LAYOUT NEEDS-PAINT
          child: RenderPointerListener#d70a8 NEEDS-LAYOUT NEEDS-PAINT
            child: RenderStack#3b30d NEEDS-LAYOUT NEEDS-PAINT
    child 6: RenderConstrainedBox#0380c NEEDS-LAYOUT NEEDS-PAINT
    child 7: RenderAnimatedOpacity#0f73f NEEDS-LAYOUT NEEDS-PAINT
      child: RenderFlex#70c3c NEEDS-LAYOUT NEEDS-PAINT
        child 1: RenderParagraph#70a78 NEEDS-LAYOUT NEEDS-PAINT
          text: TextSpan
        child 2: RenderSemanticsAnnotations#ad4cd NEEDS-LAYOUT NEEDS-PAINT
          child: _RenderInputPadding#b1a97 NEEDS-LAYOUT NEEDS-PAINT
            child: RenderConstrainedBox#d70ad NEEDS-LAYOUT NEEDS-PAINT
ΓòÉΓòÉΓòÉΓòÉΓòÉΓòÉΓòÉΓòÉΓòÉΓòÉΓòÉΓòÉΓòÉΓòÉΓòÉΓòÉΓòÉΓòÉΓòÉΓòÉΓòÉΓòÉΓòÉΓòÉΓòÉΓòÉΓòÉΓòÉΓòÉΓòÉΓòÉΓòÉΓòÉΓòÉΓòÉΓòÉΓòÉΓòÉΓòÉΓòÉΓòÉΓòÉΓòÉΓòÉΓòÉΓòÉΓòÉΓòÉΓòÉΓòÉΓòÉΓòÉΓòÉΓòÉΓòÉΓòÉΓòÉΓòÉΓòÉΓòÉΓòÉΓòÉΓòÉΓòÉΓòÉΓòÉΓòÉΓòÉΓòÉΓòÉΓòÉΓòÉΓòÉΓòÉΓòÉΓòÉΓòÉΓòÉΓòÉΓòÉΓòÉΓòÉΓòÉΓòÉΓòÉΓòÉΓòÉΓòÉΓòÉΓòÉΓòÉΓòÉΓòÉΓòÉΓòÉΓòÉΓòÉΓòÉΓòÉΓòÉ
ΓòÉΓòÉΓòí EXCEPTION CAUGHT BY RENDERING LIBRARY Γò₧ΓòÉΓòÉΓòÉΓòÉΓòÉΓòÉΓòÉΓòÉΓòÉΓòÉΓòÉΓòÉΓòÉΓòÉΓòÉΓòÉΓòÉΓòÉΓòÉΓòÉΓòÉΓòÉΓòÉΓòÉΓòÉΓòÉΓòÉΓòÉΓòÉΓòÉΓòÉΓòÉΓòÉΓòÉΓòÉΓòÉΓòÉΓòÉΓòÉΓòÉΓòÉΓòÉΓòÉΓòÉΓòÉΓòÉΓòÉΓòÉΓòÉΓòÉΓòÉΓòÉΓòÉΓòÉΓòÉΓòÉΓòÉ
The following assertion was thrown during performLayout():
RenderBox was not laid out: RenderFlex#141d3 relayoutBoundary=up14 NEEDS-PAINT
NEEDS-COMPOSITING-BITS-UPDATE
'package:flutter/src/rendering/box.dart':
Failed assertion: line 2251 pos 12: 'hasSize'

Either the assertion indicates an error in the framework itself, or we should provide substantially
more information in this error message to help you determine and fix the underlying cause.
In either case, please report this assertion by filing a bug on GitHub:
  https://github.com/flutter/flutter/issues/new?template=02_bug.yml

The relevant error-causing widget was:
  Padding
  Padding:file:///D:/Mystery/programming/projects/PYTHON_PROJECTS/focus/focus_gg/focus_flutter/lib/shared/widgets/page_container.dart:25:16

When the exception was thrown, this was the stack:
#2      RenderBox.size (package:flutter/src/rendering/box.dart:2251:12)
#3      RenderPadding.performLayout (package:flutter/src/rendering/shifted_box.dart:247:40)
#4      RenderObject.layout (package:flutter/src/rendering/object.dart:2775:7)
#5      RenderConstrainedBox.performLayout (package:flutter/src/rendering/proxy_box.dart:293:14)
#6      RenderObject.layout (package:flutter/src/rendering/object.dart:2775:7)
#7      RenderPositionedBox.performLayout (package:flutter/src/rendering/shifted_box.dart:465:14)
#8      RenderObject.layout (package:flutter/src/rendering/object.dart:2775:7)
#9      RenderPadding.performLayout (package:flutter/src/rendering/shifted_box.dart:243:12)
#10     RenderObject.layout (package:flutter/src/rendering/object.dart:2775:7)
#11     _RenderSingleChildViewport.performLayout (package:flutter/src/widgets/single_child_scroll_view.dart:502:14)
#12     RenderObject.layout (package:flutter/src/rendering/object.dart:2775:7)
#13     RenderProxyBoxMixin.performLayout (package:flutter/src/rendering/proxy_box.dart:115:18)
#14     RenderObject.layout (package:flutter/src/rendering/object.dart:2775:7)
#15     RenderProxyBoxMixin.performLayout (package:flutter/src/rendering/proxy_box.dart:115:18)
#16     RenderObject.layout (package:flutter/src/rendering/object.dart:2775:7)
#17     RenderProxyBoxMixin.performLayout (package:flutter/src/rendering/proxy_box.dart:115:18)
#18     RenderObject.layout (package:flutter/src/rendering/object.dart:2775:7)
#19     RenderProxyBoxMixin.performLayout (package:flutter/src/rendering/proxy_box.dart:115:18)
#20     RenderObject.layout (package:flutter/src/rendering/object.dart:2775:7)
#21     RenderProxyBoxMixin.performLayout (package:flutter/src/rendering/proxy_box.dart:115:18)
#22     RenderObject.layout (package:flutter/src/rendering/object.dart:2775:7)
#23     RenderProxyBoxMixin.performLayout (package:flutter/src/rendering/proxy_box.dart:115:18)
#24     RenderObject.layout (package:flutter/src/rendering/object.dart:2775:7)
#25     RenderProxyBoxMixin.performLayout (package:flutter/src/rendering/proxy_box.dart:115:18)
#26     RenderObject.layout (package:flutter/src/rendering/object.dart:2775:7)
#27     RenderProxyBoxMixin.performLayout (package:flutter/src/rendering/proxy_box.dart:115:18)
#28     _RenderCustomClip.performLayout (package:flutter/src/rendering/proxy_box.dart:1481:11)
#29     RenderObject.layout (package:flutter/src/rendering/object.dart:2775:7)
#30     MultiChildLayoutDelegate.layoutChild (package:flutter/src/rendering/custom_layout.dart:180:12)
#31     _ScaffoldLayout.performLayout (package:flutter/src/material/scaffold.dart:1112:7)
#32     MultiChildLayoutDelegate._callPerformLayout (package:flutter/src/rendering/custom_layout.dart:249:7)
#33     RenderCustomMultiChildLayoutBox.performLayout (package:flutter/src/rendering/custom_layout.dart:420:14)
#34     RenderObject._layoutWithoutResize (package:flutter/src/rendering/object.dart:2623:7)
#35     PipelineOwner.flushLayout (package:flutter/src/rendering/object.dart:1170:18)
#36     PipelineOwner.flushLayout (package:flutter/src/rendering/object.dart:1183:15)
#37     AutomatedTestWidgetsFlutterBinding.drawFrame (package:flutter_test/src/binding.dart:1508:27)
#38     RendererBinding._handlePersistentFrameCallback (package:flutter/src/rendering/binding.dart:495:5)
#39     SchedulerBinding._invokeFrameCallback (package:flutter/src/scheduler/binding.dart:1434:15)
#40     SchedulerBinding.handleDrawFrame (package:flutter/src/scheduler/binding.dart:1347:9)
#41     AutomatedTestWidgetsFlutterBinding.pump.<anonymous closure> (package:flutter_test/src/binding.dart:1335:9)
#44     TestAsyncUtils.guard (package:flutter_test/src/test_async_utils.dart:74:41)
#45     AutomatedTestWidgetsFlutterBinding.pump (package:flutter_test/src/binding.dart:1324:27)
#46     WidgetTester.pumpAndSettle.<anonymous closure> (package:flutter_test/src/widget_tester.dart:719:23)
<asynchronous suspension>
#47     TestAsyncUtils.guard.<anonymous closure> (package:flutter_test/src/test_async_utils.dart:130:27)
<asynchronous suspension>
#48     main.<anonymous closure> (file:///D:/Mystery/programming/projects/PYTHON_PROJECTS/focus/focus_gg/focus_flutter/test/widget_test.dart:20:5)
<asynchronous suspension>
#49     testWidgets.<anonymous closure>.<anonymous closure> (package:flutter_test/src/widget_tester.dart:192:15)
<asynchronous suspension>
#50     TestWidgetsFlutterBinding._runTestBody (package:flutter_test/src/binding.dart:1059:5)
<asynchronous suspension>
<asynchronous suspension>
(elided 5 frames from class _AssertionError, dart:async, and package:stack_trace)

The following RenderObject was being processed when the exception was fired: RenderPadding#91361 relayoutBoundary=up13 NEEDS-LAYOUT NEEDS-PAINT NEEDS-COMPOSITING-BITS-UPDATE:
  needs compositing
  creator: Padding ΓåÉ ConstrainedBox ΓåÉ Align ΓåÉ PageContainer ΓåÉ Padding ΓåÉ _SingleChildViewport ΓåÉ
    IgnorePointer-[GlobalKey#2ac55] ΓåÉ Semantics ΓåÉ Listener ΓåÉ _GestureSemantics ΓåÉ
    RawGestureDetector-[LabeledGlobalKey<RawGestureDetectorState>#b16d0] ΓåÉ Listener ΓåÉ Γï»
  parentData: <none> (can use size)
  constraints: BoxConstraints(0.0<=w<=800.0, 0.0<=h<=Infinity)
  size: MISSING
  padding: EdgeInsets(24.0, 16.0, 24.0, 16.0)
  textDirection: ltr
This RenderObject had the following descendants (showing up to depth 5):
    child: RenderFlex#141d3 relayoutBoundary=up14 NEEDS-PAINT NEEDS-COMPOSITING-BITS-UPDATE
      child 1: RenderFractionalTranslation#3e3c5 relayoutBoundary=up15 NEEDS-PAINT
        child: RenderAnimatedOpacity#376cd relayoutBoundary=up16 NEEDS-PAINT
          child: RenderStack#942f2 relayoutBoundary=up17 NEEDS-PAINT
            child 1: RenderDecoratedBox#2388f NEEDS-LAYOUT NEEDS-PAINT
            child 2: RenderSemanticsGestureHandler#fcad4 relayoutBoundary=up18 NEEDS-PAINT
      child 2: RenderConstrainedBox#86da0 NEEDS-LAYOUT NEEDS-PAINT
      child 3: RenderAnimatedOpacity#c08d6 NEEDS-LAYOUT NEEDS-PAINT NEEDS-COMPOSITING-BITS-UPDATE
        child: RenderSemanticsGestureHandler#ce73c NEEDS-LAYOUT NEEDS-PAINT
          child: RenderPointerListener#91e90 NEEDS-LAYOUT NEEDS-PAINT
            child: RenderStack#80f29 NEEDS-LAYOUT NEEDS-PAINT
      child 4: RenderConstrainedBox#a5c3d NEEDS-LAYOUT NEEDS-PAINT
      child 5: RenderFractionalTranslation#28703 NEEDS-LAYOUT NEEDS-PAINT NEEDS-COMPOSITING-BITS-UPDATE
        child: RenderAnimatedOpacity#051b4 NEEDS-LAYOUT NEEDS-PAINT NEEDS-COMPOSITING-BITS-UPDATE
          child: RenderSemanticsGestureHandler#4fefe NEEDS-LAYOUT NEEDS-PAINT
            child: RenderPointerListener#d70a8 NEEDS-LAYOUT NEEDS-PAINT
      child 6: RenderConstrainedBox#0380c NEEDS-LAYOUT NEEDS-PAINT
      child 7: RenderAnimatedOpacity#0f73f NEEDS-LAYOUT NEEDS-PAINT
        child: RenderFlex#70c3c NEEDS-LAYOUT NEEDS-PAINT
          child 1: RenderParagraph#70a78 NEEDS-LAYOUT NEEDS-PAINT
            text: TextSpan
          child 2: RenderSemanticsAnnotations#ad4cd NEEDS-LAYOUT NEEDS-PAINT
            child: _RenderInputPadding#b1a97 NEEDS-LAYOUT NEEDS-PAINT
      child 8: RenderConstrainedBox#d560d NEEDS-LAYOUT NEEDS-PAINT
      child 9: RenderAnimatedOpacity#0f4f6 NEEDS-LAYOUT NEEDS-PAINT
        child: RenderSemanticsGestureHandler#0bd1a NEEDS-LAYOUT NEEDS-PAINT
          child: RenderPointerListener#30531 NEEDS-LAYOUT NEEDS-PAINT
            child: RenderStack#05a03 NEEDS-LAYOUT NEEDS-PAINT
ΓòÉΓòÉΓòÉΓòÉΓòÉΓòÉΓòÉΓòÉΓòÉΓòÉΓòÉΓòÉΓòÉΓòÉΓòÉΓòÉΓòÉΓòÉΓòÉΓòÉΓòÉΓòÉΓòÉΓòÉΓòÉΓòÉΓòÉΓòÉΓòÉΓòÉΓòÉΓòÉΓòÉΓòÉΓòÉΓòÉΓòÉΓòÉΓòÉΓòÉΓòÉΓòÉΓòÉΓòÉΓòÉΓòÉΓòÉΓòÉΓòÉΓòÉΓòÉΓòÉΓòÉΓòÉΓòÉΓòÉΓòÉΓòÉΓòÉΓòÉΓòÉΓòÉΓòÉΓòÉΓòÉΓòÉΓòÉΓòÉΓòÉΓòÉΓòÉΓòÉΓòÉΓòÉΓòÉΓòÉΓòÉΓòÉΓòÉΓòÉΓòÉΓòÉΓòÉΓòÉΓòÉΓòÉΓòÉΓòÉΓòÉΓòÉΓòÉΓòÉΓòÉΓòÉΓòÉΓòÉΓòÉΓòÉΓòÉΓòÉ
ΓòÉΓòÉΓòí EXCEPTION CAUGHT BY RENDERING LIBRARY Γò₧ΓòÉΓòÉΓòÉΓòÉΓòÉΓòÉΓòÉΓòÉΓòÉΓòÉΓòÉΓòÉΓòÉΓòÉΓòÉΓòÉΓòÉΓòÉΓòÉΓòÉΓòÉΓòÉΓòÉΓòÉΓòÉΓòÉΓòÉΓòÉΓòÉΓòÉΓòÉΓòÉΓòÉΓòÉΓòÉΓòÉΓòÉΓòÉΓòÉΓòÉΓòÉΓòÉΓòÉΓòÉΓòÉΓòÉΓòÉΓòÉΓòÉΓòÉΓòÉΓòÉΓòÉΓòÉΓòÉΓòÉΓòÉ
The following assertion was thrown during performLayout():
RenderBox was not laid out: RenderPadding#91361 relayoutBoundary=up13 NEEDS-PAINT
NEEDS-COMPOSITING-BITS-UPDATE
'package:flutter/src/rendering/box.dart':
Failed assertion: line 2251 pos 12: 'hasSize'

Either the assertion indicates an error in the framework itself, or we should provide substantially
more information in this error message to help you determine and fix the underlying cause.
In either case, please report this assertion by filing a bug on GitHub:
  https://github.com/flutter/flutter/issues/new?template=02_bug.yml

The relevant error-causing widget was:
  ConstrainedBox
  ConstrainedBox:file:///D:/Mystery/programming/projects/PYTHON_PROJECTS/focus/focus_gg/focus_flutter/lib/shared/widgets/page_container.dart:23:14

When the exception was thrown, this was the stack:
#2      RenderBox.size (package:flutter/src/rendering/box.dart:2251:12)
#3      RenderConstrainedBox.performLayout (package:flutter/src/rendering/proxy_box.dart:294:21)
#4      RenderObject.layout (package:flutter/src/rendering/object.dart:2775:7)
#5      RenderPositionedBox.performLayout (package:flutter/src/rendering/shifted_box.dart:465:14)
#6      RenderObject.layout (package:flutter/src/rendering/object.dart:2775:7)
#7      RenderPadding.performLayout (package:flutter/src/rendering/shifted_box.dart:243:12)
#8      RenderObject.layout (package:flutter/src/rendering/object.dart:2775:7)
#9      _RenderSingleChildViewport.performLayout (package:flutter/src/widgets/single_child_scroll_view.dart:502:14)
#10     RenderObject.layout (package:flutter/src/rendering/object.dart:2775:7)
#11     RenderProxyBoxMixin.performLayout (package:flutter/src/rendering/proxy_box.dart:115:18)
#12     RenderObject.layout (package:flutter/src/rendering/object.dart:2775:7)
#13     RenderProxyBoxMixin.performLayout (package:flutter/src/rendering/proxy_box.dart:115:18)
#14     RenderObject.layout (package:flutter/src/rendering/object.dart:2775:7)
#15     RenderProxyBoxMixin.performLayout (package:flutter/src/rendering/proxy_box.dart:115:18)
#16     RenderObject.layout (package:flutter/src/rendering/object.dart:2775:7)
#17     RenderProxyBoxMixin.performLayout (package:flutter/src/rendering/proxy_box.dart:115:18)
#18     RenderObject.layout (package:flutter/src/rendering/object.dart:2775:7)
#19     RenderProxyBoxMixin.performLayout (package:flutter/src/rendering/proxy_box.dart:115:18)
#20     RenderObject.layout (package:flutter/src/rendering/object.dart:2775:7)
#21     RenderProxyBoxMixin.performLayout (package:flutter/src/rendering/proxy_box.dart:115:18)
#22     RenderObject.layout (package:flutter/src/rendering/object.dart:2775:7)
#23     RenderProxyBoxMixin.performLayout (package:flutter/src/rendering/proxy_box.dart:115:18)
#24     RenderObject.layout (package:flutter/src/rendering/object.dart:2775:7)
#25     RenderProxyBoxMixin.performLayout (package:flutter/src/rendering/proxy_box.dart:115:18)
#26     _RenderCustomClip.performLayout (package:flutter/src/rendering/proxy_box.dart:1481:11)
#27     RenderObject.layout (package:flutter/src/rendering/object.dart:2775:7)
#28     MultiChildLayoutDelegate.layoutChild (package:flutter/src/rendering/custom_layout.dart:180:12)
#29     _ScaffoldLayout.performLayout (package:flutter/src/material/scaffold.dart:1112:7)
#30     MultiChildLayoutDelegate._callPerformLayout (package:flutter/src/rendering/custom_layout.dart:249:7)
#31     RenderCustomMultiChildLayoutBox.performLayout (package:flutter/src/rendering/custom_layout.dart:420:14)
#32     RenderObject._layoutWithoutResize (package:flutter/src/rendering/object.dart:2623:7)
#33     PipelineOwner.flushLayout (package:flutter/src/rendering/object.dart:1170:18)
#34     PipelineOwner.flushLayout (package:flutter/src/rendering/object.dart:1183:15)
#35     AutomatedTestWidgetsFlutterBinding.drawFrame (package:flutter_test/src/binding.dart:1508:27)
#36     RendererBinding._handlePersistentFrameCallback (package:flutter/src/rendering/binding.dart:495:5)
#37     SchedulerBinding._invokeFrameCallback (package:flutter/src/scheduler/binding.dart:1434:15)
#38     SchedulerBinding.handleDrawFrame (package:flutter/src/scheduler/binding.dart:1347:9)
#39     AutomatedTestWidgetsFlutterBinding.pump.<anonymous closure> (package:flutter_test/src/binding.dart:1335:9)
#42     TestAsyncUtils.guard (package:flutter_test/src/test_async_utils.dart:74:41)
#43     AutomatedTestWidgetsFlutterBinding.pump (package:flutter_test/src/binding.dart:1324:27)
#44     WidgetTester.pumpAndSettle.<anonymous closure> (package:flutter_test/src/widget_tester.dart:719:23)
<asynchronous suspension>
#45     TestAsyncUtils.guard.<anonymous closure> (package:flutter_test/src/test_async_utils.dart:130:27)
<asynchronous suspension>
#46     main.<anonymous closure> (file:///D:/Mystery/programming/projects/PYTHON_PROJECTS/focus/focus_gg/focus_flutter/test/widget_test.dart:20:5)
<asynchronous suspension>
#47     testWidgets.<anonymous closure>.<anonymous closure> (package:flutter_test/src/widget_tester.dart:192:15)
<asynchronous suspension>
#48     TestWidgetsFlutterBinding._runTestBody (package:flutter_test/src/binding.dart:1059:5)
<asynchronous suspension>
<asynchronous suspension>
(elided 5 frames from class _AssertionError, dart:async, and package:stack_trace)

The following RenderObject was being processed when the exception was fired: RenderConstrainedBox#89b07 relayoutBoundary=up12 NEEDS-LAYOUT NEEDS-PAINT NEEDS-COMPOSITING-BITS-UPDATE:
  needs compositing
  creator: ConstrainedBox ΓåÉ Align ΓåÉ PageContainer ΓåÉ Padding ΓåÉ _SingleChildViewport ΓåÉ
    IgnorePointer-[GlobalKey#2ac55] ΓåÉ Semantics ΓåÉ Listener ΓåÉ _GestureSemantics ΓåÉ
    RawGestureDetector-[LabeledGlobalKey<RawGestureDetectorState>#b16d0] ΓåÉ Listener ΓåÉ _ScrollableScope
    ΓåÉ Γï»
  parentData: offset=Offset(0.0, 0.0) (can use size)
  constraints: BoxConstraints(0.0<=w<=800.0, 0.0<=h<=Infinity)
  size: MISSING
  additionalConstraints: BoxConstraints(0.0<=w<=1120.0, 0.0<=h<=Infinity)
This RenderObject had the following descendants (showing up to depth 5):
    child: RenderPadding#91361 relayoutBoundary=up13 NEEDS-PAINT NEEDS-COMPOSITING-BITS-UPDATE
      child: RenderFlex#141d3 relayoutBoundary=up14 NEEDS-PAINT NEEDS-COMPOSITING-BITS-UPDATE
        child 1: RenderFractionalTranslation#3e3c5 relayoutBoundary=up15 NEEDS-PAINT
          child: RenderAnimatedOpacity#376cd relayoutBoundary=up16 NEEDS-PAINT
            child: RenderStack#942f2 relayoutBoundary=up17 NEEDS-PAINT
        child 2: RenderConstrainedBox#86da0 NEEDS-LAYOUT NEEDS-PAINT
        child 3: RenderAnimatedOpacity#c08d6 NEEDS-LAYOUT NEEDS-PAINT NEEDS-COMPOSITING-BITS-UPDATE
          child: RenderSemanticsGestureHandler#ce73c NEEDS-LAYOUT NEEDS-PAINT
            child: RenderPointerListener#91e90 NEEDS-LAYOUT NEEDS-PAINT
        child 4: RenderConstrainedBox#a5c3d NEEDS-LAYOUT NEEDS-PAINT
        child 5: RenderFractionalTranslation#28703 NEEDS-LAYOUT NEEDS-PAINT NEEDS-COMPOSITING-BITS-UPDATE
          child: RenderAnimatedOpacity#051b4 NEEDS-LAYOUT NEEDS-PAINT NEEDS-COMPOSITING-BITS-UPDATE
            child: RenderSemanticsGestureHandler#4fefe NEEDS-LAYOUT NEEDS-PAINT
        child 6: RenderConstrainedBox#0380c NEEDS-LAYOUT NEEDS-PAINT
        child 7: RenderAnimatedOpacity#0f73f NEEDS-LAYOUT NEEDS-PAINT
          child: RenderFlex#70c3c NEEDS-LAYOUT NEEDS-PAINT
            child 1: RenderParagraph#70a78 NEEDS-LAYOUT NEEDS-PAINT
            child 2: RenderSemanticsAnnotations#ad4cd NEEDS-LAYOUT NEEDS-PAINT
        child 8: RenderConstrainedBox#d560d NEEDS-LAYOUT NEEDS-PAINT
        child 9: RenderAnimatedOpacity#0f4f6 NEEDS-LAYOUT NEEDS-PAINT
          child: RenderSemanticsGestureHandler#0bd1a NEEDS-LAYOUT NEEDS-PAINT
            child: RenderPointerListener#30531 NEEDS-LAYOUT NEEDS-PAINT
        child 10: RenderConstrainedBox#fe898 NEEDS-LAYOUT NEEDS-PAINT
        child 11: RenderAnimatedOpacity#bfbeb NEEDS-LAYOUT NEEDS-PAINT
          child: RenderFlex#9184b NEEDS-LAYOUT NEEDS-PAINT
            child 1: RenderParagraph#d268a NEEDS-LAYOUT NEEDS-PAINT
            child 2: RenderSemanticsAnnotations#6f17d NEEDS-LAYOUT NEEDS-PAINT
    ...(descendants list truncated after 25 lines)
ΓòÉΓòÉΓòÉΓòÉΓòÉΓòÉΓòÉΓòÉΓòÉΓòÉΓòÉΓòÉΓòÉΓòÉΓòÉΓòÉΓòÉΓòÉΓòÉΓòÉΓòÉΓòÉΓòÉΓòÉΓòÉΓòÉΓòÉΓòÉΓòÉΓòÉΓòÉΓòÉΓòÉΓòÉΓòÉΓòÉΓòÉΓòÉΓòÉΓòÉΓòÉΓòÉΓòÉΓòÉΓòÉΓòÉΓòÉΓòÉΓòÉΓòÉΓòÉΓòÉΓòÉΓòÉΓòÉΓòÉΓòÉΓòÉΓòÉΓòÉΓòÉΓòÉΓòÉΓòÉΓòÉΓòÉΓòÉΓòÉΓòÉΓòÉΓòÉΓòÉΓòÉΓòÉΓòÉΓòÉΓòÉΓòÉΓòÉΓòÉΓòÉΓòÉΓòÉΓòÉΓòÉΓòÉΓòÉΓòÉΓòÉΓòÉΓòÉΓòÉΓòÉΓòÉΓòÉΓòÉΓòÉΓòÉΓòÉΓòÉ
ΓòÉΓòÉΓòí EXCEPTION CAUGHT BY RENDERING LIBRARY Γò₧ΓòÉΓòÉΓòÉΓòÉΓòÉΓòÉΓòÉΓòÉΓòÉΓòÉΓòÉΓòÉΓòÉΓòÉΓòÉΓòÉΓòÉΓòÉΓòÉΓòÉΓòÉΓòÉΓòÉΓòÉΓòÉΓòÉΓòÉΓòÉΓòÉΓòÉΓòÉΓòÉΓòÉΓòÉΓòÉΓòÉΓòÉΓòÉΓòÉΓòÉΓòÉΓòÉΓòÉΓòÉΓòÉΓòÉΓòÉΓòÉΓòÉΓòÉΓòÉΓòÉΓòÉΓòÉΓòÉΓòÉΓòÉ
The following assertion was thrown during performLayout():
RenderBox was not laid out: RenderConstrainedBox#89b07 relayoutBoundary=up12 NEEDS-PAINT
NEEDS-COMPOSITING-BITS-UPDATE
'package:flutter/src/rendering/box.dart':
Failed assertion: line 2251 pos 12: 'hasSize'

Either the assertion indicates an error in the framework itself, or we should provide substantially
more information in this error message to help you determine and fix the underlying cause.
In either case, please report this assertion by filing a bug on GitHub:
  https://github.com/flutter/flutter/issues/new?template=02_bug.yml

The relevant error-causing widget was:
  Align
  Align:file:///D:/Mystery/programming/projects/PYTHON_PROJECTS/focus/focus_gg/focus_flutter/lib/shared/widgets/page_container.dart:21:12

When the exception was thrown, this was the stack:
#2      RenderBox.size (package:flutter/src/rendering/box.dart:2251:12)
#3      RenderPositionedBox.performLayout (package:flutter/src/rendering/shifted_box.dart:469:37)
#4      RenderObject.layout (package:flutter/src/rendering/object.dart:2775:7)
#5      RenderPadding.performLayout (package:flutter/src/rendering/shifted_box.dart:243:12)
#6      RenderObject.layout (package:flutter/src/rendering/object.dart:2775:7)
#7      _RenderSingleChildViewport.performLayout (package:flutter/src/widgets/single_child_scroll_view.dart:502:14)
#8      RenderObject.layout (package:flutter/src/rendering/object.dart:2775:7)
#9      RenderProxyBoxMixin.performLayout (package:flutter/src/rendering/proxy_box.dart:115:18)
#10     RenderObject.layout (package:flutter/src/rendering/object.dart:2775:7)
#11     RenderProxyBoxMixin.performLayout (package:flutter/src/rendering/proxy_box.dart:115:18)
#12     RenderObject.layout (package:flutter/src/rendering/object.dart:2775:7)
#13     RenderProxyBoxMixin.performLayout (package:flutter/src/rendering/proxy_box.dart:115:18)
#14     RenderObject.layout (package:flutter/src/rendering/object.dart:2775:7)
#15     RenderProxyBoxMixin.performLayout (package:flutter/src/rendering/proxy_box.dart:115:18)
#16     RenderObject.layout (package:flutter/src/rendering/object.dart:2775:7)
#17     RenderProxyBoxMixin.performLayout (package:flutter/src/rendering/proxy_box.dart:115:18)
#18     RenderObject.layout (package:flutter/src/rendering/object.dart:2775:7)
#19     RenderProxyBoxMixin.performLayout (package:flutter/src/rendering/proxy_box.dart:115:18)
#20     RenderObject.layout (package:flutter/src/rendering/object.dart:2775:7)
#21     RenderProxyBoxMixin.performLayout (package:flutter/src/rendering/proxy_box.dart:115:18)
#22     RenderObject.layout (package:flutter/src/rendering/object.dart:2775:7)
#23     RenderProxyBoxMixin.performLayout (package:flutter/src/rendering/proxy_box.dart:115:18)
#24     _RenderCustomClip.performLayout (package:flutter/src/rendering/proxy_box.dart:1481:11)
#25     RenderObject.layout (package:flutter/src/rendering/object.dart:2775:7)
#26     MultiChildLayoutDelegate.layoutChild (package:flutter/src/rendering/custom_layout.dart:180:12)
#27     _ScaffoldLayout.performLayout (package:flutter/src/material/scaffold.dart:1112:7)
#28     MultiChildLayoutDelegate._callPerformLayout (package:flutter/src/rendering/custom_layout.dart:249:7)
#29     RenderCustomMultiChildLayoutBox.performLayout (package:flutter/src/rendering/custom_layout.dart:420:14)
#30     RenderObject._layoutWithoutResize (package:flutter/src/rendering/object.dart:2623:7)
#31     PipelineOwner.flushLayout (package:flutter/src/rendering/object.dart:1170:18)
#32     PipelineOwner.flushLayout (package:flutter/src/rendering/object.dart:1183:15)
#33     AutomatedTestWidgetsFlutterBinding.drawFrame (package:flutter_test/src/binding.dart:1508:27)
#34     RendererBinding._handlePersistentFrameCallback (package:flutter/src/rendering/binding.dart:495:5)
#35     SchedulerBinding._invokeFrameCallback (package:flutter/src/scheduler/binding.dart:1434:15)
#36     SchedulerBinding.handleDrawFrame (package:flutter/src/scheduler/binding.dart:1347:9)
#37     AutomatedTestWidgetsFlutterBinding.pump.<anonymous closure> (package:flutter_test/src/binding.dart:1335:9)
#40     TestAsyncUtils.guard (package:flutter_test/src/test_async_utils.dart:74:41)
#41     AutomatedTestWidgetsFlutterBinding.pump (package:flutter_test/src/binding.dart:1324:27)
#42     WidgetTester.pumpAndSettle.<anonymous closure> (package:flutter_test/src/widget_tester.dart:719:23)
<asynchronous suspension>
#43     TestAsyncUtils.guard.<anonymous closure> (package:flutter_test/src/test_async_utils.dart:130:27)
<asynchronous suspension>
#44     main.<anonymous closure> (file:///D:/Mystery/programming/projects/PYTHON_PROJECTS/focus/focus_gg/focus_flutter/test/widget_test.dart:20:5)
<asynchronous suspension>
#45     testWidgets.<anonymous closure>.<anonymous closure> (package:flutter_test/src/widget_tester.dart:192:15)
<asynchronous suspension>
#46     TestWidgetsFlutterBinding._runTestBody (package:flutter_test/src/binding.dart:1059:5)
<asynchronous suspension>
<asynchronous suspension>
(elided 5 frames from class _AssertionError, dart:async, and package:stack_trace)

The following RenderObject was being processed when the exception was fired: RenderPositionedBox#201c0 relayoutBoundary=up11 NEEDS-LAYOUT NEEDS-PAINT NEEDS-COMPOSITING-BITS-UPDATE:
  needs compositing
  creator: Align ΓåÉ PageContainer ΓåÉ Padding ΓåÉ _SingleChildViewport ΓåÉ IgnorePointer-[GlobalKey#2ac55] ΓåÉ
    Semantics ΓåÉ Listener ΓåÉ _GestureSemantics ΓåÉ
    RawGestureDetector-[LabeledGlobalKey<RawGestureDetectorState>#b16d0] ΓåÉ Listener ΓåÉ _ScrollableScope
    ΓåÉ _ScrollSemantics-[GlobalKey#1fa52] ΓåÉ Γï»
  parentData: offset=Offset(0.0, 0.0) (can use size)
  constraints: BoxConstraints(0.0<=w<=800.0, 0.0<=h<=Infinity)
  size: MISSING
  alignment: Alignment.topCenter
  textDirection: ltr
  widthFactor: expand
  heightFactor: expand
This RenderObject had the following descendants (showing up to depth 5):
    child: RenderConstrainedBox#89b07 relayoutBoundary=up12 NEEDS-PAINT NEEDS-COMPOSITING-BITS-UPDATE
      child: RenderPadding#91361 relayoutBoundary=up13 NEEDS-PAINT NEEDS-COMPOSITING-BITS-UPDATE
        child: RenderFlex#141d3 relayoutBoundary=up14 NEEDS-PAINT NEEDS-COMPOSITING-BITS-UPDATE
          child 1: RenderFractionalTranslation#3e3c5 relayoutBoundary=up15 NEEDS-PAINT
            child: RenderAnimatedOpacity#376cd relayoutBoundary=up16 NEEDS-PAINT
          child 2: RenderConstrainedBox#86da0 NEEDS-LAYOUT NEEDS-PAINT
          child 3: RenderAnimatedOpacity#c08d6 NEEDS-LAYOUT NEEDS-PAINT NEEDS-COMPOSITING-BITS-UPDATE
            child: RenderSemanticsGestureHandler#ce73c NEEDS-LAYOUT NEEDS-PAINT
          child 4: RenderConstrainedBox#a5c3d NEEDS-LAYOUT NEEDS-PAINT
          child 5: RenderFractionalTranslation#28703 NEEDS-LAYOUT NEEDS-PAINT NEEDS-COMPOSITING-BITS-UPDATE
            child: RenderAnimatedOpacity#051b4 NEEDS-LAYOUT NEEDS-PAINT NEEDS-COMPOSITING-BITS-UPDATE
          child 6: RenderConstrainedBox#0380c NEEDS-LAYOUT NEEDS-PAINT
          child 7: RenderAnimatedOpacity#0f73f NEEDS-LAYOUT NEEDS-PAINT
            child: RenderFlex#70c3c NEEDS-LAYOUT NEEDS-PAINT
          child 8: RenderConstrainedBox#d560d NEEDS-LAYOUT NEEDS-PAINT
          child 9: RenderAnimatedOpacity#0f4f6 NEEDS-LAYOUT NEEDS-PAINT
            child: RenderSemanticsGestureHandler#0bd1a NEEDS-LAYOUT NEEDS-PAINT
          child 10: RenderConstrainedBox#fe898 NEEDS-LAYOUT NEEDS-PAINT
          child 11: RenderAnimatedOpacity#bfbeb NEEDS-LAYOUT NEEDS-PAINT
            child: RenderFlex#9184b NEEDS-LAYOUT NEEDS-PAINT
          child 12: RenderConstrainedBox#708d6 NEEDS-LAYOUT NEEDS-PAINT
          child 13: RenderAnimatedOpacity#3dcdb NEEDS-LAYOUT NEEDS-PAINT
            child: RenderWrap#c830f NEEDS-LAYOUT NEEDS-PAINT
ΓòÉΓòÉΓòÉΓòÉΓòÉΓòÉΓòÉΓòÉΓòÉΓòÉΓòÉΓòÉΓòÉΓòÉΓòÉΓòÉΓòÉΓòÉΓòÉΓòÉΓòÉΓòÉΓòÉΓòÉΓòÉΓòÉΓòÉΓòÉΓòÉΓòÉΓòÉΓòÉΓòÉΓòÉΓòÉΓòÉΓòÉΓòÉΓòÉΓòÉΓòÉΓòÉΓòÉΓòÉΓòÉΓòÉΓòÉΓòÉΓòÉΓòÉΓòÉΓòÉΓòÉΓòÉΓòÉΓòÉΓòÉΓòÉΓòÉΓòÉΓòÉΓòÉΓòÉΓòÉΓòÉΓòÉΓòÉΓòÉΓòÉΓòÉΓòÉΓòÉΓòÉΓòÉΓòÉΓòÉΓòÉΓòÉΓòÉΓòÉΓòÉΓòÉΓòÉΓòÉΓòÉΓòÉΓòÉΓòÉΓòÉΓòÉΓòÉΓòÉΓòÉΓòÉΓòÉΓòÉΓòÉΓòÉΓòÉΓòÉ
ΓòÉΓòÉΓòí EXCEPTION CAUGHT BY RENDERING LIBRARY Γò₧ΓòÉΓòÉΓòÉΓòÉΓòÉΓòÉΓòÉΓòÉΓòÉΓòÉΓòÉΓòÉΓòÉΓòÉΓòÉΓòÉΓòÉΓòÉΓòÉΓòÉΓòÉΓòÉΓòÉΓòÉΓòÉΓòÉΓòÉΓòÉΓòÉΓòÉΓòÉΓòÉΓòÉΓòÉΓòÉΓòÉΓòÉΓòÉΓòÉΓòÉΓòÉΓòÉΓòÉΓòÉΓòÉΓòÉΓòÉΓòÉΓòÉΓòÉΓòÉΓòÉΓòÉΓòÉΓòÉΓòÉΓòÉ
The following assertion was thrown during performLayout():
RenderBox was not laid out: RenderPositionedBox#201c0 relayoutBoundary=up11 NEEDS-PAINT
NEEDS-COMPOSITING-BITS-UPDATE
'package:flutter/src/rendering/box.dart':
Failed assertion: line 2251 pos 12: 'hasSize'

Either the assertion indicates an error in the framework itself, or we should provide substantially
more information in this error message to help you determine and fix the underlying cause.
In either case, please report this assertion by filing a bug on GitHub:
  https://github.com/flutter/flutter/issues/new?template=02_bug.yml

The relevant error-causing widget was:
  SingleChildScrollView
  SingleChildScrollView:file:///D:/Mystery/programming/projects/PYTHON_PROJECTS/focus/focus_gg/focus_flutter/lib/features/dashboard/dashboard_screen.dart:132:13

When the exception was thrown, this was the stack:
#2      RenderBox.size (package:flutter/src/rendering/box.dart:2251:12)
#3      RenderPadding.performLayout (package:flutter/src/rendering/shifted_box.dart:247:40)
#4      RenderObject.layout (package:flutter/src/rendering/object.dart:2775:7)
#5      _RenderSingleChildViewport.performLayout (package:flutter/src/widgets/single_child_scroll_view.dart:502:14)
#6      RenderObject.layout (package:flutter/src/rendering/object.dart:2775:7)
#7      RenderProxyBoxMixin.performLayout (package:flutter/src/rendering/proxy_box.dart:115:18)
#8      RenderObject.layout (package:flutter/src/rendering/object.dart:2775:7)
#9      RenderProxyBoxMixin.performLayout (package:flutter/src/rendering/proxy_box.dart:115:18)
#10     RenderObject.layout (package:flutter/src/rendering/object.dart:2775:7)
#11     RenderProxyBoxMixin.performLayout (package:flutter/src/rendering/proxy_box.dart:115:18)
#12     RenderObject.layout (package:flutter/src/rendering/object.dart:2775:7)
#13     RenderProxyBoxMixin.performLayout (package:flutter/src/rendering/proxy_box.dart:115:18)
#14     RenderObject.layout (package:flutter/src/rendering/object.dart:2775:7)
#15     RenderProxyBoxMixin.performLayout (package:flutter/src/rendering/proxy_box.dart:115:18)
#16     RenderObject.layout (package:flutter/src/rendering/object.dart:2775:7)
#17     RenderProxyBoxMixin.performLayout (package:flutter/src/rendering/proxy_box.dart:115:18)
#18     RenderObject.layout (package:flutter/src/rendering/object.dart:2775:7)
#19     RenderProxyBoxMixin.performLayout (package:flutter/src/rendering/proxy_box.dart:115:18)
#20     RenderObject.layout (package:flutter/src/rendering/object.dart:2775:7)
#21     RenderProxyBoxMixin.performLayout (package:flutter/src/rendering/proxy_box.dart:115:18)
#22     _RenderCustomClip.performLayout (package:flutter/src/rendering/proxy_box.dart:1481:11)
#23     RenderObject.layout (package:flutter/src/rendering/object.dart:2775:7)
#24     MultiChildLayoutDelegate.layoutChild (package:flutter/src/rendering/custom_layout.dart:180:12)
#25     _ScaffoldLayout.performLayout (package:flutter/src/material/scaffold.dart:1112:7)
#26     MultiChildLayoutDelegate._callPerformLayout (package:flutter/src/rendering/custom_layout.dart:249:7)
#27     RenderCustomMultiChildLayoutBox.performLayout (package:flutter/src/rendering/custom_layout.dart:420:14)
#28     RenderObject._layoutWithoutResize (package:flutter/src/rendering/object.dart:2623:7)
#29     PipelineOwner.flushLayout (package:flutter/src/rendering/object.dart:1170:18)
#30     PipelineOwner.flushLayout (package:flutter/src/rendering/object.dart:1183:15)
#31     AutomatedTestWidgetsFlutterBinding.drawFrame (package:flutter_test/src/binding.dart:1508:27)
#32     RendererBinding._handlePersistentFrameCallback (package:flutter/src/rendering/binding.dart:495:5)
#33     SchedulerBinding._invokeFrameCallback (package:flutter/src/scheduler/binding.dart:1434:15)
#34     SchedulerBinding.handleDrawFrame (package:flutter/src/scheduler/binding.dart:1347:9)
#35     AutomatedTestWidgetsFlutterBinding.pump.<anonymous closure> (package:flutter_test/src/binding.dart:1335:9)
#38     TestAsyncUtils.guard (package:flutter_test/src/test_async_utils.dart:74:41)
#39     AutomatedTestWidgetsFlutterBinding.pump (package:flutter_test/src/binding.dart:1324:27)
#40     WidgetTester.pumpAndSettle.<anonymous closure> (package:flutter_test/src/widget_tester.dart:719:23)
<asynchronous suspension>
#41     TestAsyncUtils.guard.<anonymous closure> (package:flutter_test/src/test_async_utils.dart:130:27)
<asynchronous suspension>
#42     main.<anonymous closure> (file:///D:/Mystery/programming/projects/PYTHON_PROJECTS/focus/focus_gg/focus_flutter/test/widget_test.dart:20:5)
<asynchronous suspension>
#43     testWidgets.<anonymous closure>.<anonymous closure> (package:flutter_test/src/widget_tester.dart:192:15)
<asynchronous suspension>
#44     TestWidgetsFlutterBinding._runTestBody (package:flutter_test/src/binding.dart:1059:5)
<asynchronous suspension>
<asynchronous suspension>
(elided 5 frames from class _AssertionError, dart:async, and package:stack_trace)

The following RenderObject was being processed when the exception was fired: RenderPadding#05935 relayoutBoundary=up10 NEEDS-LAYOUT NEEDS-PAINT NEEDS-COMPOSITING-BITS-UPDATE:
  needs compositing
  creator: Padding ΓåÉ _SingleChildViewport ΓåÉ IgnorePointer-[GlobalKey#2ac55] ΓåÉ Semantics ΓåÉ Listener ΓåÉ
    _GestureSemantics ΓåÉ RawGestureDetector-[LabeledGlobalKey<RawGestureDetectorState>#b16d0] ΓåÉ
    Listener ΓåÉ _ScrollableScope ΓåÉ _ScrollSemantics-[GlobalKey#1fa52] ΓåÉ
    NotificationListener<ScrollMetricsNotification> ΓåÉ Transform ΓåÉ Γï»
  parentData: <none> (can use size)
  constraints: BoxConstraints(0.0<=w<=800.0, 0.0<=h<=Infinity)
  size: MISSING
  padding: EdgeInsets(0.0, 0.0, 0.0, 96.0)
  textDirection: ltr
This RenderObject had the following descendants (showing up to depth 5):
    child: RenderPositionedBox#201c0 relayoutBoundary=up11 NEEDS-PAINT NEEDS-COMPOSITING-BITS-UPDATE
      child: RenderConstrainedBox#89b07 relayoutBoundary=up12 NEEDS-PAINT NEEDS-COMPOSITING-BITS-UPDATE
        child: RenderPadding#91361 relayoutBoundary=up13 NEEDS-PAINT NEEDS-COMPOSITING-BITS-UPDATE
          child: RenderFlex#141d3 relayoutBoundary=up14 NEEDS-PAINT NEEDS-COMPOSITING-BITS-UPDATE
            child 1: RenderFractionalTranslation#3e3c5 relayoutBoundary=up15 NEEDS-PAINT
            child 2: RenderConstrainedBox#86da0 NEEDS-LAYOUT NEEDS-PAINT
            child 3: RenderAnimatedOpacity#c08d6 NEEDS-LAYOUT NEEDS-PAINT NEEDS-COMPOSITING-BITS-UPDATE
            child 4: RenderConstrainedBox#a5c3d NEEDS-LAYOUT NEEDS-PAINT
            child 5: RenderFractionalTranslation#28703 NEEDS-LAYOUT NEEDS-PAINT NEEDS-COMPOSITING-BITS-UPDATE
            child 6: RenderConstrainedBox#0380c NEEDS-LAYOUT NEEDS-PAINT
            child 7: RenderAnimatedOpacity#0f73f NEEDS-LAYOUT NEEDS-PAINT
            child 8: RenderConstrainedBox#d560d NEEDS-LAYOUT NEEDS-PAINT
            child 9: RenderAnimatedOpacity#0f4f6 NEEDS-LAYOUT NEEDS-PAINT
            child 10: RenderConstrainedBox#fe898 NEEDS-LAYOUT NEEDS-PAINT
            child 11: RenderAnimatedOpacity#bfbeb NEEDS-LAYOUT NEEDS-PAINT
            child 12: RenderConstrainedBox#708d6 NEEDS-LAYOUT NEEDS-PAINT
            child 13: RenderAnimatedOpacity#3dcdb NEEDS-LAYOUT NEEDS-PAINT
ΓòÉΓòÉΓòÉΓòÉΓòÉΓòÉΓòÉΓòÉΓòÉΓòÉΓòÉΓòÉΓòÉΓòÉΓòÉΓòÉΓòÉΓòÉΓòÉΓòÉΓòÉΓòÉΓòÉΓòÉΓòÉΓòÉΓòÉΓòÉΓòÉΓòÉΓòÉΓòÉΓòÉΓòÉΓòÉΓòÉΓòÉΓòÉΓòÉΓòÉΓòÉΓòÉΓòÉΓòÉΓòÉΓòÉΓòÉΓòÉΓòÉΓòÉΓòÉΓòÉΓòÉΓòÉΓòÉΓòÉΓòÉΓòÉΓòÉΓòÉΓòÉΓòÉΓòÉΓòÉΓòÉΓòÉΓòÉΓòÉΓòÉΓòÉΓòÉΓòÉΓòÉΓòÉΓòÉΓòÉΓòÉΓòÉΓòÉΓòÉΓòÉΓòÉΓòÉΓòÉΓòÉΓòÉΓòÉΓòÉΓòÉΓòÉΓòÉΓòÉΓòÉΓòÉΓòÉΓòÉΓòÉΓòÉΓòÉΓòÉ
ΓòÉΓòÉΓòí EXCEPTION CAUGHT BY RENDERING LIBRARY Γò₧ΓòÉΓòÉΓòÉΓòÉΓòÉΓòÉΓòÉΓòÉΓòÉΓòÉΓòÉΓòÉΓòÉΓòÉΓòÉΓòÉΓòÉΓòÉΓòÉΓòÉΓòÉΓòÉΓòÉΓòÉΓòÉΓòÉΓòÉΓòÉΓòÉΓòÉΓòÉΓòÉΓòÉΓòÉΓòÉΓòÉΓòÉΓòÉΓòÉΓòÉΓòÉΓòÉΓòÉΓòÉΓòÉΓòÉΓòÉΓòÉΓòÉΓòÉΓòÉΓòÉΓòÉΓòÉΓòÉΓòÉΓòÉ
The following assertion was thrown during performLayout():
RenderBox was not laid out: RenderPadding#05935 relayoutBoundary=up10 NEEDS-PAINT
NEEDS-COMPOSITING-BITS-UPDATE
'package:flutter/src/rendering/box.dart':
Failed assertion: line 2251 pos 12: 'hasSize'

Either the assertion indicates an error in the framework itself, or we should provide substantially
more information in this error message to help you determine and fix the underlying cause.
In either case, please report this assertion by filing a bug on GitHub:
  https://github.com/flutter/flutter/issues/new?template=02_bug.yml

The relevant error-causing widget was:
  SingleChildScrollView
  SingleChildScrollView:file:///D:/Mystery/programming/projects/PYTHON_PROJECTS/focus/focus_gg/focus_flutter/lib/features/dashboard/dashboard_screen.dart:132:13

When the exception was thrown, this was the stack:
#2      RenderBox.size (package:flutter/src/rendering/box.dart:2251:12)
#3      _RenderSingleChildViewport.performLayout (package:flutter/src/widgets/single_child_scroll_view.dart:503:43)
#4      RenderObject.layout (package:flutter/src/rendering/object.dart:2775:7)
#5      RenderProxyBoxMixin.performLayout (package:flutter/src/rendering/proxy_box.dart:115:18)
#6      RenderObject.layout (package:flutter/src/rendering/object.dart:2775:7)
#7      RenderProxyBoxMixin.performLayout (package:flutter/src/rendering/proxy_box.dart:115:18)
#8      RenderObject.layout (package:flutter/src/rendering/object.dart:2775:7)
#9      RenderProxyBoxMixin.performLayout (package:flutter/src/rendering/proxy_box.dart:115:18)
#10     RenderObject.layout (package:flutter/src/rendering/object.dart:2775:7)
#11     RenderProxyBoxMixin.performLayout (package:flutter/src/rendering/proxy_box.dart:115:18)
#12     RenderObject.layout (package:flutter/src/rendering/object.dart:2775:7)
#13     RenderProxyBoxMixin.performLayout (package:flutter/src/rendering/proxy_box.dart:115:18)
#14     RenderObject.layout (package:flutter/src/rendering/object.dart:2775:7)
#15     RenderProxyBoxMixin.performLayout (package:flutter/src/rendering/proxy_box.dart:115:18)
#16     RenderObject.layout (package:flutter/src/rendering/object.dart:2775:7)
#17     RenderProxyBoxMixin.performLayout (package:flutter/src/rendering/proxy_box.dart:115:18)
#18     RenderObject.layout (package:flutter/src/rendering/object.dart:2775:7)
#19     RenderProxyBoxMixin.performLayout (package:flutter/src/rendering/proxy_box.dart:115:18)
#20     _RenderCustomClip.performLayout (package:flutter/src/rendering/proxy_box.dart:1481:11)
#21     RenderObject.layout (package:flutter/src/rendering/object.dart:2775:7)
#22     MultiChildLayoutDelegate.layoutChild (package:flutter/src/rendering/custom_layout.dart:180:12)
#23     _ScaffoldLayout.performLayout (package:flutter/src/material/scaffold.dart:1112:7)
#24     MultiChildLayoutDelegate._callPerformLayout (package:flutter/src/rendering/custom_layout.dart:249:7)
#25     RenderCustomMultiChildLayoutBox.performLayout (package:flutter/src/rendering/custom_layout.dart:420:14)
#26     RenderObject._layoutWithoutResize (package:flutter/src/rendering/object.dart:2623:7)
#27     PipelineOwner.flushLayout (package:flutter/src/rendering/object.dart:1170:18)
#28     PipelineOwner.flushLayout (package:flutter/src/rendering/object.dart:1183:15)
#29     AutomatedTestWidgetsFlutterBinding.drawFrame (package:flutter_test/src/binding.dart:1508:27)
#30     RendererBinding._handlePersistentFrameCallback (package:flutter/src/rendering/binding.dart:495:5)
#31     SchedulerBinding._invokeFrameCallback (package:flutter/src/scheduler/binding.dart:1434:15)
#32     SchedulerBinding.handleDrawFrame (package:flutter/src/scheduler/binding.dart:1347:9)
#33     AutomatedTestWidgetsFlutterBinding.pump.<anonymous closure> (package:flutter_test/src/binding.dart:1335:9)
#36     TestAsyncUtils.guard (package:flutter_test/src/test_async_utils.dart:74:41)
#37     AutomatedTestWidgetsFlutterBinding.pump (package:flutter_test/src/binding.dart:1324:27)
#38     WidgetTester.pumpAndSettle.<anonymous closure> (package:flutter_test/src/widget_tester.dart:719:23)
<asynchronous suspension>
#39     TestAsyncUtils.guard.<anonymous closure> (package:flutter_test/src/test_async_utils.dart:130:27)
<asynchronous suspension>
#40     main.<anonymous closure> (file:///D:/Mystery/programming/projects/PYTHON_PROJECTS/focus/focus_gg/focus_flutter/test/widget_test.dart:20:5)
<asynchronous suspension>
#41     testWidgets.<anonymous closure>.<anonymous closure> (package:flutter_test/src/widget_tester.dart:192:15)
<asynchronous suspension>
#42     TestWidgetsFlutterBinding._runTestBody (package:flutter_test/src/binding.dart:1059:5)
<asynchronous suspension>
<asynchronous suspension>
(elided 5 frames from class _AssertionError, dart:async, and package:stack_trace)

The following RenderObject was being processed when the exception was fired: _RenderSingleChildViewport#06cd3 relayoutBoundary=up9 NEEDS-LAYOUT NEEDS-PAINT:
  needs compositing
  creator: _SingleChildViewport ΓåÉ IgnorePointer-[GlobalKey#2ac55] ΓåÉ Semantics ΓåÉ Listener ΓåÉ
    _GestureSemantics ΓåÉ RawGestureDetector-[LabeledGlobalKey<RawGestureDetectorState>#b16d0] ΓåÉ
    Listener ΓåÉ _ScrollableScope ΓåÉ _ScrollSemantics-[GlobalKey#1fa52] ΓåÉ
    NotificationListener<ScrollMetricsNotification> ΓåÉ Transform ΓåÉ StretchEffect ΓåÉ Γï»
  parentData: <none> (can use size)
  constraints: BoxConstraints(0.0<=w<=800.0, 0.0<=h<=534.0)
  size: MISSING
  offset: Offset(0.0, -0.0)
This RenderObject had the following descendants (showing up to depth 5):
    child: RenderPadding#05935 relayoutBoundary=up10 NEEDS-PAINT NEEDS-COMPOSITING-BITS-UPDATE
      child: RenderPositionedBox#201c0 relayoutBoundary=up11 NEEDS-PAINT NEEDS-COMPOSITING-BITS-UPDATE
        child: RenderConstrainedBox#89b07 relayoutBoundary=up12 NEEDS-PAINT NEEDS-COMPOSITING-BITS-UPDATE
          child: RenderPadding#91361 relayoutBoundary=up13 NEEDS-PAINT NEEDS-COMPOSITING-BITS-UPDATE
            child: RenderFlex#141d3 relayoutBoundary=up14 NEEDS-PAINT NEEDS-COMPOSITING-BITS-UPDATE
ΓòÉΓòÉΓòÉΓòÉΓòÉΓòÉΓòÉΓòÉΓòÉΓòÉΓòÉΓòÉΓòÉΓòÉΓòÉΓòÉΓòÉΓòÉΓòÉΓòÉΓòÉΓòÉΓòÉΓòÉΓòÉΓòÉΓòÉΓòÉΓòÉΓòÉΓòÉΓòÉΓòÉΓòÉΓòÉΓòÉΓòÉΓòÉΓòÉΓòÉΓòÉΓòÉΓòÉΓòÉΓòÉΓòÉΓòÉΓòÉΓòÉΓòÉΓòÉΓòÉΓòÉΓòÉΓòÉΓòÉΓòÉΓòÉΓòÉΓòÉΓòÉΓòÉΓòÉΓòÉΓòÉΓòÉΓòÉΓòÉΓòÉΓòÉΓòÉΓòÉΓòÉΓòÉΓòÉΓòÉΓòÉΓòÉΓòÉΓòÉΓòÉΓòÉΓòÉΓòÉΓòÉΓòÉΓòÉΓòÉΓòÉΓòÉΓòÉΓòÉΓòÉΓòÉΓòÉΓòÉΓòÉΓòÉΓòÉΓòÉ
ΓòÉΓòÉΓòí EXCEPTION CAUGHT BY RENDERING LIBRARY Γò₧ΓòÉΓòÉΓòÉΓòÉΓòÉΓòÉΓòÉΓòÉΓòÉΓòÉΓòÉΓòÉΓòÉΓòÉΓòÉΓòÉΓòÉΓòÉΓòÉΓòÉΓòÉΓòÉΓòÉΓòÉΓòÉΓòÉΓòÉΓòÉΓòÉΓòÉΓòÉΓòÉΓòÉΓòÉΓòÉΓòÉΓòÉΓòÉΓòÉΓòÉΓòÉΓòÉΓòÉΓòÉΓòÉΓòÉΓòÉΓòÉΓòÉΓòÉΓòÉΓòÉΓòÉΓòÉΓòÉΓòÉΓòÉ
The following assertion was thrown during performLayout():
RenderBox was not laid out: _RenderSingleChildViewport#06cd3 relayoutBoundary=up9 NEEDS-PAINT
'package:flutter/src/rendering/box.dart':
Failed assertion: line 2251 pos 12: 'hasSize'

Either the assertion indicates an error in the framework itself, or we should provide substantially
more information in this error message to help you determine and fix the underlying cause.
In either case, please report this assertion by filing a bug on GitHub:
  https://github.com/flutter/flutter/issues/new?template=02_bug.yml

The relevant error-causing widget was:
  SingleChildScrollView
  SingleChildScrollView:file:///D:/Mystery/programming/projects/PYTHON_PROJECTS/focus/focus_gg/focus_flutter/lib/features/dashboard/dashboard_screen.dart:132:13

When the exception was thrown, this was the stack:
#2      RenderBox.size (package:flutter/src/rendering/box.dart:2251:12)
#3      RenderProxyBoxMixin.performLayout (package:flutter/src/rendering/proxy_box.dart:115:62)
#4      RenderObject.layout (package:flutter/src/rendering/object.dart:2775:7)
#5      RenderProxyBoxMixin.performLayout (package:flutter/src/rendering/proxy_box.dart:115:18)
#6      RenderObject.layout (package:flutter/src/rendering/object.dart:2775:7)
#7      RenderProxyBoxMixin.performLayout (package:flutter/src/rendering/proxy_box.dart:115:18)
#8      RenderObject.layout (package:flutter/src/rendering/object.dart:2775:7)
#9      RenderProxyBoxMixin.performLayout (package:flutter/src/rendering/proxy_box.dart:115:18)
#10     RenderObject.layout (package:flutter/src/rendering/object.dart:2775:7)
#11     RenderProxyBoxMixin.performLayout (package:flutter/src/rendering/proxy_box.dart:115:18)
#12     RenderObject.layout (package:flutter/src/rendering/object.dart:2775:7)
#13     RenderProxyBoxMixin.performLayout (package:flutter/src/rendering/proxy_box.dart:115:18)
#14     RenderObject.layout (package:flutter/src/rendering/object.dart:2775:7)
#15     RenderProxyBoxMixin.performLayout (package:flutter/src/rendering/proxy_box.dart:115:18)
#16     RenderObject.layout (package:flutter/src/rendering/object.dart:2775:7)
#17     RenderProxyBoxMixin.performLayout (package:flutter/src/rendering/proxy_box.dart:115:18)
#18     _RenderCustomClip.performLayout (package:flutter/src/rendering/proxy_box.dart:1481:11)
#19     RenderObject.layout (package:flutter/src/rendering/object.dart:2775:7)
#20     MultiChildLayoutDelegate.layoutChild (package:flutter/src/rendering/custom_layout.dart:180:12)
#21     _ScaffoldLayout.performLayout (package:flutter/src/material/scaffold.dart:1112:7)
#22     MultiChildLayoutDelegate._callPerformLayout (package:flutter/src/rendering/custom_layout.dart:249:7)
#23     RenderCustomMultiChildLayoutBox.performLayout (package:flutter/src/rendering/custom_layout.dart:420:14)
#24     RenderObject._layoutWithoutResize (package:flutter/src/rendering/object.dart:2623:7)
#25     PipelineOwner.flushLayout (package:flutter/src/rendering/object.dart:1170:18)
#26     PipelineOwner.flushLayout (package:flutter/src/rendering/object.dart:1183:15)
#27     AutomatedTestWidgetsFlutterBinding.drawFrame (package:flutter_test/src/binding.dart:1508:27)
#28     RendererBinding._handlePersistentFrameCallback (package:flutter/src/rendering/binding.dart:495:5)
#29     SchedulerBinding._invokeFrameCallback (package:flutter/src/scheduler/binding.dart:1434:15)
#30     SchedulerBinding.handleDrawFrame (package:flutter/src/scheduler/binding.dart:1347:9)
#31     AutomatedTestWidgetsFlutterBinding.pump.<anonymous closure> (package:flutter_test/src/binding.dart:1335:9)
#34     TestAsyncUtils.guard (package:flutter_test/src/test_async_utils.dart:74:41)
#35     AutomatedTestWidgetsFlutterBinding.pump (package:flutter_test/src/binding.dart:1324:27)
#36     WidgetTester.pumpAndSettle.<anonymous closure> (package:flutter_test/src/widget_tester.dart:719:23)
<asynchronous suspension>
#37     TestAsyncUtils.guard.<anonymous closure> (package:flutter_test/src/test_async_utils.dart:130:27)
<asynchronous suspension>
#38     main.<anonymous closure> (file:///D:/Mystery/programming/projects/PYTHON_PROJECTS/focus/focus_gg/focus_flutter/test/widget_test.dart:20:5)
<asynchronous suspension>
#39     testWidgets.<anonymous closure>.<anonymous closure> (package:flutter_test/src/widget_tester.dart:192:15)
<asynchronous suspension>
#40     TestWidgetsFlutterBinding._runTestBody (package:flutter_test/src/binding.dart:1059:5)
<asynchronous suspension>
<asynchronous suspension>
(elided 5 frames from class _AssertionError, dart:async, and package:stack_trace)

The following RenderObject was being processed when the exception was fired: RenderIgnorePointer#2211b relayoutBoundary=up8 NEEDS-LAYOUT NEEDS-PAINT:
  needs compositing
  creator: IgnorePointer-[GlobalKey#2ac55] ΓåÉ Semantics ΓåÉ Listener ΓåÉ _GestureSemantics ΓåÉ
    RawGestureDetector-[LabeledGlobalKey<RawGestureDetectorState>#b16d0] ΓåÉ Listener ΓåÉ _ScrollableScope
    ΓåÉ _ScrollSemantics-[GlobalKey#1fa52] ΓåÉ NotificationListener<ScrollMetricsNotification> ΓåÉ Transform
    ΓåÉ StretchEffect ΓåÉ ClipRect ΓåÉ Γï»
  parentData: <none> (can use size)
  constraints: BoxConstraints(0.0<=w<=800.0, 0.0<=h<=534.0)
  size: MISSING
  ignoring: false
  ignoringSemantics: null
This RenderObject had the following descendants (showing up to depth 5):
    child: _RenderSingleChildViewport#06cd3 relayoutBoundary=up9 NEEDS-PAINT
      child: RenderPadding#05935 relayoutBoundary=up10 NEEDS-PAINT NEEDS-COMPOSITING-BITS-UPDATE
        child: RenderPositionedBox#201c0 relayoutBoundary=up11 NEEDS-PAINT NEEDS-COMPOSITING-BITS-UPDATE
          child: RenderConstrainedBox#89b07 relayoutBoundary=up12 NEEDS-PAINT NEEDS-COMPOSITING-BITS-UPDATE
            child: RenderPadding#91361 relayoutBoundary=up13 NEEDS-PAINT NEEDS-COMPOSITING-BITS-UPDATE
ΓòÉΓòÉΓòÉΓòÉΓòÉΓòÉΓòÉΓòÉΓòÉΓòÉΓòÉΓòÉΓòÉΓòÉΓòÉΓòÉΓòÉΓòÉΓòÉΓòÉΓòÉΓòÉΓòÉΓòÉΓòÉΓòÉΓòÉΓòÉΓòÉΓòÉΓòÉΓòÉΓòÉΓòÉΓòÉΓòÉΓòÉΓòÉΓòÉΓòÉΓòÉΓòÉΓòÉΓòÉΓòÉΓòÉΓòÉΓòÉΓòÉΓòÉΓòÉΓòÉΓòÉΓòÉΓòÉΓòÉΓòÉΓòÉΓòÉΓòÉΓòÉΓòÉΓòÉΓòÉΓòÉΓòÉΓòÉΓòÉΓòÉΓòÉΓòÉΓòÉΓòÉΓòÉΓòÉΓòÉΓòÉΓòÉΓòÉΓòÉΓòÉΓòÉΓòÉΓòÉΓòÉΓòÉΓòÉΓòÉΓòÉΓòÉΓòÉΓòÉΓòÉΓòÉΓòÉΓòÉΓòÉΓòÉΓòÉΓòÉ
ΓòÉΓòÉΓòí EXCEPTION CAUGHT BY RENDERING LIBRARY Γò₧ΓòÉΓòÉΓòÉΓòÉΓòÉΓòÉΓòÉΓòÉΓòÉΓòÉΓòÉΓòÉΓòÉΓòÉΓòÉΓòÉΓòÉΓòÉΓòÉΓòÉΓòÉΓòÉΓòÉΓòÉΓòÉΓòÉΓòÉΓòÉΓòÉΓòÉΓòÉΓòÉΓòÉΓòÉΓòÉΓòÉΓòÉΓòÉΓòÉΓòÉΓòÉΓòÉΓòÉΓòÉΓòÉΓòÉΓòÉΓòÉΓòÉΓòÉΓòÉΓòÉΓòÉΓòÉΓòÉΓòÉΓòÉ
The following assertion was thrown during performLayout():
RenderBox was not laid out: RenderIgnorePointer#2211b relayoutBoundary=up8 NEEDS-PAINT
'package:flutter/src/rendering/box.dart':
Failed assertion: line 2251 pos 12: 'hasSize'

Either the assertion indicates an error in the framework itself, or we should provide substantially
more information in this error message to help you determine and fix the underlying cause.
In either case, please report this assertion by filing a bug on GitHub:
  https://github.com/flutter/flutter/issues/new?template=02_bug.yml

The relevant error-causing widget was:
  SingleChildScrollView
  SingleChildScrollView:file:///D:/Mystery/programming/projects/PYTHON_PROJECTS/focus/focus_gg/focus_flutter/lib/features/dashboard/dashboard_screen.dart:132:13

When the exception was thrown, this was the stack:
#2      RenderBox.size (package:flutter/src/rendering/box.dart:2251:12)
#3      RenderProxyBoxMixin.performLayout (package:flutter/src/rendering/proxy_box.dart:115:62)
#4      RenderObject.layout (package:flutter/src/rendering/object.dart:2775:7)
#5      RenderProxyBoxMixin.performLayout (package:flutter/src/rendering/proxy_box.dart:115:18)
#6      RenderObject.layout (package:flutter/src/rendering/object.dart:2775:7)
#7      RenderProxyBoxMixin.performLayout (package:flutter/src/rendering/proxy_box.dart:115:18)
#8      RenderObject.layout (package:flutter/src/rendering/object.dart:2775:7)
#9      RenderProxyBoxMixin.performLayout (package:flutter/src/rendering/proxy_box.dart:115:18)
#10     RenderObject.layout (package:flutter/src/rendering/object.dart:2775:7)
#11     RenderProxyBoxMixin.performLayout (package:flutter/src/rendering/proxy_box.dart:115:18)
#12     RenderObject.layout (package:flutter/src/rendering/object.dart:2775:7)
#13     RenderProxyBoxMixin.performLayout (package:flutter/src/rendering/proxy_box.dart:115:18)
#14     RenderObject.layout (package:flutter/src/rendering/object.dart:2775:7)
#15     RenderProxyBoxMixin.performLayout (package:flutter/src/rendering/proxy_box.dart:115:18)
#16     _RenderCustomClip.performLayout (package:flutter/src/rendering/proxy_box.dart:1481:11)
#17     RenderObject.layout (package:flutter/src/rendering/object.dart:2775:7)
#18     MultiChildLayoutDelegate.layoutChild (package:flutter/src/rendering/custom_layout.dart:180:12)
#19     _ScaffoldLayout.performLayout (package:flutter/src/material/scaffold.dart:1112:7)
#20     MultiChildLayoutDelegate._callPerformLayout (package:flutter/src/rendering/custom_layout.dart:249:7)
#21     RenderCustomMultiChildLayoutBox.performLayout (package:flutter/src/rendering/custom_layout.dart:420:14)
#22     RenderObject._layoutWithoutResize (package:flutter/src/rendering/object.dart:2623:7)
#23     PipelineOwner.flushLayout (package:flutter/src/rendering/object.dart:1170:18)
#24     PipelineOwner.flushLayout (package:flutter/src/rendering/object.dart:1183:15)
#25     AutomatedTestWidgetsFlutterBinding.drawFrame (package:flutter_test/src/binding.dart:1508:27)
#26     RendererBinding._handlePersistentFrameCallback (package:flutter/src/rendering/binding.dart:495:5)
#27     SchedulerBinding._invokeFrameCallback (package:flutter/src/scheduler/binding.dart:1434:15)
#28     SchedulerBinding.handleDrawFrame (package:flutter/src/scheduler/binding.dart:1347:9)
#29     AutomatedTestWidgetsFlutterBinding.pump.<anonymous closure> (package:flutter_test/src/binding.dart:1335:9)
#32     TestAsyncUtils.guard (package:flutter_test/src/test_async_utils.dart:74:41)
#33     AutomatedTestWidgetsFlutterBinding.pump (package:flutter_test/src/binding.dart:1324:27)
#34     WidgetTester.pumpAndSettle.<anonymous closure> (package:flutter_test/src/widget_tester.dart:719:23)
<asynchronous suspension>
#35     TestAsyncUtils.guard.<anonymous closure> (package:flutter_test/src/test_async_utils.dart:130:27)
<asynchronous suspension>
#36     main.<anonymous closure> (file:///D:/Mystery/programming/projects/PYTHON_PROJECTS/focus/focus_gg/focus_flutter/test/widget_test.dart:20:5)
<asynchronous suspension>
#37     testWidgets.<anonymous closure>.<anonymous closure> (package:flutter_test/src/widget_tester.dart:192:15)
<asynchronous suspension>
#38     TestWidgetsFlutterBinding._runTestBody (package:flutter_test/src/binding.dart:1059:5)
<asynchronous suspension>
<asynchronous suspension>
(elided 5 frames from class _AssertionError, dart:async, and package:stack_trace)

The following RenderObject was being processed when the exception was fired: RenderSemanticsAnnotations#4d9bb relayoutBoundary=up7 NEEDS-LAYOUT NEEDS-PAINT:
  needs compositing
  creator: Semantics ΓåÉ Listener ΓåÉ _GestureSemantics ΓåÉ
    RawGestureDetector-[LabeledGlobalKey<RawGestureDetectorState>#b16d0] ΓåÉ Listener ΓåÉ _ScrollableScope
    ΓåÉ _ScrollSemantics-[GlobalKey#1fa52] ΓåÉ NotificationListener<ScrollMetricsNotification> ΓåÉ Transform
    ΓåÉ StretchEffect ΓåÉ ClipRect ΓåÉ AnimatedBuilder ΓåÉ Γï»
  parentData: <none> (can use size)
  constraints: BoxConstraints(0.0<=w<=800.0, 0.0<=h<=534.0)
  size: MISSING
This RenderObject had the following descendants (showing up to depth 5):
    child: RenderIgnorePointer#2211b relayoutBoundary=up8 NEEDS-PAINT
      child: _RenderSingleChildViewport#06cd3 relayoutBoundary=up9 NEEDS-PAINT
        child: RenderPadding#05935 relayoutBoundary=up10 NEEDS-PAINT NEEDS-COMPOSITING-BITS-UPDATE
          child: RenderPositionedBox#201c0 relayoutBoundary=up11 NEEDS-PAINT NEEDS-COMPOSITING-BITS-UPDATE
            child: RenderConstrainedBox#89b07 relayoutBoundary=up12 NEEDS-PAINT NEEDS-COMPOSITING-BITS-UPDATE
ΓòÉΓòÉΓòÉΓòÉΓòÉΓòÉΓòÉΓòÉΓòÉΓòÉΓòÉΓòÉΓòÉΓòÉΓòÉΓòÉΓòÉΓòÉΓòÉΓòÉΓòÉΓòÉΓòÉΓòÉΓòÉΓòÉΓòÉΓòÉΓòÉΓòÉΓòÉΓòÉΓòÉΓòÉΓòÉΓòÉΓòÉΓòÉΓòÉΓòÉΓòÉΓòÉΓòÉΓòÉΓòÉΓòÉΓòÉΓòÉΓòÉΓòÉΓòÉΓòÉΓòÉΓòÉΓòÉΓòÉΓòÉΓòÉΓòÉΓòÉΓòÉΓòÉΓòÉΓòÉΓòÉΓòÉΓòÉΓòÉΓòÉΓòÉΓòÉΓòÉΓòÉΓòÉΓòÉΓòÉΓòÉΓòÉΓòÉΓòÉΓòÉΓòÉΓòÉΓòÉΓòÉΓòÉΓòÉΓòÉΓòÉΓòÉΓòÉΓòÉΓòÉΓòÉΓòÉΓòÉΓòÉΓòÉΓòÉΓòÉ
ΓòÉΓòÉΓòí EXCEPTION CAUGHT BY RENDERING LIBRARY Γò₧ΓòÉΓòÉΓòÉΓòÉΓòÉΓòÉΓòÉΓòÉΓòÉΓòÉΓòÉΓòÉΓòÉΓòÉΓòÉΓòÉΓòÉΓòÉΓòÉΓòÉΓòÉΓòÉΓòÉΓòÉΓòÉΓòÉΓòÉΓòÉΓòÉΓòÉΓòÉΓòÉΓòÉΓòÉΓòÉΓòÉΓòÉΓòÉΓòÉΓòÉΓòÉΓòÉΓòÉΓòÉΓòÉΓòÉΓòÉΓòÉΓòÉΓòÉΓòÉΓòÉΓòÉΓòÉΓòÉΓòÉΓòÉ
The following assertion was thrown during performLayout():
RenderBox was not laid out: RenderSemanticsAnnotations#4d9bb relayoutBoundary=up7 NEEDS-PAINT
'package:flutter/src/rendering/box.dart':
Failed assertion: line 2251 pos 12: 'hasSize'

Either the assertion indicates an error in the framework itself, or we should provide substantially
more information in this error message to help you determine and fix the underlying cause.
In either case, please report this assertion by filing a bug on GitHub:
  https://github.com/flutter/flutter/issues/new?template=02_bug.yml

The relevant error-causing widget was:
  SingleChildScrollView
  SingleChildScrollView:file:///D:/Mystery/programming/projects/PYTHON_PROJECTS/focus/focus_gg/focus_flutter/lib/features/dashboard/dashboard_screen.dart:132:13

When the exception was thrown, this was the stack:
#2      RenderBox.size (package:flutter/src/rendering/box.dart:2251:12)
#3      RenderProxyBoxMixin.performLayout (package:flutter/src/rendering/proxy_box.dart:115:62)
#4      RenderObject.layout (package:flutter/src/rendering/object.dart:2775:7)
#5      RenderProxyBoxMixin.performLayout (package:flutter/src/rendering/proxy_box.dart:115:18)
#6      RenderObject.layout (package:flutter/src/rendering/object.dart:2775:7)
#7      RenderProxyBoxMixin.performLayout (package:flutter/src/rendering/proxy_box.dart:115:18)
#8      RenderObject.layout (package:flutter/src/rendering/object.dart:2775:7)
#9      RenderProxyBoxMixin.performLayout (package:flutter/src/rendering/proxy_box.dart:115:18)
#10     RenderObject.layout (package:flutter/src/rendering/object.dart:2775:7)
#11     RenderProxyBoxMixin.performLayout (package:flutter/src/rendering/proxy_box.dart:115:18)
#12     RenderObject.layout (package:flutter/src/rendering/object.dart:2775:7)
#13     RenderProxyBoxMixin.performLayout (package:flutter/src/rendering/proxy_box.dart:115:18)
#14     _RenderCustomClip.performLayout (package:flutter/src/rendering/proxy_box.dart:1481:11)
#15     RenderObject.layout (package:flutter/src/rendering/object.dart:2775:7)
#16     MultiChildLayoutDelegate.layoutChild (package:flutter/src/rendering/custom_layout.dart:180:12)
#17     _ScaffoldLayout.performLayout (package:flutter/src/material/scaffold.dart:1112:7)
#18     MultiChildLayoutDelegate._callPerformLayout (package:flutter/src/rendering/custom_layout.dart:249:7)
#19     RenderCustomMultiChildLayoutBox.performLayout (package:flutter/src/rendering/custom_layout.dart:420:14)
#20     RenderObject._layoutWithoutResize (package:flutter/src/rendering/object.dart:2623:7)
#21     PipelineOwner.flushLayout (package:flutter/src/rendering/object.dart:1170:18)
#22     PipelineOwner.flushLayout (package:flutter/src/rendering/object.dart:1183:15)
#23     AutomatedTestWidgetsFlutterBinding.drawFrame (package:flutter_test/src/binding.dart:1508:27)
#24     RendererBinding._handlePersistentFrameCallback (package:flutter/src/rendering/binding.dart:495:5)
#25     SchedulerBinding._invokeFrameCallback (package:flutter/src/scheduler/binding.dart:1434:15)
#26     SchedulerBinding.handleDrawFrame (package:flutter/src/scheduler/binding.dart:1347:9)
#27     AutomatedTestWidgetsFlutterBinding.pump.<anonymous closure> (package:flutter_test/src/binding.dart:1335:9)
#30     TestAsyncUtils.guard (package:flutter_test/src/test_async_utils.dart:74:41)
#31     AutomatedTestWidgetsFlutterBinding.pump (package:flutter_test/src/binding.dart:1324:27)
#32     WidgetTester.pumpAndSettle.<anonymous closure> (package:flutter_test/src/widget_tester.dart:719:23)
<asynchronous suspension>
#33     TestAsyncUtils.guard.<anonymous closure> (package:flutter_test/src/test_async_utils.dart:130:27)
<asynchronous suspension>
#34     main.<anonymous closure> (file:///D:/Mystery/programming/projects/PYTHON_PROJECTS/focus/focus_gg/focus_flutter/test/widget_test.dart:20:5)
<asynchronous suspension>
#35     testWidgets.<anonymous closure>.<anonymous closure> (package:flutter_test/src/widget_tester.dart:192:15)
<asynchronous suspension>
#36     TestWidgetsFlutterBinding._runTestBody (package:flutter_test/src/binding.dart:1059:5)
<asynchronous suspension>
<asynchronous suspension>
(elided 5 frames from class _AssertionError, dart:async, and package:stack_trace)

The following RenderObject was being processed when the exception was fired: RenderPointerListener#6d0ca relayoutBoundary=up6 NEEDS-LAYOUT NEEDS-PAINT:
  needs compositing
  creator: Listener ΓåÉ _GestureSemantics ΓåÉ
    RawGestureDetector-[LabeledGlobalKey<RawGestureDetectorState>#b16d0] ΓåÉ Listener ΓåÉ _ScrollableScope
    ΓåÉ _ScrollSemantics-[GlobalKey#1fa52] ΓåÉ NotificationListener<ScrollMetricsNotification> ΓåÉ Transform
    ΓåÉ StretchEffect ΓåÉ ClipRect ΓåÉ AnimatedBuilder ΓåÉ NotificationListener<ScrollNotification> ΓåÉ Γï»
  parentData: <none> (can use size)
  constraints: BoxConstraints(0.0<=w<=800.0, 0.0<=h<=534.0)
  size: MISSING
  behavior: opaque
  listeners: down, panZoomStart
This RenderObject had the following descendants (showing up to depth 5):
    child: RenderSemanticsAnnotations#4d9bb relayoutBoundary=up7 NEEDS-PAINT
      child: RenderIgnorePointer#2211b relayoutBoundary=up8 NEEDS-PAINT
        child: _RenderSingleChildViewport#06cd3 relayoutBoundary=up9 NEEDS-PAINT
          child: RenderPadding#05935 relayoutBoundary=up10 NEEDS-PAINT NEEDS-COMPOSITING-BITS-UPDATE
            child: RenderPositionedBox#201c0 relayoutBoundary=up11 NEEDS-PAINT NEEDS-COMPOSITING-BITS-UPDATE
ΓòÉΓòÉΓòÉΓòÉΓòÉΓòÉΓòÉΓòÉΓòÉΓòÉΓòÉΓòÉΓòÉΓòÉΓòÉΓòÉΓòÉΓòÉΓòÉΓòÉΓòÉΓòÉΓòÉΓòÉΓòÉΓòÉΓòÉΓòÉΓòÉΓòÉΓòÉΓòÉΓòÉΓòÉΓòÉΓòÉΓòÉΓòÉΓòÉΓòÉΓòÉΓòÉΓòÉΓòÉΓòÉΓòÉΓòÉΓòÉΓòÉΓòÉΓòÉΓòÉΓòÉΓòÉΓòÉΓòÉΓòÉΓòÉΓòÉΓòÉΓòÉΓòÉΓòÉΓòÉΓòÉΓòÉΓòÉΓòÉΓòÉΓòÉΓòÉΓòÉΓòÉΓòÉΓòÉΓòÉΓòÉΓòÉΓòÉΓòÉΓòÉΓòÉΓòÉΓòÉΓòÉΓòÉΓòÉΓòÉΓòÉΓòÉΓòÉΓòÉΓòÉΓòÉΓòÉΓòÉΓòÉΓòÉΓòÉΓòÉ
ΓòÉΓòÉΓòí EXCEPTION CAUGHT BY RENDERING LIBRARY Γò₧ΓòÉΓòÉΓòÉΓòÉΓòÉΓòÉΓòÉΓòÉΓòÉΓòÉΓòÉΓòÉΓòÉΓòÉΓòÉΓòÉΓòÉΓòÉΓòÉΓòÉΓòÉΓòÉΓòÉΓòÉΓòÉΓòÉΓòÉΓòÉΓòÉΓòÉΓòÉΓòÉΓòÉΓòÉΓòÉΓòÉΓòÉΓòÉΓòÉΓòÉΓòÉΓòÉΓòÉΓòÉΓòÉΓòÉΓòÉΓòÉΓòÉΓòÉΓòÉΓòÉΓòÉΓòÉΓòÉΓòÉΓòÉ
The following assertion was thrown during performLayout():
RenderBox was not laid out: RenderPointerListener#6d0ca relayoutBoundary=up6 NEEDS-PAINT
'package:flutter/src/rendering/box.dart':
Failed assertion: line 2251 pos 12: 'hasSize'

Either the assertion indicates an error in the framework itself, or we should provide substantially
more information in this error message to help you determine and fix the underlying cause.
In either case, please report this assertion by filing a bug on GitHub:
  https://github.com/flutter/flutter/issues/new?template=02_bug.yml

The relevant error-causing widget was:
  SingleChildScrollView
  SingleChildScrollView:file:///D:/Mystery/programming/projects/PYTHON_PROJECTS/focus/focus_gg/focus_flutter/lib/features/dashboard/dashboard_screen.dart:132:13

When the exception was thrown, this was the stack:
#2      RenderBox.size (package:flutter/src/rendering/box.dart:2251:12)
#3      RenderProxyBoxMixin.performLayout (package:flutter/src/rendering/proxy_box.dart:115:62)
#4      RenderObject.layout (package:flutter/src/rendering/object.dart:2775:7)
#5      RenderProxyBoxMixin.performLayout (package:flutter/src/rendering/proxy_box.dart:115:18)
#6      RenderObject.layout (package:flutter/src/rendering/object.dart:2775:7)
#7      RenderProxyBoxMixin.performLayout (package:flutter/src/rendering/proxy_box.dart:115:18)
#8      RenderObject.layout (package:flutter/src/rendering/object.dart:2775:7)
#9      RenderProxyBoxMixin.performLayout (package:flutter/src/rendering/proxy_box.dart:115:18)
#10     RenderObject.layout (package:flutter/src/rendering/object.dart:2775:7)
#11     RenderProxyBoxMixin.performLayout (package:flutter/src/rendering/proxy_box.dart:115:18)
#12     _RenderCustomClip.performLayout (package:flutter/src/rendering/proxy_box.dart:1481:11)
#13     RenderObject.layout (package:flutter/src/rendering/object.dart:2775:7)
#14     MultiChildLayoutDelegate.layoutChild (package:flutter/src/rendering/custom_layout.dart:180:12)
#15     _ScaffoldLayout.performLayout (package:flutter/src/material/scaffold.dart:1112:7)
#16     MultiChildLayoutDelegate._callPerformLayout (package:flutter/src/rendering/custom_layout.dart:249:7)
#17     RenderCustomMultiChildLayoutBox.performLayout (package:flutter/src/rendering/custom_layout.dart:420:14)
#18     RenderObject._layoutWithoutResize (package:flutter/src/rendering/object.dart:2623:7)
#19     PipelineOwner.flushLayout (package:flutter/src/rendering/object.dart:1170:18)
#20     PipelineOwner.flushLayout (package:flutter/src/rendering/object.dart:1183:15)
#21     AutomatedTestWidgetsFlutterBinding.drawFrame (package:flutter_test/src/binding.dart:1508:27)
#22     RendererBinding._handlePersistentFrameCallback (package:flutter/src/rendering/binding.dart:495:5)
#23     SchedulerBinding._invokeFrameCallback (package:flutter/src/scheduler/binding.dart:1434:15)
#24     SchedulerBinding.handleDrawFrame (package:flutter/src/scheduler/binding.dart:1347:9)
#25     AutomatedTestWidgetsFlutterBinding.pump.<anonymous closure> (package:flutter_test/src/binding.dart:1335:9)
#28     TestAsyncUtils.guard (package:flutter_test/src/test_async_utils.dart:74:41)
#29     AutomatedTestWidgetsFlutterBinding.pump (package:flutter_test/src/binding.dart:1324:27)
#30     WidgetTester.pumpAndSettle.<anonymous closure> (package:flutter_test/src/widget_tester.dart:719:23)
<asynchronous suspension>
#31     TestAsyncUtils.guard.<anonymous closure> (package:flutter_test/src/test_async_utils.dart:130:27)
<asynchronous suspension>
#32     main.<anonymous closure> (file:///D:/Mystery/programming/projects/PYTHON_PROJECTS/focus/focus_gg/focus_flutter/test/widget_test.dart:20:5)
<asynchronous suspension>
#33     testWidgets.<anonymous closure>.<anonymous closure> (package:flutter_test/src/widget_tester.dart:192:15)
<asynchronous suspension>
#34     TestWidgetsFlutterBinding._runTestBody (package:flutter_test/src/binding.dart:1059:5)
<asynchronous suspension>
<asynchronous suspension>
(elided 5 frames from class _AssertionError, dart:async, and package:stack_trace)

The following RenderObject was being processed when the exception was fired: RenderSemanticsGestureHandler#bece2 relayoutBoundary=up5 NEEDS-LAYOUT NEEDS-PAINT:
  needs compositing
  creator: _GestureSemantics ΓåÉ RawGestureDetector-[LabeledGlobalKey<RawGestureDetectorState>#b16d0] ΓåÉ
    Listener ΓåÉ _ScrollableScope ΓåÉ _ScrollSemantics-[GlobalKey#1fa52] ΓåÉ
    NotificationListener<ScrollMetricsNotification> ΓåÉ Transform ΓåÉ StretchEffect ΓåÉ ClipRect ΓåÉ
    AnimatedBuilder ΓåÉ NotificationListener<ScrollNotification> ΓåÉ StretchingOverscrollIndicator ΓåÉ Γï»
  parentData: <none> (can use size)
  constraints: BoxConstraints(0.0<=w<=800.0, 0.0<=h<=534.0)
  size: MISSING
  behavior: opaque
  gestures: <none>
This RenderObject had the following descendants (showing up to depth 5):
    child: RenderPointerListener#6d0ca relayoutBoundary=up6 NEEDS-PAINT
      child: RenderSemanticsAnnotations#4d9bb relayoutBoundary=up7 NEEDS-PAINT
        child: RenderIgnorePointer#2211b relayoutBoundary=up8 NEEDS-PAINT
          child: _RenderSingleChildViewport#06cd3 relayoutBoundary=up9 NEEDS-PAINT
            child: RenderPadding#05935 relayoutBoundary=up10 NEEDS-PAINT NEEDS-COMPOSITING-BITS-UPDATE
ΓòÉΓòÉΓòÉΓòÉΓòÉΓòÉΓòÉΓòÉΓòÉΓòÉΓòÉΓòÉΓòÉΓòÉΓòÉΓòÉΓòÉΓòÉΓòÉΓòÉΓòÉΓòÉΓòÉΓòÉΓòÉΓòÉΓòÉΓòÉΓòÉΓòÉΓòÉΓòÉΓòÉΓòÉΓòÉΓòÉΓòÉΓòÉΓòÉΓòÉΓòÉΓòÉΓòÉΓòÉΓòÉΓòÉΓòÉΓòÉΓòÉΓòÉΓòÉΓòÉΓòÉΓòÉΓòÉΓòÉΓòÉΓòÉΓòÉΓòÉΓòÉΓòÉΓòÉΓòÉΓòÉΓòÉΓòÉΓòÉΓòÉΓòÉΓòÉΓòÉΓòÉΓòÉΓòÉΓòÉΓòÉΓòÉΓòÉΓòÉΓòÉΓòÉΓòÉΓòÉΓòÉΓòÉΓòÉΓòÉΓòÉΓòÉΓòÉΓòÉΓòÉΓòÉΓòÉΓòÉΓòÉΓòÉΓòÉΓòÉ
ΓòÉΓòÉΓòí EXCEPTION CAUGHT BY RENDERING LIBRARY Γò₧ΓòÉΓòÉΓòÉΓòÉΓòÉΓòÉΓòÉΓòÉΓòÉΓòÉΓòÉΓòÉΓòÉΓòÉΓòÉΓòÉΓòÉΓòÉΓòÉΓòÉΓòÉΓòÉΓòÉΓòÉΓòÉΓòÉΓòÉΓòÉΓòÉΓòÉΓòÉΓòÉΓòÉΓòÉΓòÉΓòÉΓòÉΓòÉΓòÉΓòÉΓòÉΓòÉΓòÉΓòÉΓòÉΓòÉΓòÉΓòÉΓòÉΓòÉΓòÉΓòÉΓòÉΓòÉΓòÉΓòÉΓòÉ
The following assertion was thrown during performLayout():
RenderBox was not laid out: RenderSemanticsGestureHandler#bece2 relayoutBoundary=up5 NEEDS-PAINT
'package:flutter/src/rendering/box.dart':
Failed assertion: line 2251 pos 12: 'hasSize'

Either the assertion indicates an error in the framework itself, or we should provide substantially
more information in this error message to help you determine and fix the underlying cause.
In either case, please report this assertion by filing a bug on GitHub:
  https://github.com/flutter/flutter/issues/new?template=02_bug.yml

The relevant error-causing widget was:
  SingleChildScrollView
  SingleChildScrollView:file:///D:/Mystery/programming/projects/PYTHON_PROJECTS/focus/focus_gg/focus_flutter/lib/features/dashboard/dashboard_screen.dart:132:13

When the exception was thrown, this was the stack:
#2      RenderBox.size (package:flutter/src/rendering/box.dart:2251:12)
#3      RenderProxyBoxMixin.performLayout (package:flutter/src/rendering/proxy_box.dart:115:62)
#4      RenderObject.layout (package:flutter/src/rendering/object.dart:2775:7)
#5      RenderProxyBoxMixin.performLayout (package:flutter/src/rendering/proxy_box.dart:115:18)
#6      RenderObject.layout (package:flutter/src/rendering/object.dart:2775:7)
#7      RenderProxyBoxMixin.performLayout (package:flutter/src/rendering/proxy_box.dart:115:18)
#8      RenderObject.layout (package:flutter/src/rendering/object.dart:2775:7)
#9      RenderProxyBoxMixin.performLayout (package:flutter/src/rendering/proxy_box.dart:115:18)
#10     _RenderCustomClip.performLayout (package:flutter/src/rendering/proxy_box.dart:1481:11)
#11     RenderObject.layout (package:flutter/src/rendering/object.dart:2775:7)
#12     MultiChildLayoutDelegate.layoutChild (package:flutter/src/rendering/custom_layout.dart:180:12)
#13     _ScaffoldLayout.performLayout (package:flutter/src/material/scaffold.dart:1112:7)
#14     MultiChildLayoutDelegate._callPerformLayout (package:flutter/src/rendering/custom_layout.dart:249:7)
#15     RenderCustomMultiChildLayoutBox.performLayout (package:flutter/src/rendering/custom_layout.dart:420:14)
#16     RenderObject._layoutWithoutResize (package:flutter/src/rendering/object.dart:2623:7)
#17     PipelineOwner.flushLayout (package:flutter/src/rendering/object.dart:1170:18)
#18     PipelineOwner.flushLayout (package:flutter/src/rendering/object.dart:1183:15)
#19     AutomatedTestWidgetsFlutterBinding.drawFrame (package:flutter_test/src/binding.dart:1508:27)
#20     RendererBinding._handlePersistentFrameCallback (package:flutter/src/rendering/binding.dart:495:5)
#21     SchedulerBinding._invokeFrameCallback (package:flutter/src/scheduler/binding.dart:1434:15)
#22     SchedulerBinding.handleDrawFrame (package:flutter/src/scheduler/binding.dart:1347:9)
#23     AutomatedTestWidgetsFlutterBinding.pump.<anonymous closure> (package:flutter_test/src/binding.dart:1335:9)
#26     TestAsyncUtils.guard (package:flutter_test/src/test_async_utils.dart:74:41)
#27     AutomatedTestWidgetsFlutterBinding.pump (package:flutter_test/src/binding.dart:1324:27)
#28     WidgetTester.pumpAndSettle.<anonymous closure> (package:flutter_test/src/widget_tester.dart:719:23)
<asynchronous suspension>
#29     TestAsyncUtils.guard.<anonymous closure> (package:flutter_test/src/test_async_utils.dart:130:27)
<asynchronous suspension>
#30     main.<anonymous closure> (file:///D:/Mystery/programming/projects/PYTHON_PROJECTS/focus/focus_gg/focus_flutter/test/widget_test.dart:20:5)
<asynchronous suspension>
#31     testWidgets.<anonymous closure>.<anonymous closure> (package:flutter_test/src/widget_tester.dart:192:15)
<asynchronous suspension>
#32     TestWidgetsFlutterBinding._runTestBody (package:flutter_test/src/binding.dart:1059:5)
<asynchronous suspension>
<asynchronous suspension>
(elided 5 frames from class _AssertionError, dart:async, and package:stack_trace)

The following RenderObject was being processed when the exception was fired: RenderPointerListener#1e896 relayoutBoundary=up4 NEEDS-LAYOUT NEEDS-PAINT:
  needs compositing
  creator: Listener ΓåÉ _ScrollableScope ΓåÉ _ScrollSemantics-[GlobalKey#1fa52] ΓåÉ
    NotificationListener<ScrollMetricsNotification> ΓåÉ Transform ΓåÉ StretchEffect ΓåÉ ClipRect ΓåÉ
    AnimatedBuilder ΓåÉ NotificationListener<ScrollNotification> ΓåÉ StretchingOverscrollIndicator ΓåÉ
    Scrollable ΓåÉ PrimaryScrollController ΓåÉ Γï»
  parentData: <none> (can use size)
  constraints: BoxConstraints(0.0<=w<=800.0, 0.0<=h<=534.0)
  size: MISSING
  behavior: deferToChild
  listeners: signal
This RenderObject had the following descendants (showing up to depth 5):
    child: RenderSemanticsGestureHandler#bece2 relayoutBoundary=up5 NEEDS-PAINT
      child: RenderPointerListener#6d0ca relayoutBoundary=up6 NEEDS-PAINT
        child: RenderSemanticsAnnotations#4d9bb relayoutBoundary=up7 NEEDS-PAINT
          child: RenderIgnorePointer#2211b relayoutBoundary=up8 NEEDS-PAINT
            child: _RenderSingleChildViewport#06cd3 relayoutBoundary=up9 NEEDS-PAINT
ΓòÉΓòÉΓòÉΓòÉΓòÉΓòÉΓòÉΓòÉΓòÉΓòÉΓòÉΓòÉΓòÉΓòÉΓòÉΓòÉΓòÉΓòÉΓòÉΓòÉΓòÉΓòÉΓòÉΓòÉΓòÉΓòÉΓòÉΓòÉΓòÉΓòÉΓòÉΓòÉΓòÉΓòÉΓòÉΓòÉΓòÉΓòÉΓòÉΓòÉΓòÉΓòÉΓòÉΓòÉΓòÉΓòÉΓòÉΓòÉΓòÉΓòÉΓòÉΓòÉΓòÉΓòÉΓòÉΓòÉΓòÉΓòÉΓòÉΓòÉΓòÉΓòÉΓòÉΓòÉΓòÉΓòÉΓòÉΓòÉΓòÉΓòÉΓòÉΓòÉΓòÉΓòÉΓòÉΓòÉΓòÉΓòÉΓòÉΓòÉΓòÉΓòÉΓòÉΓòÉΓòÉΓòÉΓòÉΓòÉΓòÉΓòÉΓòÉΓòÉΓòÉΓòÉΓòÉΓòÉΓòÉΓòÉΓòÉΓòÉ
ΓòÉΓòÉΓòí EXCEPTION CAUGHT BY RENDERING LIBRARY Γò₧ΓòÉΓòÉΓòÉΓòÉΓòÉΓòÉΓòÉΓòÉΓòÉΓòÉΓòÉΓòÉΓòÉΓòÉΓòÉΓòÉΓòÉΓòÉΓòÉΓòÉΓòÉΓòÉΓòÉΓòÉΓòÉΓòÉΓòÉΓòÉΓòÉΓòÉΓòÉΓòÉΓòÉΓòÉΓòÉΓòÉΓòÉΓòÉΓòÉΓòÉΓòÉΓòÉΓòÉΓòÉΓòÉΓòÉΓòÉΓòÉΓòÉΓòÉΓòÉΓòÉΓòÉΓòÉΓòÉΓòÉΓòÉ
The following assertion was thrown during performLayout():
RenderBox was not laid out: RenderPointerListener#1e896 relayoutBoundary=up4 NEEDS-PAINT
'package:flutter/src/rendering/box.dart':
Failed assertion: line 2251 pos 12: 'hasSize'

Either the assertion indicates an error in the framework itself, or we should provide substantially
more information in this error message to help you determine and fix the underlying cause.
In either case, please report this assertion by filing a bug on GitHub:
  https://github.com/flutter/flutter/issues/new?template=02_bug.yml

The relevant error-causing widget was:
  SingleChildScrollView
  SingleChildScrollView:file:///D:/Mystery/programming/projects/PYTHON_PROJECTS/focus/focus_gg/focus_flutter/lib/features/dashboard/dashboard_screen.dart:132:13

When the exception was thrown, this was the stack:
#2      RenderBox.size (package:flutter/src/rendering/box.dart:2251:12)
#3      RenderProxyBoxMixin.performLayout (package:flutter/src/rendering/proxy_box.dart:115:62)
#4      RenderObject.layout (package:flutter/src/rendering/object.dart:2775:7)
#5      RenderProxyBoxMixin.performLayout (package:flutter/src/rendering/proxy_box.dart:115:18)
#6      RenderObject.layout (package:flutter/src/rendering/object.dart:2775:7)
#7      RenderProxyBoxMixin.performLayout (package:flutter/src/rendering/proxy_box.dart:115:18)
#8      _RenderCustomClip.performLayout (package:flutter/src/rendering/proxy_box.dart:1481:11)
#9      RenderObject.layout (package:flutter/src/rendering/object.dart:2775:7)
#10     MultiChildLayoutDelegate.layoutChild (package:flutter/src/rendering/custom_layout.dart:180:12)
#11     _ScaffoldLayout.performLayout (package:flutter/src/material/scaffold.dart:1112:7)
#12     MultiChildLayoutDelegate._callPerformLayout (package:flutter/src/rendering/custom_layout.dart:249:7)
#13     RenderCustomMultiChildLayoutBox.performLayout (package:flutter/src/rendering/custom_layout.dart:420:14)
#14     RenderObject._layoutWithoutResize (package:flutter/src/rendering/object.dart:2623:7)
#15     PipelineOwner.flushLayout (package:flutter/src/rendering/object.dart:1170:18)
#16     PipelineOwner.flushLayout (package:flutter/src/rendering/object.dart:1183:15)
#17     AutomatedTestWidgetsFlutterBinding.drawFrame (package:flutter_test/src/binding.dart:1508:27)
#18     RendererBinding._handlePersistentFrameCallback (package:flutter/src/rendering/binding.dart:495:5)
#19     SchedulerBinding._invokeFrameCallback (package:flutter/src/scheduler/binding.dart:1434:15)
#20     SchedulerBinding.handleDrawFrame (package:flutter/src/scheduler/binding.dart:1347:9)
#21     AutomatedTestWidgetsFlutterBinding.pump.<anonymous closure> (package:flutter_test/src/binding.dart:1335:9)
#24     TestAsyncUtils.guard (package:flutter_test/src/test_async_utils.dart:74:41)
#25     AutomatedTestWidgetsFlutterBinding.pump (package:flutter_test/src/binding.dart:1324:27)
#26     WidgetTester.pumpAndSettle.<anonymous closure> (package:flutter_test/src/widget_tester.dart:719:23)
<asynchronous suspension>
#27     TestAsyncUtils.guard.<anonymous closure> (package:flutter_test/src/test_async_utils.dart:130:27)
<asynchronous suspension>
#28     main.<anonymous closure> (file:///D:/Mystery/programming/projects/PYTHON_PROJECTS/focus/focus_gg/focus_flutter/test/widget_test.dart:20:5)
<asynchronous suspension>
#29     testWidgets.<anonymous closure>.<anonymous closure> (package:flutter_test/src/widget_tester.dart:192:15)
<asynchronous suspension>
#30     TestWidgetsFlutterBinding._runTestBody (package:flutter_test/src/binding.dart:1059:5)
<asynchronous suspension>
<asynchronous suspension>
(elided 5 frames from class _AssertionError, dart:async, and package:stack_trace)

The following RenderObject was being processed when the exception was fired: _RenderScrollSemantics#ebf7b relayoutBoundary=up3 NEEDS-LAYOUT NEEDS-PAINT:
  needs compositing
  creator: _ScrollSemantics-[GlobalKey#1fa52] ΓåÉ NotificationListener<ScrollMetricsNotification> ΓåÉ
    Transform ΓåÉ StretchEffect ΓåÉ ClipRect ΓåÉ AnimatedBuilder ΓåÉ NotificationListener<ScrollNotification>
    ΓåÉ StretchingOverscrollIndicator ΓåÉ Scrollable ΓåÉ PrimaryScrollController ΓåÉ SingleChildScrollView ΓåÉ
    KeyedSubtree-[GlobalKey#15fcd] ΓåÉ Γï»
  parentData: <none> (can use size)
  constraints: BoxConstraints(0.0<=w<=800.0, 0.0<=h<=534.0)
  semantic boundary
  size: MISSING
This RenderObject had the following descendants (showing up to depth 5):
    child: RenderPointerListener#1e896 relayoutBoundary=up4 NEEDS-PAINT
      child: RenderSemanticsGestureHandler#bece2 relayoutBoundary=up5 NEEDS-PAINT
        child: RenderPointerListener#6d0ca relayoutBoundary=up6 NEEDS-PAINT
          child: RenderSemanticsAnnotations#4d9bb relayoutBoundary=up7 NEEDS-PAINT
            child: RenderIgnorePointer#2211b relayoutBoundary=up8 NEEDS-PAINT
ΓòÉΓòÉΓòÉΓòÉΓòÉΓòÉΓòÉΓòÉΓòÉΓòÉΓòÉΓòÉΓòÉΓòÉΓòÉΓòÉΓòÉΓòÉΓòÉΓòÉΓòÉΓòÉΓòÉΓòÉΓòÉΓòÉΓòÉΓòÉΓòÉΓòÉΓòÉΓòÉΓòÉΓòÉΓòÉΓòÉΓòÉΓòÉΓòÉΓòÉΓòÉΓòÉΓòÉΓòÉΓòÉΓòÉΓòÉΓòÉΓòÉΓòÉΓòÉΓòÉΓòÉΓòÉΓòÉΓòÉΓòÉΓòÉΓòÉΓòÉΓòÉΓòÉΓòÉΓòÉΓòÉΓòÉΓòÉΓòÉΓòÉΓòÉΓòÉΓòÉΓòÉΓòÉΓòÉΓòÉΓòÉΓòÉΓòÉΓòÉΓòÉΓòÉΓòÉΓòÉΓòÉΓòÉΓòÉΓòÉΓòÉΓòÉΓòÉΓòÉΓòÉΓòÉΓòÉΓòÉΓòÉΓòÉΓòÉΓòÉ
ΓòÉΓòÉΓòí EXCEPTION CAUGHT BY RENDERING LIBRARY Γò₧ΓòÉΓòÉΓòÉΓòÉΓòÉΓòÉΓòÉΓòÉΓòÉΓòÉΓòÉΓòÉΓòÉΓòÉΓòÉΓòÉΓòÉΓòÉΓòÉΓòÉΓòÉΓòÉΓòÉΓòÉΓòÉΓòÉΓòÉΓòÉΓòÉΓòÉΓòÉΓòÉΓòÉΓòÉΓòÉΓòÉΓòÉΓòÉΓòÉΓòÉΓòÉΓòÉΓòÉΓòÉΓòÉΓòÉΓòÉΓòÉΓòÉΓòÉΓòÉΓòÉΓòÉΓòÉΓòÉΓòÉΓòÉ
The following assertion was thrown during performLayout():
RenderBox was not laid out: _RenderScrollSemantics#ebf7b relayoutBoundary=up3 NEEDS-PAINT
'package:flutter/src/rendering/box.dart':
Failed assertion: line 2251 pos 12: 'hasSize'

Either the assertion indicates an error in the framework itself, or we should provide substantially
more information in this error message to help you determine and fix the underlying cause.
In either case, please report this assertion by filing a bug on GitHub:
  https://github.com/flutter/flutter/issues/new?template=02_bug.yml

The relevant error-causing widget was:
  SingleChildScrollView
  SingleChildScrollView:file:///D:/Mystery/programming/projects/PYTHON_PROJECTS/focus/focus_gg/focus_flutter/lib/features/dashboard/dashboard_screen.dart:132:13

When the exception was thrown, this was the stack:
#2      RenderBox.size (package:flutter/src/rendering/box.dart:2251:12)
#3      RenderProxyBoxMixin.performLayout (package:flutter/src/rendering/proxy_box.dart:115:62)
#4      RenderObject.layout (package:flutter/src/rendering/object.dart:2775:7)
#5      RenderProxyBoxMixin.performLayout (package:flutter/src/rendering/proxy_box.dart:115:18)
#6      _RenderCustomClip.performLayout (package:flutter/src/rendering/proxy_box.dart:1481:11)
#7      RenderObject.layout (package:flutter/src/rendering/object.dart:2775:7)
#8      MultiChildLayoutDelegate.layoutChild (package:flutter/src/rendering/custom_layout.dart:180:12)
#9      _ScaffoldLayout.performLayout (package:flutter/src/material/scaffold.dart:1112:7)
#10     MultiChildLayoutDelegate._callPerformLayout (package:flutter/src/rendering/custom_layout.dart:249:7)
#11     RenderCustomMultiChildLayoutBox.performLayout (package:flutter/src/rendering/custom_layout.dart:420:14)
#12     RenderObject._layoutWithoutResize (package:flutter/src/rendering/object.dart:2623:7)
#13     PipelineOwner.flushLayout (package:flutter/src/rendering/object.dart:1170:18)
#14     PipelineOwner.flushLayout (package:flutter/src/rendering/object.dart:1183:15)
#15     AutomatedTestWidgetsFlutterBinding.drawFrame (package:flutter_test/src/binding.dart:1508:27)
#16     RendererBinding._handlePersistentFrameCallback (package:flutter/src/rendering/binding.dart:495:5)
#17     SchedulerBinding._invokeFrameCallback (package:flutter/src/scheduler/binding.dart:1434:15)
#18     SchedulerBinding.handleDrawFrame (package:flutter/src/scheduler/binding.dart:1347:9)
#19     AutomatedTestWidgetsFlutterBinding.pump.<anonymous closure> (package:flutter_test/src/binding.dart:1335:9)
#22     TestAsyncUtils.guard (package:flutter_test/src/test_async_utils.dart:74:41)
#23     AutomatedTestWidgetsFlutterBinding.pump (package:flutter_test/src/binding.dart:1324:27)
#24     WidgetTester.pumpAndSettle.<anonymous closure> (package:flutter_test/src/widget_tester.dart:719:23)
<asynchronous suspension>
#25     TestAsyncUtils.guard.<anonymous closure> (package:flutter_test/src/test_async_utils.dart:130:27)
<asynchronous suspension>
#26     main.<anonymous closure> (file:///D:/Mystery/programming/projects/PYTHON_PROJECTS/focus/focus_gg/focus_flutter/test/widget_test.dart:20:5)
<asynchronous suspension>
#27     testWidgets.<anonymous closure>.<anonymous closure> (package:flutter_test/src/widget_tester.dart:192:15)
<asynchronous suspension>
#28     TestWidgetsFlutterBinding._runTestBody (package:flutter_test/src/binding.dart:1059:5)
<asynchronous suspension>
<asynchronous suspension>
(elided 5 frames from class _AssertionError, dart:async, and package:stack_trace)

The following RenderObject was being processed when the exception was fired: RenderTransform#c1aea relayoutBoundary=up2 NEEDS-LAYOUT:
  needs compositing
  creator: Transform ΓåÉ StretchEffect ΓåÉ ClipRect ΓåÉ AnimatedBuilder ΓåÉ
    NotificationListener<ScrollNotification> ΓåÉ StretchingOverscrollIndicator ΓåÉ Scrollable ΓåÉ
    PrimaryScrollController ΓåÉ SingleChildScrollView ΓåÉ KeyedSubtree-[GlobalKey#15fcd] ΓåÉ _BodyBuilder ΓåÉ
    MediaQuery ΓåÉ Γï»
  parentData: <none> (can use size)
  constraints: BoxConstraints(0.0<=w<=800.0, 0.0<=h<=534.0)
  size: MISSING
  transform matrix:
    [0] 1.0,0.0,0.0,0.0
    [1] 0.0,1.0,0.0,0.0
    [2] 0.0,0.0,1.0,0.0
    [3] 0.0,0.0,0.0,1.0
  origin: null
  alignment: AlignmentDirectional.bottomCenter
  textDirection: ltr
  transformHitTests: true
This RenderObject had the following descendants (showing up to depth 5):
    child: _RenderScrollSemantics#ebf7b relayoutBoundary=up3 NEEDS-PAINT
      child: RenderPointerListener#1e896 relayoutBoundary=up4 NEEDS-PAINT
        child: RenderSemanticsGestureHandler#bece2 relayoutBoundary=up5 NEEDS-PAINT
          child: RenderPointerListener#6d0ca relayoutBoundary=up6 NEEDS-PAINT
            child: RenderSemanticsAnnotations#4d9bb relayoutBoundary=up7 NEEDS-PAINT
ΓòÉΓòÉΓòÉΓòÉΓòÉΓòÉΓòÉΓòÉΓòÉΓòÉΓòÉΓòÉΓòÉΓòÉΓòÉΓòÉΓòÉΓòÉΓòÉΓòÉΓòÉΓòÉΓòÉΓòÉΓòÉΓòÉΓòÉΓòÉΓòÉΓòÉΓòÉΓòÉΓòÉΓòÉΓòÉΓòÉΓòÉΓòÉΓòÉΓòÉΓòÉΓòÉΓòÉΓòÉΓòÉΓòÉΓòÉΓòÉΓòÉΓòÉΓòÉΓòÉΓòÉΓòÉΓòÉΓòÉΓòÉΓòÉΓòÉΓòÉΓòÉΓòÉΓòÉΓòÉΓòÉΓòÉΓòÉΓòÉΓòÉΓòÉΓòÉΓòÉΓòÉΓòÉΓòÉΓòÉΓòÉΓòÉΓòÉΓòÉΓòÉΓòÉΓòÉΓòÉΓòÉΓòÉΓòÉΓòÉΓòÉΓòÉΓòÉΓòÉΓòÉΓòÉΓòÉΓòÉΓòÉΓòÉΓòÉΓòÉ
ΓòÉΓòÉΓòí EXCEPTION CAUGHT BY RENDERING LIBRARY Γò₧ΓòÉΓòÉΓòÉΓòÉΓòÉΓòÉΓòÉΓòÉΓòÉΓòÉΓòÉΓòÉΓòÉΓòÉΓòÉΓòÉΓòÉΓòÉΓòÉΓòÉΓòÉΓòÉΓòÉΓòÉΓòÉΓòÉΓòÉΓòÉΓòÉΓòÉΓòÉΓòÉΓòÉΓòÉΓòÉΓòÉΓòÉΓòÉΓòÉΓòÉΓòÉΓòÉΓòÉΓòÉΓòÉΓòÉΓòÉΓòÉΓòÉΓòÉΓòÉΓòÉΓòÉΓòÉΓòÉΓòÉΓòÉ
The following assertion was thrown during performLayout():
RenderBox was not laid out: RenderTransform#c1aea relayoutBoundary=up2 NEEDS-PAINT
'package:flutter/src/rendering/box.dart':
Failed assertion: line 2251 pos 12: 'hasSize'

Either the assertion indicates an error in the framework itself, or we should provide substantially
more information in this error message to help you determine and fix the underlying cause.
In either case, please report this assertion by filing a bug on GitHub:
  https://github.com/flutter/flutter/issues/new?template=02_bug.yml

The relevant error-causing widget was:
  SingleChildScrollView
  SingleChildScrollView:file:///D:/Mystery/programming/projects/PYTHON_PROJECTS/focus/focus_gg/focus_flutter/lib/features/dashboard/dashboard_screen.dart:132:13

When the exception was thrown, this was the stack:
#2      RenderBox.size (package:flutter/src/rendering/box.dart:2251:12)
#3      RenderProxyBoxMixin.performLayout (package:flutter/src/rendering/proxy_box.dart:115:62)
#4      _RenderCustomClip.performLayout (package:flutter/src/rendering/proxy_box.dart:1481:11)
#5      RenderObject.layout (package:flutter/src/rendering/object.dart:2775:7)
#6      MultiChildLayoutDelegate.layoutChild (package:flutter/src/rendering/custom_layout.dart:180:12)
#7      _ScaffoldLayout.performLayout (package:flutter/src/material/scaffold.dart:1112:7)
#8      MultiChildLayoutDelegate._callPerformLayout (package:flutter/src/rendering/custom_layout.dart:249:7)
#9      RenderCustomMultiChildLayoutBox.performLayout (package:flutter/src/rendering/custom_layout.dart:420:14)
#10     RenderObject._layoutWithoutResize (package:flutter/src/rendering/object.dart:2623:7)
#11     PipelineOwner.flushLayout (package:flutter/src/rendering/object.dart:1170:18)
#12     PipelineOwner.flushLayout (package:flutter/src/rendering/object.dart:1183:15)
#13     AutomatedTestWidgetsFlutterBinding.drawFrame (package:flutter_test/src/binding.dart:1508:27)
#14     RendererBinding._handlePersistentFrameCallback (package:flutter/src/rendering/binding.dart:495:5)
#15     SchedulerBinding._invokeFrameCallback (package:flutter/src/scheduler/binding.dart:1434:15)
#16     SchedulerBinding.handleDrawFrame (package:flutter/src/scheduler/binding.dart:1347:9)
#17     AutomatedTestWidgetsFlutterBinding.pump.<anonymous closure> (package:flutter_test/src/binding.dart:1335:9)
#20     TestAsyncUtils.guard (package:flutter_test/src/test_async_utils.dart:74:41)
#21     AutomatedTestWidgetsFlutterBinding.pump (package:flutter_test/src/binding.dart:1324:27)
#22     WidgetTester.pumpAndSettle.<anonymous closure> (package:flutter_test/src/widget_tester.dart:719:23)
<asynchronous suspension>
#23     TestAsyncUtils.guard.<anonymous closure> (package:flutter_test/src/test_async_utils.dart:130:27)
<asynchronous suspension>
#24     main.<anonymous closure> (file:///D:/Mystery/programming/projects/PYTHON_PROJECTS/focus/focus_gg/focus_flutter/test/widget_test.dart:20:5)
<asynchronous suspension>
#25     testWidgets.<anonymous closure>.<anonymous closure> (package:flutter_test/src/widget_tester.dart:192:15)
<asynchronous suspension>
#26     TestWidgetsFlutterBinding._runTestBody (package:flutter_test/src/binding.dart:1059:5)
<asynchronous suspension>
<asynchronous suspension>
(elided 5 frames from class _AssertionError, dart:async, and package:stack_trace)

The following RenderObject was being processed when the exception was fired: RenderClipRect#3fd23 relayoutBoundary=up1 NEEDS-LAYOUT NEEDS-PAINT:
  needs compositing
  creator: ClipRect ΓåÉ AnimatedBuilder ΓåÉ NotificationListener<ScrollNotification> ΓåÉ
    StretchingOverscrollIndicator ΓåÉ Scrollable ΓåÉ PrimaryScrollController ΓåÉ SingleChildScrollView ΓåÉ
    KeyedSubtree-[GlobalKey#15fcd] ΓåÉ _BodyBuilder ΓåÉ MediaQuery ΓåÉ LayoutId-[<_ScaffoldSlot.body>] ΓåÉ
    CustomMultiChildLayout ΓåÉ Γï»
  parentData: offset=Offset(0.0, 0.0); id=_ScaffoldSlot.body (can use size)
  constraints: BoxConstraints(0.0<=w<=800.0, 0.0<=h<=534.0)
  size: MISSING
This RenderObject had the following descendants (showing up to depth 5):
    child: RenderTransform#c1aea relayoutBoundary=up2 NEEDS-PAINT
      child: _RenderScrollSemantics#ebf7b relayoutBoundary=up3 NEEDS-PAINT
        child: RenderPointerListener#1e896 relayoutBoundary=up4 NEEDS-PAINT
          child: RenderSemanticsGestureHandler#bece2 relayoutBoundary=up5 NEEDS-PAINT
            child: RenderPointerListener#6d0ca relayoutBoundary=up6 NEEDS-PAINT
ΓòÉΓòÉΓòÉΓòÉΓòÉΓòÉΓòÉΓòÉΓòÉΓòÉΓòÉΓòÉΓòÉΓòÉΓòÉΓòÉΓòÉΓòÉΓòÉΓòÉΓòÉΓòÉΓòÉΓòÉΓòÉΓòÉΓòÉΓòÉΓòÉΓòÉΓòÉΓòÉΓòÉΓòÉΓòÉΓòÉΓòÉΓòÉΓòÉΓòÉΓòÉΓòÉΓòÉΓòÉΓòÉΓòÉΓòÉΓòÉΓòÉΓòÉΓòÉΓòÉΓòÉΓòÉΓòÉΓòÉΓòÉΓòÉΓòÉΓòÉΓòÉΓòÉΓòÉΓòÉΓòÉΓòÉΓòÉΓòÉΓòÉΓòÉΓòÉΓòÉΓòÉΓòÉΓòÉΓòÉΓòÉΓòÉΓòÉΓòÉΓòÉΓòÉΓòÉΓòÉΓòÉΓòÉΓòÉΓòÉΓòÉΓòÉΓòÉΓòÉΓòÉΓòÉΓòÉΓòÉΓòÉΓòÉΓòÉΓòÉ
ΓòÉΓòÉΓòí EXCEPTION CAUGHT BY RENDERING LIBRARY Γò₧ΓòÉΓòÉΓòÉΓòÉΓòÉΓòÉΓòÉΓòÉΓòÉΓòÉΓòÉΓòÉΓòÉΓòÉΓòÉΓòÉΓòÉΓòÉΓòÉΓòÉΓòÉΓòÉΓòÉΓòÉΓòÉΓòÉΓòÉΓòÉΓòÉΓòÉΓòÉΓòÉΓòÉΓòÉΓòÉΓòÉΓòÉΓòÉΓòÉΓòÉΓòÉΓòÉΓòÉΓòÉΓòÉΓòÉΓòÉΓòÉΓòÉΓòÉΓòÉΓòÉΓòÉΓòÉΓòÉΓòÉΓòÉ
The following assertion was thrown during performLayout():
RenderBox was not laid out: RenderClipRect#3fd23 relayoutBoundary=up1 NEEDS-PAINT
'package:flutter/src/rendering/box.dart':
Failed assertion: line 2251 pos 12: 'hasSize'

Either the assertion indicates an error in the framework itself, or we should provide substantially
more information in this error message to help you determine and fix the underlying cause.
In either case, please report this assertion by filing a bug on GitHub:
  https://github.com/flutter/flutter/issues/new?template=02_bug.yml

The relevant error-causing widget was:
  Scaffold
  Scaffold:file:///D:/Mystery/programming/projects/PYTHON_PROJECTS/focus/focus_gg/focus_flutter/lib/features/dashboard/dashboard_screen.dart:131:12

When the exception was thrown, this was the stack:
#2      RenderBox.size (package:flutter/src/rendering/box.dart:2251:12)
#3      MultiChildLayoutDelegate.layoutChild (package:flutter/src/rendering/custom_layout.dart:181:18)
#4      _ScaffoldLayout.performLayout (package:flutter/src/material/scaffold.dart:1112:7)
#5      MultiChildLayoutDelegate._callPerformLayout (package:flutter/src/rendering/custom_layout.dart:249:7)
#6      RenderCustomMultiChildLayoutBox.performLayout (package:flutter/src/rendering/custom_layout.dart:420:14)
#7      RenderObject._layoutWithoutResize (package:flutter/src/rendering/object.dart:2623:7)
#8      PipelineOwner.flushLayout (package:flutter/src/rendering/object.dart:1170:18)
#9      PipelineOwner.flushLayout (package:flutter/src/rendering/object.dart:1183:15)
#10     AutomatedTestWidgetsFlutterBinding.drawFrame (package:flutter_test/src/binding.dart:1508:27)
#11     RendererBinding._handlePersistentFrameCallback (package:flutter/src/rendering/binding.dart:495:5)
#12     SchedulerBinding._invokeFrameCallback (package:flutter/src/scheduler/binding.dart:1434:15)
#13     SchedulerBinding.handleDrawFrame (package:flutter/src/scheduler/binding.dart:1347:9)
#14     AutomatedTestWidgetsFlutterBinding.pump.<anonymous closure> (package:flutter_test/src/binding.dart:1335:9)
#17     TestAsyncUtils.guard (package:flutter_test/src/test_async_utils.dart:74:41)
#18     AutomatedTestWidgetsFlutterBinding.pump (package:flutter_test/src/binding.dart:1324:27)
#19     WidgetTester.pumpAndSettle.<anonymous closure> (package:flutter_test/src/widget_tester.dart:719:23)
<asynchronous suspension>
#20     TestAsyncUtils.guard.<anonymous closure> (package:flutter_test/src/test_async_utils.dart:130:27)
<asynchronous suspension>
#21     main.<anonymous closure> (file:///D:/Mystery/programming/projects/PYTHON_PROJECTS/focus/focus_gg/focus_flutter/test/widget_test.dart:20:5)
<asynchronous suspension>
#22     testWidgets.<anonymous closure>.<anonymous closure> (package:flutter_test/src/widget_tester.dart:192:15)
<asynchronous suspension>
#23     TestWidgetsFlutterBinding._runTestBody (package:flutter_test/src/binding.dart:1059:5)
<asynchronous suspension>
<asynchronous suspension>
(elided 5 frames from class _AssertionError, dart:async, and package:stack_trace)

The following RenderObject was being processed when the exception was fired: RenderCustomMultiChildLayoutBox#62ffe NEEDS-LAYOUT NEEDS-PAINT:
  needs compositing
  creator: CustomMultiChildLayout ΓåÉ _ActionsScope ΓåÉ Actions ΓåÉ AnimatedBuilder ΓåÉ DefaultTextStyle ΓåÉ
    AnimatedDefaultTextStyle ΓåÉ _InkFeatures-[GlobalKey#385e5 ink renderer] ΓåÉ
    NotificationListener<LayoutChangedNotification> ΓåÉ PhysicalModel ΓåÉ AnimatedPhysicalModel ΓåÉ Material
    ΓåÉ _ScrollNotificationObserverScope ΓåÉ Γï»
  parentData: <none> (can use size)
  constraints: BoxConstraints(w=800.0, h=534.0)
  size: Size(800.0, 534.0)
This RenderObject had the following descendants (showing up to depth 5):
    child 1: RenderClipRect#3fd23 relayoutBoundary=up1 NEEDS-PAINT
      child: RenderTransform#c1aea relayoutBoundary=up2 NEEDS-PAINT
        child: _RenderScrollSemantics#ebf7b relayoutBoundary=up3 NEEDS-PAINT
          child: RenderPointerListener#1e896 relayoutBoundary=up4 NEEDS-PAINT
            child: RenderSemanticsGestureHandler#bece2 relayoutBoundary=up5 NEEDS-PAINT
    child 2: RenderStack#2844e NEEDS-LAYOUT NEEDS-PAINT
      child 1: RenderTransform#48460 NEEDS-LAYOUT NEEDS-PAINT
        child: RenderTransform#60269 NEEDS-LAYOUT NEEDS-PAINT
ΓòÉΓòÉΓòÉΓòÉΓòÉΓòÉΓòÉΓòÉΓòÉΓòÉΓòÉΓòÉΓòÉΓòÉΓòÉΓòÉΓòÉΓòÉΓòÉΓòÉΓòÉΓòÉΓòÉΓòÉΓòÉΓòÉΓòÉΓòÉΓòÉΓòÉΓòÉΓòÉΓòÉΓòÉΓòÉΓòÉΓòÉΓòÉΓòÉΓòÉΓòÉΓòÉΓòÉΓòÉΓòÉΓòÉΓòÉΓòÉΓòÉΓòÉΓòÉΓòÉΓòÉΓòÉΓòÉΓòÉΓòÉΓòÉΓòÉΓòÉΓòÉΓòÉΓòÉΓòÉΓòÉΓòÉΓòÉΓòÉΓòÉΓòÉΓòÉΓòÉΓòÉΓòÉΓòÉΓòÉΓòÉΓòÉΓòÉΓòÉΓòÉΓòÉΓòÉΓòÉΓòÉΓòÉΓòÉΓòÉΓòÉΓòÉΓòÉΓòÉΓòÉΓòÉΓòÉΓòÉΓòÉΓòÉΓòÉΓòÉ
ΓòÉΓòÉΓòí EXCEPTION CAUGHT BY RENDERING LIBRARY Γò₧ΓòÉΓòÉΓòÉΓòÉΓòÉΓòÉΓòÉΓòÉΓòÉΓòÉΓòÉΓòÉΓòÉΓòÉΓòÉΓòÉΓòÉΓòÉΓòÉΓòÉΓòÉΓòÉΓòÉΓòÉΓòÉΓòÉΓòÉΓòÉΓòÉΓòÉΓòÉΓòÉΓòÉΓòÉΓòÉΓòÉΓòÉΓòÉΓòÉΓòÉΓòÉΓòÉΓòÉΓòÉΓòÉΓòÉΓòÉΓòÉΓòÉΓòÉΓòÉΓòÉΓòÉΓòÉΓòÉΓòÉΓòÉ
The following assertion was thrown during paint():
RenderBox was not laid out: RenderTransform#c1aea relayoutBoundary=up2
'package:flutter/src/rendering/box.dart':
Failed assertion: line 2251 pos 12: 'hasSize'

Either the assertion indicates an error in the framework itself, or we should provide substantially
more information in this error message to help you determine and fix the underlying cause.
In either case, please report this assertion by filing a bug on GitHub:
  https://github.com/flutter/flutter/issues/new?template=02_bug.yml

The relevant error-causing widget was:
  SingleChildScrollView
  SingleChildScrollView:file:///D:/Mystery/programming/projects/PYTHON_PROJECTS/focus/focus_gg/focus_flutter/lib/features/dashboard/dashboard_screen.dart:132:13

When the exception was thrown, this was the stack:
#2      RenderBox.size (package:flutter/src/rendering/box.dart:2251:12)
#3      RenderTransform._effectiveTransform (package:flutter/src/rendering/proxy_box.dart:2632:49)
#4      RenderTransform.paint (package:flutter/src/rendering/proxy_box.dart:2669:33)
#5      RenderObject._paintWithContext (package:flutter/src/rendering/object.dart:3436:7)
#6      PaintingContext.paintChild (package:flutter/src/rendering/object.dart:261:13)
#7      RenderClipRect.paint (package:flutter/src/rendering/proxy_box.dart:1585:17)
#8      RenderObject._paintWithContext (package:flutter/src/rendering/object.dart:3436:7)
#9      PaintingContext.paintChild (package:flutter/src/rendering/object.dart:261:13)
#10     RenderBoxContainerDefaultsMixin.defaultPaint (package:flutter/src/rendering/box.dart:3367:15)
#11     RenderCustomMultiChildLayoutBox.paint (package:flutter/src/rendering/custom_layout.dart:425:5)
#12     RenderObject._paintWithContext (package:flutter/src/rendering/object.dart:3436:7)
#13     PaintingContext.paintChild (package:flutter/src/rendering/object.dart:261:13)
#14     RenderProxyBoxMixin.paint (package:flutter/src/rendering/proxy_box.dart:140:13)
#15     _RenderInkFeatures.paint (package:flutter/src/material/material.dart:634:11)
#16     RenderObject._paintWithContext (package:flutter/src/rendering/object.dart:3436:7)
#17     PaintingContext.paintChild (package:flutter/src/rendering/object.dart:261:13)
#18     RenderProxyBoxMixin.paint (package:flutter/src/rendering/proxy_box.dart:140:13)
#19     RenderPhysicalModel.paint.<anonymous closure> (package:flutter/src/rendering/proxy_box.dart:2184:15)
#20     PaintingContext.pushClipRRect (package:flutter/src/rendering/object.dart:622:14)
#21     RenderPhysicalModel.paint (package:flutter/src/rendering/proxy_box.dart:2171:21)
#22     RenderObject._paintWithContext (package:flutter/src/rendering/object.dart:3436:7)
#23     PaintingContext.paintChild (package:flutter/src/rendering/object.dart:261:13)
#24     RenderProxyBoxMixin.paint (package:flutter/src/rendering/proxy_box.dart:140:13)
#25     RenderObject._paintWithContext (package:flutter/src/rendering/object.dart:3436:7)
#26     PaintingContext.paintChild (package:flutter/src/rendering/object.dart:261:13)
#27     RenderProxyBoxMixin.paint (package:flutter/src/rendering/proxy_box.dart:140:13)
#28     RenderObject._paintWithContext (package:flutter/src/rendering/object.dart:3436:7)
#29     PaintingContext._repaintCompositedChild (package:flutter/src/rendering/object.dart:176:11)
#30     PaintingContext.repaintCompositedChild (package:flutter/src/rendering/object.dart:121:5)
#31     PipelineOwner.flushPaint (package:flutter/src/rendering/object.dart:1322:31)
#32     PipelineOwner.flushPaint (package:flutter/src/rendering/object.dart:1332:15)
#33     AutomatedTestWidgetsFlutterBinding.drawFrame (package:flutter_test/src/binding.dart:1512:31)
#34     RendererBinding._handlePersistentFrameCallback (package:flutter/src/rendering/binding.dart:495:5)
#35     SchedulerBinding._invokeFrameCallback (package:flutter/src/scheduler/binding.dart:1434:15)
#36     SchedulerBinding.handleDrawFrame (package:flutter/src/scheduler/binding.dart:1347:9)
#37     AutomatedTestWidgetsFlutterBinding.pump.<anonymous closure> (package:flutter_test/src/binding.dart:1335:9)
#40     TestAsyncUtils.guard (package:flutter_test/src/test_async_utils.dart:74:41)
#41     AutomatedTestWidgetsFlutterBinding.pump (package:flutter_test/src/binding.dart:1324:27)
#42     WidgetTester.pumpAndSettle.<anonymous closure> (package:flutter_test/src/widget_tester.dart:719:23)
<asynchronous suspension>
#43     TestAsyncUtils.guard.<anonymous closure> (package:flutter_test/src/test_async_utils.dart:130:27)
<asynchronous suspension>
#44     main.<anonymous closure> (file:///D:/Mystery/programming/projects/PYTHON_PROJECTS/focus/focus_gg/focus_flutter/test/widget_test.dart:20:5)
<asynchronous suspension>
#45     testWidgets.<anonymous closure>.<anonymous closure> (package:flutter_test/src/widget_tester.dart:192:15)
<asynchronous suspension>
#46     TestWidgetsFlutterBinding._runTestBody (package:flutter_test/src/binding.dart:1059:5)
<asynchronous suspension>
<asynchronous suspension>
(elided 5 frames from class _AssertionError, dart:async, and package:stack_trace)

The following RenderObject was being processed when the exception was fired: RenderTransform#c1aea relayoutBoundary=up2:
  needs compositing
  creator: Transform ΓåÉ StretchEffect ΓåÉ ClipRect ΓåÉ AnimatedBuilder ΓåÉ
    NotificationListener<ScrollNotification> ΓåÉ StretchingOverscrollIndicator ΓåÉ Scrollable ΓåÉ
    PrimaryScrollController ΓåÉ SingleChildScrollView ΓåÉ KeyedSubtree-[GlobalKey#15fcd] ΓåÉ _BodyBuilder ΓåÉ
    MediaQuery ΓåÉ Γï»
  parentData: <none> (can use size)
  constraints: BoxConstraints(0.0<=w<=800.0, 0.0<=h<=534.0)
  size: MISSING
  transform matrix:
    [0] 1.0,0.0,0.0,0.0
    [1] 0.0,1.0,0.0,0.0
    [2] 0.0,0.0,1.0,0.0
    [3] 0.0,0.0,0.0,1.0
  origin: null
  alignment: AlignmentDirectional.bottomCenter
  textDirection: ltr
  transformHitTests: true
This RenderObject had the following descendants (showing up to depth 5):
    child: _RenderScrollSemantics#ebf7b relayoutBoundary=up3 NEEDS-PAINT
      child: RenderPointerListener#1e896 relayoutBoundary=up4 NEEDS-PAINT
        child: RenderSemanticsGestureHandler#bece2 relayoutBoundary=up5 NEEDS-PAINT
          child: RenderPointerListener#6d0ca relayoutBoundary=up6 NEEDS-PAINT
            child: RenderSemanticsAnnotations#4d9bb relayoutBoundary=up7 NEEDS-PAINT
ΓòÉΓòÉΓòÉΓòÉΓòÉΓòÉΓòÉΓòÉΓòÉΓòÉΓòÉΓòÉΓòÉΓòÉΓòÉΓòÉΓòÉΓòÉΓòÉΓòÉΓòÉΓòÉΓòÉΓòÉΓòÉΓòÉΓòÉΓòÉΓòÉΓòÉΓòÉΓòÉΓòÉΓòÉΓòÉΓòÉΓòÉΓòÉΓòÉΓòÉΓòÉΓòÉΓòÉΓòÉΓòÉΓòÉΓòÉΓòÉΓòÉΓòÉΓòÉΓòÉΓòÉΓòÉΓòÉΓòÉΓòÉΓòÉΓòÉΓòÉΓòÉΓòÉΓòÉΓòÉΓòÉΓòÉΓòÉΓòÉΓòÉΓòÉΓòÉΓòÉΓòÉΓòÉΓòÉΓòÉΓòÉΓòÉΓòÉΓòÉΓòÉΓòÉΓòÉΓòÉΓòÉΓòÉΓòÉΓòÉΓòÉΓòÉΓòÉΓòÉΓòÉΓòÉΓòÉΓòÉΓòÉΓòÉΓòÉΓòÉ
ΓòÉΓòÉΓòí EXCEPTION CAUGHT BY SCHEDULER LIBRARY Γò₧ΓòÉΓòÉΓòÉΓòÉΓòÉΓòÉΓòÉΓòÉΓòÉΓòÉΓòÉΓòÉΓòÉΓòÉΓòÉΓòÉΓòÉΓòÉΓòÉΓòÉΓòÉΓòÉΓòÉΓòÉΓòÉΓòÉΓòÉΓòÉΓòÉΓòÉΓòÉΓòÉΓòÉΓòÉΓòÉΓòÉΓòÉΓòÉΓòÉΓòÉΓòÉΓòÉΓòÉΓòÉΓòÉΓòÉΓòÉΓòÉΓòÉΓòÉΓòÉΓòÉΓòÉΓòÉΓòÉΓòÉΓòÉ
The following assertion was thrown during a scheduler callback:
'package:flutter/src/rendering/object.dart': Failed assertion: line 5696 pos 14:
'!childSemantics.renderObject._needsLayout': is not true.

Either the assertion indicates an error in the framework itself, or we should provide substantially
more information in this error message to help you determine and fix the underlying cause.
In either case, please report this assertion by filing a bug on GitHub:
  https://github.com/flutter/flutter/issues/new?template=02_bug.yml

When the exception was thrown, this was the stack:
#2      _RenderObjectSemantics._collectChildMergeUpAndSiblingGroup (package:flutter/src/rendering/object.dart:5696:14)
#3      _RenderObjectSemantics.updateChildren (package:flutter/src/rendering/object.dart:5573:50)
#4      _RenderObjectSemantics._didUpdateParentData (package:flutter/src/rendering/object.dart:5774:5)
#5      _RenderObjectSemantics._collectChildMergeUpAndSiblingGroup (package:flutter/src/rendering/object.dart:5697:22)
#6      _RenderObjectSemantics.updateChildren (package:flutter/src/rendering/object.dart:5573:50)
#7      _RenderObjectSemantics._didUpdateParentData (package:flutter/src/rendering/object.dart:5774:5)
#8      _RenderObjectSemantics._collectChildMergeUpAndSiblingGroup (package:flutter/src/rendering/object.dart:5697:22)
#9      _RenderObjectSemantics.updateChildren (package:flutter/src/rendering/object.dart:5573:50)
#10     _RenderObjectSemantics._didUpdateParentData (package:flutter/src/rendering/object.dart:5774:5)
#11     _RenderObjectSemantics._collectChildMergeUpAndSiblingGroup (package:flutter/src/rendering/object.dart:5697:22)
#12     _RenderObjectSemantics.updateChildren (package:flutter/src/rendering/object.dart:5573:50)
#13     _RenderObjectSemantics._didUpdateParentData (package:flutter/src/rendering/object.dart:5774:5)
#14     _RenderObjectSemantics._collectChildMergeUpAndSiblingGroup (package:flutter/src/rendering/object.dart:5697:22)
#15     _RenderObjectSemantics.updateChildren (package:flutter/src/rendering/object.dart:5573:50)
#16     _RenderObjectSemantics._didUpdateParentData (package:flutter/src/rendering/object.dart:5774:5)
#17     _RenderObjectSemantics._collectChildMergeUpAndSiblingGroup (package:flutter/src/rendering/object.dart:5697:22)
#18     _RenderObjectSemantics.updateChildren (package:flutter/src/rendering/object.dart:5573:50)
#19     _RenderObjectSemantics._didUpdateParentData (package:flutter/src/rendering/object.dart:5774:5)
#20     _RenderObjectSemantics._collectChildMergeUpAndSiblingGroup (package:flutter/src/rendering/object.dart:5697:22)
#21     _RenderObjectSemantics.updateChildren (package:flutter/src/rendering/object.dart:5573:50)
#22     _RenderObjectSemantics._didUpdateParentData (package:flutter/src/rendering/object.dart:5774:5)
#23     _RenderObjectSemantics._collectChildMergeUpAndSiblingGroup (package:flutter/src/rendering/object.dart:5697:22)
#24     _RenderObjectSemantics.updateChildren (package:flutter/src/rendering/object.dart:5573:50)
#25     _RenderObjectSemantics._didUpdateParentData (package:flutter/src/rendering/object.dart:5774:5)
#26     _RenderObjectSemantics._collectChildMergeUpAndSiblingGroup (package:flutter/src/rendering/object.dart:5697:22)
#27     _RenderObjectSemantics.updateChildren (package:flutter/src/rendering/object.dart:5573:50)
#28     _RenderObjectSemantics._didUpdateParentData (package:flutter/src/rendering/object.dart:5774:5)
#29     _RenderObjectSemantics._collectChildMergeUpAndSiblingGroup (package:flutter/src/rendering/object.dart:5697:22)
#30     _RenderObjectSemantics.updateChildren (package:flutter/src/rendering/object.dart:5573:50)
#31     _RenderObjectSemantics._didUpdateParentData (package:flutter/src/rendering/object.dart:5774:5)
#32     _RenderObjectSemantics._collectChildMergeUpAndSiblingGroup (package:flutter/src/rendering/object.dart:5697:22)
#33     _RenderObjectSemantics.updateChildren (package:flutter/src/rendering/object.dart:5573:50)
#34     _RenderObjectSemantics._didUpdateParentData (package:flutter/src/rendering/object.dart:5774:5)
#35     _RenderObjectSemantics._collectChildMergeUpAndSiblingGroup (package:flutter/src/rendering/object.dart:5697:22)
#36     _RenderObjectSemantics.updateChildren (package:flutter/src/rendering/object.dart:5573:50)
#37     _RenderObjectSemantics._didUpdateParentData (package:flutter/src/rendering/object.dart:5774:5)
#38     _RenderObjectSemantics._collectChildMergeUpAndSiblingGroup (package:flutter/src/rendering/object.dart:5697:22)
#39     _RenderObjectSemantics.updateChildren (package:flutter/src/rendering/object.dart:5573:50)
#40     _RenderObjectSemantics._didUpdateParentData (package:flutter/src/rendering/object.dart:5774:5)
#41     _RenderObjectSemantics._collectChildMergeUpAndSiblingGroup (package:flutter/src/rendering/object.dart:5697:22)
#42     _RenderObjectSemantics.updateChildren (package:flutter/src/rendering/object.dart:5573:50)
#43     _RenderObjectSemantics._didUpdateParentData (package:flutter/src/rendering/object.dart:5774:5)
#44     _RenderObjectSemantics._collectChildMergeUpAndSiblingGroup (package:flutter/src/rendering/object.dart:5697:22)
#45     _RenderObjectSemantics.updateChildren (package:flutter/src/rendering/object.dart:5573:50)
#46     _RenderObjectSemantics._didUpdateParentData (package:flutter/src/rendering/object.dart:5774:5)
#47     _RenderObjectSemantics._collectChildMergeUpAndSiblingGroup (package:flutter/src/rendering/object.dart:5697:22)
#48     _RenderObjectSemantics.updateChildren (package:flutter/src/rendering/object.dart:5573:50)
#49     _RenderObjectSemantics._didUpdateParentData (package:flutter/src/rendering/object.dart:5774:5)
#50     _RenderObjectSemantics._collectChildMergeUpAndSiblingGroup (package:flutter/src/rendering/object.dart:5697:22)
#51     _RenderObjectSemantics.updateChildren (package:flutter/src/rendering/object.dart:5573:50)
#52     _RenderObjectSemantics._didUpdateParentData (package:flutter/src/rendering/object.dart:5774:5)
#53     _RenderObjectSemantics._collectChildMergeUpAndSiblingGroup (package:flutter/src/rendering/object.dart:5697:22)
#54     _RenderObjectSemantics.updateChildren (package:flutter/src/rendering/object.dart:5573:50)
#55     _RenderObjectSemantics._didUpdateParentData (package:flutter/src/rendering/object.dart:5774:5)
#56     _RenderObjectSemantics._collectChildMergeUpAndSiblingGroup (package:flutter/src/rendering/object.dart:5697:22)
#57     _RenderObjectSemantics.updateChildren (package:flutter/src/rendering/object.dart:5573:50)
#58     _RenderObjectSemantics._didUpdateParentData (package:flutter/src/rendering/object.dart:5774:5)
#59     _RenderObjectSemantics._collectChildMergeUpAndSiblingGroup (package:flutter/src/rendering/object.dart:5697:22)
#60     _RenderObjectSemantics.updateChildren (package:flutter/src/rendering/object.dart:5573:50)
#61     _RenderObjectSemantics._didUpdateParentData (package:flutter/src/rendering/object.dart:5774:5)
#62     _RenderObjectSemantics._collectChildMergeUpAndSiblingGroup (package:flutter/src/rendering/object.dart:5697:22)
#63     _RenderObjectSemantics.updateChildren (package:flutter/src/rendering/object.dart:5573:50)
#64     _RenderObjectSemantics._didUpdateParentData (package:flutter/src/rendering/object.dart:5774:5)
#65     _RenderObjectSemantics._collectChildMergeUpAndSiblingGroup (package:flutter/src/rendering/object.dart:5697:22)
#66     _RenderObjectSemantics.updateChildren (package:flutter/src/rendering/object.dart:5573:50)
#67     _RenderObjectSemantics._didUpdateParentData (package:flutter/src/rendering/object.dart:5774:5)
#68     _RenderObjectSemantics._collectChildMergeUpAndSiblingGroup (package:flutter/src/rendering/object.dart:5697:22)
#69     _RenderObjectSemantics.updateChildren (package:flutter/src/rendering/object.dart:5573:50)
#70     _RenderObjectSemantics._didUpdateParentData (package:flutter/src/rendering/object.dart:5774:5)
#71     _RenderObjectSemantics._collectChildMergeUpAndSiblingGroup (package:flutter/src/rendering/object.dart:5697:22)
#72     _RenderObjectSemantics.updateChildren (package:flutter/src/rendering/object.dart:5573:50)
#73     _RenderObjectSemantics._didUpdateParentData (package:flutter/src/rendering/object.dart:5774:5)
#74     _RenderObjectSemantics._collectChildMergeUpAndSiblingGroup (package:flutter/src/rendering/object.dart:5697:22)
#75     _RenderObjectSemantics.updateChildren (package:flutter/src/rendering/object.dart:5573:50)
#76     _RenderObjectSemantics._didUpdateParentData (package:flutter/src/rendering/object.dart:5774:5)
#77     _RenderObjectSemantics._collectChildMergeUpAndSiblingGroup (package:flutter/src/rendering/object.dart:5697:22)
#78     _RenderObjectSemantics.updateChildren (package:flutter/src/rendering/object.dart:5573:50)
#79     _RenderObjectSemantics._didUpdateParentData (package:flutter/src/rendering/object.dart:5774:5)
#80     _RenderObjectSemantics._collectChildMergeUpAndSiblingGroup (package:flutter/src/rendering/object.dart:5697:22)
#81     _RenderObjectSemantics.updateChildren (package:flutter/src/rendering/object.dart:5573:50)
#82     _RenderObjectSemantics._didUpdateParentData (package:flutter/src/rendering/object.dart:5774:5)
#83     _RenderObjectSemantics._collectChildMergeUpAndSiblingGroup (package:flutter/src/rendering/object.dart:5697:22)
#84     _RenderObjectSemantics.updateChildren (package:flutter/src/rendering/object.dart:5573:50)
#85     _RenderObjectSemantics._didUpdateParentData (package:flutter/src/rendering/object.dart:5774:5)
#86     _RenderObjectSemantics._collectChildMergeUpAndSiblingGroup (package:flutter/src/rendering/object.dart:5697:22)
#87     _RenderObjectSemantics.updateChildren (package:flutter/src/rendering/object.dart:5573:50)
#88     _RenderObjectSemantics._didUpdateParentData (package:flutter/src/rendering/object.dart:5774:5)
#89     _RenderObjectSemantics._collectChildMergeUpAndSiblingGroup (package:flutter/src/rendering/object.dart:5697:22)
#90     _RenderObjectSemantics.updateChildren (package:flutter/src/rendering/object.dart:5573:50)
#91     _RenderObjectSemantics._didUpdateParentData (package:flutter/src/rendering/object.dart:5774:5)
#92     _RenderObjectSemantics._collectChildMergeUpAndSiblingGroup (package:flutter/src/rendering/object.dart:5697:22)
#93     _RenderObjectSemantics.updateChildren (package:flutter/src/rendering/object.dart:5573:50)
#94     _RenderObjectSemantics._didUpdateParentData (package:flutter/src/rendering/object.dart:5774:5)
#95     _RenderObjectSemantics._collectChildMergeUpAndSiblingGroup (package:flutter/src/rendering/object.dart:5697:22)
#96     _RenderObjectSemantics.updateChildren (package:flutter/src/rendering/object.dart:5573:50)
#97     _RenderObjectSemantics._didUpdateParentData (package:flutter/src/rendering/object.dart:5774:5)
#98     _RenderObjectSemantics._collectChildMergeUpAndSiblingGroup (package:flutter/src/rendering/object.dart:5697:22)
#99     _RenderObjectSemantics.updateChildren (package:flutter/src/rendering/object.dart:5573:50)
#100    _RenderObjectSemantics._didUpdateParentData (package:flutter/src/rendering/object.dart:5774:5)
#101    _RenderObjectSemantics._collectChildMergeUpAndSiblingGroup (package:flutter/src/rendering/object.dart:5697:22)
#102    _RenderObjectSemantics.updateChildren (package:flutter/src/rendering/object.dart:5573:50)
#103    _RenderObjectSemantics._didUpdateParentData (package:flutter/src/rendering/object.dart:5774:5)
#104    _RenderObjectSemantics._collectChildMergeUpAndSiblingGroup (package:flutter/src/rendering/object.dart:5697:22)
#105    _RenderObjectSemantics.updateChildren (package:flutter/src/rendering/object.dart:5573:50)
#106    _RenderObjectSemantics._didUpdateParentData (package:flutter/src/rendering/object.dart:5774:5)
#107    _RenderObjectSemantics._collectChildMergeUpAndSiblingGroup (package:flutter/src/rendering/object.dart:5697:22)
#108    _RenderObjectSemantics.updateChildren (package:flutter/src/rendering/object.dart:5573:50)
#109    _RenderObjectSemantics._didUpdateParentData (package:flutter/src/rendering/object.dart:5774:5)
#110    _RenderObjectSemantics._collectChildMergeUpAndSiblingGroup (package:flutter/src/rendering/object.dart:5697:22)
#111    _RenderObjectSemantics.updateChildren (package:flutter/src/rendering/object.dart:5573:50)
#112    _RenderObjectSemantics._didUpdateParentData (package:flutter/src/rendering/object.dart:5774:5)
#113    _RenderObjectSemantics._collectChildMergeUpAndSiblingGroup (package:flutter/src/rendering/object.dart:5697:22)
#114    _RenderObjectSemantics.updateChildren (package:flutter/src/rendering/object.dart:5573:50)
#115    _RenderObjectSemantics._didUpdateParentData (package:flutter/src/rendering/object.dart:5774:5)
#116    _RenderObjectSemantics._collectChildMergeUpAndSiblingGroup (package:flutter/src/rendering/object.dart:5697:22)
#117    _RenderObjectSemantics.updateChildren (package:flutter/src/rendering/object.dart:5573:50)
#118    _RenderObjectSemantics._didUpdateParentData (package:flutter/src/rendering/object.dart:5774:5)
#119    _RenderObjectSemantics._collectChildMergeUpAndSiblingGroup (package:flutter/src/rendering/object.dart:5697:22)
#120    _RenderObjectSemantics.updateChildren (package:flutter/src/rendering/object.dart:5573:50)
#121    _RenderObjectSemantics._didUpdateParentData (package:flutter/src/rendering/object.dart:5774:5)
#122    _RenderObjectSemantics._collectChildMergeUpAndSiblingGroup (package:flutter/src/rendering/object.dart:5697:22)
#123    _RenderObjectSemantics.updateChildren (package:flutter/src/rendering/object.dart:5573:50)
#124    _RenderObjectSemantics._didUpdateParentData (package:flutter/src/rendering/object.dart:5774:5)
#125    _RenderObjectSemantics._collectChildMergeUpAndSiblingGroup (package:flutter/src/rendering/object.dart:5697:22)
#126    _RenderObjectSemantics.updateChildren (package:flutter/src/rendering/object.dart:5573:50)
#127    _RenderObjectSemantics._didUpdateParentData (package:flutter/src/rendering/object.dart:5774:5)
#128    _RenderObjectSemantics._collectChildMergeUpAndSiblingGroup (package:flutter/src/rendering/object.dart:5697:22)
#129    _RenderObjectSemantics.updateChildren (package:flutter/src/rendering/object.dart:5573:50)
#130    _RenderObjectSemantics._didUpdateParentData (package:flutter/src/rendering/object.dart:5774:5)
#131    _RenderObjectSemantics._collectChildMergeUpAndSiblingGroup (package:flutter/src/rendering/object.dart:5697:22)
#132    _RenderObjectSemantics.updateChildren (package:flutter/src/rendering/object.dart:5573:50)
#133    _RenderObjectSemantics._didUpdateParentData (package:flutter/src/rendering/object.dart:5774:5)
#134    _RenderObjectSemantics._collectChildMergeUpAndSiblingGroup (package:flutter/src/rendering/object.dart:5697:22)
#135    _RenderObjectSemantics.updateChildren (package:flutter/src/rendering/object.dart:5573:50)
#136    _RenderObjectSemantics._didUpdateParentData (package:flutter/src/rendering/object.dart:5774:5)
#137    _RenderObjectSemantics._collectChildMergeUpAndSiblingGroup (package:flutter/src/rendering/object.dart:5697:22)
#138    _RenderObjectSemantics.updateChildren (package:flutter/src/rendering/object.dart:5573:50)
#139    _RenderObjectSemantics._didUpdateParentData (package:flutter/src/rendering/object.dart:5774:5)
#140    _RenderObjectSemantics._collectChildMergeUpAndSiblingGroup (package:flutter/src/rendering/object.dart:5697:22)
#141    _RenderObjectSemantics.updateChildren (package:flutter/src/rendering/object.dart:5573:50)
#142    _RenderObjectSemantics._didUpdateParentData (package:flutter/src/rendering/object.dart:5774:5)
#143    _RenderObjectSemantics._collectChildMergeUpAndSiblingGroup (package:flutter/src/rendering/object.dart:5697:22)
#144    _RenderObjectSemantics.updateChildren (package:flutter/src/rendering/object.dart:5573:50)
#145    _RenderObjectSemantics._didUpdateParentData (package:flutter/src/rendering/object.dart:5774:5)
#146    _RenderObjectSemantics._collectChildMergeUpAndSiblingGroup (package:flutter/src/rendering/object.dart:5697:22)
#147    _RenderObjectSemantics.updateChildren (package:flutter/src/rendering/object.dart:5573:50)
#148    _RenderObjectSemantics._didUpdateParentData (package:flutter/src/rendering/object.dart:5774:5)
#149    _RenderObjectSemantics._collectChildMergeUpAndSiblingGroup (package:flutter/src/rendering/object.dart:5697:22)
#150    _RenderObjectSemantics.updateChildren (package:flutter/src/rendering/object.dart:5573:50)
#151    _RenderObjectSemantics._didUpdateParentData (package:flutter/src/rendering/object.dart:5774:5)
#152    _RenderObjectSemantics._collectChildMergeUpAndSiblingGroup (package:flutter/src/rendering/object.dart:5697:22)
#153    _RenderObjectSemantics.updateChildren (package:flutter/src/rendering/object.dart:5573:50)
#154    _RenderObjectSemantics._didUpdateParentData (package:flutter/src/rendering/object.dart:5774:5)
#155    _RenderObjectSemantics._collectChildMergeUpAndSiblingGroup (package:flutter/src/rendering/object.dart:5697:22)
#156    _RenderObjectSemantics.updateChildren (package:flutter/src/rendering/object.dart:5573:50)
#157    _RenderObjectSemantics._didUpdateParentData (package:flutter/src/rendering/object.dart:5774:5)
#158    _RenderObjectSemantics._collectChildMergeUpAndSiblingGroup (package:flutter/src/rendering/object.dart:5697:22)
#159    _RenderObjectSemantics.updateChildren (package:flutter/src/rendering/object.dart:5573:50)
#160    _RenderObjectSemantics._didUpdateParentData (package:flutter/src/rendering/object.dart:5774:5)
#161    _RenderObjectSemantics._collectChildMergeUpAndSiblingGroup (package:flutter/src/rendering/object.dart:5697:22)
#162    _RenderObjectSemantics.updateChildren (package:flutter/src/rendering/object.dart:5573:50)
#163    _RenderObjectSemantics._didUpdateParentData (package:flutter/src/rendering/object.dart:5774:5)
#164    _RenderObjectSemantics._collectChildMergeUpAndSiblingGroup (package:flutter/src/rendering/object.dart:5697:22)
#165    _RenderObjectSemantics.updateChildren (package:flutter/src/rendering/object.dart:5573:50)
#166    _RenderObjectSemantics._didUpdateParentData (package:flutter/src/rendering/object.dart:5774:5)
#167    _RenderObjectSemantics._collectChildMergeUpAndSiblingGroup (package:flutter/src/rendering/object.dart:5697:22)
#168    _RenderObjectSemantics.updateChildren (package:flutter/src/rendering/object.dart:5573:50)
#169    _RenderObjectSemantics._didUpdateParentData (package:flutter/src/rendering/object.dart:5774:5)
#170    _RenderObjectSemantics._collectChildMergeUpAndSiblingGroup (package:flutter/src/rendering/object.dart:5697:22)
#171    _RenderObjectSemantics.updateChildren (package:flutter/src/rendering/object.dart:5573:50)
#172    _RenderObjectSemantics._didUpdateParentData (package:flutter/src/rendering/object.dart:5774:5)
#173    _RenderObjectSemantics._collectChildMergeUpAndSiblingGroup (package:flutter/src/rendering/object.dart:5697:22)
#174    _RenderObjectSemantics.updateChildren (package:flutter/src/rendering/object.dart:5573:50)
#175    PipelineOwner.flushSemantics (package:flutter/src/rendering/object.dart:1470:25)
#176    PipelineOwner.flushSemantics (package:flutter/src/rendering/object.dart:1514:15)
#177    AutomatedTestWidgetsFlutterBinding.drawFrame (package:flutter_test/src/binding.dart:1519:35)
#178    RendererBinding._handlePersistentFrameCallback (package:flutter/src/rendering/binding.dart:495:5)
#179    SchedulerBinding._invokeFrameCallback (package:flutter/src/scheduler/binding.dart:1434:15)
#180    SchedulerBinding.handleDrawFrame (package:flutter/src/scheduler/binding.dart:1347:9)
#181    AutomatedTestWidgetsFlutterBinding.pump.<anonymous closure> (package:flutter_test/src/binding.dart:1335:9)
#184    TestAsyncUtils.guard (package:flutter_test/src/test_async_utils.dart:74:41)
#185    AutomatedTestWidgetsFlutterBinding.pump (package:flutter_test/src/binding.dart:1324:27)
#186    WidgetTester.pumpAndSettle.<anonymous closure> (package:flutter_test/src/widget_tester.dart:719:23)
<asynchronous suspension>
#187    TestAsyncUtils.guard.<anonymous closure> (package:flutter_test/src/test_async_utils.dart:130:27)
<asynchronous suspension>
#188    main.<anonymous closure> (file:///D:/Mystery/programming/projects/PYTHON_PROJECTS/focus/focus_gg/focus_flutter/test/widget_test.dart:20:5)
<asynchronous suspension>
#189    testWidgets.<anonymous closure>.<anonymous closure> (package:flutter_test/src/widget_tester.dart:192:15)
<asynchronous suspension>
#190    TestWidgetsFlutterBinding._runTestBody (package:flutter_test/src/binding.dart:1059:5)
<asynchronous suspension>
<asynchronous suspension>
(elided 5 frames from class _AssertionError, dart:async, and package:stack_trace)
ΓòÉΓòÉΓòÉΓòÉΓòÉΓòÉΓòÉΓòÉΓòÉΓòÉΓòÉΓòÉΓòÉΓòÉΓòÉΓòÉΓòÉΓòÉΓòÉΓòÉΓòÉΓòÉΓòÉΓòÉΓòÉΓòÉΓòÉΓòÉΓòÉΓòÉΓòÉΓòÉΓòÉΓòÉΓòÉΓòÉΓòÉΓòÉΓòÉΓòÉΓòÉΓòÉΓòÉΓòÉΓòÉΓòÉΓòÉΓòÉΓòÉΓòÉΓòÉΓòÉΓòÉΓòÉΓòÉΓòÉΓòÉΓòÉΓòÉΓòÉΓòÉΓòÉΓòÉΓòÉΓòÉΓòÉΓòÉΓòÉΓòÉΓòÉΓòÉΓòÉΓòÉΓòÉΓòÉΓòÉΓòÉΓòÉΓòÉΓòÉΓòÉΓòÉΓòÉΓòÉΓòÉΓòÉΓòÉΓòÉΓòÉΓòÉΓòÉΓòÉΓòÉΓòÉΓòÉΓòÉΓòÉΓòÉΓòÉΓòÉ
ΓòÉΓòÉΓòí EXCEPTION CAUGHT BY RENDERING LIBRARY Γò₧ΓòÉΓòÉΓòÉΓòÉΓòÉΓòÉΓòÉΓòÉΓòÉΓòÉΓòÉΓòÉΓòÉΓòÉΓòÉΓòÉΓòÉΓòÉΓòÉΓòÉΓòÉΓòÉΓòÉΓòÉΓòÉΓòÉΓòÉΓòÉΓòÉΓòÉΓòÉΓòÉΓòÉΓòÉΓòÉΓòÉΓòÉΓòÉΓòÉΓòÉΓòÉΓòÉΓòÉΓòÉΓòÉΓòÉΓòÉΓòÉΓòÉΓòÉΓòÉΓòÉΓòÉΓòÉΓòÉΓòÉΓòÉ
The following assertion was thrown during performLayout():
'package:flutter/src/rendering/object.dart': Failed assertion: line 2709 pos 12:
'!_debugDoingThisLayout': is not true.

Either the assertion indicates an error in the framework itself, or we should provide substantially
more information in this error message to help you determine and fix the underlying cause.
In either case, please report this assertion by filing a bug on GitHub:
  https://github.com/flutter/flutter/issues/new?template=02_bug.yml

The relevant error-causing widget was:
  Column
  Column:file:///D:/Mystery/programming/projects/PYTHON_PROJECTS/focus/focus_gg/focus_flutter/lib/features/dashboard/dashboard_screen.dart:267:22

When the exception was thrown, this was the stack:
#2      RenderObject.layout (package:flutter/src/rendering/object.dart:2709:12)
#3      ChildLayoutHelper.layoutChild (package:flutter/src/rendering/layout_helper.dart:62:11)
#4      RenderFlex._computeSizes (package:flutter/src/rendering/flex.dart:1161:28)
#5      RenderFlex.performLayout (package:flutter/src/rendering/flex.dart:1257:32)
#6      RenderObject.layout (package:flutter/src/rendering/object.dart:2775:7)
#7      _RenderLayoutBuilder.performLayout (package:flutter/src/widgets/layout_builder.dart:450:14)
#8      RenderObject.layout (package:flutter/src/rendering/object.dart:2775:7)
#9      RenderPadding.performLayout (package:flutter/src/rendering/shifted_box.dart:243:12)
#10     RenderObject.layout (package:flutter/src/rendering/object.dart:2775:7)
#11     ChildLayoutHelper.layoutChild (package:flutter/src/rendering/layout_helper.dart:62:11)
#12     RenderStack._computeSize (package:flutter/src/rendering/stack.dart:645:43)
#13     RenderStack.performLayout (package:flutter/src/rendering/stack.dart:680:12)
#14     RenderObject.layout (package:flutter/src/rendering/object.dart:2775:7)
#15     RenderPadding.performLayout (package:flutter/src/rendering/shifted_box.dart:243:12)
#16     RenderObject.layout (package:flutter/src/rendering/object.dart:2775:7)
#17     RenderProxyBoxMixin.performLayout (package:flutter/src/rendering/proxy_box.dart:115:18)
#18     RenderObject.layout (package:flutter/src/rendering/object.dart:2775:7)
#19     ChildLayoutHelper.layoutChild (package:flutter/src/rendering/layout_helper.dart:62:11)
#20     RenderStack._computeSize (package:flutter/src/rendering/stack.dart:645:43)
#21     RenderStack.performLayout (package:flutter/src/rendering/stack.dart:680:12)
#22     RenderObject.layout (package:flutter/src/rendering/object.dart:2775:7)
#23     RenderProxyBoxMixin.performLayout (package:flutter/src/rendering/proxy_box.dart:115:18)
#24     RenderObject.layout (package:flutter/src/rendering/object.dart:2775:7)
#25     RenderProxyBoxMixin.performLayout (package:flutter/src/rendering/proxy_box.dart:115:18)
#26     RenderObject.layout (package:flutter/src/rendering/object.dart:2775:7)
#27     ChildLayoutHelper.layoutChild (package:flutter/src/rendering/layout_helper.dart:62:11)
#28     RenderStack._computeSize (package:flutter/src/rendering/stack.dart:645:43)
#29     RenderStack.performLayout (package:flutter/src/rendering/stack.dart:680:12)
#30     RenderObject.layout (package:flutter/src/rendering/object.dart:2775:7)
#31     RenderProxyBoxMixin.performLayout (package:flutter/src/rendering/proxy_box.dart:115:18)
#32     RenderObject.layout (package:flutter/src/rendering/object.dart:2775:7)
#33     RenderProxyBoxMixin.performLayout (package:flutter/src/rendering/proxy_box.dart:115:18)
#34     RenderObject.layout (package:flutter/src/rendering/object.dart:2775:7)
#35     ChildLayoutHelper.layoutChild (package:flutter/src/rendering/layout_helper.dart:62:11)
#36     RenderFlex._computeSizes (package:flutter/src/rendering/flex.dart:1161:28)
#37     RenderFlex.performLayout (package:flutter/src/rendering/flex.dart:1257:32)
#38     RenderObject.layout (package:flutter/src/rendering/object.dart:2775:7)
#39     RenderPadding.performLayout (package:flutter/src/rendering/shifted_box.dart:243:12)
#40     RenderObject.layout (package:flutter/src/rendering/object.dart:2775:7)
#41     RenderConstrainedBox.performLayout (package:flutter/src/rendering/proxy_box.dart:293:14)
#42     RenderObject.layout (package:flutter/src/rendering/object.dart:2775:7)
#43     RenderPositionedBox.performLayout (package:flutter/src/rendering/shifted_box.dart:465:14)
#44     RenderObject.layout (package:flutter/src/rendering/object.dart:2775:7)
#45     RenderPadding.performLayout (package:flutter/src/rendering/shifted_box.dart:243:12)
#46     RenderObject.layout (package:flutter/src/rendering/object.dart:2775:7)
#47     _RenderSingleChildViewport.performLayout (package:flutter/src/widgets/single_child_scroll_view.dart:502:14)
#48     RenderObject.layout (package:flutter/src/rendering/object.dart:2775:7)
#49     RenderProxyBoxMixin.performLayout (package:flutter/src/rendering/proxy_box.dart:115:18)
#50     RenderObject.layout (package:flutter/src/rendering/object.dart:2775:7)
#51     RenderProxyBoxMixin.performLayout (package:flutter/src/rendering/proxy_box.dart:115:18)
#52     RenderObject.layout (package:flutter/src/rendering/object.dart:2775:7)
#53     RenderProxyBoxMixin.performLayout (package:flutter/src/rendering/proxy_box.dart:115:18)
#54     RenderObject.layout (package:flutter/src/rendering/object.dart:2775:7)
#55     RenderProxyBoxMixin.performLayout (package:flutter/src/rendering/proxy_box.dart:115:18)
#56     RenderObject.layout (package:flutter/src/rendering/object.dart:2775:7)
#57     RenderProxyBoxMixin.performLayout (package:flutter/src/rendering/proxy_box.dart:115:18)
#58     RenderObject.layout (package:flutter/src/rendering/object.dart:2775:7)
#59     RenderProxyBoxMixin.performLayout (package:flutter/src/rendering/proxy_box.dart:115:18)
#60     RenderObject.layout (package:flutter/src/rendering/object.dart:2775:7)
#61     RenderProxyBoxMixin.performLayout (package:flutter/src/rendering/proxy_box.dart:115:18)
#62     RenderObject.layout (package:flutter/src/rendering/object.dart:2775:7)
#63     RenderProxyBoxMixin.performLayout (package:flutter/src/rendering/proxy_box.dart:115:18)
#64     _RenderCustomClip.performLayout (package:flutter/src/rendering/proxy_box.dart:1481:11)
#65     RenderObject.layout (package:flutter/src/rendering/object.dart:2775:7)
#66     MultiChildLayoutDelegate.layoutChild (package:flutter/src/rendering/custom_layout.dart:180:12)
#67     _ScaffoldLayout.performLayout (package:flutter/src/material/scaffold.dart:1112:7)
#68     MultiChildLayoutDelegate._callPerformLayout (package:flutter/src/rendering/custom_layout.dart:249:7)
#69     RenderCustomMultiChildLayoutBox.performLayout (package:flutter/src/rendering/custom_layout.dart:420:14)
#70     RenderObject._layoutWithoutResize (package:flutter/src/rendering/object.dart:2623:7)
#71     PipelineOwner.flushLayout (package:flutter/src/rendering/object.dart:1170:18)
#72     PipelineOwner.flushLayout (package:flutter/src/rendering/object.dart:1183:15)
#73     AutomatedTestWidgetsFlutterBinding.drawFrame (package:flutter_test/src/binding.dart:1508:27)
#74     RendererBinding._handlePersistentFrameCallback (package:flutter/src/rendering/binding.dart:495:5)
#75     SchedulerBinding._invokeFrameCallback (package:flutter/src/scheduler/binding.dart:1434:15)
#76     SchedulerBinding.handleDrawFrame (package:flutter/src/scheduler/binding.dart:1347:9)
#77     AutomatedTestWidgetsFlutterBinding.pump.<anonymous closure> (package:flutter_test/src/binding.dart:1335:9)
#80     TestAsyncUtils.guard (package:flutter_test/src/test_async_utils.dart:74:41)
#81     AutomatedTestWidgetsFlutterBinding.pump (package:flutter_test/src/binding.dart:1324:27)
#82     WidgetTester.pumpAndSettle.<anonymous closure> (package:flutter_test/src/widget_tester.dart:719:23)
<asynchronous suspension>
#83     TestAsyncUtils.guard.<anonymous closure> (package:flutter_test/src/test_async_utils.dart:130:27)
<asynchronous suspension>
#84     main.<anonymous closure> (file:///D:/Mystery/programming/projects/PYTHON_PROJECTS/focus/focus_gg/focus_flutter/test/widget_test.dart:20:5)
<asynchronous suspension>
#85     testWidgets.<anonymous closure>.<anonymous closure> (package:flutter_test/src/widget_tester.dart:192:15)
<asynchronous suspension>
#86     TestWidgetsFlutterBinding._runTestBody (package:flutter_test/src/binding.dart:1059:5)
<asynchronous suspension>
<asynchronous suspension>
(elided 5 frames from class _AssertionError, dart:async, and package:stack_trace)

The following RenderObject was being processed when the exception was fired: RenderFlex#aa1cb relayoutBoundary=up26 NEEDS-LAYOUT NEEDS-PAINT:
  creator: Column ΓåÉ LayoutBuilder ΓåÉ Padding ΓåÉ Stack ΓåÉ Padding ΓåÉ DecoratedBox ΓåÉ Container ΓåÉ Stack ΓåÉ
    Listener ΓåÉ _GestureSemantics ΓåÉ RawGestureDetector ΓåÉ GestureDetector ΓåÉ Γï»
  parentData: offset=Offset(0.0, 0.0) (can use size)
  constraints: BoxConstraints(0.0<=w<=718.0, 0.0<=h<=Infinity)
  size: MISSING
  direction: vertical
  mainAxisAlignment: start
  mainAxisSize: max
  crossAxisAlignment: stretch
  verticalDirection: down
  spacing: 0.0
This RenderObject had the following descendants (showing up to depth 5):
    child 1: RenderPositionedBox#5029c relayoutBoundary=up27 NEEDS-PAINT
      child: RenderDecoratedBox#d57f4 relayoutBoundary=up28 NEEDS-PAINT
        child: RenderPadding#50332 relayoutBoundary=up29 NEEDS-PAINT
          child: RenderParagraph#90228 relayoutBoundary=up30 NEEDS-PAINT
            text: TextSpan
    child 2: RenderConstrainedBox#a0fd6 relayoutBoundary=up27 NEEDS-PAINT
    child 3: RenderFlex#b3cf9 relayoutBoundary=up27 NEEDS-PAINT
      child 1: RenderFlex#f1f04 relayoutBoundary=up28 NEEDS-PAINT
        child 1: RenderFittedBox#b6007 relayoutBoundary=up29 NEEDS-PAINT
          child: RenderFlex#d6f17 relayoutBoundary=up30 NEEDS-PAINT
            child 1: RenderParagraph#67186 relayoutBoundary=up31 NEEDS-PAINT
            child 2: RenderConstrainedBox#5085d relayoutBoundary=up31 NEEDS-PAINT
            child 3: RenderPadding#7cb01 relayoutBoundary=up31 NEEDS-PAINT
        child 2: RenderConstrainedBox#6aabe relayoutBoundary=up29 NEEDS-PAINT
        child 3: RenderPadding#62bef relayoutBoundary=up29 NEEDS-PAINT
          child: RenderFlex#7ce43 relayoutBoundary=up30 NEEDS-PAINT
            child 1: RenderConstrainedBox#d52ad relayoutBoundary=up31 NEEDS-PAINT
            child 2: RenderParagraph#8b3d0 relayoutBoundary=up31 NEEDS-PAINT
        child 4: RenderPadding#e6854 relayoutBoundary=up29 NEEDS-PAINT
          child: RenderFlex#65ef6 relayoutBoundary=up30 NEEDS-PAINT
            child 1: RenderConstrainedBox#fdc29 relayoutBoundary=up31 NEEDS-PAINT
            child 2: RenderParagraph#bab90 relayoutBoundary=up31 NEEDS-PAINT
        child 5: RenderPadding#ab2e0 relayoutBoundary=up29 NEEDS-PAINT
          child: RenderFlex#056f0 relayoutBoundary=up30 NEEDS-PAINT
            child 1: RenderConstrainedBox#3f59d relayoutBoundary=up31 NEEDS-PAINT
            child 2: RenderParagraph#76843 relayoutBoundary=up31 NEEDS-PAINT
    ...(descendants list truncated after 25 lines)
ΓòÉΓòÉΓòÉΓòÉΓòÉΓòÉΓòÉΓòÉΓòÉΓòÉΓòÉΓòÉΓòÉΓòÉΓòÉΓòÉΓòÉΓòÉΓòÉΓòÉΓòÉΓòÉΓòÉΓòÉΓòÉΓòÉΓòÉΓòÉΓòÉΓòÉΓòÉΓòÉΓòÉΓòÉΓòÉΓòÉΓòÉΓòÉΓòÉΓòÉΓòÉΓòÉΓòÉΓòÉΓòÉΓòÉΓòÉΓòÉΓòÉΓòÉΓòÉΓòÉΓòÉΓòÉΓòÉΓòÉΓòÉΓòÉΓòÉΓòÉΓòÉΓòÉΓòÉΓòÉΓòÉΓòÉΓòÉΓòÉΓòÉΓòÉΓòÉΓòÉΓòÉΓòÉΓòÉΓòÉΓòÉΓòÉΓòÉΓòÉΓòÉΓòÉΓòÉΓòÉΓòÉΓòÉΓòÉΓòÉΓòÉΓòÉΓòÉΓòÉΓòÉΓòÉΓòÉΓòÉΓòÉΓòÉΓòÉΓòÉ
ΓòÉΓòÉΓòí EXCEPTION CAUGHT BY RENDERING LIBRARY Γò₧ΓòÉΓòÉΓòÉΓòÉΓòÉΓòÉΓòÉΓòÉΓòÉΓòÉΓòÉΓòÉΓòÉΓòÉΓòÉΓòÉΓòÉΓòÉΓòÉΓòÉΓòÉΓòÉΓòÉΓòÉΓòÉΓòÉΓòÉΓòÉΓòÉΓòÉΓòÉΓòÉΓòÉΓòÉΓòÉΓòÉΓòÉΓòÉΓòÉΓòÉΓòÉΓòÉΓòÉΓòÉΓòÉΓòÉΓòÉΓòÉΓòÉΓòÉΓòÉΓòÉΓòÉΓòÉΓòÉΓòÉΓòÉ
The following assertion was thrown during performLayout():
RenderBox was not laid out: RenderFlex#aa1cb relayoutBoundary=up26 NEEDS-PAINT
'package:flutter/src/rendering/box.dart':
Failed assertion: line 2251 pos 12: 'hasSize'

Either the assertion indicates an error in the framework itself, or we should provide substantially
more information in this error message to help you determine and fix the underlying cause.
In either case, please report this assertion by filing a bug on GitHub:
  https://github.com/flutter/flutter/issues/new?template=02_bug.yml

The relevant error-causing widget was:
  LayoutBuilder
  LayoutBuilder:file:///D:/Mystery/programming/projects/PYTHON_PROJECTS/focus/focus_gg/focus_flutter/lib/features/dashboard/dashboard_screen.dart:197:18

When the exception was thrown, this was the stack:
#2      RenderBox.size (package:flutter/src/rendering/box.dart:2251:12)
#3      _RenderLayoutBuilder.performLayout (package:flutter/src/widgets/layout_builder.dart:451:43)
#4      RenderObject.layout (package:flutter/src/rendering/object.dart:2775:7)
#5      RenderPadding.performLayout (package:flutter/src/rendering/shifted_box.dart:243:12)
#6      RenderObject.layout (package:flutter/src/rendering/object.dart:2775:7)
#7      ChildLayoutHelper.layoutChild (package:flutter/src/rendering/layout_helper.dart:62:11)
#8      RenderStack._computeSize (package:flutter/src/rendering/stack.dart:645:43)
#9      RenderStack.performLayout (package:flutter/src/rendering/stack.dart:680:12)
#10     RenderObject.layout (package:flutter/src/rendering/object.dart:2775:7)
#11     RenderPadding.performLayout (package:flutter/src/rendering/shifted_box.dart:243:12)
#12     RenderObject.layout (package:flutter/src/rendering/object.dart:2775:7)
#13     RenderProxyBoxMixin.performLayout (package:flutter/src/rendering/proxy_box.dart:115:18)
#14     RenderObject.layout (package:flutter/src/rendering/object.dart:2775:7)
#15     ChildLayoutHelper.layoutChild (package:flutter/src/rendering/layout_helper.dart:62:11)
#16     RenderStack._computeSize (package:flutter/src/rendering/stack.dart:645:43)
#17     RenderStack.performLayout (package:flutter/src/rendering/stack.dart:680:12)
#18     RenderObject.layout (package:flutter/src/rendering/object.dart:2775:7)
#19     RenderProxyBoxMixin.performLayout (package:flutter/src/rendering/proxy_box.dart:115:18)
#20     RenderObject.layout (package:flutter/src/rendering/object.dart:2775:7)
#21     RenderProxyBoxMixin.performLayout (package:flutter/src/rendering/proxy_box.dart:115:18)
#22     RenderObject.layout (package:flutter/src/rendering/object.dart:2775:7)
#23     ChildLayoutHelper.layoutChild (package:flutter/src/rendering/layout_helper.dart:62:11)
#24     RenderStack._computeSize (package:flutter/src/rendering/stack.dart:645:43)
#25     RenderStack.performLayout (package:flutter/src/rendering/stack.dart:680:12)
#26     RenderObject.layout (package:flutter/src/rendering/object.dart:2775:7)
#27     RenderProxyBoxMixin.performLayout (package:flutter/src/rendering/proxy_box.dart:115:18)
#28     RenderObject.layout (package:flutter/src/rendering/object.dart:2775:7)
#29     RenderProxyBoxMixin.performLayout (package:flutter/src/rendering/proxy_box.dart:115:18)
#30     RenderObject.layout (package:flutter/src/rendering/object.dart:2775:7)
#31     ChildLayoutHelper.layoutChild (package:flutter/src/rendering/layout_helper.dart:62:11)
#32     RenderFlex._computeSizes (package:flutter/src/rendering/flex.dart:1161:28)
#33     RenderFlex.performLayout (package:flutter/src/rendering/flex.dart:1257:32)
#34     RenderObject.layout (package:flutter/src/rendering/object.dart:2775:7)
#35     RenderPadding.performLayout (package:flutter/src/rendering/shifted_box.dart:243:12)
#36     RenderObject.layout (package:flutter/src/rendering/object.dart:2775:7)
#37     RenderConstrainedBox.performLayout (package:flutter/src/rendering/proxy_box.dart:293:14)
#38     RenderObject.layout (package:flutter/src/rendering/object.dart:2775:7)
#39     RenderPositionedBox.performLayout (package:flutter/src/rendering/shifted_box.dart:465:14)
#40     RenderObject.layout (package:flutter/src/rendering/object.dart:2775:7)
#41     RenderPadding.performLayout (package:flutter/src/rendering/shifted_box.dart:243:12)
#42     RenderObject.layout (package:flutter/src/rendering/object.dart:2775:7)
#43     _RenderSingleChildViewport.performLayout (package:flutter/src/widgets/single_child_scroll_view.dart:502:14)
#44     RenderObject.layout (package:flutter/src/rendering/object.dart:2775:7)
#45     RenderProxyBoxMixin.performLayout (package:flutter/src/rendering/proxy_box.dart:115:18)
#46     RenderObject.layout (package:flutter/src/rendering/object.dart:2775:7)
#47     RenderProxyBoxMixin.performLayout (package:flutter/src/rendering/proxy_box.dart:115:18)
#48     RenderObject.layout (package:flutter/src/rendering/object.dart:2775:7)
#49     RenderProxyBoxMixin.performLayout (package:flutter/src/rendering/proxy_box.dart:115:18)
#50     RenderObject.layout (package:flutter/src/rendering/object.dart:2775:7)
#51     RenderProxyBoxMixin.performLayout (package:flutter/src/rendering/proxy_box.dart:115:18)
#52     RenderObject.layout (package:flutter/src/rendering/object.dart:2775:7)
#53     RenderProxyBoxMixin.performLayout (package:flutter/src/rendering/proxy_box.dart:115:18)
#54     RenderObject.layout (package:flutter/src/rendering/object.dart:2775:7)
#55     RenderProxyBoxMixin.performLayout (package:flutter/src/rendering/proxy_box.dart:115:18)
#56     RenderObject.layout (package:flutter/src/rendering/object.dart:2775:7)
#57     RenderProxyBoxMixin.performLayout (package:flutter/src/rendering/proxy_box.dart:115:18)
#58     RenderObject.layout (package:flutter/src/rendering/object.dart:2775:7)
#59     RenderProxyBoxMixin.performLayout (package:flutter/src/rendering/proxy_box.dart:115:18)
#60     _RenderCustomClip.performLayout (package:flutter/src/rendering/proxy_box.dart:1481:11)
#61     RenderObject.layout (package:flutter/src/rendering/object.dart:2775:7)
#62     MultiChildLayoutDelegate.layoutChild (package:flutter/src/rendering/custom_layout.dart:180:12)
#63     _ScaffoldLayout.performLayout (package:flutter/src/material/scaffold.dart:1112:7)
#64     MultiChildLayoutDelegate._callPerformLayout (package:flutter/src/rendering/custom_layout.dart:249:7)
#65     RenderCustomMultiChildLayoutBox.performLayout (package:flutter/src/rendering/custom_layout.dart:420:14)
#66     RenderObject._layoutWithoutResize (package:flutter/src/rendering/object.dart:2623:7)
#67     PipelineOwner.flushLayout (package:flutter/src/rendering/object.dart:1170:18)
#68     PipelineOwner.flushLayout (package:flutter/src/rendering/object.dart:1183:15)
#69     AutomatedTestWidgetsFlutterBinding.drawFrame (package:flutter_test/src/binding.dart:1508:27)
#70     RendererBinding._handlePersistentFrameCallback (package:flutter/src/rendering/binding.dart:495:5)
#71     SchedulerBinding._invokeFrameCallback (package:flutter/src/scheduler/binding.dart:1434:15)
#72     SchedulerBinding.handleDrawFrame (package:flutter/src/scheduler/binding.dart:1347:9)
#73     AutomatedTestWidgetsFlutterBinding.pump.<anonymous closure> (package:flutter_test/src/binding.dart:1335:9)
#76     TestAsyncUtils.guard (package:flutter_test/src/test_async_utils.dart:74:41)
#77     AutomatedTestWidgetsFlutterBinding.pump (package:flutter_test/src/binding.dart:1324:27)
#78     WidgetTester.pumpAndSettle.<anonymous closure> (package:flutter_test/src/widget_tester.dart:719:23)
<asynchronous suspension>
#79     TestAsyncUtils.guard.<anonymous closure> (package:flutter_test/src/test_async_utils.dart:130:27)
<asynchronous suspension>
#80     main.<anonymous closure> (file:///D:/Mystery/programming/projects/PYTHON_PROJECTS/focus/focus_gg/focus_flutter/test/widget_test.dart:20:5)
<asynchronous suspension>
#81     testWidgets.<anonymous closure>.<anonymous closure> (package:flutter_test/src/widget_tester.dart:192:15)
<asynchronous suspension>
#82     TestWidgetsFlutterBinding._runTestBody (package:flutter_test/src/binding.dart:1059:5)
<asynchronous suspension>
<asynchronous suspension>
(elided 5 frames from class _AssertionError, dart:async, and package:stack_trace)

The following RenderObject was being processed when the exception was fired: _RenderLayoutBuilder#af538 relayoutBoundary=up25 NEEDS-LAYOUT NEEDS-PAINT:
  creator: LayoutBuilder ΓåÉ Padding ΓåÉ Stack ΓåÉ Padding ΓåÉ DecoratedBox ΓåÉ Container ΓåÉ Stack ΓåÉ Listener ΓåÉ
    _GestureSemantics ΓåÉ RawGestureDetector ΓåÉ GestureDetector ΓåÉ CyberCard ΓåÉ Γï»
  parentData: offset=Offset(16.0, 16.0) (can use size)
  constraints: BoxConstraints(0.0<=w<=718.0, 0.0<=h<=Infinity)
  size: MISSING
This RenderObject had the following descendants (showing up to depth 5):
    child: RenderFlex#aa1cb relayoutBoundary=up26 NEEDS-PAINT
      child 1: RenderPositionedBox#5029c relayoutBoundary=up27 NEEDS-PAINT
        child: RenderDecoratedBox#d57f4 relayoutBoundary=up28 NEEDS-PAINT
          child: RenderPadding#50332 relayoutBoundary=up29 NEEDS-PAINT
            child: RenderParagraph#90228 relayoutBoundary=up30 NEEDS-PAINT
      child 2: RenderConstrainedBox#a0fd6 relayoutBoundary=up27 NEEDS-PAINT
      child 3: RenderFlex#b3cf9 relayoutBoundary=up27 NEEDS-PAINT
        child 1: RenderFlex#f1f04 relayoutBoundary=up28 NEEDS-PAINT
          child 1: RenderFittedBox#b6007 relayoutBoundary=up29 NEEDS-PAINT
            child: RenderFlex#d6f17 relayoutBoundary=up30 NEEDS-PAINT
          child 2: RenderConstrainedBox#6aabe relayoutBoundary=up29 NEEDS-PAINT
          child 3: RenderPadding#62bef relayoutBoundary=up29 NEEDS-PAINT
            child: RenderFlex#7ce43 relayoutBoundary=up30 NEEDS-PAINT
          child 4: RenderPadding#e6854 relayoutBoundary=up29 NEEDS-PAINT
            child: RenderFlex#65ef6 relayoutBoundary=up30 NEEDS-PAINT
          child 5: RenderPadding#ab2e0 relayoutBoundary=up29 NEEDS-PAINT
            child: RenderFlex#056f0 relayoutBoundary=up30 NEEDS-PAINT
        child 2: RenderConstrainedBox#47fa4 relayoutBoundary=up28 NEEDS-PAINT
        child 3: RenderFlex#cfa20 relayoutBoundary=up28 NEEDS-PAINT
          child 1: RenderFlex#e845d relayoutBoundary=up29 NEEDS-PAINT
            child 1: RenderPadding#72fd1 relayoutBoundary=up30 NEEDS-PAINT
            child 2: RenderPhysicalModel#e7b79 relayoutBoundary=up30 NEEDS-PAINT
          child 2: RenderConstrainedBox#fe7ce relayoutBoundary=up29 NEEDS-PAINT
          child 3: RenderFlex#ca726 relayoutBoundary=up29 NEEDS-PAINT
            child 1: RenderPadding#b96a6 relayoutBoundary=up30 NEEDS-PAINT
            child 2: RenderPhysicalModel#3f598 relayoutBoundary=up30 NEEDS-PAINT
          child 4: RenderConstrainedBox#6f87b relayoutBoundary=up29 NEEDS-PAINT
          child 5: RenderFlex#5d15d relayoutBoundary=up29 NEEDS-PAINT
            child 1: RenderPadding#776a6 relayoutBoundary=up30 NEEDS-PAINT
    ...(descendants list truncated after 25 lines)
ΓòÉΓòÉΓòÉΓòÉΓòÉΓòÉΓòÉΓòÉΓòÉΓòÉΓòÉΓòÉΓòÉΓòÉΓòÉΓòÉΓòÉΓòÉΓòÉΓòÉΓòÉΓòÉΓòÉΓòÉΓòÉΓòÉΓòÉΓòÉΓòÉΓòÉΓòÉΓòÉΓòÉΓòÉΓòÉΓòÉΓòÉΓòÉΓòÉΓòÉΓòÉΓòÉΓòÉΓòÉΓòÉΓòÉΓòÉΓòÉΓòÉΓòÉΓòÉΓòÉΓòÉΓòÉΓòÉΓòÉΓòÉΓòÉΓòÉΓòÉΓòÉΓòÉΓòÉΓòÉΓòÉΓòÉΓòÉΓòÉΓòÉΓòÉΓòÉΓòÉΓòÉΓòÉΓòÉΓòÉΓòÉΓòÉΓòÉΓòÉΓòÉΓòÉΓòÉΓòÉΓòÉΓòÉΓòÉΓòÉΓòÉΓòÉΓòÉΓòÉΓòÉΓòÉΓòÉΓòÉΓòÉΓòÉΓòÉΓòÉ
ΓòÉΓòÉΓòí EXCEPTION CAUGHT BY RENDERING LIBRARY Γò₧ΓòÉΓòÉΓòÉΓòÉΓòÉΓòÉΓòÉΓòÉΓòÉΓòÉΓòÉΓòÉΓòÉΓòÉΓòÉΓòÉΓòÉΓòÉΓòÉΓòÉΓòÉΓòÉΓòÉΓòÉΓòÉΓòÉΓòÉΓòÉΓòÉΓòÉΓòÉΓòÉΓòÉΓòÉΓòÉΓòÉΓòÉΓòÉΓòÉΓòÉΓòÉΓòÉΓòÉΓòÉΓòÉΓòÉΓòÉΓòÉΓòÉΓòÉΓòÉΓòÉΓòÉΓòÉΓòÉΓòÉΓòÉ
The following assertion was thrown during performLayout():
RenderBox was not laid out: _RenderLayoutBuilder#af538 relayoutBoundary=up25 NEEDS-PAINT
'package:flutter/src/rendering/box.dart':
Failed assertion: line 2251 pos 12: 'hasSize'

Either the assertion indicates an error in the framework itself, or we should provide substantially
more information in this error message to help you determine and fix the underlying cause.
In either case, please report this assertion by filing a bug on GitHub:
  https://github.com/flutter/flutter/issues/new?template=02_bug.yml

The relevant error-causing widget was:
  Padding
  Padding:file:///D:/Mystery/programming/projects/PYTHON_PROJECTS/focus/focus_gg/focus_flutter/lib/shared/widgets/cyber_card.dart:57:17

When the exception was thrown, this was the stack:
#2      RenderBox.size (package:flutter/src/rendering/box.dart:2251:12)
#3      RenderPadding.performLayout (package:flutter/src/rendering/shifted_box.dart:247:40)
#4      RenderObject.layout (package:flutter/src/rendering/object.dart:2775:7)
#5      ChildLayoutHelper.layoutChild (package:flutter/src/rendering/layout_helper.dart:62:11)
#6      RenderStack._computeSize (package:flutter/src/rendering/stack.dart:645:43)
#7      RenderStack.performLayout (package:flutter/src/rendering/stack.dart:680:12)
#8      RenderObject.layout (package:flutter/src/rendering/object.dart:2775:7)
#9      RenderPadding.performLayout (package:flutter/src/rendering/shifted_box.dart:243:12)
#10     RenderObject.layout (package:flutter/src/rendering/object.dart:2775:7)
#11     RenderProxyBoxMixin.performLayout (package:flutter/src/rendering/proxy_box.dart:115:18)
#12     RenderObject.layout (package:flutter/src/rendering/object.dart:2775:7)
#13     ChildLayoutHelper.layoutChild (package:flutter/src/rendering/layout_helper.dart:62:11)
#14     RenderStack._computeSize (package:flutter/src/rendering/stack.dart:645:43)
#15     RenderStack.performLayout (package:flutter/src/rendering/stack.dart:680:12)
#16     RenderObject.layout (package:flutter/src/rendering/object.dart:2775:7)
#17     RenderProxyBoxMixin.performLayout (package:flutter/src/rendering/proxy_box.dart:115:18)
#18     RenderObject.layout (package:flutter/src/rendering/object.dart:2775:7)
#19     RenderProxyBoxMixin.performLayout (package:flutter/src/rendering/proxy_box.dart:115:18)
#20     RenderObject.layout (package:flutter/src/rendering/object.dart:2775:7)
#21     ChildLayoutHelper.layoutChild (package:flutter/src/rendering/layout_helper.dart:62:11)
#22     RenderStack._computeSize (package:flutter/src/rendering/stack.dart:645:43)
#23     RenderStack.performLayout (package:flutter/src/rendering/stack.dart:680:12)
#24     RenderObject.layout (package:flutter/src/rendering/object.dart:2775:7)
#25     RenderProxyBoxMixin.performLayout (package:flutter/src/rendering/proxy_box.dart:115:18)
#26     RenderObject.layout (package:flutter/src/rendering/object.dart:2775:7)
#27     RenderProxyBoxMixin.performLayout (package:flutter/src/rendering/proxy_box.dart:115:18)
#28     RenderObject.layout (package:flutter/src/rendering/object.dart:2775:7)
#29     ChildLayoutHelper.layoutChild (package:flutter/src/rendering/layout_helper.dart:62:11)
#30     RenderFlex._computeSizes (package:flutter/src/rendering/flex.dart:1161:28)
#31     RenderFlex.performLayout (package:flutter/src/rendering/flex.dart:1257:32)
#32     RenderObject.layout (package:flutter/src/rendering/object.dart:2775:7)
#33     RenderPadding.performLayout (package:flutter/src/rendering/shifted_box.dart:243:12)
#34     RenderObject.layout (package:flutter/src/rendering/object.dart:2775:7)
#35     RenderConstrainedBox.performLayout (package:flutter/src/rendering/proxy_box.dart:293:14)
#36     RenderObject.layout (package:flutter/src/rendering/object.dart:2775:7)
#37     RenderPositionedBox.performLayout (package:flutter/src/rendering/shifted_box.dart:465:14)
#38     RenderObject.layout (package:flutter/src/rendering/object.dart:2775:7)
#39     RenderPadding.performLayout (package:flutter/src/rendering/shifted_box.dart:243:12)
#40     RenderObject.layout (package:flutter/src/rendering/object.dart:2775:7)
#41     _RenderSingleChildViewport.performLayout (package:flutter/src/widgets/single_child_scroll_view.dart:502:14)
#42     RenderObject.layout (package:flutter/src/rendering/object.dart:2775:7)
#43     RenderProxyBoxMixin.performLayout (package:flutter/src/rendering/proxy_box.dart:115:18)
#44     RenderObject.layout (package:flutter/src/rendering/object.dart:2775:7)
#45     RenderProxyBoxMixin.performLayout (package:flutter/src/rendering/proxy_box.dart:115:18)
#46     RenderObject.layout (package:flutter/src/rendering/object.dart:2775:7)
#47     RenderProxyBoxMixin.performLayout (package:flutter/src/rendering/proxy_box.dart:115:18)
#48     RenderObject.layout (package:flutter/src/rendering/object.dart:2775:7)
#49     RenderProxyBoxMixin.performLayout (package:flutter/src/rendering/proxy_box.dart:115:18)
#50     RenderObject.layout (package:flutter/src/rendering/object.dart:2775:7)
#51     RenderProxyBoxMixin.performLayout (package:flutter/src/rendering/proxy_box.dart:115:18)
#52     RenderObject.layout (package:flutter/src/rendering/object.dart:2775:7)
#53     RenderProxyBoxMixin.performLayout (package:flutter/src/rendering/proxy_box.dart:115:18)
#54     RenderObject.layout (package:flutter/src/rendering/object.dart:2775:7)
#55     RenderProxyBoxMixin.performLayout (package:flutter/src/rendering/proxy_box.dart:115:18)
#56     RenderObject.layout (package:flutter/src/rendering/object.dart:2775:7)
#57     RenderProxyBoxMixin.performLayout (package:flutter/src/rendering/proxy_box.dart:115:18)
#58     _RenderCustomClip.performLayout (package:flutter/src/rendering/proxy_box.dart:1481:11)
#59     RenderObject.layout (package:flutter/src/rendering/object.dart:2775:7)
#60     MultiChildLayoutDelegate.layoutChild (package:flutter/src/rendering/custom_layout.dart:180:12)
#61     _ScaffoldLayout.performLayout (package:flutter/src/material/scaffold.dart:1112:7)
#62     MultiChildLayoutDelegate._callPerformLayout (package:flutter/src/rendering/custom_layout.dart:249:7)
#63     RenderCustomMultiChildLayoutBox.performLayout (package:flutter/src/rendering/custom_layout.dart:420:14)
#64     RenderObject._layoutWithoutResize (package:flutter/src/rendering/object.dart:2623:7)
#65     PipelineOwner.flushLayout (package:flutter/src/rendering/object.dart:1170:18)
#66     PipelineOwner.flushLayout (package:flutter/src/rendering/object.dart:1183:15)
#67     AutomatedTestWidgetsFlutterBinding.drawFrame (package:flutter_test/src/binding.dart:1508:27)
#68     RendererBinding._handlePersistentFrameCallback (package:flutter/src/rendering/binding.dart:495:5)
#69     SchedulerBinding._invokeFrameCallback (package:flutter/src/scheduler/binding.dart:1434:15)
#70     SchedulerBinding.handleDrawFrame (package:flutter/src/scheduler/binding.dart:1347:9)
#71     AutomatedTestWidgetsFlutterBinding.pump.<anonymous closure> (package:flutter_test/src/binding.dart:1335:9)
#74     TestAsyncUtils.guard (package:flutter_test/src/test_async_utils.dart:74:41)
#75     AutomatedTestWidgetsFlutterBinding.pump (package:flutter_test/src/binding.dart:1324:27)
#76     WidgetTester.pumpAndSettle.<anonymous closure> (package:flutter_test/src/widget_tester.dart:719:23)
<asynchronous suspension>
#77     TestAsyncUtils.guard.<anonymous closure> (package:flutter_test/src/test_async_utils.dart:130:27)
<asynchronous suspension>
#78     main.<anonymous closure> (file:///D:/Mystery/programming/projects/PYTHON_PROJECTS/focus/focus_gg/focus_flutter/test/widget_test.dart:20:5)
<asynchronous suspension>
#79     testWidgets.<anonymous closure>.<anonymous closure> (package:flutter_test/src/widget_tester.dart:192:15)
<asynchronous suspension>
#80     TestWidgetsFlutterBinding._runTestBody (package:flutter_test/src/binding.dart:1059:5)
<asynchronous suspension>
<asynchronous suspension>
(elided 5 frames from class _AssertionError, dart:async, and package:stack_trace)

The following RenderObject was being processed when the exception was fired: RenderPadding#d05ee relayoutBoundary=up24 NEEDS-LAYOUT NEEDS-PAINT:
  creator: Padding ΓåÉ Stack ΓåÉ Padding ΓåÉ DecoratedBox ΓåÉ Container ΓåÉ Stack ΓåÉ Listener ΓåÉ _GestureSemantics
    ΓåÉ RawGestureDetector ΓåÉ GestureDetector ΓåÉ CyberCard ΓåÉ Stack ΓåÉ Γï»
  parentData: not positioned; offset=Offset(0.0, 0.0) (can use size)
  constraints: BoxConstraints(0.0<=w<=750.0, 0.0<=h<=Infinity)
  size: MISSING
  padding: EdgeInsets.all(16.0)
  textDirection: ltr
This RenderObject had the following descendants (showing up to depth 5):
    child: _RenderLayoutBuilder#af538 relayoutBoundary=up25 NEEDS-PAINT
      child: RenderFlex#aa1cb relayoutBoundary=up26 NEEDS-PAINT
        child 1: RenderPositionedBox#5029c relayoutBoundary=up27 NEEDS-PAINT
          child: RenderDecoratedBox#d57f4 relayoutBoundary=up28 NEEDS-PAINT
            child: RenderPadding#50332 relayoutBoundary=up29 NEEDS-PAINT
        child 2: RenderConstrainedBox#a0fd6 relayoutBoundary=up27 NEEDS-PAINT
        child 3: RenderFlex#b3cf9 relayoutBoundary=up27 NEEDS-PAINT
          child 1: RenderFlex#f1f04 relayoutBoundary=up28 NEEDS-PAINT
            child 1: RenderFittedBox#b6007 relayoutBoundary=up29 NEEDS-PAINT
            child 2: RenderConstrainedBox#6aabe relayoutBoundary=up29 NEEDS-PAINT
            child 3: RenderPadding#62bef relayoutBoundary=up29 NEEDS-PAINT
            child 4: RenderPadding#e6854 relayoutBoundary=up29 NEEDS-PAINT
            child 5: RenderPadding#ab2e0 relayoutBoundary=up29 NEEDS-PAINT
          child 2: RenderConstrainedBox#47fa4 relayoutBoundary=up28 NEEDS-PAINT
          child 3: RenderFlex#cfa20 relayoutBoundary=up28 NEEDS-PAINT
            child 1: RenderFlex#e845d relayoutBoundary=up29 NEEDS-PAINT
            child 2: RenderConstrainedBox#fe7ce relayoutBoundary=up29 NEEDS-PAINT
            child 3: RenderFlex#ca726 relayoutBoundary=up29 NEEDS-PAINT
            child 4: RenderConstrainedBox#6f87b relayoutBoundary=up29 NEEDS-PAINT
            child 5: RenderFlex#5d15d relayoutBoundary=up29 NEEDS-PAINT
            child 6: RenderConstrainedBox#54035 relayoutBoundary=up29 NEEDS-PAINT
            child 7: RenderFlex#25cc0 relayoutBoundary=up29 NEEDS-PAINT
        child 4: RenderConstrainedBox#5d447 relayoutBoundary=up27 NEEDS-PAINT
        child 5: RenderFlex#c9e0f relayoutBoundary=up27 NEEDS-PAINT
          child 1: RenderWrap#c6f67 NEEDS-LAYOUT NEEDS-PAINT
            child 1: RenderFittedBox#0ee63 NEEDS-LAYOUT NEEDS-PAINT
            child 2: RenderFittedBox#94987 NEEDS-LAYOUT NEEDS-PAINT
            child 3: RenderFittedBox#4a326 NEEDS-LAYOUT NEEDS-PAINT
            child 4: RenderFittedBox#8d9c2 NEEDS-LAYOUT NEEDS-PAINT
    ...(descendants list truncated after 25 lines)
ΓòÉΓòÉΓòÉΓòÉΓòÉΓòÉΓòÉΓòÉΓòÉΓòÉΓòÉΓòÉΓòÉΓòÉΓòÉΓòÉΓòÉΓòÉΓòÉΓòÉΓòÉΓòÉΓòÉΓòÉΓòÉΓòÉΓòÉΓòÉΓòÉΓòÉΓòÉΓòÉΓòÉΓòÉΓòÉΓòÉΓòÉΓòÉΓòÉΓòÉΓòÉΓòÉΓòÉΓòÉΓòÉΓòÉΓòÉΓòÉΓòÉΓòÉΓòÉΓòÉΓòÉΓòÉΓòÉΓòÉΓòÉΓòÉΓòÉΓòÉΓòÉΓòÉΓòÉΓòÉΓòÉΓòÉΓòÉΓòÉΓòÉΓòÉΓòÉΓòÉΓòÉΓòÉΓòÉΓòÉΓòÉΓòÉΓòÉΓòÉΓòÉΓòÉΓòÉΓòÉΓòÉΓòÉΓòÉΓòÉΓòÉΓòÉΓòÉΓòÉΓòÉΓòÉΓòÉΓòÉΓòÉΓòÉΓòÉΓòÉ
ΓòÉΓòÉΓòí EXCEPTION CAUGHT BY RENDERING LIBRARY Γò₧ΓòÉΓòÉΓòÉΓòÉΓòÉΓòÉΓòÉΓòÉΓòÉΓòÉΓòÉΓòÉΓòÉΓòÉΓòÉΓòÉΓòÉΓòÉΓòÉΓòÉΓòÉΓòÉΓòÉΓòÉΓòÉΓòÉΓòÉΓòÉΓòÉΓòÉΓòÉΓòÉΓòÉΓòÉΓòÉΓòÉΓòÉΓòÉΓòÉΓòÉΓòÉΓòÉΓòÉΓòÉΓòÉΓòÉΓòÉΓòÉΓòÉΓòÉΓòÉΓòÉΓòÉΓòÉΓòÉΓòÉΓòÉ
The following assertion was thrown during performLayout():
RenderBox was not laid out: RenderPadding#d05ee relayoutBoundary=up24 NEEDS-PAINT
'package:flutter/src/rendering/box.dart':
Failed assertion: line 2251 pos 12: 'hasSize'

Either the assertion indicates an error in the framework itself, or we should provide substantially
more information in this error message to help you determine and fix the underlying cause.
In either case, please report this assertion by filing a bug on GitHub:
  https://github.com/flutter/flutter/issues/new?template=02_bug.yml

The relevant error-causing widget was:
  Stack
  Stack:file:///D:/Mystery/programming/projects/PYTHON_PROJECTS/focus/focus_gg/focus_flutter/lib/shared/widgets/cyber_card.dart:37:20

When the exception was thrown, this was the stack:
#2      RenderBox.size (package:flutter/src/rendering/box.dart:2251:12)
#3      ChildLayoutHelper.layoutChild (package:flutter/src/rendering/layout_helper.dart:63:18)
#4      RenderStack._computeSize (package:flutter/src/rendering/stack.dart:645:43)
#5      RenderStack.performLayout (package:flutter/src/rendering/stack.dart:680:12)
#6      RenderObject.layout (package:flutter/src/rendering/object.dart:2775:7)
#7      RenderPadding.performLayout (package:flutter/src/rendering/shifted_box.dart:243:12)
#8      RenderObject.layout (package:flutter/src/rendering/object.dart:2775:7)
#9      RenderProxyBoxMixin.performLayout (package:flutter/src/rendering/proxy_box.dart:115:18)
#10     RenderObject.layout (package:flutter/src/rendering/object.dart:2775:7)
#11     ChildLayoutHelper.layoutChild (package:flutter/src/rendering/layout_helper.dart:62:11)
#12     RenderStack._computeSize (package:flutter/src/rendering/stack.dart:645:43)
#13     RenderStack.performLayout (package:flutter/src/rendering/stack.dart:680:12)
#14     RenderObject.layout (package:flutter/src/rendering/object.dart:2775:7)
#15     RenderProxyBoxMixin.performLayout (package:flutter/src/rendering/proxy_box.dart:115:18)
#16     RenderObject.layout (package:flutter/src/rendering/object.dart:2775:7)
#17     RenderProxyBoxMixin.performLayout (package:flutter/src/rendering/proxy_box.dart:115:18)
#18     RenderObject.layout (package:flutter/src/rendering/object.dart:2775:7)
#19     ChildLayoutHelper.layoutChild (package:flutter/src/rendering/layout_helper.dart:62:11)
#20     RenderStack._computeSize (package:flutter/src/rendering/stack.dart:645:43)
#21     RenderStack.performLayout (package:flutter/src/rendering/stack.dart:680:12)
#22     RenderObject.layout (package:flutter/src/rendering/object.dart:2775:7)
#23     RenderProxyBoxMixin.performLayout (package:flutter/src/rendering/proxy_box.dart:115:18)
#24     RenderObject.layout (package:flutter/src/rendering/object.dart:2775:7)
#25     RenderProxyBoxMixin.performLayout (package:flutter/src/rendering/proxy_box.dart:115:18)
#26     RenderObject.layout (package:flutter/src/rendering/object.dart:2775:7)
#27     ChildLayoutHelper.layoutChild (package:flutter/src/rendering/layout_helper.dart:62:11)
#28     RenderFlex._computeSizes (package:flutter/src/rendering/flex.dart:1161:28)
#29     RenderFlex.performLayout (package:flutter/src/rendering/flex.dart:1257:32)
#30     RenderObject.layout (package:flutter/src/rendering/object.dart:2775:7)
#31     RenderPadding.performLayout (package:flutter/src/rendering/shifted_box.dart:243:12)
#32     RenderObject.layout (package:flutter/src/rendering/object.dart:2775:7)
#33     RenderConstrainedBox.performLayout (package:flutter/src/rendering/proxy_box.dart:293:14)
#34     RenderObject.layout (package:flutter/src/rendering/object.dart:2775:7)
#35     RenderPositionedBox.performLayout (package:flutter/src/rendering/shifted_box.dart:465:14)
#36     RenderObject.layout (package:flutter/src/rendering/object.dart:2775:7)
#37     RenderPadding.performLayout (package:flutter/src/rendering/shifted_box.dart:243:12)
#38     RenderObject.layout (package:flutter/src/rendering/object.dart:2775:7)
#39     _RenderSingleChildViewport.performLayout (package:flutter/src/widgets/single_child_scroll_view.dart:502:14)
#40     RenderObject.layout (package:flutter/src/rendering/object.dart:2775:7)
#41     RenderProxyBoxMixin.performLayout (package:flutter/src/rendering/proxy_box.dart:115:18)
#42     RenderObject.layout (package:flutter/src/rendering/object.dart:2775:7)
#43     RenderProxyBoxMixin.performLayout (package:flutter/src/rendering/proxy_box.dart:115:18)
#44     RenderObject.layout (package:flutter/src/rendering/object.dart:2775:7)
#45     RenderProxyBoxMixin.performLayout (package:flutter/src/rendering/proxy_box.dart:115:18)
#46     RenderObject.layout (package:flutter/src/rendering/object.dart:2775:7)
#47     RenderProxyBoxMixin.performLayout (package:flutter/src/rendering/proxy_box.dart:115:18)
#48     RenderObject.layout (package:flutter/src/rendering/object.dart:2775:7)
#49     RenderProxyBoxMixin.performLayout (package:flutter/src/rendering/proxy_box.dart:115:18)
#50     RenderObject.layout (package:flutter/src/rendering/object.dart:2775:7)
#51     RenderProxyBoxMixin.performLayout (package:flutter/src/rendering/proxy_box.dart:115:18)
#52     RenderObject.layout (package:flutter/src/rendering/object.dart:2775:7)
#53     RenderProxyBoxMixin.performLayout (package:flutter/src/rendering/proxy_box.dart:115:18)
#54     RenderObject.layout (package:flutter/src/rendering/object.dart:2775:7)
#55     RenderProxyBoxMixin.performLayout (package:flutter/src/rendering/proxy_box.dart:115:18)
#56     _RenderCustomClip.performLayout (package:flutter/src/rendering/proxy_box.dart:1481:11)
#57     RenderObject.layout (package:flutter/src/rendering/object.dart:2775:7)
#58     MultiChildLayoutDelegate.layoutChild (package:flutter/src/rendering/custom_layout.dart:180:12)
#59     _ScaffoldLayout.performLayout (package:flutter/src/material/scaffold.dart:1112:7)
#60     MultiChildLayoutDelegate._callPerformLayout (package:flutter/src/rendering/custom_layout.dart:249:7)
#61     RenderCustomMultiChildLayoutBox.performLayout (package:flutter/src/rendering/custom_layout.dart:420:14)
#62     RenderObject._layoutWithoutResize (package:flutter/src/rendering/object.dart:2623:7)
#63     PipelineOwner.flushLayout (package:flutter/src/rendering/object.dart:1170:18)
#64     PipelineOwner.flushLayout (package:flutter/src/rendering/object.dart:1183:15)
#65     AutomatedTestWidgetsFlutterBinding.drawFrame (package:flutter_test/src/binding.dart:1508:27)
#66     RendererBinding._handlePersistentFrameCallback (package:flutter/src/rendering/binding.dart:495:5)
#67     SchedulerBinding._invokeFrameCallback (package:flutter/src/scheduler/binding.dart:1434:15)
#68     SchedulerBinding.handleDrawFrame (package:flutter/src/scheduler/binding.dart:1347:9)
#69     AutomatedTestWidgetsFlutterBinding.pump.<anonymous closure> (package:flutter_test/src/binding.dart:1335:9)
#72     TestAsyncUtils.guard (package:flutter_test/src/test_async_utils.dart:74:41)
#73     AutomatedTestWidgetsFlutterBinding.pump (package:flutter_test/src/binding.dart:1324:27)
#74     WidgetTester.pumpAndSettle.<anonymous closure> (package:flutter_test/src/widget_tester.dart:719:23)
<asynchronous suspension>
#75     TestAsyncUtils.guard.<anonymous closure> (package:flutter_test/src/test_async_utils.dart:130:27)
<asynchronous suspension>
#76     main.<anonymous closure> (file:///D:/Mystery/programming/projects/PYTHON_PROJECTS/focus/focus_gg/focus_flutter/test/widget_test.dart:20:5)
<asynchronous suspension>
#77     testWidgets.<anonymous closure>.<anonymous closure> (package:flutter_test/src/widget_tester.dart:192:15)
<asynchronous suspension>
#78     TestWidgetsFlutterBinding._runTestBody (package:flutter_test/src/binding.dart:1059:5)
<asynchronous suspension>
<asynchronous suspension>
(elided 5 frames from class _AssertionError, dart:async, and package:stack_trace)

The following RenderObject was being processed when the exception was fired: RenderStack#53f33 relayoutBoundary=up23 NEEDS-LAYOUT NEEDS-PAINT:
  creator: Stack ΓåÉ Padding ΓåÉ DecoratedBox ΓåÉ Container ΓåÉ Stack ΓåÉ Listener ΓåÉ _GestureSemantics ΓåÉ
    RawGestureDetector ΓåÉ GestureDetector ΓåÉ CyberCard ΓåÉ Stack ΓåÉ FadeTransition ΓåÉ Γï»
  parentData: offset=Offset(1.0, 1.0) (can use size)
  constraints: BoxConstraints(0.0<=w<=750.0, 0.0<=h<=Infinity)
  size: MISSING
  alignment: AlignmentDirectional.topStart
  textDirection: ltr
  fit: loose
This RenderObject had the following descendants (showing up to depth 5):
    child 1: RenderDecoratedBox#12987 NEEDS-LAYOUT NEEDS-PAINT
      child: RenderPadding#bd09f NEEDS-LAYOUT NEEDS-PAINT
        child: RenderLimitedBox#37e96 NEEDS-LAYOUT NEEDS-PAINT
          child: RenderConstrainedBox#47b94 NEEDS-LAYOUT NEEDS-PAINT
    child 2: RenderConstrainedBox#e358e NEEDS-LAYOUT NEEDS-PAINT
      child: RenderCustomPaint#50ced NEEDS-LAYOUT NEEDS-PAINT
    child 3: RenderConstrainedBox#246ee NEEDS-LAYOUT NEEDS-PAINT
      child: RenderCustomPaint#3a0dc NEEDS-LAYOUT NEEDS-PAINT
    child 4: RenderConstrainedBox#9b710 NEEDS-LAYOUT NEEDS-PAINT
      child: RenderCustomPaint#7df47 NEEDS-LAYOUT NEEDS-PAINT
    child 5: RenderConstrainedBox#c7b6f NEEDS-LAYOUT NEEDS-PAINT
      child: RenderCustomPaint#d817b NEEDS-LAYOUT NEEDS-PAINT
    child 6: RenderPadding#d05ee relayoutBoundary=up24 NEEDS-PAINT
      child: _RenderLayoutBuilder#af538 relayoutBoundary=up25 NEEDS-PAINT
        child: RenderFlex#aa1cb relayoutBoundary=up26 NEEDS-PAINT
          child 1: RenderPositionedBox#5029c relayoutBoundary=up27 NEEDS-PAINT
            child: RenderDecoratedBox#d57f4 relayoutBoundary=up28 NEEDS-PAINT
          child 2: RenderConstrainedBox#a0fd6 relayoutBoundary=up27 NEEDS-PAINT
          child 3: RenderFlex#b3cf9 relayoutBoundary=up27 NEEDS-PAINT
            child 1: RenderFlex#f1f04 relayoutBoundary=up28 NEEDS-PAINT
            child 2: RenderConstrainedBox#47fa4 relayoutBoundary=up28 NEEDS-PAINT
            child 3: RenderFlex#cfa20 relayoutBoundary=up28 NEEDS-PAINT
          child 4: RenderConstrainedBox#5d447 relayoutBoundary=up27 NEEDS-PAINT
          child 5: RenderFlex#c9e0f relayoutBoundary=up27 NEEDS-PAINT
            child 1: RenderWrap#c6f67 NEEDS-LAYOUT NEEDS-PAINT
            child 2: RenderConstrainedBox#5f240 relayoutBoundary=up28 NEEDS-PAINT
            child 3: RenderFlex#895b7 relayoutBoundary=up28 NEEDS-PAINT
ΓòÉΓòÉΓòÉΓòÉΓòÉΓòÉΓòÉΓòÉΓòÉΓòÉΓòÉΓòÉΓòÉΓòÉΓòÉΓòÉΓòÉΓòÉΓòÉΓòÉΓòÉΓòÉΓòÉΓòÉΓòÉΓòÉΓòÉΓòÉΓòÉΓòÉΓòÉΓòÉΓòÉΓòÉΓòÉΓòÉΓòÉΓòÉΓòÉΓòÉΓòÉΓòÉΓòÉΓòÉΓòÉΓòÉΓòÉΓòÉΓòÉΓòÉΓòÉΓòÉΓòÉΓòÉΓòÉΓòÉΓòÉΓòÉΓòÉΓòÉΓòÉΓòÉΓòÉΓòÉΓòÉΓòÉΓòÉΓòÉΓòÉΓòÉΓòÉΓòÉΓòÉΓòÉΓòÉΓòÉΓòÉΓòÉΓòÉΓòÉΓòÉΓòÉΓòÉΓòÉΓòÉΓòÉΓòÉΓòÉΓòÉΓòÉΓòÉΓòÉΓòÉΓòÉΓòÉΓòÉΓòÉΓòÉΓòÉΓòÉ
ΓòÉΓòÉΓòí EXCEPTION CAUGHT BY RENDERING LIBRARY Γò₧ΓòÉΓòÉΓòÉΓòÉΓòÉΓòÉΓòÉΓòÉΓòÉΓòÉΓòÉΓòÉΓòÉΓòÉΓòÉΓòÉΓòÉΓòÉΓòÉΓòÉΓòÉΓòÉΓòÉΓòÉΓòÉΓòÉΓòÉΓòÉΓòÉΓòÉΓòÉΓòÉΓòÉΓòÉΓòÉΓòÉΓòÉΓòÉΓòÉΓòÉΓòÉΓòÉΓòÉΓòÉΓòÉΓòÉΓòÉΓòÉΓòÉΓòÉΓòÉΓòÉΓòÉΓòÉΓòÉΓòÉΓòÉ
The following assertion was thrown during performLayout():
RenderBox was not laid out: RenderStack#53f33 relayoutBoundary=up23 NEEDS-PAINT
'package:flutter/src/rendering/box.dart':
Failed assertion: line 2251 pos 12: 'hasSize'

Either the assertion indicates an error in the framework itself, or we should provide substantially
more information in this error message to help you determine and fix the underlying cause.
In either case, please report this assertion by filing a bug on GitHub:
  https://github.com/flutter/flutter/issues/new?template=02_bug.yml

The relevant error-causing widget was:
  Container
  Container:file:///D:/Mystery/programming/projects/PYTHON_PROJECTS/focus/focus_gg/focus_flutter/lib/shared/widgets/cyber_card.dart:24:11

When the exception was thrown, this was the stack:
#2      RenderBox.size (package:flutter/src/rendering/box.dart:2251:12)
#3      RenderPadding.performLayout (package:flutter/src/rendering/shifted_box.dart:247:40)
#4      RenderObject.layout (package:flutter/src/rendering/object.dart:2775:7)
#5      RenderProxyBoxMixin.performLayout (package:flutter/src/rendering/proxy_box.dart:115:18)
#6      RenderObject.layout (package:flutter/src/rendering/object.dart:2775:7)
#7      ChildLayoutHelper.layoutChild (package:flutter/src/rendering/layout_helper.dart:62:11)
#8      RenderStack._computeSize (package:flutter/src/rendering/stack.dart:645:43)
#9      RenderStack.performLayout (package:flutter/src/rendering/stack.dart:680:12)
#10     RenderObject.layout (package:flutter/src/rendering/object.dart:2775:7)
#11     RenderProxyBoxMixin.performLayout (package:flutter/src/rendering/proxy_box.dart:115:18)
#12     RenderObject.layout (package:flutter/src/rendering/object.dart:2775:7)
#13     RenderProxyBoxMixin.performLayout (package:flutter/src/rendering/proxy_box.dart:115:18)
#14     RenderObject.layout (package:flutter/src/rendering/object.dart:2775:7)
#15     ChildLayoutHelper.layoutChild (package:flutter/src/rendering/layout_helper.dart:62:11)
#16     RenderStack._computeSize (package:flutter/src/rendering/stack.dart:645:43)
#17     RenderStack.performLayout (package:flutter/src/rendering/stack.dart:680:12)
#18     RenderObject.layout (package:flutter/src/rendering/object.dart:2775:7)
#19     RenderProxyBoxMixin.performLayout (package:flutter/src/rendering/proxy_box.dart:115:18)
#20     RenderObject.layout (package:flutter/src/rendering/object.dart:2775:7)
#21     RenderProxyBoxMixin.performLayout (package:flutter/src/rendering/proxy_box.dart:115:18)
#22     RenderObject.layout (package:flutter/src/rendering/object.dart:2775:7)
#23     ChildLayoutHelper.layoutChild (package:flutter/src/rendering/layout_helper.dart:62:11)
#24     RenderFlex._computeSizes (package:flutter/src/rendering/flex.dart:1161:28)
#25     RenderFlex.performLayout (package:flutter/src/rendering/flex.dart:1257:32)
#26     RenderObject.layout (package:flutter/src/rendering/object.dart:2775:7)
#27     RenderPadding.performLayout (package:flutter/src/rendering/shifted_box.dart:243:12)
#28     RenderObject.layout (package:flutter/src/rendering/object.dart:2775:7)
#29     RenderConstrainedBox.performLayout (package:flutter/src/rendering/proxy_box.dart:293:14)
#30     RenderObject.layout (package:flutter/src/rendering/object.dart:2775:7)
#31     RenderPositionedBox.performLayout (package:flutter/src/rendering/shifted_box.dart:465:14)
#32     RenderObject.layout (package:flutter/src/rendering/object.dart:2775:7)
#33     RenderPadding.performLayout (package:flutter/src/rendering/shifted_box.dart:243:12)
#34     RenderObject.layout (package:flutter/src/rendering/object.dart:2775:7)
#35     _RenderSingleChildViewport.performLayout (package:flutter/src/widgets/single_child_scroll_view.dart:502:14)
#36     RenderObject.layout (package:flutter/src/rendering/object.dart:2775:7)
#37     RenderProxyBoxMixin.performLayout (package:flutter/src/rendering/proxy_box.dart:115:18)
#38     RenderObject.layout (package:flutter/src/rendering/object.dart:2775:7)
#39     RenderProxyBoxMixin.performLayout (package:flutter/src/rendering/proxy_box.dart:115:18)
#40     RenderObject.layout (package:flutter/src/rendering/object.dart:2775:7)
#41     RenderProxyBoxMixin.performLayout (package:flutter/src/rendering/proxy_box.dart:115:18)
#42     RenderObject.layout (package:flutter/src/rendering/object.dart:2775:7)
#43     RenderProxyBoxMixin.performLayout (package:flutter/src/rendering/proxy_box.dart:115:18)
#44     RenderObject.layout (package:flutter/src/rendering/object.dart:2775:7)
#45     RenderProxyBoxMixin.performLayout (package:flutter/src/rendering/proxy_box.dart:115:18)
#46     RenderObject.layout (package:flutter/src/rendering/object.dart:2775:7)
#47     RenderProxyBoxMixin.performLayout (package:flutter/src/rendering/proxy_box.dart:115:18)
#48     RenderObject.layout (package:flutter/src/rendering/object.dart:2775:7)
#49     RenderProxyBoxMixin.performLayout (package:flutter/src/rendering/proxy_box.dart:115:18)
#50     RenderObject.layout (package:flutter/src/rendering/object.dart:2775:7)
#51     RenderProxyBoxMixin.performLayout (package:flutter/src/rendering/proxy_box.dart:115:18)
#52     _RenderCustomClip.performLayout (package:flutter/src/rendering/proxy_box.dart:1481:11)
#53     RenderObject.layout (package:flutter/src/rendering/object.dart:2775:7)
#54     MultiChildLayoutDelegate.layoutChild (package:flutter/src/rendering/custom_layout.dart:180:12)
#55     _ScaffoldLayout.performLayout (package:flutter/src/material/scaffold.dart:1112:7)
#56     MultiChildLayoutDelegate._callPerformLayout (package:flutter/src/rendering/custom_layout.dart:249:7)
#57     RenderCustomMultiChildLayoutBox.performLayout (package:flutter/src/rendering/custom_layout.dart:420:14)
#58     RenderObject._layoutWithoutResize (package:flutter/src/rendering/object.dart:2623:7)
#59     PipelineOwner.flushLayout (package:flutter/src/rendering/object.dart:1170:18)
#60     PipelineOwner.flushLayout (package:flutter/src/rendering/object.dart:1183:15)
#61     AutomatedTestWidgetsFlutterBinding.drawFrame (package:flutter_test/src/binding.dart:1508:27)
#62     RendererBinding._handlePersistentFrameCallback (package:flutter/src/rendering/binding.dart:495:5)
#63     SchedulerBinding._invokeFrameCallback (package:flutter/src/scheduler/binding.dart:1434:15)
#64     SchedulerBinding.handleDrawFrame (package:flutter/src/scheduler/binding.dart:1347:9)
#65     AutomatedTestWidgetsFlutterBinding.pump.<anonymous closure> (package:flutter_test/src/binding.dart:1335:9)
#68     TestAsyncUtils.guard (package:flutter_test/src/test_async_utils.dart:74:41)
#69     AutomatedTestWidgetsFlutterBinding.pump (package:flutter_test/src/binding.dart:1324:27)
#70     WidgetTester.pumpAndSettle.<anonymous closure> (package:flutter_test/src/widget_tester.dart:719:23)
<asynchronous suspension>
#71     TestAsyncUtils.guard.<anonymous closure> (package:flutter_test/src/test_async_utils.dart:130:27)
<asynchronous suspension>
#72     main.<anonymous closure> (file:///D:/Mystery/programming/projects/PYTHON_PROJECTS/focus/focus_gg/focus_flutter/test/widget_test.dart:20:5)
<asynchronous suspension>
#73     testWidgets.<anonymous closure>.<anonymous closure> (package:flutter_test/src/widget_tester.dart:192:15)
<asynchronous suspension>
#74     TestWidgetsFlutterBinding._runTestBody (package:flutter_test/src/binding.dart:1059:5)
<asynchronous suspension>
<asynchronous suspension>
(elided 5 frames from class _AssertionError, dart:async, and package:stack_trace)

The following RenderObject was being processed when the exception was fired: RenderPadding#8a8d9 relayoutBoundary=up22 NEEDS-LAYOUT NEEDS-PAINT:
  creator: Padding ΓåÉ DecoratedBox ΓåÉ Container ΓåÉ Stack ΓåÉ Listener ΓåÉ _GestureSemantics ΓåÉ
    RawGestureDetector ΓåÉ GestureDetector ΓåÉ CyberCard ΓåÉ Stack ΓåÉ FadeTransition ΓåÉ FractionalTranslation
    ΓåÉ Γï»
  parentData: <none> (can use size)
  constraints: BoxConstraints(0.0<=w<=752.0, 0.0<=h<=Infinity)
  size: MISSING
  padding: EdgeInsets.all(1.0)
  textDirection: ltr
This RenderObject had the following descendants (showing up to depth 5):
    child: RenderStack#53f33 relayoutBoundary=up23 NEEDS-PAINT
      child 1: RenderDecoratedBox#12987 NEEDS-LAYOUT NEEDS-PAINT
        child: RenderPadding#bd09f NEEDS-LAYOUT NEEDS-PAINT
          child: RenderLimitedBox#37e96 NEEDS-LAYOUT NEEDS-PAINT
            child: RenderConstrainedBox#47b94 NEEDS-LAYOUT NEEDS-PAINT
      child 2: RenderConstrainedBox#e358e NEEDS-LAYOUT NEEDS-PAINT
        child: RenderCustomPaint#50ced NEEDS-LAYOUT NEEDS-PAINT
      child 3: RenderConstrainedBox#246ee NEEDS-LAYOUT NEEDS-PAINT
        child: RenderCustomPaint#3a0dc NEEDS-LAYOUT NEEDS-PAINT
      child 4: RenderConstrainedBox#9b710 NEEDS-LAYOUT NEEDS-PAINT
        child: RenderCustomPaint#7df47 NEEDS-LAYOUT NEEDS-PAINT
      child 5: RenderConstrainedBox#c7b6f NEEDS-LAYOUT NEEDS-PAINT
        child: RenderCustomPaint#d817b NEEDS-LAYOUT NEEDS-PAINT
      child 6: RenderPadding#d05ee relayoutBoundary=up24 NEEDS-PAINT
        child: _RenderLayoutBuilder#af538 relayoutBoundary=up25 NEEDS-PAINT
          child: RenderFlex#aa1cb relayoutBoundary=up26 NEEDS-PAINT
            child 1: RenderPositionedBox#5029c relayoutBoundary=up27 NEEDS-PAINT
            child 2: RenderConstrainedBox#a0fd6 relayoutBoundary=up27 NEEDS-PAINT
            child 3: RenderFlex#b3cf9 relayoutBoundary=up27 NEEDS-PAINT
            child 4: RenderConstrainedBox#5d447 relayoutBoundary=up27 NEEDS-PAINT
            child 5: RenderFlex#c9e0f relayoutBoundary=up27 NEEDS-PAINT
ΓòÉΓòÉΓòÉΓòÉΓòÉΓòÉΓòÉΓòÉΓòÉΓòÉΓòÉΓòÉΓòÉΓòÉΓòÉΓòÉΓòÉΓòÉΓòÉΓòÉΓòÉΓòÉΓòÉΓòÉΓòÉΓòÉΓòÉΓòÉΓòÉΓòÉΓòÉΓòÉΓòÉΓòÉΓòÉΓòÉΓòÉΓòÉΓòÉΓòÉΓòÉΓòÉΓòÉΓòÉΓòÉΓòÉΓòÉΓòÉΓòÉΓòÉΓòÉΓòÉΓòÉΓòÉΓòÉΓòÉΓòÉΓòÉΓòÉΓòÉΓòÉΓòÉΓòÉΓòÉΓòÉΓòÉΓòÉΓòÉΓòÉΓòÉΓòÉΓòÉΓòÉΓòÉΓòÉΓòÉΓòÉΓòÉΓòÉΓòÉΓòÉΓòÉΓòÉΓòÉΓòÉΓòÉΓòÉΓòÉΓòÉΓòÉΓòÉΓòÉΓòÉΓòÉΓòÉΓòÉΓòÉΓòÉΓòÉΓòÉ
ΓòÉΓòÉΓòí EXCEPTION CAUGHT BY RENDERING LIBRARY Γò₧ΓòÉΓòÉΓòÉΓòÉΓòÉΓòÉΓòÉΓòÉΓòÉΓòÉΓòÉΓòÉΓòÉΓòÉΓòÉΓòÉΓòÉΓòÉΓòÉΓòÉΓòÉΓòÉΓòÉΓòÉΓòÉΓòÉΓòÉΓòÉΓòÉΓòÉΓòÉΓòÉΓòÉΓòÉΓòÉΓòÉΓòÉΓòÉΓòÉΓòÉΓòÉΓòÉΓòÉΓòÉΓòÉΓòÉΓòÉΓòÉΓòÉΓòÉΓòÉΓòÉΓòÉΓòÉΓòÉΓòÉΓòÉ
The following assertion was thrown during performLayout():
RenderBox was not laid out: RenderPadding#8a8d9 relayoutBoundary=up22 NEEDS-PAINT
'package:flutter/src/rendering/box.dart':
Failed assertion: line 2251 pos 12: 'hasSize'

Either the assertion indicates an error in the framework itself, or we should provide substantially
more information in this error message to help you determine and fix the underlying cause.
In either case, please report this assertion by filing a bug on GitHub:
  https://github.com/flutter/flutter/issues/new?template=02_bug.yml

The relevant error-causing widget was:
  Container
  Container:file:///D:/Mystery/programming/projects/PYTHON_PROJECTS/focus/focus_gg/focus_flutter/lib/shared/widgets/cyber_card.dart:24:11

When the exception was thrown, this was the stack:
#2      RenderBox.size (package:flutter/src/rendering/box.dart:2251:12)
#3      RenderProxyBoxMixin.performLayout (package:flutter/src/rendering/proxy_box.dart:115:62)
#4      RenderObject.layout (package:flutter/src/rendering/object.dart:2775:7)
#5      ChildLayoutHelper.layoutChild (package:flutter/src/rendering/layout_helper.dart:62:11)
#6      RenderStack._computeSize (package:flutter/src/rendering/stack.dart:645:43)
#7      RenderStack.performLayout (package:flutter/src/rendering/stack.dart:680:12)
#8      RenderObject.layout (package:flutter/src/rendering/object.dart:2775:7)
#9      RenderProxyBoxMixin.performLayout (package:flutter/src/rendering/proxy_box.dart:115:18)
#10     RenderObject.layout (package:flutter/src/rendering/object.dart:2775:7)
#11     RenderProxyBoxMixin.performLayout (package:flutter/src/rendering/proxy_box.dart:115:18)
#12     RenderObject.layout (package:flutter/src/rendering/object.dart:2775:7)
#13     ChildLayoutHelper.layoutChild (package:flutter/src/rendering/layout_helper.dart:62:11)
#14     RenderStack._computeSize (package:flutter/src/rendering/stack.dart:645:43)
#15     RenderStack.performLayout (package:flutter/src/rendering/stack.dart:680:12)
#16     RenderObject.layout (package:flutter/src/rendering/object.dart:2775:7)
#17     RenderProxyBoxMixin.performLayout (package:flutter/src/rendering/proxy_box.dart:115:18)
#18     RenderObject.layout (package:flutter/src/rendering/object.dart:2775:7)
#19     RenderProxyBoxMixin.performLayout (package:flutter/src/rendering/proxy_box.dart:115:18)
#20     RenderObject.layout (package:flutter/src/rendering/object.dart:2775:7)
#21     ChildLayoutHelper.layoutChild (package:flutter/src/rendering/layout_helper.dart:62:11)
#22     RenderFlex._computeSizes (package:flutter/src/rendering/flex.dart:1161:28)
#23     RenderFlex.performLayout (package:flutter/src/rendering/flex.dart:1257:32)
#24     RenderObject.layout (package:flutter/src/rendering/object.dart:2775:7)
#25     RenderPadding.performLayout (package:flutter/src/rendering/shifted_box.dart:243:12)
#26     RenderObject.layout (package:flutter/src/rendering/object.dart:2775:7)
#27     RenderConstrainedBox.performLayout (package:flutter/src/rendering/proxy_box.dart:293:14)
#28     RenderObject.layout (package:flutter/src/rendering/object.dart:2775:7)
#29     RenderPositionedBox.performLayout (package:flutter/src/rendering/shifted_box.dart:465:14)
#30     RenderObject.layout (package:flutter/src/rendering/object.dart:2775:7)
#31     RenderPadding.performLayout (package:flutter/src/rendering/shifted_box.dart:243:12)
#32     RenderObject.layout (package:flutter/src/rendering/object.dart:2775:7)
#33     _RenderSingleChildViewport.performLayout (package:flutter/src/widgets/single_child_scroll_view.dart:502:14)
#34     RenderObject.layout (package:flutter/src/rendering/object.dart:2775:7)
#35     RenderProxyBoxMixin.performLayout (package:flutter/src/rendering/proxy_box.dart:115:18)
#36     RenderObject.layout (package:flutter/src/rendering/object.dart:2775:7)
#37     RenderProxyBoxMixin.performLayout (package:flutter/src/rendering/proxy_box.dart:115:18)
#38     RenderObject.layout (package:flutter/src/rendering/object.dart:2775:7)
#39     RenderProxyBoxMixin.performLayout (package:flutter/src/rendering/proxy_box.dart:115:18)
#40     RenderObject.layout (package:flutter/src/rendering/object.dart:2775:7)
#41     RenderProxyBoxMixin.performLayout (package:flutter/src/rendering/proxy_box.dart:115:18)
#42     RenderObject.layout (package:flutter/src/rendering/object.dart:2775:7)
#43     RenderProxyBoxMixin.performLayout (package:flutter/src/rendering/proxy_box.dart:115:18)
#44     RenderObject.layout (package:flutter/src/rendering/object.dart:2775:7)
#45     RenderProxyBoxMixin.performLayout (package:flutter/src/rendering/proxy_box.dart:115:18)
#46     RenderObject.layout (package:flutter/src/rendering/object.dart:2775:7)
#47     RenderProxyBoxMixin.performLayout (package:flutter/src/rendering/proxy_box.dart:115:18)
#48     RenderObject.layout (package:flutter/src/rendering/object.dart:2775:7)
#49     RenderProxyBoxMixin.performLayout (package:flutter/src/rendering/proxy_box.dart:115:18)
#50     _RenderCustomClip.performLayout (package:flutter/src/rendering/proxy_box.dart:1481:11)
#51     RenderObject.layout (package:flutter/src/rendering/object.dart:2775:7)
#52     MultiChildLayoutDelegate.layoutChild (package:flutter/src/rendering/custom_layout.dart:180:12)
#53     _ScaffoldLayout.performLayout (package:flutter/src/material/scaffold.dart:1112:7)
#54     MultiChildLayoutDelegate._callPerformLayout (package:flutter/src/rendering/custom_layout.dart:249:7)
#55     RenderCustomMultiChildLayoutBox.performLayout (package:flutter/src/rendering/custom_layout.dart:420:14)
#56     RenderObject._layoutWithoutResize (package:flutter/src/rendering/object.dart:2623:7)
#57     PipelineOwner.flushLayout (package:flutter/src/rendering/object.dart:1170:18)
#58     PipelineOwner.flushLayout (package:flutter/src/rendering/object.dart:1183:15)
#59     AutomatedTestWidgetsFlutterBinding.drawFrame (package:flutter_test/src/binding.dart:1508:27)
#60     RendererBinding._handlePersistentFrameCallback (package:flutter/src/rendering/binding.dart:495:5)
#61     SchedulerBinding._invokeFrameCallback (package:flutter/src/scheduler/binding.dart:1434:15)
#62     SchedulerBinding.handleDrawFrame (package:flutter/src/scheduler/binding.dart:1347:9)
#63     AutomatedTestWidgetsFlutterBinding.pump.<anonymous closure> (package:flutter_test/src/binding.dart:1335:9)
#66     TestAsyncUtils.guard (package:flutter_test/src/test_async_utils.dart:74:41)
#67     AutomatedTestWidgetsFlutterBinding.pump (package:flutter_test/src/binding.dart:1324:27)
#68     WidgetTester.pumpAndSettle.<anonymous closure> (package:flutter_test/src/widget_tester.dart:719:23)
<asynchronous suspension>
#69     TestAsyncUtils.guard.<anonymous closure> (package:flutter_test/src/test_async_utils.dart:130:27)
<asynchronous suspension>
#70     main.<anonymous closure> (file:///D:/Mystery/programming/projects/PYTHON_PROJECTS/focus/focus_gg/focus_flutter/test/widget_test.dart:20:5)
<asynchronous suspension>
#71     testWidgets.<anonymous closure>.<anonymous closure> (package:flutter_test/src/widget_tester.dart:192:15)
<asynchronous suspension>
#72     TestWidgetsFlutterBinding._runTestBody (package:flutter_test/src/binding.dart:1059:5)
<asynchronous suspension>
<asynchronous suspension>
(elided 5 frames from class _AssertionError, dart:async, and package:stack_trace)

The following RenderObject was being processed when the exception was fired: RenderDecoratedBox#db310 relayoutBoundary=up21 NEEDS-LAYOUT NEEDS-PAINT:
  creator: DecoratedBox ΓåÉ Container ΓåÉ Stack ΓåÉ Listener ΓåÉ _GestureSemantics ΓåÉ RawGestureDetector ΓåÉ
    GestureDetector ΓåÉ CyberCard ΓåÉ Stack ΓåÉ FadeTransition ΓåÉ FractionalTranslation ΓåÉ SlideTransition ΓåÉ Γï»
  parentData: not positioned; offset=Offset(0.0, 0.0) (can use size)
  constraints: BoxConstraints(0.0<=w<=752.0, 0.0<=h<=Infinity)
  size: MISSING
  decoration: BoxDecoration:
    color: Color(alpha: 0.8000, red: 0.0392, green: 0.0549, blue: 0.0784, colorSpace: ColorSpace.sRGB)
    border: Border.all(BorderSide(color: Color(alpha: 0.3020, red: 0.2980, green: 0.7882, blue: 1.0000,
      colorSpace: ColorSpace.sRGB)))
    borderRadius: BorderRadius.circular(8.0)
    boxShadow: BoxShadow(Color(alpha: 0.1490, red: 0.2980, green: 0.7882, blue: 1.0000, colorSpace:
      ColorSpace.sRGB), Offset(0.0, 0.0), 15.0, 0.0, BlurStyle.normal)
  configuration: ImageConfiguration(bundle: PlatformAssetBundle#5070a(), devicePixelRatio: 3.0,
    locale: en_US, textDirection: TextDirection.ltr, platform: android)
This RenderObject had the following descendants (showing up to depth 5):
    child: RenderPadding#8a8d9 relayoutBoundary=up22 NEEDS-PAINT
      child: RenderStack#53f33 relayoutBoundary=up23 NEEDS-PAINT
        child 1: RenderDecoratedBox#12987 NEEDS-LAYOUT NEEDS-PAINT
          child: RenderPadding#bd09f NEEDS-LAYOUT NEEDS-PAINT
            child: RenderLimitedBox#37e96 NEEDS-LAYOUT NEEDS-PAINT
        child 2: RenderConstrainedBox#e358e NEEDS-LAYOUT NEEDS-PAINT
          child: RenderCustomPaint#50ced NEEDS-LAYOUT NEEDS-PAINT
        child 3: RenderConstrainedBox#246ee NEEDS-LAYOUT NEEDS-PAINT
          child: RenderCustomPaint#3a0dc NEEDS-LAYOUT NEEDS-PAINT
        child 4: RenderConstrainedBox#9b710 NEEDS-LAYOUT NEEDS-PAINT
          child: RenderCustomPaint#7df47 NEEDS-LAYOUT NEEDS-PAINT
        child 5: RenderConstrainedBox#c7b6f NEEDS-LAYOUT NEEDS-PAINT
          child: RenderCustomPaint#d817b NEEDS-LAYOUT NEEDS-PAINT
        child 6: RenderPadding#d05ee relayoutBoundary=up24 NEEDS-PAINT
          child: _RenderLayoutBuilder#af538 relayoutBoundary=up25 NEEDS-PAINT
            child: RenderFlex#aa1cb relayoutBoundary=up26 NEEDS-PAINT
ΓòÉΓòÉΓòÉΓòÉΓòÉΓòÉΓòÉΓòÉΓòÉΓòÉΓòÉΓòÉΓòÉΓòÉΓòÉΓòÉΓòÉΓòÉΓòÉΓòÉΓòÉΓòÉΓòÉΓòÉΓòÉΓòÉΓòÉΓòÉΓòÉΓòÉΓòÉΓòÉΓòÉΓòÉΓòÉΓòÉΓòÉΓòÉΓòÉΓòÉΓòÉΓòÉΓòÉΓòÉΓòÉΓòÉΓòÉΓòÉΓòÉΓòÉΓòÉΓòÉΓòÉΓòÉΓòÉΓòÉΓòÉΓòÉΓòÉΓòÉΓòÉΓòÉΓòÉΓòÉΓòÉΓòÉΓòÉΓòÉΓòÉΓòÉΓòÉΓòÉΓòÉΓòÉΓòÉΓòÉΓòÉΓòÉΓòÉΓòÉΓòÉΓòÉΓòÉΓòÉΓòÉΓòÉΓòÉΓòÉΓòÉΓòÉΓòÉΓòÉΓòÉΓòÉΓòÉΓòÉΓòÉΓòÉΓòÉΓòÉ
ΓòÉΓòÉΓòí EXCEPTION CAUGHT BY RENDERING LIBRARY Γò₧ΓòÉΓòÉΓòÉΓòÉΓòÉΓòÉΓòÉΓòÉΓòÉΓòÉΓòÉΓòÉΓòÉΓòÉΓòÉΓòÉΓòÉΓòÉΓòÉΓòÉΓòÉΓòÉΓòÉΓòÉΓòÉΓòÉΓòÉΓòÉΓòÉΓòÉΓòÉΓòÉΓòÉΓòÉΓòÉΓòÉΓòÉΓòÉΓòÉΓòÉΓòÉΓòÉΓòÉΓòÉΓòÉΓòÉΓòÉΓòÉΓòÉΓòÉΓòÉΓòÉΓòÉΓòÉΓòÉΓòÉΓòÉ
The following assertion was thrown during performLayout():
RenderBox was not laid out: RenderDecoratedBox#db310 relayoutBoundary=up21 NEEDS-PAINT
'package:flutter/src/rendering/box.dart':
Failed assertion: line 2251 pos 12: 'hasSize'

Either the assertion indicates an error in the framework itself, or we should provide substantially
more information in this error message to help you determine and fix the underlying cause.
In either case, please report this assertion by filing a bug on GitHub:
  https://github.com/flutter/flutter/issues/new?template=02_bug.yml

The relevant error-causing widget was:
  Stack
  Stack:file:///D:/Mystery/programming/projects/PYTHON_PROJECTS/focus/focus_gg/focus_flutter/lib/shared/widgets/cyber_card.dart:21:14

When the exception was thrown, this was the stack:
#2      RenderBox.size (package:flutter/src/rendering/box.dart:2251:12)
#3      ChildLayoutHelper.layoutChild (package:flutter/src/rendering/layout_helper.dart:63:18)
#4      RenderStack._computeSize (package:flutter/src/rendering/stack.dart:645:43)
#5      RenderStack.performLayout (package:flutter/src/rendering/stack.dart:680:12)
#6      RenderObject.layout (package:flutter/src/rendering/object.dart:2775:7)
#7      RenderProxyBoxMixin.performLayout (package:flutter/src/rendering/proxy_box.dart:115:18)
#8      RenderObject.layout (package:flutter/src/rendering/object.dart:2775:7)
#9      RenderProxyBoxMixin.performLayout (package:flutter/src/rendering/proxy_box.dart:115:18)
#10     RenderObject.layout (package:flutter/src/rendering/object.dart:2775:7)
#11     ChildLayoutHelper.layoutChild (package:flutter/src/rendering/layout_helper.dart:62:11)
#12     RenderStack._computeSize (package:flutter/src/rendering/stack.dart:645:43)
#13     RenderStack.performLayout (package:flutter/src/rendering/stack.dart:680:12)
#14     RenderObject.layout (package:flutter/src/rendering/object.dart:2775:7)
#15     RenderProxyBoxMixin.performLayout (package:flutter/src/rendering/proxy_box.dart:115:18)
#16     RenderObject.layout (package:flutter/src/rendering/object.dart:2775:7)
#17     RenderProxyBoxMixin.performLayout (package:flutter/src/rendering/proxy_box.dart:115:18)
#18     RenderObject.layout (package:flutter/src/rendering/object.dart:2775:7)
#19     ChildLayoutHelper.layoutChild (package:flutter/src/rendering/layout_helper.dart:62:11)
#20     RenderFlex._computeSizes (package:flutter/src/rendering/flex.dart:1161:28)
#21     RenderFlex.performLayout (package:flutter/src/rendering/flex.dart:1257:32)
#22     RenderObject.layout (package:flutter/src/rendering/object.dart:2775:7)
#23     RenderPadding.performLayout (package:flutter/src/rendering/shifted_box.dart:243:12)
#24     RenderObject.layout (package:flutter/src/rendering/object.dart:2775:7)
#25     RenderConstrainedBox.performLayout (package:flutter/src/rendering/proxy_box.dart:293:14)
#26     RenderObject.layout (package:flutter/src/rendering/object.dart:2775:7)
#27     RenderPositionedBox.performLayout (package:flutter/src/rendering/shifted_box.dart:465:14)
#28     RenderObject.layout (package:flutter/src/rendering/object.dart:2775:7)
#29     RenderPadding.performLayout (package:flutter/src/rendering/shifted_box.dart:243:12)
#30     RenderObject.layout (package:flutter/src/rendering/object.dart:2775:7)
#31     _RenderSingleChildViewport.performLayout (package:flutter/src/widgets/single_child_scroll_view.dart:502:14)
#32     RenderObject.layout (package:flutter/src/rendering/object.dart:2775:7)
#33     RenderProxyBoxMixin.performLayout (package:flutter/src/rendering/proxy_box.dart:115:18)
#34     RenderObject.layout (package:flutter/src/rendering/object.dart:2775:7)
#35     RenderProxyBoxMixin.performLayout (package:flutter/src/rendering/proxy_box.dart:115:18)
#36     RenderObject.layout (package:flutter/src/rendering/object.dart:2775:7)
#37     RenderProxyBoxMixin.performLayout (package:flutter/src/rendering/proxy_box.dart:115:18)
#38     RenderObject.layout (package:flutter/src/rendering/object.dart:2775:7)
#39     RenderProxyBoxMixin.performLayout (package:flutter/src/rendering/proxy_box.dart:115:18)
#40     RenderObject.layout (package:flutter/src/rendering/object.dart:2775:7)
#41     RenderProxyBoxMixin.performLayout (package:flutter/src/rendering/proxy_box.dart:115:18)
#42     RenderObject.layout (package:flutter/src/rendering/object.dart:2775:7)
#43     RenderProxyBoxMixin.performLayout (package:flutter/src/rendering/proxy_box.dart:115:18)
#44     RenderObject.layout (package:flutter/src/rendering/object.dart:2775:7)
#45     RenderProxyBoxMixin.performLayout (package:flutter/src/rendering/proxy_box.dart:115:18)
#46     RenderObject.layout (package:flutter/src/rendering/object.dart:2775:7)
#47     RenderProxyBoxMixin.performLayout (package:flutter/src/rendering/proxy_box.dart:115:18)
#48     _RenderCustomClip.performLayout (package:flutter/src/rendering/proxy_box.dart:1481:11)
#49     RenderObject.layout (package:flutter/src/rendering/object.dart:2775:7)
#50     MultiChildLayoutDelegate.layoutChild (package:flutter/src/rendering/custom_layout.dart:180:12)
#51     _ScaffoldLayout.performLayout (package:flutter/src/material/scaffold.dart:1112:7)
#52     MultiChildLayoutDelegate._callPerformLayout (package:flutter/src/rendering/custom_layout.dart:249:7)
#53     RenderCustomMultiChildLayoutBox.performLayout (package:flutter/src/rendering/custom_layout.dart:420:14)
#54     RenderObject._layoutWithoutResize (package:flutter/src/rendering/object.dart:2623:7)
#55     PipelineOwner.flushLayout (package:flutter/src/rendering/object.dart:1170:18)
#56     PipelineOwner.flushLayout (package:flutter/src/rendering/object.dart:1183:15)
#57     AutomatedTestWidgetsFlutterBinding.drawFrame (package:flutter_test/src/binding.dart:1508:27)
#58     RendererBinding._handlePersistentFrameCallback (package:flutter/src/rendering/binding.dart:495:5)
#59     SchedulerBinding._invokeFrameCallback (package:flutter/src/scheduler/binding.dart:1434:15)
#60     SchedulerBinding.handleDrawFrame (package:flutter/src/scheduler/binding.dart:1347:9)
#61     AutomatedTestWidgetsFlutterBinding.pump.<anonymous closure> (package:flutter_test/src/binding.dart:1335:9)
#64     TestAsyncUtils.guard (package:flutter_test/src/test_async_utils.dart:74:41)
#65     AutomatedTestWidgetsFlutterBinding.pump (package:flutter_test/src/binding.dart:1324:27)
#66     WidgetTester.pumpAndSettle.<anonymous closure> (package:flutter_test/src/widget_tester.dart:719:23)
<asynchronous suspension>
#67     TestAsyncUtils.guard.<anonymous closure> (package:flutter_test/src/test_async_utils.dart:130:27)
<asynchronous suspension>
#68     main.<anonymous closure> (file:///D:/Mystery/programming/projects/PYTHON_PROJECTS/focus/focus_gg/focus_flutter/test/widget_test.dart:20:5)
<asynchronous suspension>
#69     testWidgets.<anonymous closure>.<anonymous closure> (package:flutter_test/src/widget_tester.dart:192:15)
<asynchronous suspension>
#70     TestWidgetsFlutterBinding._runTestBody (package:flutter_test/src/binding.dart:1059:5)
<asynchronous suspension>
<asynchronous suspension>
(elided 5 frames from class _AssertionError, dart:async, and package:stack_trace)

The following RenderObject was being processed when the exception was fired: RenderStack#9d9e2 relayoutBoundary=up20 NEEDS-LAYOUT NEEDS-PAINT:
  creator: Stack ΓåÉ Listener ΓåÉ _GestureSemantics ΓåÉ RawGestureDetector ΓåÉ GestureDetector ΓåÉ CyberCard ΓåÉ
    Stack ΓåÉ FadeTransition ΓåÉ FractionalTranslation ΓåÉ SlideTransition ΓåÉ Animate ΓåÉ Column ΓåÉ Γï»
  parentData: <none> (can use size)
  constraints: BoxConstraints(0.0<=w<=752.0, 0.0<=h<=Infinity)
  size: MISSING
  alignment: AlignmentDirectional.topStart
  textDirection: ltr
  fit: loose
This RenderObject had the following descendants (showing up to depth 5):
    child 1: RenderDecoratedBox#db310 relayoutBoundary=up21 NEEDS-PAINT
      child: RenderPadding#8a8d9 relayoutBoundary=up22 NEEDS-PAINT
        child: RenderStack#53f33 relayoutBoundary=up23 NEEDS-PAINT
          child 1: RenderDecoratedBox#12987 NEEDS-LAYOUT NEEDS-PAINT
            child: RenderPadding#bd09f NEEDS-LAYOUT NEEDS-PAINT
          child 2: RenderConstrainedBox#e358e NEEDS-LAYOUT NEEDS-PAINT
            child: RenderCustomPaint#50ced NEEDS-LAYOUT NEEDS-PAINT
          child 3: RenderConstrainedBox#246ee NEEDS-LAYOUT NEEDS-PAINT
            child: RenderCustomPaint#3a0dc NEEDS-LAYOUT NEEDS-PAINT
          child 4: RenderConstrainedBox#9b710 NEEDS-LAYOUT NEEDS-PAINT
            child: RenderCustomPaint#7df47 NEEDS-LAYOUT NEEDS-PAINT
          child 5: RenderConstrainedBox#c7b6f NEEDS-LAYOUT NEEDS-PAINT
            child: RenderCustomPaint#d817b NEEDS-LAYOUT NEEDS-PAINT
          child 6: RenderPadding#d05ee relayoutBoundary=up24 NEEDS-PAINT
            child: _RenderLayoutBuilder#af538 relayoutBoundary=up25 NEEDS-PAINT
ΓòÉΓòÉΓòÉΓòÉΓòÉΓòÉΓòÉΓòÉΓòÉΓòÉΓòÉΓòÉΓòÉΓòÉΓòÉΓòÉΓòÉΓòÉΓòÉΓòÉΓòÉΓòÉΓòÉΓòÉΓòÉΓòÉΓòÉΓòÉΓòÉΓòÉΓòÉΓòÉΓòÉΓòÉΓòÉΓòÉΓòÉΓòÉΓòÉΓòÉΓòÉΓòÉΓòÉΓòÉΓòÉΓòÉΓòÉΓòÉΓòÉΓòÉΓòÉΓòÉΓòÉΓòÉΓòÉΓòÉΓòÉΓòÉΓòÉΓòÉΓòÉΓòÉΓòÉΓòÉΓòÉΓòÉΓòÉΓòÉΓòÉΓòÉΓòÉΓòÉΓòÉΓòÉΓòÉΓòÉΓòÉΓòÉΓòÉΓòÉΓòÉΓòÉΓòÉΓòÉΓòÉΓòÉΓòÉΓòÉΓòÉΓòÉΓòÉΓòÉΓòÉΓòÉΓòÉΓòÉΓòÉΓòÉΓòÉΓòÉ
ΓòÉΓòÉΓòí EXCEPTION CAUGHT BY RENDERING LIBRARY Γò₧ΓòÉΓòÉΓòÉΓòÉΓòÉΓòÉΓòÉΓòÉΓòÉΓòÉΓòÉΓòÉΓòÉΓòÉΓòÉΓòÉΓòÉΓòÉΓòÉΓòÉΓòÉΓòÉΓòÉΓòÉΓòÉΓòÉΓòÉΓòÉΓòÉΓòÉΓòÉΓòÉΓòÉΓòÉΓòÉΓòÉΓòÉΓòÉΓòÉΓòÉΓòÉΓòÉΓòÉΓòÉΓòÉΓòÉΓòÉΓòÉΓòÉΓòÉΓòÉΓòÉΓòÉΓòÉΓòÉΓòÉΓòÉ
The following assertion was thrown during performLayout():
RenderBox was not laid out: RenderStack#9d9e2 relayoutBoundary=up20 NEEDS-PAINT
'package:flutter/src/rendering/box.dart':
Failed assertion: line 2251 pos 12: 'hasSize'

Either the assertion indicates an error in the framework itself, or we should provide substantially
more information in this error message to help you determine and fix the underlying cause.
In either case, please report this assertion by filing a bug on GitHub:
  https://github.com/flutter/flutter/issues/new?template=02_bug.yml

The relevant error-causing widget was:
  GestureDetector
  GestureDetector:file:///D:/Mystery/programming/projects/PYTHON_PROJECTS/focus/focus_gg/focus_flutter/lib/shared/widgets/cyber_card.dart:19:12

When the exception was thrown, this was the stack:
#2      RenderBox.size (package:flutter/src/rendering/box.dart:2251:12)
#3      RenderProxyBoxMixin.performLayout (package:flutter/src/rendering/proxy_box.dart:115:62)
#4      RenderObject.layout (package:flutter/src/rendering/object.dart:2775:7)
#5      RenderProxyBoxMixin.performLayout (package:flutter/src/rendering/proxy_box.dart:115:18)
#6      RenderObject.layout (package:flutter/src/rendering/object.dart:2775:7)
#7      ChildLayoutHelper.layoutChild (package:flutter/src/rendering/layout_helper.dart:62:11)
#8      RenderStack._computeSize (package:flutter/src/rendering/stack.dart:645:43)
#9      RenderStack.performLayout (package:flutter/src/rendering/stack.dart:680:12)
#10     RenderObject.layout (package:flutter/src/rendering/object.dart:2775:7)
#11     RenderProxyBoxMixin.performLayout (package:flutter/src/rendering/proxy_box.dart:115:18)
#12     RenderObject.layout (package:flutter/src/rendering/object.dart:2775:7)
#13     RenderProxyBoxMixin.performLayout (package:flutter/src/rendering/proxy_box.dart:115:18)
#14     RenderObject.layout (package:flutter/src/rendering/object.dart:2775:7)
#15     ChildLayoutHelper.layoutChild (package:flutter/src/rendering/layout_helper.dart:62:11)
#16     RenderFlex._computeSizes (package:flutter/src/rendering/flex.dart:1161:28)
#17     RenderFlex.performLayout (package:flutter/src/rendering/flex.dart:1257:32)
#18     RenderObject.layout (package:flutter/src/rendering/object.dart:2775:7)
#19     RenderPadding.performLayout (package:flutter/src/rendering/shifted_box.dart:243:12)
#20     RenderObject.layout (package:flutter/src/rendering/object.dart:2775:7)
#21     RenderConstrainedBox.performLayout (package:flutter/src/rendering/proxy_box.dart:293:14)
#22     RenderObject.layout (package:flutter/src/rendering/object.dart:2775:7)
#23     RenderPositionedBox.performLayout (package:flutter/src/rendering/shifted_box.dart:465:14)
#24     RenderObject.layout (package:flutter/src/rendering/object.dart:2775:7)
#25     RenderPadding.performLayout (package:flutter/src/rendering/shifted_box.dart:243:12)
#26     RenderObject.layout (package:flutter/src/rendering/object.dart:2775:7)
#27     _RenderSingleChildViewport.performLayout (package:flutter/src/widgets/single_child_scroll_view.dart:502:14)
#28     RenderObject.layout (package:flutter/src/rendering/object.dart:2775:7)
#29     RenderProxyBoxMixin.performLayout (package:flutter/src/rendering/proxy_box.dart:115:18)
#30     RenderObject.layout (package:flutter/src/rendering/object.dart:2775:7)
#31     RenderProxyBoxMixin.performLayout (package:flutter/src/rendering/proxy_box.dart:115:18)
#32     RenderObject.layout (package:flutter/src/rendering/object.dart:2775:7)
#33     RenderProxyBoxMixin.performLayout (package:flutter/src/rendering/proxy_box.dart:115:18)
#34     RenderObject.layout (package:flutter/src/rendering/object.dart:2775:7)
#35     RenderProxyBoxMixin.performLayout (package:flutter/src/rendering/proxy_box.dart:115:18)
#36     RenderObject.layout (package:flutter/src/rendering/object.dart:2775:7)
#37     RenderProxyBoxMixin.performLayout (package:flutter/src/rendering/proxy_box.dart:115:18)
#38     RenderObject.layout (package:flutter/src/rendering/object.dart:2775:7)
#39     RenderProxyBoxMixin.performLayout (package:flutter/src/rendering/proxy_box.dart:115:18)
#40     RenderObject.layout (package:flutter/src/rendering/object.dart:2775:7)
#41     RenderProxyBoxMixin.performLayout (package:flutter/src/rendering/proxy_box.dart:115:18)
#42     RenderObject.layout (package:flutter/src/rendering/object.dart:2775:7)
#43     RenderProxyBoxMixin.performLayout (package:flutter/src/rendering/proxy_box.dart:115:18)
#44     _RenderCustomClip.performLayout (package:flutter/src/rendering/proxy_box.dart:1481:11)
#45     RenderObject.layout (package:flutter/src/rendering/object.dart:2775:7)
#46     MultiChildLayoutDelegate.layoutChild (package:flutter/src/rendering/custom_layout.dart:180:12)
#47     _ScaffoldLayout.performLayout (package:flutter/src/material/scaffold.dart:1112:7)
#48     MultiChildLayoutDelegate._callPerformLayout (package:flutter/src/rendering/custom_layout.dart:249:7)
#49     RenderCustomMultiChildLayoutBox.performLayout (package:flutter/src/rendering/custom_layout.dart:420:14)
#50     RenderObject._layoutWithoutResize (package:flutter/src/rendering/object.dart:2623:7)
#51     PipelineOwner.flushLayout (package:flutter/src/rendering/object.dart:1170:18)
#52     PipelineOwner.flushLayout (package:flutter/src/rendering/object.dart:1183:15)
#53     AutomatedTestWidgetsFlutterBinding.drawFrame (package:flutter_test/src/binding.dart:1508:27)
#54     RendererBinding._handlePersistentFrameCallback (package:flutter/src/rendering/binding.dart:495:5)
#55     SchedulerBinding._invokeFrameCallback (package:flutter/src/scheduler/binding.dart:1434:15)
#56     SchedulerBinding.handleDrawFrame (package:flutter/src/scheduler/binding.dart:1347:9)
#57     AutomatedTestWidgetsFlutterBinding.pump.<anonymous closure> (package:flutter_test/src/binding.dart:1335:9)
#60     TestAsyncUtils.guard (package:flutter_test/src/test_async_utils.dart:74:41)
#61     AutomatedTestWidgetsFlutterBinding.pump (package:flutter_test/src/binding.dart:1324:27)
#62     WidgetTester.pumpAndSettle.<anonymous closure> (package:flutter_test/src/widget_tester.dart:719:23)
<asynchronous suspension>
#63     TestAsyncUtils.guard.<anonymous closure> (package:flutter_test/src/test_async_utils.dart:130:27)
<asynchronous suspension>
#64     main.<anonymous closure> (file:///D:/Mystery/programming/projects/PYTHON_PROJECTS/focus/focus_gg/focus_flutter/test/widget_test.dart:20:5)
<asynchronous suspension>
#65     testWidgets.<anonymous closure>.<anonymous closure> (package:flutter_test/src/widget_tester.dart:192:15)
<asynchronous suspension>
#66     TestWidgetsFlutterBinding._runTestBody (package:flutter_test/src/binding.dart:1059:5)
<asynchronous suspension>
<asynchronous suspension>
(elided 5 frames from class _AssertionError, dart:async, and package:stack_trace)

The following RenderObject was being processed when the exception was fired: RenderPointerListener#9059c relayoutBoundary=up19 NEEDS-LAYOUT NEEDS-PAINT:
  creator: Listener ΓåÉ _GestureSemantics ΓåÉ RawGestureDetector ΓåÉ GestureDetector ΓåÉ CyberCard ΓåÉ Stack ΓåÉ
    FadeTransition ΓåÉ FractionalTranslation ΓåÉ SlideTransition ΓåÉ Animate ΓåÉ Column ΓåÉ Padding ΓåÉ Γï»
  parentData: <none> (can use size)
  constraints: BoxConstraints(0.0<=w<=752.0, 0.0<=h<=Infinity)
  size: MISSING
  behavior: deferToChild
  listeners: down, panZoomStart
This RenderObject had the following descendants (showing up to depth 5):
    child: RenderStack#9d9e2 relayoutBoundary=up20 NEEDS-PAINT
      child 1: RenderDecoratedBox#db310 relayoutBoundary=up21 NEEDS-PAINT
        child: RenderPadding#8a8d9 relayoutBoundary=up22 NEEDS-PAINT
          child: RenderStack#53f33 relayoutBoundary=up23 NEEDS-PAINT
            child 1: RenderDecoratedBox#12987 NEEDS-LAYOUT NEEDS-PAINT
            child 2: RenderConstrainedBox#e358e NEEDS-LAYOUT NEEDS-PAINT
            child 3: RenderConstrainedBox#246ee NEEDS-LAYOUT NEEDS-PAINT
            child 4: RenderConstrainedBox#9b710 NEEDS-LAYOUT NEEDS-PAINT
            child 5: RenderConstrainedBox#c7b6f NEEDS-LAYOUT NEEDS-PAINT
            child 6: RenderPadding#d05ee relayoutBoundary=up24 NEEDS-PAINT
ΓòÉΓòÉΓòÉΓòÉΓòÉΓòÉΓòÉΓòÉΓòÉΓòÉΓòÉΓòÉΓòÉΓòÉΓòÉΓòÉΓòÉΓòÉΓòÉΓòÉΓòÉΓòÉΓòÉΓòÉΓòÉΓòÉΓòÉΓòÉΓòÉΓòÉΓòÉΓòÉΓòÉΓòÉΓòÉΓòÉΓòÉΓòÉΓòÉΓòÉΓòÉΓòÉΓòÉΓòÉΓòÉΓòÉΓòÉΓòÉΓòÉΓòÉΓòÉΓòÉΓòÉΓòÉΓòÉΓòÉΓòÉΓòÉΓòÉΓòÉΓòÉΓòÉΓòÉΓòÉΓòÉΓòÉΓòÉΓòÉΓòÉΓòÉΓòÉΓòÉΓòÉΓòÉΓòÉΓòÉΓòÉΓòÉΓòÉΓòÉΓòÉΓòÉΓòÉΓòÉΓòÉΓòÉΓòÉΓòÉΓòÉΓòÉΓòÉΓòÉΓòÉΓòÉΓòÉΓòÉΓòÉΓòÉΓòÉΓòÉ
ΓòÉΓòÉΓòí EXCEPTION CAUGHT BY RENDERING LIBRARY Γò₧ΓòÉΓòÉΓòÉΓòÉΓòÉΓòÉΓòÉΓòÉΓòÉΓòÉΓòÉΓòÉΓòÉΓòÉΓòÉΓòÉΓòÉΓòÉΓòÉΓòÉΓòÉΓòÉΓòÉΓòÉΓòÉΓòÉΓòÉΓòÉΓòÉΓòÉΓòÉΓòÉΓòÉΓòÉΓòÉΓòÉΓòÉΓòÉΓòÉΓòÉΓòÉΓòÉΓòÉΓòÉΓòÉΓòÉΓòÉΓòÉΓòÉΓòÉΓòÉΓòÉΓòÉΓòÉΓòÉΓòÉΓòÉ
The following assertion was thrown during performLayout():
RenderBox was not laid out: RenderPointerListener#9059c relayoutBoundary=up19 NEEDS-PAINT
'package:flutter/src/rendering/box.dart':
Failed assertion: line 2251 pos 12: 'hasSize'

Either the assertion indicates an error in the framework itself, or we should provide substantially
more information in this error message to help you determine and fix the underlying cause.
In either case, please report this assertion by filing a bug on GitHub:
  https://github.com/flutter/flutter/issues/new?template=02_bug.yml

The relevant error-causing widget was:
  GestureDetector
  GestureDetector:file:///D:/Mystery/programming/projects/PYTHON_PROJECTS/focus/focus_gg/focus_flutter/lib/shared/widgets/cyber_card.dart:19:12

When the exception was thrown, this was the stack:
#2      RenderBox.size (package:flutter/src/rendering/box.dart:2251:12)
#3      RenderProxyBoxMixin.performLayout (package:flutter/src/rendering/proxy_box.dart:115:62)
#4      RenderObject.layout (package:flutter/src/rendering/object.dart:2775:7)
#5      ChildLayoutHelper.layoutChild (package:flutter/src/rendering/layout_helper.dart:62:11)
#6      RenderStack._computeSize (package:flutter/src/rendering/stack.dart:645:43)
#7      RenderStack.performLayout (package:flutter/src/rendering/stack.dart:680:12)
#8      RenderObject.layout (package:flutter/src/rendering/object.dart:2775:7)
#9      RenderProxyBoxMixin.performLayout (package:flutter/src/rendering/proxy_box.dart:115:18)
#10     RenderObject.layout (package:flutter/src/rendering/object.dart:2775:7)
#11     RenderProxyBoxMixin.performLayout (package:flutter/src/rendering/proxy_box.dart:115:18)
#12     RenderObject.layout (package:flutter/src/rendering/object.dart:2775:7)
#13     ChildLayoutHelper.layoutChild (package:flutter/src/rendering/layout_helper.dart:62:11)
#14     RenderFlex._computeSizes (package:flutter/src/rendering/flex.dart:1161:28)
#15     RenderFlex.performLayout (package:flutter/src/rendering/flex.dart:1257:32)
#16     RenderObject.layout (package:flutter/src/rendering/object.dart:2775:7)
#17     RenderPadding.performLayout (package:flutter/src/rendering/shifted_box.dart:243:12)
#18     RenderObject.layout (package:flutter/src/rendering/object.dart:2775:7)
#19     RenderConstrainedBox.performLayout (package:flutter/src/rendering/proxy_box.dart:293:14)
#20     RenderObject.layout (package:flutter/src/rendering/object.dart:2775:7)
#21     RenderPositionedBox.performLayout (package:flutter/src/rendering/shifted_box.dart:465:14)
#22     RenderObject.layout (package:flutter/src/rendering/object.dart:2775:7)
#23     RenderPadding.performLayout (package:flutter/src/rendering/shifted_box.dart:243:12)
#24     RenderObject.layout (package:flutter/src/rendering/object.dart:2775:7)
#25     _RenderSingleChildViewport.performLayout (package:flutter/src/widgets/single_child_scroll_view.dart:502:14)
#26     RenderObject.layout (package:flutter/src/rendering/object.dart:2775:7)
#27     RenderProxyBoxMixin.performLayout (package:flutter/src/rendering/proxy_box.dart:115:18)
#28     RenderObject.layout (package:flutter/src/rendering/object.dart:2775:7)
#29     RenderProxyBoxMixin.performLayout (package:flutter/src/rendering/proxy_box.dart:115:18)
#30     RenderObject.layout (package:flutter/src/rendering/object.dart:2775:7)
#31     RenderProxyBoxMixin.performLayout (package:flutter/src/rendering/proxy_box.dart:115:18)
#32     RenderObject.layout (package:flutter/src/rendering/object.dart:2775:7)
#33     RenderProxyBoxMixin.performLayout (package:flutter/src/rendering/proxy_box.dart:115:18)
#34     RenderObject.layout (package:flutter/src/rendering/object.dart:2775:7)
#35     RenderProxyBoxMixin.performLayout (package:flutter/src/rendering/proxy_box.dart:115:18)
#36     RenderObject.layout (package:flutter/src/rendering/object.dart:2775:7)
#37     RenderProxyBoxMixin.performLayout (package:flutter/src/rendering/proxy_box.dart:115:18)
#38     RenderObject.layout (package:flutter/src/rendering/object.dart:2775:7)
#39     RenderProxyBoxMixin.performLayout (package:flutter/src/rendering/proxy_box.dart:115:18)
#40     RenderObject.layout (package:flutter/src/rendering/object.dart:2775:7)
#41     RenderProxyBoxMixin.performLayout (package:flutter/src/rendering/proxy_box.dart:115:18)
#42     _RenderCustomClip.performLayout (package:flutter/src/rendering/proxy_box.dart:1481:11)
#43     RenderObject.layout (package:flutter/src/rendering/object.dart:2775:7)
#44     MultiChildLayoutDelegate.layoutChild (package:flutter/src/rendering/custom_layout.dart:180:12)
#45     _ScaffoldLayout.performLayout (package:flutter/src/material/scaffold.dart:1112:7)
#46     MultiChildLayoutDelegate._callPerformLayout (package:flutter/src/rendering/custom_layout.dart:249:7)
#47     RenderCustomMultiChildLayoutBox.performLayout (package:flutter/src/rendering/custom_layout.dart:420:14)
#48     RenderObject._layoutWithoutResize (package:flutter/src/rendering/object.dart:2623:7)
#49     PipelineOwner.flushLayout (package:flutter/src/rendering/object.dart:1170:18)
#50     PipelineOwner.flushLayout (package:flutter/src/rendering/object.dart:1183:15)
#51     AutomatedTestWidgetsFlutterBinding.drawFrame (package:flutter_test/src/binding.dart:1508:27)
#52     RendererBinding._handlePersistentFrameCallback (package:flutter/src/rendering/binding.dart:495:5)
#53     SchedulerBinding._invokeFrameCallback (package:flutter/src/scheduler/binding.dart:1434:15)
#54     SchedulerBinding.handleDrawFrame (package:flutter/src/scheduler/binding.dart:1347:9)
#55     AutomatedTestWidgetsFlutterBinding.pump.<anonymous closure> (package:flutter_test/src/binding.dart:1335:9)
#58     TestAsyncUtils.guard (package:flutter_test/src/test_async_utils.dart:74:41)
#59     AutomatedTestWidgetsFlutterBinding.pump (package:flutter_test/src/binding.dart:1324:27)
#60     WidgetTester.pumpAndSettle.<anonymous closure> (package:flutter_test/src/widget_tester.dart:719:23)
<asynchronous suspension>
#61     TestAsyncUtils.guard.<anonymous closure> (package:flutter_test/src/test_async_utils.dart:130:27)
<asynchronous suspension>
#62     main.<anonymous closure> (file:///D:/Mystery/programming/projects/PYTHON_PROJECTS/focus/focus_gg/focus_flutter/test/widget_test.dart:20:5)
<asynchronous suspension>
#63     testWidgets.<anonymous closure>.<anonymous closure> (package:flutter_test/src/widget_tester.dart:192:15)
<asynchronous suspension>
#64     TestWidgetsFlutterBinding._runTestBody (package:flutter_test/src/binding.dart:1059:5)
<asynchronous suspension>
<asynchronous suspension>
(elided 5 frames from class _AssertionError, dart:async, and package:stack_trace)

The following RenderObject was being processed when the exception was fired: RenderSemanticsGestureHandler#fcad4 relayoutBoundary=up18 NEEDS-LAYOUT NEEDS-PAINT:
  creator: _GestureSemantics ΓåÉ RawGestureDetector ΓåÉ GestureDetector ΓåÉ CyberCard ΓåÉ Stack ΓåÉ
    FadeTransition ΓåÉ FractionalTranslation ΓåÉ SlideTransition ΓåÉ Animate ΓåÉ Column ΓåÉ Padding ΓåÉ
    ConstrainedBox ΓåÉ Γï»
  parentData: not positioned; offset=Offset(0.0, 0.0) (can use size)
  constraints: BoxConstraints(0.0<=w<=752.0, 0.0<=h<=Infinity)
  size: MISSING
  behavior: deferToChild
  gestures: <none>
This RenderObject had the following descendants (showing up to depth 5):
    child: RenderPointerListener#9059c relayoutBoundary=up19 NEEDS-PAINT
      child: RenderStack#9d9e2 relayoutBoundary=up20 NEEDS-PAINT
        child 1: RenderDecoratedBox#db310 relayoutBoundary=up21 NEEDS-PAINT
          child: RenderPadding#8a8d9 relayoutBoundary=up22 NEEDS-PAINT
            child: RenderStack#53f33 relayoutBoundary=up23 NEEDS-PAINT
ΓòÉΓòÉΓòÉΓòÉΓòÉΓòÉΓòÉΓòÉΓòÉΓòÉΓòÉΓòÉΓòÉΓòÉΓòÉΓòÉΓòÉΓòÉΓòÉΓòÉΓòÉΓòÉΓòÉΓòÉΓòÉΓòÉΓòÉΓòÉΓòÉΓòÉΓòÉΓòÉΓòÉΓòÉΓòÉΓòÉΓòÉΓòÉΓòÉΓòÉΓòÉΓòÉΓòÉΓòÉΓòÉΓòÉΓòÉΓòÉΓòÉΓòÉΓòÉΓòÉΓòÉΓòÉΓòÉΓòÉΓòÉΓòÉΓòÉΓòÉΓòÉΓòÉΓòÉΓòÉΓòÉΓòÉΓòÉΓòÉΓòÉΓòÉΓòÉΓòÉΓòÉΓòÉΓòÉΓòÉΓòÉΓòÉΓòÉΓòÉΓòÉΓòÉΓòÉΓòÉΓòÉΓòÉΓòÉΓòÉΓòÉΓòÉΓòÉΓòÉΓòÉΓòÉΓòÉΓòÉΓòÉΓòÉΓòÉΓòÉ
ΓòÉΓòÉΓòí EXCEPTION CAUGHT BY RENDERING LIBRARY Γò₧ΓòÉΓòÉΓòÉΓòÉΓòÉΓòÉΓòÉΓòÉΓòÉΓòÉΓòÉΓòÉΓòÉΓòÉΓòÉΓòÉΓòÉΓòÉΓòÉΓòÉΓòÉΓòÉΓòÉΓòÉΓòÉΓòÉΓòÉΓòÉΓòÉΓòÉΓòÉΓòÉΓòÉΓòÉΓòÉΓòÉΓòÉΓòÉΓòÉΓòÉΓòÉΓòÉΓòÉΓòÉΓòÉΓòÉΓòÉΓòÉΓòÉΓòÉΓòÉΓòÉΓòÉΓòÉΓòÉΓòÉΓòÉ
The following assertion was thrown during performLayout():
RenderBox was not laid out: RenderSemanticsGestureHandler#fcad4 relayoutBoundary=up18 NEEDS-PAINT
'package:flutter/src/rendering/box.dart':
Failed assertion: line 2251 pos 12: 'hasSize'

Either the assertion indicates an error in the framework itself, or we should provide substantially
more information in this error message to help you determine and fix the underlying cause.
In either case, please report this assertion by filing a bug on GitHub:
  https://github.com/flutter/flutter/issues/new?template=02_bug.yml

The relevant error-causing widget was:
  Stack
  Stack:file:///D:/Mystery/programming/projects/PYTHON_PROJECTS/focus/focus_gg/focus_flutter/lib/features/dashboard/dashboard_screen.dart:177:12

When the exception was thrown, this was the stack:
#2      RenderBox.size (package:flutter/src/rendering/box.dart:2251:12)
#3      ChildLayoutHelper.layoutChild (package:flutter/src/rendering/layout_helper.dart:63:18)
#4      RenderStack._computeSize (package:flutter/src/rendering/stack.dart:645:43)
#5      RenderStack.performLayout (package:flutter/src/rendering/stack.dart:680:12)
#6      RenderObject.layout (package:flutter/src/rendering/object.dart:2775:7)
#7      RenderProxyBoxMixin.performLayout (package:flutter/src/rendering/proxy_box.dart:115:18)
#8      RenderObject.layout (package:flutter/src/rendering/object.dart:2775:7)
#9      RenderProxyBoxMixin.performLayout (package:flutter/src/rendering/proxy_box.dart:115:18)
#10     RenderObject.layout (package:flutter/src/rendering/object.dart:2775:7)
#11     ChildLayoutHelper.layoutChild (package:flutter/src/rendering/layout_helper.dart:62:11)
#12     RenderFlex._computeSizes (package:flutter/src/rendering/flex.dart:1161:28)
#13     RenderFlex.performLayout (package:flutter/src/rendering/flex.dart:1257:32)
#14     RenderObject.layout (package:flutter/src/rendering/object.dart:2775:7)
#15     RenderPadding.performLayout (package:flutter/src/rendering/shifted_box.dart:243:12)
#16     RenderObject.layout (package:flutter/src/rendering/object.dart:2775:7)
#17     RenderConstrainedBox.performLayout (package:flutter/src/rendering/proxy_box.dart:293:14)
#18     RenderObject.layout (package:flutter/src/rendering/object.dart:2775:7)
#19     RenderPositionedBox.performLayout (package:flutter/src/rendering/shifted_box.dart:465:14)
#20     RenderObject.layout (package:flutter/src/rendering/object.dart:2775:7)
#21     RenderPadding.performLayout (package:flutter/src/rendering/shifted_box.dart:243:12)
#22     RenderObject.layout (package:flutter/src/rendering/object.dart:2775:7)
#23     _RenderSingleChildViewport.performLayout (package:flutter/src/widgets/single_child_scroll_view.dart:502:14)
#24     RenderObject.layout (package:flutter/src/rendering/object.dart:2775:7)
#25     RenderProxyBoxMixin.performLayout (package:flutter/src/rendering/proxy_box.dart:115:18)
#26     RenderObject.layout (package:flutter/src/rendering/object.dart:2775:7)
#27     RenderProxyBoxMixin.performLayout (package:flutter/src/rendering/proxy_box.dart:115:18)
#28     RenderObject.layout (package:flutter/src/rendering/object.dart:2775:7)
#29     RenderProxyBoxMixin.performLayout (package:flutter/src/rendering/proxy_box.dart:115:18)
#30     RenderObject.layout (package:flutter/src/rendering/object.dart:2775:7)
#31     RenderProxyBoxMixin.performLayout (package:flutter/src/rendering/proxy_box.dart:115:18)
#32     RenderObject.layout (package:flutter/src/rendering/object.dart:2775:7)
#33     RenderProxyBoxMixin.performLayout (package:flutter/src/rendering/proxy_box.dart:115:18)
#34     RenderObject.layout (package:flutter/src/rendering/object.dart:2775:7)
#35     RenderProxyBoxMixin.performLayout (package:flutter/src/rendering/proxy_box.dart:115:18)
#36     RenderObject.layout (package:flutter/src/rendering/object.dart:2775:7)
#37     RenderProxyBoxMixin.performLayout (package:flutter/src/rendering/proxy_box.dart:115:18)
#38     RenderObject.layout (package:flutter/src/rendering/object.dart:2775:7)
#39     RenderProxyBoxMixin.performLayout (package:flutter/src/rendering/proxy_box.dart:115:18)
#40     _RenderCustomClip.performLayout (package:flutter/src/rendering/proxy_box.dart:1481:11)
#41     RenderObject.layout (package:flutter/src/rendering/object.dart:2775:7)
#42     MultiChildLayoutDelegate.layoutChild (package:flutter/src/rendering/custom_layout.dart:180:12)
#43     _ScaffoldLayout.performLayout (package:flutter/src/material/scaffold.dart:1112:7)
#44     MultiChildLayoutDelegate._callPerformLayout (package:flutter/src/rendering/custom_layout.dart:249:7)
#45     RenderCustomMultiChildLayoutBox.performLayout (package:flutter/src/rendering/custom_layout.dart:420:14)
#46     RenderObject._layoutWithoutResize (package:flutter/src/rendering/object.dart:2623:7)
#47     PipelineOwner.flushLayout (package:flutter/src/rendering/object.dart:1170:18)
#48     PipelineOwner.flushLayout (package:flutter/src/rendering/object.dart:1183:15)
#49     AutomatedTestWidgetsFlutterBinding.drawFrame (package:flutter_test/src/binding.dart:1508:27)
#50     RendererBinding._handlePersistentFrameCallback (package:flutter/src/rendering/binding.dart:495:5)
#51     SchedulerBinding._invokeFrameCallback (package:flutter/src/scheduler/binding.dart:1434:15)
#52     SchedulerBinding.handleDrawFrame (package:flutter/src/scheduler/binding.dart:1347:9)
#53     AutomatedTestWidgetsFlutterBinding.pump.<anonymous closure> (package:flutter_test/src/binding.dart:1335:9)
#56     TestAsyncUtils.guard (package:flutter_test/src/test_async_utils.dart:74:41)
#57     AutomatedTestWidgetsFlutterBinding.pump (package:flutter_test/src/binding.dart:1324:27)
#58     WidgetTester.pumpAndSettle.<anonymous closure> (package:flutter_test/src/widget_tester.dart:719:23)
<asynchronous suspension>
#59     TestAsyncUtils.guard.<anonymous closure> (package:flutter_test/src/test_async_utils.dart:130:27)
<asynchronous suspension>
#60     main.<anonymous closure> (file:///D:/Mystery/programming/projects/PYTHON_PROJECTS/focus/focus_gg/focus_flutter/test/widget_test.dart:20:5)
<asynchronous suspension>
#61     testWidgets.<anonymous closure>.<anonymous closure> (package:flutter_test/src/widget_tester.dart:192:15)
<asynchronous suspension>
#62     TestWidgetsFlutterBinding._runTestBody (package:flutter_test/src/binding.dart:1059:5)
<asynchronous suspension>
<asynchronous suspension>
(elided 5 frames from class _AssertionError, dart:async, and package:stack_trace)

The following RenderObject was being processed when the exception was fired: RenderStack#942f2 relayoutBoundary=up17 NEEDS-LAYOUT NEEDS-PAINT:
  creator: Stack ΓåÉ FadeTransition ΓåÉ FractionalTranslation ΓåÉ SlideTransition ΓåÉ Animate ΓåÉ Column ΓåÉ
    Padding ΓåÉ ConstrainedBox ΓåÉ Align ΓåÉ PageContainer ΓåÉ Padding ΓåÉ _SingleChildViewport ΓåÉ Γï»
  parentData: <none> (can use size)
  constraints: BoxConstraints(w=752.0, 0.0<=h<=Infinity)
  size: MISSING
  alignment: AlignmentDirectional.topStart
  textDirection: ltr
  fit: loose
This RenderObject had the following descendants (showing up to depth 5):
    child 1: RenderDecoratedBox#2388f NEEDS-LAYOUT NEEDS-PAINT
      child: RenderPadding#b6df0 NEEDS-LAYOUT NEEDS-PAINT
        child: RenderLimitedBox#53077 NEEDS-LAYOUT NEEDS-PAINT
          child: RenderConstrainedBox#10065 NEEDS-LAYOUT NEEDS-PAINT
    child 2: RenderSemanticsGestureHandler#fcad4 relayoutBoundary=up18 NEEDS-PAINT
      child: RenderPointerListener#9059c relayoutBoundary=up19 NEEDS-PAINT
        child: RenderStack#9d9e2 relayoutBoundary=up20 NEEDS-PAINT
          child 1: RenderDecoratedBox#db310 relayoutBoundary=up21 NEEDS-PAINT
            child: RenderPadding#8a8d9 relayoutBoundary=up22 NEEDS-PAINT
ΓòÉΓòÉΓòÉΓòÉΓòÉΓòÉΓòÉΓòÉΓòÉΓòÉΓòÉΓòÉΓòÉΓòÉΓòÉΓòÉΓòÉΓòÉΓòÉΓòÉΓòÉΓòÉΓòÉΓòÉΓòÉΓòÉΓòÉΓòÉΓòÉΓòÉΓòÉΓòÉΓòÉΓòÉΓòÉΓòÉΓòÉΓòÉΓòÉΓòÉΓòÉΓòÉΓòÉΓòÉΓòÉΓòÉΓòÉΓòÉΓòÉΓòÉΓòÉΓòÉΓòÉΓòÉΓòÉΓòÉΓòÉΓòÉΓòÉΓòÉΓòÉΓòÉΓòÉΓòÉΓòÉΓòÉΓòÉΓòÉΓòÉΓòÉΓòÉΓòÉΓòÉΓòÉΓòÉΓòÉΓòÉΓòÉΓòÉΓòÉΓòÉΓòÉΓòÉΓòÉΓòÉΓòÉΓòÉΓòÉΓòÉΓòÉΓòÉΓòÉΓòÉΓòÉΓòÉΓòÉΓòÉΓòÉΓòÉΓòÉ
ΓòÉΓòÉΓòí EXCEPTION CAUGHT BY RENDERING LIBRARY Γò₧ΓòÉΓòÉΓòÉΓòÉΓòÉΓòÉΓòÉΓòÉΓòÉΓòÉΓòÉΓòÉΓòÉΓòÉΓòÉΓòÉΓòÉΓòÉΓòÉΓòÉΓòÉΓòÉΓòÉΓòÉΓòÉΓòÉΓòÉΓòÉΓòÉΓòÉΓòÉΓòÉΓòÉΓòÉΓòÉΓòÉΓòÉΓòÉΓòÉΓòÉΓòÉΓòÉΓòÉΓòÉΓòÉΓòÉΓòÉΓòÉΓòÉΓòÉΓòÉΓòÉΓòÉΓòÉΓòÉΓòÉΓòÉ
The following assertion was thrown during performLayout():
RenderBox was not laid out: RenderStack#942f2 relayoutBoundary=up17 NEEDS-PAINT
'package:flutter/src/rendering/box.dart':
Failed assertion: line 2251 pos 12: 'hasSize'

Either the assertion indicates an error in the framework itself, or we should provide substantially
more information in this error message to help you determine and fix the underlying cause.
In either case, please report this assertion by filing a bug on GitHub:
  https://github.com/flutter/flutter/issues/new?template=02_bug.yml

The relevant error-causing widget was:
  FadeTransition
  FadeTransition:file:///C:/Users/LENOVO/AppData/Local/Pub/Cache/hosted/pub.dev/flutter_animate-4.5.2/lib/src/effects/fade_effect.dart:31:12

When the exception was thrown, this was the stack:
#2      RenderBox.size (package:flutter/src/rendering/box.dart:2251:12)
#3      RenderProxyBoxMixin.performLayout (package:flutter/src/rendering/proxy_box.dart:115:62)
#4      RenderObject.layout (package:flutter/src/rendering/object.dart:2775:7)
#5      RenderProxyBoxMixin.performLayout (package:flutter/src/rendering/proxy_box.dart:115:18)
#6      RenderObject.layout (package:flutter/src/rendering/object.dart:2775:7)
#7      ChildLayoutHelper.layoutChild (package:flutter/src/rendering/layout_helper.dart:62:11)
#8      RenderFlex._computeSizes (package:flutter/src/rendering/flex.dart:1161:28)
#9      RenderFlex.performLayout (package:flutter/src/rendering/flex.dart:1257:32)
#10     RenderObject.layout (package:flutter/src/rendering/object.dart:2775:7)
#11     RenderPadding.performLayout (package:flutter/src/rendering/shifted_box.dart:243:12)
#12     RenderObject.layout (package:flutter/src/rendering/object.dart:2775:7)
#13     RenderConstrainedBox.performLayout (package:flutter/src/rendering/proxy_box.dart:293:14)
#14     RenderObject.layout (package:flutter/src/rendering/object.dart:2775:7)
#15     RenderPositionedBox.performLayout (package:flutter/src/rendering/shifted_box.dart:465:14)
#16     RenderObject.layout (package:flutter/src/rendering/object.dart:2775:7)
#17     RenderPadding.performLayout (package:flutter/src/rendering/shifted_box.dart:243:12)
#18     RenderObject.layout (package:flutter/src/rendering/object.dart:2775:7)
#19     _RenderSingleChildViewport.performLayout (package:flutter/src/widgets/single_child_scroll_view.dart:502:14)
#20     RenderObject.layout (package:flutter/src/rendering/object.dart:2775:7)
#21     RenderProxyBoxMixin.performLayout (package:flutter/src/rendering/proxy_box.dart:115:18)
#22     RenderObject.layout (package:flutter/src/rendering/object.dart:2775:7)
#23     RenderProxyBoxMixin.performLayout (package:flutter/src/rendering/proxy_box.dart:115:18)
#24     RenderObject.layout (package:flutter/src/rendering/object.dart:2775:7)
#25     RenderProxyBoxMixin.performLayout (package:flutter/src/rendering/proxy_box.dart:115:18)
#26     RenderObject.layout (package:flutter/src/rendering/object.dart:2775:7)
#27     RenderProxyBoxMixin.performLayout (package:flutter/src/rendering/proxy_box.dart:115:18)
#28     RenderObject.layout (package:flutter/src/rendering/object.dart:2775:7)
#29     RenderProxyBoxMixin.performLayout (package:flutter/src/rendering/proxy_box.dart:115:18)
#30     RenderObject.layout (package:flutter/src/rendering/object.dart:2775:7)
#31     RenderProxyBoxMixin.performLayout (package:flutter/src/rendering/proxy_box.dart:115:18)
#32     RenderObject.layout (package:flutter/src/rendering/object.dart:2775:7)
#33     RenderProxyBoxMixin.performLayout (package:flutter/src/rendering/proxy_box.dart:115:18)
#34     RenderObject.layout (package:flutter/src/rendering/object.dart:2775:7)
#35     RenderProxyBoxMixin.performLayout (package:flutter/src/rendering/proxy_box.dart:115:18)
#36     _RenderCustomClip.performLayout (package:flutter/src/rendering/proxy_box.dart:1481:11)
#37     RenderObject.layout (package:flutter/src/rendering/object.dart:2775:7)
#38     MultiChildLayoutDelegate.layoutChild (package:flutter/src/rendering/custom_layout.dart:180:12)
#39     _ScaffoldLayout.performLayout (package:flutter/src/material/scaffold.dart:1112:7)
#40     MultiChildLayoutDelegate._callPerformLayout (package:flutter/src/rendering/custom_layout.dart:249:7)
#41     RenderCustomMultiChildLayoutBox.performLayout (package:flutter/src/rendering/custom_layout.dart:420:14)
#42     RenderObject._layoutWithoutResize (package:flutter/src/rendering/object.dart:2623:7)
#43     PipelineOwner.flushLayout (package:flutter/src/rendering/object.dart:1170:18)
#44     PipelineOwner.flushLayout (package:flutter/src/rendering/object.dart:1183:15)
#45     AutomatedTestWidgetsFlutterBinding.drawFrame (package:flutter_test/src/binding.dart:1508:27)
#46     RendererBinding._handlePersistentFrameCallback (package:flutter/src/rendering/binding.dart:495:5)
#47     SchedulerBinding._invokeFrameCallback (package:flutter/src/scheduler/binding.dart:1434:15)
#48     SchedulerBinding.handleDrawFrame (package:flutter/src/scheduler/binding.dart:1347:9)
#49     AutomatedTestWidgetsFlutterBinding.pump.<anonymous closure> (package:flutter_test/src/binding.dart:1335:9)
#52     TestAsyncUtils.guard (package:flutter_test/src/test_async_utils.dart:74:41)
#53     AutomatedTestWidgetsFlutterBinding.pump (package:flutter_test/src/binding.dart:1324:27)
#54     WidgetTester.pumpAndSettle.<anonymous closure> (package:flutter_test/src/widget_tester.dart:719:23)
<asynchronous suspension>
#55     TestAsyncUtils.guard.<anonymous closure> (package:flutter_test/src/test_async_utils.dart:130:27)
<asynchronous suspension>
#56     main.<anonymous closure> (file:///D:/Mystery/programming/projects/PYTHON_PROJECTS/focus/focus_gg/focus_flutter/test/widget_test.dart:20:5)
<asynchronous suspension>
#57     testWidgets.<anonymous closure>.<anonymous closure> (package:flutter_test/src/widget_tester.dart:192:15)
<asynchronous suspension>
#58     TestWidgetsFlutterBinding._runTestBody (package:flutter_test/src/binding.dart:1059:5)
<asynchronous suspension>
<asynchronous suspension>
(elided 5 frames from class _AssertionError, dart:async, and package:stack_trace)

The following RenderObject was being processed when the exception was fired: RenderAnimatedOpacity#376cd relayoutBoundary=up16 NEEDS-LAYOUT NEEDS-PAINT:
  needs compositing
  creator: FadeTransition ΓåÉ FractionalTranslation ΓåÉ SlideTransition ΓåÉ Animate ΓåÉ Column ΓåÉ Padding ΓåÉ
    ConstrainedBox ΓåÉ Align ΓåÉ PageContainer ΓåÉ Padding ΓåÉ _SingleChildViewport ΓåÉ
    IgnorePointer-[GlobalKey#2ac55] ΓåÉ Γï»
  parentData: <none> (can use size)
  constraints: BoxConstraints(w=752.0, 0.0<=h<=Infinity)
  size: MISSING
  opacity: AnimationController#7383f(Γû╢ 0.833)Γ₧⌐Interval(0.0Γï»1.0)Γ₧⌐Cubic(0.00, 0.00, 0.58,
    1.00)Γ₧⌐Tween<double>(0.0 ΓåÆ 1.0)Γ₧⌐0.9557409435510635
This RenderObject had the following descendants (showing up to depth 5):
    child: RenderStack#942f2 relayoutBoundary=up17 NEEDS-PAINT
      child 1: RenderDecoratedBox#2388f NEEDS-LAYOUT NEEDS-PAINT
        child: RenderPadding#b6df0 NEEDS-LAYOUT NEEDS-PAINT
          child: RenderLimitedBox#53077 NEEDS-LAYOUT NEEDS-PAINT
            child: RenderConstrainedBox#10065 NEEDS-LAYOUT NEEDS-PAINT
      child 2: RenderSemanticsGestureHandler#fcad4 relayoutBoundary=up18 NEEDS-PAINT
        child: RenderPointerListener#9059c relayoutBoundary=up19 NEEDS-PAINT
          child: RenderStack#9d9e2 relayoutBoundary=up20 NEEDS-PAINT
            child 1: RenderDecoratedBox#db310 relayoutBoundary=up21 NEEDS-PAINT
ΓòÉΓòÉΓòÉΓòÉΓòÉΓòÉΓòÉΓòÉΓòÉΓòÉΓòÉΓòÉΓòÉΓòÉΓòÉΓòÉΓòÉΓòÉΓòÉΓòÉΓòÉΓòÉΓòÉΓòÉΓòÉΓòÉΓòÉΓòÉΓòÉΓòÉΓòÉΓòÉΓòÉΓòÉΓòÉΓòÉΓòÉΓòÉΓòÉΓòÉΓòÉΓòÉΓòÉΓòÉΓòÉΓòÉΓòÉΓòÉΓòÉΓòÉΓòÉΓòÉΓòÉΓòÉΓòÉΓòÉΓòÉΓòÉΓòÉΓòÉΓòÉΓòÉΓòÉΓòÉΓòÉΓòÉΓòÉΓòÉΓòÉΓòÉΓòÉΓòÉΓòÉΓòÉΓòÉΓòÉΓòÉΓòÉΓòÉΓòÉΓòÉΓòÉΓòÉΓòÉΓòÉΓòÉΓòÉΓòÉΓòÉΓòÉΓòÉΓòÉΓòÉΓòÉΓòÉΓòÉΓòÉΓòÉΓòÉΓòÉ
ΓòÉΓòÉΓòí EXCEPTION CAUGHT BY RENDERING LIBRARY Γò₧ΓòÉΓòÉΓòÉΓòÉΓòÉΓòÉΓòÉΓòÉΓòÉΓòÉΓòÉΓòÉΓòÉΓòÉΓòÉΓòÉΓòÉΓòÉΓòÉΓòÉΓòÉΓòÉΓòÉΓòÉΓòÉΓòÉΓòÉΓòÉΓòÉΓòÉΓòÉΓòÉΓòÉΓòÉΓòÉΓòÉΓòÉΓòÉΓòÉΓòÉΓòÉΓòÉΓòÉΓòÉΓòÉΓòÉΓòÉΓòÉΓòÉΓòÉΓòÉΓòÉΓòÉΓòÉΓòÉΓòÉΓòÉ
The following assertion was thrown during performLayout():
RenderBox was not laid out: RenderAnimatedOpacity#376cd relayoutBoundary=up16 NEEDS-PAINT
'package:flutter/src/rendering/box.dart':
Failed assertion: line 2251 pos 12: 'hasSize'

Either the assertion indicates an error in the framework itself, or we should provide substantially
more information in this error message to help you determine and fix the underlying cause.
In either case, please report this assertion by filing a bug on GitHub:
  https://github.com/flutter/flutter/issues/new?template=02_bug.yml

The relevant error-causing widget was:
  SlideTransition
  SlideTransition:file:///C:/Users/LENOVO/AppData/Local/Pub/Cache/hosted/pub.dev/flutter_animate-4.5.2/lib/src/effects/slide_effect.dart:37:12

When the exception was thrown, this was the stack:
#2      RenderBox.size (package:flutter/src/rendering/box.dart:2251:12)
#3      RenderProxyBoxMixin.performLayout (package:flutter/src/rendering/proxy_box.dart:115:62)
#4      RenderObject.layout (package:flutter/src/rendering/object.dart:2775:7)
#5      ChildLayoutHelper.layoutChild (package:flutter/src/rendering/layout_helper.dart:62:11)
#6      RenderFlex._computeSizes (package:flutter/src/rendering/flex.dart:1161:28)
#7      RenderFlex.performLayout (package:flutter/src/rendering/flex.dart:1257:32)
#8      RenderObject.layout (package:flutter/src/rendering/object.dart:2775:7)
#9      RenderPadding.performLayout (package:flutter/src/rendering/shifted_box.dart:243:12)
#10     RenderObject.layout (package:flutter/src/rendering/object.dart:2775:7)
#11     RenderConstrainedBox.performLayout (package:flutter/src/rendering/proxy_box.dart:293:14)
#12     RenderObject.layout (package:flutter/src/rendering/object.dart:2775:7)
#13     RenderPositionedBox.performLayout (package:flutter/src/rendering/shifted_box.dart:465:14)
#14     RenderObject.layout (package:flutter/src/rendering/object.dart:2775:7)
#15     RenderPadding.performLayout (package:flutter/src/rendering/shifted_box.dart:243:12)
#16     RenderObject.layout (package:flutter/src/rendering/object.dart:2775:7)
#17     _RenderSingleChildViewport.performLayout (package:flutter/src/widgets/single_child_scroll_view.dart:502:14)
#18     RenderObject.layout (package:flutter/src/rendering/object.dart:2775:7)
#19     RenderProxyBoxMixin.performLayout (package:flutter/src/rendering/proxy_box.dart:115:18)
#20     RenderObject.layout (package:flutter/src/rendering/object.dart:2775:7)
#21     RenderProxyBoxMixin.performLayout (package:flutter/src/rendering/proxy_box.dart:115:18)
#22     RenderObject.layout (package:flutter/src/rendering/object.dart:2775:7)
#23     RenderProxyBoxMixin.performLayout (package:flutter/src/rendering/proxy_box.dart:115:18)
#24     RenderObject.layout (package:flutter/src/rendering/object.dart:2775:7)
#25     RenderProxyBoxMixin.performLayout (package:flutter/src/rendering/proxy_box.dart:115:18)
#26     RenderObject.layout (package:flutter/src/rendering/object.dart:2775:7)
#27     RenderProxyBoxMixin.performLayout (package:flutter/src/rendering/proxy_box.dart:115:18)
#28     RenderObject.layout (package:flutter/src/rendering/object.dart:2775:7)
#29     RenderProxyBoxMixin.performLayout (package:flutter/src/rendering/proxy_box.dart:115:18)
#30     RenderObject.layout (package:flutter/src/rendering/object.dart:2775:7)
#31     RenderProxyBoxMixin.performLayout (package:flutter/src/rendering/proxy_box.dart:115:18)
#32     RenderObject.layout (package:flutter/src/rendering/object.dart:2775:7)
#33     RenderProxyBoxMixin.performLayout (package:flutter/src/rendering/proxy_box.dart:115:18)
#34     _RenderCustomClip.performLayout (package:flutter/src/rendering/proxy_box.dart:1481:11)
#35     RenderObject.layout (package:flutter/src/rendering/object.dart:2775:7)
#36     MultiChildLayoutDelegate.layoutChild (package:flutter/src/rendering/custom_layout.dart:180:12)
#37     _ScaffoldLayout.performLayout (package:flutter/src/material/scaffold.dart:1112:7)
#38     MultiChildLayoutDelegate._callPerformLayout (package:flutter/src/rendering/custom_layout.dart:249:7)
#39     RenderCustomMultiChildLayoutBox.performLayout (package:flutter/src/rendering/custom_layout.dart:420:14)
#40     RenderObject._layoutWithoutResize (package:flutter/src/rendering/object.dart:2623:7)
#41     PipelineOwner.flushLayout (package:flutter/src/rendering/object.dart:1170:18)
#42     PipelineOwner.flushLayout (package:flutter/src/rendering/object.dart:1183:15)
#43     AutomatedTestWidgetsFlutterBinding.drawFrame (package:flutter_test/src/binding.dart:1508:27)
#44     RendererBinding._handlePersistentFrameCallback (package:flutter/src/rendering/binding.dart:495:5)
#45     SchedulerBinding._invokeFrameCallback (package:flutter/src/scheduler/binding.dart:1434:15)
#46     SchedulerBinding.handleDrawFrame (package:flutter/src/scheduler/binding.dart:1347:9)
#47     AutomatedTestWidgetsFlutterBinding.pump.<anonymous closure> (package:flutter_test/src/binding.dart:1335:9)
#50     TestAsyncUtils.guard (package:flutter_test/src/test_async_utils.dart:74:41)
#51     AutomatedTestWidgetsFlutterBinding.pump (package:flutter_test/src/binding.dart:1324:27)
#52     WidgetTester.pumpAndSettle.<anonymous closure> (package:flutter_test/src/widget_tester.dart:719:23)
<asynchronous suspension>
#53     TestAsyncUtils.guard.<anonymous closure> (package:flutter_test/src/test_async_utils.dart:130:27)
<asynchronous suspension>
#54     main.<anonymous closure> (file:///D:/Mystery/programming/projects/PYTHON_PROJECTS/focus/focus_gg/focus_flutter/test/widget_test.dart:20:5)
<asynchronous suspension>
#55     testWidgets.<anonymous closure>.<anonymous closure> (package:flutter_test/src/widget_tester.dart:192:15)
<asynchronous suspension>
#56     TestWidgetsFlutterBinding._runTestBody (package:flutter_test/src/binding.dart:1059:5)
<asynchronous suspension>
<asynchronous suspension>
(elided 5 frames from class _AssertionError, dart:async, and package:stack_trace)

The following RenderObject was being processed when the exception was fired: RenderFractionalTranslation#3e3c5 relayoutBoundary=up15 NEEDS-LAYOUT NEEDS-PAINT:
  needs compositing
  creator: FractionalTranslation ΓåÉ SlideTransition ΓåÉ Animate ΓåÉ Column ΓåÉ Padding ΓåÉ ConstrainedBox ΓåÉ
    Align ΓåÉ PageContainer ΓåÉ Padding ΓåÉ _SingleChildViewport ΓåÉ IgnorePointer-[GlobalKey#2ac55] ΓåÉ
    Semantics ΓåÉ Γï»
  parentData: offset=Offset(0.0, 0.0); flex=null; fit=null (can use size)
  constraints: BoxConstraints(w=752.0, 0.0<=h<=Infinity)
  size: MISSING
  translation: Offset(0.0, 0.0)
  transformHitTests: true
This RenderObject had the following descendants (showing up to depth 5):
    child: RenderAnimatedOpacity#376cd relayoutBoundary=up16 NEEDS-PAINT
      child: RenderStack#942f2 relayoutBoundary=up17 NEEDS-PAINT
        child 1: RenderDecoratedBox#2388f NEEDS-LAYOUT NEEDS-PAINT
          child: RenderPadding#b6df0 NEEDS-LAYOUT NEEDS-PAINT
            child: RenderLimitedBox#53077 NEEDS-LAYOUT NEEDS-PAINT
        child 2: RenderSemanticsGestureHandler#fcad4 relayoutBoundary=up18 NEEDS-PAINT
          child: RenderPointerListener#9059c relayoutBoundary=up19 NEEDS-PAINT
            child: RenderStack#9d9e2 relayoutBoundary=up20 NEEDS-PAINT
ΓòÉΓòÉΓòÉΓòÉΓòÉΓòÉΓòÉΓòÉΓòÉΓòÉΓòÉΓòÉΓòÉΓòÉΓòÉΓòÉΓòÉΓòÉΓòÉΓòÉΓòÉΓòÉΓòÉΓòÉΓòÉΓòÉΓòÉΓòÉΓòÉΓòÉΓòÉΓòÉΓòÉΓòÉΓòÉΓòÉΓòÉΓòÉΓòÉΓòÉΓòÉΓòÉΓòÉΓòÉΓòÉΓòÉΓòÉΓòÉΓòÉΓòÉΓòÉΓòÉΓòÉΓòÉΓòÉΓòÉΓòÉΓòÉΓòÉΓòÉΓòÉΓòÉΓòÉΓòÉΓòÉΓòÉΓòÉΓòÉΓòÉΓòÉΓòÉΓòÉΓòÉΓòÉΓòÉΓòÉΓòÉΓòÉΓòÉΓòÉΓòÉΓòÉΓòÉΓòÉΓòÉΓòÉΓòÉΓòÉΓòÉΓòÉΓòÉΓòÉΓòÉΓòÉΓòÉΓòÉΓòÉΓòÉΓòÉΓòÉ
ΓòÉΓòÉΓòí EXCEPTION CAUGHT BY RENDERING LIBRARY Γò₧ΓòÉΓòÉΓòÉΓòÉΓòÉΓòÉΓòÉΓòÉΓòÉΓòÉΓòÉΓòÉΓòÉΓòÉΓòÉΓòÉΓòÉΓòÉΓòÉΓòÉΓòÉΓòÉΓòÉΓòÉΓòÉΓòÉΓòÉΓòÉΓòÉΓòÉΓòÉΓòÉΓòÉΓòÉΓòÉΓòÉΓòÉΓòÉΓòÉΓòÉΓòÉΓòÉΓòÉΓòÉΓòÉΓòÉΓòÉΓòÉΓòÉΓòÉΓòÉΓòÉΓòÉΓòÉΓòÉΓòÉΓòÉ
The following assertion was thrown during performLayout():
RenderBox was not laid out: RenderFractionalTranslation#3e3c5 relayoutBoundary=up15 NEEDS-PAINT
'package:flutter/src/rendering/box.dart':
Failed assertion: line 2251 pos 12: 'hasSize'

Either the assertion indicates an error in the framework itself, or we should provide substantially
more information in this error message to help you determine and fix the underlying cause.
In either case, please report this assertion by filing a bug on GitHub:
  https://github.com/flutter/flutter/issues/new?template=02_bug.yml

The relevant error-causing widget was:
  Column
  Column:file:///D:/Mystery/programming/projects/PYTHON_PROJECTS/focus/focus_gg/focus_flutter/lib/features/dashboard/dashboard_screen.dart:135:18

When the exception was thrown, this was the stack:
#2      RenderBox.size (package:flutter/src/rendering/box.dart:2251:12)
#3      ChildLayoutHelper.layoutChild (package:flutter/src/rendering/layout_helper.dart:63:18)
#4      RenderFlex._computeSizes (package:flutter/src/rendering/flex.dart:1161:28)
#5      RenderFlex.performLayout (package:flutter/src/rendering/flex.dart:1257:32)
#6      RenderObject.layout (package:flutter/src/rendering/object.dart:2775:7)
#7      RenderPadding.performLayout (package:flutter/src/rendering/shifted_box.dart:243:12)
#8      RenderObject.layout (package:flutter/src/rendering/object.dart:2775:7)
#9      RenderConstrainedBox.performLayout (package:flutter/src/rendering/proxy_box.dart:293:14)
#10     RenderObject.layout (package:flutter/src/rendering/object.dart:2775:7)
#11     RenderPositionedBox.performLayout (package:flutter/src/rendering/shifted_box.dart:465:14)
#12     RenderObject.layout (package:flutter/src/rendering/object.dart:2775:7)
#13     RenderPadding.performLayout (package:flutter/src/rendering/shifted_box.dart:243:12)
#14     RenderObject.layout (package:flutter/src/rendering/object.dart:2775:7)
#15     _RenderSingleChildViewport.performLayout (package:flutter/src/widgets/single_child_scroll_view.dart:502:14)
#16     RenderObject.layout (package:flutter/src/rendering/object.dart:2775:7)
#17     RenderProxyBoxMixin.performLayout (package:flutter/src/rendering/proxy_box.dart:115:18)
#18     RenderObject.layout (package:flutter/src/rendering/object.dart:2775:7)
#19     RenderProxyBoxMixin.performLayout (package:flutter/src/rendering/proxy_box.dart:115:18)
#20     RenderObject.layout (package:flutter/src/rendering/object.dart:2775:7)
#21     RenderProxyBoxMixin.performLayout (package:flutter/src/rendering/proxy_box.dart:115:18)
#22     RenderObject.layout (package:flutter/src/rendering/object.dart:2775:7)
#23     RenderProxyBoxMixin.performLayout (package:flutter/src/rendering/proxy_box.dart:115:18)
#24     RenderObject.layout (package:flutter/src/rendering/object.dart:2775:7)
#25     RenderProxyBoxMixin.performLayout (package:flutter/src/rendering/proxy_box.dart:115:18)
#26     RenderObject.layout (package:flutter/src/rendering/object.dart:2775:7)
#27     RenderProxyBoxMixin.performLayout (package:flutter/src/rendering/proxy_box.dart:115:18)
#28     RenderObject.layout (package:flutter/src/rendering/object.dart:2775:7)
#29     RenderProxyBoxMixin.performLayout (package:flutter/src/rendering/proxy_box.dart:115:18)
#30     RenderObject.layout (package:flutter/src/rendering/object.dart:2775:7)
#31     RenderProxyBoxMixin.performLayout (package:flutter/src/rendering/proxy_box.dart:115:18)
#32     _RenderCustomClip.performLayout (package:flutter/src/rendering/proxy_box.dart:1481:11)
#33     RenderObject.layout (package:flutter/src/rendering/object.dart:2775:7)
#34     MultiChildLayoutDelegate.layoutChild (package:flutter/src/rendering/custom_layout.dart:180:12)
#35     _ScaffoldLayout.performLayout (package:flutter/src/material/scaffold.dart:1112:7)
#36     MultiChildLayoutDelegate._callPerformLayout (package:flutter/src/rendering/custom_layout.dart:249:7)
#37     RenderCustomMultiChildLayoutBox.performLayout (package:flutter/src/rendering/custom_layout.dart:420:14)
#38     RenderObject._layoutWithoutResize (package:flutter/src/rendering/object.dart:2623:7)
#39     PipelineOwner.flushLayout (package:flutter/src/rendering/object.dart:1170:18)
#40     PipelineOwner.flushLayout (package:flutter/src/rendering/object.dart:1183:15)
#41     AutomatedTestWidgetsFlutterBinding.drawFrame (package:flutter_test/src/binding.dart:1508:27)
#42     RendererBinding._handlePersistentFrameCallback (package:flutter/src/rendering/binding.dart:495:5)
#43     SchedulerBinding._invokeFrameCallback (package:flutter/src/scheduler/binding.dart:1434:15)
#44     SchedulerBinding.handleDrawFrame (package:flutter/src/scheduler/binding.dart:1347:9)
#45     AutomatedTestWidgetsFlutterBinding.pump.<anonymous closure> (package:flutter_test/src/binding.dart:1335:9)
#48     TestAsyncUtils.guard (package:flutter_test/src/test_async_utils.dart:74:41)
#49     AutomatedTestWidgetsFlutterBinding.pump (package:flutter_test/src/binding.dart:1324:27)
#50     WidgetTester.pumpAndSettle.<anonymous closure> (package:flutter_test/src/widget_tester.dart:719:23)
<asynchronous suspension>
#51     TestAsyncUtils.guard.<anonymous closure> (package:flutter_test/src/test_async_utils.dart:130:27)
<asynchronous suspension>
#52     main.<anonymous closure> (file:///D:/Mystery/programming/projects/PYTHON_PROJECTS/focus/focus_gg/focus_flutter/test/widget_test.dart:20:5)
<asynchronous suspension>
#53     testWidgets.<anonymous closure>.<anonymous closure> (package:flutter_test/src/widget_tester.dart:192:15)
<asynchronous suspension>
#54     TestWidgetsFlutterBinding._runTestBody (package:flutter_test/src/binding.dart:1059:5)
<asynchronous suspension>
<asynchronous suspension>
(elided 5 frames from class _AssertionError, dart:async, and package:stack_trace)

The following RenderObject was being processed when the exception was fired: RenderFlex#141d3 relayoutBoundary=up14 NEEDS-LAYOUT NEEDS-PAINT NEEDS-COMPOSITING-BITS-UPDATE:
  needs compositing
  creator: Column ΓåÉ Padding ΓåÉ ConstrainedBox ΓåÉ Align ΓåÉ PageContainer ΓåÉ Padding ΓåÉ _SingleChildViewport
    ΓåÉ IgnorePointer-[GlobalKey#2ac55] ΓåÉ Semantics ΓåÉ Listener ΓåÉ _GestureSemantics ΓåÉ
    RawGestureDetector-[LabeledGlobalKey<RawGestureDetectorState>#b16d0] ΓåÉ Γï»
  parentData: offset=Offset(24.0, 16.0) (can use size)
  constraints: BoxConstraints(0.0<=w<=752.0, 0.0<=h<=Infinity)
  size: MISSING
  direction: vertical
  mainAxisAlignment: start
  mainAxisSize: max
  crossAxisAlignment: stretch
  verticalDirection: down
  spacing: 0.0
This RenderObject had the following descendants (showing up to depth 5):
    child 1: RenderFractionalTranslation#3e3c5 relayoutBoundary=up15 NEEDS-PAINT
      child: RenderAnimatedOpacity#376cd relayoutBoundary=up16 NEEDS-PAINT
        child: RenderStack#942f2 relayoutBoundary=up17 NEEDS-PAINT
          child 1: RenderDecoratedBox#2388f NEEDS-LAYOUT NEEDS-PAINT
            child: RenderPadding#b6df0 NEEDS-LAYOUT NEEDS-PAINT
          child 2: RenderSemanticsGestureHandler#fcad4 relayoutBoundary=up18 NEEDS-PAINT
            child: RenderPointerListener#9059c relayoutBoundary=up19 NEEDS-PAINT
    child 2: RenderConstrainedBox#86da0 NEEDS-LAYOUT NEEDS-PAINT
    child 3: RenderAnimatedOpacity#c08d6 NEEDS-LAYOUT NEEDS-PAINT
      child: RenderSemanticsGestureHandler#ce73c NEEDS-LAYOUT NEEDS-PAINT
        child: RenderPointerListener#91e90 NEEDS-LAYOUT NEEDS-PAINT
          child: RenderStack#80f29 NEEDS-LAYOUT NEEDS-PAINT
            child 1: RenderDecoratedBox#6c0c1 NEEDS-LAYOUT NEEDS-PAINT
    child 4: RenderConstrainedBox#a5c3d NEEDS-LAYOUT NEEDS-PAINT
    child 5: RenderFractionalTranslation#28703 NEEDS-LAYOUT NEEDS-PAINT
      child: RenderAnimatedOpacity#051b4 NEEDS-LAYOUT NEEDS-PAINT
        child: RenderSemanticsGestureHandler#4fefe NEEDS-LAYOUT NEEDS-PAINT
          child: RenderPointerListener#d70a8 NEEDS-LAYOUT NEEDS-PAINT
            child: RenderStack#3b30d NEEDS-LAYOUT NEEDS-PAINT
    child 6: RenderConstrainedBox#0380c NEEDS-LAYOUT NEEDS-PAINT
    child 7: RenderAnimatedOpacity#0f73f NEEDS-LAYOUT NEEDS-PAINT NEEDS-COMPOSITING-BITS-UPDATE
      child: RenderFlex#70c3c NEEDS-LAYOUT NEEDS-PAINT
        child 1: RenderParagraph#70a78 NEEDS-LAYOUT NEEDS-PAINT
          text: TextSpan
        child 2: RenderSemanticsAnnotations#ad4cd NEEDS-LAYOUT NEEDS-PAINT
          child: _RenderInputPadding#b1a97 NEEDS-LAYOUT NEEDS-PAINT
            child: RenderConstrainedBox#d70ad NEEDS-LAYOUT NEEDS-PAINT
ΓòÉΓòÉΓòÉΓòÉΓòÉΓòÉΓòÉΓòÉΓòÉΓòÉΓòÉΓòÉΓòÉΓòÉΓòÉΓòÉΓòÉΓòÉΓòÉΓòÉΓòÉΓòÉΓòÉΓòÉΓòÉΓòÉΓòÉΓòÉΓòÉΓòÉΓòÉΓòÉΓòÉΓòÉΓòÉΓòÉΓòÉΓòÉΓòÉΓòÉΓòÉΓòÉΓòÉΓòÉΓòÉΓòÉΓòÉΓòÉΓòÉΓòÉΓòÉΓòÉΓòÉΓòÉΓòÉΓòÉΓòÉΓòÉΓòÉΓòÉΓòÉΓòÉΓòÉΓòÉΓòÉΓòÉΓòÉΓòÉΓòÉΓòÉΓòÉΓòÉΓòÉΓòÉΓòÉΓòÉΓòÉΓòÉΓòÉΓòÉΓòÉΓòÉΓòÉΓòÉΓòÉΓòÉΓòÉΓòÉΓòÉΓòÉΓòÉΓòÉΓòÉΓòÉΓòÉΓòÉΓòÉΓòÉΓòÉΓòÉ
ΓòÉΓòÉΓòí EXCEPTION CAUGHT BY RENDERING LIBRARY Γò₧ΓòÉΓòÉΓòÉΓòÉΓòÉΓòÉΓòÉΓòÉΓòÉΓòÉΓòÉΓòÉΓòÉΓòÉΓòÉΓòÉΓòÉΓòÉΓòÉΓòÉΓòÉΓòÉΓòÉΓòÉΓòÉΓòÉΓòÉΓòÉΓòÉΓòÉΓòÉΓòÉΓòÉΓòÉΓòÉΓòÉΓòÉΓòÉΓòÉΓòÉΓòÉΓòÉΓòÉΓòÉΓòÉΓòÉΓòÉΓòÉΓòÉΓòÉΓòÉΓòÉΓòÉΓòÉΓòÉΓòÉΓòÉ
The following assertion was thrown during performLayout():
RenderBox was not laid out: RenderFlex#141d3 relayoutBoundary=up14 NEEDS-PAINT
NEEDS-COMPOSITING-BITS-UPDATE
'package:flutter/src/rendering/box.dart':
Failed assertion: line 2251 pos 12: 'hasSize'

Either the assertion indicates an error in the framework itself, or we should provide substantially
more information in this error message to help you determine and fix the underlying cause.
In either case, please report this assertion by filing a bug on GitHub:
  https://github.com/flutter/flutter/issues/new?template=02_bug.yml

The relevant error-causing widget was:
  Padding
  Padding:file:///D:/Mystery/programming/projects/PYTHON_PROJECTS/focus/focus_gg/focus_flutter/lib/shared/widgets/page_container.dart:25:16

When the exception was thrown, this was the stack:
#2      RenderBox.size (package:flutter/src/rendering/box.dart:2251:12)
#3      RenderPadding.performLayout (package:flutter/src/rendering/shifted_box.dart:247:40)
#4      RenderObject.layout (package:flutter/src/rendering/object.dart:2775:7)
#5      RenderConstrainedBox.performLayout (package:flutter/src/rendering/proxy_box.dart:293:14)
#6      RenderObject.layout (package:flutter/src/rendering/object.dart:2775:7)
#7      RenderPositionedBox.performLayout (package:flutter/src/rendering/shifted_box.dart:465:14)
#8      RenderObject.layout (package:flutter/src/rendering/object.dart:2775:7)
#9      RenderPadding.performLayout (package:flutter/src/rendering/shifted_box.dart:243:12)
#10     RenderObject.layout (package:flutter/src/rendering/object.dart:2775:7)
#11     _RenderSingleChildViewport.performLayout (package:flutter/src/widgets/single_child_scroll_view.dart:502:14)
#12     RenderObject.layout (package:flutter/src/rendering/object.dart:2775:7)
#13     RenderProxyBoxMixin.performLayout (package:flutter/src/rendering/proxy_box.dart:115:18)
#14     RenderObject.layout (package:flutter/src/rendering/object.dart:2775:7)
#15     RenderProxyBoxMixin.performLayout (package:flutter/src/rendering/proxy_box.dart:115:18)
#16     RenderObject.layout (package:flutter/src/rendering/object.dart:2775:7)
#17     RenderProxyBoxMixin.performLayout (package:flutter/src/rendering/proxy_box.dart:115:18)
#18     RenderObject.layout (package:flutter/src/rendering/object.dart:2775:7)
#19     RenderProxyBoxMixin.performLayout (package:flutter/src/rendering/proxy_box.dart:115:18)
#20     RenderObject.layout (package:flutter/src/rendering/object.dart:2775:7)
#21     RenderProxyBoxMixin.performLayout (package:flutter/src/rendering/proxy_box.dart:115:18)
#22     RenderObject.layout (package:flutter/src/rendering/object.dart:2775:7)
#23     RenderProxyBoxMixin.performLayout (package:flutter/src/rendering/proxy_box.dart:115:18)
#24     RenderObject.layout (package:flutter/src/rendering/object.dart:2775:7)
#25     RenderProxyBoxMixin.performLayout (package:flutter/src/rendering/proxy_box.dart:115:18)
#26     RenderObject.layout (package:flutter/src/rendering/object.dart:2775:7)
#27     RenderProxyBoxMixin.performLayout (package:flutter/src/rendering/proxy_box.dart:115:18)
#28     _RenderCustomClip.performLayout (package:flutter/src/rendering/proxy_box.dart:1481:11)
#29     RenderObject.layout (package:flutter/src/rendering/object.dart:2775:7)
#30     MultiChildLayoutDelegate.layoutChild (package:flutter/src/rendering/custom_layout.dart:180:12)
#31     _ScaffoldLayout.performLayout (package:flutter/src/material/scaffold.dart:1112:7)
#32     MultiChildLayoutDelegate._callPerformLayout (package:flutter/src/rendering/custom_layout.dart:249:7)
#33     RenderCustomMultiChildLayoutBox.performLayout (package:flutter/src/rendering/custom_layout.dart:420:14)
#34     RenderObject._layoutWithoutResize (package:flutter/src/rendering/object.dart:2623:7)
#35     PipelineOwner.flushLayout (package:flutter/src/rendering/object.dart:1170:18)
#36     PipelineOwner.flushLayout (package:flutter/src/rendering/object.dart:1183:15)
#37     AutomatedTestWidgetsFlutterBinding.drawFrame (package:flutter_test/src/binding.dart:1508:27)
#38     RendererBinding._handlePersistentFrameCallback (package:flutter/src/rendering/binding.dart:495:5)
#39     SchedulerBinding._invokeFrameCallback (package:flutter/src/scheduler/binding.dart:1434:15)
#40     SchedulerBinding.handleDrawFrame (package:flutter/src/scheduler/binding.dart:1347:9)
#41     AutomatedTestWidgetsFlutterBinding.pump.<anonymous closure> (package:flutter_test/src/binding.dart:1335:9)
#44     TestAsyncUtils.guard (package:flutter_test/src/test_async_utils.dart:74:41)
#45     AutomatedTestWidgetsFlutterBinding.pump (package:flutter_test/src/binding.dart:1324:27)
#46     WidgetTester.pumpAndSettle.<anonymous closure> (package:flutter_test/src/widget_tester.dart:719:23)
<asynchronous suspension>
#47     TestAsyncUtils.guard.<anonymous closure> (package:flutter_test/src/test_async_utils.dart:130:27)
<asynchronous suspension>
#48     main.<anonymous closure> (file:///D:/Mystery/programming/projects/PYTHON_PROJECTS/focus/focus_gg/focus_flutter/test/widget_test.dart:20:5)
<asynchronous suspension>
#49     testWidgets.<anonymous closure>.<anonymous closure> (package:flutter_test/src/widget_tester.dart:192:15)
<asynchronous suspension>
#50     TestWidgetsFlutterBinding._runTestBody (package:flutter_test/src/binding.dart:1059:5)
<asynchronous suspension>
<asynchronous suspension>
(elided 5 frames from class _AssertionError, dart:async, and package:stack_trace)

The following RenderObject was being processed when the exception was fired: RenderPadding#91361 relayoutBoundary=up13 NEEDS-LAYOUT NEEDS-PAINT NEEDS-COMPOSITING-BITS-UPDATE:
  needs compositing
  creator: Padding ΓåÉ ConstrainedBox ΓåÉ Align ΓåÉ PageContainer ΓåÉ Padding ΓåÉ _SingleChildViewport ΓåÉ
    IgnorePointer-[GlobalKey#2ac55] ΓåÉ Semantics ΓåÉ Listener ΓåÉ _GestureSemantics ΓåÉ
    RawGestureDetector-[LabeledGlobalKey<RawGestureDetectorState>#b16d0] ΓåÉ Listener ΓåÉ Γï»
  parentData: <none> (can use size)
  constraints: BoxConstraints(0.0<=w<=800.0, 0.0<=h<=Infinity)
  size: MISSING
  padding: EdgeInsets(24.0, 16.0, 24.0, 16.0)
  textDirection: ltr
This RenderObject had the following descendants (showing up to depth 5):
    child: RenderFlex#141d3 relayoutBoundary=up14 NEEDS-PAINT NEEDS-COMPOSITING-BITS-UPDATE
      child 1: RenderFractionalTranslation#3e3c5 relayoutBoundary=up15 NEEDS-PAINT
        child: RenderAnimatedOpacity#376cd relayoutBoundary=up16 NEEDS-PAINT
          child: RenderStack#942f2 relayoutBoundary=up17 NEEDS-PAINT
            child 1: RenderDecoratedBox#2388f NEEDS-LAYOUT NEEDS-PAINT
            child 2: RenderSemanticsGestureHandler#fcad4 relayoutBoundary=up18 NEEDS-PAINT
      child 2: RenderConstrainedBox#86da0 NEEDS-LAYOUT NEEDS-PAINT
      child 3: RenderAnimatedOpacity#c08d6 NEEDS-LAYOUT NEEDS-PAINT
        child: RenderSemanticsGestureHandler#ce73c NEEDS-LAYOUT NEEDS-PAINT
          child: RenderPointerListener#91e90 NEEDS-LAYOUT NEEDS-PAINT
            child: RenderStack#80f29 NEEDS-LAYOUT NEEDS-PAINT
      child 4: RenderConstrainedBox#a5c3d NEEDS-LAYOUT NEEDS-PAINT
      child 5: RenderFractionalTranslation#28703 NEEDS-LAYOUT NEEDS-PAINT
        child: RenderAnimatedOpacity#051b4 NEEDS-LAYOUT NEEDS-PAINT
          child: RenderSemanticsGestureHandler#4fefe NEEDS-LAYOUT NEEDS-PAINT
            child: RenderPointerListener#d70a8 NEEDS-LAYOUT NEEDS-PAINT
      child 6: RenderConstrainedBox#0380c NEEDS-LAYOUT NEEDS-PAINT
      child 7: RenderAnimatedOpacity#0f73f NEEDS-LAYOUT NEEDS-PAINT NEEDS-COMPOSITING-BITS-UPDATE
        child: RenderFlex#70c3c NEEDS-LAYOUT NEEDS-PAINT
          child 1: RenderParagraph#70a78 NEEDS-LAYOUT NEEDS-PAINT
            text: TextSpan
          child 2: RenderSemanticsAnnotations#ad4cd NEEDS-LAYOUT NEEDS-PAINT
            child: _RenderInputPadding#b1a97 NEEDS-LAYOUT NEEDS-PAINT
      child 8: RenderConstrainedBox#d560d NEEDS-LAYOUT NEEDS-PAINT
      child 9: RenderAnimatedOpacity#0f4f6 NEEDS-LAYOUT NEEDS-PAINT
        child: RenderSemanticsGestureHandler#0bd1a NEEDS-LAYOUT NEEDS-PAINT
          child: RenderPointerListener#30531 NEEDS-LAYOUT NEEDS-PAINT
            child: RenderStack#05a03 NEEDS-LAYOUT NEEDS-PAINT
ΓòÉΓòÉΓòÉΓòÉΓòÉΓòÉΓòÉΓòÉΓòÉΓòÉΓòÉΓòÉΓòÉΓòÉΓòÉΓòÉΓòÉΓòÉΓòÉΓòÉΓòÉΓòÉΓòÉΓòÉΓòÉΓòÉΓòÉΓòÉΓòÉΓòÉΓòÉΓòÉΓòÉΓòÉΓòÉΓòÉΓòÉΓòÉΓòÉΓòÉΓòÉΓòÉΓòÉΓòÉΓòÉΓòÉΓòÉΓòÉΓòÉΓòÉΓòÉΓòÉΓòÉΓòÉΓòÉΓòÉΓòÉΓòÉΓòÉΓòÉΓòÉΓòÉΓòÉΓòÉΓòÉΓòÉΓòÉΓòÉΓòÉΓòÉΓòÉΓòÉΓòÉΓòÉΓòÉΓòÉΓòÉΓòÉΓòÉΓòÉΓòÉΓòÉΓòÉΓòÉΓòÉΓòÉΓòÉΓòÉΓòÉΓòÉΓòÉΓòÉΓòÉΓòÉΓòÉΓòÉΓòÉΓòÉΓòÉΓòÉ
ΓòÉΓòÉΓòí EXCEPTION CAUGHT BY RENDERING LIBRARY Γò₧ΓòÉΓòÉΓòÉΓòÉΓòÉΓòÉΓòÉΓòÉΓòÉΓòÉΓòÉΓòÉΓòÉΓòÉΓòÉΓòÉΓòÉΓòÉΓòÉΓòÉΓòÉΓòÉΓòÉΓòÉΓòÉΓòÉΓòÉΓòÉΓòÉΓòÉΓòÉΓòÉΓòÉΓòÉΓòÉΓòÉΓòÉΓòÉΓòÉΓòÉΓòÉΓòÉΓòÉΓòÉΓòÉΓòÉΓòÉΓòÉΓòÉΓòÉΓòÉΓòÉΓòÉΓòÉΓòÉΓòÉΓòÉ
The following assertion was thrown during performLayout():
RenderBox was not laid out: RenderPadding#91361 relayoutBoundary=up13 NEEDS-PAINT
NEEDS-COMPOSITING-BITS-UPDATE
'package:flutter/src/rendering/box.dart':
Failed assertion: line 2251 pos 12: 'hasSize'

Either the assertion indicates an error in the framework itself, or we should provide substantially
more information in this error message to help you determine and fix the underlying cause.
In either case, please report this assertion by filing a bug on GitHub:
  https://github.com/flutter/flutter/issues/new?template=02_bug.yml

The relevant error-causing widget was:
  ConstrainedBox
  ConstrainedBox:file:///D:/Mystery/programming/projects/PYTHON_PROJECTS/focus/focus_gg/focus_flutter/lib/shared/widgets/page_container.dart:23:14

When the exception was thrown, this was the stack:
#2      RenderBox.size (package:flutter/src/rendering/box.dart:2251:12)
#3      RenderConstrainedBox.performLayout (package:flutter/src/rendering/proxy_box.dart:294:21)
#4      RenderObject.layout (package:flutter/src/rendering/object.dart:2775:7)
#5      RenderPositionedBox.performLayout (package:flutter/src/rendering/shifted_box.dart:465:14)
#6      RenderObject.layout (package:flutter/src/rendering/object.dart:2775:7)
#7      RenderPadding.performLayout (package:flutter/src/rendering/shifted_box.dart:243:12)
#8      RenderObject.layout (package:flutter/src/rendering/object.dart:2775:7)
#9      _RenderSingleChildViewport.performLayout (package:flutter/src/widgets/single_child_scroll_view.dart:502:14)
#10     RenderObject.layout (package:flutter/src/rendering/object.dart:2775:7)
#11     RenderProxyBoxMixin.performLayout (package:flutter/src/rendering/proxy_box.dart:115:18)
#12     RenderObject.layout (package:flutter/src/rendering/object.dart:2775:7)
#13     RenderProxyBoxMixin.performLayout (package:flutter/src/rendering/proxy_box.dart:115:18)
#14     RenderObject.layout (package:flutter/src/rendering/object.dart:2775:7)
#15     RenderProxyBoxMixin.performLayout (package:flutter/src/rendering/proxy_box.dart:115:18)
#16     RenderObject.layout (package:flutter/src/rendering/object.dart:2775:7)
#17     RenderProxyBoxMixin.performLayout (package:flutter/src/rendering/proxy_box.dart:115:18)
#18     RenderObject.layout (package:flutter/src/rendering/object.dart:2775:7)
#19     RenderProxyBoxMixin.performLayout (package:flutter/src/rendering/proxy_box.dart:115:18)
#20     RenderObject.layout (package:flutter/src/rendering/object.dart:2775:7)
#21     RenderProxyBoxMixin.performLayout (package:flutter/src/rendering/proxy_box.dart:115:18)
#22     RenderObject.layout (package:flutter/src/rendering/object.dart:2775:7)
#23     RenderProxyBoxMixin.performLayout (package:flutter/src/rendering/proxy_box.dart:115:18)
#24     RenderObject.layout (package:flutter/src/rendering/object.dart:2775:7)
#25     RenderProxyBoxMixin.performLayout (package:flutter/src/rendering/proxy_box.dart:115:18)
#26     _RenderCustomClip.performLayout (package:flutter/src/rendering/proxy_box.dart:1481:11)
#27     RenderObject.layout (package:flutter/src/rendering/object.dart:2775:7)
#28     MultiChildLayoutDelegate.layoutChild (package:flutter/src/rendering/custom_layout.dart:180:12)
#29     _ScaffoldLayout.performLayout (package:flutter/src/material/scaffold.dart:1112:7)
#30     MultiChildLayoutDelegate._callPerformLayout (package:flutter/src/rendering/custom_layout.dart:249:7)
#31     RenderCustomMultiChildLayoutBox.performLayout (package:flutter/src/rendering/custom_layout.dart:420:14)
#32     RenderObject._layoutWithoutResize (package:flutter/src/rendering/object.dart:2623:7)
#33     PipelineOwner.flushLayout (package:flutter/src/rendering/object.dart:1170:18)
#34     PipelineOwner.flushLayout (package:flutter/src/rendering/object.dart:1183:15)
#35     AutomatedTestWidgetsFlutterBinding.drawFrame (package:flutter_test/src/binding.dart:1508:27)
#36     RendererBinding._handlePersistentFrameCallback (package:flutter/src/rendering/binding.dart:495:5)
#37     SchedulerBinding._invokeFrameCallback (package:flutter/src/scheduler/binding.dart:1434:15)
#38     SchedulerBinding.handleDrawFrame (package:flutter/src/scheduler/binding.dart:1347:9)
#39     AutomatedTestWidgetsFlutterBinding.pump.<anonymous closure> (package:flutter_test/src/binding.dart:1335:9)
#42     TestAsyncUtils.guard (package:flutter_test/src/test_async_utils.dart:74:41)
#43     AutomatedTestWidgetsFlutterBinding.pump (package:flutter_test/src/binding.dart:1324:27)
#44     WidgetTester.pumpAndSettle.<anonymous closure> (package:flutter_test/src/widget_tester.dart:719:23)
<asynchronous suspension>
#45     TestAsyncUtils.guard.<anonymous closure> (package:flutter_test/src/test_async_utils.dart:130:27)
<asynchronous suspension>
#46     main.<anonymous closure> (file:///D:/Mystery/programming/projects/PYTHON_PROJECTS/focus/focus_gg/focus_flutter/test/widget_test.dart:20:5)
<asynchronous suspension>
#47     testWidgets.<anonymous closure>.<anonymous closure> (package:flutter_test/src/widget_tester.dart:192:15)
<asynchronous suspension>
#48     TestWidgetsFlutterBinding._runTestBody (package:flutter_test/src/binding.dart:1059:5)
<asynchronous suspension>
<asynchronous suspension>
(elided 5 frames from class _AssertionError, dart:async, and package:stack_trace)

The following RenderObject was being processed when the exception was fired: RenderConstrainedBox#89b07 relayoutBoundary=up12 NEEDS-LAYOUT NEEDS-PAINT NEEDS-COMPOSITING-BITS-UPDATE:
  needs compositing
  creator: ConstrainedBox ΓåÉ Align ΓåÉ PageContainer ΓåÉ Padding ΓåÉ _SingleChildViewport ΓåÉ
    IgnorePointer-[GlobalKey#2ac55] ΓåÉ Semantics ΓåÉ Listener ΓåÉ _GestureSemantics ΓåÉ
    RawGestureDetector-[LabeledGlobalKey<RawGestureDetectorState>#b16d0] ΓåÉ Listener ΓåÉ _ScrollableScope
    ΓåÉ Γï»
  parentData: offset=Offset(0.0, 0.0) (can use size)
  constraints: BoxConstraints(0.0<=w<=800.0, 0.0<=h<=Infinity)
  size: MISSING
  additionalConstraints: BoxConstraints(0.0<=w<=1120.0, 0.0<=h<=Infinity)
This RenderObject had the following descendants (showing up to depth 5):
    child: RenderPadding#91361 relayoutBoundary=up13 NEEDS-PAINT NEEDS-COMPOSITING-BITS-UPDATE
      child: RenderFlex#141d3 relayoutBoundary=up14 NEEDS-PAINT NEEDS-COMPOSITING-BITS-UPDATE
        child 1: RenderFractionalTranslation#3e3c5 relayoutBoundary=up15 NEEDS-PAINT
          child: RenderAnimatedOpacity#376cd relayoutBoundary=up16 NEEDS-PAINT
            child: RenderStack#942f2 relayoutBoundary=up17 NEEDS-PAINT
        child 2: RenderConstrainedBox#86da0 NEEDS-LAYOUT NEEDS-PAINT
        child 3: RenderAnimatedOpacity#c08d6 NEEDS-LAYOUT NEEDS-PAINT
          child: RenderSemanticsGestureHandler#ce73c NEEDS-LAYOUT NEEDS-PAINT
            child: RenderPointerListener#91e90 NEEDS-LAYOUT NEEDS-PAINT
        child 4: RenderConstrainedBox#a5c3d NEEDS-LAYOUT NEEDS-PAINT
        child 5: RenderFractionalTranslation#28703 NEEDS-LAYOUT NEEDS-PAINT
          child: RenderAnimatedOpacity#051b4 NEEDS-LAYOUT NEEDS-PAINT
            child: RenderSemanticsGestureHandler#4fefe NEEDS-LAYOUT NEEDS-PAINT
        child 6: RenderConstrainedBox#0380c NEEDS-LAYOUT NEEDS-PAINT
        child 7: RenderAnimatedOpacity#0f73f NEEDS-LAYOUT NEEDS-PAINT NEEDS-COMPOSITING-BITS-UPDATE
          child: RenderFlex#70c3c NEEDS-LAYOUT NEEDS-PAINT
            child 1: RenderParagraph#70a78 NEEDS-LAYOUT NEEDS-PAINT
            child 2: RenderSemanticsAnnotations#ad4cd NEEDS-LAYOUT NEEDS-PAINT
        child 8: RenderConstrainedBox#d560d NEEDS-LAYOUT NEEDS-PAINT
        child 9: RenderAnimatedOpacity#0f4f6 NEEDS-LAYOUT NEEDS-PAINT
          child: RenderSemanticsGestureHandler#0bd1a NEEDS-LAYOUT NEEDS-PAINT
            child: RenderPointerListener#30531 NEEDS-LAYOUT NEEDS-PAINT
        child 10: RenderConstrainedBox#fe898 NEEDS-LAYOUT NEEDS-PAINT
        child 11: RenderAnimatedOpacity#bfbeb NEEDS-LAYOUT NEEDS-PAINT
          child: RenderFlex#9184b NEEDS-LAYOUT NEEDS-PAINT
            child 1: RenderParagraph#d268a NEEDS-LAYOUT NEEDS-PAINT
            child 2: RenderSemanticsAnnotations#6f17d NEEDS-LAYOUT NEEDS-PAINT
    ...(descendants list truncated after 25 lines)
ΓòÉΓòÉΓòÉΓòÉΓòÉΓòÉΓòÉΓòÉΓòÉΓòÉΓòÉΓòÉΓòÉΓòÉΓòÉΓòÉΓòÉΓòÉΓòÉΓòÉΓòÉΓòÉΓòÉΓòÉΓòÉΓòÉΓòÉΓòÉΓòÉΓòÉΓòÉΓòÉΓòÉΓòÉΓòÉΓòÉΓòÉΓòÉΓòÉΓòÉΓòÉΓòÉΓòÉΓòÉΓòÉΓòÉΓòÉΓòÉΓòÉΓòÉΓòÉΓòÉΓòÉΓòÉΓòÉΓòÉΓòÉΓòÉΓòÉΓòÉΓòÉΓòÉΓòÉΓòÉΓòÉΓòÉΓòÉΓòÉΓòÉΓòÉΓòÉΓòÉΓòÉΓòÉΓòÉΓòÉΓòÉΓòÉΓòÉΓòÉΓòÉΓòÉΓòÉΓòÉΓòÉΓòÉΓòÉΓòÉΓòÉΓòÉΓòÉΓòÉΓòÉΓòÉΓòÉΓòÉΓòÉΓòÉΓòÉΓòÉ
ΓòÉΓòÉΓòí EXCEPTION CAUGHT BY RENDERING LIBRARY Γò₧ΓòÉΓòÉΓòÉΓòÉΓòÉΓòÉΓòÉΓòÉΓòÉΓòÉΓòÉΓòÉΓòÉΓòÉΓòÉΓòÉΓòÉΓòÉΓòÉΓòÉΓòÉΓòÉΓòÉΓòÉΓòÉΓòÉΓòÉΓòÉΓòÉΓòÉΓòÉΓòÉΓòÉΓòÉΓòÉΓòÉΓòÉΓòÉΓòÉΓòÉΓòÉΓòÉΓòÉΓòÉΓòÉΓòÉΓòÉΓòÉΓòÉΓòÉΓòÉΓòÉΓòÉΓòÉΓòÉΓòÉΓòÉ
The following assertion was thrown during performLayout():
RenderBox was not laid out: RenderConstrainedBox#89b07 relayoutBoundary=up12 NEEDS-PAINT
NEEDS-COMPOSITING-BITS-UPDATE
'package:flutter/src/rendering/box.dart':
Failed assertion: line 2251 pos 12: 'hasSize'

Either the assertion indicates an error in the framework itself, or we should provide substantially
more information in this error message to help you determine and fix the underlying cause.
In either case, please report this assertion by filing a bug on GitHub:
  https://github.com/flutter/flutter/issues/new?template=02_bug.yml

The relevant error-causing widget was:
  Align
  Align:file:///D:/Mystery/programming/projects/PYTHON_PROJECTS/focus/focus_gg/focus_flutter/lib/shared/widgets/page_container.dart:21:12

When the exception was thrown, this was the stack:
#2      RenderBox.size (package:flutter/src/rendering/box.dart:2251:12)
#3      RenderPositionedBox.performLayout (package:flutter/src/rendering/shifted_box.dart:469:37)
#4      RenderObject.layout (package:flutter/src/rendering/object.dart:2775:7)
#5      RenderPadding.performLayout (package:flutter/src/rendering/shifted_box.dart:243:12)
#6      RenderObject.layout (package:flutter/src/rendering/object.dart:2775:7)
#7      _RenderSingleChildViewport.performLayout (package:flutter/src/widgets/single_child_scroll_view.dart:502:14)
#8      RenderObject.layout (package:flutter/src/rendering/object.dart:2775:7)
#9      RenderProxyBoxMixin.performLayout (package:flutter/src/rendering/proxy_box.dart:115:18)
#10     RenderObject.layout (package:flutter/src/rendering/object.dart:2775:7)
#11     RenderProxyBoxMixin.performLayout (package:flutter/src/rendering/proxy_box.dart:115:18)
#12     RenderObject.layout (package:flutter/src/rendering/object.dart:2775:7)
#13     RenderProxyBoxMixin.performLayout (package:flutter/src/rendering/proxy_box.dart:115:18)
#14     RenderObject.layout (package:flutter/src/rendering/object.dart:2775:7)
#15     RenderProxyBoxMixin.performLayout (package:flutter/src/rendering/proxy_box.dart:115:18)
#16     RenderObject.layout (package:flutter/src/rendering/object.dart:2775:7)
#17     RenderProxyBoxMixin.performLayout (package:flutter/src/rendering/proxy_box.dart:115:18)
#18     RenderObject.layout (package:flutter/src/rendering/object.dart:2775:7)
#19     RenderProxyBoxMixin.performLayout (package:flutter/src/rendering/proxy_box.dart:115:18)
#20     RenderObject.layout (package:flutter/src/rendering/object.dart:2775:7)
#21     RenderProxyBoxMixin.performLayout (package:flutter/src/rendering/proxy_box.dart:115:18)
#22     RenderObject.layout (package:flutter/src/rendering/object.dart:2775:7)
#23     RenderProxyBoxMixin.performLayout (package:flutter/src/rendering/proxy_box.dart:115:18)
#24     _RenderCustomClip.performLayout (package:flutter/src/rendering/proxy_box.dart:1481:11)
#25     RenderObject.layout (package:flutter/src/rendering/object.dart:2775:7)
#26     MultiChildLayoutDelegate.layoutChild (package:flutter/src/rendering/custom_layout.dart:180:12)
#27     _ScaffoldLayout.performLayout (package:flutter/src/material/scaffold.dart:1112:7)
#28     MultiChildLayoutDelegate._callPerformLayout (package:flutter/src/rendering/custom_layout.dart:249:7)
#29     RenderCustomMultiChildLayoutBox.performLayout (package:flutter/src/rendering/custom_layout.dart:420:14)
#30     RenderObject._layoutWithoutResize (package:flutter/src/rendering/object.dart:2623:7)
#31     PipelineOwner.flushLayout (package:flutter/src/rendering/object.dart:1170:18)
#32     PipelineOwner.flushLayout (package:flutter/src/rendering/object.dart:1183:15)
#33     AutomatedTestWidgetsFlutterBinding.drawFrame (package:flutter_test/src/binding.dart:1508:27)
#34     RendererBinding._handlePersistentFrameCallback (package:flutter/src/rendering/binding.dart:495:5)
#35     SchedulerBinding._invokeFrameCallback (package:flutter/src/scheduler/binding.dart:1434:15)
#36     SchedulerBinding.handleDrawFrame (package:flutter/src/scheduler/binding.dart:1347:9)
#37     AutomatedTestWidgetsFlutterBinding.pump.<anonymous closure> (package:flutter_test/src/binding.dart:1335:9)
#40     TestAsyncUtils.guard (package:flutter_test/src/test_async_utils.dart:74:41)
#41     AutomatedTestWidgetsFlutterBinding.pump (package:flutter_test/src/binding.dart:1324:27)
#42     WidgetTester.pumpAndSettle.<anonymous closure> (package:flutter_test/src/widget_tester.dart:719:23)
<asynchronous suspension>
#43     TestAsyncUtils.guard.<anonymous closure> (package:flutter_test/src/test_async_utils.dart:130:27)
<asynchronous suspension>
#44     main.<anonymous closure> (file:///D:/Mystery/programming/projects/PYTHON_PROJECTS/focus/focus_gg/focus_flutter/test/widget_test.dart:20:5)
<asynchronous suspension>
#45     testWidgets.<anonymous closure>.<anonymous closure> (package:flutter_test/src/widget_tester.dart:192:15)
<asynchronous suspension>
#46     TestWidgetsFlutterBinding._runTestBody (package:flutter_test/src/binding.dart:1059:5)
<asynchronous suspension>
<asynchronous suspension>
(elided 5 frames from class _AssertionError, dart:async, and package:stack_trace)

The following RenderObject was being processed when the exception was fired: RenderPositionedBox#201c0 relayoutBoundary=up11 NEEDS-LAYOUT NEEDS-PAINT NEEDS-COMPOSITING-BITS-UPDATE:
  needs compositing
  creator: Align ΓåÉ PageContainer ΓåÉ Padding ΓåÉ _SingleChildViewport ΓåÉ IgnorePointer-[GlobalKey#2ac55] ΓåÉ
    Semantics ΓåÉ Listener ΓåÉ _GestureSemantics ΓåÉ
    RawGestureDetector-[LabeledGlobalKey<RawGestureDetectorState>#b16d0] ΓåÉ Listener ΓåÉ _ScrollableScope
    ΓåÉ _ScrollSemantics-[GlobalKey#1fa52] ΓåÉ Γï»
  parentData: offset=Offset(0.0, 0.0) (can use size)
  constraints: BoxConstraints(0.0<=w<=800.0, 0.0<=h<=Infinity)
  size: MISSING
  alignment: Alignment.topCenter
  textDirection: ltr
  widthFactor: expand
  heightFactor: expand
This RenderObject had the following descendants (showing up to depth 5):
    child: RenderConstrainedBox#89b07 relayoutBoundary=up12 NEEDS-PAINT NEEDS-COMPOSITING-BITS-UPDATE
      child: RenderPadding#91361 relayoutBoundary=up13 NEEDS-PAINT NEEDS-COMPOSITING-BITS-UPDATE
        child: RenderFlex#141d3 relayoutBoundary=up14 NEEDS-PAINT NEEDS-COMPOSITING-BITS-UPDATE
          child 1: RenderFractionalTranslation#3e3c5 relayoutBoundary=up15 NEEDS-PAINT
            child: RenderAnimatedOpacity#376cd relayoutBoundary=up16 NEEDS-PAINT
          child 2: RenderConstrainedBox#86da0 NEEDS-LAYOUT NEEDS-PAINT
          child 3: RenderAnimatedOpacity#c08d6 NEEDS-LAYOUT NEEDS-PAINT
            child: RenderSemanticsGestureHandler#ce73c NEEDS-LAYOUT NEEDS-PAINT
          child 4: RenderConstrainedBox#a5c3d NEEDS-LAYOUT NEEDS-PAINT
          child 5: RenderFractionalTranslation#28703 NEEDS-LAYOUT NEEDS-PAINT
            child: RenderAnimatedOpacity#051b4 NEEDS-LAYOUT NEEDS-PAINT
          child 6: RenderConstrainedBox#0380c NEEDS-LAYOUT NEEDS-PAINT
          child 7: RenderAnimatedOpacity#0f73f NEEDS-LAYOUT NEEDS-PAINT NEEDS-COMPOSITING-BITS-UPDATE
            child: RenderFlex#70c3c NEEDS-LAYOUT NEEDS-PAINT
          child 8: RenderConstrainedBox#d560d NEEDS-LAYOUT NEEDS-PAINT
          child 9: RenderAnimatedOpacity#0f4f6 NEEDS-LAYOUT NEEDS-PAINT
            child: RenderSemanticsGestureHandler#0bd1a NEEDS-LAYOUT NEEDS-PAINT
          child 10: RenderConstrainedBox#fe898 NEEDS-LAYOUT NEEDS-PAINT
          child 11: RenderAnimatedOpacity#bfbeb NEEDS-LAYOUT NEEDS-PAINT
            child: RenderFlex#9184b NEEDS-LAYOUT NEEDS-PAINT
          child 12: RenderConstrainedBox#708d6 NEEDS-LAYOUT NEEDS-PAINT
          child 13: RenderAnimatedOpacity#3dcdb NEEDS-LAYOUT NEEDS-PAINT
            child: RenderWrap#c830f NEEDS-LAYOUT NEEDS-PAINT
ΓòÉΓòÉΓòÉΓòÉΓòÉΓòÉΓòÉΓòÉΓòÉΓòÉΓòÉΓòÉΓòÉΓòÉΓòÉΓòÉΓòÉΓòÉΓòÉΓòÉΓòÉΓòÉΓòÉΓòÉΓòÉΓòÉΓòÉΓòÉΓòÉΓòÉΓòÉΓòÉΓòÉΓòÉΓòÉΓòÉΓòÉΓòÉΓòÉΓòÉΓòÉΓòÉΓòÉΓòÉΓòÉΓòÉΓòÉΓòÉΓòÉΓòÉΓòÉΓòÉΓòÉΓòÉΓòÉΓòÉΓòÉΓòÉΓòÉΓòÉΓòÉΓòÉΓòÉΓòÉΓòÉΓòÉΓòÉΓòÉΓòÉΓòÉΓòÉΓòÉΓòÉΓòÉΓòÉΓòÉΓòÉΓòÉΓòÉΓòÉΓòÉΓòÉΓòÉΓòÉΓòÉΓòÉΓòÉΓòÉΓòÉΓòÉΓòÉΓòÉΓòÉΓòÉΓòÉΓòÉΓòÉΓòÉΓòÉΓòÉ
ΓòÉΓòÉΓòí EXCEPTION CAUGHT BY RENDERING LIBRARY Γò₧ΓòÉΓòÉΓòÉΓòÉΓòÉΓòÉΓòÉΓòÉΓòÉΓòÉΓòÉΓòÉΓòÉΓòÉΓòÉΓòÉΓòÉΓòÉΓòÉΓòÉΓòÉΓòÉΓòÉΓòÉΓòÉΓòÉΓòÉΓòÉΓòÉΓòÉΓòÉΓòÉΓòÉΓòÉΓòÉΓòÉΓòÉΓòÉΓòÉΓòÉΓòÉΓòÉΓòÉΓòÉΓòÉΓòÉΓòÉΓòÉΓòÉΓòÉΓòÉΓòÉΓòÉΓòÉΓòÉΓòÉΓòÉ
The following assertion was thrown during performLayout():
RenderBox was not laid out: RenderPositionedBox#201c0 relayoutBoundary=up11 NEEDS-PAINT
NEEDS-COMPOSITING-BITS-UPDATE
'package:flutter/src/rendering/box.dart':
Failed assertion: line 2251 pos 12: 'hasSize'

Either the assertion indicates an error in the framework itself, or we should provide substantially
more information in this error message to help you determine and fix the underlying cause.
In either case, please report this assertion by filing a bug on GitHub:
  https://github.com/flutter/flutter/issues/new?template=02_bug.yml

The relevant error-causing widget was:
  SingleChildScrollView
  SingleChildScrollView:file:///D:/Mystery/programming/projects/PYTHON_PROJECTS/focus/focus_gg/focus_flutter/lib/features/dashboard/dashboard_screen.dart:132:13

When the exception was thrown, this was the stack:
#2      RenderBox.size (package:flutter/src/rendering/box.dart:2251:12)
#3      RenderPadding.performLayout (package:flutter/src/rendering/shifted_box.dart:247:40)
#4      RenderObject.layout (package:flutter/src/rendering/object.dart:2775:7)
#5      _RenderSingleChildViewport.performLayout (package:flutter/src/widgets/single_child_scroll_view.dart:502:14)
#6      RenderObject.layout (package:flutter/src/rendering/object.dart:2775:7)
#7      RenderProxyBoxMixin.performLayout (package:flutter/src/rendering/proxy_box.dart:115:18)
#8      RenderObject.layout (package:flutter/src/rendering/object.dart:2775:7)
#9      RenderProxyBoxMixin.performLayout (package:flutter/src/rendering/proxy_box.dart:115:18)
#10     RenderObject.layout (package:flutter/src/rendering/object.dart:2775:7)
#11     RenderProxyBoxMixin.performLayout (package:flutter/src/rendering/proxy_box.dart:115:18)
#12     RenderObject.layout (package:flutter/src/rendering/object.dart:2775:7)
#13     RenderProxyBoxMixin.performLayout (package:flutter/src/rendering/proxy_box.dart:115:18)
#14     RenderObject.layout (package:flutter/src/rendering/object.dart:2775:7)
#15     RenderProxyBoxMixin.performLayout (package:flutter/src/rendering/proxy_box.dart:115:18)
#16     RenderObject.layout (package:flutter/src/rendering/object.dart:2775:7)
#17     RenderProxyBoxMixin.performLayout (package:flutter/src/rendering/proxy_box.dart:115:18)
#18     RenderObject.layout (package:flutter/src/rendering/object.dart:2775:7)
#19     RenderProxyBoxMixin.performLayout (package:flutter/src/rendering/proxy_box.dart:115:18)
#20     RenderObject.layout (package:flutter/src/rendering/object.dart:2775:7)
#21     RenderProxyBoxMixin.performLayout (package:flutter/src/rendering/proxy_box.dart:115:18)
#22     _RenderCustomClip.performLayout (package:flutter/src/rendering/proxy_box.dart:1481:11)
#23     RenderObject.layout (package:flutter/src/rendering/object.dart:2775:7)
#24     MultiChildLayoutDelegate.layoutChild (package:flutter/src/rendering/custom_layout.dart:180:12)
#25     _ScaffoldLayout.performLayout (package:flutter/src/material/scaffold.dart:1112:7)
#26     MultiChildLayoutDelegate._callPerformLayout (package:flutter/src/rendering/custom_layout.dart:249:7)
#27     RenderCustomMultiChildLayoutBox.performLayout (package:flutter/src/rendering/custom_layout.dart:420:14)
#28     RenderObject._layoutWithoutResize (package:flutter/src/rendering/object.dart:2623:7)
#29     PipelineOwner.flushLayout (package:flutter/src/rendering/object.dart:1170:18)
#30     PipelineOwner.flushLayout (package:flutter/src/rendering/object.dart:1183:15)
#31     AutomatedTestWidgetsFlutterBinding.drawFrame (package:flutter_test/src/binding.dart:1508:27)
#32     RendererBinding._handlePersistentFrameCallback (package:flutter/src/rendering/binding.dart:495:5)
#33     SchedulerBinding._invokeFrameCallback (package:flutter/src/scheduler/binding.dart:1434:15)
#34     SchedulerBinding.handleDrawFrame (package:flutter/src/scheduler/binding.dart:1347:9)
#35     AutomatedTestWidgetsFlutterBinding.pump.<anonymous closure> (package:flutter_test/src/binding.dart:1335:9)
#38     TestAsyncUtils.guard (package:flutter_test/src/test_async_utils.dart:74:41)
#39     AutomatedTestWidgetsFlutterBinding.pump (package:flutter_test/src/binding.dart:1324:27)
#40     WidgetTester.pumpAndSettle.<anonymous closure> (package:flutter_test/src/widget_tester.dart:719:23)
<asynchronous suspension>
#41     TestAsyncUtils.guard.<anonymous closure> (package:flutter_test/src/test_async_utils.dart:130:27)
<asynchronous suspension>
#42     main.<anonymous closure> (file:///D:/Mystery/programming/projects/PYTHON_PROJECTS/focus/focus_gg/focus_flutter/test/widget_test.dart:20:5)
<asynchronous suspension>
#43     testWidgets.<anonymous closure>.<anonymous closure> (package:flutter_test/src/widget_tester.dart:192:15)
<asynchronous suspension>
#44     TestWidgetsFlutterBinding._runTestBody (package:flutter_test/src/binding.dart:1059:5)
<asynchronous suspension>
<asynchronous suspension>
(elided 5 frames from class _AssertionError, dart:async, and package:stack_trace)

The following RenderObject was being processed when the exception was fired: RenderPadding#05935 relayoutBoundary=up10 NEEDS-LAYOUT NEEDS-PAINT NEEDS-COMPOSITING-BITS-UPDATE:
  needs compositing
  creator: Padding ΓåÉ _SingleChildViewport ΓåÉ IgnorePointer-[GlobalKey#2ac55] ΓåÉ Semantics ΓåÉ Listener ΓåÉ
    _GestureSemantics ΓåÉ RawGestureDetector-[LabeledGlobalKey<RawGestureDetectorState>#b16d0] ΓåÉ
    Listener ΓåÉ _ScrollableScope ΓåÉ _ScrollSemantics-[GlobalKey#1fa52] ΓåÉ
    NotificationListener<ScrollMetricsNotification> ΓåÉ Transform ΓåÉ Γï»
  parentData: <none> (can use size)
  constraints: BoxConstraints(0.0<=w<=800.0, 0.0<=h<=Infinity)
  size: MISSING
  padding: EdgeInsets(0.0, 0.0, 0.0, 96.0)
  textDirection: ltr
This RenderObject had the following descendants (showing up to depth 5):
    child: RenderPositionedBox#201c0 relayoutBoundary=up11 NEEDS-PAINT NEEDS-COMPOSITING-BITS-UPDATE
      child: RenderConstrainedBox#89b07 relayoutBoundary=up12 NEEDS-PAINT NEEDS-COMPOSITING-BITS-UPDATE
        child: RenderPadding#91361 relayoutBoundary=up13 NEEDS-PAINT NEEDS-COMPOSITING-BITS-UPDATE
          child: RenderFlex#141d3 relayoutBoundary=up14 NEEDS-PAINT NEEDS-COMPOSITING-BITS-UPDATE
            child 1: RenderFractionalTranslation#3e3c5 relayoutBoundary=up15 NEEDS-PAINT
            child 2: RenderConstrainedBox#86da0 NEEDS-LAYOUT NEEDS-PAINT
            child 3: RenderAnimatedOpacity#c08d6 NEEDS-LAYOUT NEEDS-PAINT
            child 4: RenderConstrainedBox#a5c3d NEEDS-LAYOUT NEEDS-PAINT
            child 5: RenderFractionalTranslation#28703 NEEDS-LAYOUT NEEDS-PAINT
            child 6: RenderConstrainedBox#0380c NEEDS-LAYOUT NEEDS-PAINT
            child 7: RenderAnimatedOpacity#0f73f NEEDS-LAYOUT NEEDS-PAINT NEEDS-COMPOSITING-BITS-UPDATE
            child 8: RenderConstrainedBox#d560d NEEDS-LAYOUT NEEDS-PAINT
            child 9: RenderAnimatedOpacity#0f4f6 NEEDS-LAYOUT NEEDS-PAINT
            child 10: RenderConstrainedBox#fe898 NEEDS-LAYOUT NEEDS-PAINT
            child 11: RenderAnimatedOpacity#bfbeb NEEDS-LAYOUT NEEDS-PAINT
            child 12: RenderConstrainedBox#708d6 NEEDS-LAYOUT NEEDS-PAINT
            child 13: RenderAnimatedOpacity#3dcdb NEEDS-LAYOUT NEEDS-PAINT
ΓòÉΓòÉΓòÉΓòÉΓòÉΓòÉΓòÉΓòÉΓòÉΓòÉΓòÉΓòÉΓòÉΓòÉΓòÉΓòÉΓòÉΓòÉΓòÉΓòÉΓòÉΓòÉΓòÉΓòÉΓòÉΓòÉΓòÉΓòÉΓòÉΓòÉΓòÉΓòÉΓòÉΓòÉΓòÉΓòÉΓòÉΓòÉΓòÉΓòÉΓòÉΓòÉΓòÉΓòÉΓòÉΓòÉΓòÉΓòÉΓòÉΓòÉΓòÉΓòÉΓòÉΓòÉΓòÉΓòÉΓòÉΓòÉΓòÉΓòÉΓòÉΓòÉΓòÉΓòÉΓòÉΓòÉΓòÉΓòÉΓòÉΓòÉΓòÉΓòÉΓòÉΓòÉΓòÉΓòÉΓòÉΓòÉΓòÉΓòÉΓòÉΓòÉΓòÉΓòÉΓòÉΓòÉΓòÉΓòÉΓòÉΓòÉΓòÉΓòÉΓòÉΓòÉΓòÉΓòÉΓòÉΓòÉΓòÉΓòÉ
ΓòÉΓòÉΓòí EXCEPTION CAUGHT BY RENDERING LIBRARY Γò₧ΓòÉΓòÉΓòÉΓòÉΓòÉΓòÉΓòÉΓòÉΓòÉΓòÉΓòÉΓòÉΓòÉΓòÉΓòÉΓòÉΓòÉΓòÉΓòÉΓòÉΓòÉΓòÉΓòÉΓòÉΓòÉΓòÉΓòÉΓòÉΓòÉΓòÉΓòÉΓòÉΓòÉΓòÉΓòÉΓòÉΓòÉΓòÉΓòÉΓòÉΓòÉΓòÉΓòÉΓòÉΓòÉΓòÉΓòÉΓòÉΓòÉΓòÉΓòÉΓòÉΓòÉΓòÉΓòÉΓòÉΓòÉ
The following assertion was thrown during performLayout():
RenderBox was not laid out: RenderPadding#05935 relayoutBoundary=up10 NEEDS-PAINT
NEEDS-COMPOSITING-BITS-UPDATE
'package:flutter/src/rendering/box.dart':
Failed assertion: line 2251 pos 12: 'hasSize'

Either the assertion indicates an error in the framework itself, or we should provide substantially
more information in this error message to help you determine and fix the underlying cause.
In either case, please report this assertion by filing a bug on GitHub:
  https://github.com/flutter/flutter/issues/new?template=02_bug.yml

The relevant error-causing widget was:
  SingleChildScrollView
  SingleChildScrollView:file:///D:/Mystery/programming/projects/PYTHON_PROJECTS/focus/focus_gg/focus_flutter/lib/features/dashboard/dashboard_screen.dart:132:13

When the exception was thrown, this was the stack:
#2      RenderBox.size (package:flutter/src/rendering/box.dart:2251:12)
#3      _RenderSingleChildViewport.performLayout (package:flutter/src/widgets/single_child_scroll_view.dart:503:43)
#4      RenderObject.layout (package:flutter/src/rendering/object.dart:2775:7)
#5      RenderProxyBoxMixin.performLayout (package:flutter/src/rendering/proxy_box.dart:115:18)
#6      RenderObject.layout (package:flutter/src/rendering/object.dart:2775:7)
#7      RenderProxyBoxMixin.performLayout (package:flutter/src/rendering/proxy_box.dart:115:18)
#8      RenderObject.layout (package:flutter/src/rendering/object.dart:2775:7)
#9      RenderProxyBoxMixin.performLayout (package:flutter/src/rendering/proxy_box.dart:115:18)
#10     RenderObject.layout (package:flutter/src/rendering/object.dart:2775:7)
#11     RenderProxyBoxMixin.performLayout (package:flutter/src/rendering/proxy_box.dart:115:18)
#12     RenderObject.layout (package:flutter/src/rendering/object.dart:2775:7)
#13     RenderProxyBoxMixin.performLayout (package:flutter/src/rendering/proxy_box.dart:115:18)
#14     RenderObject.layout (package:flutter/src/rendering/object.dart:2775:7)
#15     RenderProxyBoxMixin.performLayout (package:flutter/src/rendering/proxy_box.dart:115:18)
#16     RenderObject.layout (package:flutter/src/rendering/object.dart:2775:7)
#17     RenderProxyBoxMixin.performLayout (package:flutter/src/rendering/proxy_box.dart:115:18)
#18     RenderObject.layout (package:flutter/src/rendering/object.dart:2775:7)
#19     RenderProxyBoxMixin.performLayout (package:flutter/src/rendering/proxy_box.dart:115:18)
#20     _RenderCustomClip.performLayout (package:flutter/src/rendering/proxy_box.dart:1481:11)
#21     RenderObject.layout (package:flutter/src/rendering/object.dart:2775:7)
#22     MultiChildLayoutDelegate.layoutChild (package:flutter/src/rendering/custom_layout.dart:180:12)
#23     _ScaffoldLayout.performLayout (package:flutter/src/material/scaffold.dart:1112:7)
#24     MultiChildLayoutDelegate._callPerformLayout (package:flutter/src/rendering/custom_layout.dart:249:7)
#25     RenderCustomMultiChildLayoutBox.performLayout (package:flutter/src/rendering/custom_layout.dart:420:14)
#26     RenderObject._layoutWithoutResize (package:flutter/src/rendering/object.dart:2623:7)
#27     PipelineOwner.flushLayout (package:flutter/src/rendering/object.dart:1170:18)
#28     PipelineOwner.flushLayout (package:flutter/src/rendering/object.dart:1183:15)
#29     AutomatedTestWidgetsFlutterBinding.drawFrame (package:flutter_test/src/binding.dart:1508:27)
#30     RendererBinding._handlePersistentFrameCallback (package:flutter/src/rendering/binding.dart:495:5)
#31     SchedulerBinding._invokeFrameCallback (package:flutter/src/scheduler/binding.dart:1434:15)
#32     SchedulerBinding.handleDrawFrame (package:flutter/src/scheduler/binding.dart:1347:9)
#33     AutomatedTestWidgetsFlutterBinding.pump.<anonymous closure> (package:flutter_test/src/binding.dart:1335:9)
#36     TestAsyncUtils.guard (package:flutter_test/src/test_async_utils.dart:74:41)
#37     AutomatedTestWidgetsFlutterBinding.pump (package:flutter_test/src/binding.dart:1324:27)
#38     WidgetTester.pumpAndSettle.<anonymous closure> (package:flutter_test/src/widget_tester.dart:719:23)
<asynchronous suspension>
#39     TestAsyncUtils.guard.<anonymous closure> (package:flutter_test/src/test_async_utils.dart:130:27)
<asynchronous suspension>
#40     main.<anonymous closure> (file:///D:/Mystery/programming/projects/PYTHON_PROJECTS/focus/focus_gg/focus_flutter/test/widget_test.dart:20:5)
<asynchronous suspension>
#41     testWidgets.<anonymous closure>.<anonymous closure> (package:flutter_test/src/widget_tester.dart:192:15)
<asynchronous suspension>
#42     TestWidgetsFlutterBinding._runTestBody (package:flutter_test/src/binding.dart:1059:5)
<asynchronous suspension>
<asynchronous suspension>
(elided 5 frames from class _AssertionError, dart:async, and package:stack_trace)

The following RenderObject was being processed when the exception was fired: _RenderSingleChildViewport#06cd3 relayoutBoundary=up9 NEEDS-LAYOUT NEEDS-PAINT:
  needs compositing
  creator: _SingleChildViewport ΓåÉ IgnorePointer-[GlobalKey#2ac55] ΓåÉ Semantics ΓåÉ Listener ΓåÉ
    _GestureSemantics ΓåÉ RawGestureDetector-[LabeledGlobalKey<RawGestureDetectorState>#b16d0] ΓåÉ
    Listener ΓåÉ _ScrollableScope ΓåÉ _ScrollSemantics-[GlobalKey#1fa52] ΓåÉ
    NotificationListener<ScrollMetricsNotification> ΓåÉ Transform ΓåÉ StretchEffect ΓåÉ Γï»
  parentData: <none> (can use size)
  constraints: BoxConstraints(0.0<=w<=800.0, 0.0<=h<=534.0)
  size: MISSING
  offset: Offset(0.0, -0.0)
This RenderObject had the following descendants (showing up to depth 5):
    child: RenderPadding#05935 relayoutBoundary=up10 NEEDS-PAINT NEEDS-COMPOSITING-BITS-UPDATE
      child: RenderPositionedBox#201c0 relayoutBoundary=up11 NEEDS-PAINT NEEDS-COMPOSITING-BITS-UPDATE
        child: RenderConstrainedBox#89b07 relayoutBoundary=up12 NEEDS-PAINT NEEDS-COMPOSITING-BITS-UPDATE
          child: RenderPadding#91361 relayoutBoundary=up13 NEEDS-PAINT NEEDS-COMPOSITING-BITS-UPDATE
            child: RenderFlex#141d3 relayoutBoundary=up14 NEEDS-PAINT NEEDS-COMPOSITING-BITS-UPDATE
ΓòÉΓòÉΓòÉΓòÉΓòÉΓòÉΓòÉΓòÉΓòÉΓòÉΓòÉΓòÉΓòÉΓòÉΓòÉΓòÉΓòÉΓòÉΓòÉΓòÉΓòÉΓòÉΓòÉΓòÉΓòÉΓòÉΓòÉΓòÉΓòÉΓòÉΓòÉΓòÉΓòÉΓòÉΓòÉΓòÉΓòÉΓòÉΓòÉΓòÉΓòÉΓòÉΓòÉΓòÉΓòÉΓòÉΓòÉΓòÉΓòÉΓòÉΓòÉΓòÉΓòÉΓòÉΓòÉΓòÉΓòÉΓòÉΓòÉΓòÉΓòÉΓòÉΓòÉΓòÉΓòÉΓòÉΓòÉΓòÉΓòÉΓòÉΓòÉΓòÉΓòÉΓòÉΓòÉΓòÉΓòÉΓòÉΓòÉΓòÉΓòÉΓòÉΓòÉΓòÉΓòÉΓòÉΓòÉΓòÉΓòÉΓòÉΓòÉΓòÉΓòÉΓòÉΓòÉΓòÉΓòÉΓòÉΓòÉΓòÉ
ΓòÉΓòÉΓòí EXCEPTION CAUGHT BY RENDERING LIBRARY Γò₧ΓòÉΓòÉΓòÉΓòÉΓòÉΓòÉΓòÉΓòÉΓòÉΓòÉΓòÉΓòÉΓòÉΓòÉΓòÉΓòÉΓòÉΓòÉΓòÉΓòÉΓòÉΓòÉΓòÉΓòÉΓòÉΓòÉΓòÉΓòÉΓòÉΓòÉΓòÉΓòÉΓòÉΓòÉΓòÉΓòÉΓòÉΓòÉΓòÉΓòÉΓòÉΓòÉΓòÉΓòÉΓòÉΓòÉΓòÉΓòÉΓòÉΓòÉΓòÉΓòÉΓòÉΓòÉΓòÉΓòÉΓòÉ
The following assertion was thrown during performLayout():
RenderBox was not laid out: _RenderSingleChildViewport#06cd3 relayoutBoundary=up9 NEEDS-PAINT
'package:flutter/src/rendering/box.dart':
Failed assertion: line 2251 pos 12: 'hasSize'

Either the assertion indicates an error in the framework itself, or we should provide substantially
more information in this error message to help you determine and fix the underlying cause.
In either case, please report this assertion by filing a bug on GitHub:
  https://github.com/flutter/flutter/issues/new?template=02_bug.yml

The relevant error-causing widget was:
  SingleChildScrollView
  SingleChildScrollView:file:///D:/Mystery/programming/projects/PYTHON_PROJECTS/focus/focus_gg/focus_flutter/lib/features/dashboard/dashboard_screen.dart:132:13

When the exception was thrown, this was the stack:
#2      RenderBox.size (package:flutter/src/rendering/box.dart:2251:12)
#3      RenderProxyBoxMixin.performLayout (package:flutter/src/rendering/proxy_box.dart:115:62)
#4      RenderObject.layout (package:flutter/src/rendering/object.dart:2775:7)
#5      RenderProxyBoxMixin.performLayout (package:flutter/src/rendering/proxy_box.dart:115:18)
#6      RenderObject.layout (package:flutter/src/rendering/object.dart:2775:7)
#7      RenderProxyBoxMixin.performLayout (package:flutter/src/rendering/proxy_box.dart:115:18)
#8      RenderObject.layout (package:flutter/src/rendering/object.dart:2775:7)
#9      RenderProxyBoxMixin.performLayout (package:flutter/src/rendering/proxy_box.dart:115:18)
#10     RenderObject.layout (package:flutter/src/rendering/object.dart:2775:7)
#11     RenderProxyBoxMixin.performLayout (package:flutter/src/rendering/proxy_box.dart:115:18)
#12     RenderObject.layout (package:flutter/src/rendering/object.dart:2775:7)
#13     RenderProxyBoxMixin.performLayout (package:flutter/src/rendering/proxy_box.dart:115:18)
#14     RenderObject.layout (package:flutter/src/rendering/object.dart:2775:7)
#15     RenderProxyBoxMixin.performLayout (package:flutter/src/rendering/proxy_box.dart:115:18)
#16     RenderObject.layout (package:flutter/src/rendering/object.dart:2775:7)
#17     RenderProxyBoxMixin.performLayout (package:flutter/src/rendering/proxy_box.dart:115:18)
#18     _RenderCustomClip.performLayout (package:flutter/src/rendering/proxy_box.dart:1481:11)
#19     RenderObject.layout (package:flutter/src/rendering/object.dart:2775:7)
#20     MultiChildLayoutDelegate.layoutChild (package:flutter/src/rendering/custom_layout.dart:180:12)
#21     _ScaffoldLayout.performLayout (package:flutter/src/material/scaffold.dart:1112:7)
#22     MultiChildLayoutDelegate._callPerformLayout (package:flutter/src/rendering/custom_layout.dart:249:7)
#23     RenderCustomMultiChildLayoutBox.performLayout (package:flutter/src/rendering/custom_layout.dart:420:14)
#24     RenderObject._layoutWithoutResize (package:flutter/src/rendering/object.dart:2623:7)
#25     PipelineOwner.flushLayout (package:flutter/src/rendering/object.dart:1170:18)
#26     PipelineOwner.flushLayout (package:flutter/src/rendering/object.dart:1183:15)
#27     AutomatedTestWidgetsFlutterBinding.drawFrame (package:flutter_test/src/binding.dart:1508:27)
#28     RendererBinding._handlePersistentFrameCallback (package:flutter/src/rendering/binding.dart:495:5)
#29     SchedulerBinding._invokeFrameCallback (package:flutter/src/scheduler/binding.dart:1434:15)
#30     SchedulerBinding.handleDrawFrame (package:flutter/src/scheduler/binding.dart:1347:9)
#31     AutomatedTestWidgetsFlutterBinding.pump.<anonymous closure> (package:flutter_test/src/binding.dart:1335:9)
#34     TestAsyncUtils.guard (package:flutter_test/src/test_async_utils.dart:74:41)
#35     AutomatedTestWidgetsFlutterBinding.pump (package:flutter_test/src/binding.dart:1324:27)
#36     WidgetTester.pumpAndSettle.<anonymous closure> (package:flutter_test/src/widget_tester.dart:719:23)
<asynchronous suspension>
#37     TestAsyncUtils.guard.<anonymous closure> (package:flutter_test/src/test_async_utils.dart:130:27)
<asynchronous suspension>
#38     main.<anonymous closure> (file:///D:/Mystery/programming/projects/PYTHON_PROJECTS/focus/focus_gg/focus_flutter/test/widget_test.dart:20:5)
<asynchronous suspension>
#39     testWidgets.<anonymous closure>.<anonymous closure> (package:flutter_test/src/widget_tester.dart:192:15)
<asynchronous suspension>
#40     TestWidgetsFlutterBinding._runTestBody (package:flutter_test/src/binding.dart:1059:5)
<asynchronous suspension>
<asynchronous suspension>
(elided 5 frames from class _AssertionError, dart:async, and package:stack_trace)

The following RenderObject was being processed when the exception was fired: RenderIgnorePointer#2211b relayoutBoundary=up8 NEEDS-LAYOUT NEEDS-PAINT:
  needs compositing
  creator: IgnorePointer-[GlobalKey#2ac55] ΓåÉ Semantics ΓåÉ Listener ΓåÉ _GestureSemantics ΓåÉ
    RawGestureDetector-[LabeledGlobalKey<RawGestureDetectorState>#b16d0] ΓåÉ Listener ΓåÉ _ScrollableScope
    ΓåÉ _ScrollSemantics-[GlobalKey#1fa52] ΓåÉ NotificationListener<ScrollMetricsNotification> ΓåÉ Transform
    ΓåÉ StretchEffect ΓåÉ ClipRect ΓåÉ Γï»
  parentData: <none> (can use size)
  constraints: BoxConstraints(0.0<=w<=800.0, 0.0<=h<=534.0)
  size: MISSING
  ignoring: false
  ignoringSemantics: null
This RenderObject had the following descendants (showing up to depth 5):
    child: _RenderSingleChildViewport#06cd3 relayoutBoundary=up9 NEEDS-PAINT
      child: RenderPadding#05935 relayoutBoundary=up10 NEEDS-PAINT NEEDS-COMPOSITING-BITS-UPDATE
        child: RenderPositionedBox#201c0 relayoutBoundary=up11 NEEDS-PAINT NEEDS-COMPOSITING-BITS-UPDATE
          child: RenderConstrainedBox#89b07 relayoutBoundary=up12 NEEDS-PAINT NEEDS-COMPOSITING-BITS-UPDATE
            child: RenderPadding#91361 relayoutBoundary=up13 NEEDS-PAINT NEEDS-COMPOSITING-BITS-UPDATE
ΓòÉΓòÉΓòÉΓòÉΓòÉΓòÉΓòÉΓòÉΓòÉΓòÉΓòÉΓòÉΓòÉΓòÉΓòÉΓòÉΓòÉΓòÉΓòÉΓòÉΓòÉΓòÉΓòÉΓòÉΓòÉΓòÉΓòÉΓòÉΓòÉΓòÉΓòÉΓòÉΓòÉΓòÉΓòÉΓòÉΓòÉΓòÉΓòÉΓòÉΓòÉΓòÉΓòÉΓòÉΓòÉΓòÉΓòÉΓòÉΓòÉΓòÉΓòÉΓòÉΓòÉΓòÉΓòÉΓòÉΓòÉΓòÉΓòÉΓòÉΓòÉΓòÉΓòÉΓòÉΓòÉΓòÉΓòÉΓòÉΓòÉΓòÉΓòÉΓòÉΓòÉΓòÉΓòÉΓòÉΓòÉΓòÉΓòÉΓòÉΓòÉΓòÉΓòÉΓòÉΓòÉΓòÉΓòÉΓòÉΓòÉΓòÉΓòÉΓòÉΓòÉΓòÉΓòÉΓòÉΓòÉΓòÉΓòÉΓòÉ
ΓòÉΓòÉΓòí EXCEPTION CAUGHT BY RENDERING LIBRARY Γò₧ΓòÉΓòÉΓòÉΓòÉΓòÉΓòÉΓòÉΓòÉΓòÉΓòÉΓòÉΓòÉΓòÉΓòÉΓòÉΓòÉΓòÉΓòÉΓòÉΓòÉΓòÉΓòÉΓòÉΓòÉΓòÉΓòÉΓòÉΓòÉΓòÉΓòÉΓòÉΓòÉΓòÉΓòÉΓòÉΓòÉΓòÉΓòÉΓòÉΓòÉΓòÉΓòÉΓòÉΓòÉΓòÉΓòÉΓòÉΓòÉΓòÉΓòÉΓòÉΓòÉΓòÉΓòÉΓòÉΓòÉΓòÉ
The following assertion was thrown during performLayout():
RenderBox was not laid out: RenderIgnorePointer#2211b relayoutBoundary=up8 NEEDS-PAINT
'package:flutter/src/rendering/box.dart':
Failed assertion: line 2251 pos 12: 'hasSize'

Either the assertion indicates an error in the framework itself, or we should provide substantially
more information in this error message to help you determine and fix the underlying cause.
In either case, please report this assertion by filing a bug on GitHub:
  https://github.com/flutter/flutter/issues/new?template=02_bug.yml

The relevant error-causing widget was:
  SingleChildScrollView
  SingleChildScrollView:file:///D:/Mystery/programming/projects/PYTHON_PROJECTS/focus/focus_gg/focus_flutter/lib/features/dashboard/dashboard_screen.dart:132:13

When the exception was thrown, this was the stack:
#2      RenderBox.size (package:flutter/src/rendering/box.dart:2251:12)
#3      RenderProxyBoxMixin.performLayout (package:flutter/src/rendering/proxy_box.dart:115:62)
#4      RenderObject.layout (package:flutter/src/rendering/object.dart:2775:7)
#5      RenderProxyBoxMixin.performLayout (package:flutter/src/rendering/proxy_box.dart:115:18)
#6      RenderObject.layout (package:flutter/src/rendering/object.dart:2775:7)
#7      RenderProxyBoxMixin.performLayout (package:flutter/src/rendering/proxy_box.dart:115:18)
#8      RenderObject.layout (package:flutter/src/rendering/object.dart:2775:7)
#9      RenderProxyBoxMixin.performLayout (package:flutter/src/rendering/proxy_box.dart:115:18)
#10     RenderObject.layout (package:flutter/src/rendering/object.dart:2775:7)
#11     RenderProxyBoxMixin.performLayout (package:flutter/src/rendering/proxy_box.dart:115:18)
#12     RenderObject.layout (package:flutter/src/rendering/object.dart:2775:7)
#13     RenderProxyBoxMixin.performLayout (package:flutter/src/rendering/proxy_box.dart:115:18)
#14     RenderObject.layout (package:flutter/src/rendering/object.dart:2775:7)
#15     RenderProxyBoxMixin.performLayout (package:flutter/src/rendering/proxy_box.dart:115:18)
#16     _RenderCustomClip.performLayout (package:flutter/src/rendering/proxy_box.dart:1481:11)
#17     RenderObject.layout (package:flutter/src/rendering/object.dart:2775:7)
#18     MultiChildLayoutDelegate.layoutChild (package:flutter/src/rendering/custom_layout.dart:180:12)
#19     _ScaffoldLayout.performLayout (package:flutter/src/material/scaffold.dart:1112:7)
#20     MultiChildLayoutDelegate._callPerformLayout (package:flutter/src/rendering/custom_layout.dart:249:7)
#21     RenderCustomMultiChildLayoutBox.performLayout (package:flutter/src/rendering/custom_layout.dart:420:14)
#22     RenderObject._layoutWithoutResize (package:flutter/src/rendering/object.dart:2623:7)
#23     PipelineOwner.flushLayout (package:flutter/src/rendering/object.dart:1170:18)
#24     PipelineOwner.flushLayout (package:flutter/src/rendering/object.dart:1183:15)
#25     AutomatedTestWidgetsFlutterBinding.drawFrame (package:flutter_test/src/binding.dart:1508:27)
#26     RendererBinding._handlePersistentFrameCallback (package:flutter/src/rendering/binding.dart:495:5)
#27     SchedulerBinding._invokeFrameCallback (package:flutter/src/scheduler/binding.dart:1434:15)
#28     SchedulerBinding.handleDrawFrame (package:flutter/src/scheduler/binding.dart:1347:9)
#29     AutomatedTestWidgetsFlutterBinding.pump.<anonymous closure> (package:flutter_test/src/binding.dart:1335:9)
#32     TestAsyncUtils.guard (package:flutter_test/src/test_async_utils.dart:74:41)
#33     AutomatedTestWidgetsFlutterBinding.pump (package:flutter_test/src/binding.dart:1324:27)
#34     WidgetTester.pumpAndSettle.<anonymous closure> (package:flutter_test/src/widget_tester.dart:719:23)
<asynchronous suspension>
#35     TestAsyncUtils.guard.<anonymous closure> (package:flutter_test/src/test_async_utils.dart:130:27)
<asynchronous suspension>
#36     main.<anonymous closure> (file:///D:/Mystery/programming/projects/PYTHON_PROJECTS/focus/focus_gg/focus_flutter/test/widget_test.dart:20:5)
<asynchronous suspension>
#37     testWidgets.<anonymous closure>.<anonymous closure> (package:flutter_test/src/widget_tester.dart:192:15)
<asynchronous suspension>
#38     TestWidgetsFlutterBinding._runTestBody (package:flutter_test/src/binding.dart:1059:5)
<asynchronous suspension>
<asynchronous suspension>
(elided 5 frames from class _AssertionError, dart:async, and package:stack_trace)

The following RenderObject was being processed when the exception was fired: RenderSemanticsAnnotations#4d9bb relayoutBoundary=up7 NEEDS-LAYOUT NEEDS-PAINT:
  needs compositing
  creator: Semantics ΓåÉ Listener ΓåÉ _GestureSemantics ΓåÉ
    RawGestureDetector-[LabeledGlobalKey<RawGestureDetectorState>#b16d0] ΓåÉ Listener ΓåÉ _ScrollableScope
    ΓåÉ _ScrollSemantics-[GlobalKey#1fa52] ΓåÉ NotificationListener<ScrollMetricsNotification> ΓåÉ Transform
    ΓåÉ StretchEffect ΓåÉ ClipRect ΓåÉ AnimatedBuilder ΓåÉ Γï»
  parentData: <none> (can use size)
  constraints: BoxConstraints(0.0<=w<=800.0, 0.0<=h<=534.0)
  size: MISSING
This RenderObject had the following descendants (showing up to depth 5):
    child: RenderIgnorePointer#2211b relayoutBoundary=up8 NEEDS-PAINT
      child: _RenderSingleChildViewport#06cd3 relayoutBoundary=up9 NEEDS-PAINT
        child: RenderPadding#05935 relayoutBoundary=up10 NEEDS-PAINT NEEDS-COMPOSITING-BITS-UPDATE
          child: RenderPositionedBox#201c0 relayoutBoundary=up11 NEEDS-PAINT NEEDS-COMPOSITING-BITS-UPDATE
            child: RenderConstrainedBox#89b07 relayoutBoundary=up12 NEEDS-PAINT NEEDS-COMPOSITING-BITS-UPDATE
ΓòÉΓòÉΓòÉΓòÉΓòÉΓòÉΓòÉΓòÉΓòÉΓòÉΓòÉΓòÉΓòÉΓòÉΓòÉΓòÉΓòÉΓòÉΓòÉΓòÉΓòÉΓòÉΓòÉΓòÉΓòÉΓòÉΓòÉΓòÉΓòÉΓòÉΓòÉΓòÉΓòÉΓòÉΓòÉΓòÉΓòÉΓòÉΓòÉΓòÉΓòÉΓòÉΓòÉΓòÉΓòÉΓòÉΓòÉΓòÉΓòÉΓòÉΓòÉΓòÉΓòÉΓòÉΓòÉΓòÉΓòÉΓòÉΓòÉΓòÉΓòÉΓòÉΓòÉΓòÉΓòÉΓòÉΓòÉΓòÉΓòÉΓòÉΓòÉΓòÉΓòÉΓòÉΓòÉΓòÉΓòÉΓòÉΓòÉΓòÉΓòÉΓòÉΓòÉΓòÉΓòÉΓòÉΓòÉΓòÉΓòÉΓòÉΓòÉΓòÉΓòÉΓòÉΓòÉΓòÉΓòÉΓòÉΓòÉΓòÉ
ΓòÉΓòÉΓòí EXCEPTION CAUGHT BY RENDERING LIBRARY Γò₧ΓòÉΓòÉΓòÉΓòÉΓòÉΓòÉΓòÉΓòÉΓòÉΓòÉΓòÉΓòÉΓòÉΓòÉΓòÉΓòÉΓòÉΓòÉΓòÉΓòÉΓòÉΓòÉΓòÉΓòÉΓòÉΓòÉΓòÉΓòÉΓòÉΓòÉΓòÉΓòÉΓòÉΓòÉΓòÉΓòÉΓòÉΓòÉΓòÉΓòÉΓòÉΓòÉΓòÉΓòÉΓòÉΓòÉΓòÉΓòÉΓòÉΓòÉΓòÉΓòÉΓòÉΓòÉΓòÉΓòÉΓòÉ
The following assertion was thrown during performLayout():
RenderBox was not laid out: RenderSemanticsAnnotations#4d9bb relayoutBoundary=up7 NEEDS-PAINT
'package:flutter/src/rendering/box.dart':
Failed assertion: line 2251 pos 12: 'hasSize'

Either the assertion indicates an error in the framework itself, or we should provide substantially
more information in this error message to help you determine and fix the underlying cause.
In either case, please report this assertion by filing a bug on GitHub:
  https://github.com/flutter/flutter/issues/new?template=02_bug.yml

The relevant error-causing widget was:
  SingleChildScrollView
  SingleChildScrollView:file:///D:/Mystery/programming/projects/PYTHON_PROJECTS/focus/focus_gg/focus_flutter/lib/features/dashboard/dashboard_screen.dart:132:13

When the exception was thrown, this was the stack:
#2      RenderBox.size (package:flutter/src/rendering/box.dart:2251:12)
#3      RenderProxyBoxMixin.performLayout (package:flutter/src/rendering/proxy_box.dart:115:62)
#4      RenderObject.layout (package:flutter/src/rendering/object.dart:2775:7)
#5      RenderProxyBoxMixin.performLayout (package:flutter/src/rendering/proxy_box.dart:115:18)
#6      RenderObject.layout (package:flutter/src/rendering/object.dart:2775:7)
#7      RenderProxyBoxMixin.performLayout (package:flutter/src/rendering/proxy_box.dart:115:18)
#8      RenderObject.layout (package:flutter/src/rendering/object.dart:2775:7)
#9      RenderProxyBoxMixin.performLayout (package:flutter/src/rendering/proxy_box.dart:115:18)
#10     RenderObject.layout (package:flutter/src/rendering/object.dart:2775:7)
#11     RenderProxyBoxMixin.performLayout (package:flutter/src/rendering/proxy_box.dart:115:18)
#12     RenderObject.layout (package:flutter/src/rendering/object.dart:2775:7)
#13     RenderProxyBoxMixin.performLayout (package:flutter/src/rendering/proxy_box.dart:115:18)
#14     _RenderCustomClip.performLayout (package:flutter/src/rendering/proxy_box.dart:1481:11)
#15     RenderObject.layout (package:flutter/src/rendering/object.dart:2775:7)
#16     MultiChildLayoutDelegate.layoutChild (package:flutter/src/rendering/custom_layout.dart:180:12)
#17     _ScaffoldLayout.performLayout (package:flutter/src/material/scaffold.dart:1112:7)
#18     MultiChildLayoutDelegate._callPerformLayout (package:flutter/src/rendering/custom_layout.dart:249:7)
#19     RenderCustomMultiChildLayoutBox.performLayout (package:flutter/src/rendering/custom_layout.dart:420:14)
#20     RenderObject._layoutWithoutResize (package:flutter/src/rendering/object.dart:2623:7)
#21     PipelineOwner.flushLayout (package:flutter/src/rendering/object.dart:1170:18)
#22     PipelineOwner.flushLayout (package:flutter/src/rendering/object.dart:1183:15)
#23     AutomatedTestWidgetsFlutterBinding.drawFrame (package:flutter_test/src/binding.dart:1508:27)
#24     RendererBinding._handlePersistentFrameCallback (package:flutter/src/rendering/binding.dart:495:5)
#25     SchedulerBinding._invokeFrameCallback (package:flutter/src/scheduler/binding.dart:1434:15)
#26     SchedulerBinding.handleDrawFrame (package:flutter/src/scheduler/binding.dart:1347:9)
#27     AutomatedTestWidgetsFlutterBinding.pump.<anonymous closure> (package:flutter_test/src/binding.dart:1335:9)
#30     TestAsyncUtils.guard (package:flutter_test/src/test_async_utils.dart:74:41)
#31     AutomatedTestWidgetsFlutterBinding.pump (package:flutter_test/src/binding.dart:1324:27)
#32     WidgetTester.pumpAndSettle.<anonymous closure> (package:flutter_test/src/widget_tester.dart:719:23)
<asynchronous suspension>
#33     TestAsyncUtils.guard.<anonymous closure> (package:flutter_test/src/test_async_utils.dart:130:27)
<asynchronous suspension>
#34     main.<anonymous closure> (file:///D:/Mystery/programming/projects/PYTHON_PROJECTS/focus/focus_gg/focus_flutter/test/widget_test.dart:20:5)
<asynchronous suspension>
#35     testWidgets.<anonymous closure>.<anonymous closure> (package:flutter_test/src/widget_tester.dart:192:15)
<asynchronous suspension>
#36     TestWidgetsFlutterBinding._runTestBody (package:flutter_test/src/binding.dart:1059:5)
<asynchronous suspension>
<asynchronous suspension>
(elided 5 frames from class _AssertionError, dart:async, and package:stack_trace)

The following RenderObject was being processed when the exception was fired: RenderPointerListener#6d0ca relayoutBoundary=up6 NEEDS-LAYOUT NEEDS-PAINT:
  needs compositing
  creator: Listener ΓåÉ _GestureSemantics ΓåÉ
    RawGestureDetector-[LabeledGlobalKey<RawGestureDetectorState>#b16d0] ΓåÉ Listener ΓåÉ _ScrollableScope
    ΓåÉ _ScrollSemantics-[GlobalKey#1fa52] ΓåÉ NotificationListener<ScrollMetricsNotification> ΓåÉ Transform
    ΓåÉ StretchEffect ΓåÉ ClipRect ΓåÉ AnimatedBuilder ΓåÉ NotificationListener<ScrollNotification> ΓåÉ Γï»
  parentData: <none> (can use size)
  constraints: BoxConstraints(0.0<=w<=800.0, 0.0<=h<=534.0)
  size: MISSING
  behavior: opaque
  listeners: down, panZoomStart
This RenderObject had the following descendants (showing up to depth 5):
    child: RenderSemanticsAnnotations#4d9bb relayoutBoundary=up7 NEEDS-PAINT
      child: RenderIgnorePointer#2211b relayoutBoundary=up8 NEEDS-PAINT
        child: _RenderSingleChildViewport#06cd3 relayoutBoundary=up9 NEEDS-PAINT
          child: RenderPadding#05935 relayoutBoundary=up10 NEEDS-PAINT NEEDS-COMPOSITING-BITS-UPDATE
            child: RenderPositionedBox#201c0 relayoutBoundary=up11 NEEDS-PAINT NEEDS-COMPOSITING-BITS-UPDATE
ΓòÉΓòÉΓòÉΓòÉΓòÉΓòÉΓòÉΓòÉΓòÉΓòÉΓòÉΓòÉΓòÉΓòÉΓòÉΓòÉΓòÉΓòÉΓòÉΓòÉΓòÉΓòÉΓòÉΓòÉΓòÉΓòÉΓòÉΓòÉΓòÉΓòÉΓòÉΓòÉΓòÉΓòÉΓòÉΓòÉΓòÉΓòÉΓòÉΓòÉΓòÉΓòÉΓòÉΓòÉΓòÉΓòÉΓòÉΓòÉΓòÉΓòÉΓòÉΓòÉΓòÉΓòÉΓòÉΓòÉΓòÉΓòÉΓòÉΓòÉΓòÉΓòÉΓòÉΓòÉΓòÉΓòÉΓòÉΓòÉΓòÉΓòÉΓòÉΓòÉΓòÉΓòÉΓòÉΓòÉΓòÉΓòÉΓòÉΓòÉΓòÉΓòÉΓòÉΓòÉΓòÉΓòÉΓòÉΓòÉΓòÉΓòÉΓòÉΓòÉΓòÉΓòÉΓòÉΓòÉΓòÉΓòÉΓòÉΓòÉ
ΓòÉΓòÉΓòí EXCEPTION CAUGHT BY RENDERING LIBRARY Γò₧ΓòÉΓòÉΓòÉΓòÉΓòÉΓòÉΓòÉΓòÉΓòÉΓòÉΓòÉΓòÉΓòÉΓòÉΓòÉΓòÉΓòÉΓòÉΓòÉΓòÉΓòÉΓòÉΓòÉΓòÉΓòÉΓòÉΓòÉΓòÉΓòÉΓòÉΓòÉΓòÉΓòÉΓòÉΓòÉΓòÉΓòÉΓòÉΓòÉΓòÉΓòÉΓòÉΓòÉΓòÉΓòÉΓòÉΓòÉΓòÉΓòÉΓòÉΓòÉΓòÉΓòÉΓòÉΓòÉΓòÉΓòÉ
The following assertion was thrown during performLayout():
RenderBox was not laid out: RenderPointerListener#6d0ca relayoutBoundary=up6 NEEDS-PAINT
'package:flutter/src/rendering/box.dart':
Failed assertion: line 2251 pos 12: 'hasSize'

Either the assertion indicates an error in the framework itself, or we should provide substantially
more information in this error message to help you determine and fix the underlying cause.
In either case, please report this assertion by filing a bug on GitHub:
  https://github.com/flutter/flutter/issues/new?template=02_bug.yml

The relevant error-causing widget was:
  SingleChildScrollView
  SingleChildScrollView:file:///D:/Mystery/programming/projects/PYTHON_PROJECTS/focus/focus_gg/focus_flutter/lib/features/dashboard/dashboard_screen.dart:132:13

When the exception was thrown, this was the stack:
#2      RenderBox.size (package:flutter/src/rendering/box.dart:2251:12)
#3      RenderProxyBoxMixin.performLayout (package:flutter/src/rendering/proxy_box.dart:115:62)
#4      RenderObject.layout (package:flutter/src/rendering/object.dart:2775:7)
#5      RenderProxyBoxMixin.performLayout (package:flutter/src/rendering/proxy_box.dart:115:18)
#6      RenderObject.layout (package:flutter/src/rendering/object.dart:2775:7)
#7      RenderProxyBoxMixin.performLayout (package:flutter/src/rendering/proxy_box.dart:115:18)
#8      RenderObject.layout (package:flutter/src/rendering/object.dart:2775:7)
#9      RenderProxyBoxMixin.performLayout (package:flutter/src/rendering/proxy_box.dart:115:18)
#10     RenderObject.layout (package:flutter/src/rendering/object.dart:2775:7)
#11     RenderProxyBoxMixin.performLayout (package:flutter/src/rendering/proxy_box.dart:115:18)
#12     _RenderCustomClip.performLayout (package:flutter/src/rendering/proxy_box.dart:1481:11)
#13     RenderObject.layout (package:flutter/src/rendering/object.dart:2775:7)
#14     MultiChildLayoutDelegate.layoutChild (package:flutter/src/rendering/custom_layout.dart:180:12)
#15     _ScaffoldLayout.performLayout (package:flutter/src/material/scaffold.dart:1112:7)
#16     MultiChildLayoutDelegate._callPerformLayout (package:flutter/src/rendering/custom_layout.dart:249:7)
#17     RenderCustomMultiChildLayoutBox.performLayout (package:flutter/src/rendering/custom_layout.dart:420:14)
#18     RenderObject._layoutWithoutResize (package:flutter/src/rendering/object.dart:2623:7)
#19     PipelineOwner.flushLayout (package:flutter/src/rendering/object.dart:1170:18)
#20     PipelineOwner.flushLayout (package:flutter/src/rendering/object.dart:1183:15)
#21     AutomatedTestWidgetsFlutterBinding.drawFrame (package:flutter_test/src/binding.dart:1508:27)
#22     RendererBinding._handlePersistentFrameCallback (package:flutter/src/rendering/binding.dart:495:5)
#23     SchedulerBinding._invokeFrameCallback (package:flutter/src/scheduler/binding.dart:1434:15)
#24     SchedulerBinding.handleDrawFrame (package:flutter/src/scheduler/binding.dart:1347:9)
#25     AutomatedTestWidgetsFlutterBinding.pump.<anonymous closure> (package:flutter_test/src/binding.dart:1335:9)
#28     TestAsyncUtils.guard (package:flutter_test/src/test_async_utils.dart:74:41)
#29     AutomatedTestWidgetsFlutterBinding.pump (package:flutter_test/src/binding.dart:1324:27)
#30     WidgetTester.pumpAndSettle.<anonymous closure> (package:flutter_test/src/widget_tester.dart:719:23)
<asynchronous suspension>
#31     TestAsyncUtils.guard.<anonymous closure> (package:flutter_test/src/test_async_utils.dart:130:27)
<asynchronous suspension>
#32     main.<anonymous closure> (file:///D:/Mystery/programming/projects/PYTHON_PROJECTS/focus/focus_gg/focus_flutter/test/widget_test.dart:20:5)
<asynchronous suspension>
#33     testWidgets.<anonymous closure>.<anonymous closure> (package:flutter_test/src/widget_tester.dart:192:15)
<asynchronous suspension>
#34     TestWidgetsFlutterBinding._runTestBody (package:flutter_test/src/binding.dart:1059:5)
<asynchronous suspension>
<asynchronous suspension>
(elided 5 frames from class _AssertionError, dart:async, and package:stack_trace)

The following RenderObject was being processed when the exception was fired: RenderSemanticsGestureHandler#bece2 relayoutBoundary=up5 NEEDS-LAYOUT NEEDS-PAINT:
  needs compositing
  creator: _GestureSemantics ΓåÉ RawGestureDetector-[LabeledGlobalKey<RawGestureDetectorState>#b16d0] ΓåÉ
    Listener ΓåÉ _ScrollableScope ΓåÉ _ScrollSemantics-[GlobalKey#1fa52] ΓåÉ
    NotificationListener<ScrollMetricsNotification> ΓåÉ Transform ΓåÉ StretchEffect ΓåÉ ClipRect ΓåÉ
    AnimatedBuilder ΓåÉ NotificationListener<ScrollNotification> ΓåÉ StretchingOverscrollIndicator ΓåÉ Γï»
  parentData: <none> (can use size)
  constraints: BoxConstraints(0.0<=w<=800.0, 0.0<=h<=534.0)
  size: MISSING
  behavior: opaque
  gestures: <none>
This RenderObject had the following descendants (showing up to depth 5):
    child: RenderPointerListener#6d0ca relayoutBoundary=up6 NEEDS-PAINT
      child: RenderSemanticsAnnotations#4d9bb relayoutBoundary=up7 NEEDS-PAINT
        child: RenderIgnorePointer#2211b relayoutBoundary=up8 NEEDS-PAINT
          child: _RenderSingleChildViewport#06cd3 relayoutBoundary=up9 NEEDS-PAINT
            child: RenderPadding#05935 relayoutBoundary=up10 NEEDS-PAINT NEEDS-COMPOSITING-BITS-UPDATE
ΓòÉΓòÉΓòÉΓòÉΓòÉΓòÉΓòÉΓòÉΓòÉΓòÉΓòÉΓòÉΓòÉΓòÉΓòÉΓòÉΓòÉΓòÉΓòÉΓòÉΓòÉΓòÉΓòÉΓòÉΓòÉΓòÉΓòÉΓòÉΓòÉΓòÉΓòÉΓòÉΓòÉΓòÉΓòÉΓòÉΓòÉΓòÉΓòÉΓòÉΓòÉΓòÉΓòÉΓòÉΓòÉΓòÉΓòÉΓòÉΓòÉΓòÉΓòÉΓòÉΓòÉΓòÉΓòÉΓòÉΓòÉΓòÉΓòÉΓòÉΓòÉΓòÉΓòÉΓòÉΓòÉΓòÉΓòÉΓòÉΓòÉΓòÉΓòÉΓòÉΓòÉΓòÉΓòÉΓòÉΓòÉΓòÉΓòÉΓòÉΓòÉΓòÉΓòÉΓòÉΓòÉΓòÉΓòÉΓòÉΓòÉΓòÉΓòÉΓòÉΓòÉΓòÉΓòÉΓòÉΓòÉΓòÉΓòÉΓòÉ
ΓòÉΓòÉΓòí EXCEPTION CAUGHT BY RENDERING LIBRARY Γò₧ΓòÉΓòÉΓòÉΓòÉΓòÉΓòÉΓòÉΓòÉΓòÉΓòÉΓòÉΓòÉΓòÉΓòÉΓòÉΓòÉΓòÉΓòÉΓòÉΓòÉΓòÉΓòÉΓòÉΓòÉΓòÉΓòÉΓòÉΓòÉΓòÉΓòÉΓòÉΓòÉΓòÉΓòÉΓòÉΓòÉΓòÉΓòÉΓòÉΓòÉΓòÉΓòÉΓòÉΓòÉΓòÉΓòÉΓòÉΓòÉΓòÉΓòÉΓòÉΓòÉΓòÉΓòÉΓòÉΓòÉΓòÉ
The following assertion was thrown during performLayout():
RenderBox was not laid out: RenderSemanticsGestureHandler#bece2 relayoutBoundary=up5 NEEDS-PAINT
'package:flutter/src/rendering/box.dart':
Failed assertion: line 2251 pos 12: 'hasSize'

Either the assertion indicates an error in the framework itself, or we should provide substantially
more information in this error message to help you determine and fix the underlying cause.
In either case, please report this assertion by filing a bug on GitHub:
  https://github.com/flutter/flutter/issues/new?template=02_bug.yml

The relevant error-causing widget was:
  SingleChildScrollView
  SingleChildScrollView:file:///D:/Mystery/programming/projects/PYTHON_PROJECTS/focus/focus_gg/focus_flutter/lib/features/dashboard/dashboard_screen.dart:132:13

When the exception was thrown, this was the stack:
#2      RenderBox.size (package:flutter/src/rendering/box.dart:2251:12)
#3      RenderProxyBoxMixin.performLayout (package:flutter/src/rendering/proxy_box.dart:115:62)
#4      RenderObject.layout (package:flutter/src/rendering/object.dart:2775:7)
#5      RenderProxyBoxMixin.performLayout (package:flutter/src/rendering/proxy_box.dart:115:18)
#6      RenderObject.layout (package:flutter/src/rendering/object.dart:2775:7)
#7      RenderProxyBoxMixin.performLayout (package:flutter/src/rendering/proxy_box.dart:115:18)
#8      RenderObject.layout (package:flutter/src/rendering/object.dart:2775:7)
#9      RenderProxyBoxMixin.performLayout (package:flutter/src/rendering/proxy_box.dart:115:18)
#10     _RenderCustomClip.performLayout (package:flutter/src/rendering/proxy_box.dart:1481:11)
#11     RenderObject.layout (package:flutter/src/rendering/object.dart:2775:7)
#12     MultiChildLayoutDelegate.layoutChild (package:flutter/src/rendering/custom_layout.dart:180:12)
#13     _ScaffoldLayout.performLayout (package:flutter/src/material/scaffold.dart:1112:7)
#14     MultiChildLayoutDelegate._callPerformLayout (package:flutter/src/rendering/custom_layout.dart:249:7)
#15     RenderCustomMultiChildLayoutBox.performLayout (package:flutter/src/rendering/custom_layout.dart:420:14)
#16     RenderObject._layoutWithoutResize (package:flutter/src/rendering/object.dart:2623:7)
#17     PipelineOwner.flushLayout (package:flutter/src/rendering/object.dart:1170:18)
#18     PipelineOwner.flushLayout (package:flutter/src/rendering/object.dart:1183:15)
#19     AutomatedTestWidgetsFlutterBinding.drawFrame (package:flutter_test/src/binding.dart:1508:27)
#20     RendererBinding._handlePersistentFrameCallback (package:flutter/src/rendering/binding.dart:495:5)
#21     SchedulerBinding._invokeFrameCallback (package:flutter/src/scheduler/binding.dart:1434:15)
#22     SchedulerBinding.handleDrawFrame (package:flutter/src/scheduler/binding.dart:1347:9)
#23     AutomatedTestWidgetsFlutterBinding.pump.<anonymous closure> (package:flutter_test/src/binding.dart:1335:9)
#26     TestAsyncUtils.guard (package:flutter_test/src/test_async_utils.dart:74:41)
#27     AutomatedTestWidgetsFlutterBinding.pump (package:flutter_test/src/binding.dart:1324:27)
#28     WidgetTester.pumpAndSettle.<anonymous closure> (package:flutter_test/src/widget_tester.dart:719:23)
<asynchronous suspension>
#29     TestAsyncUtils.guard.<anonymous closure> (package:flutter_test/src/test_async_utils.dart:130:27)
<asynchronous suspension>
#30     main.<anonymous closure> (file:///D:/Mystery/programming/projects/PYTHON_PROJECTS/focus/focus_gg/focus_flutter/test/widget_test.dart:20:5)
<asynchronous suspension>
#31     testWidgets.<anonymous closure>.<anonymous closure> (package:flutter_test/src/widget_tester.dart:192:15)
<asynchronous suspension>
#32     TestWidgetsFlutterBinding._runTestBody (package:flutter_test/src/binding.dart:1059:5)
<asynchronous suspension>
<asynchronous suspension>
(elided 5 frames from class _AssertionError, dart:async, and package:stack_trace)

The following RenderObject was being processed when the exception was fired: RenderPointerListener#1e896 relayoutBoundary=up4 NEEDS-LAYOUT NEEDS-PAINT:
  needs compositing
  creator: Listener ΓåÉ _ScrollableScope ΓåÉ _ScrollSemantics-[GlobalKey#1fa52] ΓåÉ
    NotificationListener<ScrollMetricsNotification> ΓåÉ Transform ΓåÉ StretchEffect ΓåÉ ClipRect ΓåÉ
    AnimatedBuilder ΓåÉ NotificationListener<ScrollNotification> ΓåÉ StretchingOverscrollIndicator ΓåÉ
    Scrollable ΓåÉ PrimaryScrollController ΓåÉ Γï»
  parentData: <none> (can use size)
  constraints: BoxConstraints(0.0<=w<=800.0, 0.0<=h<=534.0)
  size: MISSING
  behavior: deferToChild
  listeners: signal
This RenderObject had the following descendants (showing up to depth 5):
    child: RenderSemanticsGestureHandler#bece2 relayoutBoundary=up5 NEEDS-PAINT
      child: RenderPointerListener#6d0ca relayoutBoundary=up6 NEEDS-PAINT
        child: RenderSemanticsAnnotations#4d9bb relayoutBoundary=up7 NEEDS-PAINT
          child: RenderIgnorePointer#2211b relayoutBoundary=up8 NEEDS-PAINT
            child: _RenderSingleChildViewport#06cd3 relayoutBoundary=up9 NEEDS-PAINT
ΓòÉΓòÉΓòÉΓòÉΓòÉΓòÉΓòÉΓòÉΓòÉΓòÉΓòÉΓòÉΓòÉΓòÉΓòÉΓòÉΓòÉΓòÉΓòÉΓòÉΓòÉΓòÉΓòÉΓòÉΓòÉΓòÉΓòÉΓòÉΓòÉΓòÉΓòÉΓòÉΓòÉΓòÉΓòÉΓòÉΓòÉΓòÉΓòÉΓòÉΓòÉΓòÉΓòÉΓòÉΓòÉΓòÉΓòÉΓòÉΓòÉΓòÉΓòÉΓòÉΓòÉΓòÉΓòÉΓòÉΓòÉΓòÉΓòÉΓòÉΓòÉΓòÉΓòÉΓòÉΓòÉΓòÉΓòÉΓòÉΓòÉΓòÉΓòÉΓòÉΓòÉΓòÉΓòÉΓòÉΓòÉΓòÉΓòÉΓòÉΓòÉΓòÉΓòÉΓòÉΓòÉΓòÉΓòÉΓòÉΓòÉΓòÉΓòÉΓòÉΓòÉΓòÉΓòÉΓòÉΓòÉΓòÉΓòÉΓòÉ
ΓòÉΓòÉΓòí EXCEPTION CAUGHT BY RENDERING LIBRARY Γò₧ΓòÉΓòÉΓòÉΓòÉΓòÉΓòÉΓòÉΓòÉΓòÉΓòÉΓòÉΓòÉΓòÉΓòÉΓòÉΓòÉΓòÉΓòÉΓòÉΓòÉΓòÉΓòÉΓòÉΓòÉΓòÉΓòÉΓòÉΓòÉΓòÉΓòÉΓòÉΓòÉΓòÉΓòÉΓòÉΓòÉΓòÉΓòÉΓòÉΓòÉΓòÉΓòÉΓòÉΓòÉΓòÉΓòÉΓòÉΓòÉΓòÉΓòÉΓòÉΓòÉΓòÉΓòÉΓòÉΓòÉΓòÉ
The following assertion was thrown during performLayout():
RenderBox was not laid out: RenderPointerListener#1e896 relayoutBoundary=up4 NEEDS-PAINT
'package:flutter/src/rendering/box.dart':
Failed assertion: line 2251 pos 12: 'hasSize'

Either the assertion indicates an error in the framework itself, or we should provide substantially
more information in this error message to help you determine and fix the underlying cause.
In either case, please report this assertion by filing a bug on GitHub:
  https://github.com/flutter/flutter/issues/new?template=02_bug.yml

The relevant error-causing widget was:
  SingleChildScrollView
  SingleChildScrollView:file:///D:/Mystery/programming/projects/PYTHON_PROJECTS/focus/focus_gg/focus_flutter/lib/features/dashboard/dashboard_screen.dart:132:13

When the exception was thrown, this was the stack:
#2      RenderBox.size (package:flutter/src/rendering/box.dart:2251:12)
#3      RenderProxyBoxMixin.performLayout (package:flutter/src/rendering/proxy_box.dart:115:62)
#4      RenderObject.layout (package:flutter/src/rendering/object.dart:2775:7)
#5      RenderProxyBoxMixin.performLayout (package:flutter/src/rendering/proxy_box.dart:115:18)
#6      RenderObject.layout (package:flutter/src/rendering/object.dart:2775:7)
#7      RenderProxyBoxMixin.performLayout (package:flutter/src/rendering/proxy_box.dart:115:18)
#8      _RenderCustomClip.performLayout (package:flutter/src/rendering/proxy_box.dart:1481:11)
#9      RenderObject.layout (package:flutter/src/rendering/object.dart:2775:7)
#10     MultiChildLayoutDelegate.layoutChild (package:flutter/src/rendering/custom_layout.dart:180:12)
#11     _ScaffoldLayout.performLayout (package:flutter/src/material/scaffold.dart:1112:7)
#12     MultiChildLayoutDelegate._callPerformLayout (package:flutter/src/rendering/custom_layout.dart:249:7)
#13     RenderCustomMultiChildLayoutBox.performLayout (package:flutter/src/rendering/custom_layout.dart:420:14)
#14     RenderObject._layoutWithoutResize (package:flutter/src/rendering/object.dart:2623:7)
#15     PipelineOwner.flushLayout (package:flutter/src/rendering/object.dart:1170:18)
#16     PipelineOwner.flushLayout (package:flutter/src/rendering/object.dart:1183:15)
#17     AutomatedTestWidgetsFlutterBinding.drawFrame (package:flutter_test/src/binding.dart:1508:27)
#18     RendererBinding._handlePersistentFrameCallback (package:flutter/src/rendering/binding.dart:495:5)
#19     SchedulerBinding._invokeFrameCallback (package:flutter/src/scheduler/binding.dart:1434:15)
#20     SchedulerBinding.handleDrawFrame (package:flutter/src/scheduler/binding.dart:1347:9)
#21     AutomatedTestWidgetsFlutterBinding.pump.<anonymous closure> (package:flutter_test/src/binding.dart:1335:9)
#24     TestAsyncUtils.guard (package:flutter_test/src/test_async_utils.dart:74:41)
#25     AutomatedTestWidgetsFlutterBinding.pump (package:flutter_test/src/binding.dart:1324:27)
#26     WidgetTester.pumpAndSettle.<anonymous closure> (package:flutter_test/src/widget_tester.dart:719:23)
<asynchronous suspension>
#27     TestAsyncUtils.guard.<anonymous closure> (package:flutter_test/src/test_async_utils.dart:130:27)
<asynchronous suspension>
#28     main.<anonymous closure> (file:///D:/Mystery/programming/projects/PYTHON_PROJECTS/focus/focus_gg/focus_flutter/test/widget_test.dart:20:5)
<asynchronous suspension>
#29     testWidgets.<anonymous closure>.<anonymous closure> (package:flutter_test/src/widget_tester.dart:192:15)
<asynchronous suspension>
#30     TestWidgetsFlutterBinding._runTestBody (package:flutter_test/src/binding.dart:1059:5)
<asynchronous suspension>
<asynchronous suspension>
(elided 5 frames from class _AssertionError, dart:async, and package:stack_trace)

The following RenderObject was being processed when the exception was fired: _RenderScrollSemantics#ebf7b relayoutBoundary=up3 NEEDS-LAYOUT NEEDS-PAINT:
  needs compositing
  creator: _ScrollSemantics-[GlobalKey#1fa52] ΓåÉ NotificationListener<ScrollMetricsNotification> ΓåÉ
    Transform ΓåÉ StretchEffect ΓåÉ ClipRect ΓåÉ AnimatedBuilder ΓåÉ NotificationListener<ScrollNotification>
    ΓåÉ StretchingOverscrollIndicator ΓåÉ Scrollable ΓåÉ PrimaryScrollController ΓåÉ SingleChildScrollView ΓåÉ
    KeyedSubtree-[GlobalKey#15fcd] ΓåÉ Γï»
  parentData: <none> (can use size)
  constraints: BoxConstraints(0.0<=w<=800.0, 0.0<=h<=534.0)
  semantic boundary
  size: MISSING
This RenderObject had the following descendants (showing up to depth 5):
    child: RenderPointerListener#1e896 relayoutBoundary=up4 NEEDS-PAINT
      child: RenderSemanticsGestureHandler#bece2 relayoutBoundary=up5 NEEDS-PAINT
        child: RenderPointerListener#6d0ca relayoutBoundary=up6 NEEDS-PAINT
          child: RenderSemanticsAnnotations#4d9bb relayoutBoundary=up7 NEEDS-PAINT
            child: RenderIgnorePointer#2211b relayoutBoundary=up8 NEEDS-PAINT
ΓòÉΓòÉΓòÉΓòÉΓòÉΓòÉΓòÉΓòÉΓòÉΓòÉΓòÉΓòÉΓòÉΓòÉΓòÉΓòÉΓòÉΓòÉΓòÉΓòÉΓòÉΓòÉΓòÉΓòÉΓòÉΓòÉΓòÉΓòÉΓòÉΓòÉΓòÉΓòÉΓòÉΓòÉΓòÉΓòÉΓòÉΓòÉΓòÉΓòÉΓòÉΓòÉΓòÉΓòÉΓòÉΓòÉΓòÉΓòÉΓòÉΓòÉΓòÉΓòÉΓòÉΓòÉΓòÉΓòÉΓòÉΓòÉΓòÉΓòÉΓòÉΓòÉΓòÉΓòÉΓòÉΓòÉΓòÉΓòÉΓòÉΓòÉΓòÉΓòÉΓòÉΓòÉΓòÉΓòÉΓòÉΓòÉΓòÉΓòÉΓòÉΓòÉΓòÉΓòÉΓòÉΓòÉΓòÉΓòÉΓòÉΓòÉΓòÉΓòÉΓòÉΓòÉΓòÉΓòÉΓòÉΓòÉΓòÉΓòÉ
ΓòÉΓòÉΓòí EXCEPTION CAUGHT BY RENDERING LIBRARY Γò₧ΓòÉΓòÉΓòÉΓòÉΓòÉΓòÉΓòÉΓòÉΓòÉΓòÉΓòÉΓòÉΓòÉΓòÉΓòÉΓòÉΓòÉΓòÉΓòÉΓòÉΓòÉΓòÉΓòÉΓòÉΓòÉΓòÉΓòÉΓòÉΓòÉΓòÉΓòÉΓòÉΓòÉΓòÉΓòÉΓòÉΓòÉΓòÉΓòÉΓòÉΓòÉΓòÉΓòÉΓòÉΓòÉΓòÉΓòÉΓòÉΓòÉΓòÉΓòÉΓòÉΓòÉΓòÉΓòÉΓòÉΓòÉ
The following assertion was thrown during performLayout():
RenderBox was not laid out: _RenderScrollSemantics#ebf7b relayoutBoundary=up3 NEEDS-PAINT
'package:flutter/src/rendering/box.dart':
Failed assertion: line 2251 pos 12: 'hasSize'

Either the assertion indicates an error in the framework itself, or we should provide substantially
more information in this error message to help you determine and fix the underlying cause.
In either case, please report this assertion by filing a bug on GitHub:
  https://github.com/flutter/flutter/issues/new?template=02_bug.yml

The relevant error-causing widget was:
  SingleChildScrollView
  SingleChildScrollView:file:///D:/Mystery/programming/projects/PYTHON_PROJECTS/focus/focus_gg/focus_flutter/lib/features/dashboard/dashboard_screen.dart:132:13

When the exception was thrown, this was the stack:
#2      RenderBox.size (package:flutter/src/rendering/box.dart:2251:12)
#3      RenderProxyBoxMixin.performLayout (package:flutter/src/rendering/proxy_box.dart:115:62)
#4      RenderObject.layout (package:flutter/src/rendering/object.dart:2775:7)
#5      RenderProxyBoxMixin.performLayout (package:flutter/src/rendering/proxy_box.dart:115:18)
#6      _RenderCustomClip.performLayout (package:flutter/src/rendering/proxy_box.dart:1481:11)
#7      RenderObject.layout (package:flutter/src/rendering/object.dart:2775:7)
#8      MultiChildLayoutDelegate.layoutChild (package:flutter/src/rendering/custom_layout.dart:180:12)
#9      _ScaffoldLayout.performLayout (package:flutter/src/material/scaffold.dart:1112:7)
#10     MultiChildLayoutDelegate._callPerformLayout (package:flutter/src/rendering/custom_layout.dart:249:7)
#11     RenderCustomMultiChildLayoutBox.performLayout (package:flutter/src/rendering/custom_layout.dart:420:14)
#12     RenderObject._layoutWithoutResize (package:flutter/src/rendering/object.dart:2623:7)
#13     PipelineOwner.flushLayout (package:flutter/src/rendering/object.dart:1170:18)
#14     PipelineOwner.flushLayout (package:flutter/src/rendering/object.dart:1183:15)
#15     AutomatedTestWidgetsFlutterBinding.drawFrame (package:flutter_test/src/binding.dart:1508:27)
#16     RendererBinding._handlePersistentFrameCallback (package:flutter/src/rendering/binding.dart:495:5)
#17     SchedulerBinding._invokeFrameCallback (package:flutter/src/scheduler/binding.dart:1434:15)
#18     SchedulerBinding.handleDrawFrame (package:flutter/src/scheduler/binding.dart:1347:9)
#19     AutomatedTestWidgetsFlutterBinding.pump.<anonymous closure> (package:flutter_test/src/binding.dart:1335:9)
#22     TestAsyncUtils.guard (package:flutter_test/src/test_async_utils.dart:74:41)
#23     AutomatedTestWidgetsFlutterBinding.pump (package:flutter_test/src/binding.dart:1324:27)
#24     WidgetTester.pumpAndSettle.<anonymous closure> (package:flutter_test/src/widget_tester.dart:719:23)
<asynchronous suspension>
#25     TestAsyncUtils.guard.<anonymous closure> (package:flutter_test/src/test_async_utils.dart:130:27)
<asynchronous suspension>
#26     main.<anonymous closure> (file:///D:/Mystery/programming/projects/PYTHON_PROJECTS/focus/focus_gg/focus_flutter/test/widget_test.dart:20:5)
<asynchronous suspension>
#27     testWidgets.<anonymous closure>.<anonymous closure> (package:flutter_test/src/widget_tester.dart:192:15)
<asynchronous suspension>
#28     TestWidgetsFlutterBinding._runTestBody (package:flutter_test/src/binding.dart:1059:5)
<asynchronous suspension>
<asynchronous suspension>
(elided 5 frames from class _AssertionError, dart:async, and package:stack_trace)

The following RenderObject was being processed when the exception was fired: RenderTransform#c1aea relayoutBoundary=up2 NEEDS-LAYOUT:
  needs compositing
  creator: Transform ΓåÉ StretchEffect ΓåÉ ClipRect ΓåÉ AnimatedBuilder ΓåÉ
    NotificationListener<ScrollNotification> ΓåÉ StretchingOverscrollIndicator ΓåÉ Scrollable ΓåÉ
    PrimaryScrollController ΓåÉ SingleChildScrollView ΓåÉ KeyedSubtree-[GlobalKey#15fcd] ΓåÉ _BodyBuilder ΓåÉ
    MediaQuery ΓåÉ Γï»
  parentData: <none> (can use size)
  constraints: BoxConstraints(0.0<=w<=800.0, 0.0<=h<=534.0)
  size: MISSING
  transform matrix:
    [0] 1.0,0.0,0.0,0.0
    [1] 0.0,1.0,0.0,0.0
    [2] 0.0,0.0,1.0,0.0
    [3] 0.0,0.0,0.0,1.0
  origin: null
  alignment: AlignmentDirectional.bottomCenter
  textDirection: ltr
  transformHitTests: true
This RenderObject had the following descendants (showing up to depth 5):
    child: _RenderScrollSemantics#ebf7b relayoutBoundary=up3 NEEDS-PAINT
      child: RenderPointerListener#1e896 relayoutBoundary=up4 NEEDS-PAINT
        child: RenderSemanticsGestureHandler#bece2 relayoutBoundary=up5 NEEDS-PAINT
          child: RenderPointerListener#6d0ca relayoutBoundary=up6 NEEDS-PAINT
            child: RenderSemanticsAnnotations#4d9bb relayoutBoundary=up7 NEEDS-PAINT
ΓòÉΓòÉΓòÉΓòÉΓòÉΓòÉΓòÉΓòÉΓòÉΓòÉΓòÉΓòÉΓòÉΓòÉΓòÉΓòÉΓòÉΓòÉΓòÉΓòÉΓòÉΓòÉΓòÉΓòÉΓòÉΓòÉΓòÉΓòÉΓòÉΓòÉΓòÉΓòÉΓòÉΓòÉΓòÉΓòÉΓòÉΓòÉΓòÉΓòÉΓòÉΓòÉΓòÉΓòÉΓòÉΓòÉΓòÉΓòÉΓòÉΓòÉΓòÉΓòÉΓòÉΓòÉΓòÉΓòÉΓòÉΓòÉΓòÉΓòÉΓòÉΓòÉΓòÉΓòÉΓòÉΓòÉΓòÉΓòÉΓòÉΓòÉΓòÉΓòÉΓòÉΓòÉΓòÉΓòÉΓòÉΓòÉΓòÉΓòÉΓòÉΓòÉΓòÉΓòÉΓòÉΓòÉΓòÉΓòÉΓòÉΓòÉΓòÉΓòÉΓòÉΓòÉΓòÉΓòÉΓòÉΓòÉΓòÉΓòÉ
ΓòÉΓòÉΓòí EXCEPTION CAUGHT BY RENDERING LIBRARY Γò₧ΓòÉΓòÉΓòÉΓòÉΓòÉΓòÉΓòÉΓòÉΓòÉΓòÉΓòÉΓòÉΓòÉΓòÉΓòÉΓòÉΓòÉΓòÉΓòÉΓòÉΓòÉΓòÉΓòÉΓòÉΓòÉΓòÉΓòÉΓòÉΓòÉΓòÉΓòÉΓòÉΓòÉΓòÉΓòÉΓòÉΓòÉΓòÉΓòÉΓòÉΓòÉΓòÉΓòÉΓòÉΓòÉΓòÉΓòÉΓòÉΓòÉΓòÉΓòÉΓòÉΓòÉΓòÉΓòÉΓòÉΓòÉ
The following assertion was thrown during performLayout():
RenderBox was not laid out: RenderTransform#c1aea relayoutBoundary=up2 NEEDS-PAINT
'package:flutter/src/rendering/box.dart':
Failed assertion: line 2251 pos 12: 'hasSize'

Either the assertion indicates an error in the framework itself, or we should provide substantially
more information in this error message to help you determine and fix the underlying cause.
In either case, please report this assertion by filing a bug on GitHub:
  https://github.com/flutter/flutter/issues/new?template=02_bug.yml

The relevant error-causing widget was:
  SingleChildScrollView
  SingleChildScrollView:file:///D:/Mystery/programming/projects/PYTHON_PROJECTS/focus/focus_gg/focus_flutter/lib/features/dashboard/dashboard_screen.dart:132:13

When the exception was thrown, this was the stack:
#2      RenderBox.size (package:flutter/src/rendering/box.dart:2251:12)
#3      RenderProxyBoxMixin.performLayout (package:flutter/src/rendering/proxy_box.dart:115:62)
#4      _RenderCustomClip.performLayout (package:flutter/src/rendering/proxy_box.dart:1481:11)
#5      RenderObject.layout (package:flutter/src/rendering/object.dart:2775:7)
#6      MultiChildLayoutDelegate.layoutChild (package:flutter/src/rendering/custom_layout.dart:180:12)
#7      _ScaffoldLayout.performLayout (package:flutter/src/material/scaffold.dart:1112:7)
#8      MultiChildLayoutDelegate._callPerformLayout (package:flutter/src/rendering/custom_layout.dart:249:7)
#9      RenderCustomMultiChildLayoutBox.performLayout (package:flutter/src/rendering/custom_layout.dart:420:14)
#10     RenderObject._layoutWithoutResize (package:flutter/src/rendering/object.dart:2623:7)
#11     PipelineOwner.flushLayout (package:flutter/src/rendering/object.dart:1170:18)
#12     PipelineOwner.flushLayout (package:flutter/src/rendering/object.dart:1183:15)
#13     AutomatedTestWidgetsFlutterBinding.drawFrame (package:flutter_test/src/binding.dart:1508:27)
#14     RendererBinding._handlePersistentFrameCallback (package:flutter/src/rendering/binding.dart:495:5)
#15     SchedulerBinding._invokeFrameCallback (package:flutter/src/scheduler/binding.dart:1434:15)
#16     SchedulerBinding.handleDrawFrame (package:flutter/src/scheduler/binding.dart:1347:9)
#17     AutomatedTestWidgetsFlutterBinding.pump.<anonymous closure> (package:flutter_test/src/binding.dart:1335:9)
#20     TestAsyncUtils.guard (package:flutter_test/src/test_async_utils.dart:74:41)
#21     AutomatedTestWidgetsFlutterBinding.pump (package:flutter_test/src/binding.dart:1324:27)
#22     WidgetTester.pumpAndSettle.<anonymous closure> (package:flutter_test/src/widget_tester.dart:719:23)
<asynchronous suspension>
#23     TestAsyncUtils.guard.<anonymous closure> (package:flutter_test/src/test_async_utils.dart:130:27)
<asynchronous suspension>
#24     main.<anonymous closure> (file:///D:/Mystery/programming/projects/PYTHON_PROJECTS/focus/focus_gg/focus_flutter/test/widget_test.dart:20:5)
<asynchronous suspension>
#25     testWidgets.<anonymous closure>.<anonymous closure> (package:flutter_test/src/widget_tester.dart:192:15)
<asynchronous suspension>
#26     TestWidgetsFlutterBinding._runTestBody (package:flutter_test/src/binding.dart:1059:5)
<asynchronous suspension>
<asynchronous suspension>
(elided 5 frames from class _AssertionError, dart:async, and package:stack_trace)

The following RenderObject was being processed when the exception was fired: RenderClipRect#3fd23 relayoutBoundary=up1 NEEDS-LAYOUT NEEDS-PAINT:
  needs compositing
  creator: ClipRect ΓåÉ AnimatedBuilder ΓåÉ NotificationListener<ScrollNotification> ΓåÉ
    StretchingOverscrollIndicator ΓåÉ Scrollable ΓåÉ PrimaryScrollController ΓåÉ SingleChildScrollView ΓåÉ
    KeyedSubtree-[GlobalKey#15fcd] ΓåÉ _BodyBuilder ΓåÉ MediaQuery ΓåÉ LayoutId-[<_ScaffoldSlot.body>] ΓåÉ
    CustomMultiChildLayout ΓåÉ Γï»
  parentData: offset=Offset(0.0, 0.0); id=_ScaffoldSlot.body (can use size)
  constraints: BoxConstraints(0.0<=w<=800.0, 0.0<=h<=534.0)
  size: MISSING
This RenderObject had the following descendants (showing up to depth 5):
    child: RenderTransform#c1aea relayoutBoundary=up2 NEEDS-PAINT
      child: _RenderScrollSemantics#ebf7b relayoutBoundary=up3 NEEDS-PAINT
        child: RenderPointerListener#1e896 relayoutBoundary=up4 NEEDS-PAINT
          child: RenderSemanticsGestureHandler#bece2 relayoutBoundary=up5 NEEDS-PAINT
            child: RenderPointerListener#6d0ca relayoutBoundary=up6 NEEDS-PAINT
ΓòÉΓòÉΓòÉΓòÉΓòÉΓòÉΓòÉΓòÉΓòÉΓòÉΓòÉΓòÉΓòÉΓòÉΓòÉΓòÉΓòÉΓòÉΓòÉΓòÉΓòÉΓòÉΓòÉΓòÉΓòÉΓòÉΓòÉΓòÉΓòÉΓòÉΓòÉΓòÉΓòÉΓòÉΓòÉΓòÉΓòÉΓòÉΓòÉΓòÉΓòÉΓòÉΓòÉΓòÉΓòÉΓòÉΓòÉΓòÉΓòÉΓòÉΓòÉΓòÉΓòÉΓòÉΓòÉΓòÉΓòÉΓòÉΓòÉΓòÉΓòÉΓòÉΓòÉΓòÉΓòÉΓòÉΓòÉΓòÉΓòÉΓòÉΓòÉΓòÉΓòÉΓòÉΓòÉΓòÉΓòÉΓòÉΓòÉΓòÉΓòÉΓòÉΓòÉΓòÉΓòÉΓòÉΓòÉΓòÉΓòÉΓòÉΓòÉΓòÉΓòÉΓòÉΓòÉΓòÉΓòÉΓòÉΓòÉΓòÉ
ΓòÉΓòÉΓòí EXCEPTION CAUGHT BY RENDERING LIBRARY Γò₧ΓòÉΓòÉΓòÉΓòÉΓòÉΓòÉΓòÉΓòÉΓòÉΓòÉΓòÉΓòÉΓòÉΓòÉΓòÉΓòÉΓòÉΓòÉΓòÉΓòÉΓòÉΓòÉΓòÉΓòÉΓòÉΓòÉΓòÉΓòÉΓòÉΓòÉΓòÉΓòÉΓòÉΓòÉΓòÉΓòÉΓòÉΓòÉΓòÉΓòÉΓòÉΓòÉΓòÉΓòÉΓòÉΓòÉΓòÉΓòÉΓòÉΓòÉΓòÉΓòÉΓòÉΓòÉΓòÉΓòÉΓòÉ
The following assertion was thrown during performLayout():
RenderBox was not laid out: RenderClipRect#3fd23 relayoutBoundary=up1 NEEDS-PAINT
'package:flutter/src/rendering/box.dart':
Failed assertion: line 2251 pos 12: 'hasSize'

Either the assertion indicates an error in the framework itself, or we should provide substantially
more information in this error message to help you determine and fix the underlying cause.
In either case, please report this assertion by filing a bug on GitHub:
  https://github.com/flutter/flutter/issues/new?template=02_bug.yml

The relevant error-causing widget was:
  Scaffold
  Scaffold:file:///D:/Mystery/programming/projects/PYTHON_PROJECTS/focus/focus_gg/focus_flutter/lib/features/dashboard/dashboard_screen.dart:131:12

When the exception was thrown, this was the stack:
#2      RenderBox.size (package:flutter/src/rendering/box.dart:2251:12)
#3      MultiChildLayoutDelegate.layoutChild (package:flutter/src/rendering/custom_layout.dart:181:18)
#4      _ScaffoldLayout.performLayout (package:flutter/src/material/scaffold.dart:1112:7)
#5      MultiChildLayoutDelegate._callPerformLayout (package:flutter/src/rendering/custom_layout.dart:249:7)
#6      RenderCustomMultiChildLayoutBox.performLayout (package:flutter/src/rendering/custom_layout.dart:420:14)
#7      RenderObject._layoutWithoutResize (package:flutter/src/rendering/object.dart:2623:7)
#8      PipelineOwner.flushLayout (package:flutter/src/rendering/object.dart:1170:18)
#9      PipelineOwner.flushLayout (package:flutter/src/rendering/object.dart:1183:15)
#10     AutomatedTestWidgetsFlutterBinding.drawFrame (package:flutter_test/src/binding.dart:1508:27)
#11     RendererBinding._handlePersistentFrameCallback (package:flutter/src/rendering/binding.dart:495:5)
#12     SchedulerBinding._invokeFrameCallback (package:flutter/src/scheduler/binding.dart:1434:15)
#13     SchedulerBinding.handleDrawFrame (package:flutter/src/scheduler/binding.dart:1347:9)
#14     AutomatedTestWidgetsFlutterBinding.pump.<anonymous closure> (package:flutter_test/src/binding.dart:1335:9)
#17     TestAsyncUtils.guard (package:flutter_test/src/test_async_utils.dart:74:41)
#18     AutomatedTestWidgetsFlutterBinding.pump (package:flutter_test/src/binding.dart:1324:27)
#19     WidgetTester.pumpAndSettle.<anonymous closure> (package:flutter_test/src/widget_tester.dart:719:23)
<asynchronous suspension>
#20     TestAsyncUtils.guard.<anonymous closure> (package:flutter_test/src/test_async_utils.dart:130:27)
<asynchronous suspension>
#21     main.<anonymous closure> (file:///D:/Mystery/programming/projects/PYTHON_PROJECTS/focus/focus_gg/focus_flutter/test/widget_test.dart:20:5)
<asynchronous suspension>
#22     testWidgets.<anonymous closure>.<anonymous closure> (package:flutter_test/src/widget_tester.dart:192:15)
<asynchronous suspension>
#23     TestWidgetsFlutterBinding._runTestBody (package:flutter_test/src/binding.dart:1059:5)
<asynchronous suspension>
<asynchronous suspension>
(elided 5 frames from class _AssertionError, dart:async, and package:stack_trace)

The following RenderObject was being processed when the exception was fired: RenderCustomMultiChildLayoutBox#62ffe NEEDS-LAYOUT NEEDS-PAINT:
  needs compositing
  creator: CustomMultiChildLayout ΓåÉ _ActionsScope ΓåÉ Actions ΓåÉ AnimatedBuilder ΓåÉ DefaultTextStyle ΓåÉ
    AnimatedDefaultTextStyle ΓåÉ _InkFeatures-[GlobalKey#385e5 ink renderer] ΓåÉ
    NotificationListener<LayoutChangedNotification> ΓåÉ PhysicalModel ΓåÉ AnimatedPhysicalModel ΓåÉ Material
    ΓåÉ _ScrollNotificationObserverScope ΓåÉ Γï»
  parentData: <none> (can use size)
  constraints: BoxConstraints(w=800.0, h=534.0)
  size: Size(800.0, 534.0)
This RenderObject had the following descendants (showing up to depth 5):
    child 1: RenderClipRect#3fd23 relayoutBoundary=up1 NEEDS-PAINT
      child: RenderTransform#c1aea relayoutBoundary=up2 NEEDS-PAINT
        child: _RenderScrollSemantics#ebf7b relayoutBoundary=up3 NEEDS-PAINT
          child: RenderPointerListener#1e896 relayoutBoundary=up4 NEEDS-PAINT
            child: RenderSemanticsGestureHandler#bece2 relayoutBoundary=up5 NEEDS-PAINT
    child 2: RenderStack#2844e NEEDS-LAYOUT NEEDS-PAINT
      child 1: RenderTransform#48460 NEEDS-LAYOUT NEEDS-PAINT
        child: RenderTransform#60269 NEEDS-LAYOUT NEEDS-PAINT
ΓòÉΓòÉΓòÉΓòÉΓòÉΓòÉΓòÉΓòÉΓòÉΓòÉΓòÉΓòÉΓòÉΓòÉΓòÉΓòÉΓòÉΓòÉΓòÉΓòÉΓòÉΓòÉΓòÉΓòÉΓòÉΓòÉΓòÉΓòÉΓòÉΓòÉΓòÉΓòÉΓòÉΓòÉΓòÉΓòÉΓòÉΓòÉΓòÉΓòÉΓòÉΓòÉΓòÉΓòÉΓòÉΓòÉΓòÉΓòÉΓòÉΓòÉΓòÉΓòÉΓòÉΓòÉΓòÉΓòÉΓòÉΓòÉΓòÉΓòÉΓòÉΓòÉΓòÉΓòÉΓòÉΓòÉΓòÉΓòÉΓòÉΓòÉΓòÉΓòÉΓòÉΓòÉΓòÉΓòÉΓòÉΓòÉΓòÉΓòÉΓòÉΓòÉΓòÉΓòÉΓòÉΓòÉΓòÉΓòÉΓòÉΓòÉΓòÉΓòÉΓòÉΓòÉΓòÉΓòÉΓòÉΓòÉΓòÉΓòÉ
ΓòÉΓòÉΓòí EXCEPTION CAUGHT BY RENDERING LIBRARY Γò₧ΓòÉΓòÉΓòÉΓòÉΓòÉΓòÉΓòÉΓòÉΓòÉΓòÉΓòÉΓòÉΓòÉΓòÉΓòÉΓòÉΓòÉΓòÉΓòÉΓòÉΓòÉΓòÉΓòÉΓòÉΓòÉΓòÉΓòÉΓòÉΓòÉΓòÉΓòÉΓòÉΓòÉΓòÉΓòÉΓòÉΓòÉΓòÉΓòÉΓòÉΓòÉΓòÉΓòÉΓòÉΓòÉΓòÉΓòÉΓòÉΓòÉΓòÉΓòÉΓòÉΓòÉΓòÉΓòÉΓòÉΓòÉ
The following assertion was thrown during paint():
RenderBox was not laid out: RenderTransform#c1aea relayoutBoundary=up2
'package:flutter/src/rendering/box.dart':
Failed assertion: line 2251 pos 12: 'hasSize'

Either the assertion indicates an error in the framework itself, or we should provide substantially
more information in this error message to help you determine and fix the underlying cause.
In either case, please report this assertion by filing a bug on GitHub:
  https://github.com/flutter/flutter/issues/new?template=02_bug.yml

The relevant error-causing widget was:
  SingleChildScrollView
  SingleChildScrollView:file:///D:/Mystery/programming/projects/PYTHON_PROJECTS/focus/focus_gg/focus_flutter/lib/features/dashboard/dashboard_screen.dart:132:13

When the exception was thrown, this was the stack:
#2      RenderBox.size (package:flutter/src/rendering/box.dart:2251:12)
#3      RenderTransform._effectiveTransform (package:flutter/src/rendering/proxy_box.dart:2632:49)
#4      RenderTransform.paint (package:flutter/src/rendering/proxy_box.dart:2669:33)
#5      RenderObject._paintWithContext (package:flutter/src/rendering/object.dart:3436:7)
#6      PaintingContext.paintChild (package:flutter/src/rendering/object.dart:261:13)
#7      RenderClipRect.paint (package:flutter/src/rendering/proxy_box.dart:1585:17)
#8      RenderObject._paintWithContext (package:flutter/src/rendering/object.dart:3436:7)
#9      PaintingContext.paintChild (package:flutter/src/rendering/object.dart:261:13)
#10     RenderBoxContainerDefaultsMixin.defaultPaint (package:flutter/src/rendering/box.dart:3367:15)
#11     RenderCustomMultiChildLayoutBox.paint (package:flutter/src/rendering/custom_layout.dart:425:5)
#12     RenderObject._paintWithContext (package:flutter/src/rendering/object.dart:3436:7)
#13     PaintingContext.paintChild (package:flutter/src/rendering/object.dart:261:13)
#14     RenderProxyBoxMixin.paint (package:flutter/src/rendering/proxy_box.dart:140:13)
#15     _RenderInkFeatures.paint (package:flutter/src/material/material.dart:634:11)
#16     RenderObject._paintWithContext (package:flutter/src/rendering/object.dart:3436:7)
#17     PaintingContext.paintChild (package:flutter/src/rendering/object.dart:261:13)
#18     RenderProxyBoxMixin.paint (package:flutter/src/rendering/proxy_box.dart:140:13)
#19     RenderPhysicalModel.paint.<anonymous closure> (package:flutter/src/rendering/proxy_box.dart:2184:15)
#20     PaintingContext.pushClipRRect (package:flutter/src/rendering/object.dart:622:14)
#21     RenderPhysicalModel.paint (package:flutter/src/rendering/proxy_box.dart:2171:21)
#22     RenderObject._paintWithContext (package:flutter/src/rendering/object.dart:3436:7)
#23     PaintingContext.paintChild (package:flutter/src/rendering/object.dart:261:13)
#24     RenderProxyBoxMixin.paint (package:flutter/src/rendering/proxy_box.dart:140:13)
#25     RenderObject._paintWithContext (package:flutter/src/rendering/object.dart:3436:7)
#26     PaintingContext.paintChild (package:flutter/src/rendering/object.dart:261:13)
#27     RenderProxyBoxMixin.paint (package:flutter/src/rendering/proxy_box.dart:140:13)
#28     RenderObject._paintWithContext (package:flutter/src/rendering/object.dart:3436:7)
#29     PaintingContext._repaintCompositedChild (package:flutter/src/rendering/object.dart:176:11)
#30     PaintingContext.repaintCompositedChild (package:flutter/src/rendering/object.dart:121:5)
#31     PipelineOwner.flushPaint (package:flutter/src/rendering/object.dart:1322:31)
#32     PipelineOwner.flushPaint (package:flutter/src/rendering/object.dart:1332:15)
#33     AutomatedTestWidgetsFlutterBinding.drawFrame (package:flutter_test/src/binding.dart:1512:31)
#34     RendererBinding._handlePersistentFrameCallback (package:flutter/src/rendering/binding.dart:495:5)
#35     SchedulerBinding._invokeFrameCallback (package:flutter/src/scheduler/binding.dart:1434:15)
#36     SchedulerBinding.handleDrawFrame (package:flutter/src/scheduler/binding.dart:1347:9)
#37     AutomatedTestWidgetsFlutterBinding.pump.<anonymous closure> (package:flutter_test/src/binding.dart:1335:9)
#40     TestAsyncUtils.guard (package:flutter_test/src/test_async_utils.dart:74:41)
#41     AutomatedTestWidgetsFlutterBinding.pump (package:flutter_test/src/binding.dart:1324:27)
#42     WidgetTester.pumpAndSettle.<anonymous closure> (package:flutter_test/src/widget_tester.dart:719:23)
<asynchronous suspension>
#43     TestAsyncUtils.guard.<anonymous closure> (package:flutter_test/src/test_async_utils.dart:130:27)
<asynchronous suspension>
#44     main.<anonymous closure> (file:///D:/Mystery/programming/projects/PYTHON_PROJECTS/focus/focus_gg/focus_flutter/test/widget_test.dart:20:5)
<asynchronous suspension>
#45     testWidgets.<anonymous closure>.<anonymous closure> (package:flutter_test/src/widget_tester.dart:192:15)
<asynchronous suspension>
#46     TestWidgetsFlutterBinding._runTestBody (package:flutter_test/src/binding.dart:1059:5)
<asynchronous suspension>
<asynchronous suspension>
(elided 5 frames from class _AssertionError, dart:async, and package:stack_trace)

The following RenderObject was being processed when the exception was fired: RenderTransform#c1aea relayoutBoundary=up2:
  needs compositing
  creator: Transform ΓåÉ StretchEffect ΓåÉ ClipRect ΓåÉ AnimatedBuilder ΓåÉ
    NotificationListener<ScrollNotification> ΓåÉ StretchingOverscrollIndicator ΓåÉ Scrollable ΓåÉ
    PrimaryScrollController ΓåÉ SingleChildScrollView ΓåÉ KeyedSubtree-[GlobalKey#15fcd] ΓåÉ _BodyBuilder ΓåÉ
    MediaQuery ΓåÉ Γï»
  parentData: <none> (can use size)
  constraints: BoxConstraints(0.0<=w<=800.0, 0.0<=h<=534.0)
  size: MISSING
  transform matrix:
    [0] 1.0,0.0,0.0,0.0
    [1] 0.0,1.0,0.0,0.0
    [2] 0.0,0.0,1.0,0.0
    [3] 0.0,0.0,0.0,1.0
  origin: null
  alignment: AlignmentDirectional.bottomCenter
  textDirection: ltr
  transformHitTests: true
This RenderObject had the following descendants (showing up to depth 5):
    child: _RenderScrollSemantics#ebf7b relayoutBoundary=up3 NEEDS-PAINT
      child: RenderPointerListener#1e896 relayoutBoundary=up4 NEEDS-PAINT
        child: RenderSemanticsGestureHandler#bece2 relayoutBoundary=up5 NEEDS-PAINT
          child: RenderPointerListener#6d0ca relayoutBoundary=up6 NEEDS-PAINT
            child: RenderSemanticsAnnotations#4d9bb relayoutBoundary=up7 NEEDS-PAINT
ΓòÉΓòÉΓòÉΓòÉΓòÉΓòÉΓòÉΓòÉΓòÉΓòÉΓòÉΓòÉΓòÉΓòÉΓòÉΓòÉΓòÉΓòÉΓòÉΓòÉΓòÉΓòÉΓòÉΓòÉΓòÉΓòÉΓòÉΓòÉΓòÉΓòÉΓòÉΓòÉΓòÉΓòÉΓòÉΓòÉΓòÉΓòÉΓòÉΓòÉΓòÉΓòÉΓòÉΓòÉΓòÉΓòÉΓòÉΓòÉΓòÉΓòÉΓòÉΓòÉΓòÉΓòÉΓòÉΓòÉΓòÉΓòÉΓòÉΓòÉΓòÉΓòÉΓòÉΓòÉΓòÉΓòÉΓòÉΓòÉΓòÉΓòÉΓòÉΓòÉΓòÉΓòÉΓòÉΓòÉΓòÉΓòÉΓòÉΓòÉΓòÉΓòÉΓòÉΓòÉΓòÉΓòÉΓòÉΓòÉΓòÉΓòÉΓòÉΓòÉΓòÉΓòÉΓòÉΓòÉΓòÉΓòÉΓòÉΓòÉ
ΓòÉΓòÉΓòí EXCEPTION CAUGHT BY SCHEDULER LIBRARY Γò₧ΓòÉΓòÉΓòÉΓòÉΓòÉΓòÉΓòÉΓòÉΓòÉΓòÉΓòÉΓòÉΓòÉΓòÉΓòÉΓòÉΓòÉΓòÉΓòÉΓòÉΓòÉΓòÉΓòÉΓòÉΓòÉΓòÉΓòÉΓòÉΓòÉΓòÉΓòÉΓòÉΓòÉΓòÉΓòÉΓòÉΓòÉΓòÉΓòÉΓòÉΓòÉΓòÉΓòÉΓòÉΓòÉΓòÉΓòÉΓòÉΓòÉΓòÉΓòÉΓòÉΓòÉΓòÉΓòÉΓòÉΓòÉ
The following assertion was thrown during a scheduler callback:
'package:flutter/src/rendering/object.dart': Failed assertion: line 5696 pos 14:
'!childSemantics.renderObject._needsLayout': is not true.

Either the assertion indicates an error in the framework itself, or we should provide substantially
more information in this error message to help you determine and fix the underlying cause.
In either case, please report this assertion by filing a bug on GitHub:
  https://github.com/flutter/flutter/issues/new?template=02_bug.yml

When the exception was thrown, this was the stack:
#2      _RenderObjectSemantics._collectChildMergeUpAndSiblingGroup (package:flutter/src/rendering/object.dart:5696:14)
#3      _RenderObjectSemantics.updateChildren (package:flutter/src/rendering/object.dart:5573:50)
#4      _RenderObjectSemantics._didUpdateParentData (package:flutter/src/rendering/object.dart:5774:5)
#5      _RenderObjectSemantics._collectChildMergeUpAndSiblingGroup (package:flutter/src/rendering/object.dart:5697:22)
#6      _RenderObjectSemantics.updateChildren (package:flutter/src/rendering/object.dart:5573:50)
#7      _RenderObjectSemantics._didUpdateParentData (package:flutter/src/rendering/object.dart:5774:5)
#8      _RenderObjectSemantics._collectChildMergeUpAndSiblingGroup (package:flutter/src/rendering/object.dart:5697:22)
#9      _RenderObjectSemantics.updateChildren (package:flutter/src/rendering/object.dart:5573:50)
#10     _RenderObjectSemantics._didUpdateParentData (package:flutter/src/rendering/object.dart:5774:5)
#11     _RenderObjectSemantics._collectChildMergeUpAndSiblingGroup (package:flutter/src/rendering/object.dart:5697:22)
#12     _RenderObjectSemantics.updateChildren (package:flutter/src/rendering/object.dart:5573:50)
#13     _RenderObjectSemantics._didUpdateParentData (package:flutter/src/rendering/object.dart:5774:5)
#14     _RenderObjectSemantics._collectChildMergeUpAndSiblingGroup (package:flutter/src/rendering/object.dart:5697:22)
#15     _RenderObjectSemantics.updateChildren (package:flutter/src/rendering/object.dart:5573:50)
#16     _RenderObjectSemantics._didUpdateParentData (package:flutter/src/rendering/object.dart:5774:5)
#17     _RenderObjectSemantics._collectChildMergeUpAndSiblingGroup (package:flutter/src/rendering/object.dart:5697:22)
#18     _RenderObjectSemantics.updateChildren (package:flutter/src/rendering/object.dart:5573:50)
#19     _RenderObjectSemantics._didUpdateParentData (package:flutter/src/rendering/object.dart:5774:5)
#20     _RenderObjectSemantics._collectChildMergeUpAndSiblingGroup (package:flutter/src/rendering/object.dart:5697:22)
#21     _RenderObjectSemantics.updateChildren (package:flutter/src/rendering/object.dart:5573:50)
#22     _RenderObjectSemantics._didUpdateParentData (package:flutter/src/rendering/object.dart:5774:5)
#23     _RenderObjectSemantics._collectChildMergeUpAndSiblingGroup (package:flutter/src/rendering/object.dart:5697:22)
#24     _RenderObjectSemantics.updateChildren (package:flutter/src/rendering/object.dart:5573:50)
#25     _RenderObjectSemantics._didUpdateParentData (package:flutter/src/rendering/object.dart:5774:5)
#26     _RenderObjectSemantics._collectChildMergeUpAndSiblingGroup (package:flutter/src/rendering/object.dart:5697:22)
#27     _RenderObjectSemantics.updateChildren (package:flutter/src/rendering/object.dart:5573:50)
#28     _RenderObjectSemantics._didUpdateParentData (package:flutter/src/rendering/object.dart:5774:5)
#29     _RenderObjectSemantics._collectChildMergeUpAndSiblingGroup (package:flutter/src/rendering/object.dart:5697:22)
#30     _RenderObjectSemantics.updateChildren (package:flutter/src/rendering/object.dart:5573:50)
#31     _RenderObjectSemantics._didUpdateParentData (package:flutter/src/rendering/object.dart:5774:5)
#32     _RenderObjectSemantics._collectChildMergeUpAndSiblingGroup (package:flutter/src/rendering/object.dart:5697:22)
#33     _RenderObjectSemantics.updateChildren (package:flutter/src/rendering/object.dart:5573:50)
#34     _RenderObjectSemantics._didUpdateParentData (package:flutter/src/rendering/object.dart:5774:5)
#35     _RenderObjectSemantics._collectChildMergeUpAndSiblingGroup (package:flutter/src/rendering/object.dart:5697:22)
#36     _RenderObjectSemantics.updateChildren (package:flutter/src/rendering/object.dart:5573:50)
#37     _RenderObjectSemantics._didUpdateParentData (package:flutter/src/rendering/object.dart:5774:5)
#38     _RenderObjectSemantics._collectChildMergeUpAndSiblingGroup (package:flutter/src/rendering/object.dart:5697:22)
#39     _RenderObjectSemantics.updateChildren (package:flutter/src/rendering/object.dart:5573:50)
#40     _RenderObjectSemantics._didUpdateParentData (package:flutter/src/rendering/object.dart:5774:5)
#41     _RenderObjectSemantics._collectChildMergeUpAndSiblingGroup (package:flutter/src/rendering/object.dart:5697:22)
#42     _RenderObjectSemantics.updateChildren (package:flutter/src/rendering/object.dart:5573:50)
#43     _RenderObjectSemantics._didUpdateParentData (package:flutter/src/rendering/object.dart:5774:5)
#44     _RenderObjectSemantics._collectChildMergeUpAndSiblingGroup (package:flutter/src/rendering/object.dart:5697:22)
#45     _RenderObjectSemantics.updateChildren (package:flutter/src/rendering/object.dart:5573:50)
#46     _RenderObjectSemantics._didUpdateParentData (package:flutter/src/rendering/object.dart:5774:5)
#47     _RenderObjectSemantics._collectChildMergeUpAndSiblingGroup (package:flutter/src/rendering/object.dart:5697:22)
#48     _RenderObjectSemantics.updateChildren (package:flutter/src/rendering/object.dart:5573:50)
#49     _RenderObjectSemantics._didUpdateParentData (package:flutter/src/rendering/object.dart:5774:5)
#50     _RenderObjectSemantics._collectChildMergeUpAndSiblingGroup (package:flutter/src/rendering/object.dart:5697:22)
#51     _RenderObjectSemantics.updateChildren (package:flutter/src/rendering/object.dart:5573:50)
#52     _RenderObjectSemantics._didUpdateParentData (package:flutter/src/rendering/object.dart:5774:5)
#53     _RenderObjectSemantics._collectChildMergeUpAndSiblingGroup (package:flutter/src/rendering/object.dart:5697:22)
#54     _RenderObjectSemantics.updateChildren (package:flutter/src/rendering/object.dart:5573:50)
#55     _RenderObjectSemantics._didUpdateParentData (package:flutter/src/rendering/object.dart:5774:5)
#56     _RenderObjectSemantics._collectChildMergeUpAndSiblingGroup (package:flutter/src/rendering/object.dart:5697:22)
#57     _RenderObjectSemantics.updateChildren (package:flutter/src/rendering/object.dart:5573:50)
#58     _RenderObjectSemantics._didUpdateParentData (package:flutter/src/rendering/object.dart:5774:5)
#59     _RenderObjectSemantics._collectChildMergeUpAndSiblingGroup (package:flutter/src/rendering/object.dart:5697:22)
#60     _RenderObjectSemantics.updateChildren (package:flutter/src/rendering/object.dart:5573:50)
#61     _RenderObjectSemantics._didUpdateParentData (package:flutter/src/rendering/object.dart:5774:5)
#62     _RenderObjectSemantics._collectChildMergeUpAndSiblingGroup (package:flutter/src/rendering/object.dart:5697:22)
#63     _RenderObjectSemantics.updateChildren (package:flutter/src/rendering/object.dart:5573:50)
#64     _RenderObjectSemantics._didUpdateParentData (package:flutter/src/rendering/object.dart:5774:5)
#65     _RenderObjectSemantics._collectChildMergeUpAndSiblingGroup (package:flutter/src/rendering/object.dart:5697:22)
#66     _RenderObjectSemantics.updateChildren (package:flutter/src/rendering/object.dart:5573:50)
#67     _RenderObjectSemantics._didUpdateParentData (package:flutter/src/rendering/object.dart:5774:5)
#68     _RenderObjectSemantics._collectChildMergeUpAndSiblingGroup (package:flutter/src/rendering/object.dart:5697:22)
#69     _RenderObjectSemantics.updateChildren (package:flutter/src/rendering/object.dart:5573:50)
#70     _RenderObjectSemantics._didUpdateParentData (package:flutter/src/rendering/object.dart:5774:5)
#71     _RenderObjectSemantics._collectChildMergeUpAndSiblingGroup (package:flutter/src/rendering/object.dart:5697:22)
#72     _RenderObjectSemantics.updateChildren (package:flutter/src/rendering/object.dart:5573:50)
#73     _RenderObjectSemantics._didUpdateParentData (package:flutter/src/rendering/object.dart:5774:5)
#74     _RenderObjectSemantics._collectChildMergeUpAndSiblingGroup (package:flutter/src/rendering/object.dart:5697:22)
#75     _RenderObjectSemantics.updateChildren (package:flutter/src/rendering/object.dart:5573:50)
#76     _RenderObjectSemantics._didUpdateParentData (package:flutter/src/rendering/object.dart:5774:5)
#77     _RenderObjectSemantics._collectChildMergeUpAndSiblingGroup (package:flutter/src/rendering/object.dart:5697:22)
#78     _RenderObjectSemantics.updateChildren (package:flutter/src/rendering/object.dart:5573:50)
#79     _RenderObjectSemantics._didUpdateParentData (package:flutter/src/rendering/object.dart:5774:5)
#80     _RenderObjectSemantics._collectChildMergeUpAndSiblingGroup (package:flutter/src/rendering/object.dart:5697:22)
#81     _RenderObjectSemantics.updateChildren (package:flutter/src/rendering/object.dart:5573:50)
#82     _RenderObjectSemantics._didUpdateParentData (package:flutter/src/rendering/object.dart:5774:5)
#83     _RenderObjectSemantics._collectChildMergeUpAndSiblingGroup (package:flutter/src/rendering/object.dart:5697:22)
#84     _RenderObjectSemantics.updateChildren (package:flutter/src/rendering/object.dart:5573:50)
#85     _RenderObjectSemantics._didUpdateParentData (package:flutter/src/rendering/object.dart:5774:5)
#86     _RenderObjectSemantics._collectChildMergeUpAndSiblingGroup (package:flutter/src/rendering/object.dart:5697:22)
#87     _RenderObjectSemantics.updateChildren (package:flutter/src/rendering/object.dart:5573:50)
#88     _RenderObjectSemantics._didUpdateParentData (package:flutter/src/rendering/object.dart:5774:5)
#89     _RenderObjectSemantics._collectChildMergeUpAndSiblingGroup (package:flutter/src/rendering/object.dart:5697:22)
#90     _RenderObjectSemantics.updateChildren (package:flutter/src/rendering/object.dart:5573:50)
#91     _RenderObjectSemantics._didUpdateParentData (package:flutter/src/rendering/object.dart:5774:5)
#92     _RenderObjectSemantics._collectChildMergeUpAndSiblingGroup (package:flutter/src/rendering/object.dart:5697:22)
#93     _RenderObjectSemantics.updateChildren (package:flutter/src/rendering/object.dart:5573:50)
#94     _RenderObjectSemantics._didUpdateParentData (package:flutter/src/rendering/object.dart:5774:5)
#95     _RenderObjectSemantics._collectChildMergeUpAndSiblingGroup (package:flutter/src/rendering/object.dart:5697:22)
#96     _RenderObjectSemantics.updateChildren (package:flutter/src/rendering/object.dart:5573:50)
#97     _RenderObjectSemantics._didUpdateParentData (package:flutter/src/rendering/object.dart:5774:5)
#98     _RenderObjectSemantics._collectChildMergeUpAndSiblingGroup (package:flutter/src/rendering/object.dart:5697:22)
#99     _RenderObjectSemantics.updateChildren (package:flutter/src/rendering/object.dart:5573:50)
#100    _RenderObjectSemantics._didUpdateParentData (package:flutter/src/rendering/object.dart:5774:5)
#101    _RenderObjectSemantics._collectChildMergeUpAndSiblingGroup (package:flutter/src/rendering/object.dart:5697:22)
#102    _RenderObjectSemantics.updateChildren (package:flutter/src/rendering/object.dart:5573:50)
#103    _RenderObjectSemantics._didUpdateParentData (package:flutter/src/rendering/object.dart:5774:5)
#104    _RenderObjectSemantics._collectChildMergeUpAndSiblingGroup (package:flutter/src/rendering/object.dart:5697:22)
#105    _RenderObjectSemantics.updateChildren (package:flutter/src/rendering/object.dart:5573:50)
#106    _RenderObjectSemantics._didUpdateParentData (package:flutter/src/rendering/object.dart:5774:5)
#107    _RenderObjectSemantics._collectChildMergeUpAndSiblingGroup (package:flutter/src/rendering/object.dart:5697:22)
#108    _RenderObjectSemantics.updateChildren (package:flutter/src/rendering/object.dart:5573:50)
#109    _RenderObjectSemantics._didUpdateParentData (package:flutter/src/rendering/object.dart:5774:5)
#110    _RenderObjectSemantics._collectChildMergeUpAndSiblingGroup (package:flutter/src/rendering/object.dart:5697:22)
#111    _RenderObjectSemantics.updateChildren (package:flutter/src/rendering/object.dart:5573:50)
#112    _RenderObjectSemantics._didUpdateParentData (package:flutter/src/rendering/object.dart:5774:5)
#113    _RenderObjectSemantics._collectChildMergeUpAndSiblingGroup (package:flutter/src/rendering/object.dart:5697:22)
#114    _RenderObjectSemantics.updateChildren (package:flutter/src/rendering/object.dart:5573:50)
#115    _RenderObjectSemantics._didUpdateParentData (package:flutter/src/rendering/object.dart:5774:5)
#116    _RenderObjectSemantics._collectChildMergeUpAndSiblingGroup (package:flutter/src/rendering/object.dart:5697:22)
#117    _RenderObjectSemantics.updateChildren (package:flutter/src/rendering/object.dart:5573:50)
#118    _RenderObjectSemantics._didUpdateParentData (package:flutter/src/rendering/object.dart:5774:5)
#119    _RenderObjectSemantics._collectChildMergeUpAndSiblingGroup (package:flutter/src/rendering/object.dart:5697:22)
#120    _RenderObjectSemantics.updateChildren (package:flutter/src/rendering/object.dart:5573:50)
#121    _RenderObjectSemantics._didUpdateParentData (package:flutter/src/rendering/object.dart:5774:5)
#122    _RenderObjectSemantics._collectChildMergeUpAndSiblingGroup (package:flutter/src/rendering/object.dart:5697:22)
#123    _RenderObjectSemantics.updateChildren (package:flutter/src/rendering/object.dart:5573:50)
#124    _RenderObjectSemantics._didUpdateParentData (package:flutter/src/rendering/object.dart:5774:5)
#125    _RenderObjectSemantics._collectChildMergeUpAndSiblingGroup (package:flutter/src/rendering/object.dart:5697:22)
#126    _RenderObjectSemantics.updateChildren (package:flutter/src/rendering/object.dart:5573:50)
#127    _RenderObjectSemantics._didUpdateParentData (package:flutter/src/rendering/object.dart:5774:5)
#128    _RenderObjectSemantics._collectChildMergeUpAndSiblingGroup (package:flutter/src/rendering/object.dart:5697:22)
#129    _RenderObjectSemantics.updateChildren (package:flutter/src/rendering/object.dart:5573:50)
#130    _RenderObjectSemantics._didUpdateParentData (package:flutter/src/rendering/object.dart:5774:5)
#131    _RenderObjectSemantics._collectChildMergeUpAndSiblingGroup (package:flutter/src/rendering/object.dart:5697:22)
#132    _RenderObjectSemantics.updateChildren (package:flutter/src/rendering/object.dart:5573:50)
#133    _RenderObjectSemantics._didUpdateParentData (package:flutter/src/rendering/object.dart:5774:5)
#134    _RenderObjectSemantics._collectChildMergeUpAndSiblingGroup (package:flutter/src/rendering/object.dart:5697:22)
#135    _RenderObjectSemantics.updateChildren (package:flutter/src/rendering/object.dart:5573:50)
#136    _RenderObjectSemantics._didUpdateParentData (package:flutter/src/rendering/object.dart:5774:5)
#137    _RenderObjectSemantics._collectChildMergeUpAndSiblingGroup (package:flutter/src/rendering/object.dart:5697:22)
#138    _RenderObjectSemantics.updateChildren (package:flutter/src/rendering/object.dart:5573:50)
#139    _RenderObjectSemantics._didUpdateParentData (package:flutter/src/rendering/object.dart:5774:5)
#140    _RenderObjectSemantics._collectChildMergeUpAndSiblingGroup (package:flutter/src/rendering/object.dart:5697:22)
#141    _RenderObjectSemantics.updateChildren (package:flutter/src/rendering/object.dart:5573:50)
#142    _RenderObjectSemantics._didUpdateParentData (package:flutter/src/rendering/object.dart:5774:5)
#143    _RenderObjectSemantics._collectChildMergeUpAndSiblingGroup (package:flutter/src/rendering/object.dart:5697:22)
#144    _RenderObjectSemantics.updateChildren (package:flutter/src/rendering/object.dart:5573:50)
#145    _RenderObjectSemantics._didUpdateParentData (package:flutter/src/rendering/object.dart:5774:5)
#146    _RenderObjectSemantics._collectChildMergeUpAndSiblingGroup (package:flutter/src/rendering/object.dart:5697:22)
#147    _RenderObjectSemantics.updateChildren (package:flutter/src/rendering/object.dart:5573:50)
#148    _RenderObjectSemantics._didUpdateParentData (package:flutter/src/rendering/object.dart:5774:5)
#149    _RenderObjectSemantics._collectChildMergeUpAndSiblingGroup (package:flutter/src/rendering/object.dart:5697:22)
#150    _RenderObjectSemantics.updateChildren (package:flutter/src/rendering/object.dart:5573:50)
#151    _RenderObjectSemantics._didUpdateParentData (package:flutter/src/rendering/object.dart:5774:5)
#152    _RenderObjectSemantics._collectChildMergeUpAndSiblingGroup (package:flutter/src/rendering/object.dart:5697:22)
#153    _RenderObjectSemantics.updateChildren (package:flutter/src/rendering/object.dart:5573:50)
#154    _RenderObjectSemantics._didUpdateParentData (package:flutter/src/rendering/object.dart:5774:5)
#155    _RenderObjectSemantics._collectChildMergeUpAndSiblingGroup (package:flutter/src/rendering/object.dart:5697:22)
#156    _RenderObjectSemantics.updateChildren (package:flutter/src/rendering/object.dart:5573:50)
#157    _RenderObjectSemantics._didUpdateParentData (package:flutter/src/rendering/object.dart:5774:5)
#158    _RenderObjectSemantics._collectChildMergeUpAndSiblingGroup (package:flutter/src/rendering/object.dart:5697:22)
#159    _RenderObjectSemantics.updateChildren (package:flutter/src/rendering/object.dart:5573:50)
#160    _RenderObjectSemantics._didUpdateParentData (package:flutter/src/rendering/object.dart:5774:5)
#161    _RenderObjectSemantics._collectChildMergeUpAndSiblingGroup (package:flutter/src/rendering/object.dart:5697:22)
#162    _RenderObjectSemantics.updateChildren (package:flutter/src/rendering/object.dart:5573:50)
#163    _RenderObjectSemantics._didUpdateParentData (package:flutter/src/rendering/object.dart:5774:5)
#164    _RenderObjectSemantics._collectChildMergeUpAndSiblingGroup (package:flutter/src/rendering/object.dart:5697:22)
#165    _RenderObjectSemantics.updateChildren (package:flutter/src/rendering/object.dart:5573:50)
#166    _RenderObjectSemantics._didUpdateParentData (package:flutter/src/rendering/object.dart:5774:5)
#167    _RenderObjectSemantics._collectChildMergeUpAndSiblingGroup (package:flutter/src/rendering/object.dart:5697:22)
#168    _RenderObjectSemantics.updateChildren (package:flutter/src/rendering/object.dart:5573:50)
#169    _RenderObjectSemantics._didUpdateParentData (package:flutter/src/rendering/object.dart:5774:5)
#170    _RenderObjectSemantics._collectChildMergeUpAndSiblingGroup (package:flutter/src/rendering/object.dart:5697:22)
#171    _RenderObjectSemantics.updateChildren (package:flutter/src/rendering/object.dart:5573:50)
#172    _RenderObjectSemantics._didUpdateParentData (package:flutter/src/rendering/object.dart:5774:5)
#173    _RenderObjectSemantics._collectChildMergeUpAndSiblingGroup (package:flutter/src/rendering/object.dart:5697:22)
#174    _RenderObjectSemantics.updateChildren (package:flutter/src/rendering/object.dart:5573:50)
#175    PipelineOwner.flushSemantics (package:flutter/src/rendering/object.dart:1470:25)
#176    PipelineOwner.flushSemantics (package:flutter/src/rendering/object.dart:1514:15)
#177    AutomatedTestWidgetsFlutterBinding.drawFrame (package:flutter_test/src/binding.dart:1519:35)
#178    RendererBinding._handlePersistentFrameCallback (package:flutter/src/rendering/binding.dart:495:5)
#179    SchedulerBinding._invokeFrameCallback (package:flutter/src/scheduler/binding.dart:1434:15)
#180    SchedulerBinding.handleDrawFrame (package:flutter/src/scheduler/binding.dart:1347:9)
#181    AutomatedTestWidgetsFlutterBinding.pump.<anonymous closure> (package:flutter_test/src/binding.dart:1335:9)
#184    TestAsyncUtils.guard (package:flutter_test/src/test_async_utils.dart:74:41)
#185    AutomatedTestWidgetsFlutterBinding.pump (package:flutter_test/src/binding.dart:1324:27)
#186    WidgetTester.pumpAndSettle.<anonymous closure> (package:flutter_test/src/widget_tester.dart:719:23)
<asynchronous suspension>
#187    TestAsyncUtils.guard.<anonymous closure> (package:flutter_test/src/test_async_utils.dart:130:27)
<asynchronous suspension>
#188    main.<anonymous closure> (file:///D:/Mystery/programming/projects/PYTHON_PROJECTS/focus/focus_gg/focus_flutter/test/widget_test.dart:20:5)
<asynchronous suspension>
#189    testWidgets.<anonymous closure>.<anonymous closure> (package:flutter_test/src/widget_tester.dart:192:15)
<asynchronous suspension>
#190    TestWidgetsFlutterBinding._runTestBody (package:flutter_test/src/binding.dart:1059:5)
<asynchronous suspension>
<asynchronous suspension>
(elided 5 frames from class _AssertionError, dart:async, and package:stack_trace)
ΓòÉΓòÉΓòÉΓòÉΓòÉΓòÉΓòÉΓòÉΓòÉΓòÉΓòÉΓòÉΓòÉΓòÉΓòÉΓòÉΓòÉΓòÉΓòÉΓòÉΓòÉΓòÉΓòÉΓòÉΓòÉΓòÉΓòÉΓòÉΓòÉΓòÉΓòÉΓòÉΓòÉΓòÉΓòÉΓòÉΓòÉΓòÉΓòÉΓòÉΓòÉΓòÉΓòÉΓòÉΓòÉΓòÉΓòÉΓòÉΓòÉΓòÉΓòÉΓòÉΓòÉΓòÉΓòÉΓòÉΓòÉΓòÉΓòÉΓòÉΓòÉΓòÉΓòÉΓòÉΓòÉΓòÉΓòÉΓòÉΓòÉΓòÉΓòÉΓòÉΓòÉΓòÉΓòÉΓòÉΓòÉΓòÉΓòÉΓòÉΓòÉΓòÉΓòÉΓòÉΓòÉΓòÉΓòÉΓòÉΓòÉΓòÉΓòÉΓòÉΓòÉΓòÉΓòÉΓòÉΓòÉΓòÉΓòÉΓòÉ
ΓòÉΓòÉΓòí EXCEPTION CAUGHT BY SCHEDULER LIBRARY Γò₧ΓòÉΓòÉΓòÉΓòÉΓòÉΓòÉΓòÉΓòÉΓòÉΓòÉΓòÉΓòÉΓòÉΓòÉΓòÉΓòÉΓòÉΓòÉΓòÉΓòÉΓòÉΓòÉΓòÉΓòÉΓòÉΓòÉΓòÉΓòÉΓòÉΓòÉΓòÉΓòÉΓòÉΓòÉΓòÉΓòÉΓòÉΓòÉΓòÉΓòÉΓòÉΓòÉΓòÉΓòÉΓòÉΓòÉΓòÉΓòÉΓòÉΓòÉΓòÉΓòÉΓòÉΓòÉΓòÉΓòÉΓòÉ
The following assertion was thrown during a scheduler callback:
'package:flutter/src/rendering/object.dart': Failed assertion: line 5696 pos 14:
'!childSemantics.renderObject._needsLayout': is not true.

Either the assertion indicates an error in the framework itself, or we should provide substantially
more information in this error message to help you determine and fix the underlying cause.
In either case, please report this assertion by filing a bug on GitHub:
  https://github.com/flutter/flutter/issues/new?template=02_bug.yml

When the exception was thrown, this was the stack:
#2      _RenderObjectSemantics._collectChildMergeUpAndSiblingGroup (package:flutter/src/rendering/object.dart:5696:14)
#3      _RenderObjectSemantics.updateChildren (package:flutter/src/rendering/object.dart:5573:50)
#4      _RenderObjectSemantics._didUpdateParentData (package:flutter/src/rendering/object.dart:5774:5)
#5      _RenderObjectSemantics._collectChildMergeUpAndSiblingGroup (package:flutter/src/rendering/object.dart:5697:22)
#6      _RenderObjectSemantics.updateChildren (package:flutter/src/rendering/object.dart:5573:50)
#7      _RenderObjectSemantics._didUpdateParentData (package:flutter/src/rendering/object.dart:5774:5)
#8      _RenderObjectSemantics._collectChildMergeUpAndSiblingGroup (package:flutter/src/rendering/object.dart:5697:22)
#9      _RenderObjectSemantics.updateChildren (package:flutter/src/rendering/object.dart:5573:50)
#10     _RenderObjectSemantics._didUpdateParentData (package:flutter/src/rendering/object.dart:5774:5)
#11     _RenderObjectSemantics._collectChildMergeUpAndSiblingGroup (package:flutter/src/rendering/object.dart:5697:22)
#12     _RenderObjectSemantics.updateChildren (package:flutter/src/rendering/object.dart:5573:50)
#13     _RenderObjectSemantics._didUpdateParentData (package:flutter/src/rendering/object.dart:5774:5)
#14     _RenderObjectSemantics._collectChildMergeUpAndSiblingGroup (package:flutter/src/rendering/object.dart:5697:22)
#15     _RenderObjectSemantics.updateChildren (package:flutter/src/rendering/object.dart:5573:50)
#16     _RenderObjectSemantics._didUpdateParentData (package:flutter/src/rendering/object.dart:5774:5)
#17     _RenderObjectSemantics._collectChildMergeUpAndSiblingGroup (package:flutter/src/rendering/object.dart:5697:22)
#18     _RenderObjectSemantics.updateChildren (package:flutter/src/rendering/object.dart:5573:50)
#19     _RenderObjectSemantics._didUpdateParentData (package:flutter/src/rendering/object.dart:5774:5)
#20     _RenderObjectSemantics._collectChildMergeUpAndSiblingGroup (package:flutter/src/rendering/object.dart:5697:22)
#21     _RenderObjectSemantics.updateChildren (package:flutter/src/rendering/object.dart:5573:50)
#22     _RenderObjectSemantics._didUpdateParentData (package:flutter/src/rendering/object.dart:5774:5)
#23     _RenderObjectSemantics._collectChildMergeUpAndSiblingGroup (package:flutter/src/rendering/object.dart:5697:22)
#24     _RenderObjectSemantics.updateChildren (package:flutter/src/rendering/object.dart:5573:50)
#25     _RenderObjectSemantics._didUpdateParentData (package:flutter/src/rendering/object.dart:5774:5)
#26     _RenderObjectSemantics._collectChildMergeUpAndSiblingGroup (package:flutter/src/rendering/object.dart:5697:22)
#27     _RenderObjectSemantics.updateChildren (package:flutter/src/rendering/object.dart:5573:50)
#28     _RenderObjectSemantics._didUpdateParentData (package:flutter/src/rendering/object.dart:5774:5)
#29     _RenderObjectSemantics._collectChildMergeUpAndSiblingGroup (package:flutter/src/rendering/object.dart:5697:22)
#30     _RenderObjectSemantics.updateChildren (package:flutter/src/rendering/object.dart:5573:50)
#31     _RenderObjectSemantics._didUpdateParentData (package:flutter/src/rendering/object.dart:5774:5)
#32     _RenderObjectSemantics._collectChildMergeUpAndSiblingGroup (package:flutter/src/rendering/object.dart:5697:22)
#33     _RenderObjectSemantics.updateChildren (package:flutter/src/rendering/object.dart:5573:50)
#34     _RenderObjectSemantics._didUpdateParentData (package:flutter/src/rendering/object.dart:5774:5)
#35     _RenderObjectSemantics._collectChildMergeUpAndSiblingGroup (package:flutter/src/rendering/object.dart:5697:22)
#36     _RenderObjectSemantics.updateChildren (package:flutter/src/rendering/object.dart:5573:50)
#37     _RenderObjectSemantics._didUpdateParentData (package:flutter/src/rendering/object.dart:5774:5)
#38     _RenderObjectSemantics._collectChildMergeUpAndSiblingGroup (package:flutter/src/rendering/object.dart:5697:22)
#39     _RenderObjectSemantics.updateChildren (package:flutter/src/rendering/object.dart:5573:50)
#40     _RenderObjectSemantics._didUpdateParentData (package:flutter/src/rendering/object.dart:5774:5)
#41     _RenderObjectSemantics._collectChildMergeUpAndSiblingGroup (package:flutter/src/rendering/object.dart:5697:22)
#42     _RenderObjectSemantics.updateChildren (package:flutter/src/rendering/object.dart:5573:50)
#43     _RenderObjectSemantics._didUpdateParentData (package:flutter/src/rendering/object.dart:5774:5)
#44     _RenderObjectSemantics._collectChildMergeUpAndSiblingGroup (package:flutter/src/rendering/object.dart:5697:22)
#45     _RenderObjectSemantics.updateChildren (package:flutter/src/rendering/object.dart:5573:50)
#46     _RenderObjectSemantics._didUpdateParentData (package:flutter/src/rendering/object.dart:5774:5)
#47     _RenderObjectSemantics._collectChildMergeUpAndSiblingGroup (package:flutter/src/rendering/object.dart:5697:22)
#48     _RenderObjectSemantics.updateChildren (package:flutter/src/rendering/object.dart:5573:50)
#49     _RenderObjectSemantics._didUpdateParentData (package:flutter/src/rendering/object.dart:5774:5)
#50     _RenderObjectSemantics._collectChildMergeUpAndSiblingGroup (package:flutter/src/rendering/object.dart:5697:22)
#51     _RenderObjectSemantics.updateChildren (package:flutter/src/rendering/object.dart:5573:50)
#52     _RenderObjectSemantics._didUpdateParentData (package:flutter/src/rendering/object.dart:5774:5)
#53     _RenderObjectSemantics._collectChildMergeUpAndSiblingGroup (package:flutter/src/rendering/object.dart:5697:22)
#54     _RenderObjectSemantics.updateChildren (package:flutter/src/rendering/object.dart:5573:50)
#55     _RenderObjectSemantics._didUpdateParentData (package:flutter/src/rendering/object.dart:5774:5)
#56     _RenderObjectSemantics._collectChildMergeUpAndSiblingGroup (package:flutter/src/rendering/object.dart:5697:22)
#57     _RenderObjectSemantics.updateChildren (package:flutter/src/rendering/object.dart:5573:50)
#58     _RenderObjectSemantics._didUpdateParentData (package:flutter/src/rendering/object.dart:5774:5)
#59     _RenderObjectSemantics._collectChildMergeUpAndSiblingGroup (package:flutter/src/rendering/object.dart:5697:22)
#60     _RenderObjectSemantics.updateChildren (package:flutter/src/rendering/object.dart:5573:50)
#61     _RenderObjectSemantics._didUpdateParentData (package:flutter/src/rendering/object.dart:5774:5)
#62     _RenderObjectSemantics._collectChildMergeUpAndSiblingGroup (package:flutter/src/rendering/object.dart:5697:22)
#63     _RenderObjectSemantics.updateChildren (package:flutter/src/rendering/object.dart:5573:50)
#64     _RenderObjectSemantics._didUpdateParentData (package:flutter/src/rendering/object.dart:5774:5)
#65     _RenderObjectSemantics._collectChildMergeUpAndSiblingGroup (package:flutter/src/rendering/object.dart:5697:22)
#66     _RenderObjectSemantics.updateChildren (package:flutter/src/rendering/object.dart:5573:50)
#67     _RenderObjectSemantics._didUpdateParentData (package:flutter/src/rendering/object.dart:5774:5)
#68     _RenderObjectSemantics._collectChildMergeUpAndSiblingGroup (package:flutter/src/rendering/object.dart:5697:22)
#69     _RenderObjectSemantics.updateChildren (package:flutter/src/rendering/object.dart:5573:50)
#70     _RenderObjectSemantics._didUpdateParentData (package:flutter/src/rendering/object.dart:5774:5)
#71     _RenderObjectSemantics._collectChildMergeUpAndSiblingGroup (package:flutter/src/rendering/object.dart:5697:22)
#72     _RenderObjectSemantics.updateChildren (package:flutter/src/rendering/object.dart:5573:50)
#73     _RenderObjectSemantics._didUpdateParentData (package:flutter/src/rendering/object.dart:5774:5)
#74     _RenderObjectSemantics._collectChildMergeUpAndSiblingGroup (package:flutter/src/rendering/object.dart:5697:22)
#75     _RenderObjectSemantics.updateChildren (package:flutter/src/rendering/object.dart:5573:50)
#76     _RenderObjectSemantics._didUpdateParentData (package:flutter/src/rendering/object.dart:5774:5)
#77     _RenderObjectSemantics._collectChildMergeUpAndSiblingGroup (package:flutter/src/rendering/object.dart:5697:22)
#78     _RenderObjectSemantics.updateChildren (package:flutter/src/rendering/object.dart:5573:50)
#79     _RenderObjectSemantics._didUpdateParentData (package:flutter/src/rendering/object.dart:5774:5)
#80     _RenderObjectSemantics._collectChildMergeUpAndSiblingGroup (package:flutter/src/rendering/object.dart:5697:22)
#81     _RenderObjectSemantics.updateChildren (package:flutter/src/rendering/object.dart:5573:50)
#82     _RenderObjectSemantics._didUpdateParentData (package:flutter/src/rendering/object.dart:5774:5)
#83     _RenderObjectSemantics._collectChildMergeUpAndSiblingGroup (package:flutter/src/rendering/object.dart:5697:22)
#84     _RenderObjectSemantics.updateChildren (package:flutter/src/rendering/object.dart:5573:50)
#85     _RenderObjectSemantics._didUpdateParentData (package:flutter/src/rendering/object.dart:5774:5)
#86     _RenderObjectSemantics._collectChildMergeUpAndSiblingGroup (package:flutter/src/rendering/object.dart:5697:22)
#87     _RenderObjectSemantics.updateChildren (package:flutter/src/rendering/object.dart:5573:50)
#88     _RenderObjectSemantics._didUpdateParentData (package:flutter/src/rendering/object.dart:5774:5)
#89     _RenderObjectSemantics._collectChildMergeUpAndSiblingGroup (package:flutter/src/rendering/object.dart:5697:22)
#90     _RenderObjectSemantics.updateChildren (package:flutter/src/rendering/object.dart:5573:50)
#91     _RenderObjectSemantics._didUpdateParentData (package:flutter/src/rendering/object.dart:5774:5)
#92     _RenderObjectSemantics._collectChildMergeUpAndSiblingGroup (package:flutter/src/rendering/object.dart:5697:22)
#93     _RenderObjectSemantics.updateChildren (package:flutter/src/rendering/object.dart:5573:50)
#94     _RenderObjectSemantics._didUpdateParentData (package:flutter/src/rendering/object.dart:5774:5)
#95     _RenderObjectSemantics._collectChildMergeUpAndSiblingGroup (package:flutter/src/rendering/object.dart:5697:22)
#96     _RenderObjectSemantics.updateChildren (package:flutter/src/rendering/object.dart:5573:50)
#97     _RenderObjectSemantics._didUpdateParentData (package:flutter/src/rendering/object.dart:5774:5)
#98     _RenderObjectSemantics._collectChildMergeUpAndSiblingGroup (package:flutter/src/rendering/object.dart:5697:22)
#99     _RenderObjectSemantics.updateChildren (package:flutter/src/rendering/object.dart:5573:50)
#100    _RenderObjectSemantics._didUpdateParentData (package:flutter/src/rendering/object.dart:5774:5)
#101    _RenderObjectSemantics._collectChildMergeUpAndSiblingGroup (package:flutter/src/rendering/object.dart:5697:22)
#102    _RenderObjectSemantics.updateChildren (package:flutter/src/rendering/object.dart:5573:50)
#103    _RenderObjectSemantics._didUpdateParentData (package:flutter/src/rendering/object.dart:5774:5)
#104    _RenderObjectSemantics._collectChildMergeUpAndSiblingGroup (package:flutter/src/rendering/object.dart:5697:22)
#105    _RenderObjectSemantics.updateChildren (package:flutter/src/rendering/object.dart:5573:50)
#106    _RenderObjectSemantics._didUpdateParentData (package:flutter/src/rendering/object.dart:5774:5)
#107    _RenderObjectSemantics._collectChildMergeUpAndSiblingGroup (package:flutter/src/rendering/object.dart:5697:22)
#108    _RenderObjectSemantics.updateChildren (package:flutter/src/rendering/object.dart:5573:50)
#109    _RenderObjectSemantics._didUpdateParentData (package:flutter/src/rendering/object.dart:5774:5)
#110    _RenderObjectSemantics._collectChildMergeUpAndSiblingGroup (package:flutter/src/rendering/object.dart:5697:22)
#111    _RenderObjectSemantics.updateChildren (package:flutter/src/rendering/object.dart:5573:50)
#112    _RenderObjectSemantics._didUpdateParentData (package:flutter/src/rendering/object.dart:5774:5)
#113    _RenderObjectSemantics._collectChildMergeUpAndSiblingGroup (package:flutter/src/rendering/object.dart:5697:22)
#114    _RenderObjectSemantics.updateChildren (package:flutter/src/rendering/object.dart:5573:50)
#115    _RenderObjectSemantics._didUpdateParentData (package:flutter/src/rendering/object.dart:5774:5)
#116    _RenderObjectSemantics._collectChildMergeUpAndSiblingGroup (package:flutter/src/rendering/object.dart:5697:22)
#117    _RenderObjectSemantics.updateChildren (package:flutter/src/rendering/object.dart:5573:50)
#118    _RenderObjectSemantics._didUpdateParentData (package:flutter/src/rendering/object.dart:5774:5)
#119    _RenderObjectSemantics._collectChildMergeUpAndSiblingGroup (package:flutter/src/rendering/object.dart:5697:22)
#120    _RenderObjectSemantics.updateChildren (package:flutter/src/rendering/object.dart:5573:50)
#121    _RenderObjectSemantics._didUpdateParentData (package:flutter/src/rendering/object.dart:5774:5)
#122    _RenderObjectSemantics._collectChildMergeUpAndSiblingGroup (package:flutter/src/rendering/object.dart:5697:22)
#123    _RenderObjectSemantics.updateChildren (package:flutter/src/rendering/object.dart:5573:50)
#124    _RenderObjectSemantics._didUpdateParentData (package:flutter/src/rendering/object.dart:5774:5)
#125    _RenderObjectSemantics._collectChildMergeUpAndSiblingGroup (package:flutter/src/rendering/object.dart:5697:22)
#126    _RenderObjectSemantics.updateChildren (package:flutter/src/rendering/object.dart:5573:50)
#127    _RenderObjectSemantics._didUpdateParentData (package:flutter/src/rendering/object.dart:5774:5)
#128    _RenderObjectSemantics._collectChildMergeUpAndSiblingGroup (package:flutter/src/rendering/object.dart:5697:22)
#129    _RenderObjectSemantics.updateChildren (package:flutter/src/rendering/object.dart:5573:50)
#130    _RenderObjectSemantics._didUpdateParentData (package:flutter/src/rendering/object.dart:5774:5)
#131    _RenderObjectSemantics._collectChildMergeUpAndSiblingGroup (package:flutter/src/rendering/object.dart:5697:22)
#132    _RenderObjectSemantics.updateChildren (package:flutter/src/rendering/object.dart:5573:50)
#133    _RenderObjectSemantics._didUpdateParentData (package:flutter/src/rendering/object.dart:5774:5)
#134    _RenderObjectSemantics._collectChildMergeUpAndSiblingGroup (package:flutter/src/rendering/object.dart:5697:22)
#135    _RenderObjectSemantics.updateChildren (package:flutter/src/rendering/object.dart:5573:50)
#136    _RenderObjectSemantics._didUpdateParentData (package:flutter/src/rendering/object.dart:5774:5)
#137    _RenderObjectSemantics._collectChildMergeUpAndSiblingGroup (package:flutter/src/rendering/object.dart:5697:22)
#138    _RenderObjectSemantics.updateChildren (package:flutter/src/rendering/object.dart:5573:50)
#139    _RenderObjectSemantics._didUpdateParentData (package:flutter/src/rendering/object.dart:5774:5)
#140    _RenderObjectSemantics._collectChildMergeUpAndSiblingGroup (package:flutter/src/rendering/object.dart:5697:22)
#141    _RenderObjectSemantics.updateChildren (package:flutter/src/rendering/object.dart:5573:50)
#142    _RenderObjectSemantics._didUpdateParentData (package:flutter/src/rendering/object.dart:5774:5)
#143    _RenderObjectSemantics._collectChildMergeUpAndSiblingGroup (package:flutter/src/rendering/object.dart:5697:22)
#144    _RenderObjectSemantics.updateChildren (package:flutter/src/rendering/object.dart:5573:50)
#145    _RenderObjectSemantics._didUpdateParentData (package:flutter/src/rendering/object.dart:5774:5)
#146    _RenderObjectSemantics._collectChildMergeUpAndSiblingGroup (package:flutter/src/rendering/object.dart:5697:22)
#147    _RenderObjectSemantics.updateChildren (package:flutter/src/rendering/object.dart:5573:50)
#148    _RenderObjectSemantics._didUpdateParentData (package:flutter/src/rendering/object.dart:5774:5)
#149    _RenderObjectSemantics._collectChildMergeUpAndSiblingGroup (package:flutter/src/rendering/object.dart:5697:22)
#150    _RenderObjectSemantics.updateChildren (package:flutter/src/rendering/object.dart:5573:50)
#151    _RenderObjectSemantics._didUpdateParentData (package:flutter/src/rendering/object.dart:5774:5)
#152    _RenderObjectSemantics._collectChildMergeUpAndSiblingGroup (package:flutter/src/rendering/object.dart:5697:22)
#153    _RenderObjectSemantics.updateChildren (package:flutter/src/rendering/object.dart:5573:50)
#154    _RenderObjectSemantics._didUpdateParentData (package:flutter/src/rendering/object.dart:5774:5)
#155    _RenderObjectSemantics._collectChildMergeUpAndSiblingGroup (package:flutter/src/rendering/object.dart:5697:22)
#156    _RenderObjectSemantics.updateChildren (package:flutter/src/rendering/object.dart:5573:50)
#157    _RenderObjectSemantics._didUpdateParentData (package:flutter/src/rendering/object.dart:5774:5)
#158    _RenderObjectSemantics._collectChildMergeUpAndSiblingGroup (package:flutter/src/rendering/object.dart:5697:22)
#159    _RenderObjectSemantics.updateChildren (package:flutter/src/rendering/object.dart:5573:50)
#160    _RenderObjectSemantics._didUpdateParentData (package:flutter/src/rendering/object.dart:5774:5)
#161    _RenderObjectSemantics._collectChildMergeUpAndSiblingGroup (package:flutter/src/rendering/object.dart:5697:22)
#162    _RenderObjectSemantics.updateChildren (package:flutter/src/rendering/object.dart:5573:50)
#163    _RenderObjectSemantics._didUpdateParentData (package:flutter/src/rendering/object.dart:5774:5)
#164    _RenderObjectSemantics._collectChildMergeUpAndSiblingGroup (package:flutter/src/rendering/object.dart:5697:22)
#165    _RenderObjectSemantics.updateChildren (package:flutter/src/rendering/object.dart:5573:50)
#166    _RenderObjectSemantics._didUpdateParentData (package:flutter/src/rendering/object.dart:5774:5)
#167    _RenderObjectSemantics._collectChildMergeUpAndSiblingGroup (package:flutter/src/rendering/object.dart:5697:22)
#168    _RenderObjectSemantics.updateChildren (package:flutter/src/rendering/object.dart:5573:50)
#169    _RenderObjectSemantics._didUpdateParentData (package:flutter/src/rendering/object.dart:5774:5)
#170    _RenderObjectSemantics._collectChildMergeUpAndSiblingGroup (package:flutter/src/rendering/object.dart:5697:22)
#171    _RenderObjectSemantics.updateChildren (package:flutter/src/rendering/object.dart:5573:50)
#172    _RenderObjectSemantics._didUpdateParentData (package:flutter/src/rendering/object.dart:5774:5)
#173    _RenderObjectSemantics._collectChildMergeUpAndSiblingGroup (package:flutter/src/rendering/object.dart:5697:22)
#174    _RenderObjectSemantics.updateChildren (package:flutter/src/rendering/object.dart:5573:50)
#175    PipelineOwner.flushSemantics (package:flutter/src/rendering/object.dart:1470:25)
#176    PipelineOwner.flushSemantics (package:flutter/src/rendering/object.dart:1514:15)
#177    AutomatedTestWidgetsFlutterBinding.drawFrame (package:flutter_test/src/binding.dart:1519:35)
#178    RendererBinding._handlePersistentFrameCallback (package:flutter/src/rendering/binding.dart:495:5)
#179    SchedulerBinding._invokeFrameCallback (package:flutter/src/scheduler/binding.dart:1434:15)
#180    SchedulerBinding.handleDrawFrame (package:flutter/src/scheduler/binding.dart:1347:9)
#181    AutomatedTestWidgetsFlutterBinding.pump.<anonymous closure> (package:flutter_test/src/binding.dart:1335:9)
#184    TestAsyncUtils.guard (package:flutter_test/src/test_async_utils.dart:74:41)
#185    AutomatedTestWidgetsFlutterBinding.pump (package:flutter_test/src/binding.dart:1324:27)
#186    WidgetTester.pumpAndSettle.<anonymous closure> (package:flutter_test/src/widget_tester.dart:719:23)
<asynchronous suspension>
#187    TestAsyncUtils.guard.<anonymous closure> (package:flutter_test/src/test_async_utils.dart:130:27)
<asynchronous suspension>
#188    main.<anonymous closure> (file:///D:/Mystery/programming/projects/PYTHON_PROJECTS/focus/focus_gg/focus_flutter/test/widget_test.dart:20:5)
<asynchronous suspension>
#189    testWidgets.<anonymous closure>.<anonymous closure> (package:flutter_test/src/widget_tester.dart:192:15)
<asynchronous suspension>
#190    TestWidgetsFlutterBinding._runTestBody (package:flutter_test/src/binding.dart:1059:5)
<asynchronous suspension>
<asynchronous suspension>
(elided 5 frames from class _AssertionError, dart:async, and package:stack_trace)
ΓòÉΓòÉΓòÉΓòÉΓòÉΓòÉΓòÉΓòÉΓòÉΓòÉΓòÉΓòÉΓòÉΓòÉΓòÉΓòÉΓòÉΓòÉΓòÉΓòÉΓòÉΓòÉΓòÉΓòÉΓòÉΓòÉΓòÉΓòÉΓòÉΓòÉΓòÉΓòÉΓòÉΓòÉΓòÉΓòÉΓòÉΓòÉΓòÉΓòÉΓòÉΓòÉΓòÉΓòÉΓòÉΓòÉΓòÉΓòÉΓòÉΓòÉΓòÉΓòÉΓòÉΓòÉΓòÉΓòÉΓòÉΓòÉΓòÉΓòÉΓòÉΓòÉΓòÉΓòÉΓòÉΓòÉΓòÉΓòÉΓòÉΓòÉΓòÉΓòÉΓòÉΓòÉΓòÉΓòÉΓòÉΓòÉΓòÉΓòÉΓòÉΓòÉΓòÉΓòÉΓòÉΓòÉΓòÉΓòÉΓòÉΓòÉΓòÉΓòÉΓòÉΓòÉΓòÉΓòÉΓòÉΓòÉΓòÉΓòÉ
ΓòÉΓòÉΓòí EXCEPTION CAUGHT BY SCHEDULER LIBRARY Γò₧ΓòÉΓòÉΓòÉΓòÉΓòÉΓòÉΓòÉΓòÉΓòÉΓòÉΓòÉΓòÉΓòÉΓòÉΓòÉΓòÉΓòÉΓòÉΓòÉΓòÉΓòÉΓòÉΓòÉΓòÉΓòÉΓòÉΓòÉΓòÉΓòÉΓòÉΓòÉΓòÉΓòÉΓòÉΓòÉΓòÉΓòÉΓòÉΓòÉΓòÉΓòÉΓòÉΓòÉΓòÉΓòÉΓòÉΓòÉΓòÉΓòÉΓòÉΓòÉΓòÉΓòÉΓòÉΓòÉΓòÉΓòÉ
The following assertion was thrown during a scheduler callback:
'package:flutter/src/rendering/object.dart': Failed assertion: line 5696 pos 14:
'!childSemantics.renderObject._needsLayout': is not true.

Either the assertion indicates an error in the framework itself, or we should provide substantially
more information in this error message to help you determine and fix the underlying cause.
In either case, please report this assertion by filing a bug on GitHub:
  https://github.com/flutter/flutter/issues/new?template=02_bug.yml

When the exception was thrown, this was the stack:
#2      _RenderObjectSemantics._collectChildMergeUpAndSiblingGroup (package:flutter/src/rendering/object.dart:5696:14)
#3      _RenderObjectSemantics.updateChildren (package:flutter/src/rendering/object.dart:5573:50)
#4      _RenderObjectSemantics._didUpdateParentData (package:flutter/src/rendering/object.dart:5774:5)
#5      _RenderObjectSemantics._collectChildMergeUpAndSiblingGroup (package:flutter/src/rendering/object.dart:5697:22)
#6      _RenderObjectSemantics.updateChildren (package:flutter/src/rendering/object.dart:5573:50)
#7      _RenderObjectSemantics._didUpdateParentData (package:flutter/src/rendering/object.dart:5774:5)
#8      _RenderObjectSemantics._collectChildMergeUpAndSiblingGroup (package:flutter/src/rendering/object.dart:5697:22)
#9      _RenderObjectSemantics.updateChildren (package:flutter/src/rendering/object.dart:5573:50)
#10     _RenderObjectSemantics._didUpdateParentData (package:flutter/src/rendering/object.dart:5774:5)
#11     _RenderObjectSemantics._collectChildMergeUpAndSiblingGroup (package:flutter/src/rendering/object.dart:5697:22)
#12     _RenderObjectSemantics.updateChildren (package:flutter/src/rendering/object.dart:5573:50)
#13     _RenderObjectSemantics._didUpdateParentData (package:flutter/src/rendering/object.dart:5774:5)
#14     _RenderObjectSemantics._collectChildMergeUpAndSiblingGroup (package:flutter/src/rendering/object.dart:5697:22)
#15     _RenderObjectSemantics.updateChildren (package:flutter/src/rendering/object.dart:5573:50)
#16     _RenderObjectSemantics._didUpdateParentData (package:flutter/src/rendering/object.dart:5774:5)
#17     _RenderObjectSemantics._collectChildMergeUpAndSiblingGroup (package:flutter/src/rendering/object.dart:5697:22)
#18     _RenderObjectSemantics.updateChildren (package:flutter/src/rendering/object.dart:5573:50)
#19     _RenderObjectSemantics._didUpdateParentData (package:flutter/src/rendering/object.dart:5774:5)
#20     _RenderObjectSemantics._collectChildMergeUpAndSiblingGroup (package:flutter/src/rendering/object.dart:5697:22)
#21     _RenderObjectSemantics.updateChildren (package:flutter/src/rendering/object.dart:5573:50)
#22     _RenderObjectSemantics._didUpdateParentData (package:flutter/src/rendering/object.dart:5774:5)
#23     _RenderObjectSemantics._collectChildMergeUpAndSiblingGroup (package:flutter/src/rendering/object.dart:5697:22)
#24     _RenderObjectSemantics.updateChildren (package:flutter/src/rendering/object.dart:5573:50)
#25     _RenderObjectSemantics._didUpdateParentData (package:flutter/src/rendering/object.dart:5774:5)
#26     _RenderObjectSemantics._collectChildMergeUpAndSiblingGroup (package:flutter/src/rendering/object.dart:5697:22)
#27     _RenderObjectSemantics.updateChildren (package:flutter/src/rendering/object.dart:5573:50)
#28     _RenderObjectSemantics._didUpdateParentData (package:flutter/src/rendering/object.dart:5774:5)
#29     _RenderObjectSemantics._collectChildMergeUpAndSiblingGroup (package:flutter/src/rendering/object.dart:5697:22)
#30     _RenderObjectSemantics.updateChildren (package:flutter/src/rendering/object.dart:5573:50)
#31     _RenderObjectSemantics._didUpdateParentData (package:flutter/src/rendering/object.dart:5774:5)
#32     _RenderObjectSemantics._collectChildMergeUpAndSiblingGroup (package:flutter/src/rendering/object.dart:5697:22)
#33     _RenderObjectSemantics.updateChildren (package:flutter/src/rendering/object.dart:5573:50)
#34     _RenderObjectSemantics._didUpdateParentData (package:flutter/src/rendering/object.dart:5774:5)
#35     _RenderObjectSemantics._collectChildMergeUpAndSiblingGroup (package:flutter/src/rendering/object.dart:5697:22)
#36     _RenderObjectSemantics.updateChildren (package:flutter/src/rendering/object.dart:5573:50)
#37     _RenderObjectSemantics._didUpdateParentData (package:flutter/src/rendering/object.dart:5774:5)
#38     _RenderObjectSemantics._collectChildMergeUpAndSiblingGroup (package:flutter/src/rendering/object.dart:5697:22)
#39     _RenderObjectSemantics.updateChildren (package:flutter/src/rendering/object.dart:5573:50)
#40     _RenderObjectSemantics._didUpdateParentData (package:flutter/src/rendering/object.dart:5774:5)
#41     _RenderObjectSemantics._collectChildMergeUpAndSiblingGroup (package:flutter/src/rendering/object.dart:5697:22)
#42     _RenderObjectSemantics.updateChildren (package:flutter/src/rendering/object.dart:5573:50)
#43     _RenderObjectSemantics._didUpdateParentData (package:flutter/src/rendering/object.dart:5774:5)
#44     _RenderObjectSemantics._collectChildMergeUpAndSiblingGroup (package:flutter/src/rendering/object.dart:5697:22)
#45     _RenderObjectSemantics.updateChildren (package:flutter/src/rendering/object.dart:5573:50)
#46     _RenderObjectSemantics._didUpdateParentData (package:flutter/src/rendering/object.dart:5774:5)
#47     _RenderObjectSemantics._collectChildMergeUpAndSiblingGroup (package:flutter/src/rendering/object.dart:5697:22)
#48     _RenderObjectSemantics.updateChildren (package:flutter/src/rendering/object.dart:5573:50)
#49     _RenderObjectSemantics._didUpdateParentData (package:flutter/src/rendering/object.dart:5774:5)
#50     _RenderObjectSemantics._collectChildMergeUpAndSiblingGroup (package:flutter/src/rendering/object.dart:5697:22)
#51     _RenderObjectSemantics.updateChildren (package:flutter/src/rendering/object.dart:5573:50)
#52     _RenderObjectSemantics._didUpdateParentData (package:flutter/src/rendering/object.dart:5774:5)
#53     _RenderObjectSemantics._collectChildMergeUpAndSiblingGroup (package:flutter/src/rendering/object.dart:5697:22)
#54     _RenderObjectSemantics.updateChildren (package:flutter/src/rendering/object.dart:5573:50)
#55     _RenderObjectSemantics._didUpdateParentData (package:flutter/src/rendering/object.dart:5774:5)
#56     _RenderObjectSemantics._collectChildMergeUpAndSiblingGroup (package:flutter/src/rendering/object.dart:5697:22)
#57     _RenderObjectSemantics.updateChildren (package:flutter/src/rendering/object.dart:5573:50)
#58     _RenderObjectSemantics._didUpdateParentData (package:flutter/src/rendering/object.dart:5774:5)
#59     _RenderObjectSemantics._collectChildMergeUpAndSiblingGroup (package:flutter/src/rendering/object.dart:5697:22)
#60     _RenderObjectSemantics.updateChildren (package:flutter/src/rendering/object.dart:5573:50)
#61     _RenderObjectSemantics._didUpdateParentData (package:flutter/src/rendering/object.dart:5774:5)
#62     _RenderObjectSemantics._collectChildMergeUpAndSiblingGroup (package:flutter/src/rendering/object.dart:5697:22)
#63     _RenderObjectSemantics.updateChildren (package:flutter/src/rendering/object.dart:5573:50)
#64     _RenderObjectSemantics._didUpdateParentData (package:flutter/src/rendering/object.dart:5774:5)
#65     _RenderObjectSemantics._collectChildMergeUpAndSiblingGroup (package:flutter/src/rendering/object.dart:5697:22)
#66     _RenderObjectSemantics.updateChildren (package:flutter/src/rendering/object.dart:5573:50)
#67     _RenderObjectSemantics._didUpdateParentData (package:flutter/src/rendering/object.dart:5774:5)
#68     _RenderObjectSemantics._collectChildMergeUpAndSiblingGroup (package:flutter/src/rendering/object.dart:5697:22)
#69     _RenderObjectSemantics.updateChildren (package:flutter/src/rendering/object.dart:5573:50)
#70     _RenderObjectSemantics._didUpdateParentData (package:flutter/src/rendering/object.dart:5774:5)
#71     _RenderObjectSemantics._collectChildMergeUpAndSiblingGroup (package:flutter/src/rendering/object.dart:5697:22)
#72     _RenderObjectSemantics.updateChildren (package:flutter/src/rendering/object.dart:5573:50)
#73     _RenderObjectSemantics._didUpdateParentData (package:flutter/src/rendering/object.dart:5774:5)
#74     _RenderObjectSemantics._collectChildMergeUpAndSiblingGroup (package:flutter/src/rendering/object.dart:5697:22)
#75     _RenderObjectSemantics.updateChildren (package:flutter/src/rendering/object.dart:5573:50)
#76     _RenderObjectSemantics._didUpdateParentData (package:flutter/src/rendering/object.dart:5774:5)
#77     _RenderObjectSemantics._collectChildMergeUpAndSiblingGroup (package:flutter/src/rendering/object.dart:5697:22)
#78     _RenderObjectSemantics.updateChildren (package:flutter/src/rendering/object.dart:5573:50)
#79     _RenderObjectSemantics._didUpdateParentData (package:flutter/src/rendering/object.dart:5774:5)
#80     _RenderObjectSemantics._collectChildMergeUpAndSiblingGroup (package:flutter/src/rendering/object.dart:5697:22)
#81     _RenderObjectSemantics.updateChildren (package:flutter/src/rendering/object.dart:5573:50)
#82     _RenderObjectSemantics._didUpdateParentData (package:flutter/src/rendering/object.dart:5774:5)
#83     _RenderObjectSemantics._collectChildMergeUpAndSiblingGroup (package:flutter/src/rendering/object.dart:5697:22)
#84     _RenderObjectSemantics.updateChildren (package:flutter/src/rendering/object.dart:5573:50)
#85     _RenderObjectSemantics._didUpdateParentData (package:flutter/src/rendering/object.dart:5774:5)
#86     _RenderObjectSemantics._collectChildMergeUpAndSiblingGroup (package:flutter/src/rendering/object.dart:5697:22)
#87     _RenderObjectSemantics.updateChildren (package:flutter/src/rendering/object.dart:5573:50)
#88     _RenderObjectSemantics._didUpdateParentData (package:flutter/src/rendering/object.dart:5774:5)
#89     _RenderObjectSemantics._collectChildMergeUpAndSiblingGroup (package:flutter/src/rendering/object.dart:5697:22)
#90     _RenderObjectSemantics.updateChildren (package:flutter/src/rendering/object.dart:5573:50)
#91     _RenderObjectSemantics._didUpdateParentData (package:flutter/src/rendering/object.dart:5774:5)
#92     _RenderObjectSemantics._collectChildMergeUpAndSiblingGroup (package:flutter/src/rendering/object.dart:5697:22)
#93     _RenderObjectSemantics.updateChildren (package:flutter/src/rendering/object.dart:5573:50)
#94     _RenderObjectSemantics._didUpdateParentData (package:flutter/src/rendering/object.dart:5774:5)
#95     _RenderObjectSemantics._collectChildMergeUpAndSiblingGroup (package:flutter/src/rendering/object.dart:5697:22)
#96     _RenderObjectSemantics.updateChildren (package:flutter/src/rendering/object.dart:5573:50)
#97     _RenderObjectSemantics._didUpdateParentData (package:flutter/src/rendering/object.dart:5774:5)
#98     _RenderObjectSemantics._collectChildMergeUpAndSiblingGroup (package:flutter/src/rendering/object.dart:5697:22)
#99     _RenderObjectSemantics.updateChildren (package:flutter/src/rendering/object.dart:5573:50)
#100    _RenderObjectSemantics._didUpdateParentData (package:flutter/src/rendering/object.dart:5774:5)
#101    _RenderObjectSemantics._collectChildMergeUpAndSiblingGroup (package:flutter/src/rendering/object.dart:5697:22)
#102    _RenderObjectSemantics.updateChildren (package:flutter/src/rendering/object.dart:5573:50)
#103    _RenderObjectSemantics._didUpdateParentData (package:flutter/src/rendering/object.dart:5774:5)
#104    _RenderObjectSemantics._collectChildMergeUpAndSiblingGroup (package:flutter/src/rendering/object.dart:5697:22)
#105    _RenderObjectSemantics.updateChildren (package:flutter/src/rendering/object.dart:5573:50)
#106    _RenderObjectSemantics._didUpdateParentData (package:flutter/src/rendering/object.dart:5774:5)
#107    _RenderObjectSemantics._collectChildMergeUpAndSiblingGroup (package:flutter/src/rendering/object.dart:5697:22)
#108    _RenderObjectSemantics.updateChildren (package:flutter/src/rendering/object.dart:5573:50)
#109    _RenderObjectSemantics._didUpdateParentData (package:flutter/src/rendering/object.dart:5774:5)
#110    _RenderObjectSemantics._collectChildMergeUpAndSiblingGroup (package:flutter/src/rendering/object.dart:5697:22)
#111    _RenderObjectSemantics.updateChildren (package:flutter/src/rendering/object.dart:5573:50)
#112    _RenderObjectSemantics._didUpdateParentData (package:flutter/src/rendering/object.dart:5774:5)
#113    _RenderObjectSemantics._collectChildMergeUpAndSiblingGroup (package:flutter/src/rendering/object.dart:5697:22)
#114    _RenderObjectSemantics.updateChildren (package:flutter/src/rendering/object.dart:5573:50)
#115    _RenderObjectSemantics._didUpdateParentData (package:flutter/src/rendering/object.dart:5774:5)
#116    _RenderObjectSemantics._collectChildMergeUpAndSiblingGroup (package:flutter/src/rendering/object.dart:5697:22)
#117    _RenderObjectSemantics.updateChildren (package:flutter/src/rendering/object.dart:5573:50)
#118    _RenderObjectSemantics._didUpdateParentData (package:flutter/src/rendering/object.dart:5774:5)
#119    _RenderObjectSemantics._collectChildMergeUpAndSiblingGroup (package:flutter/src/rendering/object.dart:5697:22)
#120    _RenderObjectSemantics.updateChildren (package:flutter/src/rendering/object.dart:5573:50)
#121    _RenderObjectSemantics._didUpdateParentData (package:flutter/src/rendering/object.dart:5774:5)
#122    _RenderObjectSemantics._collectChildMergeUpAndSiblingGroup (package:flutter/src/rendering/object.dart:5697:22)
#123    _RenderObjectSemantics.updateChildren (package:flutter/src/rendering/object.dart:5573:50)
#124    _RenderObjectSemantics._didUpdateParentData (package:flutter/src/rendering/object.dart:5774:5)
#125    _RenderObjectSemantics._collectChildMergeUpAndSiblingGroup (package:flutter/src/rendering/object.dart:5697:22)
#126    _RenderObjectSemantics.updateChildren (package:flutter/src/rendering/object.dart:5573:50)
#127    _RenderObjectSemantics._didUpdateParentData (package:flutter/src/rendering/object.dart:5774:5)
#128    _RenderObjectSemantics._collectChildMergeUpAndSiblingGroup (package:flutter/src/rendering/object.dart:5697:22)
#129    _RenderObjectSemantics.updateChildren (package:flutter/src/rendering/object.dart:5573:50)
#130    _RenderObjectSemantics._didUpdateParentData (package:flutter/src/rendering/object.dart:5774:5)
#131    _RenderObjectSemantics._collectChildMergeUpAndSiblingGroup (package:flutter/src/rendering/object.dart:5697:22)
#132    _RenderObjectSemantics.updateChildren (package:flutter/src/rendering/object.dart:5573:50)
#133    _RenderObjectSemantics._didUpdateParentData (package:flutter/src/rendering/object.dart:5774:5)
#134    _RenderObjectSemantics._collectChildMergeUpAndSiblingGroup (package:flutter/src/rendering/object.dart:5697:22)
#135    _RenderObjectSemantics.updateChildren (package:flutter/src/rendering/object.dart:5573:50)
#136    _RenderObjectSemantics._didUpdateParentData (package:flutter/src/rendering/object.dart:5774:5)
#137    _RenderObjectSemantics._collectChildMergeUpAndSiblingGroup (package:flutter/src/rendering/object.dart:5697:22)
#138    _RenderObjectSemantics.updateChildren (package:flutter/src/rendering/object.dart:5573:50)
#139    _RenderObjectSemantics._didUpdateParentData (package:flutter/src/rendering/object.dart:5774:5)
#140    _RenderObjectSemantics._collectChildMergeUpAndSiblingGroup (package:flutter/src/rendering/object.dart:5697:22)
#141    _RenderObjectSemantics.updateChildren (package:flutter/src/rendering/object.dart:5573:50)
#142    _RenderObjectSemantics._didUpdateParentData (package:flutter/src/rendering/object.dart:5774:5)
#143    _RenderObjectSemantics._collectChildMergeUpAndSiblingGroup (package:flutter/src/rendering/object.dart:5697:22)
#144    _RenderObjectSemantics.updateChildren (package:flutter/src/rendering/object.dart:5573:50)
#145    _RenderObjectSemantics._didUpdateParentData (package:flutter/src/rendering/object.dart:5774:5)
#146    _RenderObjectSemantics._collectChildMergeUpAndSiblingGroup (package:flutter/src/rendering/object.dart:5697:22)
#147    _RenderObjectSemantics.updateChildren (package:flutter/src/rendering/object.dart:5573:50)
#148    _RenderObjectSemantics._didUpdateParentData (package:flutter/src/rendering/object.dart:5774:5)
#149    _RenderObjectSemantics._collectChildMergeUpAndSiblingGroup (package:flutter/src/rendering/object.dart:5697:22)
#150    _RenderObjectSemantics.updateChildren (package:flutter/src/rendering/object.dart:5573:50)
#151    _RenderObjectSemantics._didUpdateParentData (package:flutter/src/rendering/object.dart:5774:5)
#152    _RenderObjectSemantics._collectChildMergeUpAndSiblingGroup (package:flutter/src/rendering/object.dart:5697:22)
#153    _RenderObjectSemantics.updateChildren (package:flutter/src/rendering/object.dart:5573:50)
#154    _RenderObjectSemantics._didUpdateParentData (package:flutter/src/rendering/object.dart:5774:5)
#155    _RenderObjectSemantics._collectChildMergeUpAndSiblingGroup (package:flutter/src/rendering/object.dart:5697:22)
#156    _RenderObjectSemantics.updateChildren (package:flutter/src/rendering/object.dart:5573:50)
#157    _RenderObjectSemantics._didUpdateParentData (package:flutter/src/rendering/object.dart:5774:5)
#158    _RenderObjectSemantics._collectChildMergeUpAndSiblingGroup (package:flutter/src/rendering/object.dart:5697:22)
#159    _RenderObjectSemantics.updateChildren (package:flutter/src/rendering/object.dart:5573:50)
#160    _RenderObjectSemantics._didUpdateParentData (package:flutter/src/rendering/object.dart:5774:5)
#161    _RenderObjectSemantics._collectChildMergeUpAndSiblingGroup (package:flutter/src/rendering/object.dart:5697:22)
#162    _RenderObjectSemantics.updateChildren (package:flutter/src/rendering/object.dart:5573:50)
#163    _RenderObjectSemantics._didUpdateParentData (package:flutter/src/rendering/object.dart:5774:5)
#164    _RenderObjectSemantics._collectChildMergeUpAndSiblingGroup (package:flutter/src/rendering/object.dart:5697:22)
#165    _RenderObjectSemantics.updateChildren (package:flutter/src/rendering/object.dart:5573:50)
#166    _RenderObjectSemantics._didUpdateParentData (package:flutter/src/rendering/object.dart:5774:5)
#167    _RenderObjectSemantics._collectChildMergeUpAndSiblingGroup (package:flutter/src/rendering/object.dart:5697:22)
#168    _RenderObjectSemantics.updateChildren (package:flutter/src/rendering/object.dart:5573:50)
#169    _RenderObjectSemantics._didUpdateParentData (package:flutter/src/rendering/object.dart:5774:5)
#170    _RenderObjectSemantics._collectChildMergeUpAndSiblingGroup (package:flutter/src/rendering/object.dart:5697:22)
#171    _RenderObjectSemantics.updateChildren (package:flutter/src/rendering/object.dart:5573:50)
#172    _RenderObjectSemantics._didUpdateParentData (package:flutter/src/rendering/object.dart:5774:5)
#173    _RenderObjectSemantics._collectChildMergeUpAndSiblingGroup (package:flutter/src/rendering/object.dart:5697:22)
#174    _RenderObjectSemantics.updateChildren (package:flutter/src/rendering/object.dart:5573:50)
#175    PipelineOwner.flushSemantics (package:flutter/src/rendering/object.dart:1470:25)
#176    PipelineOwner.flushSemantics (package:flutter/src/rendering/object.dart:1514:15)
#177    AutomatedTestWidgetsFlutterBinding.drawFrame (package:flutter_test/src/binding.dart:1519:35)
#178    RendererBinding._handlePersistentFrameCallback (package:flutter/src/rendering/binding.dart:495:5)
#179    SchedulerBinding._invokeFrameCallback (package:flutter/src/scheduler/binding.dart:1434:15)
#180    SchedulerBinding.handleDrawFrame (package:flutter/src/scheduler/binding.dart:1347:9)
#181    AutomatedTestWidgetsFlutterBinding.pump.<anonymous closure> (package:flutter_test/src/binding.dart:1335:9)
#184    TestAsyncUtils.guard (package:flutter_test/src/test_async_utils.dart:74:41)
#185    AutomatedTestWidgetsFlutterBinding.pump (package:flutter_test/src/binding.dart:1324:27)
#186    WidgetTester.pumpAndSettle.<anonymous closure> (package:flutter_test/src/widget_tester.dart:719:23)
<asynchronous suspension>
#187    TestAsyncUtils.guard.<anonymous closure> (package:flutter_test/src/test_async_utils.dart:130:27)
<asynchronous suspension>
#188    main.<anonymous closure> (file:///D:/Mystery/programming/projects/PYTHON_PROJECTS/focus/focus_gg/focus_flutter/test/widget_test.dart:20:5)
<asynchronous suspension>
#189    testWidgets.<anonymous closure>.<anonymous closure> (package:flutter_test/src/widget_tester.dart:192:15)
<asynchronous suspension>
#190    TestWidgetsFlutterBinding._runTestBody (package:flutter_test/src/binding.dart:1059:5)
<asynchronous suspension>
<asynchronous suspension>
(elided 5 frames from class _AssertionError, dart:async, and package:stack_trace)
ΓòÉΓòÉΓòÉΓòÉΓòÉΓòÉΓòÉΓòÉΓòÉΓòÉΓòÉΓòÉΓòÉΓòÉΓòÉΓòÉΓòÉΓòÉΓòÉΓòÉΓòÉΓòÉΓòÉΓòÉΓòÉΓòÉΓòÉΓòÉΓòÉΓòÉΓòÉΓòÉΓòÉΓòÉΓòÉΓòÉΓòÉΓòÉΓòÉΓòÉΓòÉΓòÉΓòÉΓòÉΓòÉΓòÉΓòÉΓòÉΓòÉΓòÉΓòÉΓòÉΓòÉΓòÉΓòÉΓòÉΓòÉΓòÉΓòÉΓòÉΓòÉΓòÉΓòÉΓòÉΓòÉΓòÉΓòÉΓòÉΓòÉΓòÉΓòÉΓòÉΓòÉΓòÉΓòÉΓòÉΓòÉΓòÉΓòÉΓòÉΓòÉΓòÉΓòÉΓòÉΓòÉΓòÉΓòÉΓòÉΓòÉΓòÉΓòÉΓòÉΓòÉΓòÉΓòÉΓòÉΓòÉΓòÉΓòÉΓòÉ
ΓòÉΓòÉΓòí EXCEPTION CAUGHT BY SCHEDULER LIBRARY Γò₧ΓòÉΓòÉΓòÉΓòÉΓòÉΓòÉΓòÉΓòÉΓòÉΓòÉΓòÉΓòÉΓòÉΓòÉΓòÉΓòÉΓòÉΓòÉΓòÉΓòÉΓòÉΓòÉΓòÉΓòÉΓòÉΓòÉΓòÉΓòÉΓòÉΓòÉΓòÉΓòÉΓòÉΓòÉΓòÉΓòÉΓòÉΓòÉΓòÉΓòÉΓòÉΓòÉΓòÉΓòÉΓòÉΓòÉΓòÉΓòÉΓòÉΓòÉΓòÉΓòÉΓòÉΓòÉΓòÉΓòÉΓòÉ
The following assertion was thrown during a scheduler callback:
'package:flutter/src/rendering/object.dart': Failed assertion: line 5696 pos 14:
'!childSemantics.renderObject._needsLayout': is not true.

Either the assertion indicates an error in the framework itself, or we should provide substantially
more information in this error message to help you determine and fix the underlying cause.
In either case, please report this assertion by filing a bug on GitHub:
  https://github.com/flutter/flutter/issues/new?template=02_bug.yml

When the exception was thrown, this was the stack:
#2      _RenderObjectSemantics._collectChildMergeUpAndSiblingGroup (package:flutter/src/rendering/object.dart:5696:14)
#3      _RenderObjectSemantics.updateChildren (package:flutter/src/rendering/object.dart:5573:50)
#4      _RenderObjectSemantics._didUpdateParentData (package:flutter/src/rendering/object.dart:5774:5)
#5      _RenderObjectSemantics._collectChildMergeUpAndSiblingGroup (package:flutter/src/rendering/object.dart:5697:22)
#6      _RenderObjectSemantics.updateChildren (package:flutter/src/rendering/object.dart:5573:50)
#7      _RenderObjectSemantics._didUpdateParentData (package:flutter/src/rendering/object.dart:5774:5)
#8      _RenderObjectSemantics._collectChildMergeUpAndSiblingGroup (package:flutter/src/rendering/object.dart:5697:22)
#9      _RenderObjectSemantics.updateChildren (package:flutter/src/rendering/object.dart:5573:50)
#10     _RenderObjectSemantics._didUpdateParentData (package:flutter/src/rendering/object.dart:5774:5)
#11     _RenderObjectSemantics._collectChildMergeUpAndSiblingGroup (package:flutter/src/rendering/object.dart:5697:22)
#12     _RenderObjectSemantics.updateChildren (package:flutter/src/rendering/object.dart:5573:50)
#13     _RenderObjectSemantics._didUpdateParentData (package:flutter/src/rendering/object.dart:5774:5)
#14     _RenderObjectSemantics._collectChildMergeUpAndSiblingGroup (package:flutter/src/rendering/object.dart:5697:22)
#15     _RenderObjectSemantics.updateChildren (package:flutter/src/rendering/object.dart:5573:50)
#16     _RenderObjectSemantics._didUpdateParentData (package:flutter/src/rendering/object.dart:5774:5)
#17     _RenderObjectSemantics._collectChildMergeUpAndSiblingGroup (package:flutter/src/rendering/object.dart:5697:22)
#18     _RenderObjectSemantics.updateChildren (package:flutter/src/rendering/object.dart:5573:50)
#19     _RenderObjectSemantics._didUpdateParentData (package:flutter/src/rendering/object.dart:5774:5)
#20     _RenderObjectSemantics._collectChildMergeUpAndSiblingGroup (package:flutter/src/rendering/object.dart:5697:22)
#21     _RenderObjectSemantics.updateChildren (package:flutter/src/rendering/object.dart:5573:50)
#22     _RenderObjectSemantics._didUpdateParentData (package:flutter/src/rendering/object.dart:5774:5)
#23     _RenderObjectSemantics._collectChildMergeUpAndSiblingGroup (package:flutter/src/rendering/object.dart:5697:22)
#24     _RenderObjectSemantics.updateChildren (package:flutter/src/rendering/object.dart:5573:50)
#25     _RenderObjectSemantics._didUpdateParentData (package:flutter/src/rendering/object.dart:5774:5)
#26     _RenderObjectSemantics._collectChildMergeUpAndSiblingGroup (package:flutter/src/rendering/object.dart:5697:22)
#27     _RenderObjectSemantics.updateChildren (package:flutter/src/rendering/object.dart:5573:50)
#28     _RenderObjectSemantics._didUpdateParentData (package:flutter/src/rendering/object.dart:5774:5)
#29     _RenderObjectSemantics._collectChildMergeUpAndSiblingGroup (package:flutter/src/rendering/object.dart:5697:22)
#30     _RenderObjectSemantics.updateChildren (package:flutter/src/rendering/object.dart:5573:50)
#31     _RenderObjectSemantics._didUpdateParentData (package:flutter/src/rendering/object.dart:5774:5)
#32     _RenderObjectSemantics._collectChildMergeUpAndSiblingGroup (package:flutter/src/rendering/object.dart:5697:22)
#33     _RenderObjectSemantics.updateChildren (package:flutter/src/rendering/object.dart:5573:50)
#34     _RenderObjectSemantics._didUpdateParentData (package:flutter/src/rendering/object.dart:5774:5)
#35     _RenderObjectSemantics._collectChildMergeUpAndSiblingGroup (package:flutter/src/rendering/object.dart:5697:22)
#36     _RenderObjectSemantics.updateChildren (package:flutter/src/rendering/object.dart:5573:50)
#37     _RenderObjectSemantics._didUpdateParentData (package:flutter/src/rendering/object.dart:5774:5)
#38     _RenderObjectSemantics._collectChildMergeUpAndSiblingGroup (package:flutter/src/rendering/object.dart:5697:22)
#39     _RenderObjectSemantics.updateChildren (package:flutter/src/rendering/object.dart:5573:50)
#40     _RenderObjectSemantics._didUpdateParentData (package:flutter/src/rendering/object.dart:5774:5)
#41     _RenderObjectSemantics._collectChildMergeUpAndSiblingGroup (package:flutter/src/rendering/object.dart:5697:22)
#42     _RenderObjectSemantics.updateChildren (package:flutter/src/rendering/object.dart:5573:50)
#43     _RenderObjectSemantics._didUpdateParentData (package:flutter/src/rendering/object.dart:5774:5)
#44     _RenderObjectSemantics._collectChildMergeUpAndSiblingGroup (package:flutter/src/rendering/object.dart:5697:22)
#45     _RenderObjectSemantics.updateChildren (package:flutter/src/rendering/object.dart:5573:50)
#46     _RenderObjectSemantics._didUpdateParentData (package:flutter/src/rendering/object.dart:5774:5)
#47     _RenderObjectSemantics._collectChildMergeUpAndSiblingGroup (package:flutter/src/rendering/object.dart:5697:22)
#48     _RenderObjectSemantics.updateChildren (package:flutter/src/rendering/object.dart:5573:50)
#49     _RenderObjectSemantics._didUpdateParentData (package:flutter/src/rendering/object.dart:5774:5)
#50     _RenderObjectSemantics._collectChildMergeUpAndSiblingGroup (package:flutter/src/rendering/object.dart:5697:22)
#51     _RenderObjectSemantics.updateChildren (package:flutter/src/rendering/object.dart:5573:50)
#52     _RenderObjectSemantics._didUpdateParentData (package:flutter/src/rendering/object.dart:5774:5)
#53     _RenderObjectSemantics._collectChildMergeUpAndSiblingGroup (package:flutter/src/rendering/object.dart:5697:22)
#54     _RenderObjectSemantics.updateChildren (package:flutter/src/rendering/object.dart:5573:50)
#55     _RenderObjectSemantics._didUpdateParentData (package:flutter/src/rendering/object.dart:5774:5)
#56     _RenderObjectSemantics._collectChildMergeUpAndSiblingGroup (package:flutter/src/rendering/object.dart:5697:22)
#57     _RenderObjectSemantics.updateChildren (package:flutter/src/rendering/object.dart:5573:50)
#58     _RenderObjectSemantics._didUpdateParentData (package:flutter/src/rendering/object.dart:5774:5)
#59     _RenderObjectSemantics._collectChildMergeUpAndSiblingGroup (package:flutter/src/rendering/object.dart:5697:22)
#60     _RenderObjectSemantics.updateChildren (package:flutter/src/rendering/object.dart:5573:50)
#61     _RenderObjectSemantics._didUpdateParentData (package:flutter/src/rendering/object.dart:5774:5)
#62     _RenderObjectSemantics._collectChildMergeUpAndSiblingGroup (package:flutter/src/rendering/object.dart:5697:22)
#63     _RenderObjectSemantics.updateChildren (package:flutter/src/rendering/object.dart:5573:50)
#64     _RenderObjectSemantics._didUpdateParentData (package:flutter/src/rendering/object.dart:5774:5)
#65     _RenderObjectSemantics._collectChildMergeUpAndSiblingGroup (package:flutter/src/rendering/object.dart:5697:22)
#66     _RenderObjectSemantics.updateChildren (package:flutter/src/rendering/object.dart:5573:50)
#67     _RenderObjectSemantics._didUpdateParentData (package:flutter/src/rendering/object.dart:5774:5)
#68     _RenderObjectSemantics._collectChildMergeUpAndSiblingGroup (package:flutter/src/rendering/object.dart:5697:22)
#69     _RenderObjectSemantics.updateChildren (package:flutter/src/rendering/object.dart:5573:50)
#70     _RenderObjectSemantics._didUpdateParentData (package:flutter/src/rendering/object.dart:5774:5)
#71     _RenderObjectSemantics._collectChildMergeUpAndSiblingGroup (package:flutter/src/rendering/object.dart:5697:22)
#72     _RenderObjectSemantics.updateChildren (package:flutter/src/rendering/object.dart:5573:50)
#73     _RenderObjectSemantics._didUpdateParentData (package:flutter/src/rendering/object.dart:5774:5)
#74     _RenderObjectSemantics._collectChildMergeUpAndSiblingGroup (package:flutter/src/rendering/object.dart:5697:22)
#75     _RenderObjectSemantics.updateChildren (package:flutter/src/rendering/object.dart:5573:50)
#76     _RenderObjectSemantics._didUpdateParentData (package:flutter/src/rendering/object.dart:5774:5)
#77     _RenderObjectSemantics._collectChildMergeUpAndSiblingGroup (package:flutter/src/rendering/object.dart:5697:22)
#78     _RenderObjectSemantics.updateChildren (package:flutter/src/rendering/object.dart:5573:50)
#79     _RenderObjectSemantics._didUpdateParentData (package:flutter/src/rendering/object.dart:5774:5)
#80     _RenderObjectSemantics._collectChildMergeUpAndSiblingGroup (package:flutter/src/rendering/object.dart:5697:22)
#81     _RenderObjectSemantics.updateChildren (package:flutter/src/rendering/object.dart:5573:50)
#82     _RenderObjectSemantics._didUpdateParentData (package:flutter/src/rendering/object.dart:5774:5)
#83     _RenderObjectSemantics._collectChildMergeUpAndSiblingGroup (package:flutter/src/rendering/object.dart:5697:22)
#84     _RenderObjectSemantics.updateChildren (package:flutter/src/rendering/object.dart:5573:50)
#85     _RenderObjectSemantics._didUpdateParentData (package:flutter/src/rendering/object.dart:5774:5)
#86     _RenderObjectSemantics._collectChildMergeUpAndSiblingGroup (package:flutter/src/rendering/object.dart:5697:22)
#87     _RenderObjectSemantics.updateChildren (package:flutter/src/rendering/object.dart:5573:50)
#88     _RenderObjectSemantics._didUpdateParentData (package:flutter/src/rendering/object.dart:5774:5)
#89     _RenderObjectSemantics._collectChildMergeUpAndSiblingGroup (package:flutter/src/rendering/object.dart:5697:22)
#90     _RenderObjectSemantics.updateChildren (package:flutter/src/rendering/object.dart:5573:50)
#91     _RenderObjectSemantics._didUpdateParentData (package:flutter/src/rendering/object.dart:5774:5)
#92     _RenderObjectSemantics._collectChildMergeUpAndSiblingGroup (package:flutter/src/rendering/object.dart:5697:22)
#93     _RenderObjectSemantics.updateChildren (package:flutter/src/rendering/object.dart:5573:50)
#94     _RenderObjectSemantics._didUpdateParentData (package:flutter/src/rendering/object.dart:5774:5)
#95     _RenderObjectSemantics._collectChildMergeUpAndSiblingGroup (package:flutter/src/rendering/object.dart:5697:22)
#96     _RenderObjectSemantics.updateChildren (package:flutter/src/rendering/object.dart:5573:50)
#97     _RenderObjectSemantics._didUpdateParentData (package:flutter/src/rendering/object.dart:5774:5)
#98     _RenderObjectSemantics._collectChildMergeUpAndSiblingGroup (package:flutter/src/rendering/object.dart:5697:22)
#99     _RenderObjectSemantics.updateChildren (package:flutter/src/rendering/object.dart:5573:50)
#100    _RenderObjectSemantics._didUpdateParentData (package:flutter/src/rendering/object.dart:5774:5)
#101    _RenderObjectSemantics._collectChildMergeUpAndSiblingGroup (package:flutter/src/rendering/object.dart:5697:22)
#102    _RenderObjectSemantics.updateChildren (package:flutter/src/rendering/object.dart:5573:50)
#103    _RenderObjectSemantics._didUpdateParentData (package:flutter/src/rendering/object.dart:5774:5)
#104    _RenderObjectSemantics._collectChildMergeUpAndSiblingGroup (package:flutter/src/rendering/object.dart:5697:22)
#105    _RenderObjectSemantics.updateChildren (package:flutter/src/rendering/object.dart:5573:50)
#106    _RenderObjectSemantics._didUpdateParentData (package:flutter/src/rendering/object.dart:5774:5)
#107    _RenderObjectSemantics._collectChildMergeUpAndSiblingGroup (package:flutter/src/rendering/object.dart:5697:22)
#108    _RenderObjectSemantics.updateChildren (package:flutter/src/rendering/object.dart:5573:50)
#109    _RenderObjectSemantics._didUpdateParentData (package:flutter/src/rendering/object.dart:5774:5)
#110    _RenderObjectSemantics._collectChildMergeUpAndSiblingGroup (package:flutter/src/rendering/object.dart:5697:22)
#111    _RenderObjectSemantics.updateChildren (package:flutter/src/rendering/object.dart:5573:50)
#112    _RenderObjectSemantics._didUpdateParentData (package:flutter/src/rendering/object.dart:5774:5)
#113    _RenderObjectSemantics._collectChildMergeUpAndSiblingGroup (package:flutter/src/rendering/object.dart:5697:22)
#114    _RenderObjectSemantics.updateChildren (package:flutter/src/rendering/object.dart:5573:50)
#115    _RenderObjectSemantics._didUpdateParentData (package:flutter/src/rendering/object.dart:5774:5)
#116    _RenderObjectSemantics._collectChildMergeUpAndSiblingGroup (package:flutter/src/rendering/object.dart:5697:22)
#117    _RenderObjectSemantics.updateChildren (package:flutter/src/rendering/object.dart:5573:50)
#118    _RenderObjectSemantics._didUpdateParentData (package:flutter/src/rendering/object.dart:5774:5)
#119    _RenderObjectSemantics._collectChildMergeUpAndSiblingGroup (package:flutter/src/rendering/object.dart:5697:22)
#120    _RenderObjectSemantics.updateChildren (package:flutter/src/rendering/object.dart:5573:50)
#121    _RenderObjectSemantics._didUpdateParentData (package:flutter/src/rendering/object.dart:5774:5)
#122    _RenderObjectSemantics._collectChildMergeUpAndSiblingGroup (package:flutter/src/rendering/object.dart:5697:22)
#123    _RenderObjectSemantics.updateChildren (package:flutter/src/rendering/object.dart:5573:50)
#124    _RenderObjectSemantics._didUpdateParentData (package:flutter/src/rendering/object.dart:5774:5)
#125    _RenderObjectSemantics._collectChildMergeUpAndSiblingGroup (package:flutter/src/rendering/object.dart:5697:22)
#126    _RenderObjectSemantics.updateChildren (package:flutter/src/rendering/object.dart:5573:50)
#127    _RenderObjectSemantics._didUpdateParentData (package:flutter/src/rendering/object.dart:5774:5)
#128    _RenderObjectSemantics._collectChildMergeUpAndSiblingGroup (package:flutter/src/rendering/object.dart:5697:22)
#129    _RenderObjectSemantics.updateChildren (package:flutter/src/rendering/object.dart:5573:50)
#130    _RenderObjectSemantics._didUpdateParentData (package:flutter/src/rendering/object.dart:5774:5)
#131    _RenderObjectSemantics._collectChildMergeUpAndSiblingGroup (package:flutter/src/rendering/object.dart:5697:22)
#132    _RenderObjectSemantics.updateChildren (package:flutter/src/rendering/object.dart:5573:50)
#133    _RenderObjectSemantics._didUpdateParentData (package:flutter/src/rendering/object.dart:5774:5)
#134    _RenderObjectSemantics._collectChildMergeUpAndSiblingGroup (package:flutter/src/rendering/object.dart:5697:22)
#135    _RenderObjectSemantics.updateChildren (package:flutter/src/rendering/object.dart:5573:50)
#136    _RenderObjectSemantics._didUpdateParentData (package:flutter/src/rendering/object.dart:5774:5)
#137    _RenderObjectSemantics._collectChildMergeUpAndSiblingGroup (package:flutter/src/rendering/object.dart:5697:22)
#138    _RenderObjectSemantics.updateChildren (package:flutter/src/rendering/object.dart:5573:50)
#139    _RenderObjectSemantics._didUpdateParentData (package:flutter/src/rendering/object.dart:5774:5)
#140    _RenderObjectSemantics._collectChildMergeUpAndSiblingGroup (package:flutter/src/rendering/object.dart:5697:22)
#141    _RenderObjectSemantics.updateChildren (package:flutter/src/rendering/object.dart:5573:50)
#142    _RenderObjectSemantics._didUpdateParentData (package:flutter/src/rendering/object.dart:5774:5)
#143    _RenderObjectSemantics._collectChildMergeUpAndSiblingGroup (package:flutter/src/rendering/object.dart:5697:22)
#144    _RenderObjectSemantics.updateChildren (package:flutter/src/rendering/object.dart:5573:50)
#145    _RenderObjectSemantics._didUpdateParentData (package:flutter/src/rendering/object.dart:5774:5)
#146    _RenderObjectSemantics._collectChildMergeUpAndSiblingGroup (package:flutter/src/rendering/object.dart:5697:22)
#147    _RenderObjectSemantics.updateChildren (package:flutter/src/rendering/object.dart:5573:50)
#148    _RenderObjectSemantics._didUpdateParentData (package:flutter/src/rendering/object.dart:5774:5)
#149    _RenderObjectSemantics._collectChildMergeUpAndSiblingGroup (package:flutter/src/rendering/object.dart:5697:22)
#150    _RenderObjectSemantics.updateChildren (package:flutter/src/rendering/object.dart:5573:50)
#151    _RenderObjectSemantics._didUpdateParentData (package:flutter/src/rendering/object.dart:5774:5)
#152    _RenderObjectSemantics._collectChildMergeUpAndSiblingGroup (package:flutter/src/rendering/object.dart:5697:22)
#153    _RenderObjectSemantics.updateChildren (package:flutter/src/rendering/object.dart:5573:50)
#154    _RenderObjectSemantics._didUpdateParentData (package:flutter/src/rendering/object.dart:5774:5)
#155    _RenderObjectSemantics._collectChildMergeUpAndSiblingGroup (package:flutter/src/rendering/object.dart:5697:22)
#156    _RenderObjectSemantics.updateChildren (package:flutter/src/rendering/object.dart:5573:50)
#157    _RenderObjectSemantics._didUpdateParentData (package:flutter/src/rendering/object.dart:5774:5)
#158    _RenderObjectSemantics._collectChildMergeUpAndSiblingGroup (package:flutter/src/rendering/object.dart:5697:22)
#159    _RenderObjectSemantics.updateChildren (package:flutter/src/rendering/object.dart:5573:50)
#160    _RenderObjectSemantics._didUpdateParentData (package:flutter/src/rendering/object.dart:5774:5)
#161    _RenderObjectSemantics._collectChildMergeUpAndSiblingGroup (package:flutter/src/rendering/object.dart:5697:22)
#162    _RenderObjectSemantics.updateChildren (package:flutter/src/rendering/object.dart:5573:50)
#163    _RenderObjectSemantics._didUpdateParentData (package:flutter/src/rendering/object.dart:5774:5)
#164    _RenderObjectSemantics._collectChildMergeUpAndSiblingGroup (package:flutter/src/rendering/object.dart:5697:22)
#165    _RenderObjectSemantics.updateChildren (package:flutter/src/rendering/object.dart:5573:50)
#166    _RenderObjectSemantics._didUpdateParentData (package:flutter/src/rendering/object.dart:5774:5)
#167    _RenderObjectSemantics._collectChildMergeUpAndSiblingGroup (package:flutter/src/rendering/object.dart:5697:22)
#168    _RenderObjectSemantics.updateChildren (package:flutter/src/rendering/object.dart:5573:50)
#169    _RenderObjectSemantics._didUpdateParentData (package:flutter/src/rendering/object.dart:5774:5)
#170    _RenderObjectSemantics._collectChildMergeUpAndSiblingGroup (package:flutter/src/rendering/object.dart:5697:22)
#171    _RenderObjectSemantics.updateChildren (package:flutter/src/rendering/object.dart:5573:50)
#172    _RenderObjectSemantics._didUpdateParentData (package:flutter/src/rendering/object.dart:5774:5)
#173    _RenderObjectSemantics._collectChildMergeUpAndSiblingGroup (package:flutter/src/rendering/object.dart:5697:22)
#174    _RenderObjectSemantics.updateChildren (package:flutter/src/rendering/object.dart:5573:50)
#175    PipelineOwner.flushSemantics (package:flutter/src/rendering/object.dart:1470:25)
#176    PipelineOwner.flushSemantics (package:flutter/src/rendering/object.dart:1514:15)
#177    AutomatedTestWidgetsFlutterBinding.drawFrame (package:flutter_test/src/binding.dart:1519:35)
#178    RendererBinding._handlePersistentFrameCallback (package:flutter/src/rendering/binding.dart:495:5)
#179    SchedulerBinding._invokeFrameCallback (package:flutter/src/scheduler/binding.dart:1434:15)
#180    SchedulerBinding.handleDrawFrame (package:flutter/src/scheduler/binding.dart:1347:9)
#181    AutomatedTestWidgetsFlutterBinding.pump.<anonymous closure> (package:flutter_test/src/binding.dart:1335:9)
#184    TestAsyncUtils.guard (package:flutter_test/src/test_async_utils.dart:74:41)
#185    AutomatedTestWidgetsFlutterBinding.pump (package:flutter_test/src/binding.dart:1324:27)
#186    WidgetTester.pumpAndSettle.<anonymous closure> (package:flutter_test/src/widget_tester.dart:719:23)
<asynchronous suspension>
#187    TestAsyncUtils.guard.<anonymous closure> (package:flutter_test/src/test_async_utils.dart:130:27)
<asynchronous suspension>
#188    main.<anonymous closure> (file:///D:/Mystery/programming/projects/PYTHON_PROJECTS/focus/focus_gg/focus_flutter/test/widget_test.dart:20:5)
<asynchronous suspension>
#189    testWidgets.<anonymous closure>.<anonymous closure> (package:flutter_test/src/widget_tester.dart:192:15)
<asynchronous suspension>
#190    TestWidgetsFlutterBinding._runTestBody (package:flutter_test/src/binding.dart:1059:5)
<asynchronous suspension>
<asynchronous suspension>
(elided 5 frames from class _AssertionError, dart:async, and package:stack_trace)
ΓòÉΓòÉΓòÉΓòÉΓòÉΓòÉΓòÉΓòÉΓòÉΓòÉΓòÉΓòÉΓòÉΓòÉΓòÉΓòÉΓòÉΓòÉΓòÉΓòÉΓòÉΓòÉΓòÉΓòÉΓòÉΓòÉΓòÉΓòÉΓòÉΓòÉΓòÉΓòÉΓòÉΓòÉΓòÉΓòÉΓòÉΓòÉΓòÉΓòÉΓòÉΓòÉΓòÉΓòÉΓòÉΓòÉΓòÉΓòÉΓòÉΓòÉΓòÉΓòÉΓòÉΓòÉΓòÉΓòÉΓòÉΓòÉΓòÉΓòÉΓòÉΓòÉΓòÉΓòÉΓòÉΓòÉΓòÉΓòÉΓòÉΓòÉΓòÉΓòÉΓòÉΓòÉΓòÉΓòÉΓòÉΓòÉΓòÉΓòÉΓòÉΓòÉΓòÉΓòÉΓòÉΓòÉΓòÉΓòÉΓòÉΓòÉΓòÉΓòÉΓòÉΓòÉΓòÉΓòÉΓòÉΓòÉΓòÉΓòÉ
ΓòÉΓòÉΓòí EXCEPTION CAUGHT BY SCHEDULER LIBRARY Γò₧ΓòÉΓòÉΓòÉΓòÉΓòÉΓòÉΓòÉΓòÉΓòÉΓòÉΓòÉΓòÉΓòÉΓòÉΓòÉΓòÉΓòÉΓòÉΓòÉΓòÉΓòÉΓòÉΓòÉΓòÉΓòÉΓòÉΓòÉΓòÉΓòÉΓòÉΓòÉΓòÉΓòÉΓòÉΓòÉΓòÉΓòÉΓòÉΓòÉΓòÉΓòÉΓòÉΓòÉΓòÉΓòÉΓòÉΓòÉΓòÉΓòÉΓòÉΓòÉΓòÉΓòÉΓòÉΓòÉΓòÉΓòÉ
The following assertion was thrown during a scheduler callback:
'package:flutter/src/rendering/object.dart': Failed assertion: line 5696 pos 14:
'!childSemantics.renderObject._needsLayout': is not true.

Either the assertion indicates an error in the framework itself, or we should provide substantially
more information in this error message to help you determine and fix the underlying cause.
In either case, please report this assertion by filing a bug on GitHub:
  https://github.com/flutter/flutter/issues/new?template=02_bug.yml

When the exception was thrown, this was the stack:
#2      _RenderObjectSemantics._collectChildMergeUpAndSiblingGroup (package:flutter/src/rendering/object.dart:5696:14)
#3      _RenderObjectSemantics.updateChildren (package:flutter/src/rendering/object.dart:5573:50)
#4      _RenderObjectSemantics._didUpdateParentData (package:flutter/src/rendering/object.dart:5774:5)
#5      _RenderObjectSemantics._collectChildMergeUpAndSiblingGroup (package:flutter/src/rendering/object.dart:5697:22)
#6      _RenderObjectSemantics.updateChildren (package:flutter/src/rendering/object.dart:5573:50)
#7      _RenderObjectSemantics._didUpdateParentData (package:flutter/src/rendering/object.dart:5774:5)
#8      _RenderObjectSemantics._collectChildMergeUpAndSiblingGroup (package:flutter/src/rendering/object.dart:5697:22)
#9      _RenderObjectSemantics.updateChildren (package:flutter/src/rendering/object.dart:5573:50)
#10     _RenderObjectSemantics._didUpdateParentData (package:flutter/src/rendering/object.dart:5774:5)
#11     _RenderObjectSemantics._collectChildMergeUpAndSiblingGroup (package:flutter/src/rendering/object.dart:5697:22)
#12     _RenderObjectSemantics.updateChildren (package:flutter/src/rendering/object.dart:5573:50)
#13     _RenderObjectSemantics._didUpdateParentData (package:flutter/src/rendering/object.dart:5774:5)
#14     _RenderObjectSemantics._collectChildMergeUpAndSiblingGroup (package:flutter/src/rendering/object.dart:5697:22)
#15     _RenderObjectSemantics.updateChildren (package:flutter/src/rendering/object.dart:5573:50)
#16     _RenderObjectSemantics._didUpdateParentData (package:flutter/src/rendering/object.dart:5774:5)
#17     _RenderObjectSemantics._collectChildMergeUpAndSiblingGroup (package:flutter/src/rendering/object.dart:5697:22)
#18     _RenderObjectSemantics.updateChildren (package:flutter/src/rendering/object.dart:5573:50)
#19     _RenderObjectSemantics._didUpdateParentData (package:flutter/src/rendering/object.dart:5774:5)
#20     _RenderObjectSemantics._collectChildMergeUpAndSiblingGroup (package:flutter/src/rendering/object.dart:5697:22)
#21     _RenderObjectSemantics.updateChildren (package:flutter/src/rendering/object.dart:5573:50)
#22     _RenderObjectSemantics._didUpdateParentData (package:flutter/src/rendering/object.dart:5774:5)
#23     _RenderObjectSemantics._collectChildMergeUpAndSiblingGroup (package:flutter/src/rendering/object.dart:5697:22)
#24     _RenderObjectSemantics.updateChildren (package:flutter/src/rendering/object.dart:5573:50)
#25     _RenderObjectSemantics._didUpdateParentData (package:flutter/src/rendering/object.dart:5774:5)
#26     _RenderObjectSemantics._collectChildMergeUpAndSiblingGroup (package:flutter/src/rendering/object.dart:5697:22)
#27     _RenderObjectSemantics.updateChildren (package:flutter/src/rendering/object.dart:5573:50)
#28     _RenderObjectSemantics._didUpdateParentData (package:flutter/src/rendering/object.dart:5774:5)
#29     _RenderObjectSemantics._collectChildMergeUpAndSiblingGroup (package:flutter/src/rendering/object.dart:5697:22)
#30     _RenderObjectSemantics.updateChildren (package:flutter/src/rendering/object.dart:5573:50)
#31     _RenderObjectSemantics._didUpdateParentData (package:flutter/src/rendering/object.dart:5774:5)
#32     _RenderObjectSemantics._collectChildMergeUpAndSiblingGroup (package:flutter/src/rendering/object.dart:5697:22)
#33     _RenderObjectSemantics.updateChildren (package:flutter/src/rendering/object.dart:5573:50)
#34     _RenderObjectSemantics._didUpdateParentData (package:flutter/src/rendering/object.dart:5774:5)
#35     _RenderObjectSemantics._collectChildMergeUpAndSiblingGroup (package:flutter/src/rendering/object.dart:5697:22)
#36     _RenderObjectSemantics.updateChildren (package:flutter/src/rendering/object.dart:5573:50)
#37     _RenderObjectSemantics._didUpdateParentData (package:flutter/src/rendering/object.dart:5774:5)
#38     _RenderObjectSemantics._collectChildMergeUpAndSiblingGroup (package:flutter/src/rendering/object.dart:5697:22)
#39     _RenderObjectSemantics.updateChildren (package:flutter/src/rendering/object.dart:5573:50)
#40     _RenderObjectSemantics._didUpdateParentData (package:flutter/src/rendering/object.dart:5774:5)
#41     _RenderObjectSemantics._collectChildMergeUpAndSiblingGroup (package:flutter/src/rendering/object.dart:5697:22)
#42     _RenderObjectSemantics.updateChildren (package:flutter/src/rendering/object.dart:5573:50)
#43     _RenderObjectSemantics._didUpdateParentData (package:flutter/src/rendering/object.dart:5774:5)
#44     _RenderObjectSemantics._collectChildMergeUpAndSiblingGroup (package:flutter/src/rendering/object.dart:5697:22)
#45     _RenderObjectSemantics.updateChildren (package:flutter/src/rendering/object.dart:5573:50)
#46     _RenderObjectSemantics._didUpdateParentData (package:flutter/src/rendering/object.dart:5774:5)
#47     _RenderObjectSemantics._collectChildMergeUpAndSiblingGroup (package:flutter/src/rendering/object.dart:5697:22)
#48     _RenderObjectSemantics.updateChildren (package:flutter/src/rendering/object.dart:5573:50)
#49     _RenderObjectSemantics._didUpdateParentData (package:flutter/src/rendering/object.dart:5774:5)
#50     _RenderObjectSemantics._collectChildMergeUpAndSiblingGroup (package:flutter/src/rendering/object.dart:5697:22)
#51     _RenderObjectSemantics.updateChildren (package:flutter/src/rendering/object.dart:5573:50)
#52     _RenderObjectSemantics._didUpdateParentData (package:flutter/src/rendering/object.dart:5774:5)
#53     _RenderObjectSemantics._collectChildMergeUpAndSiblingGroup (package:flutter/src/rendering/object.dart:5697:22)
#54     _RenderObjectSemantics.updateChildren (package:flutter/src/rendering/object.dart:5573:50)
#55     _RenderObjectSemantics._didUpdateParentData (package:flutter/src/rendering/object.dart:5774:5)
#56     _RenderObjectSemantics._collectChildMergeUpAndSiblingGroup (package:flutter/src/rendering/object.dart:5697:22)
#57     _RenderObjectSemantics.updateChildren (package:flutter/src/rendering/object.dart:5573:50)
#58     _RenderObjectSemantics._didUpdateParentData (package:flutter/src/rendering/object.dart:5774:5)
#59     _RenderObjectSemantics._collectChildMergeUpAndSiblingGroup (package:flutter/src/rendering/object.dart:5697:22)
#60     _RenderObjectSemantics.updateChildren (package:flutter/src/rendering/object.dart:5573:50)
#61     _RenderObjectSemantics._didUpdateParentData (package:flutter/src/rendering/object.dart:5774:5)
#62     _RenderObjectSemantics._collectChildMergeUpAndSiblingGroup (package:flutter/src/rendering/object.dart:5697:22)
#63     _RenderObjectSemantics.updateChildren (package:flutter/src/rendering/object.dart:5573:50)
#64     _RenderObjectSemantics._didUpdateParentData (package:flutter/src/rendering/object.dart:5774:5)
#65     _RenderObjectSemantics._collectChildMergeUpAndSiblingGroup (package:flutter/src/rendering/object.dart:5697:22)
#66     _RenderObjectSemantics.updateChildren (package:flutter/src/rendering/object.dart:5573:50)
#67     _RenderObjectSemantics._didUpdateParentData (package:flutter/src/rendering/object.dart:5774:5)
#68     _RenderObjectSemantics._collectChildMergeUpAndSiblingGroup (package:flutter/src/rendering/object.dart:5697:22)
#69     _RenderObjectSemantics.updateChildren (package:flutter/src/rendering/object.dart:5573:50)
#70     _RenderObjectSemantics._didUpdateParentData (package:flutter/src/rendering/object.dart:5774:5)
#71     _RenderObjectSemantics._collectChildMergeUpAndSiblingGroup (package:flutter/src/rendering/object.dart:5697:22)
#72     _RenderObjectSemantics.updateChildren (package:flutter/src/rendering/object.dart:5573:50)
#73     _RenderObjectSemantics._didUpdateParentData (package:flutter/src/rendering/object.dart:5774:5)
#74     _RenderObjectSemantics._collectChildMergeUpAndSiblingGroup (package:flutter/src/rendering/object.dart:5697:22)
#75     _RenderObjectSemantics.updateChildren (package:flutter/src/rendering/object.dart:5573:50)
#76     _RenderObjectSemantics._didUpdateParentData (package:flutter/src/rendering/object.dart:5774:5)
#77     _RenderObjectSemantics._collectChildMergeUpAndSiblingGroup (package:flutter/src/rendering/object.dart:5697:22)
#78     _RenderObjectSemantics.updateChildren (package:flutter/src/rendering/object.dart:5573:50)
#79     _RenderObjectSemantics._didUpdateParentData (package:flutter/src/rendering/object.dart:5774:5)
#80     _RenderObjectSemantics._collectChildMergeUpAndSiblingGroup (package:flutter/src/rendering/object.dart:5697:22)
#81     _RenderObjectSemantics.updateChildren (package:flutter/src/rendering/object.dart:5573:50)
#82     _RenderObjectSemantics._didUpdateParentData (package:flutter/src/rendering/object.dart:5774:5)
#83     _RenderObjectSemantics._collectChildMergeUpAndSiblingGroup (package:flutter/src/rendering/object.dart:5697:22)
#84     _RenderObjectSemantics.updateChildren (package:flutter/src/rendering/object.dart:5573:50)
#85     _RenderObjectSemantics._didUpdateParentData (package:flutter/src/rendering/object.dart:5774:5)
#86     _RenderObjectSemantics._collectChildMergeUpAndSiblingGroup (package:flutter/src/rendering/object.dart:5697:22)
#87     _RenderObjectSemantics.updateChildren (package:flutter/src/rendering/object.dart:5573:50)
#88     _RenderObjectSemantics._didUpdateParentData (package:flutter/src/rendering/object.dart:5774:5)
#89     _RenderObjectSemantics._collectChildMergeUpAndSiblingGroup (package:flutter/src/rendering/object.dart:5697:22)
#90     _RenderObjectSemantics.updateChildren (package:flutter/src/rendering/object.dart:5573:50)
#91     _RenderObjectSemantics._didUpdateParentData (package:flutter/src/rendering/object.dart:5774:5)
#92     _RenderObjectSemantics._collectChildMergeUpAndSiblingGroup (package:flutter/src/rendering/object.dart:5697:22)
#93     _RenderObjectSemantics.updateChildren (package:flutter/src/rendering/object.dart:5573:50)
#94     _RenderObjectSemantics._didUpdateParentData (package:flutter/src/rendering/object.dart:5774:5)
#95     _RenderObjectSemantics._collectChildMergeUpAndSiblingGroup (package:flutter/src/rendering/object.dart:5697:22)
#96     _RenderObjectSemantics.updateChildren (package:flutter/src/rendering/object.dart:5573:50)
#97     _RenderObjectSemantics._didUpdateParentData (package:flutter/src/rendering/object.dart:5774:5)
#98     _RenderObjectSemantics._collectChildMergeUpAndSiblingGroup (package:flutter/src/rendering/object.dart:5697:22)
#99     _RenderObjectSemantics.updateChildren (package:flutter/src/rendering/object.dart:5573:50)
#100    _RenderObjectSemantics._didUpdateParentData (package:flutter/src/rendering/object.dart:5774:5)
#101    _RenderObjectSemantics._collectChildMergeUpAndSiblingGroup (package:flutter/src/rendering/object.dart:5697:22)
#102    _RenderObjectSemantics.updateChildren (package:flutter/src/rendering/object.dart:5573:50)
#103    _RenderObjectSemantics._didUpdateParentData (package:flutter/src/rendering/object.dart:5774:5)
#104    _RenderObjectSemantics._collectChildMergeUpAndSiblingGroup (package:flutter/src/rendering/object.dart:5697:22)
#105    _RenderObjectSemantics.updateChildren (package:flutter/src/rendering/object.dart:5573:50)
#106    _RenderObjectSemantics._didUpdateParentData (package:flutter/src/rendering/object.dart:5774:5)
#107    _RenderObjectSemantics._collectChildMergeUpAndSiblingGroup (package:flutter/src/rendering/object.dart:5697:22)
#108    _RenderObjectSemantics.updateChildren (package:flutter/src/rendering/object.dart:5573:50)
#109    _RenderObjectSemantics._didUpdateParentData (package:flutter/src/rendering/object.dart:5774:5)
#110    _RenderObjectSemantics._collectChildMergeUpAndSiblingGroup (package:flutter/src/rendering/object.dart:5697:22)
#111    _RenderObjectSemantics.updateChildren (package:flutter/src/rendering/object.dart:5573:50)
#112    _RenderObjectSemantics._didUpdateParentData (package:flutter/src/rendering/object.dart:5774:5)
#113    _RenderObjectSemantics._collectChildMergeUpAndSiblingGroup (package:flutter/src/rendering/object.dart:5697:22)
#114    _RenderObjectSemantics.updateChildren (package:flutter/src/rendering/object.dart:5573:50)
#115    _RenderObjectSemantics._didUpdateParentData (package:flutter/src/rendering/object.dart:5774:5)
#116    _RenderObjectSemantics._collectChildMergeUpAndSiblingGroup (package:flutter/src/rendering/object.dart:5697:22)
#117    _RenderObjectSemantics.updateChildren (package:flutter/src/rendering/object.dart:5573:50)
#118    _RenderObjectSemantics._didUpdateParentData (package:flutter/src/rendering/object.dart:5774:5)
#119    _RenderObjectSemantics._collectChildMergeUpAndSiblingGroup (package:flutter/src/rendering/object.dart:5697:22)
#120    _RenderObjectSemantics.updateChildren (package:flutter/src/rendering/object.dart:5573:50)
#121    _RenderObjectSemantics._didUpdateParentData (package:flutter/src/rendering/object.dart:5774:5)
#122    _RenderObjectSemantics._collectChildMergeUpAndSiblingGroup (package:flutter/src/rendering/object.dart:5697:22)
#123    _RenderObjectSemantics.updateChildren (package:flutter/src/rendering/object.dart:5573:50)
#124    _RenderObjectSemantics._didUpdateParentData (package:flutter/src/rendering/object.dart:5774:5)
#125    _RenderObjectSemantics._collectChildMergeUpAndSiblingGroup (package:flutter/src/rendering/object.dart:5697:22)
#126    _RenderObjectSemantics.updateChildren (package:flutter/src/rendering/object.dart:5573:50)
#127    _RenderObjectSemantics._didUpdateParentData (package:flutter/src/rendering/object.dart:5774:5)
#128    _RenderObjectSemantics._collectChildMergeUpAndSiblingGroup (package:flutter/src/rendering/object.dart:5697:22)
#129    _RenderObjectSemantics.updateChildren (package:flutter/src/rendering/object.dart:5573:50)
#130    _RenderObjectSemantics._didUpdateParentData (package:flutter/src/rendering/object.dart:5774:5)
#131    _RenderObjectSemantics._collectChildMergeUpAndSiblingGroup (package:flutter/src/rendering/object.dart:5697:22)
#132    _RenderObjectSemantics.updateChildren (package:flutter/src/rendering/object.dart:5573:50)
#133    _RenderObjectSemantics._didUpdateParentData (package:flutter/src/rendering/object.dart:5774:5)
#134    _RenderObjectSemantics._collectChildMergeUpAndSiblingGroup (package:flutter/src/rendering/object.dart:5697:22)
#135    _RenderObjectSemantics.updateChildren (package:flutter/src/rendering/object.dart:5573:50)
#136    _RenderObjectSemantics._didUpdateParentData (package:flutter/src/rendering/object.dart:5774:5)
#137    _RenderObjectSemantics._collectChildMergeUpAndSiblingGroup (package:flutter/src/rendering/object.dart:5697:22)
#138    _RenderObjectSemantics.updateChildren (package:flutter/src/rendering/object.dart:5573:50)
#139    _RenderObjectSemantics._didUpdateParentData (package:flutter/src/rendering/object.dart:5774:5)
#140    _RenderObjectSemantics._collectChildMergeUpAndSiblingGroup (package:flutter/src/rendering/object.dart:5697:22)
#141    _RenderObjectSemantics.updateChildren (package:flutter/src/rendering/object.dart:5573:50)
#142    _RenderObjectSemantics._didUpdateParentData (package:flutter/src/rendering/object.dart:5774:5)
#143    _RenderObjectSemantics._collectChildMergeUpAndSiblingGroup (package:flutter/src/rendering/object.dart:5697:22)
#144    _RenderObjectSemantics.updateChildren (package:flutter/src/rendering/object.dart:5573:50)
#145    _RenderObjectSemantics._didUpdateParentData (package:flutter/src/rendering/object.dart:5774:5)
#146    _RenderObjectSemantics._collectChildMergeUpAndSiblingGroup (package:flutter/src/rendering/object.dart:5697:22)
#147    _RenderObjectSemantics.updateChildren (package:flutter/src/rendering/object.dart:5573:50)
#148    _RenderObjectSemantics._didUpdateParentData (package:flutter/src/rendering/object.dart:5774:5)
#149    _RenderObjectSemantics._collectChildMergeUpAndSiblingGroup (package:flutter/src/rendering/object.dart:5697:22)
#150    _RenderObjectSemantics.updateChildren (package:flutter/src/rendering/object.dart:5573:50)
#151    _RenderObjectSemantics._didUpdateParentData (package:flutter/src/rendering/object.dart:5774:5)
#152    _RenderObjectSemantics._collectChildMergeUpAndSiblingGroup (package:flutter/src/rendering/object.dart:5697:22)
#153    _RenderObjectSemantics.updateChildren (package:flutter/src/rendering/object.dart:5573:50)
#154    _RenderObjectSemantics._didUpdateParentData (package:flutter/src/rendering/object.dart:5774:5)
#155    _RenderObjectSemantics._collectChildMergeUpAndSiblingGroup (package:flutter/src/rendering/object.dart:5697:22)
#156    _RenderObjectSemantics.updateChildren (package:flutter/src/rendering/object.dart:5573:50)
#157    _RenderObjectSemantics._didUpdateParentData (package:flutter/src/rendering/object.dart:5774:5)
#158    _RenderObjectSemantics._collectChildMergeUpAndSiblingGroup (package:flutter/src/rendering/object.dart:5697:22)
#159    _RenderObjectSemantics.updateChildren (package:flutter/src/rendering/object.dart:5573:50)
#160    _RenderObjectSemantics._didUpdateParentData (package:flutter/src/rendering/object.dart:5774:5)
#161    _RenderObjectSemantics._collectChildMergeUpAndSiblingGroup (package:flutter/src/rendering/object.dart:5697:22)
#162    _RenderObjectSemantics.updateChildren (package:flutter/src/rendering/object.dart:5573:50)
#163    _RenderObjectSemantics._didUpdateParentData (package:flutter/src/rendering/object.dart:5774:5)
#164    _RenderObjectSemantics._collectChildMergeUpAndSiblingGroup (package:flutter/src/rendering/object.dart:5697:22)
#165    _RenderObjectSemantics.updateChildren (package:flutter/src/rendering/object.dart:5573:50)
#166    _RenderObjectSemantics._didUpdateParentData (package:flutter/src/rendering/object.dart:5774:5)
#167    _RenderObjectSemantics._collectChildMergeUpAndSiblingGroup (package:flutter/src/rendering/object.dart:5697:22)
#168    _RenderObjectSemantics.updateChildren (package:flutter/src/rendering/object.dart:5573:50)
#169    _RenderObjectSemantics._didUpdateParentData (package:flutter/src/rendering/object.dart:5774:5)
#170    _RenderObjectSemantics._collectChildMergeUpAndSiblingGroup (package:flutter/src/rendering/object.dart:5697:22)
#171    _RenderObjectSemantics.updateChildren (package:flutter/src/rendering/object.dart:5573:50)
#172    _RenderObjectSemantics._didUpdateParentData (package:flutter/src/rendering/object.dart:5774:5)
#173    _RenderObjectSemantics._collectChildMergeUpAndSiblingGroup (package:flutter/src/rendering/object.dart:5697:22)
#174    _RenderObjectSemantics.updateChildren (package:flutter/src/rendering/object.dart:5573:50)
#175    PipelineOwner.flushSemantics (package:flutter/src/rendering/object.dart:1470:25)
#176    PipelineOwner.flushSemantics (package:flutter/src/rendering/object.dart:1514:15)
#177    AutomatedTestWidgetsFlutterBinding.drawFrame (package:flutter_test/src/binding.dart:1519:35)
#178    RendererBinding._handlePersistentFrameCallback (package:flutter/src/rendering/binding.dart:495:5)
#179    SchedulerBinding._invokeFrameCallback (package:flutter/src/scheduler/binding.dart:1434:15)
#180    SchedulerBinding.handleDrawFrame (package:flutter/src/scheduler/binding.dart:1347:9)
#181    AutomatedTestWidgetsFlutterBinding.pump.<anonymous closure> (package:flutter_test/src/binding.dart:1335:9)
#184    TestAsyncUtils.guard (package:flutter_test/src/test_async_utils.dart:74:41)
#185    AutomatedTestWidgetsFlutterBinding.pump (package:flutter_test/src/binding.dart:1324:27)
#186    WidgetTester.pumpAndSettle.<anonymous closure> (package:flutter_test/src/widget_tester.dart:719:23)
<asynchronous suspension>
#187    TestAsyncUtils.guard.<anonymous closure> (package:flutter_test/src/test_async_utils.dart:130:27)
<asynchronous suspension>
#188    main.<anonymous closure> (file:///D:/Mystery/programming/projects/PYTHON_PROJECTS/focus/focus_gg/focus_flutter/test/widget_test.dart:20:5)
<asynchronous suspension>
#189    testWidgets.<anonymous closure>.<anonymous closure> (package:flutter_test/src/widget_tester.dart:192:15)
<asynchronous suspension>
#190    TestWidgetsFlutterBinding._runTestBody (package:flutter_test/src/binding.dart:1059:5)
<asynchronous suspension>
<asynchronous suspension>
(elided 5 frames from class _AssertionError, dart:async, and package:stack_trace)
ΓòÉΓòÉΓòÉΓòÉΓòÉΓòÉΓòÉΓòÉΓòÉΓòÉΓòÉΓòÉΓòÉΓòÉΓòÉΓòÉΓòÉΓòÉΓòÉΓòÉΓòÉΓòÉΓòÉΓòÉΓòÉΓòÉΓòÉΓòÉΓòÉΓòÉΓòÉΓòÉΓòÉΓòÉΓòÉΓòÉΓòÉΓòÉΓòÉΓòÉΓòÉΓòÉΓòÉΓòÉΓòÉΓòÉΓòÉΓòÉΓòÉΓòÉΓòÉΓòÉΓòÉΓòÉΓòÉΓòÉΓòÉΓòÉΓòÉΓòÉΓòÉΓòÉΓòÉΓòÉΓòÉΓòÉΓòÉΓòÉΓòÉΓòÉΓòÉΓòÉΓòÉΓòÉΓòÉΓòÉΓòÉΓòÉΓòÉΓòÉΓòÉΓòÉΓòÉΓòÉΓòÉΓòÉΓòÉΓòÉΓòÉΓòÉΓòÉΓòÉΓòÉΓòÉΓòÉΓòÉΓòÉΓòÉΓòÉΓòÉ
ΓòÉΓòÉΓòí EXCEPTION CAUGHT BY SCHEDULER LIBRARY Γò₧ΓòÉΓòÉΓòÉΓòÉΓòÉΓòÉΓòÉΓòÉΓòÉΓòÉΓòÉΓòÉΓòÉΓòÉΓòÉΓòÉΓòÉΓòÉΓòÉΓòÉΓòÉΓòÉΓòÉΓòÉΓòÉΓòÉΓòÉΓòÉΓòÉΓòÉΓòÉΓòÉΓòÉΓòÉΓòÉΓòÉΓòÉΓòÉΓòÉΓòÉΓòÉΓòÉΓòÉΓòÉΓòÉΓòÉΓòÉΓòÉΓòÉΓòÉΓòÉΓòÉΓòÉΓòÉΓòÉΓòÉΓòÉ
The following assertion was thrown during a scheduler callback:
'package:flutter/src/rendering/object.dart': Failed assertion: line 5466 pos 14:
'!semantics.parentDataDirty': is not true.

When the exception was thrown, this was the stack:
#2      _RenderObjectSemantics.debugCheckForParentData.debugCheckParentDataNotDirty (package:flutter/src/rendering/object.dart:5466:14)
#3      List.forEach (dart:core-patch/growable_array.dart:428:8)
#4      _RenderObjectSemantics.debugCheckForParentData.debugCheckParentDataNotDirty (package:flutter/src/rendering/object.dart:5467:42)
#5      List.forEach (dart:core-patch/growable_array.dart:428:8)
#6      _RenderObjectSemantics.debugCheckForParentData.debugCheckParentDataNotDirty (package:flutter/src/rendering/object.dart:5467:42)
#7      List.forEach (dart:core-patch/growable_array.dart:428:8)
#8      _RenderObjectSemantics.debugCheckForParentData.debugCheckParentDataNotDirty (package:flutter/src/rendering/object.dart:5467:42)
#9      List.forEach (dart:core-patch/growable_array.dart:428:8)
#10     _RenderObjectSemantics.debugCheckForParentData.debugCheckParentDataNotDirty (package:flutter/src/rendering/object.dart:5467:42)
#11     List.forEach (dart:core-patch/growable_array.dart:428:8)
#12     _RenderObjectSemantics.debugCheckForParentData.debugCheckParentDataNotDirty (package:flutter/src/rendering/object.dart:5467:42)
#13     List.forEach (dart:core-patch/growable_array.dart:428:8)
#14     _RenderObjectSemantics.debugCheckForParentData.debugCheckParentDataNotDirty (package:flutter/src/rendering/object.dart:5467:42)
#15     List.forEach (dart:core-patch/growable_array.dart:428:8)
#16     _RenderObjectSemantics.debugCheckForParentData.debugCheckParentDataNotDirty (package:flutter/src/rendering/object.dart:5467:42)
#17     List.forEach (dart:core-patch/growable_array.dart:428:8)
#18     _RenderObjectSemantics.debugCheckForParentData.debugCheckParentDataNotDirty (package:flutter/src/rendering/object.dart:5467:42)
#19     List.forEach (dart:core-patch/growable_array.dart:428:8)
#20     _RenderObjectSemantics.debugCheckForParentData.debugCheckParentDataNotDirty (package:flutter/src/rendering/object.dart:5467:42)
#21     List.forEach (dart:core-patch/growable_array.dart:428:8)
#22     _RenderObjectSemantics.debugCheckForParentData.debugCheckParentDataNotDirty (package:flutter/src/rendering/object.dart:5467:42)
#23     List.forEach (dart:core-patch/growable_array.dart:428:8)
#24     _RenderObjectSemantics.debugCheckForParentData.debugCheckParentDataNotDirty (package:flutter/src/rendering/object.dart:5467:42)
#25     List.forEach (dart:core-patch/growable_array.dart:428:8)
#26     _RenderObjectSemantics.debugCheckForParentData.debugCheckParentDataNotDirty (package:flutter/src/rendering/object.dart:5467:42)
#27     List.forEach (dart:core-patch/growable_array.dart:428:8)
#28     _RenderObjectSemantics.debugCheckForParentData.debugCheckParentDataNotDirty (package:flutter/src/rendering/object.dart:5467:42)
#29     List.forEach (dart:core-patch/growable_array.dart:428:8)
#30     _RenderObjectSemantics.debugCheckForParentData.debugCheckParentDataNotDirty (package:flutter/src/rendering/object.dart:5467:42)
#31     List.forEach (dart:core-patch/growable_array.dart:428:8)
#32     _RenderObjectSemantics.debugCheckForParentData.debugCheckParentDataNotDirty (package:flutter/src/rendering/object.dart:5467:42)
#33     List.forEach (dart:core-patch/growable_array.dart:428:8)
#34     _RenderObjectSemantics.debugCheckForParentData.debugCheckParentDataNotDirty (package:flutter/src/rendering/object.dart:5467:42)
#35     List.forEach (dart:core-patch/growable_array.dart:428:8)
#36     _RenderObjectSemantics.debugCheckForParentData.debugCheckParentDataNotDirty (package:flutter/src/rendering/object.dart:5467:42)
#37     List.forEach (dart:core-patch/growable_array.dart:428:8)
#38     _RenderObjectSemantics.debugCheckForParentData.debugCheckParentDataNotDirty (package:flutter/src/rendering/object.dart:5467:42)
#39     List.forEach (dart:core-patch/growable_array.dart:428:8)
#40     _RenderObjectSemantics.debugCheckForParentData.debugCheckParentDataNotDirty (package:flutter/src/rendering/object.dart:5467:42)
#41     List.forEach (dart:core-patch/growable_array.dart:428:8)
#42     _RenderObjectSemantics.debugCheckForParentData.debugCheckParentDataNotDirty (package:flutter/src/rendering/object.dart:5467:42)
#43     List.forEach (dart:core-patch/growable_array.dart:428:8)
#44     _RenderObjectSemantics.debugCheckForParentData.debugCheckParentDataNotDirty (package:flutter/src/rendering/object.dart:5467:42)
#45     List.forEach (dart:core-patch/growable_array.dart:428:8)
#46     _RenderObjectSemantics.debugCheckForParentData.debugCheckParentDataNotDirty (package:flutter/src/rendering/object.dart:5467:42)
#47     List.forEach (dart:core-patch/growable_array.dart:428:8)
#48     _RenderObjectSemantics.debugCheckForParentData.debugCheckParentDataNotDirty (package:flutter/src/rendering/object.dart:5467:42)
#49     List.forEach (dart:core-patch/growable_array.dart:428:8)
#50     _RenderObjectSemantics.debugCheckForParentData.debugCheckParentDataNotDirty (package:flutter/src/rendering/object.dart:5467:42)
#51     List.forEach (dart:core-patch/growable_array.dart:428:8)
#52     _RenderObjectSemantics.debugCheckForParentData.debugCheckParentDataNotDirty (package:flutter/src/rendering/object.dart:5467:42)
#53     List.forEach (dart:core-patch/growable_array.dart:428:8)
#54     _RenderObjectSemantics.debugCheckForParentData.debugCheckParentDataNotDirty (package:flutter/src/rendering/object.dart:5467:42)
#55     List.forEach (dart:core-patch/growable_array.dart:428:8)
#56     _RenderObjectSemantics.debugCheckForParentData.debugCheckParentDataNotDirty (package:flutter/src/rendering/object.dart:5467:42)
#57     List.forEach (dart:core-patch/growable_array.dart:428:8)
#58     _RenderObjectSemantics.debugCheckForParentData.debugCheckParentDataNotDirty (package:flutter/src/rendering/object.dart:5467:42)
#59     List.forEach (dart:core-patch/growable_array.dart:428:8)
#60     _RenderObjectSemantics.debugCheckForParentData.debugCheckParentDataNotDirty (package:flutter/src/rendering/object.dart:5467:42)
#61     List.forEach (dart:core-patch/growable_array.dart:428:8)
#62     _RenderObjectSemantics.debugCheckForParentData.debugCheckParentDataNotDirty (package:flutter/src/rendering/object.dart:5467:42)
#63     List.forEach (dart:core-patch/growable_array.dart:428:8)
#64     _RenderObjectSemantics.debugCheckForParentData.debugCheckParentDataNotDirty (package:flutter/src/rendering/object.dart:5467:42)
#65     List.forEach (dart:core-patch/growable_array.dart:428:8)
#66     _RenderObjectSemantics.debugCheckForParentData.debugCheckParentDataNotDirty (package:flutter/src/rendering/object.dart:5467:42)
#67     List.forEach (dart:core-patch/growable_array.dart:428:8)
#68     _RenderObjectSemantics.debugCheckForParentData.debugCheckParentDataNotDirty (package:flutter/src/rendering/object.dart:5467:42)
#69     List.forEach (dart:core-patch/growable_array.dart:428:8)
#70     _RenderObjectSemantics.debugCheckForParentData.debugCheckParentDataNotDirty (package:flutter/src/rendering/object.dart:5467:42)
#71     List.forEach (dart:core-patch/growable_array.dart:428:8)
#72     _RenderObjectSemantics.debugCheckForParentData.debugCheckParentDataNotDirty (package:flutter/src/rendering/object.dart:5467:42)
#73     List.forEach (dart:core-patch/growable_array.dart:428:8)
#74     _RenderObjectSemantics.debugCheckForParentData.debugCheckParentDataNotDirty (package:flutter/src/rendering/object.dart:5467:42)
#75     List.forEach (dart:core-patch/growable_array.dart:428:8)
#76     _RenderObjectSemantics.debugCheckForParentData.debugCheckParentDataNotDirty (package:flutter/src/rendering/object.dart:5467:42)
#77     List.forEach (dart:core-patch/growable_array.dart:428:8)
#78     _RenderObjectSemantics.debugCheckForParentData.debugCheckParentDataNotDirty (package:flutter/src/rendering/object.dart:5467:42)
#79     List.forEach (dart:core-patch/growable_array.dart:428:8)
#80     _RenderObjectSemantics.debugCheckForParentData.debugCheckParentDataNotDirty (package:flutter/src/rendering/object.dart:5467:42)
#81     List.forEach (dart:core-patch/growable_array.dart:428:8)
#82     _RenderObjectSemantics.debugCheckForParentData.debugCheckParentDataNotDirty (package:flutter/src/rendering/object.dart:5467:42)
#83     List.forEach (dart:core-patch/growable_array.dart:428:8)
#84     _RenderObjectSemantics.debugCheckForParentData.debugCheckParentDataNotDirty (package:flutter/src/rendering/object.dart:5467:42)
#85     List.forEach (dart:core-patch/growable_array.dart:428:8)
#86     _RenderObjectSemantics.debugCheckForParentData.debugCheckParentDataNotDirty (package:flutter/src/rendering/object.dart:5467:42)
#87     List.forEach (dart:core-patch/growable_array.dart:428:8)
#88     _RenderObjectSemantics.debugCheckForParentData.debugCheckParentDataNotDirty (package:flutter/src/rendering/object.dart:5467:42)
#89     List.forEach (dart:core-patch/growable_array.dart:428:8)
#90     _RenderObjectSemantics.debugCheckForParentData.debugCheckParentDataNotDirty (package:flutter/src/rendering/object.dart:5467:42)
#91     List.forEach (dart:core-patch/growable_array.dart:428:8)
#92     _RenderObjectSemantics.debugCheckForParentData.debugCheckParentDataNotDirty (package:flutter/src/rendering/object.dart:5467:42)
#93     List.forEach (dart:core-patch/growable_array.dart:428:8)
#94     _RenderObjectSemantics.debugCheckForParentData.debugCheckParentDataNotDirty (package:flutter/src/rendering/object.dart:5467:42)
#95     List.forEach (dart:core-patch/growable_array.dart:428:8)
#96     _RenderObjectSemantics.debugCheckForParentData.debugCheckParentDataNotDirty (package:flutter/src/rendering/object.dart:5467:42)
#97     List.forEach (dart:core-patch/growable_array.dart:428:8)
#98     _RenderObjectSemantics.debugCheckForParentData.debugCheckParentDataNotDirty (package:flutter/src/rendering/object.dart:5467:42)
#99     List.forEach (dart:core-patch/growable_array.dart:428:8)
#100    _RenderObjectSemantics.debugCheckForParentData.debugCheckParentDataNotDirty (package:flutter/src/rendering/object.dart:5467:42)
#101    List.forEach (dart:core-patch/growable_array.dart:428:8)
#102    _RenderObjectSemantics.debugCheckForParentData.debugCheckParentDataNotDirty (package:flutter/src/rendering/object.dart:5467:42)
#103    List.forEach (dart:core-patch/growable_array.dart:428:8)
#104    _RenderObjectSemantics.debugCheckForParentData.debugCheckParentDataNotDirty (package:flutter/src/rendering/object.dart:5467:42)
#105    List.forEach (dart:core-patch/growable_array.dart:428:8)
#106    _RenderObjectSemantics.debugCheckForParentData.debugCheckParentDataNotDirty (package:flutter/src/rendering/object.dart:5467:42)
#107    List.forEach (dart:core-patch/growable_array.dart:428:8)
#108    _RenderObjectSemantics.debugCheckForParentData.debugCheckParentDataNotDirty (package:flutter/src/rendering/object.dart:5467:42)
#109    List.forEach (dart:core-patch/growable_array.dart:428:8)
#110    _RenderObjectSemantics.debugCheckForParentData.debugCheckParentDataNotDirty (package:flutter/src/rendering/object.dart:5467:42)
#111    List.forEach (dart:core-patch/growable_array.dart:428:8)
#112    _RenderObjectSemantics.debugCheckForParentData.debugCheckParentDataNotDirty (package:flutter/src/rendering/object.dart:5467:42)
#113    List.forEach (dart:core-patch/growable_array.dart:428:8)
#114    _RenderObjectSemantics.debugCheckForParentData.debugCheckParentDataNotDirty (package:flutter/src/rendering/object.dart:5467:42)
#115    List.forEach (dart:core-patch/growable_array.dart:428:8)
#116    _RenderObjectSemantics.debugCheckForParentData.debugCheckParentDataNotDirty (package:flutter/src/rendering/object.dart:5467:42)
#117    List.forEach (dart:core-patch/growable_array.dart:428:8)
#118    _RenderObjectSemantics.debugCheckForParentData.debugCheckParentDataNotDirty (package:flutter/src/rendering/object.dart:5467:42)
#119    List.forEach (dart:core-patch/growable_array.dart:428:8)
#120    _RenderObjectSemantics.debugCheckForParentData.debugCheckParentDataNotDirty (package:flutter/src/rendering/object.dart:5467:42)
#121    List.forEach (dart:core-patch/growable_array.dart:428:8)
#122    _RenderObjectSemantics.debugCheckForParentData.debugCheckParentDataNotDirty (package:flutter/src/rendering/object.dart:5467:42)
#123    List.forEach (dart:core-patch/growable_array.dart:428:8)
#124    _RenderObjectSemantics.debugCheckForParentData.debugCheckParentDataNotDirty (package:flutter/src/rendering/object.dart:5467:42)
#125    _RenderObjectSemantics.debugCheckForParentData (package:flutter/src/rendering/object.dart:5470:5)
#126    PipelineOwner.flushSemantics.<anonymous closure> (package:flutter/src/rendering/object.dart:1479:34)
#127    PipelineOwner.flushSemantics (package:flutter/src/rendering/object.dart:1482:8)
#128    PipelineOwner.flushSemantics (package:flutter/src/rendering/object.dart:1514:15)
#129    AutomatedTestWidgetsFlutterBinding.drawFrame (package:flutter_test/src/binding.dart:1519:35)
#130    RendererBinding._handlePersistentFrameCallback (package:flutter/src/rendering/binding.dart:495:5)
#131    SchedulerBinding._invokeFrameCallback (package:flutter/src/scheduler/binding.dart:1434:15)
#132    SchedulerBinding.handleDrawFrame (package:flutter/src/scheduler/binding.dart:1347:9)
#133    AutomatedTestWidgetsFlutterBinding.pump.<anonymous closure> (package:flutter_test/src/binding.dart:1335:9)
#136    TestAsyncUtils.guard (package:flutter_test/src/test_async_utils.dart:74:41)
#137    AutomatedTestWidgetsFlutterBinding.pump (package:flutter_test/src/binding.dart:1324:27)
#138    WidgetTester.pumpAndSettle.<anonymous closure> (package:flutter_test/src/widget_tester.dart:719:23)
<asynchronous suspension>
#139    TestAsyncUtils.guard.<anonymous closure> (package:flutter_test/src/test_async_utils.dart:130:27)
<asynchronous suspension>
#140    main.<anonymous closure> (file:///D:/Mystery/programming/projects/PYTHON_PROJECTS/focus/focus_gg/focus_flutter/test/widget_test.dart:20:5)
<asynchronous suspension>
#141    testWidgets.<anonymous closure>.<anonymous closure> (package:flutter_test/src/widget_tester.dart:192:15)
<asynchronous suspension>
#142    TestWidgetsFlutterBinding._runTestBody (package:flutter_test/src/binding.dart:1059:5)
<asynchronous suspension>
<asynchronous suspension>
(elided 5 frames from class _AssertionError, dart:async, and package:stack_trace)
ΓòÉΓòÉΓòÉΓòÉΓòÉΓòÉΓòÉΓòÉΓòÉΓòÉΓòÉΓòÉΓòÉΓòÉΓòÉΓòÉΓòÉΓòÉΓòÉΓòÉΓòÉΓòÉΓòÉΓòÉΓòÉΓòÉΓòÉΓòÉΓòÉΓòÉΓòÉΓòÉΓòÉΓòÉΓòÉΓòÉΓòÉΓòÉΓòÉΓòÉΓòÉΓòÉΓòÉΓòÉΓòÉΓòÉΓòÉΓòÉΓòÉΓòÉΓòÉΓòÉΓòÉΓòÉΓòÉΓòÉΓòÉΓòÉΓòÉΓòÉΓòÉΓòÉΓòÉΓòÉΓòÉΓòÉΓòÉΓòÉΓòÉΓòÉΓòÉΓòÉΓòÉΓòÉΓòÉΓòÉΓòÉΓòÉΓòÉΓòÉΓòÉΓòÉΓòÉΓòÉΓòÉΓòÉΓòÉΓòÉΓòÉΓòÉΓòÉΓòÉΓòÉΓòÉΓòÉΓòÉΓòÉΓòÉΓòÉΓòÉ
ΓòÉΓòÉΓòí EXCEPTION CAUGHT BY SCHEDULER LIBRARY Γò₧ΓòÉΓòÉΓòÉΓòÉΓòÉΓòÉΓòÉΓòÉΓòÉΓòÉΓòÉΓòÉΓòÉΓòÉΓòÉΓòÉΓòÉΓòÉΓòÉΓòÉΓòÉΓòÉΓòÉΓòÉΓòÉΓòÉΓòÉΓòÉΓòÉΓòÉΓòÉΓòÉΓòÉΓòÉΓòÉΓòÉΓòÉΓòÉΓòÉΓòÉΓòÉΓòÉΓòÉΓòÉΓòÉΓòÉΓòÉΓòÉΓòÉΓòÉΓòÉΓòÉΓòÉΓòÉΓòÉΓòÉΓòÉ
The following assertion was thrown during a scheduler callback:
'package:flutter/src/rendering/object.dart': Failed assertion: line 5466 pos 14:
'!semantics.parentDataDirty': is not true.

When the exception was thrown, this was the stack:
#2      _RenderObjectSemantics.debugCheckForParentData.debugCheckParentDataNotDirty (package:flutter/src/rendering/object.dart:5466:14)
#3      List.forEach (dart:core-patch/growable_array.dart:428:8)
#4      _RenderObjectSemantics.debugCheckForParentData.debugCheckParentDataNotDirty (package:flutter/src/rendering/object.dart:5467:42)
#5      List.forEach (dart:core-patch/growable_array.dart:428:8)
#6      _RenderObjectSemantics.debugCheckForParentData.debugCheckParentDataNotDirty (package:flutter/src/rendering/object.dart:5467:42)
#7      List.forEach (dart:core-patch/growable_array.dart:428:8)
#8      _RenderObjectSemantics.debugCheckForParentData.debugCheckParentDataNotDirty (package:flutter/src/rendering/object.dart:5467:42)
#9      List.forEach (dart:core-patch/growable_array.dart:428:8)
#10     _RenderObjectSemantics.debugCheckForParentData.debugCheckParentDataNotDirty (package:flutter/src/rendering/object.dart:5467:42)
#11     List.forEach (dart:core-patch/growable_array.dart:428:8)
#12     _RenderObjectSemantics.debugCheckForParentData.debugCheckParentDataNotDirty (package:flutter/src/rendering/object.dart:5467:42)
#13     List.forEach (dart:core-patch/growable_array.dart:428:8)
#14     _RenderObjectSemantics.debugCheckForParentData.debugCheckParentDataNotDirty (package:flutter/src/rendering/object.dart:5467:42)
#15     List.forEach (dart:core-patch/growable_array.dart:428:8)
#16     _RenderObjectSemantics.debugCheckForParentData.debugCheckParentDataNotDirty (package:flutter/src/rendering/object.dart:5467:42)
#17     List.forEach (dart:core-patch/growable_array.dart:428:8)
#18     _RenderObjectSemantics.debugCheckForParentData.debugCheckParentDataNotDirty (package:flutter/src/rendering/object.dart:5467:42)
#19     List.forEach (dart:core-patch/growable_array.dart:428:8)
#20     _RenderObjectSemantics.debugCheckForParentData.debugCheckParentDataNotDirty (package:flutter/src/rendering/object.dart:5467:42)
#21     List.forEach (dart:core-patch/growable_array.dart:428:8)
#22     _RenderObjectSemantics.debugCheckForParentData.debugCheckParentDataNotDirty (package:flutter/src/rendering/object.dart:5467:42)
#23     List.forEach (dart:core-patch/growable_array.dart:428:8)
#24     _RenderObjectSemantics.debugCheckForParentData.debugCheckParentDataNotDirty (package:flutter/src/rendering/object.dart:5467:42)
#25     List.forEach (dart:core-patch/growable_array.dart:428:8)
#26     _RenderObjectSemantics.debugCheckForParentData.debugCheckParentDataNotDirty (package:flutter/src/rendering/object.dart:5467:42)
#27     List.forEach (dart:core-patch/growable_array.dart:428:8)
#28     _RenderObjectSemantics.debugCheckForParentData.debugCheckParentDataNotDirty (package:flutter/src/rendering/object.dart:5467:42)
#29     List.forEach (dart:core-patch/growable_array.dart:428:8)
#30     _RenderObjectSemantics.debugCheckForParentData.debugCheckParentDataNotDirty (package:flutter/src/rendering/object.dart:5467:42)
#31     List.forEach (dart:core-patch/growable_array.dart:428:8)
#32     _RenderObjectSemantics.debugCheckForParentData.debugCheckParentDataNotDirty (package:flutter/src/rendering/object.dart:5467:42)
#33     List.forEach (dart:core-patch/growable_array.dart:428:8)
#34     _RenderObjectSemantics.debugCheckForParentData.debugCheckParentDataNotDirty (package:flutter/src/rendering/object.dart:5467:42)
#35     List.forEach (dart:core-patch/growable_array.dart:428:8)
#36     _RenderObjectSemantics.debugCheckForParentData.debugCheckParentDataNotDirty (package:flutter/src/rendering/object.dart:5467:42)
#37     List.forEach (dart:core-patch/growable_array.dart:428:8)
#38     _RenderObjectSemantics.debugCheckForParentData.debugCheckParentDataNotDirty (package:flutter/src/rendering/object.dart:5467:42)
#39     List.forEach (dart:core-patch/growable_array.dart:428:8)
#40     _RenderObjectSemantics.debugCheckForParentData.debugCheckParentDataNotDirty (package:flutter/src/rendering/object.dart:5467:42)
#41     List.forEach (dart:core-patch/growable_array.dart:428:8)
#42     _RenderObjectSemantics.debugCheckForParentData.debugCheckParentDataNotDirty (package:flutter/src/rendering/object.dart:5467:42)
#43     List.forEach (dart:core-patch/growable_array.dart:428:8)
#44     _RenderObjectSemantics.debugCheckForParentData.debugCheckParentDataNotDirty (package:flutter/src/rendering/object.dart:5467:42)
#45     List.forEach (dart:core-patch/growable_array.dart:428:8)
#46     _RenderObjectSemantics.debugCheckForParentData.debugCheckParentDataNotDirty (package:flutter/src/rendering/object.dart:5467:42)
#47     List.forEach (dart:core-patch/growable_array.dart:428:8)
#48     _RenderObjectSemantics.debugCheckForParentData.debugCheckParentDataNotDirty (package:flutter/src/rendering/object.dart:5467:42)
#49     List.forEach (dart:core-patch/growable_array.dart:428:8)
#50     _RenderObjectSemantics.debugCheckForParentData.debugCheckParentDataNotDirty (package:flutter/src/rendering/object.dart:5467:42)
#51     List.forEach (dart:core-patch/growable_array.dart:428:8)
#52     _RenderObjectSemantics.debugCheckForParentData.debugCheckParentDataNotDirty (package:flutter/src/rendering/object.dart:5467:42)
#53     List.forEach (dart:core-patch/growable_array.dart:428:8)
#54     _RenderObjectSemantics.debugCheckForParentData.debugCheckParentDataNotDirty (package:flutter/src/rendering/object.dart:5467:42)
#55     List.forEach (dart:core-patch/growable_array.dart:428:8)
#56     _RenderObjectSemantics.debugCheckForParentData.debugCheckParentDataNotDirty (package:flutter/src/rendering/object.dart:5467:42)
#57     List.forEach (dart:core-patch/growable_array.dart:428:8)
#58     _RenderObjectSemantics.debugCheckForParentData.debugCheckParentDataNotDirty (package:flutter/src/rendering/object.dart:5467:42)
#59     List.forEach (dart:core-patch/growable_array.dart:428:8)
#60     _RenderObjectSemantics.debugCheckForParentData.debugCheckParentDataNotDirty (package:flutter/src/rendering/object.dart:5467:42)
#61     List.forEach (dart:core-patch/growable_array.dart:428:8)
#62     _RenderObjectSemantics.debugCheckForParentData.debugCheckParentDataNotDirty (package:flutter/src/rendering/object.dart:5467:42)
#63     List.forEach (dart:core-patch/growable_array.dart:428:8)
#64     _RenderObjectSemantics.debugCheckForParentData.debugCheckParentDataNotDirty (package:flutter/src/rendering/object.dart:5467:42)
#65     List.forEach (dart:core-patch/growable_array.dart:428:8)
#66     _RenderObjectSemantics.debugCheckForParentData.debugCheckParentDataNotDirty (package:flutter/src/rendering/object.dart:5467:42)
#67     List.forEach (dart:core-patch/growable_array.dart:428:8)
#68     _RenderObjectSemantics.debugCheckForParentData.debugCheckParentDataNotDirty (package:flutter/src/rendering/object.dart:5467:42)
#69     List.forEach (dart:core-patch/growable_array.dart:428:8)
#70     _RenderObjectSemantics.debugCheckForParentData.debugCheckParentDataNotDirty (package:flutter/src/rendering/object.dart:5467:42)
#71     List.forEach (dart:core-patch/growable_array.dart:428:8)
#72     _RenderObjectSemantics.debugCheckForParentData.debugCheckParentDataNotDirty (package:flutter/src/rendering/object.dart:5467:42)
#73     List.forEach (dart:core-patch/growable_array.dart:428:8)
#74     _RenderObjectSemantics.debugCheckForParentData.debugCheckParentDataNotDirty (package:flutter/src/rendering/object.dart:5467:42)
#75     List.forEach (dart:core-patch/growable_array.dart:428:8)
#76     _RenderObjectSemantics.debugCheckForParentData.debugCheckParentDataNotDirty (package:flutter/src/rendering/object.dart:5467:42)
#77     List.forEach (dart:core-patch/growable_array.dart:428:8)
#78     _RenderObjectSemantics.debugCheckForParentData.debugCheckParentDataNotDirty (package:flutter/src/rendering/object.dart:5467:42)
#79     List.forEach (dart:core-patch/growable_array.dart:428:8)
#80     _RenderObjectSemantics.debugCheckForParentData.debugCheckParentDataNotDirty (package:flutter/src/rendering/object.dart:5467:42)
#81     List.forEach (dart:core-patch/growable_array.dart:428:8)
#82     _RenderObjectSemantics.debugCheckForParentData.debugCheckParentDataNotDirty (package:flutter/src/rendering/object.dart:5467:42)
#83     List.forEach (dart:core-patch/growable_array.dart:428:8)
#84     _RenderObjectSemantics.debugCheckForParentData.debugCheckParentDataNotDirty (package:flutter/src/rendering/object.dart:5467:42)
#85     List.forEach (dart:core-patch/growable_array.dart:428:8)
#86     _RenderObjectSemantics.debugCheckForParentData.debugCheckParentDataNotDirty (package:flutter/src/rendering/object.dart:5467:42)
#87     List.forEach (dart:core-patch/growable_array.dart:428:8)
#88     _RenderObjectSemantics.debugCheckForParentData.debugCheckParentDataNotDirty (package:flutter/src/rendering/object.dart:5467:42)
#89     List.forEach (dart:core-patch/growable_array.dart:428:8)
#90     _RenderObjectSemantics.debugCheckForParentData.debugCheckParentDataNotDirty (package:flutter/src/rendering/object.dart:5467:42)
#91     List.forEach (dart:core-patch/growable_array.dart:428:8)
#92     _RenderObjectSemantics.debugCheckForParentData.debugCheckParentDataNotDirty (package:flutter/src/rendering/object.dart:5467:42)
#93     List.forEach (dart:core-patch/growable_array.dart:428:8)
#94     _RenderObjectSemantics.debugCheckForParentData.debugCheckParentDataNotDirty (package:flutter/src/rendering/object.dart:5467:42)
#95     List.forEach (dart:core-patch/growable_array.dart:428:8)
#96     _RenderObjectSemantics.debugCheckForParentData.debugCheckParentDataNotDirty (package:flutter/src/rendering/object.dart:5467:42)
#97     List.forEach (dart:core-patch/growable_array.dart:428:8)
#98     _RenderObjectSemantics.debugCheckForParentData.debugCheckParentDataNotDirty (package:flutter/src/rendering/object.dart:5467:42)
#99     List.forEach (dart:core-patch/growable_array.dart:428:8)
#100    _RenderObjectSemantics.debugCheckForParentData.debugCheckParentDataNotDirty (package:flutter/src/rendering/object.dart:5467:42)
#101    List.forEach (dart:core-patch/growable_array.dart:428:8)
#102    _RenderObjectSemantics.debugCheckForParentData.debugCheckParentDataNotDirty (package:flutter/src/rendering/object.dart:5467:42)
#103    List.forEach (dart:core-patch/growable_array.dart:428:8)
#104    _RenderObjectSemantics.debugCheckForParentData.debugCheckParentDataNotDirty (package:flutter/src/rendering/object.dart:5467:42)
#105    List.forEach (dart:core-patch/growable_array.dart:428:8)
#106    _RenderObjectSemantics.debugCheckForParentData.debugCheckParentDataNotDirty (package:flutter/src/rendering/object.dart:5467:42)
#107    List.forEach (dart:core-patch/growable_array.dart:428:8)
#108    _RenderObjectSemantics.debugCheckForParentData.debugCheckParentDataNotDirty (package:flutter/src/rendering/object.dart:5467:42)
#109    List.forEach (dart:core-patch/growable_array.dart:428:8)
#110    _RenderObjectSemantics.debugCheckForParentData.debugCheckParentDataNotDirty (package:flutter/src/rendering/object.dart:5467:42)
#111    List.forEach (dart:core-patch/growable_array.dart:428:8)
#112    _RenderObjectSemantics.debugCheckForParentData.debugCheckParentDataNotDirty (package:flutter/src/rendering/object.dart:5467:42)
#113    List.forEach (dart:core-patch/growable_array.dart:428:8)
#114    _RenderObjectSemantics.debugCheckForParentData.debugCheckParentDataNotDirty (package:flutter/src/rendering/object.dart:5467:42)
#115    List.forEach (dart:core-patch/growable_array.dart:428:8)
#116    _RenderObjectSemantics.debugCheckForParentData.debugCheckParentDataNotDirty (package:flutter/src/rendering/object.dart:5467:42)
#117    List.forEach (dart:core-patch/growable_array.dart:428:8)
#118    _RenderObjectSemantics.debugCheckForParentData.debugCheckParentDataNotDirty (package:flutter/src/rendering/object.dart:5467:42)
#119    List.forEach (dart:core-patch/growable_array.dart:428:8)
#120    _RenderObjectSemantics.debugCheckForParentData.debugCheckParentDataNotDirty (package:flutter/src/rendering/object.dart:5467:42)
#121    List.forEach (dart:core-patch/growable_array.dart:428:8)
#122    _RenderObjectSemantics.debugCheckForParentData.debugCheckParentDataNotDirty (package:flutter/src/rendering/object.dart:5467:42)
#123    List.forEach (dart:core-patch/growable_array.dart:428:8)
#124    _RenderObjectSemantics.debugCheckForParentData.debugCheckParentDataNotDirty (package:flutter/src/rendering/object.dart:5467:42)
#125    _RenderObjectSemantics.debugCheckForParentData (package:flutter/src/rendering/object.dart:5470:5)
#126    PipelineOwner.flushSemantics.<anonymous closure> (package:flutter/src/rendering/object.dart:1479:34)
#127    PipelineOwner.flushSemantics (package:flutter/src/rendering/object.dart:1482:8)
#128    PipelineOwner.flushSemantics (package:flutter/src/rendering/object.dart:1514:15)
#129    AutomatedTestWidgetsFlutterBinding.drawFrame (package:flutter_test/src/binding.dart:1519:35)
#130    RendererBinding._handlePersistentFrameCallback (package:flutter/src/rendering/binding.dart:495:5)
#131    SchedulerBinding._invokeFrameCallback (package:flutter/src/scheduler/binding.dart:1434:15)
#132    SchedulerBinding.handleDrawFrame (package:flutter/src/scheduler/binding.dart:1347:9)
#133    AutomatedTestWidgetsFlutterBinding.pump.<anonymous closure> (package:flutter_test/src/binding.dart:1335:9)
#136    TestAsyncUtils.guard (package:flutter_test/src/test_async_utils.dart:74:41)
#137    AutomatedTestWidgetsFlutterBinding.pump (package:flutter_test/src/binding.dart:1324:27)
#138    WidgetTester.pumpAndSettle.<anonymous closure> (package:flutter_test/src/widget_tester.dart:719:23)
<asynchronous suspension>
#139    TestAsyncUtils.guard.<anonymous closure> (package:flutter_test/src/test_async_utils.dart:130:27)
<asynchronous suspension>
#140    main.<anonymous closure> (file:///D:/Mystery/programming/projects/PYTHON_PROJECTS/focus/focus_gg/focus_flutter/test/widget_test.dart:20:5)
<asynchronous suspension>
#141    testWidgets.<anonymous closure>.<anonymous closure> (package:flutter_test/src/widget_tester.dart:192:15)
<asynchronous suspension>
#142    TestWidgetsFlutterBinding._runTestBody (package:flutter_test/src/binding.dart:1059:5)
<asynchronous suspension>
<asynchronous suspension>
(elided 5 frames from class _AssertionError, dart:async, and package:stack_trace)
ΓòÉΓòÉΓòÉΓòÉΓòÉΓòÉΓòÉΓòÉΓòÉΓòÉΓòÉΓòÉΓòÉΓòÉΓòÉΓòÉΓòÉΓòÉΓòÉΓòÉΓòÉΓòÉΓòÉΓòÉΓòÉΓòÉΓòÉΓòÉΓòÉΓòÉΓòÉΓòÉΓòÉΓòÉΓòÉΓòÉΓòÉΓòÉΓòÉΓòÉΓòÉΓòÉΓòÉΓòÉΓòÉΓòÉΓòÉΓòÉΓòÉΓòÉΓòÉΓòÉΓòÉΓòÉΓòÉΓòÉΓòÉΓòÉΓòÉΓòÉΓòÉΓòÉΓòÉΓòÉΓòÉΓòÉΓòÉΓòÉΓòÉΓòÉΓòÉΓòÉΓòÉΓòÉΓòÉΓòÉΓòÉΓòÉΓòÉΓòÉΓòÉΓòÉΓòÉΓòÉΓòÉΓòÉΓòÉΓòÉΓòÉΓòÉΓòÉΓòÉΓòÉΓòÉΓòÉΓòÉΓòÉΓòÉΓòÉΓòÉ
ΓòÉΓòÉΓòí EXCEPTION CAUGHT BY FLUTTER TEST FRAMEWORK Γò₧ΓòÉΓòÉΓòÉΓòÉΓòÉΓòÉΓòÉΓòÉΓòÉΓòÉΓòÉΓòÉΓòÉΓòÉΓòÉΓòÉΓòÉΓòÉΓòÉΓòÉΓòÉΓòÉΓòÉΓòÉΓòÉΓòÉΓòÉΓòÉΓòÉΓòÉΓòÉΓòÉΓòÉΓòÉΓòÉΓòÉΓòÉΓòÉΓòÉΓòÉΓòÉΓòÉΓòÉΓòÉΓòÉΓòÉΓòÉΓòÉΓòÉΓòÉΓòÉΓòÉ
The following message was thrown:
Multiple exceptions (224) were detected during the running of the current test, and at least one was
unexpected.
ΓòÉΓòÉΓòÉΓòÉΓòÉΓòÉΓòÉΓòÉΓòÉΓòÉΓòÉΓòÉΓòÉΓòÉΓòÉΓòÉΓòÉΓòÉΓòÉΓòÉΓòÉΓòÉΓòÉΓòÉΓòÉΓòÉΓòÉΓòÉΓòÉΓòÉΓòÉΓòÉΓòÉΓòÉΓòÉΓòÉΓòÉΓòÉΓòÉΓòÉΓòÉΓòÉΓòÉΓòÉΓòÉΓòÉΓòÉΓòÉΓòÉΓòÉΓòÉΓòÉΓòÉΓòÉΓòÉΓòÉΓòÉΓòÉΓòÉΓòÉΓòÉΓòÉΓòÉΓòÉΓòÉΓòÉΓòÉΓòÉΓòÉΓòÉΓòÉΓòÉΓòÉΓòÉΓòÉΓòÉΓòÉΓòÉΓòÉΓòÉΓòÉΓòÉΓòÉΓòÉΓòÉΓòÉΓòÉΓòÉΓòÉΓòÉΓòÉΓòÉΓòÉΓòÉΓòÉΓòÉΓòÉΓòÉΓòÉΓòÉ
00:02 +0 -1: App builds (smoke test) [E]
  Test failed. See exception logs above.
  The test description was: App builds (smoke test)
  
00:02 +0 -1: Some tests failed.
